==PROF== Connected to process 39820 (/home/ubuntu/work/target/release/onpair-chunk-bench)
2026-08-13T01:36:17.396567Z  INFO vortex_cuda: vortex-cuda/src/lib.rs:111: Registering CUDA kernels
==WARNING== Unable to access the following 6 metrics: ctc__rx_bytes_data_user.sum, ctc__rx_bytes_data_user.sum.pct_of_peak_sustained_elapsed, ctc__rx_bytes_data_user.sum.per_second, ctc__tx_bytes_data_user.sum, ctc__tx_bytes_data_user.sum.pct_of_peak_sustained_elapsed, ctc__tx_bytes_data_user.sum.per_second.


==PROF== Profiling "onpair_shmem_4tpt_split4read": 0%....50%....100% - 38 passes
==PROF== Profiling "onpair_shmem_4tpt_split4read": 0%....50%....100% - 38 passes
==PROF== Profiling "onpair_shmem_4tpt_split4read": 0%....50%....100% - 38 passes
==PROF== Profiling "onpair_shmem_4tpt_split4read": 0%....50%....100% - 38 passes
==PROF== Profiling "onpair_shmem_4tpt_split4read": 0%....50%....100% - 38 passes
==PROF== Profiling "onpair_shmem_4tpt_split4read": 0%....50%....100% - 38 passes
==PROF== Profiling "onpair_shmem_4tpt_split4read": 0%....50%....100% - 38 passes
==PROF== Profiling "onpair_shmem_4tpt_split4read": 0%....50%....100% - 38 passes
==PROF== Profiling "onpair_shmem_4tpt_split4read": 0%....50%....100% - 38 passes
==PROF== Profiling "onpair_shmem_4tpt_split4read": 0%....50%....100% - 38 passes
==PROF== Profiling "onpair_shmem_4tpt_split4read": 0%....50%....100% - 38 passes
==PROF== Profiling "onpair_shmem_4tpt_split4read": 0%....50%....100% - 38 passes
==PROF== Profiling "onpair_shmem_4tpt_split4read": 0%....50%....100% - 38 passes
==PROF== Profiling "onpair_shmem_4tpt_split4read": 0%....50%....100% - 38 passes
==PROF== Profiling "onpair_shmem_4tpt_split4read": 0%....50%....100% - 38 passes
==PROF== Profiling "onpair_shmem_4tpt_split4read": 0%....50%....100% - 38 passes
{
  "files": [
    "/home/ubuntu/work/vortex-bench/data/onpair-bench/clickbench/URL/bits12_chunk1000mb_thr0.20/part_0000.vortex"
  ],
  "column": "URL",
  "rows": 12254692,
  "in_memory_bytes": 345156556,
  "dict_bytes": 21467,
  "gpu": {
    "iterations": 30,
    "decoded_bytes": 999999995,
    "chunks": 1,
    "auto_kernel": "onpair_shmem_4tpt",
    "frac_le8": 0.8099382,
    "dict_mean_len": 4.701996,
    "dict_max_len": 16,
    "dict_entries_max": 4096,
    "small_dict": true,
    "distinct_codes": 4017,
    "access_top4096_frac": 1.0,
    "compressed_bytes": 425376877,
    "h2d_gib_s": 8.838122868255812,
    "whole_decompress_gib_s": 20.139987914884912,
    "best_kernel": "onpair_shmem_4tpt_split8read_b128o12",
    "auto_decode_ms": 1.418112,
    "best_decode_ms": 1.210176,
    "validated": false,
    "auto_decode_gib_s": 656.7341436775555,
    "best_decode_gib_s": 769.5761359991156,
    "kernels": [
      {
        "kernel": "onpair_shmem",
        "decode_ms": 1.941472,
        "decode_gib_s": 479.699202439626,
        "decode_ns_iters": [
          1944960,
          1944160,
          1945216,
          1943488,
          1942976,
          1942016,
          1949504,
          1945568,
          1943072,
          1944384,
          1943808,
          1943680,
          1943616,
          1941856,
          1944864,
          1943968,
          1941728,
          1941472,
          1943936,
          1943168,
          1943520,
          1943744,
          1944064,
          1943904,
          1944192,
          1941760,
          1942624,
          1943776,
          1943360,
          1942400
        ],
        "applicable": true
      },
      {
        "kernel": "onpair_shmem_2tpt",
        "decode_ms": 1.428256,
        "decode_gib_s": 652.0697759777419,
        "decode_ns_iters": [
          1433600,
          1433152,
          1433760,
          1438816,
          1431296,
          1429728,
          1432160,
          1433632,
          1430336,
          1433024,
          1428544,
          1430240,
          1431072,
          1429504,
          1430816,
          1428256,
          1431264,
          1429984,
          1432192,
          1431776,
          1432704,
          1432896,
          1440608,
          1432320,
          1431136,
          1431808,
          1434624,
          1431744,
          1433312,
          1431296
        ],
        "applicable": true
      },
      {
        "kernel": "onpair_shmem_4tpt",
        "decode_ms": 1.418112,
        "decode_gib_s": 656.7341436775555,
        "decode_ns_iters": [
          1422848,
          1421376,
          1422592,
          1420480,
          1423264,
          1422848,
          1420384,
          1420704,
          1432160,
          1421024,
          1422688,
          1422464,
          1422144,
          1421472,
          1419904,
          1418112,
          1419136,
          1419808,
          1428128,
          1420288,
          1419648,
          1422944,
          1421120,
          1423104,
          1422464,
          1420192,
          1421248,
          1421856,
          1422048,
          1420192
        ],
        "applicable": true
      },
      {
        "kernel": "onpair_shmem_4tpt_wpb8",
        "decode_ms": 1.38368,
        "decode_gib_s": 673.0765566885882,
        "decode_ns_iters": [
          1385856,
          1387168,
          1388512,
          1385600,
          1387904,
          1388096,
          1389056,
          1392736,
          1386272,
          1394752,
          1387744,
          1392960,
          1387072,
          1386016,
          1386272,
          1385312,
          1387872,
          1385728,
          1388480,
          1387680,
          1386496,
          1393888,
          1387136,
          1386272,
          1389728,
          1384512,
          1385088,
          1383680,
          1386592,
          1384736
        ],
        "applicable": true
      },
      {
        "kernel": "onpair_shmem_4tpt_wpb8_occ",
        "decode_ms": 1.32048,
        "decode_gib_s": 705.2909320541512,
        "decode_ns_iters": [
          1324512,
          1323488,
          1324256,
          1325216,
          1325152,
          1322016,
          1332480,
          1321760,
          1333856,
          1324160,
          1325120,
          1325760,
          1324960,
          1324608,
          1321888,
          1325728,
          1326016,
          1324576,
          1323968,
          1323136,
          1327776,
          1321344,
          1323264,
          1324480,
          1323200,
          1328832,
          1323968,
          1323488,
          1320480,
          1325248
        ],
        "applicable": true
      },
      {
        "kernel": "onpair_shmem_4tpt_b128",
        "decode_ms": 1.302016,
        "decode_gib_s": 715.2927229456977,
        "decode_ns_iters": [
          1304064,
          1305248,
          1303936,
          1304032,
          1311328,
          1304032,
          1305056,
          1303904,
          1305920,
          1303744,
          1304512,
          1302016,
          1304800,
          1306016,
          1303616,
          1304480,
          1303072,
          1302560,
          1303520,
          1303200,
          1304416,
          1304096,
          1303616,
          1302944,
          1304352,
          1305664,
          1305024,
          1303456,
          1303552,
          1303136
        ],
        "applicable": true
      },
      {
        "kernel": "onpair_shmem_4tpt_o6",
        "decode_ms": 1.28224,
        "decode_gib_s": 726.3246895736099,
        "decode_ns_iters": [
          1282720,
          1285984,
          1284256,
          1284544,
          1282880,
          1282848,
          1282752,
          1282240,
          1283200,
          1290784,
          1283488,
          1283008,
          1284000,
          1284896,
          1282272,
          1283712,
          1283328,
          1282880,
          1283456,
          1284192,
          1293600,
          1282496,
          1283904,
          1283584,
          1282432,
          1283552,
          1282848,
          1282720,
          1282560,
          1282848
        ],
        "applicable": true
      },
      {
        "kernel": "onpair_shmem_4tpt_b512o3",
        "decode_ms": 1.279136,
        "decode_gib_s": 728.0872166516036,
        "decode_ns_iters": [
          1287328,
          1282144,
          1282560,
          1280544,
          1281888,
          1281024,
          1279744,
          1280096,
          1288768,
          1280480,
          1280384,
          1281152,
          1280800,
          1280704,
          1282048,
          1280960,
          1287552,
          1282880,
          1280320,
          1281056,
          1280992,
          1279136,
          1280928,
          1279968,
          1282176,
          1281184,
          1280672,
          1282080,
          1281760,
          1281280
        ],
        "applicable": true
      },
      {
        "kernel": "onpair_shmem_4tpt_b128o12",
        "decode_ms": 1.285376,
        "decode_gib_s": 724.5526367061977,
        "decode_ns_iters": [
          1288864,
          1286528,
          1286880,
          1286304,
          1297312,
          1286624,
          1286112,
          1287712,
          1287072,
          1286464,
          1285376,
          1287296,
          1287936,
          1286624,
          1294720,
          1286720,
          1287232,
          1286976,
          1287840,
          1287104,
          1287392,
          1286528,
          1287584,
          1286208,
          1287168,
          1291904,
          1288864,
          1286432,
          1286816,
          1287584
        ],
        "applicable": true
      },
      {
        "kernel": "onpair_shmem_4tpt_b64",
        "decode_ms": 1.302912,
        "decode_gib_s": 714.800823047808,
        "decode_ns_iters": [
          1306784,
          1305088,
          1305888,
          1304064,
          1302912,
          1305216,
          1305184,
          1305920,
          1303424,
          1305728,
          1305088,
          1305312,
          1305984,
          1304736,
          1305056,
          1305632,
          1304896,
          1303776,
          1305696,
          1305152,
          1305472,
          1304928,
          1305120,
          1304768,
          1305664,
          1303584,
          1304384,
          1303392,
          1304384,
          1304064
        ],
        "applicable": true
      },
      {
        "kernel": "onpair_shmem_4tpt_b64o24",
        "decode_ms": 1.290688,
        "decode_gib_s": 721.5706429120481,
        "decode_ns_iters": [
          1294272,
          1294624,
          1303552,
          1293728,
          1291232,
          1293152,
          1293408,
          1293536,
          1293216,
          1293408,
          1291200,
          1292448,
          1293568,
          1291808,
          1291936,
          1290688,
          1292768,
          1294080,
          1293856,
          1294112,
          1300320,
          1293792,
          1293600,
          1294592,
          1294848,
          1292768,
          1293952,
          1293056,
          1293952,
          1293120
        ],
        "applicable": true
      },
      {
        "kernel": "onpair_shmem_4tpt_split8read_b128o12",
        "decode_ms": 1.210176,
        "decode_gib_s": 769.5761359991156,
        "decode_ns_iters": [
          1215680,
          1213696,
          1213856,
          1214080,
          1215008,
          1210176,
          1214208,
          1211872,
          1212832,
          1213856,
          1214016,
          1212736,
          1213824,
          1218400,
          1212608,
          1214080,
          1214912,
          1215648,
          1214560,
          1215264,
          1214912,
          1214752,
          1220928,
          1214688,
          1212992,
          1212064,
          1213184,
          1212704,
          1215520,
          1222848
        ],
        "applicable": true
      },
      {
        "kernel": "onpair_shmem_4tpt_split8read_occ",
        "decode_ms": 1.301472,
        "decode_gib_s": 715.5917068971639,
        "decode_ns_iters": [
          1305600,
          1305824,
          1304000,
          1301888,
          1305248,
          1303168,
          1305760,
          1304064,
          1303936,
          1303136,
          1304992,
          1306016,
          1305792,
          1305088,
          1305280,
          1302432,
          1304928,
          1303264,
          1301472,
          1302688,
          1303424,
          1303840,
          1303520,
          1305728,
          1305568,
          1304224,
          1305984,
          1305088,
          1304384,
          1302432
        ],
        "applicable": true
      },
      {
        "kernel": "onpair_shmem_4tpt_split8",
        "decode_ms": 1.513504,
        "decode_gib_s": 615.3419944439299,
        "decode_ns_iters": [
          1515648,
          1517184,
          1515200,
          1522976,
          1515904,
          1515808,
          1516000,
          1516448,
          1516192,
          1515520,
          1515328,
          1515840,
          1515808,
          1515008,
          1514144,
          1514944,
          1513504,
          1514816,
          1515104,
          1517120,
          1517568,
          1522048,
          1515456,
          1516576,
          1515808,
          1517408,
          1514272,
          1513920,
          1515968,
          1515776
        ],
        "applicable": true
      },
      {
        "kernel": "onpair_shmem_4tpt_split8_wpb8",
        "decode_ms": 1.51984,
        "decode_gib_s": 612.7767198908211,
        "decode_ns_iters": [
          1521344,
          1522560,
          1521184,
          1527648,
          1521568,
          1519840,
          1522240,
          1520224,
          1522048,
          1520576,
          1521056,
          1520480,
          1521600,
          1521824,
          1521440,
          1522976,
          1520864,
          1523040,
          1524960,
          1520672,
          1522688,
          1521920,
          1520800,
          1522656,
          1528768,
          1522080,
          1521952,
          1521120,
          1521728,
          1520992
        ],
        "applicable": true
      },
      {
        "kernel": "onpair_shmem_4tpt_split8_wpb8_occ",
        "decode_ms": 1.45504,
        "decode_gib_s": 640.0666441876964,
        "decode_ns_iters": [
          1456640,
          1457440,
          1456128,
          1456704,
          1456416,
          1465792,
          1458464,
          1455616,
          1458112,
          1456416,
          1455872,
          1456800,
          1457376,
          1459456,
          1455648,
          1457536,
          1455040,
          1457728,
          1457824,
          1456128,
          1456384,
          1465792,
          1456672,
          1458368,
          1456128,
          1456640,
          1455232,
          1455968,
          1456320,
          1456320
        ],
        "applicable": true
      },
      {
        "kernel": "onpair_shmem_4tpt_pdict",
        "decode_ms": 1.77024,
        "decode_gib_s": 526.0996079395255,
        "decode_ns_iters": [
          1776896,
          1784032,
          1777760,
          1779584,
          1776640,
          1783264,
          1780256,
          1782752,
          1773792,
          1778880,
          1772224,
          1778912,
          1785408,
          1783488,
          1782720,
          1770240,
          1773824,
          1777280,
          1780192,
          1774336,
          1781184,
          1783776,
          1781472,
          1771328,
          1786976,
          1780512,
          1779616,
          1777888,
          1780448,
          1781056
        ],
        "applicable": true
      },
      {
        "kernel": "onpair_shmem_4tpt_vdict",
        "decode_ms": 2.526912,
        "decode_gib_s": 368.5615367527107,
        "decode_ns_iters": [
          2534848,
          2537696,
          2533888,
          2533312,
          2538048,
          2535584,
          2532288,
          2541312,
          2547072,
          2532576,
          2532480,
          2532352,
          2526912,
          2534848,
          2535360,
          2534560,
          2533280,
          2532288,
          2536160,
          2538336,
          2534752,
          2537120,
          2536000,
          2534016,
          2536128,
          2535392,
          2539520,
          2539040,
          2532512,
          2535872
        ],
        "applicable": true
      },
      {
        "kernel": "onpair_shmem_4tpt_split8read",
        "decode_ms": 1.384928,
        "decode_gib_s": 672.4700272930187,
        "decode_ns_iters": [
          1388256,
          1386336,
          1384928,
          1385984,
          1386208,
          1386432,
          1388288,
          1387872,
          1388384,
          1385792,
          1387040,
          1386688,
          1390336,
          1387040,
          1386240,
          1386784,
          1387808,
          1388640,
          1387040,
          1386816,
          1387136,
          1386112,
          1387616,
          1386080,
          1387200,
          1386592,
          1387360,
          1385824,
          1385600,
          1385920
        ],
        "applicable": true
      },
      {
        "kernel": "onpair_shmem_4tpt_ldcs",
        "decode_ms": 1.431008,
        "decode_gib_s": 650.8157675979908,
        "decode_ns_iters": [
          1435648,
          1437504,
          1437856,
          1433024,
          1432992,
          1431360,
          1433568,
          1433856,
          1433824,
          1435040,
          1434400,
          1435776,
          1436224,
          1436352,
          1443328,
          1433344,
          1432704,
          1434112,
          1434208,
          1436064,
          1434560,
          1436832,
          1436256,
          1431008,
          1434848,
          1433696,
          1438304,
          1441280,
          1436896,
          1434432
        ],
        "applicable": true
      },
      {
        "kernel": "onpair_shmem_4tpt_lenbucket",
        "decode_ms": 0.0,
        "decode_gib_s": 0.0,
        "applicable": false,
        "reason": "length-bucket dict not built (set ONPAIR_DICT_REORDER=lenbucket)"
      },
      {
        "kernel": "onpair_shmem_4tpt_lenbucket_b128",
        "decode_ms": 0.0,
        "decode_gib_s": 0.0,
        "applicable": false,
        "reason": "length-bucket dict not built (set ONPAIR_DICT_REORDER=lenbucket)"
      },
      {
        "kernel": "onpair_shmem_4tpt_regcache",
        "decode_ms": 1.570784,
        "decode_gib_s": 592.9030152833653,
        "decode_ns_iters": [
          1574176,
          1574048,
          1573024,
          1571808,
          1574720,
          1572672,
          1573824,
          1574368,
          1574560,
          1572960,
          1574496,
          1580672,
          1572864,
          1575232,
          1572576,
          1573152,
          1573824,
          1571104,
          1573120,
          1571616,
          1572928,
          1574528,
          1572128,
          1579232,
          1570784,
          1574144,
          1571520,
          1573728,
          1573696,
          1571872
        ],
        "applicable": true
      },
      {
        "kernel": "onpair_shmem_4tpt_split4read",
        "decode_ms": 1.454944,
        "decode_gib_s": 640.1088770144181,
        "decode_ns_iters": [
          2167159081,
          2174179554,
          2162049770,
          2155572653,
          2191644669,
          2176486254,
          2197971344,
          2181142569,
          2179639339,
          2168111086,
          2173852921,
          2187029600,
          2174405575,
          2173406839,
          1510848,
          1562208,
          1460224,
          1460160,
          1459712,
          1458144,
          1466016,
          1456992,
          1454944,
          1458464,
          1456800,
          1458272,
          1456640,
          1455968,
          1456192,
          1463264
        ],
        "applicable": true
      },
      {
        "kernel": "onpair_shmem_4tpt_split4read_b128o12",
        "decode_ms": 1.315936,
        "decode_gib_s": 707.7263407634305,
        "decode_ns_iters": [
          1319040,
          1320032,
          1318656,
          1319072,
          1319584,
          1317920,
          1319232,
          1318400,
          1319872,
          1318368,
          1320032,
          1319392,
          1321152,
          1322528,
          1318912,
          1315936,
          1318688,
          1318752,
          1324896,
          1318624,
          1318240,
          1318368,
          1318880,
          1317760,
          1318144,
          1319776,
          1317888,
          1319456,
          1319424,
          1331488
        ],
        "applicable": true
      },
      {
        "kernel": "onpair_shmem_4tpt_cluster_dsmem",
        "decode_ms": 5.521728,
        "decode_gib_s": 168.66505738038268,
        "decode_ns_iters": [
          5547968,
          5542656,
          5555232,
          5551392,
          5570848,
          5562496,
          5562368,
          5568000,
          5521728,
          5573984,
          5546176,
          5566400,
          5547520,
          5567296,
          5552736,
          5546272,
          5539552,
          5563968,
          5559680,
          5559008,
          5548704,
          5565984,
          5551328,
          5576864,
          5529792,
          5550208,
          5574464,
          5539488,
          5550112,
          5566336
        ],
        "applicable": true
      },
      {
        "kernel": "onpair_shmem_8tpt",
        "decode_ms": 1.298112,
        "decode_gib_s": 717.4439262242901,
        "decode_ns_iters": [
          1302656,
          1302912,
          1301792,
          1315296,
          1300992,
          1302784,
          1303296,
          1303872,
          1303808,
          1302688,
          1300000,
          1300256,
          1303584,
          1300960,
          1300352,
          1303040,
          1299456,
          1299904,
          1299104,
          1298112,
          1301568,
          1301216,
          1304992,
          1302080,
          1301888,
          1300480,
          1300992,
          1300896,
          1301376,
          1303104
        ],
        "applicable": true
      },
      {
        "kernel": "onpair_shmem_8tpt_b128",
        "decode_ms": 1.301824,
        "decode_gib_s": 715.3982181607234,
        "decode_ns_iters": [
          1304288,
          1304320,
          1305760,
          1304928,
          1304544,
          1305792,
          1303040,
          1304384,
          1305056,
          1304896,
          1304448,
          1305440,
          1305728,
          1305312,
          1310368,
          1304224,
          1305344,
          1305600,
          1305504,
          1309760,
          1304960,
          1302848,
          1302752,
          1303808,
          1311776,
          1301824,
          1302624,
          1305056,
          1304480,
          1311808
        ],
        "applicable": true
      },
      {
        "kernel": "onpair_shmem_4tpt_vwidth",
        "decode_ms": 4.283936,
        "decode_gib_s": 217.39880566816726,
        "decode_ns_iters": [
          4287616,
          4294880,
          4286944,
          4285120,
          4285184,
          4286304,
          4286720,
          4285856,
          4287712,
          4286752,
          4287328,
          4286368,
          4286400,
          4285888,
          4292320,
          4286080,
          4285568,
          4286816,
          4284928,
          4283968,
          4285280,
          4284672,
          4287104,
          4283936,
          4286688,
          4285984,
          4285056,
          4293312,
          4285984,
          4286432
        ],
        "applicable": true
      },
      {
        "kernel": "onpair_shmem_4tpt_vwidth_b128",
        "decode_ms": 5.587424,
        "decode_gib_s": 166.68192175121587,
        "decode_ns_iters": [
          5597344,
          5593632,
          5588736,
          5599264,
          5596320,
          5596576,
          5589088,
          5599360,
          5587424,
          5595104,
          5590240,
          5592192,
          5590848,
          5597504,
          5599200,
          5596960,
          5594560,
          5588928,
          5594560,
          5596032,
          5594656,
          5589536,
          5590848,
          5597024,
          5592640,
          5589760,
          5595744,
          5595424,
          5599104,
          5601760
        ],
        "applicable": true
      },
      {
        "kernel": "onpair_shmem_4tpt_vwidth4",
        "decode_ms": 1.753024,
        "decode_gib_s": 531.2662975286509,
        "decode_ns_iters": [
          1760000,
          1756288,
          1756608,
          1755552,
          1755776,
          1754720,
          1756160,
          1753600,
          1755168,
          1755744,
          1756064,
          1757056,
          1757344,
          1764832,
          1757120,
          1755040,
          1756064,
          1754848,
          1755424,
          1758080,
          1759520,
          1753024,
          1755264,
          1755552,
          1756096,
          1757216,
          1756736,
          1757920,
          1758656,
          1758304
        ],
        "applicable": true
      },
      {
        "kernel": "onpair_shmem_4tpt_vwidth4_b128",
        "decode_ms": 1.27312,
        "decode_gib_s": 731.5277192714478,
        "decode_ns_iters": [
          1275968,
          1287104,
          1277440,
          1278592,
          1276512,
          1278176,
          1278944,
          1277440,
          1278752,
          1274592,
          1275040,
          1279488,
          1279840,
          1280224,
          1281472,
          1279232,
          1279232,
          1281568,
          1277376,
          1273120,
          1276544,
          1276864,
          1277536,
          1280800,
          1274976,
          1278880,
          1278592,
          1274304,
          1277632,
          1274880
        ],
        "applicable": true
      },
      {
        "kernel": "onpair_shmem_4tpt_shdict8",
        "decode_ms": 2.466432,
        "decode_gib_s": 377.5991269813502,
        "decode_ns_iters": [
          2471616,
          2467168,
          2470976,
          2476800,
          2476320,
          2471904,
          2474144,
          2471552,
          2472064,
          2471232,
          2471680,
          2472416,
          2479840,
          2467712,
          2472128,
          2468576,
          2472480,
          2472352,
          2485920,
          2469792,
          2471904,
          2468800,
          2473376,
          2470848,
          2466432,
          2467392,
          2473984,
          2467968,
          2482464,
          2468896
        ],
        "applicable": true
      },
      {
        "kernel": "onpair_shmem_4tpt_ablate",
        "decode_ms": 1.28304,
        "decode_gib_s": 725.8718122263263,
        "decode_ns_iters": [
          1287488,
          1289248,
          1292640,
          1283040,
          1283936,
          1284064,
          1284576,
          1285280,
          1284800,
          1285792,
          1287104,
          1287008,
          1286880,
          1288864,
          1288576,
          1287744,
          1286752,
          1286464,
          1286848,
          1286016,
          1286592,
          1287712,
          1287776,
          1295776,
          1286464,
          1286880,
          1286304,
          1284064,
          1289792,
          1286688
        ],
        "applicable": true
      },
      {
        "kernel": "onpair_shmem_4tpt_ablate_nogather",
        "decode_ms": 0.95536,
        "decode_gib_s": 974.839400811072,
        "decode_ns_iters": [
          960480,
          961312,
          956864,
          961024,
          960064,
          958176,
          963392,
          959712,
          962048,
          958016,
          958656,
          959008,
          959872,
          960576,
          959104,
          967424,
          959264,
          960192,
          957728,
          957632,
          957600,
          957472,
          957280,
          956928,
          957248,
          956512,
          956416,
          955488,
          957536,
          955360
        ],
        "applicable": true
      },
      {
        "kernel": "onpair_shmem_4tpt_ablate_noemit",
        "decode_ms": 0.718304,
        "decode_gib_s": 1296.557683040698,
        "decode_ns_iters": [
          723104,
          719040,
          726304,
          724928,
          720416,
          722112,
          721408,
          727584,
          728672,
          734976,
          723840,
          720640,
          721568,
          726112,
          724608,
          725472,
          719168,
          727456,
          730432,
          718304,
          728704,
          724480,
          727136,
          723456,
          725408,
          726944,
          725280,
          718464,
          725504,
          725920
        ],
        "applicable": true
      },
      {
        "kernel": "onpair_shmem_4tpt_ablate_nodrain",
        "decode_ms": 1.159616,
        "decode_gib_s": 803.130148220502,
        "decode_ns_iters": [
          1162976,
          1164064,
          1162944,
          1163936,
          1163360,
          1160000,
          1160000,
          1159808,
          1163840,
          1162176,
          1162432,
          1161024,
          1163648,
          1162368,
          1164032,
          1162432,
          1161536,
          1160160,
          1159712,
          1159648,
          1159712,
          1159616,
          1160032,
          1161856,
          1161952,
          1162560,
          1162272,
          1163584,
          1161664,
          1164576
        ],
        "applicable": true
      },
      {
        "kernel": "onpair_shmem_4tpt_ablate_noscan",
        "decode_ms": 0.931872,
        "decode_gib_s": 999.4104018136242,
        "decode_ns_iters": [
          944832,
          946016,
          946144,
          942560,
          946560,
          949056,
          948192,
          945984,
          946080,
          949792,
          952384,
          944800,
          951584,
          939616,
          933984,
          938080,
          941056,
          943072,
          934752,
          945344,
          940256,
          949856,
          948768,
          950112,
          947520,
          953824,
          931872,
          945504,
          950752,
          945280
        ],
        "applicable": true
      },
      {
        "kernel": "onpair_shmem_4tpt_ablate_cfree",
        "decode_ms": 1.18496,
        "decode_gib_s": 785.9527494251836,
        "decode_ns_iters": [
          1189088,
          1189536,
          1191552,
          1196320,
          1189824,
          1190016,
          1189536,
          1191648,
          1192928,
          1192448,
          1190080,
          1190560,
          1190272,
          1190304,
          1190752,
          1190688,
          1192480,
          1189184,
          1188928,
          1190368,
          1191424,
          1188960,
          1189728,
          1188256,
          1187456,
          1184960,
          1185920,
          1186848,
          1188000,
          1188768
        ],
        "applicable": true
      },
      {
        "kernel": "onpair_shmem_s8",
        "decode_ms": 0.0,
        "decode_gib_s": 0.0,
        "applicable": false,
        "reason": "dictionary entry longer than 8 bytes"
      },
      {
        "kernel": "onpair_shmem_s8_2tpt",
        "decode_ms": 0.0,
        "decode_gib_s": 0.0,
        "applicable": false,
        "reason": "dictionary entry longer than 8 bytes"
      },
      {
        "kernel": "onpair_shmem_s8_4tpt",
        "decode_ms": 0.0,
        "decode_gib_s": 0.0,
        "applicable": false,
        "reason": "dictionary entry longer than 8 bytes"
      },
      {
        "kernel": "onpair_shmem_s8_8tpt",
        "decode_ms": 0.0,
        "decode_gib_s": 0.0,
        "applicable": false,
        "reason": "dictionary entry longer than 8 bytes"
      },
      {
        "kernel": "onpair_shmem_s4l1",
        "decode_ms": 0.0,
        "decode_gib_s": 0.0,
        "applicable": false,
        "reason": "dictionary entry longer than 4 bytes"
      },
      {
        "kernel": "onpair_shmem_s4l1_2tpt",
        "decode_ms": 0.0,
        "decode_gib_s": 0.0,
        "applicable": false,
        "reason": "dictionary entry longer than 4 bytes"
      },
      {
        "kernel": "onpair_shmem_s4l1_4tpt",
        "decode_ms": 0.0,
        "decode_gib_s": 0.0,
        "applicable": false,
        "reason": "dictionary entry longer than 4 bytes"
      },
      {
        "kernel": "onpair_shmem_s4l1_8tpt",
        "decode_ms": 0.0,
        "decode_gib_s": 0.0,
        "applicable": false,
        "reason": "dictionary entry longer than 4 bytes"
      },
      {
        "kernel": "onpair_shmem_s4l1_16tpt",
        "decode_ms": 0.0,
        "decode_gib_s": 0.0,
        "applicable": false,
        "reason": "dictionary entry longer than 4 bytes"
      },
      {
        "kernel": "onpair_shmem_s4l1_32tpt",
        "decode_ms": 0.0,
        "decode_gib_s": 0.0,
        "applicable": false,
        "reason": "dictionary entry longer than 4 bytes"
      },
      {
        "kernel": "onpair_shmem_const1",
        "decode_ms": 0.0,
        "decode_gib_s": 0.0,
        "applicable": false,
        "reason": "not every dictionary entry is exactly 1 byte"
      },
      {
        "kernel": "onpair_shmem_const2",
        "decode_ms": 0.0,
        "decode_gib_s": 0.0,
        "applicable": false,
        "reason": "not every dictionary entry is exactly 2 bytes"
      }
    ]
  }
}
==PROF== Disconnected from process 39820
==PROF== Report: /home/ubuntu/work/shdict_ncu_clickbench_URL_b12_split4read.ncu-rep
