==PROF== Connected to process 31991 (/home/ubuntu/work/target/release/onpair-chunk-bench)
2026-08-13T01:29:20.500539Z  INFO vortex_cuda: vortex-cuda/src/lib.rs:111: Registering CUDA kernels
==WARNING== Unable to access the following 6 metrics: ctc__rx_bytes_data_user.sum, ctc__rx_bytes_data_user.sum.pct_of_peak_sustained_elapsed, ctc__rx_bytes_data_user.sum.per_second, ctc__tx_bytes_data_user.sum, ctc__tx_bytes_data_user.sum.pct_of_peak_sustained_elapsed, ctc__tx_bytes_data_user.sum.per_second.


==PROF== Profiling "onpair_shmem_4tpt": 0%....50%....100% - 38 passes
==PROF== Profiling "onpair_shmem_4tpt": 0%....50%....100% - 38 passes
==PROF== Profiling "onpair_shmem_4tpt": 0%....50%....100% - 38 passes
==PROF== Profiling "onpair_shmem_4tpt": 0%....50%....100% - 38 passes
==PROF== Profiling "onpair_shmem_4tpt": 0%....50%....100% - 38 passes
==PROF== Profiling "onpair_shmem_4tpt": 0%....50%....100% - 38 passes
==PROF== Profiling "onpair_shmem_4tpt": 0%....50%....100% - 38 passes
==PROF== Profiling "onpair_shmem_4tpt": 0%....50%....100% - 38 passes
==PROF== Profiling "onpair_shmem_4tpt": 0%....50%....100% - 38 passes
==PROF== Profiling "onpair_shmem_4tpt": 0%....50%....100% - 38 passes
==PROF== Profiling "onpair_shmem_4tpt": 0%....50%....100% - 38 passes
==PROF== Profiling "onpair_shmem_4tpt": 0%....50%....100% - 38 passes
==PROF== Profiling "onpair_shmem_4tpt": 0%....50%....100% - 38 passes
==PROF== Profiling "onpair_shmem_4tpt": 0%....50%....100% - 38 passes
==PROF== Profiling "onpair_shmem_4tpt": 0%....50%....100% - 38 passes
==PROF== Profiling "onpair_shmem_4tpt": 0%....50%....100% - 38 passes
{
  "files": [
    "/home/ubuntu/work/vortex-bench/data/onpair-bench/clickbench/MobilePhoneModel/bits12_chunk1000mb_thr0.20/part_0000.vortex"
  ],
  "column": "MobilePhoneModel",
  "rows": 99997497,
  "in_memory_bytes": 32271695,
  "dict_bytes": 2173,
  "gpu": {
    "iterations": 30,
    "decoded_bytes": 23280516,
    "chunks": 1,
    "auto_kernel": "onpair_shmem_4tpt_split8read",
    "frac_le8": 0.9906985,
    "dict_mean_len": 4.183031,
    "dict_max_len": 16,
    "dict_entries_max": 672,
    "small_dict": true,
    "distinct_codes": 211,
    "access_top4096_frac": 1.0,
    "compressed_bytes": 11133793,
    "h2d_gib_s": 8.93637863193194,
    "whole_decompress_gib_s": 17.183528980674797,
    "best_kernel": "onpair_shmem_4tpt_split8read_b128o12",
    "auto_decode_ms": 0.10144,
    "best_decode_ms": 0.097184,
    "validated": false,
    "auto_decode_gib_s": 213.7388613909389,
    "best_decode_gib_s": 223.0991737271242,
    "kernels": [
      {
        "kernel": "onpair_shmem",
        "decode_ms": 0.131168,
        "decode_gib_s": 165.29694818474658,
        "decode_ns_iters": [
          131168,
          139392,
          141120,
          141696,
          140832,
          138176,
          138336,
          140576,
          140640,
          140576,
          141536,
          141536,
          140064,
          137824,
          138048,
          138560,
          138496,
          137600,
          137600,
          148224,
          138080,
          138336,
          138528,
          150816,
          141504,
          138912,
          138176,
          148192,
          140672,
          138016
        ],
        "applicable": true
      },
      {
        "kernel": "onpair_shmem_2tpt",
        "decode_ms": 0.125408,
        "decode_gib_s": 172.88905093372705,
        "decode_ns_iters": [
          127744,
          130176,
          132064,
          126816,
          129312,
          127968,
          130752,
          129440,
          127712,
          135712,
          127424,
          126240,
          126816,
          125760,
          129344,
          126400,
          126496,
          125792,
          129632,
          129792,
          128672,
          128224,
          129280,
          130080,
          128800,
          135200,
          128864,
          125408,
          127168,
          126112
        ],
        "applicable": true
      },
      {
        "kernel": "onpair_shmem_4tpt",
        "decode_ms": 0.10608,
        "decode_gib_s": 204.38980108877115,
        "decode_ns_iters": [
          1611848235,
          1602019548,
          1599379063,
          1593914986,
          1589873672,
          1610607266,
          1618765235,
          1606060147,
          1611255527,
          1608984351,
          1589904904,
          1592676044,
          1585773468,
          1604718328,
          219520,
          110176,
          161472,
          110400,
          109664,
          108384,
          109824,
          106080,
          114656,
          107072,
          106848,
          107552,
          106912,
          115264,
          106752,
          108288
        ],
        "applicable": true
      },
      {
        "kernel": "onpair_shmem_4tpt_wpb8",
        "decode_ms": 0.104,
        "decode_gib_s": 208.47759711054655,
        "decode_ns_iters": [
          107616,
          107616,
          108864,
          107584,
          104960,
          107392,
          107392,
          117312,
          107680,
          106272,
          105792,
          106176,
          117248,
          105024,
          104768,
          104256,
          105568,
          105984,
          106144,
          104000,
          106048,
          108256,
          107808,
          107360,
          105504,
          107200,
          106848,
          106560,
          106112,
          106400
        ],
        "applicable": true
      },
      {
        "kernel": "onpair_shmem_4tpt_wpb8_occ",
        "decode_ms": 0.102464,
        "decode_gib_s": 211.60280781051728,
        "decode_ns_iters": [
          106976,
          105600,
          105408,
          108384,
          104000,
          102464,
          104864,
          107040,
          107680,
          106464,
          106112,
          106144,
          114432,
          109568,
          106336,
          107040,
          107296,
          112064,
          107296,
          106368,
          106688,
          105792,
          110112,
          105056,
          105856,
          106496,
          106464,
          108832,
          103808,
          105728
        ],
        "applicable": true
      },
      {
        "kernel": "onpair_shmem_4tpt_b128",
        "decode_ms": 0.103424,
        "decode_gib_s": 209.63867283702854,
        "decode_ns_iters": [
          107968,
          108896,
          107872,
          109536,
          105856,
          105728,
          105120,
          106464,
          108640,
          104896,
          106880,
          106752,
          115808,
          109504,
          106464,
          106880,
          106464,
          113728,
          105952,
          105728,
          105952,
          106368,
          110624,
          105888,
          105120,
          106208,
          103424,
          105792,
          104864,
          104704
        ],
        "applicable": true
      },
      {
        "kernel": "onpair_shmem_4tpt_o6",
        "decode_ms": 0.103136,
        "decode_gib_s": 210.22407403328458,
        "decode_ns_iters": [
          107008,
          105024,
          107264,
          104832,
          105376,
          105824,
          105440,
          107520,
          107584,
          106176,
          103776,
          107648,
          108896,
          103616,
          104736,
          103136,
          106368,
          113664,
          106496,
          105408,
          104320,
          105504,
          112896,
          106048,
          104384,
          103776,
          106112,
          109760,
          106016,
          103840
        ],
        "applicable": true
      },
      {
        "kernel": "onpair_shmem_4tpt_b512o3",
        "decode_ms": 0.10272,
        "decode_gib_s": 211.07544878793652,
        "decode_ns_iters": [
          105632,
          105824,
          113920,
          112192,
          103744,
          104096,
          104096,
          104096,
          111904,
          104960,
          105376,
          105664,
          103712,
          112864,
          103616,
          104704,
          106496,
          104896,
          106624,
          102720,
          105120,
          104032,
          105856,
          106464,
          105440,
          105376,
          105536,
          105920,
          106272,
          106208
        ],
        "applicable": true
      },
      {
        "kernel": "onpair_shmem_4tpt_b128o12",
        "decode_ms": 0.102464,
        "decode_gib_s": 211.60280781051728,
        "decode_ns_iters": [
          107840,
          103392,
          105408,
          104960,
          106336,
          103776,
          104736,
          105312,
          107040,
          108864,
          103360,
          102496,
          102944,
          103680,
          122112,
          104480,
          105376,
          104768,
          103328,
          104800,
          105120,
          104864,
          102464,
          105024,
          105440,
          104032,
          104576,
          104128,
          112928,
          104704
        ],
        "applicable": true
      },
      {
        "kernel": "onpair_shmem_4tpt_b64",
        "decode_ms": 0.101568,
        "decode_gib_s": 213.46949924677892,
        "decode_ns_iters": [
          109376,
          104512,
          107296,
          105760,
          103552,
          105760,
          103712,
          105920,
          105536,
          113984,
          105216,
          104000,
          106272,
          112608,
          111104,
          104896,
          104544,
          103808,
          103072,
          112224,
          104800,
          105248,
          101568,
          103104,
          112832,
          106080,
          103776,
          105024,
          105152,
          106688
        ],
        "applicable": true
      },
      {
        "kernel": "onpair_shmem_4tpt_b64o24",
        "decode_ms": 0.10256,
        "decode_gib_s": 211.40473965968062,
        "decode_ns_iters": [
          116320,
          107680,
          103872,
          103648,
          103584,
          111264,
          106304,
          103040,
          102816,
          104960,
          112320,
          105472,
          104064,
          106880,
          103488,
          108256,
          103712,
          104736,
          103872,
          107008,
          106784,
          102560,
          105600,
          105376,
          104032,
          106752,
          105568,
          106720,
          105824,
          104800
        ],
        "applicable": true
      },
      {
        "kernel": "onpair_shmem_4tpt_split8read_b128o12",
        "decode_ms": 0.097184,
        "decode_gib_s": 223.0991737271242,
        "decode_ns_iters": [
          103776,
          102080,
          100960,
          100384,
          101632,
          103328,
          102240,
          98560,
          99840,
          100576,
          106272,
          99488,
          99776,
          100256,
          99296,
          104576,
          101280,
          99392,
          98624,
          100096,
          99616,
          100448,
          97184,
          100736,
          101664,
          101600,
          100864,
          100032,
          103296,
          106976
        ],
        "applicable": true
      },
      {
        "kernel": "onpair_shmem_4tpt_split8read_occ",
        "decode_ms": 0.099872,
        "decode_gib_s": 217.0945820600052,
        "decode_ns_iters": [
          103616,
          104288,
          99872,
          100960,
          102400,
          109824,
          104032,
          100160,
          110944,
          107328,
          102528,
          102016,
          100448,
          102016,
          101344,
          102688,
          100768,
          101248,
          102400,
          102656,
          103136,
          101760,
          101248,
          102496,
          108224,
          102016,
          100800,
          102976,
          102176,
          102496
        ],
        "applicable": true
      },
      {
        "kernel": "onpair_shmem_4tpt_split8",
        "decode_ms": 0.101248,
        "decode_gib_s": 214.1441816084944,
        "decode_ns_iters": [
          108352,
          104320,
          104864,
          104768,
          104896,
          105376,
          106176,
          104672,
          105312,
          104576,
          105920,
          104000,
          102848,
          104640,
          106304,
          105792,
          104896,
          103296,
          106336,
          102048,
          106496,
          103712,
          104256,
          102912,
          104736,
          104448,
          101248,
          105344,
          103872,
          111616
        ],
        "applicable": true
      },
      {
        "kernel": "onpair_shmem_4tpt_split8_wpb8",
        "decode_ms": 0.099008,
        "decode_gib_s": 218.98907259511194,
        "decode_ns_iters": [
          107872,
          104480,
          101568,
          102336,
          99008,
          107648,
          101120,
          104736,
          100416,
          101664,
          109888,
          101856,
          104096,
          102144,
          102272,
          109280,
          101376,
          103520,
          100320,
          107936,
          107872,
          102688,
          104416,
          101760,
          101600,
          110432,
          102400,
          101440,
          102112,
          101856
        ],
        "applicable": true
      },
      {
        "kernel": "onpair_shmem_4tpt_split8_wpb8_occ",
        "decode_ms": 0.09888,
        "decode_gib_s": 219.27255359523505,
        "decode_ns_iters": [
          103136,
          110432,
          100032,
          100448,
          100192,
          107904,
          110016,
          101120,
          101056,
          99392,
          98880,
          108320,
          100960,
          101440,
          101408,
          100768,
          108384,
          101632,
          101984,
          103424,
          103392,
          110400,
          106592,
          101760,
          103744,
          109152,
          100288,
          107776,
          102016,
          101184
        ],
        "applicable": true
      },
      {
        "kernel": "onpair_shmem_4tpt_pdict",
        "decode_ms": 0.109984,
        "decode_gib_s": 197.13476596138386,
        "decode_ns_iters": [
          116960,
          114112,
          116160,
          113472,
          112640,
          114720,
          112256,
          114272,
          111328,
          109984,
          112704,
          114880,
          116224,
          113504,
          114144,
          111968,
          112640,
          114528,
          114368,
          113632,
          114080,
          120480,
          114240,
          112128,
          114304,
          112864,
          126560,
          112992,
          113248,
          114624
        ],
        "applicable": true
      },
      {
        "kernel": "onpair_shmem_4tpt_vdict",
        "decode_ms": 0.110208,
        "decode_gib_s": 196.73408554276315,
        "decode_ns_iters": [
          118848,
          116512,
          115456,
          115168,
          113728,
          114112,
          113184,
          117696,
          114656,
          113504,
          115072,
          113248,
          115360,
          114912,
          115232,
          115520,
          116640,
          116224,
          114752,
          115040,
          115776,
          120992,
          115936,
          112512,
          113152,
          110208,
          119200,
          112928,
          112192,
          114016
        ],
        "applicable": true
      },
      {
        "kernel": "onpair_shmem_4tpt_split8read",
        "decode_ms": 0.10144,
        "decode_gib_s": 213.7388613909389,
        "decode_ns_iters": [
          105152,
          104032,
          107744,
          102560,
          102272,
          101856,
          101760,
          108960,
          104800,
          101440,
          102848,
          102784,
          111840,
          102176,
          103712,
          103616,
          103104,
          105152,
          102048,
          102112,
          103520,
          104832,
          102944,
          102240,
          102400,
          101856,
          109888,
          102880,
          101440,
          103424
        ],
        "applicable": true
      },
      {
        "kernel": "onpair_shmem_4tpt_ldcs",
        "decode_ms": 0.106016,
        "decode_gib_s": 204.5131876273095,
        "decode_ns_iters": [
          110016,
          107232,
          107232,
          108544,
          108032,
          107232,
          108576,
          120448,
          109312,
          107840,
          106016,
          107296,
          115232,
          109312,
          108576,
          108320,
          108448,
          115072,
          109216,
          109632,
          109120,
          110944,
          115968,
          109920,
          110944,
          108768,
          118240,
          115968,
          108288,
          111744
        ],
        "applicable": true
      },
      {
        "kernel": "onpair_shmem_4tpt_lenbucket",
        "decode_ms": 0.0,
        "decode_gib_s": 0.0,
        "applicable": false,
        "reason": "length-bucket dict not built (set ONPAIR_DICT_REORDER=lenbucket)"
      },
      {
        "kernel": "onpair_shmem_4tpt_lenbucket_b128",
        "decode_ms": 0.0,
        "decode_gib_s": 0.0,
        "applicable": false,
        "reason": "length-bucket dict not built (set ONPAIR_DICT_REORDER=lenbucket)"
      },
      {
        "kernel": "onpair_shmem_4tpt_regcache",
        "decode_ms": 0.10944,
        "decode_gib_s": 198.11467561674746,
        "decode_ns_iters": [
          113696,
          113152,
          110912,
          121376,
          112352,
          112448,
          111008,
          110112,
          120480,
          112576,
          111840,
          113344,
          113856,
          115488,
          109440,
          111584,
          110912,
          110624,
          114240,
          111008,
          110528,
          112480,
          111200,
          113536,
          111072,
          110368,
          110880,
          112288,
          114496,
          110048
        ],
        "applicable": true
      },
      {
        "kernel": "onpair_shmem_4tpt_split4read",
        "decode_ms": 0.101088,
        "decode_gib_s": 214.48312459932774,
        "decode_ns_iters": [
          106560,
          101696,
          104736,
          103616,
          105248,
          102656,
          104800,
          104128,
          113440,
          105184,
          102976,
          103616,
          102272,
          105472,
          104192,
          103840,
          104480,
          104832,
          106176,
          101088,
          104544,
          104032,
          110144,
          106240,
          105472,
          103968,
          104320,
          104800,
          103744,
          102432
        ],
        "applicable": true
      },
      {
        "kernel": "onpair_shmem_4tpt_split4read_b128o12",
        "decode_ms": 0.099008,
        "decode_gib_s": 218.98907259511194,
        "decode_ns_iters": [
          104480,
          103392,
          100960,
          99712,
          100128,
          99488,
          100192,
          99648,
          99008,
          99680,
          105344,
          101248,
          101472,
          100800,
          101120,
          114368,
          102688,
          102528,
          102368,
          102784,
          103680,
          101184,
          99936,
          100672,
          103104,
          101024,
          102784,
          100256,
          102368,
          107712
        ],
        "applicable": true
      },
      {
        "kernel": "onpair_shmem_4tpt_cluster_dsmem",
        "decode_ms": 0.16608,
        "decode_gib_s": 130.54955503068908,
        "decode_ns_iters": [
          168480,
          172928,
          180448,
          171936,
          170592,
          169792,
          171584,
          169184,
          169824,
          169248,
          168544,
          170176,
          170432,
          170688,
          169696,
          166208,
          169792,
          170752,
          168800,
          170144,
          172928,
          172416,
          178624,
          166080,
          168832,
          167744,
          172352,
          166144,
          166944,
          166528
        ],
        "applicable": true
      },
      {
        "kernel": "onpair_shmem_8tpt",
        "decode_ms": 0.10288,
        "decode_gib_s": 210.74718214907503,
        "decode_ns_iters": [
          106432,
          106336,
          103520,
          110432,
          107424,
          103680,
          105120,
          103168,
          103520,
          103136,
          104448,
          103648,
          103456,
          103200,
          104224,
          102880,
          105696,
          106176,
          104704,
          103712,
          112352,
          103616,
          108000,
          105056,
          104064,
          112288,
          103904,
          103520,
          104096,
          105408
        ],
        "applicable": true
      },
      {
        "kernel": "onpair_shmem_8tpt_b128",
        "decode_ms": 0.102624,
        "decode_gib_s": 211.27290009643787,
        "decode_ns_iters": [
          106688,
          105728,
          103712,
          104128,
          103520,
          106400,
          104544,
          104288,
          102624,
          104160,
          106784,
          103808,
          105472,
          103744,
          103072,
          104224,
          107744,
          110848,
          105184,
          104064,
          104960,
          105888,
          104480,
          102624,
          106560,
          119296,
          103872,
          105888,
          105184,
          106496
        ],
        "applicable": true
      },
      {
        "kernel": "onpair_shmem_4tpt_vwidth",
        "decode_ms": 0.131648,
        "decode_gib_s": 164.6942612078941,
        "decode_ns_iters": [
          134336,
          132096,
          133472,
          132736,
          134464,
          134112,
          133760,
          134880,
          134144,
          142496,
          133664,
          133440,
          132608,
          135104,
          137824,
          132416,
          132992,
          133120,
          134304,
          133472,
          133312,
          132416,
          135168,
          139808,
          133984,
          134080,
          134784,
          131872,
          131648,
          134976
        ],
        "applicable": true
      },
      {
        "kernel": "onpair_shmem_4tpt_vwidth_b128",
        "decode_ms": 0.21616,
        "decode_gib_s": 100.30380319900463,
        "decode_ns_iters": [
          222400,
          229184,
          219840,
          224000,
          222368,
          220864,
          222496,
          227456,
          217472,
          217152,
          217632,
          216160,
          216832,
          217472,
          224704,
          219200,
          219552,
          222240,
          219872,
          220960,
          223872,
          217888,
          218688,
          219296,
          227264,
          217184,
          216800,
          219232,
          220384,
          222304
        ],
        "applicable": true
      },
      {
        "kernel": "onpair_shmem_4tpt_vwidth4",
        "decode_ms": 0.111232,
        "decode_gib_s": 194.92295472073542,
        "decode_ns_iters": [
          115200,
          114336,
          115744,
          111232,
          112960,
          111904,
          112736,
          115072,
          114016,
          114048,
          112832,
          111488,
          113536,
          112736,
          112928,
          111968,
          118752,
          112320,
          112544,
          114208,
          121760,
          119712,
          114176,
          112416,
          113440,
          113440,
          119616,
          113696,
          113728,
          112576
        ],
        "applicable": true
      },
      {
        "kernel": "onpair_shmem_4tpt_vwidth4_b128",
        "decode_ms": 0.104032,
        "decode_gib_s": 208.41346988904223,
        "decode_ns_iters": [
          110272,
          107456,
          114272,
          106240,
          111040,
          106496,
          117056,
          109024,
          107072,
          108064,
          107296,
          107008,
          108832,
          107392,
          107552,
          104032,
          107680,
          108608,
          107264,
          108256,
          107776,
          108160,
          108928,
          106880,
          107136,
          105696,
          107936,
          105920,
          109664,
          107520
        ],
        "applicable": true
      },
      {
        "kernel": "onpair_shmem_4tpt_shdict8",
        "decode_ms": 0.118976,
        "decode_gib_s": 182.23566180991833,
        "decode_ns_iters": [
          121696,
          123104,
          128864,
          122400,
          122784,
          121184,
          123264,
          123008,
          121792,
          121536,
          121664,
          130752,
          121984,
          122240,
          122752,
          121664,
          123552,
          121632,
          122176,
          122592,
          122112,
          123200,
          121344,
          118976,
          122112,
          129600,
          122112,
          119392,
          120800,
          128736
        ],
        "applicable": true
      },
      {
        "kernel": "onpair_shmem_4tpt_ablate",
        "decode_ms": 0.104192,
        "decode_gib_s": 208.0934246342986,
        "decode_ns_iters": [
          105504,
          112576,
          105248,
          106080,
          105696,
          105216,
          113728,
          106432,
          104416,
          104864,
          104192,
          112000,
          106624,
          105696,
          107136,
          105760,
          106816,
          105984,
          105696,
          105280,
          105600,
          107520,
          104736,
          105792,
          105440,
          104480,
          107328,
          104576,
          106880,
          106080
        ],
        "applicable": true
      },
      {
        "kernel": "onpair_shmem_4tpt_ablate_nogather",
        "decode_ms": 0.100704,
        "decode_gib_s": 215.30098208111735,
        "decode_ns_iters": [
          104896,
          107168,
          105408,
          103008,
          102208,
          102336,
          103936,
          103040,
          101664,
          103552,
          101568,
          100704,
          104640,
          102976,
          101632,
          102880,
          117216,
          102016,
          102016,
          101664,
          110272,
          108768,
          103200,
          101888,
          102400,
          101184,
          108672,
          102560,
          103712,
          100896
        ],
        "applicable": true
      },
      {
        "kernel": "onpair_shmem_4tpt_ablate_noemit",
        "decode_ms": 0.093408,
        "decode_gib_s": 232.11791387779246,
        "decode_ns_iters": [
          96064,
          101952,
          96288,
          98272,
          96576,
          94592,
          96512,
          98624,
          97856,
          97088,
          94880,
          95136,
          101664,
          95168,
          93408,
          94976,
          96384,
          104256,
          100288,
          95072,
          96192,
          94784,
          104640,
          95776,
          96192,
          100224,
          106112,
          97600,
          95232,
          95968
        ],
        "applicable": true
      },
      {
        "kernel": "onpair_shmem_4tpt_ablate_nodrain",
        "decode_ms": 0.100256,
        "decode_gib_s": 216.26306754206075,
        "decode_ns_iters": [
          106528,
          102784,
          103936,
          112800,
          102560,
          104096,
          100640,
          100256,
          111904,
          103744,
          102176,
          102432,
          109504,
          103264,
          102048,
          100864,
          102048,
          103040,
          104704,
          103200,
          102400,
          103712,
          101792,
          103680,
          103968,
          102656,
          105152,
          102784,
          104000,
          104576
        ],
        "applicable": true
      },
      {
        "kernel": "onpair_shmem_4tpt_ablate_noscan",
        "decode_ms": 0.093344,
        "decode_gib_s": 232.2770622589223,
        "decode_ns_iters": [
          95104,
          100032,
          95168,
          96352,
          118624,
          97536,
          97184,
          93760,
          93344,
          96896,
          99008,
          96416,
          96320,
          97920,
          96416,
          97888,
          94464,
          97248,
          94880,
          95968,
          95680,
          96608,
          94976,
          94080,
          97088,
          98656,
          100832,
          98272,
          102368,
          96640
        ],
        "applicable": true
      },
      {
        "kernel": "onpair_shmem_4tpt_ablate_cfree",
        "decode_ms": 0.101536,
        "decode_gib_s": 213.53677611385953,
        "decode_ns_iters": [
          108480,
          102944,
          103456,
          102848,
          107744,
          107424,
          101536,
          105568,
          103072,
          103296,
          104480,
          103104,
          105856,
          103360,
          110368,
          103648,
          104160,
          105120,
          103072,
          111584,
          104832,
          104608,
          104416,
          112320,
          126912,
          104320,
          106624,
          103040,
          102144,
          104928
        ],
        "applicable": true
      },
      {
        "kernel": "onpair_shmem_s8",
        "decode_ms": 0.0,
        "decode_gib_s": 0.0,
        "applicable": false,
        "reason": "dictionary entry longer than 8 bytes"
      },
      {
        "kernel": "onpair_shmem_s8_2tpt",
        "decode_ms": 0.0,
        "decode_gib_s": 0.0,
        "applicable": false,
        "reason": "dictionary entry longer than 8 bytes"
      },
      {
        "kernel": "onpair_shmem_s8_4tpt",
        "decode_ms": 0.0,
        "decode_gib_s": 0.0,
        "applicable": false,
        "reason": "dictionary entry longer than 8 bytes"
      },
      {
        "kernel": "onpair_shmem_s8_8tpt",
        "decode_ms": 0.0,
        "decode_gib_s": 0.0,
        "applicable": false,
        "reason": "dictionary entry longer than 8 bytes"
      },
      {
        "kernel": "onpair_shmem_s4l1",
        "decode_ms": 0.0,
        "decode_gib_s": 0.0,
        "applicable": false,
        "reason": "dictionary entry longer than 4 bytes"
      },
      {
        "kernel": "onpair_shmem_s4l1_2tpt",
        "decode_ms": 0.0,
        "decode_gib_s": 0.0,
        "applicable": false,
        "reason": "dictionary entry longer than 4 bytes"
      },
      {
        "kernel": "onpair_shmem_s4l1_4tpt",
        "decode_ms": 0.0,
        "decode_gib_s": 0.0,
        "applicable": false,
        "reason": "dictionary entry longer than 4 bytes"
      },
      {
        "kernel": "onpair_shmem_s4l1_8tpt",
        "decode_ms": 0.0,
        "decode_gib_s": 0.0,
        "applicable": false,
        "reason": "dictionary entry longer than 4 bytes"
      },
      {
        "kernel": "onpair_shmem_s4l1_16tpt",
        "decode_ms": 0.0,
        "decode_gib_s": 0.0,
        "applicable": false,
        "reason": "dictionary entry longer than 4 bytes"
      },
      {
        "kernel": "onpair_shmem_s4l1_32tpt",
        "decode_ms": 0.0,
        "decode_gib_s": 0.0,
        "applicable": false,
        "reason": "dictionary entry longer than 4 bytes"
      },
      {
        "kernel": "onpair_shmem_const1",
        "decode_ms": 0.0,
        "decode_gib_s": 0.0,
        "applicable": false,
        "reason": "not every dictionary entry is exactly 1 byte"
      },
      {
        "kernel": "onpair_shmem_const2",
        "decode_ms": 0.0,
        "decode_gib_s": 0.0,
        "applicable": false,
        "reason": "not every dictionary entry is exactly 2 bytes"
      }
    ]
  }
}
==PROF== Disconnected from process 31991
==PROF== Report: /home/ubuntu/work/shdict_ncu_clickbench_MobilePhoneModel_b12_onpair_shmem_4tpt.ncu-rep
