==PROF== Connected to process 38977 (/home/ubuntu/work/target/release/onpair-chunk-bench)
2026-08-13T01:35:44.208629Z  INFO vortex_cuda: vortex-cuda/src/lib.rs:111: Registering CUDA kernels
==WARNING== Unable to access the following 6 metrics: ctc__rx_bytes_data_user.sum, ctc__rx_bytes_data_user.sum.pct_of_peak_sustained_elapsed, ctc__rx_bytes_data_user.sum.per_second, ctc__tx_bytes_data_user.sum, ctc__tx_bytes_data_user.sum.pct_of_peak_sustained_elapsed, ctc__tx_bytes_data_user.sum.per_second.


==PROF== Profiling "onpair_shmem_4tpt_split4read": 0%....50%....100% - 38 passes
==PROF== Profiling "onpair_shmem_4tpt_split4read": 0%....50%....100% - 38 passes
==PROF== Profiling "onpair_shmem_4tpt_split4read": 0%....50%....100% - 38 passes
==PROF== Profiling "onpair_shmem_4tpt_split4read": 0%....50%....100% - 38 passes
==PROF== Profiling "onpair_shmem_4tpt_split4read": 0%....50%....100% - 38 passes
==PROF== Profiling "onpair_shmem_4tpt_split4read": 0%....50%....100% - 38 passes
==PROF== Profiling "onpair_shmem_4tpt_split4read": 0%....50%....100% - 38 passes
==PROF== Profiling "onpair_shmem_4tpt_split4read": 0%....50%....100% - 38 passes
==PROF== Profiling "onpair_shmem_4tpt_split4read": 0%....50%....100% - 38 passes
==PROF== Profiling "onpair_shmem_4tpt_split4read": 0%....50%....100% - 38 passes
==PROF== Profiling "onpair_shmem_4tpt_split4read": 0%....50%....100% - 38 passes
==PROF== Profiling "onpair_shmem_4tpt_split4read": 0%....50%....100% - 38 passes
==PROF== Profiling "onpair_shmem_4tpt_split4read": 0%....50%....100% - 38 passes
==PROF== Profiling "onpair_shmem_4tpt_split4read": 0%....50%....100% - 38 passes
==PROF== Profiling "onpair_shmem_4tpt_split4read": 0%....50%....100% - 38 passes
==PROF== Profiling "onpair_shmem_4tpt_split4read": 0%....50%....100% - 38 passes
{
  "files": [
    "/home/ubuntu/work/vortex-bench/data/onpair-bench/clickbench/MobilePhoneModel/bits12_chunk1000mb_thr0.20/part_0000.vortex"
  ],
  "column": "MobilePhoneModel",
  "rows": 99997497,
  "in_memory_bytes": 32271695,
  "dict_bytes": 2173,
  "gpu": {
    "iterations": 30,
    "decoded_bytes": 23280516,
    "chunks": 1,
    "auto_kernel": "onpair_shmem_4tpt_split8read",
    "frac_le8": 0.9906985,
    "dict_mean_len": 4.183031,
    "dict_max_len": 16,
    "dict_entries_max": 672,
    "small_dict": true,
    "distinct_codes": 211,
    "access_top4096_frac": 1.0,
    "compressed_bytes": 11133793,
    "h2d_gib_s": 8.788287757507376,
    "whole_decompress_gib_s": 17.328102746260086,
    "best_kernel": "onpair_shmem_4tpt_split4read_b128o12",
    "auto_decode_ms": 0.07136,
    "best_decode_ms": 0.06912,
    "validated": false,
    "auto_decode_gib_s": 303.8350630534871,
    "best_decode_gib_s": 313.6815697265168,
    "kernels": [
      {
        "kernel": "onpair_shmem",
        "decode_ms": 0.090752,
        "decode_gib_s": 238.91120966476598,
        "decode_ns_iters": [
          90976,
          91616,
          95296,
          93408,
          95264,
          94336,
          94464,
          94528,
          93344,
          94240,
          93216,
          93888,
          94528,
          94528,
          96000,
          95328,
          94944,
          95328,
          91520,
          94880,
          93312,
          95488,
          94048,
          93376,
          93056,
          92704,
          92960,
          93888,
          103104,
          90752
        ],
        "applicable": true
      },
      {
        "kernel": "onpair_shmem_2tpt",
        "decode_ms": 0.080544,
        "decode_gib_s": 269.1903816485007,
        "decode_ns_iters": [
          82752,
          82112,
          81824,
          81824,
          83264,
          80864,
          80832,
          83424,
          82144,
          81504,
          80896,
          83264,
          81696,
          82400,
          84672,
          81344,
          81280,
          81312,
          81504,
          80832,
          89280,
          82688,
          80608,
          92448,
          82208,
          80544,
          82272,
          84480,
          83616,
          82240
        ],
        "applicable": true
      },
      {
        "kernel": "onpair_shmem_4tpt",
        "decode_ms": 0.078016,
        "decode_gib_s": 277.91312166090086,
        "decode_ns_iters": [
          80800,
          80768,
          80960,
          80800,
          80384,
          80768,
          79424,
          79424,
          78496,
          79776,
          78880,
          78464,
          79392,
          78976,
          81920,
          78240,
          79232,
          78720,
          79680,
          78016,
          78784,
          79424,
          78048,
          78560,
          78144,
          80832,
          79840,
          80544,
          81152,
          80832
        ],
        "applicable": true
      },
      {
        "kernel": "onpair_shmem_4tpt_wpb8",
        "decode_ms": 0.074912,
        "decode_gib_s": 289.42853080276643,
        "decode_ns_iters": [
          77792,
          86720,
          77440,
          76480,
          76288,
          76608,
          76960,
          76704,
          76224,
          77216,
          76736,
          77088,
          77312,
          75232,
          76384,
          74912,
          76832,
          76224,
          76320,
          75968,
          77536,
          79040,
          76128,
          78208,
          77120,
          76256,
          76416,
          80736,
          79168,
          75072
        ],
        "applicable": true
      },
      {
        "kernel": "onpair_shmem_4tpt_wpb8_occ",
        "decode_ms": 0.0736,
        "decode_gib_s": 294.5879089605549,
        "decode_ns_iters": [
          77312,
          77760,
          75936,
          76704,
          74656,
          75008,
          83392,
          74336,
          77440,
          74848,
          75840,
          73600,
          76096,
          78016,
          75584,
          76576,
          75360,
          75840,
          78144,
          83808,
          76768,
          76000,
          77088,
          76512,
          75008,
          76352,
          76320,
          76192,
          76704,
          76000
        ],
        "applicable": true
      },
      {
        "kernel": "onpair_shmem_4tpt_b128",
        "decode_ms": 0.0744,
        "decode_gib_s": 291.4202970362479,
        "decode_ns_iters": [
          77696,
          77376,
          76768,
          77152,
          76864,
          76896,
          77856,
          74400,
          78016,
          75936,
          76608,
          83200,
          75456,
          79968,
          76544,
          78272,
          76832,
          77312,
          75808,
          76544,
          77760,
          75808,
          77536,
          76384,
          82880,
          76288,
          75968,
          77024,
          75872,
          76768
        ],
        "applicable": true
      },
      {
        "kernel": "onpair_shmem_4tpt_o6",
        "decode_ms": 0.074528,
        "decode_gib_s": 290.9197898708786,
        "decode_ns_iters": [
          77056,
          77184,
          76000,
          85184,
          75104,
          76320,
          77888,
          74528,
          77408,
          78144,
          77120,
          75584,
          75456,
          76096,
          77184,
          76352,
          82752,
          76992,
          77792,
          75680,
          78048,
          76384,
          78976,
          75328,
          76832,
          77568,
          74944,
          76800,
          76704,
          85120
        ],
        "applicable": true
      },
      {
        "kernel": "onpair_shmem_4tpt_b512o3",
        "decode_ms": 0.07488,
        "decode_gib_s": 289.5522182090924,
        "decode_ns_iters": [
          75104,
          76704,
          76032,
          76352,
          75008,
          75488,
          76000,
          75648,
          76512,
          76032,
          75936,
          74880,
          76096,
          77952,
          82368,
          83232,
          76256,
          77504,
          76448,
          75168,
          77504,
          76736,
          78016,
          75712,
          76064,
          75872,
          75904,
          77280,
          76992,
          78048
        ],
        "applicable": true
      },
      {
        "kernel": "onpair_shmem_4tpt_b128o12",
        "decode_ms": 0.073888,
        "decode_gib_s": 293.43966678617426,
        "decode_ns_iters": [
          75104,
          77568,
          75936,
          75424,
          75744,
          76736,
          83968,
          83552,
          74528,
          77280,
          74880,
          75552,
          78016,
          75040,
          78560,
          73888,
          75488,
          74432,
          75520,
          75488,
          75456,
          77632,
          76224,
          75488,
          76768,
          74784,
          75808,
          82304,
          76992,
          76288
        ],
        "applicable": true
      },
      {
        "kernel": "onpair_shmem_4tpt_b64",
        "decode_ms": 0.074272,
        "decode_gib_s": 291.922529344798,
        "decode_ns_iters": [
          78208,
          75968,
          75552,
          76160,
          76288,
          75680,
          77440,
          77632,
          75360,
          74560,
          75648,
          75328,
          78464,
          76960,
          77056,
          74272,
          76704,
          76768,
          75488,
          83200,
          76288,
          77120,
          76576,
          74688,
          76512,
          76672,
          77504,
          76384,
          76800,
          76832
        ],
        "applicable": true
      },
      {
        "kernel": "onpair_shmem_4tpt_b64o24",
        "decode_ms": 0.074272,
        "decode_gib_s": 291.922529344798,
        "decode_ns_iters": [
          78976,
          75904,
          75200,
          75104,
          75328,
          76704,
          74976,
          76096,
          75552,
          77088,
          74944,
          81920,
          76736,
          76064,
          77536,
          75584,
          76384,
          78784,
          76864,
          76416,
          74272,
          75936,
          76512,
          76704,
          77376,
          75840,
          76352,
          76352,
          74368,
          76544
        ],
        "applicable": true
      },
      {
        "kernel": "onpair_shmem_4tpt_split8read_b128o12",
        "decode_ms": 0.07024,
        "decode_gib_s": 308.67981348941976,
        "decode_ns_iters": [
          70240,
          71552,
          70560,
          77888,
          71904,
          71008,
          70464,
          72160,
          70752,
          76096,
          73184,
          72416,
          71584,
          71936,
          73952,
          71200,
          73760,
          71136,
          70528,
          73216,
          73088,
          73568,
          74144,
          73728,
          71968,
          73280,
          72480,
          71456,
          80544,
          73120
        ],
        "applicable": true
      },
      {
        "kernel": "onpair_shmem_4tpt_split8read_occ",
        "decode_ms": 0.071104,
        "decode_gib_s": 304.9289786720415,
        "decode_ns_iters": [
          79648,
          75488,
          71968,
          72192,
          73760,
          71936,
          74976,
          75552,
          74336,
          73120,
          71104,
          74816,
          71168,
          83232,
          72864,
          73056,
          72384,
          71104,
          74240,
          72352,
          84384,
          74208,
          73504,
          74144,
          73792,
          72928,
          72640,
          73920,
          73088,
          74944
        ],
        "applicable": true
      },
      {
        "kernel": "onpair_shmem_4tpt_split8",
        "decode_ms": 0.073664,
        "decode_gib_s": 294.3319681187126,
        "decode_ns_iters": [
          75168,
          76800,
          74880,
          73920,
          75744,
          76352,
          77184,
          75264,
          75968,
          74816,
          75808,
          76512,
          75584,
          76320,
          74880,
          74144,
          76832,
          77696,
          75968,
          75008,
          76608,
          75296,
          73664,
          83392,
          74656,
          76032,
          74176,
          74976,
          76480,
          73824
        ],
        "applicable": true
      },
      {
        "kernel": "onpair_shmem_4tpt_split8_wpb8",
        "decode_ms": 0.071424,
        "decode_gib_s": 303.5628094127582,
        "decode_ns_iters": [
          74208,
          76224,
          74656,
          72320,
          73568,
          71424,
          74752,
          73344,
          75456,
          72000,
          73728,
          75040,
          74304,
          73248,
          71968,
          80992,
          72768,
          73600,
          73952,
          72992,
          75040,
          71808,
          74624,
          75648,
          71424,
          73248,
          73120,
          86304,
          82176,
          73664
        ],
        "applicable": true
      },
      {
        "kernel": "onpair_shmem_4tpt_split8_wpb8_occ",
        "decode_ms": 0.070144,
        "decode_gib_s": 309.10227673780855,
        "decode_ns_iters": [
          82560,
          74784,
          73568,
          72608,
          71232,
          72832,
          75104,
          73120,
          74624,
          70144,
          72736,
          72736,
          73184,
          73728,
          73152,
          73376,
          72256,
          72544,
          81216,
          74656,
          81568,
          73088,
          72192,
          72128,
          72448,
          73856,
          72640,
          76384,
          71648,
          73312
        ],
        "applicable": true
      },
      {
        "kernel": "onpair_shmem_4tpt_pdict",
        "decode_ms": 0.08176,
        "decode_gib_s": 265.18676736175195,
        "decode_ns_iters": [
          87232,
          84704,
          83520,
          83232,
          84608,
          93024,
          84768,
          86208,
          84800,
          84608,
          84992,
          85152,
          86432,
          83520,
          85952,
          83584,
          85056,
          95264,
          90240,
          86656,
          85568,
          84128,
          86368,
          82592,
          84512,
          84256,
          83360,
          82464,
          82720,
          81760
        ],
        "applicable": true
      },
      {
        "kernel": "onpair_shmem_4tpt_vdict",
        "decode_ms": 0.081984,
        "decode_gib_s": 264.46221335256683,
        "decode_ns_iters": [
          87232,
          85152,
          86048,
          84736,
          85408,
          84256,
          81984,
          84992,
          83680,
          90784,
          94176,
          83904,
          84576,
          83232,
          83680,
          86080,
          84608,
          85760,
          83360,
          84544,
          84288,
          82816,
          84128,
          84768,
          86144,
          84640,
          84896,
          83808,
          84000,
          84320
        ],
        "applicable": true
      },
      {
        "kernel": "onpair_shmem_4tpt_split8read",
        "decode_ms": 0.07136,
        "decode_gib_s": 303.8350630534871,
        "decode_ns_iters": [
          75872,
          81344,
          79328,
          74880,
          74592,
          76384,
          74080,
          74272,
          74048,
          74752,
          75008,
          75456,
          74144,
          74144,
          73088,
          80384,
          74496,
          75840,
          71360,
          74496,
          73568,
          72896,
          76736,
          73856,
          79680,
          73952,
          74784,
          75232,
          78144,
          75072
        ],
        "applicable": true
      },
      {
        "kernel": "onpair_shmem_4tpt_ldcs",
        "decode_ms": 0.078048,
        "decode_gib_s": 277.79917614156466,
        "decode_ns_iters": [
          89024,
          84160,
          80160,
          80096,
          79296,
          82848,
          87072,
          80224,
          79424,
          80768,
          80960,
          80512,
          81024,
          80448,
          81216,
          80480,
          80544,
          81376,
          87296,
          90016,
          81312,
          80992,
          80448,
          78048,
          82112,
          81056,
          82880,
          78176,
          80032,
          80576
        ],
        "applicable": true
      },
      {
        "kernel": "onpair_shmem_4tpt_lenbucket",
        "decode_ms": 0.0,
        "decode_gib_s": 0.0,
        "applicable": false,
        "reason": "length-bucket dict not built (set ONPAIR_DICT_REORDER=lenbucket)"
      },
      {
        "kernel": "onpair_shmem_4tpt_lenbucket_b128",
        "decode_ms": 0.0,
        "decode_gib_s": 0.0,
        "applicable": false,
        "reason": "length-bucket dict not built (set ONPAIR_DICT_REORDER=lenbucket)"
      },
      {
        "kernel": "onpair_shmem_4tpt_regcache",
        "decode_ms": 0.080192,
        "decode_gib_s": 270.3719834833505,
        "decode_ns_iters": [
          85376,
          83808,
          83136,
          81632,
          84480,
          82816,
          84064,
          82432,
          83840,
          85216,
          83360,
          90144,
          83072,
          84928,
          82368,
          83424,
          84256,
          82400,
          85568,
          80576,
          82592,
          83424,
          81696,
          83584,
          84672,
          81472,
          82784,
          80192,
          82400,
          80224
        ],
        "applicable": true
      },
      {
        "kernel": "onpair_shmem_4tpt_split4read",
        "decode_ms": 0.07344,
        "decode_gib_s": 295.2297126837805,
        "decode_ns_iters": [
          1594810009,
          1584692478,
          1597066641,
          1590497613,
          1598720908,
          1587328672,
          1579644799,
          1592451930,
          1612266421,
          1594870329,
          1594076633,
          1601467729,
          1588160276,
          1611690164,
          127328,
          223744,
          76448,
          76096,
          73920,
          73696,
          75232,
          73440,
          74656,
          83584,
          76288,
          76192,
          76576,
          76704,
          76416,
          77248
        ],
        "applicable": true
      },
      {
        "kernel": "onpair_shmem_4tpt_split4read_b128o12",
        "decode_ms": 0.06912,
        "decode_gib_s": 313.6815697265168,
        "decode_ns_iters": [
          72384,
          72352,
          72896,
          71264,
          80032,
          71008,
          72288,
          69792,
          72960,
          72672,
          75264,
          74368,
          70464,
          72192,
          72224,
          69120,
          71840,
          71520,
          73248,
          71680,
          72416,
          72192,
          74240,
          80736,
          71104,
          73504,
          71168,
          72640,
          71392,
          73952
        ],
        "applicable": true
      },
      {
        "kernel": "onpair_shmem_4tpt_cluster_dsmem",
        "decode_ms": 0.13776,
        "decode_gib_s": 157.38726843421054,
        "decode_ns_iters": [
          153440,
          145056,
          137952,
          140256,
          139776,
          138080,
          141888,
          139552,
          140928,
          154432,
          138816,
          138816,
          140000,
          140992,
          139040,
          140320,
          141120,
          139072,
          139552,
          139104,
          139328,
          139232,
          140032,
          138656,
          148608,
          139872,
          139136,
          137760,
          139744,
          137952
        ],
        "applicable": true
      },
      {
        "kernel": "onpair_shmem_8tpt",
        "decode_ms": 0.073248,
        "decode_gib_s": 296.0035782478272,
        "decode_ns_iters": [
          78016,
          75456,
          76800,
          85728,
          75936,
          75456,
          75232,
          78432,
          77344,
          75136,
          77376,
          73248,
          85920,
          84000,
          76128,
          77984,
          75712,
          78976,
          77696,
          77536,
          81888,
          76992,
          78464,
          78016,
          79072,
          74240,
          84672,
          79200,
          76096,
          77632
        ],
        "applicable": true
      },
      {
        "kernel": "onpair_shmem_8tpt_b128",
        "decode_ms": 0.07504,
        "decode_gib_s": 288.93483608071483,
        "decode_ns_iters": [
          78176,
          76832,
          75040,
          77184,
          79072,
          78240,
          77536,
          77120,
          77504,
          77440,
          76256,
          85696,
          78784,
          78176,
          78080,
          77568,
          80224,
          76224,
          79712,
          76768,
          77024,
          77120,
          78368,
          77312,
          84032,
          78048,
          76480,
          77056,
          78528,
          78144
        ],
        "applicable": true
      },
      {
        "kernel": "onpair_shmem_4tpt_vwidth",
        "decode_ms": 0.101728,
        "decode_gib_s": 213.1337497984512,
        "decode_ns_iters": [
          106784,
          108416,
          104320,
          107776,
          104256,
          104960,
          105120,
          104608,
          103968,
          104160,
          104576,
          103520,
          102976,
          102976,
          101920,
          104896,
          103168,
          103200,
          102816,
          103616,
          103552,
          101728,
          105920,
          101952,
          103968,
          104192,
          102688,
          104352,
          102976,
          104064
        ],
        "applicable": true
      },
      {
        "kernel": "onpair_shmem_4tpt_vwidth_b128",
        "decode_ms": 0.188768,
        "decode_gib_s": 114.85882193749387,
        "decode_ns_iters": [
          194464,
          197856,
          189120,
          190112,
          191424,
          190304,
          190080,
          189984,
          192160,
          190464,
          189696,
          189536,
          190944,
          190464,
          192640,
          190336,
          191168,
          190144,
          190048,
          188768,
          193216,
          191392,
          192352,
          192608,
          189184,
          189152,
          191456,
          193952,
          195328,
          190336
        ],
        "applicable": true
      },
      {
        "kernel": "onpair_shmem_4tpt_vwidth4",
        "decode_ms": 0.080672,
        "decode_gib_s": 268.76326481922905,
        "decode_ns_iters": [
          86816,
          83552,
          85920,
          81952,
          83776,
          81792,
          82624,
          84928,
          84096,
          83712,
          82784,
          82272,
          83296,
          84128,
          84000,
          81216,
          84928,
          82816,
          84224,
          92864,
          87648,
          83200,
          81376,
          83136,
          83744,
          80736,
          83904,
          83360,
          84416,
          80672
        ],
        "applicable": true
      },
      {
        "kernel": "onpair_shmem_4tpt_vwidth4_b128",
        "decode_ms": 0.075648,
        "decode_gib_s": 286.6126017805737,
        "decode_ns_iters": [
          78304,
          78208,
          84384,
          77504,
          77824,
          78048,
          80064,
          78144,
          75680,
          76768,
          77568,
          76640,
          79104,
          79616,
          76896,
          77568,
          77760,
          77952,
          76928,
          75648,
          78624,
          77824,
          77504,
          77664,
          77216,
          77440,
          85312,
          78304,
          76960,
          78816
        ],
        "applicable": true
      },
      {
        "kernel": "onpair_shmem_4tpt_shdict8",
        "decode_ms": 0.090016,
        "decode_gib_s": 240.8646251721565,
        "decode_ns_iters": [
          95072,
          93088,
          94336,
          91840,
          93728,
          94336,
          90752,
          90688,
          91488,
          92128,
          93664,
          95040,
          93024,
          92768,
          93888,
          92128,
          94272,
          100832,
          94400,
          92672,
          92384,
          93152,
          92288,
          94592,
          94656,
          93472,
          93696,
          90016,
          94048,
          93728
        ],
        "applicable": true
      },
      {
        "kernel": "onpair_shmem_4tpt_ablate",
        "decode_ms": 0.07328,
        "decode_gib_s": 295.8743190433521,
        "decode_ns_iters": [
          75872,
          77120,
          75520,
          76160,
          77536,
          74656,
          76064,
          77408,
          75616,
          84608,
          75872,
          77088,
          76768,
          76448,
          76960,
          75680,
          78976,
          73280,
          76576,
          75584,
          76096,
          77504,
          77344,
          77216,
          75872,
          75712,
          75808,
          75072,
          76736,
          82560
        ],
        "applicable": true
      },
      {
        "kernel": "onpair_shmem_4tpt_ablate_nogather",
        "decode_ms": 0.07072,
        "decode_gib_s": 306.58470163315667,
        "decode_ns_iters": [
          73920,
          77056,
          74848,
          72928,
          73120,
          73536,
          75488,
          70720,
          82048,
          72416,
          74208,
          73344,
          74912,
          72352,
          73600,
          74848,
          73152,
          76832,
          74912,
          72704,
          74240,
          71776,
          75296,
          73056,
          73664,
          72512,
          72416,
          74720,
          82176,
          74112
        ],
        "applicable": true
      },
      {
        "kernel": "onpair_shmem_4tpt_ablate_noemit",
        "decode_ms": 0.063936,
        "decode_gib_s": 339.11521051515325,
        "decode_ns_iters": [
          66944,
          77664,
          66208,
          68864,
          66400,
          66496,
          67424,
          69664,
          68160,
          65984,
          66816,
          68192,
          65696,
          67648,
          73568,
          69504,
          64832,
          64384,
          67872,
          66720,
          65664,
          74272,
          69248,
          68000,
          67552,
          63936,
          65952,
          65056,
          70816,
          66208
        ],
        "applicable": true
      },
      {
        "kernel": "onpair_shmem_4tpt_ablate_nodrain",
        "decode_ms": 0.072,
        "decode_gib_s": 301.1343069374562,
        "decode_ns_iters": [
          75744,
          77120,
          73088,
          72928,
          74144,
          74464,
          74656,
          79968,
          75264,
          74336,
          75456,
          74240,
          74272,
          74816,
          76832,
          75104,
          73920,
          74400,
          76864,
          74400,
          75520,
          75424,
          74752,
          73504,
          82112,
          75904,
          79136,
          82368,
          74336,
          72000
        ],
        "applicable": true
      },
      {
        "kernel": "onpair_shmem_4tpt_ablate_noscan",
        "decode_ms": 0.061824,
        "decode_gib_s": 350.69989161970824,
        "decode_ns_iters": [
          77504,
          67264,
          67936,
          67776,
          68128,
          68000,
          84000,
          68288,
          66016,
          65184,
          65344,
          64640,
          64832,
          65408,
          69280,
          66752,
          66368,
          64000,
          63584,
          70656,
          74432,
          64672,
          66016,
          61824,
          66496,
          65472,
          65952,
          74208,
          65312,
          68672
        ],
        "applicable": true
      },
      {
        "kernel": "onpair_shmem_4tpt_ablate_cfree",
        "decode_ms": 0.071232,
        "decode_gib_s": 304.3810380095581,
        "decode_ns_iters": [
          86272,
          74656,
          74080,
          72160,
          73248,
          75136,
          74240,
          77088,
          72352,
          73536,
          72544,
          71616,
          74880,
          74592,
          76160,
          72448,
          72544,
          74976,
          74240,
          72992,
          71232,
          76160,
          74432,
          74240,
          73920,
          73056,
          75744,
          72288,
          72608,
          74080
        ],
        "applicable": true
      },
      {
        "kernel": "onpair_shmem_s8",
        "decode_ms": 0.0,
        "decode_gib_s": 0.0,
        "applicable": false,
        "reason": "dictionary entry longer than 8 bytes"
      },
      {
        "kernel": "onpair_shmem_s8_2tpt",
        "decode_ms": 0.0,
        "decode_gib_s": 0.0,
        "applicable": false,
        "reason": "dictionary entry longer than 8 bytes"
      },
      {
        "kernel": "onpair_shmem_s8_4tpt",
        "decode_ms": 0.0,
        "decode_gib_s": 0.0,
        "applicable": false,
        "reason": "dictionary entry longer than 8 bytes"
      },
      {
        "kernel": "onpair_shmem_s8_8tpt",
        "decode_ms": 0.0,
        "decode_gib_s": 0.0,
        "applicable": false,
        "reason": "dictionary entry longer than 8 bytes"
      },
      {
        "kernel": "onpair_shmem_s4l1",
        "decode_ms": 0.0,
        "decode_gib_s": 0.0,
        "applicable": false,
        "reason": "dictionary entry longer than 4 bytes"
      },
      {
        "kernel": "onpair_shmem_s4l1_2tpt",
        "decode_ms": 0.0,
        "decode_gib_s": 0.0,
        "applicable": false,
        "reason": "dictionary entry longer than 4 bytes"
      },
      {
        "kernel": "onpair_shmem_s4l1_4tpt",
        "decode_ms": 0.0,
        "decode_gib_s": 0.0,
        "applicable": false,
        "reason": "dictionary entry longer than 4 bytes"
      },
      {
        "kernel": "onpair_shmem_s4l1_8tpt",
        "decode_ms": 0.0,
        "decode_gib_s": 0.0,
        "applicable": false,
        "reason": "dictionary entry longer than 4 bytes"
      },
      {
        "kernel": "onpair_shmem_s4l1_16tpt",
        "decode_ms": 0.0,
        "decode_gib_s": 0.0,
        "applicable": false,
        "reason": "dictionary entry longer than 4 bytes"
      },
      {
        "kernel": "onpair_shmem_s4l1_32tpt",
        "decode_ms": 0.0,
        "decode_gib_s": 0.0,
        "applicable": false,
        "reason": "dictionary entry longer than 4 bytes"
      },
      {
        "kernel": "onpair_shmem_const1",
        "decode_ms": 0.0,
        "decode_gib_s": 0.0,
        "applicable": false,
        "reason": "not every dictionary entry is exactly 1 byte"
      },
      {
        "kernel": "onpair_shmem_const2",
        "decode_ms": 0.0,
        "decode_gib_s": 0.0,
        "applicable": false,
        "reason": "not every dictionary entry is exactly 2 bytes"
      }
    ]
  }
}
==PROF== Disconnected from process 38977
==PROF== Report: /home/ubuntu/work/shdict_ncu_clickbench_MobilePhoneModel_b12_split4read.ncu-rep
