==PROF== Connected to process 33920 (/home/ubuntu/work/target/release/onpair-chunk-bench)
2026-08-13T01:31:22.996579Z  INFO vortex_cuda: vortex-cuda/src/lib.rs:111: Registering CUDA kernels
==WARNING== Unable to access the following 6 metrics: ctc__rx_bytes_data_user.sum, ctc__rx_bytes_data_user.sum.pct_of_peak_sustained_elapsed, ctc__rx_bytes_data_user.sum.per_second, ctc__tx_bytes_data_user.sum, ctc__tx_bytes_data_user.sum.pct_of_peak_sustained_elapsed, ctc__tx_bytes_data_user.sum.per_second.


==PROF== Profiling "onpair_shmem_4tpt": 0%....50%....100% - 38 passes
==PROF== Profiling "onpair_shmem_4tpt": 0%....50%....100% - 38 passes
==PROF== Profiling "onpair_shmem_4tpt": 0%....50%....100% - 38 passes
==PROF== Profiling "onpair_shmem_4tpt": 0%....50%....100% - 38 passes
==PROF== Profiling "onpair_shmem_4tpt": 0%....50%....100% - 38 passes
==PROF== Profiling "onpair_shmem_4tpt": 0%....50%....100% - 38 passes
==PROF== Profiling "onpair_shmem_4tpt": 0%....50%....100% - 38 passes
==PROF== Profiling "onpair_shmem_4tpt": 0%....50%....100% - 38 passes
==PROF== Profiling "onpair_shmem_4tpt": 0%....50%....100% - 38 passes
==PROF== Profiling "onpair_shmem_4tpt": 0%....50%....100% - 38 passes
==PROF== Profiling "onpair_shmem_4tpt": 0%....50%....100% - 38 passes
==PROF== Profiling "onpair_shmem_4tpt": 0%....50%....100% - 38 passes
==PROF== Profiling "onpair_shmem_4tpt": 0%....50%....100% - 38 passes
==PROF== Profiling "onpair_shmem_4tpt": 0%....50%....100% - 38 passes
==PROF== Profiling "onpair_shmem_4tpt": 0%....50%....100% - 38 passes
==PROF== Profiling "onpair_shmem_4tpt": 0%....50%....100% - 38 passes
{
  "files": [
    "/home/ubuntu/work/vortex-bench/data/onpair-bench/clickbench/Referer/bits12_chunk1000mb_thr0.20/part_0000.vortex"
  ],
  "column": "Referer",
  "rows": 12527778,
  "in_memory_bytes": 405231368,
  "dict_bytes": 19273,
  "gpu": {
    "iterations": 30,
    "decoded_bytes": 999999983,
    "chunks": 1,
    "auto_kernel": "onpair_shmem_4tpt",
    "frac_le8": 0.8732638,
    "dict_mean_len": 3.977357,
    "dict_max_len": 16,
    "dict_entries_max": 4096,
    "small_dict": true,
    "distinct_codes": 4014,
    "access_top4096_frac": 1.0,
    "compressed_bytes": 502869881,
    "h2d_gib_s": 9.445748419518482,
    "whole_decompress_gib_s": 18.1901111823189,
    "best_kernel": "onpair_shmem_4tpt_split8read_b128o12",
    "auto_decode_ms": 1.61792,
    "best_decode_ms": 1.335232,
    "validated": false,
    "auto_decode_gib_s": 575.6295482984293,
    "best_decode_gib_s": 697.4986809655511,
    "kernels": [
      {
        "kernel": "onpair_shmem",
        "decode_ms": 2.2456,
        "decode_gib_s": 414.73216903410884,
        "decode_ns_iters": [
          2248000,
          2247712,
          2248480,
          2250464,
          2248960,
          2245824,
          2247872,
          2250208,
          2248224,
          2247808,
          2247392,
          2249024,
          2249024,
          2255392,
          2249920,
          2249248,
          2247424,
          2247584,
          2247360,
          2247840,
          2251232,
          2245792,
          2250816,
          2247488,
          2245760,
          2254688,
          2247136,
          2245792,
          2255904,
          2245600
        ],
        "applicable": true
      },
      {
        "kernel": "onpair_shmem_2tpt",
        "decode_ms": 1.628352,
        "decode_gib_s": 571.9417907080255,
        "decode_ns_iters": [
          1629408,
          1631040,
          1629600,
          1629248,
          1630368,
          1629888,
          1630624,
          1630944,
          1630176,
          1632320,
          1631296,
          1631264,
          1633056,
          1629664,
          1638848,
          1632480,
          1631936,
          1637952,
          1630848,
          1630144,
          1628640,
          1629088,
          1630976,
          1631136,
          1628352,
          1628800,
          1630496,
          1630720,
          1637632,
          1630368
        ],
        "applicable": true
      },
      {
        "kernel": "onpair_shmem_4tpt",
        "decode_ms": 1.61792,
        "decode_gib_s": 575.6295482984293,
        "decode_ns_iters": [
          2164229631,
          2156538725,
          2149965048,
          2148951530,
          2150038719,
          2172329664,
          2166149616,
          2175472498,
          2142984629,
          2147749186,
          2169889212,
          2158040762,
          2173546791,
          2178111315,
          1675136,
          1637536,
          1671328,
          1624992,
          1624192,
          1621952,
          1625600,
          1617920,
          1622272,
          1619456,
          1619808,
          1619360,
          1629536,
          1618720,
          1622752,
          1623072
        ],
        "applicable": true
      },
      {
        "kernel": "onpair_shmem_4tpt_wpb8",
        "decode_ms": 1.562624,
        "decode_gib_s": 595.9991391294353,
        "decode_ns_iters": [
          1562784,
          1566080,
          1564608,
          1563904,
          1565728,
          1563328,
          1567008,
          1563584,
          1565152,
          1563296,
          1562656,
          1564992,
          1566208,
          1569472,
          1567840,
          1565536,
          1567616,
          1563616,
          1565312,
          1563552,
          1562624,
          1565408,
          1562976,
          1572608,
          1567008,
          1563808,
          1563200,
          1565216,
          1567904,
          1565152
        ],
        "applicable": true
      },
      {
        "kernel": "onpair_shmem_4tpt_wpb8_occ",
        "decode_ms": 1.49952,
        "decode_gib_s": 621.0804515998418,
        "decode_ns_iters": [
          1504512,
          1504032,
          1504064,
          1501408,
          1500192,
          1504320,
          1511776,
          1502624,
          1503488,
          1502688,
          1502656,
          1516640,
          1502560,
          1502880,
          1500448,
          1504864,
          1503936,
          1508352,
          1504352,
          1503584,
          1503168,
          1499520,
          1502080,
          1500256,
          1503200,
          1502304,
          1504352,
          1500320,
          1502624,
          1503520
        ],
        "applicable": true
      },
      {
        "kernel": "onpair_shmem_4tpt_b128",
        "decode_ms": 1.463744,
        "decode_gib_s": 636.2605474611645,
        "decode_ns_iters": [
          1477600,
          1468480,
          1467712,
          1466144,
          1467744,
          1467040,
          1468800,
          1475840,
          1470080,
          1466176,
          1466944,
          1466304,
          1469312,
          1467264,
          1473344,
          1466432,
          1466272,
          1463744,
          1465216,
          1475840,
          1465216,
          1464512,
          1468000,
          1467200,
          1465184,
          1466624,
          1467232,
          1466304,
          1467200,
          1469216
        ],
        "applicable": true
      },
      {
        "kernel": "onpair_shmem_4tpt_o6",
        "decode_ms": 1.436352,
        "decode_gib_s": 648.3943760185489,
        "decode_ns_iters": [
          1441472,
          1441824,
          1438464,
          1437632,
          1441792,
          1438656,
          1438688,
          1438560,
          1438656,
          1440320,
          1436352,
          1439104,
          1440160,
          1439584,
          1448608,
          1439616,
          1439200,
          1440064,
          1440032,
          1441632,
          1437440,
          1437760,
          1436416,
          1437344,
          1437408,
          1436352,
          1438816,
          1436928,
          1437504,
          1437632
        ],
        "applicable": true
      },
      {
        "kernel": "onpair_shmem_4tpt_b512o3",
        "decode_ms": 1.436064,
        "decode_gib_s": 648.5244103208456,
        "decode_ns_iters": [
          1436480,
          1437984,
          1436576,
          1439008,
          1437376,
          1437088,
          1444256,
          1437024,
          1438880,
          1436448,
          1439744,
          1436192,
          1437568,
          1437664,
          1436960,
          1437824,
          1437664,
          1440768,
          1437696,
          1437184,
          1437312,
          1436096,
          1438336,
          1441984,
          1436064,
          1439648,
          1441216,
          1437248,
          1438272,
          1438976
        ],
        "applicable": true
      },
      {
        "kernel": "onpair_shmem_4tpt_b128o12",
        "decode_ms": 1.439552,
        "decode_gib_s": 646.9530512152355,
        "decode_ns_iters": [
          1444448,
          1444128,
          1443200,
          1441568,
          1442400,
          1443328,
          1443232,
          1443392,
          1443392,
          1443296,
          1443968,
          1441056,
          1443328,
          1442720,
          1443936,
          1442240,
          1442400,
          1440928,
          1442112,
          1443232,
          1439552,
          1440960,
          1441568,
          1441472,
          1448288,
          1441440,
          1443008,
          1440640,
          1440736,
          1440992
        ],
        "applicable": true
      },
      {
        "kernel": "onpair_shmem_4tpt_b64",
        "decode_ms": 1.462912,
        "decode_gib_s": 636.6224070777973,
        "decode_ns_iters": [
          1468352,
          1467072,
          1464544,
          1464384,
          1463584,
          1466240,
          1473984,
          1464992,
          1465888,
          1464256,
          1463296,
          1463680,
          1465760,
          1462912,
          1463648,
          1470880,
          1465344,
          1464512,
          1466528,
          1463424,
          1465088,
          1466912,
          1465504,
          1467328,
          1472352,
          1463808,
          1463360,
          1463744,
          1463968,
          1464992
        ],
        "applicable": true
      },
      {
        "kernel": "onpair_shmem_4tpt_b64o24",
        "decode_ms": 1.445504,
        "decode_gib_s": 644.2891605855085,
        "decode_ns_iters": [
          1447648,
          1450016,
          1449088,
          1449664,
          1448384,
          1448832,
          1449056,
          1446912,
          1449312,
          1446784,
          1448960,
          1447008,
          1446688,
          1449408,
          1449824,
          1449504,
          1448096,
          1456960,
          1447296,
          1450624,
          1450304,
          1445664,
          1445504,
          1445920,
          1449792,
          1449088,
          1447744,
          1448768,
          1448512,
          1450432
        ],
        "applicable": true
      },
      {
        "kernel": "onpair_shmem_4tpt_split8read_b128o12",
        "decode_ms": 1.335232,
        "decode_gib_s": 697.4986809655511,
        "decode_ns_iters": [
          1338464,
          1336928,
          1339232,
          1336192,
          1342656,
          1336544,
          1338272,
          1336032,
          1339040,
          1335968,
          1339456,
          1345088,
          1339744,
          1336960,
          1340544,
          1338048,
          1344608,
          1335776,
          1335616,
          1336096,
          1336000,
          1336512,
          1340416,
          1335392,
          1336800,
          1336384,
          1338720,
          1335232,
          1336576,
          1336096
        ],
        "applicable": true
      },
      {
        "kernel": "onpair_shmem_4tpt_split8read_occ",
        "decode_ms": 1.458752,
        "decode_gib_s": 638.437896765862,
        "decode_ns_iters": [
          1462976,
          1465952,
          1463680,
          1464416,
          1463456,
          1464320,
          1463904,
          1465728,
          1463936,
          1464032,
          1465728,
          1466464,
          1465376,
          1475040,
          1463104,
          1466496,
          1461376,
          1462368,
          1461888,
          1462688,
          1463552,
          1458752,
          1459936,
          1464032,
          1462112,
          1462816,
          1461440,
          1463360,
          1463136,
          1463712
        ],
        "applicable": true
      },
      {
        "kernel": "onpair_shmem_4tpt_split8",
        "decode_ms": 1.713824,
        "decode_gib_s": 543.4178531651994,
        "decode_ns_iters": [
          1717792,
          1717664,
          1713824,
          1714912,
          1717344,
          1716128,
          1724032,
          1715264,
          1717632,
          1716736,
          1715168,
          1717184,
          1719968,
          1716032,
          1717088,
          1714304,
          1715712,
          1714688,
          1722336,
          1721024,
          1716128,
          1714816,
          1718336,
          1716960,
          1716768,
          1716864,
          1718752,
          1714816,
          1718176,
          1715744
        ],
        "applicable": true
      },
      {
        "kernel": "onpair_shmem_4tpt_split8_wpb8",
        "decode_ms": 1.691872,
        "decode_gib_s": 550.4686872192427,
        "decode_ns_iters": [
          1697696,
          1695520,
          1692352,
          1694080,
          1693824,
          1693728,
          1694688,
          1693632,
          1703200,
          1694656,
          1695136,
          1692384,
          1693312,
          1692512,
          1696864,
          1695328,
          1692608,
          1694848,
          1691968,
          1694848,
          1693472,
          1692992,
          1697888,
          1691872,
          1695168,
          1694048,
          1694784,
          1692192,
          1693728,
          1693120
        ],
        "applicable": true
      },
      {
        "kernel": "onpair_shmem_4tpt_split8_wpb8_occ",
        "decode_ms": 1.620608,
        "decode_gib_s": 574.6747879703141,
        "decode_ns_iters": [
          1622752,
          1624608,
          1623968,
          1623680,
          1622368,
          1622848,
          1625408,
          1625216,
          1623936,
          1623424,
          1623072,
          1628704,
          1620608,
          1623232,
          1624352,
          1626624,
          1624000,
          1622080,
          1632352,
          1623936,
          1623392,
          1623808,
          1625248,
          1623936,
          1621888,
          1630944,
          1622304,
          1623104,
          1622944,
          1630752
        ],
        "applicable": true
      },
      {
        "kernel": "onpair_shmem_4tpt_pdict",
        "decode_ms": 2.046048,
        "decode_gib_s": 455.1811877253098,
        "decode_ns_iters": [
          2046048,
          2050016,
          2048704,
          2058720,
          2064288,
          2059296,
          2054816,
          2051456,
          2048192,
          2050752,
          2052160,
          2055136,
          2053056,
          2059872,
          2057856,
          2048096,
          2053760,
          2053120,
          2053120,
          2048064,
          2049920,
          2061568,
          2056032,
          2055168,
          2054240,
          2060160,
          2048768,
          2050080,
          2052096,
          2050048
        ],
        "applicable": true
      },
      {
        "kernel": "onpair_shmem_4tpt_vdict",
        "decode_ms": 2.814368,
        "decode_gib_s": 330.9171219907968,
        "decode_ns_iters": [
          2823456,
          2814368,
          2819552,
          2824576,
          2825056,
          2823712,
          2818304,
          2819584,
          2817440,
          2818912,
          2817632,
          2814848,
          2825280,
          2826400,
          2822496,
          2829728,
          2824032,
          2822112,
          2824288,
          2822144,
          2826560,
          2827360,
          2818464,
          2816352,
          2826816,
          2821536,
          2819424,
          2822336,
          2817888,
          2823520
        ],
        "applicable": true
      },
      {
        "kernel": "onpair_shmem_4tpt_split8read",
        "decode_ms": 1.580032,
        "decode_gib_s": 589.4327195797267,
        "decode_ns_iters": [
          1581760,
          1580640,
          1587360,
          1583968,
          1582368,
          1580032,
          1584768,
          1583520,
          1580928,
          1582464,
          1581536,
          1582592,
          1590976,
          1581120,
          1582720,
          1582656,
          1584224,
          1584448,
          1581568,
          1580384,
          1581408,
          1591136,
          1580576,
          1581536,
          1581120,
          1581824,
          1583712,
          1581888,
          1583584,
          1582656
        ],
        "applicable": true
      },
      {
        "kernel": "onpair_shmem_4tpt_ldcs",
        "decode_ms": 1.637344,
        "decode_gib_s": 568.8007888281234,
        "decode_ns_iters": [
          1640832,
          1640032,
          1640000,
          1637504,
          1641344,
          1641216,
          1642432,
          1644896,
          1648928,
          1640864,
          1640416,
          1647968,
          1643296,
          1644032,
          1642624,
          1639328,
          1640576,
          1643168,
          1641184,
          1642176,
          1639488,
          1642080,
          1641056,
          1642752,
          1642112,
          1639936,
          1639360,
          1637344,
          1640864,
          1641632
        ],
        "applicable": true
      },
      {
        "kernel": "onpair_shmem_4tpt_lenbucket",
        "decode_ms": 0.0,
        "decode_gib_s": 0.0,
        "applicable": false,
        "reason": "length-bucket dict not built (set ONPAIR_DICT_REORDER=lenbucket)"
      },
      {
        "kernel": "onpair_shmem_4tpt_lenbucket_b128",
        "decode_ms": 0.0,
        "decode_gib_s": 0.0,
        "applicable": false,
        "reason": "length-bucket dict not built (set ONPAIR_DICT_REORDER=lenbucket)"
      },
      {
        "kernel": "onpair_shmem_4tpt_regcache",
        "decode_ms": 1.782816,
        "decode_gib_s": 522.3884903338285,
        "decode_ns_iters": [
          1786912,
          1796544,
          1786048,
          1786336,
          1785312,
          1784128,
          1786560,
          1787744,
          1786624,
          1786976,
          1782816,
          1788064,
          1787584,
          1788128,
          1785248,
          1784672,
          1787360,
          1786112,
          1794048,
          1784640,
          1786464,
          1787584,
          1785376,
          1788192,
          1786624,
          1786944,
          1791552,
          1786944,
          1787648,
          1786208
        ],
        "applicable": true
      },
      {
        "kernel": "onpair_shmem_4tpt_split4read",
        "decode_ms": 1.65296,
        "decode_gib_s": 563.4271602355742,
        "decode_ns_iters": [
          1657056,
          1654752,
          1658304,
          1654144,
          1656512,
          1656192,
          1656800,
          1655456,
          1657216,
          1656544,
          1656640,
          1657728,
          1655712,
          1653664,
          1656096,
          1658112,
          1656864,
          1655264,
          1652960,
          1657280,
          1658144,
          1654432,
          1655104,
          1656736,
          1657408,
          1658240,
          1658016,
          1656192,
          1657664,
          1656832
        ],
        "applicable": true
      },
      {
        "kernel": "onpair_shmem_4tpt_split4read_b128o12",
        "decode_ms": 1.45568,
        "decode_gib_s": 639.7852266864934,
        "decode_ns_iters": [
          1459968,
          1458016,
          1466880,
          1459552,
          1458720,
          1459840,
          1458048,
          1459008,
          1459296,
          1455680,
          1458592,
          1457888,
          1458496,
          1458304,
          1457312,
          1457216,
          1466976,
          1459424,
          1458272,
          1462592,
          1459936,
          1458816,
          1458208,
          1457504,
          1457952,
          1457920,
          1457984,
          1458560,
          1458112,
          1457280
        ],
        "applicable": true
      },
      {
        "kernel": "onpair_shmem_4tpt_cluster_dsmem",
        "decode_ms": 6.549984,
        "decode_gib_s": 142.1869975228939,
        "decode_ns_iters": [
          6565792,
          6614592,
          6603136,
          6601408,
          6575936,
          6600576,
          6600832,
          6590368,
          6596480,
          6575168,
          6549984,
          6625472,
          6591168,
          6552352,
          6601792,
          6578176,
          6594560,
          6611360,
          6603360,
          6587680,
          6608352,
          6571968,
          6559872,
          6583360,
          6601472,
          6572480,
          6568960,
          6581728,
          6588352,
          6599264
        ],
        "applicable": true
      },
      {
        "kernel": "onpair_shmem_8tpt",
        "decode_ms": 1.455936,
        "decode_gib_s": 639.6727320314868,
        "decode_ns_iters": [
          1459392,
          1459840,
          1457760,
          1470496,
          1455936,
          1460160,
          1457216,
          1458144,
          1473440,
          1461280,
          1459264,
          1458912,
          1459104,
          1459104,
          1459744,
          1459968,
          1460192,
          1466720,
          1457344,
          1459904,
          1458368,
          1459904,
          1460352,
          1460064,
          1458080,
          1459488,
          1461824,
          1458592,
          1459552,
          1460128
        ],
        "applicable": true
      },
      {
        "kernel": "onpair_shmem_8tpt_b128",
        "decode_ms": 1.459904,
        "decode_gib_s": 637.9341099024283,
        "decode_ns_iters": [
          1463392,
          1462688,
          1462816,
          1464448,
          1461952,
          1464032,
          1463392,
          1463584,
          1461632,
          1463232,
          1463584,
          1462976,
          1463520,
          1469440,
          1461504,
          1462464,
          1462464,
          1463072,
          1464864,
          1462848,
          1461984,
          1459904,
          1470816,
          1460416,
          1462016,
          1461280,
          1464128,
          1462688,
          1460800,
          1463456
        ],
        "applicable": true
      },
      {
        "kernel": "onpair_shmem_4tpt_vwidth",
        "decode_ms": 5.05104,
        "decode_gib_s": 184.38233686191253,
        "decode_ns_iters": [
          5052960,
          5054048,
          5051040,
          5052576,
          5055296,
          5054272,
          5052288,
          5054368,
          5055168,
          5055360,
          5052512,
          5053952,
          5054880,
          5051712,
          5055616,
          5054336,
          5051392,
          5053632,
          5063104,
          5053824,
          5055456,
          5055808,
          5055808,
          5056064,
          5057600,
          5055712,
          5055872,
          5054912,
          5055456,
          5055168
        ],
        "applicable": true
      },
      {
        "kernel": "onpair_shmem_4tpt_vwidth_b128",
        "decode_ms": 6.502464,
        "decode_gib_s": 143.22609994964907,
        "decode_ns_iters": [
          6505664,
          6506688,
          6506240,
          6515104,
          6510656,
          6518688,
          6507936,
          6509600,
          6509952,
          6505920,
          6508960,
          6502528,
          6502464,
          6505376,
          6516480,
          6508576,
          6510016,
          6506720,
          6514016,
          6510912,
          6513696,
          6518784,
          6509792,
          6517184,
          6509152,
          6514112,
          6510912,
          6510208,
          6510144,
          6514496
        ],
        "applicable": true
      },
      {
        "kernel": "onpair_shmem_4tpt_vwidth4",
        "decode_ms": 2.008864,
        "decode_gib_s": 463.6065750508719,
        "decode_ns_iters": [
          2011648,
          2013408,
          2010880,
          2010656,
          2013152,
          2011552,
          2012928,
          2011360,
          2012704,
          2013152,
          2013536,
          2009984,
          2011872,
          2011424,
          2013312,
          2010432,
          2021280,
          2011328,
          2010912,
          2011232,
          2009408,
          2013024,
          2012256,
          2012768,
          2010784,
          2010336,
          2008864,
          2016640,
          2014528,
          2010368
        ],
        "applicable": true
      },
      {
        "kernel": "onpair_shmem_4tpt_vwidth4_b128",
        "decode_ms": 1.452,
        "decode_gib_s": 641.4067209249275,
        "decode_ns_iters": [
          1457600,
          1455680,
          1457888,
          1459456,
          1470464,
          1457376,
          1461280,
          1459456,
          1459776,
          1458048,
          1458784,
          1462336,
          1453440,
          1453376,
          1455360,
          1457440,
          1455296,
          1452896,
          1454368,
          1459776,
          1452000,
          1460128,
          1457504,
          1456064,
          1456992,
          1453792,
          1459776,
          1457856,
          1459552,
          1459200
        ],
        "applicable": true
      },
      {
        "kernel": "onpair_shmem_4tpt_shdict8",
        "decode_ms": 2.860512,
        "decode_gib_s": 325.5789728492643,
        "decode_ns_iters": [
          2879136,
          2874688,
          2869920,
          2875584,
          2876096,
          2885248,
          2875232,
          2868192,
          2867200,
          2874368,
          2885632,
          2869920,
          2873984,
          2870976,
          2863616,
          2873920,
          2871616,
          2867488,
          2870336,
          2860512,
          2868736,
          2873952,
          2872064,
          2871104,
          2864864,
          2873184,
          2877024,
          2870688,
          2873472,
          2864384
        ],
        "applicable": true
      },
      {
        "kernel": "onpair_shmem_4tpt_ablate",
        "decode_ms": 1.441888,
        "decode_gib_s": 645.9049238103062,
        "decode_ns_iters": [
          1443040,
          1442880,
          1445632,
          1442528,
          1443264,
          1442656,
          1443104,
          1443808,
          1444192,
          1450624,
          1441888,
          1445152,
          1445184,
          1444992,
          1443840,
          1444096,
          1450592,
          1443392,
          1442400,
          1442048,
          1442784,
          1443552,
          1442080,
          1446208,
          1443136,
          1442592,
          1444832,
          1442752,
          1444256,
          1443296
        ],
        "applicable": true
      },
      {
        "kernel": "onpair_shmem_4tpt_ablate_nogather",
        "decode_ms": 1.068672,
        "decode_gib_s": 871.4765229958253,
        "decode_ns_iters": [
          1073344,
          1073472,
          1071072,
          1074464,
          1070464,
          1068672,
          1073376,
          1069984,
          1072352,
          1071296,
          1079904,
          1079552,
          1070624,
          1071936,
          1070784,
          1071328,
          1069920,
          1071008,
          1070560,
          1069536,
          1071968,
          1069056,
          1070528,
          1071104,
          1073856,
          1071040,
          1068864,
          1071616,
          1070784,
          1073120
        ],
        "applicable": true
      },
      {
        "kernel": "onpair_shmem_4tpt_ablate_noemit",
        "decode_ms": 0.817184,
        "decode_gib_s": 1139.6730219668946,
        "decode_ns_iters": [
          828864,
          830304,
          821920,
          827296,
          827424,
          821760,
          827104,
          832416,
          825472,
          829632,
          830560,
          834560,
          821216,
          824320,
          820640,
          830560,
          826816,
          819968,
          825344,
          838848,
          822688,
          820800,
          825568,
          825152,
          825600,
          817184,
          818944,
          822848,
          826016,
          824768
        ],
        "applicable": true
      },
      {
        "kernel": "onpair_shmem_4tpt_ablate_nodrain",
        "decode_ms": 1.315232,
        "decode_gib_s": 708.1051546670053,
        "decode_ns_iters": [
          1317984,
          1317792,
          1317344,
          1315232,
          1322368,
          1315264,
          1316352,
          1316480,
          1317056,
          1316544,
          1316960,
          1316576,
          1318016,
          1317248,
          1315488,
          1316096,
          1316576,
          1317568,
          1316608,
          1317088,
          1319776,
          1323104,
          1317952,
          1317312,
          1316640,
          1317824,
          1316096,
          1317472,
          1318560,
          1317696
        ],
        "applicable": true
      },
      {
        "kernel": "onpair_shmem_4tpt_ablate_noscan",
        "decode_ms": 0.9928,
        "decode_gib_s": 938.0767111029359,
        "decode_ns_iters": [
          995232,
          998304,
          1000832,
          1000320,
          998720,
          992800,
          998464,
          998432,
          1000896,
          1002464,
          995456,
          993376,
          993696,
          995904,
          998368,
          999040,
          995200,
          1001120,
          997056,
          995392,
          1002848,
          998784,
          997792,
          999168,
          996096,
          994880,
          996032,
          996256,
          995200,
          999424
        ],
        "applicable": true
      },
      {
        "kernel": "onpair_shmem_4tpt_ablate_cfree",
        "decode_ms": 1.37376,
        "decode_gib_s": 677.9368730950055,
        "decode_ns_iters": [
          1374752,
          1375680,
          1375264,
          1374304,
          1373760,
          1375232,
          1381056,
          1375008,
          1374304,
          1379616,
          1375520,
          1373920,
          1377376,
          1374592,
          1376736,
          1374880,
          1375936,
          1375232,
          1374880,
          1375712,
          1375392,
          1374752,
          1377856,
          1383488,
          1376992,
          1374720,
          1375808,
          1373952,
          1376640,
          1384896
        ],
        "applicable": true
      },
      {
        "kernel": "onpair_shmem_s8",
        "decode_ms": 0.0,
        "decode_gib_s": 0.0,
        "applicable": false,
        "reason": "dictionary entry longer than 8 bytes"
      },
      {
        "kernel": "onpair_shmem_s8_2tpt",
        "decode_ms": 0.0,
        "decode_gib_s": 0.0,
        "applicable": false,
        "reason": "dictionary entry longer than 8 bytes"
      },
      {
        "kernel": "onpair_shmem_s8_4tpt",
        "decode_ms": 0.0,
        "decode_gib_s": 0.0,
        "applicable": false,
        "reason": "dictionary entry longer than 8 bytes"
      },
      {
        "kernel": "onpair_shmem_s8_8tpt",
        "decode_ms": 0.0,
        "decode_gib_s": 0.0,
        "applicable": false,
        "reason": "dictionary entry longer than 8 bytes"
      },
      {
        "kernel": "onpair_shmem_s4l1",
        "decode_ms": 0.0,
        "decode_gib_s": 0.0,
        "applicable": false,
        "reason": "dictionary entry longer than 4 bytes"
      },
      {
        "kernel": "onpair_shmem_s4l1_2tpt",
        "decode_ms": 0.0,
        "decode_gib_s": 0.0,
        "applicable": false,
        "reason": "dictionary entry longer than 4 bytes"
      },
      {
        "kernel": "onpair_shmem_s4l1_4tpt",
        "decode_ms": 0.0,
        "decode_gib_s": 0.0,
        "applicable": false,
        "reason": "dictionary entry longer than 4 bytes"
      },
      {
        "kernel": "onpair_shmem_s4l1_8tpt",
        "decode_ms": 0.0,
        "decode_gib_s": 0.0,
        "applicable": false,
        "reason": "dictionary entry longer than 4 bytes"
      },
      {
        "kernel": "onpair_shmem_s4l1_16tpt",
        "decode_ms": 0.0,
        "decode_gib_s": 0.0,
        "applicable": false,
        "reason": "dictionary entry longer than 4 bytes"
      },
      {
        "kernel": "onpair_shmem_s4l1_32tpt",
        "decode_ms": 0.0,
        "decode_gib_s": 0.0,
        "applicable": false,
        "reason": "dictionary entry longer than 4 bytes"
      },
      {
        "kernel": "onpair_shmem_const1",
        "decode_ms": 0.0,
        "decode_gib_s": 0.0,
        "applicable": false,
        "reason": "not every dictionary entry is exactly 1 byte"
      },
      {
        "kernel": "onpair_shmem_const2",
        "decode_ms": 0.0,
        "decode_gib_s": 0.0,
        "applicable": false,
        "reason": "not every dictionary entry is exactly 2 bytes"
      }
    ]
  }
}
==PROF== Disconnected from process 33920
==PROF== Report: /home/ubuntu/work/shdict_ncu_clickbench_Referer_b12_onpair_shmem_4tpt.ncu-rep
