==PROF== Connected to process 37197 (/home/ubuntu/work/target/release/onpair-chunk-bench)
2026-08-13T01:34:31.064723Z  INFO vortex_cuda: vortex-cuda/src/lib.rs:111: Registering CUDA kernels
==WARNING== Unable to access the following 6 metrics: ctc__rx_bytes_data_user.sum, ctc__rx_bytes_data_user.sum.pct_of_peak_sustained_elapsed, ctc__rx_bytes_data_user.sum.per_second, ctc__tx_bytes_data_user.sum, ctc__tx_bytes_data_user.sum.pct_of_peak_sustained_elapsed, ctc__tx_bytes_data_user.sum.per_second.


==PROF== Profiling "onpair_shmem_4tpt_split8read": 0%....50%....100% - 38 passes
==PROF== Profiling "onpair_shmem_4tpt_split8read": 0%....50%....100% - 38 passes
==PROF== Profiling "onpair_shmem_4tpt_split8read": 0%....50%....100% - 38 passes
==PROF== Profiling "onpair_shmem_4tpt_split8read": 0%....50%....100% - 38 passes
==PROF== Profiling "onpair_shmem_4tpt_split8read": 0%....50%....100% - 38 passes
==PROF== Profiling "onpair_shmem_4tpt_split8read": 0%....50%....100% - 38 passes
==PROF== Profiling "onpair_shmem_4tpt_split8read": 0%....50%....100% - 38 passes
==PROF== Profiling "onpair_shmem_4tpt_split8read": 0%....50%....100% - 38 passes
==PROF== Profiling "onpair_shmem_4tpt_split8read": 0%....50%....100% - 38 passes
==PROF== Profiling "onpair_shmem_4tpt_split8read": 0%....50%....100% - 38 passes
==PROF== Profiling "onpair_shmem_4tpt_split8read": 0%....50%....100% - 38 passes
==PROF== Profiling "onpair_shmem_4tpt_split8read": 0%....50%....100% - 38 passes
==PROF== Profiling "onpair_shmem_4tpt_split8read": 0%....50%....100% - 38 passes
==PROF== Profiling "onpair_shmem_4tpt_split8read": 0%....50%....100% - 38 passes
==PROF== Profiling "onpair_shmem_4tpt_split8read": 0%....50%....100% - 38 passes
==PROF== Profiling "onpair_shmem_4tpt_split8read": 0%....50%....100% - 38 passes
{
  "files": [
    "/home/ubuntu/work/vortex-bench/data/onpair-bench/synthetic/url/bits12_chunk1000mb_thr0.20/part_0000.vortex"
  ],
  "column": "url",
  "rows": 10000000,
  "in_memory_bytes": 97654043,
  "dict_bytes": 4296,
  "gpu": {
    "iterations": 30,
    "decoded_bytes": 923569389,
    "chunks": 1,
    "auto_kernel": "onpair_shmem_4tpt",
    "frac_le8": 0.21216194,
    "dict_mean_len": 11.37321,
    "dict_max_len": 16,
    "dict_entries_max": 879,
    "small_dict": true,
    "distinct_codes": 185,
    "access_top4096_frac": 1.0,
    "compressed_bytes": 162416577,
    "h2d_gib_s": 8.961884031786727,
    "whole_decompress_gib_s": 48.83871700810344,
    "best_kernel": "onpair_shmem_8tpt_b128",
    "auto_decode_ms": 0.733472,
    "best_decode_ms": 0.682912,
    "validated": false,
    "auto_decode_gib_s": 1172.697827864628,
    "best_decode_gib_s": 1259.5195591811603,
    "kernels": [
      {
        "kernel": "onpair_shmem",
        "decode_ms": 0.918464,
        "decode_gib_s": 936.4994394984719,
        "decode_ns_iters": [
          920320,
          919936,
          921376,
          919552,
          921440,
          921056,
          921568,
          923712,
          921056,
          924352,
          921408,
          922304,
          921792,
          919424,
          921920,
          920864,
          921248,
          922880,
          920544,
          921152,
          920608,
          931232,
          930528,
          921568,
          921120,
          918464,
          921440,
          920384,
          924960,
          922272
        ],
        "applicable": true
      },
      {
        "kernel": "onpair_shmem_2tpt",
        "decode_ms": 0.72928,
        "decode_gib_s": 1179.4386534657806,
        "decode_ns_iters": [
          732608,
          733440,
          734784,
          732416,
          732064,
          733280,
          732576,
          733248,
          729728,
          732768,
          732224,
          734528,
          734400,
          731936,
          733536,
          731136,
          733888,
          732800,
          730400,
          731584,
          730592,
          732256,
          730848,
          732480,
          730624,
          731584,
          729280,
          730336,
          732320,
          733024
        ],
        "applicable": true
      },
      {
        "kernel": "onpair_shmem_4tpt",
        "decode_ms": 0.733472,
        "decode_gib_s": 1172.697827864628,
        "decode_ns_iters": [
          737408,
          734464,
          736032,
          735232,
          734784,
          736544,
          737792,
          737408,
          738336,
          740032,
          737536,
          737280,
          739232,
          738464,
          733472,
          734944,
          736416,
          735360,
          735392,
          734848,
          734272,
          734144,
          736192,
          735488,
          736256,
          736640,
          734240,
          737600,
          739808,
          735520
        ],
        "applicable": true
      },
      {
        "kernel": "onpair_shmem_4tpt_wpb8",
        "decode_ms": 0.696704,
        "decode_gib_s": 1234.58602390617,
        "decode_ns_iters": [
          699424,
          699520,
          699776,
          698400,
          699648,
          698272,
          706080,
          699488,
          697760,
          699232,
          696704,
          706880,
          698144,
          698560,
          699424,
          701504,
          708736,
          698976,
          700544,
          700960,
          700512,
          706080,
          699360,
          700224,
          699424,
          700992,
          699424,
          700288,
          701216,
          698112
        ],
        "applicable": true
      },
      {
        "kernel": "onpair_shmem_4tpt_wpb8_occ",
        "decode_ms": 0.687488,
        "decode_gib_s": 1251.1360506649198,
        "decode_ns_iters": [
          690560,
          691776,
          690752,
          690496,
          689152,
          690400,
          692544,
          693856,
          692608,
          689728,
          695744,
          688576,
          691456,
          689984,
          690176,
          690976,
          689312,
          689664,
          689472,
          691584,
          692000,
          688160,
          689504,
          687968,
          696384,
          687488,
          689440,
          692192,
          692736,
          690688
        ],
        "applicable": true
      },
      {
        "kernel": "onpair_shmem_4tpt_b128",
        "decode_ms": 0.686656,
        "decode_gib_s": 1252.6520138169976,
        "decode_ns_iters": [
          688288,
          690016,
          686720,
          688576,
          687360,
          686656,
          688928,
          687200,
          688064,
          689728,
          688608,
          690976,
          690048,
          691328,
          687904,
          689376,
          687936,
          694624,
          688800,
          688768,
          687936,
          687840,
          688832,
          687552,
          688512,
          689312,
          688064,
          688480,
          689632,
          688160
        ],
        "applicable": true
      },
      {
        "kernel": "onpair_shmem_4tpt_o6",
        "decode_ms": 0.68576,
        "decode_gib_s": 1254.2887033357508,
        "decode_ns_iters": [
          688384,
          692544,
          687552,
          688736,
          686976,
          686336,
          687712,
          685760,
          689408,
          690112,
          691008,
          688288,
          688352,
          688928,
          688960,
          687904,
          686464,
          688288,
          686560,
          689824,
          689376,
          687712,
          687328,
          687104,
          687744,
          687200,
          687264,
          688768,
          686784,
          696416
        ],
        "applicable": true
      },
      {
        "kernel": "onpair_shmem_4tpt_b512o3",
        "decode_ms": 0.685344,
        "decode_gib_s": 1255.050049609429,
        "decode_ns_iters": [
          689952,
          689088,
          687744,
          688640,
          688864,
          688480,
          689344,
          688800,
          688224,
          685696,
          687616,
          687872,
          688224,
          695072,
          688096,
          687360,
          687616,
          687392,
          687776,
          685344,
          687712,
          688672,
          688288,
          687680,
          687488,
          689056,
          686816,
          695520,
          694080,
          686496
        ],
        "applicable": true
      },
      {
        "kernel": "onpair_shmem_4tpt_b128o12",
        "decode_ms": 0.687168,
        "decode_gib_s": 1251.7186789831953,
        "decode_ns_iters": [
          690432,
          689856,
          689408,
          687168,
          689024,
          688416,
          689536,
          688224,
          687328,
          688832,
          688288,
          687968,
          689472,
          689696,
          689792,
          688544,
          689152,
          688992,
          690336,
          689440,
          687712,
          695808,
          687936,
          689024,
          689856,
          696928,
          689472,
          688736,
          688832,
          687552
        ],
        "applicable": true
      },
      {
        "kernel": "onpair_shmem_4tpt_b64",
        "decode_ms": 0.68576,
        "decode_gib_s": 1254.2887033357508,
        "decode_ns_iters": [
          689216,
          689824,
          689824,
          690432,
          688576,
          688288,
          685760,
          689088,
          689248,
          690656,
          687776,
          687040,
          689088,
          688704,
          689120,
          687520,
          689728,
          688192,
          689792,
          689344,
          686752,
          688800,
          689632,
          689824,
          701280,
          690048,
          688032,
          688480,
          697792,
          697248
        ],
        "applicable": true
      },
      {
        "kernel": "onpair_shmem_4tpt_b64o24",
        "decode_ms": 0.686336,
        "decode_gib_s": 1253.2360552259017,
        "decode_ns_iters": [
          691360,
          691040,
          691136,
          688960,
          688512,
          690912,
          690688,
          689568,
          689760,
          689408,
          688704,
          689056,
          689952,
          690592,
          687232,
          688160,
          687264,
          697568,
          687648,
          687296,
          686496,
          687648,
          687040,
          687040,
          690048,
          687136,
          688224,
          687136,
          686336,
          687616
        ],
        "applicable": true
      },
      {
        "kernel": "onpair_shmem_4tpt_split8read_b128o12",
        "decode_ms": 0.715392,
        "decode_gib_s": 1202.3352528397359,
        "decode_ns_iters": [
          718336,
          716480,
          716704,
          716352,
          716768,
          717888,
          717312,
          727424,
          719680,
          720032,
          717472,
          715520,
          718176,
          716864,
          719168,
          716800,
          717856,
          716096,
          723392,
          724960,
          716864,
          719712,
          719808,
          718976,
          718016,
          716320,
          718624,
          715392,
          716192,
          716576
        ],
        "applicable": true
      },
      {
        "kernel": "onpair_shmem_4tpt_split8read_occ",
        "decode_ms": 0.713056,
        "decode_gib_s": 1206.2741512581401,
        "decode_ns_iters": [
          713696,
          716000,
          715232,
          713056,
          715424,
          714688,
          719808,
          716544,
          716736,
          717696,
          723168,
          727968,
          719136,
          718688,
          719744,
          718272,
          717696,
          717120,
          717696,
          715904,
          717600,
          722368,
          717120,
          719232,
          717792,
          719776,
          718496,
          718944,
          716928,
          717728
        ],
        "applicable": true
      },
      {
        "kernel": "onpair_shmem_4tpt_split8",
        "decode_ms": 0.772768,
        "decode_gib_s": 1113.0650094200646,
        "decode_ns_iters": [
          773824,
          775424,
          775776,
          772768,
          774848,
          773920,
          773856,
          775136,
          775808,
          775360,
          773248,
          777408,
          774912,
          775232,
          775296,
          774752,
          776704,
          776128,
          775648,
          774784,
          776192,
          776640,
          775680,
          776896,
          773312,
          775264,
          784736,
          780800,
          775136,
          774784
        ],
        "applicable": true
      },
      {
        "kernel": "onpair_shmem_4tpt_split8_wpb8",
        "decode_ms": 0.767584,
        "decode_gib_s": 1120.5822700831757,
        "decode_ns_iters": [
          769280,
          770816,
          768352,
          771424,
          767584,
          767712,
          768800,
          777248,
          769760,
          776384,
          769152,
          768768,
          770624,
          770496,
          771136,
          767936,
          769376,
          768608,
          770240,
          768064,
          772096,
          774144,
          768672,
          770176,
          768832,
          769216,
          770688,
          767840,
          767776,
          768576
        ],
        "applicable": true
      },
      {
        "kernel": "onpair_shmem_4tpt_split8_wpb8_occ",
        "decode_ms": 0.75712,
        "decode_gib_s": 1136.0696074592197,
        "decode_ns_iters": [
          760192,
          759456,
          758848,
          759648,
          758880,
          758816,
          762016,
          758688,
          760320,
          759232,
          758496,
          759808,
          758944,
          759264,
          759072,
          757120,
          759968,
          758592,
          760704,
          758784,
          759104,
          758816,
          760032,
          758688,
          759872,
          760544,
          757920,
          759008,
          759008,
          759232
        ],
        "applicable": true
      },
      {
        "kernel": "onpair_shmem_4tpt_pdict",
        "decode_ms": 0.863776,
        "decode_gib_s": 995.7917575847492,
        "decode_ns_iters": [
          871040,
          875232,
          869600,
          865024,
          873248,
          868960,
          877568,
          866752,
          867296,
          869440,
          870880,
          868896,
          869376,
          868352,
          875680,
          864096,
          863776,
          868032,
          867072,
          869216,
          871584,
          868992,
          869728,
          867264,
          872192,
          866272,
          868736,
          868704,
          871424,
          871200
        ],
        "applicable": true
      },
      {
        "kernel": "onpair_shmem_4tpt_vdict",
        "decode_ms": 1.336544,
        "decode_gib_s": 643.5560828521353,
        "decode_ns_iters": [
          1345248,
          1342240,
          1347904,
          1346496,
          1340768,
          1344512,
          1339904,
          1339808,
          1350112,
          1340928,
          1342944,
          1345760,
          1343904,
          1336928,
          1342720,
          1343232,
          1343680,
          1336864,
          1337408,
          1341952,
          1343840,
          1338208,
          1350688,
          1345280,
          1347648,
          1336544,
          1337184,
          1345600,
          1348448,
          1340480
        ],
        "applicable": true
      },
      {
        "kernel": "onpair_shmem_4tpt_split8read",
        "decode_ms": 0.72608,
        "decode_gib_s": 1184.6367083510418,
        "decode_ns_iters": [
          1817763567,
          1814676285,
          1794064045,
          1824269652,
          1798271775,
          1812768459,
          1817758083,
          1819316387,
          1798286200,
          1826256633,
          1832835674,
          1830486059,
          1821874142,
          1814504981,
          786464,
          733248,
          733984,
          732960,
          728864,
          730272,
          730880,
          727008,
          727712,
          726080,
          728384,
          734272,
          727264,
          726912,
          728672,
          727456
        ],
        "applicable": true
      },
      {
        "kernel": "onpair_shmem_4tpt_ldcs",
        "decode_ms": 0.735648,
        "decode_gib_s": 1169.2290622682647,
        "decode_ns_iters": [
          738432,
          737888,
          738848,
          736736,
          736064,
          739168,
          737088,
          738784,
          737056,
          736704,
          738784,
          736416,
          739008,
          735648,
          736224,
          737568,
          738080,
          739488,
          739648,
          746912,
          745568,
          738048,
          737696,
          737600,
          739488,
          744736,
          739264,
          738176,
          736352,
          738432
        ],
        "applicable": true
      },
      {
        "kernel": "onpair_shmem_4tpt_lenbucket",
        "decode_ms": 0.0,
        "decode_gib_s": 0.0,
        "applicable": false,
        "reason": "length-bucket dict not built (set ONPAIR_DICT_REORDER=lenbucket)"
      },
      {
        "kernel": "onpair_shmem_4tpt_lenbucket_b128",
        "decode_ms": 0.0,
        "decode_gib_s": 0.0,
        "applicable": false,
        "reason": "length-bucket dict not built (set ONPAIR_DICT_REORDER=lenbucket)"
      },
      {
        "kernel": "onpair_shmem_4tpt_regcache",
        "decode_ms": 0.83808,
        "decode_gib_s": 1026.3232879910322,
        "decode_ns_iters": [
          839776,
          839744,
          838784,
          840480,
          838336,
          838784,
          840928,
          840192,
          847264,
          839008,
          842368,
          840032,
          839808,
          840992,
          839616,
          838272,
          839904,
          838080,
          838912,
          839584,
          839712,
          839328,
          839744,
          840672,
          848864,
          841504,
          839904,
          846720,
          841920,
          840608
        ],
        "applicable": true
      },
      {
        "kernel": "onpair_shmem_4tpt_split4read",
        "decode_ms": 0.826752,
        "decode_gib_s": 1040.385776145113,
        "decode_ns_iters": [
          828480,
          828032,
          827840,
          828288,
          828672,
          827936,
          829504,
          829088,
          829696,
          829824,
          829056,
          839808,
          828416,
          827776,
          835744,
          828768,
          829056,
          828640,
          829056,
          826752,
          830240,
          829664,
          828768,
          830016,
          830464,
          830112,
          828160,
          827520,
          831200,
          829824
        ],
        "applicable": true
      },
      {
        "kernel": "onpair_shmem_4tpt_split4read_b128o12",
        "decode_ms": 0.812,
        "decode_gib_s": 1059.2869719205964,
        "decode_ns_iters": [
          813760,
          813952,
          812032,
          813984,
          814400,
          814560,
          821440,
          813600,
          813536,
          814080,
          812480,
          812640,
          812672,
          814304,
          812000,
          814240,
          812672,
          814176,
          820224,
          813600,
          812928,
          813568,
          813152,
          812448,
          812064,
          813440,
          813440,
          812544,
          812672,
          813920
        ],
        "applicable": true
      },
      {
        "kernel": "onpair_shmem_4tpt_cluster_dsmem",
        "decode_ms": 2.521824,
        "decode_gib_s": 341.07892588837456,
        "decode_ns_iters": [
          2534720,
          2538304,
          2533056,
          2530784,
          2537024,
          2541184,
          2539552,
          2535776,
          2546688,
          2544288,
          2529376,
          2532608,
          2538848,
          2539936,
          2537024,
          2533664,
          2538912,
          2553856,
          2533248,
          2530144,
          2547168,
          2529024,
          2537920,
          2536896,
          2542336,
          2535168,
          2535200,
          2539648,
          2536288,
          2521824
        ],
        "applicable": true
      },
      {
        "kernel": "onpair_shmem_8tpt",
        "decode_ms": 0.684288,
        "decode_gib_s": 1256.9868552415421,
        "decode_ns_iters": [
          686848,
          687936,
          688128,
          688352,
          687232,
          687456,
          687840,
          687392,
          687648,
          687136,
          685728,
          687104,
          686528,
          686912,
          691648,
          686304,
          684288,
          688928,
          685728,
          686464,
          686464,
          686400,
          687360,
          686208,
          688352,
          685344,
          685536,
          686624,
          693696,
          686592
        ],
        "applicable": true
      },
      {
        "kernel": "onpair_shmem_8tpt_b128",
        "decode_ms": 0.682912,
        "decode_gib_s": 1259.5195591811603,
        "decode_ns_iters": [
          686752,
          683712,
          682912,
          684512,
          683328,
          684960,
          686048,
          685664,
          685952,
          683104,
          684928,
          685920,
          685184,
          687104,
          685248,
          686592,
          686016,
          685984,
          686080,
          685248,
          686816,
          693792,
          686592,
          685280,
          686624,
          685792,
          684768,
          684832,
          685568,
          686784
        ],
        "applicable": true
      },
      {
        "kernel": "onpair_shmem_4tpt_vwidth",
        "decode_ms": 1.556448,
        "decode_gib_s": 552.6307471881646,
        "decode_ns_iters": [
          1561344,
          1560512,
          1558464,
          1559904,
          1559328,
          1561376,
          1559008,
          1559680,
          1559808,
          1559584,
          1561344,
          1559072,
          1560640,
          1561760,
          1567840,
          1559936,
          1558528,
          1564064,
          1558624,
          1557280,
          1558752,
          1559776,
          1559872,
          1556448,
          1557440,
          1559392,
          1559136,
          1558848,
          1560960,
          1558304
        ],
        "applicable": true
      },
      {
        "kernel": "onpair_shmem_4tpt_vwidth_b128",
        "decode_ms": 2.3712,
        "decode_gib_s": 362.74503255715433,
        "decode_ns_iters": [
          2380384,
          2378336,
          2379424,
          2375616,
          2378720,
          2376224,
          2371968,
          2375424,
          2377856,
          2372960,
          2371200,
          2390624,
          2376544,
          2388000,
          2373888,
          2377920,
          2379936,
          2377888,
          2378528,
          2376768,
          2378464,
          2379584,
          2377152,
          2378176,
          2372704,
          2376352,
          2380416,
          2374048,
          2376512,
          2375616
        ],
        "applicable": true
      },
      {
        "kernel": "onpair_shmem_4tpt_vwidth4",
        "decode_ms": 0.882336,
        "decode_gib_s": 974.8452077207825,
        "decode_ns_iters": [
          888160,
          897568,
          895552,
          893568,
          902656,
          898240,
          894688,
          897280,
          895904,
          900576,
          882336,
          895136,
          888352,
          897600,
          897312,
          889696,
          901600,
          899264,
          892192,
          899776,
          900096,
          899744,
          892192,
          894016,
          900672,
          896960,
          898880,
          891968,
          900608,
          897792
        ],
        "applicable": true
      },
      {
        "kernel": "onpair_shmem_4tpt_vwidth4_b128",
        "decode_ms": 0.72224,
        "decode_gib_s": 1190.9351755642508,
        "decode_ns_iters": [
          725728,
          725312,
          724704,
          724896,
          725632,
          724576,
          722240,
          724384,
          723328,
          724000,
          723296,
          724128,
          732768,
          725472,
          725088,
          724608,
          724288,
          723424,
          725888,
          726048,
          732480,
          724736,
          724288,
          726176,
          725952,
          723680,
          726304,
          723584,
          726048,
          731232
        ],
        "applicable": true
      },
      {
        "kernel": "onpair_shmem_4tpt_shdict8",
        "decode_ms": 1.1208,
        "decode_gib_s": 767.4348868660996,
        "decode_ns_iters": [
          1133152,
          1130016,
          1126080,
          1126176,
          1124704,
          1139456,
          1127232,
          1127392,
          1128864,
          1127616,
          1129088,
          1127264,
          1127200,
          1128704,
          1124032,
          1123840,
          1127936,
          1127168,
          1138336,
          1126528,
          1133568,
          1125920,
          1120800,
          1131840,
          1130624,
          1132640,
          1123840,
          1127232,
          1123648,
          1133760
        ],
        "applicable": true
      },
      {
        "kernel": "onpair_shmem_4tpt_ablate",
        "decode_ms": 0.686816,
        "decode_gib_s": 1252.3601971991397,
        "decode_ns_iters": [
          687968,
          687072,
          688960,
          689920,
          690688,
          687328,
          690272,
          690432,
          687776,
          688032,
          686816,
          687936,
          688576,
          687872,
          688512,
          687712,
          689952,
          688256,
          688288,
          690208,
          687392,
          695584,
          690080,
          688640,
          688512,
          688864,
          690016,
          690560,
          689664,
          688640
        ],
        "applicable": true
      },
      {
        "kernel": "onpair_shmem_4tpt_ablate_nogather",
        "decode_ms": 0.583264,
        "decode_gib_s": 1474.70274386817,
        "decode_ns_iters": [
          586656,
          587136,
          584480,
          587520,
          587072,
          585952,
          588544,
          585568,
          588864,
          585504,
          585440,
          585856,
          593024,
          589120,
          585216,
          587488,
          585280,
          589408,
          586624,
          584192,
          586080,
          585248,
          585376,
          584928,
          584928,
          585792,
          583264,
          585408,
          585120,
          585376
        ],
        "applicable": true
      },
      {
        "kernel": "onpair_shmem_4tpt_ablate_noemit",
        "decode_ms": 0.4408,
        "decode_gib_s": 1951.3181061695198,
        "decode_ns_iters": [
          447776,
          445184,
          444800,
          448000,
          448480,
          446464,
          447360,
          445440,
          455584,
          443264,
          440800,
          443904,
          442400,
          448992,
          444256,
          447200,
          443744,
          443680,
          444384,
          444960,
          446752,
          445824,
          445952,
          444064,
          446720,
          443328,
          441504,
          445376,
          444896,
          444928
        ],
        "applicable": true
      },
      {
        "kernel": "onpair_shmem_4tpt_ablate_nodrain",
        "decode_ms": 0.610656,
        "decode_gib_s": 1408.5524766800365,
        "decode_ns_iters": [
          611680,
          612192,
          613376,
          619936,
          614400,
          612864,
          612512,
          611296,
          611936,
          611296,
          612544,
          611072,
          611168,
          612192,
          611456,
          614016,
          612256,
          613792,
          612608,
          610720,
          612256,
          613632,
          611296,
          612288,
          613472,
          613952,
          613056,
          611392,
          610656,
          611744
        ],
        "applicable": true
      },
      {
        "kernel": "onpair_shmem_4tpt_ablate_noscan",
        "decode_ms": 0.351264,
        "decode_gib_s": 2448.7024608258303,
        "decode_ns_iters": [
          355936,
          357344,
          354272,
          355008,
          363104,
          359328,
          359648,
          356992,
          356608,
          352896,
          353664,
          356736,
          354336,
          357344,
          354944,
          356192,
          355776,
          353184,
          353696,
          351264,
          356000,
          355488,
          353888,
          355776,
          356800,
          353664,
          360544,
          355392,
          354272,
          353952
        ],
        "applicable": true
      },
      {
        "kernel": "onpair_shmem_4tpt_ablate_cfree",
        "decode_ms": 0.50544,
        "decode_gib_s": 1701.766819403934,
        "decode_ns_iters": [
          511808,
          509888,
          508416,
          508320,
          509440,
          509696,
          509088,
          509856,
          508480,
          508000,
          505440,
          508224,
          510944,
          508288,
          510464,
          508864,
          514208,
          509600,
          507232,
          507968,
          509952,
          515072,
          508064,
          508544,
          509408,
          508128,
          515744,
          509024,
          510272,
          511392
        ],
        "applicable": true
      },
      {
        "kernel": "onpair_shmem_s8",
        "decode_ms": 0.0,
        "decode_gib_s": 0.0,
        "applicable": false,
        "reason": "dictionary entry longer than 8 bytes"
      },
      {
        "kernel": "onpair_shmem_s8_2tpt",
        "decode_ms": 0.0,
        "decode_gib_s": 0.0,
        "applicable": false,
        "reason": "dictionary entry longer than 8 bytes"
      },
      {
        "kernel": "onpair_shmem_s8_4tpt",
        "decode_ms": 0.0,
        "decode_gib_s": 0.0,
        "applicable": false,
        "reason": "dictionary entry longer than 8 bytes"
      },
      {
        "kernel": "onpair_shmem_s8_8tpt",
        "decode_ms": 0.0,
        "decode_gib_s": 0.0,
        "applicable": false,
        "reason": "dictionary entry longer than 8 bytes"
      },
      {
        "kernel": "onpair_shmem_s4l1",
        "decode_ms": 0.0,
        "decode_gib_s": 0.0,
        "applicable": false,
        "reason": "dictionary entry longer than 4 bytes"
      },
      {
        "kernel": "onpair_shmem_s4l1_2tpt",
        "decode_ms": 0.0,
        "decode_gib_s": 0.0,
        "applicable": false,
        "reason": "dictionary entry longer than 4 bytes"
      },
      {
        "kernel": "onpair_shmem_s4l1_4tpt",
        "decode_ms": 0.0,
        "decode_gib_s": 0.0,
        "applicable": false,
        "reason": "dictionary entry longer than 4 bytes"
      },
      {
        "kernel": "onpair_shmem_s4l1_8tpt",
        "decode_ms": 0.0,
        "decode_gib_s": 0.0,
        "applicable": false,
        "reason": "dictionary entry longer than 4 bytes"
      },
      {
        "kernel": "onpair_shmem_s4l1_16tpt",
        "decode_ms": 0.0,
        "decode_gib_s": 0.0,
        "applicable": false,
        "reason": "dictionary entry longer than 4 bytes"
      },
      {
        "kernel": "onpair_shmem_s4l1_32tpt",
        "decode_ms": 0.0,
        "decode_gib_s": 0.0,
        "applicable": false,
        "reason": "dictionary entry longer than 4 bytes"
      },
      {
        "kernel": "onpair_shmem_const1",
        "decode_ms": 0.0,
        "decode_gib_s": 0.0,
        "applicable": false,
        "reason": "not every dictionary entry is exactly 1 byte"
      },
      {
        "kernel": "onpair_shmem_const2",
        "decode_ms": 0.0,
        "decode_gib_s": 0.0,
        "applicable": false,
        "reason": "not every dictionary entry is exactly 2 bytes"
      }
    ]
  }
}
==PROF== Disconnected from process 37197
==PROF== Report: /home/ubuntu/work/shdict_ncu_synthetic_url_b12_split8read.ncu-rep
