==PROF== Connected to process 38088 (/home/ubuntu/work/target/release/onpair-chunk-bench)
2026-08-13T01:35:07.691765Z  INFO vortex_cuda: vortex-cuda/src/lib.rs:111: Registering CUDA kernels
==WARNING== Unable to access the following 6 metrics: ctc__rx_bytes_data_user.sum, ctc__rx_bytes_data_user.sum.pct_of_peak_sustained_elapsed, ctc__rx_bytes_data_user.sum.per_second, ctc__tx_bytes_data_user.sum, ctc__tx_bytes_data_user.sum.pct_of_peak_sustained_elapsed, ctc__tx_bytes_data_user.sum.per_second.


==PROF== Profiling "onpair_shmem_4tpt": 0%....50%....100% - 38 passes
==PROF== Profiling "onpair_shmem_4tpt": 0%....50%....100% - 38 passes
==PROF== Profiling "onpair_shmem_4tpt": 0%....50%....100% - 38 passes
==PROF== Profiling "onpair_shmem_4tpt": 0%....50%....100% - 38 passes
==PROF== Profiling "onpair_shmem_4tpt": 0%....50%....100% - 38 passes
==PROF== Profiling "onpair_shmem_4tpt": 0%....50%....100% - 38 passes
==PROF== Profiling "onpair_shmem_4tpt": 0%....50%....100% - 38 passes
==PROF== Profiling "onpair_shmem_4tpt": 0%....50%....100% - 38 passes
==PROF== Profiling "onpair_shmem_4tpt": 0%....50%....100% - 38 passes
==PROF== Profiling "onpair_shmem_4tpt": 0%....50%....100% - 38 passes
==PROF== Profiling "onpair_shmem_4tpt": 0%....50%....100% - 38 passes
==PROF== Profiling "onpair_shmem_4tpt": 0%....50%....100% - 38 passes
==PROF== Profiling "onpair_shmem_4tpt": 0%....50%....100% - 38 passes
==PROF== Profiling "onpair_shmem_4tpt": 0%....50%....100% - 38 passes
==PROF== Profiling "onpair_shmem_4tpt": 0%....50%....100% - 38 passes
==PROF== Profiling "onpair_shmem_4tpt": 0%....50%....100% - 38 passes
{
  "files": [
    "/home/ubuntu/work/vortex-bench/data/onpair-bench/synthetic/url/bits12_chunk1000mb_thr0.20/part_0000.vortex"
  ],
  "column": "url",
  "rows": 10000000,
  "in_memory_bytes": 97654043,
  "dict_bytes": 4296,
  "gpu": {
    "iterations": 30,
    "decoded_bytes": 923569389,
    "chunks": 1,
    "auto_kernel": "onpair_shmem_4tpt",
    "frac_le8": 0.21216194,
    "dict_mean_len": 11.37321,
    "dict_max_len": 16,
    "dict_entries_max": 879,
    "small_dict": true,
    "distinct_codes": 185,
    "access_top4096_frac": 1.0,
    "compressed_bytes": 162416577,
    "h2d_gib_s": 9.243545574136766,
    "whole_decompress_gib_s": 50.29971675896755,
    "best_kernel": "onpair_shmem_4tpt_b512o3",
    "auto_decode_ms": 0.736224,
    "best_decode_ms": 0.684576,
    "validated": false,
    "auto_decode_gib_s": 1168.314291845314,
    "best_decode_gib_s": 1256.45804293391,
    "kernels": [
      {
        "kernel": "onpair_shmem",
        "decode_ms": 0.919488,
        "decode_gib_s": 935.4564944833695,
        "decode_ns_iters": [
          927040,
          923040,
          924736,
          921632,
          923392,
          923840,
          923648,
          922432,
          920640,
          924896,
          929568,
          923040,
          923584,
          921024,
          922080,
          920928,
          929056,
          927680,
          920928,
          920512,
          920672,
          922272,
          920096,
          919488,
          921696,
          920800,
          924192,
          922496,
          922528,
          920288
        ],
        "applicable": true
      },
      {
        "kernel": "onpair_shmem_2tpt",
        "decode_ms": 0.728928,
        "decode_gib_s": 1180.008205473688,
        "decode_ns_iters": [
          733152,
          732800,
          745888,
          731648,
          730016,
          731328,
          732224,
          734144,
          733600,
          734944,
          733248,
          732864,
          731616,
          731296,
          731680,
          731936,
          732096,
          732960,
          731904,
          731008,
          731232,
          732352,
          733056,
          732640,
          729824,
          731040,
          732192,
          728928,
          730880,
          734592
        ],
        "applicable": true
      },
      {
        "kernel": "onpair_shmem_4tpt",
        "decode_ms": 0.736224,
        "decode_gib_s": 1168.314291845314,
        "decode_ns_iters": [
          1823886156,
          1792455912,
          1822478533,
          1820664883,
          1803785205,
          1816179395,
          1811501265,
          1841678023,
          1809486032,
          1795774460,
          1821026087,
          1808158159,
          1809538007,
          1822861671,
          791008,
          741792,
          739520,
          747968,
          748640,
          737024,
          737056,
          738624,
          738624,
          736224,
          736864,
          738880,
          736480,
          738016,
          738176,
          739424
        ],
        "applicable": true
      },
      {
        "kernel": "onpair_shmem_4tpt_wpb8",
        "decode_ms": 0.69728,
        "decode_gib_s": 1233.566173129194,
        "decode_ns_iters": [
          707424,
          699232,
          700864,
          699264,
          702368,
          706944,
          700576,
          700672,
          698784,
          698720,
          711008,
          700800,
          699712,
          700864,
          699744,
          706240,
          700128,
          698848,
          700672,
          700256,
          714976,
          700448,
          697280,
          701472,
          698368,
          706720,
          702304,
          699968,
          700960,
          697856
        ],
        "applicable": true
      },
      {
        "kernel": "onpair_shmem_4tpt_wpb8_occ",
        "decode_ms": 0.687616,
        "decode_gib_s": 1250.9031511767096,
        "decode_ns_iters": [
          689056,
          692256,
          688512,
          690560,
          690080,
          687616,
          690880,
          688256,
          690240,
          688928,
          689856,
          688640,
          690176,
          690400,
          696512,
          690528,
          688992,
          689024,
          690464,
          688992,
          691424,
          691232,
          690560,
          690272,
          689792,
          689472,
          690272,
          690176,
          689984,
          691200
        ],
        "applicable": true
      },
      {
        "kernel": "onpair_shmem_4tpt_b128",
        "decode_ms": 0.686816,
        "decode_gib_s": 1252.3601971991397,
        "decode_ns_iters": [
          688192,
          689856,
          687968,
          688704,
          688512,
          688544,
          689216,
          688544,
          688096,
          688800,
          687072,
          686816,
          688608,
          689056,
          689184,
          689504,
          688160,
          696416,
          690240,
          689248,
          688672,
          688672,
          690400,
          690496,
          689088,
          688352,
          688896,
          688704,
          688224,
          688352
        ],
        "applicable": true
      },
      {
        "kernel": "onpair_shmem_4tpt_o6",
        "decode_ms": 0.684992,
        "decode_gib_s": 1255.694987969968,
        "decode_ns_iters": [
          689728,
          698048,
          687904,
          687904,
          687744,
          687552,
          688032,
          689056,
          689216,
          687872,
          687808,
          687872,
          687424,
          687744,
          687424,
          695648,
          686272,
          686944,
          684992,
          686912,
          686016,
          686720,
          687872,
          687328,
          686624,
          686368,
          687424,
          686464,
          687296,
          686368
        ],
        "applicable": true
      },
      {
        "kernel": "onpair_shmem_4tpt_b512o3",
        "decode_ms": 0.684576,
        "decode_gib_s": 1256.45804293391,
        "decode_ns_iters": [
          687168,
          688160,
          686624,
          686944,
          687136,
          686176,
          687008,
          686304,
          685184,
          686208,
          687168,
          687712,
          686752,
          687136,
          686432,
          694816,
          686976,
          686048,
          686400,
          684800,
          686592,
          687936,
          688672,
          687008,
          686048,
          687712,
          686176,
          688992,
          687392,
          684576
        ],
        "applicable": true
      },
      {
        "kernel": "onpair_shmem_4tpt_b128o12",
        "decode_ms": 0.686048,
        "decode_gib_s": 1253.7621583322514,
        "decode_ns_iters": [
          688864,
          686048,
          686560,
          686560,
          686720,
          686720,
          688416,
          688192,
          686400,
          689280,
          692448,
          686912,
          688192,
          688640,
          689632,
          689856,
          686496,
          688672,
          688096,
          688576,
          688256,
          689216,
          688672,
          689312,
          696224,
          696736,
          689440,
          688224,
          690208,
          696704
        ],
        "applicable": true
      },
      {
        "kernel": "onpair_shmem_4tpt_b64",
        "decode_ms": 0.68704,
        "decode_gib_s": 1251.9518822769044,
        "decode_ns_iters": [
          688928,
          689024,
          688864,
          687712,
          687552,
          687808,
          688448,
          687040,
          695072,
          689184,
          687776,
          687296,
          689056,
          687520,
          687328,
          688224,
          687904,
          688640,
          687104,
          687808,
          688960,
          688064,
          688736,
          696608,
          690432,
          689184,
          687200,
          693888,
          688128,
          689312
        ],
        "applicable": true
      },
      {
        "kernel": "onpair_shmem_4tpt_b64o24",
        "decode_ms": 0.685696,
        "decode_gib_s": 1254.405773403264,
        "decode_ns_iters": [
          689184,
          690624,
          685696,
          688416,
          687264,
          685856,
          690080,
          687488,
          690144,
          687296,
          688000,
          688608,
          688800,
          689536,
          688000,
          688352,
          687520,
          686848,
          689088,
          688192,
          687648,
          697568,
          690912,
          690304,
          688576,
          696960,
          687808,
          688992,
          688928,
          688768
        ],
        "applicable": true
      },
      {
        "kernel": "onpair_shmem_4tpt_split8read_b128o12",
        "decode_ms": 0.71616,
        "decode_gib_s": 1201.045885276369,
        "decode_ns_iters": [
          729216,
          719232,
          718336,
          717536,
          718752,
          720352,
          716320,
          719008,
          718304,
          718432,
          718016,
          718496,
          719008,
          718368,
          717792,
          716896,
          717312,
          717088,
          716192,
          718848,
          717344,
          718432,
          718016,
          716160,
          718624,
          716576,
          716288,
          716224,
          725504,
          725984
        ],
        "applicable": true
      },
      {
        "kernel": "onpair_shmem_4tpt_split8read_occ",
        "decode_ms": 0.716384,
        "decode_gib_s": 1200.6703404871191,
        "decode_ns_iters": [
          718368,
          719072,
          718176,
          717792,
          718368,
          716928,
          719552,
          720704,
          720256,
          717152,
          717728,
          718848,
          718304,
          720960,
          719616,
          726880,
          717728,
          718208,
          719264,
          719200,
          717568,
          716384,
          719008,
          719328,
          718528,
          720864,
          725664,
          720320,
          717568,
          720000
        ],
        "applicable": true
      },
      {
        "kernel": "onpair_shmem_4tpt_split8",
        "decode_ms": 0.774048,
        "decode_gib_s": 1111.224395902482,
        "decode_ns_iters": [
          775296,
          776256,
          776576,
          777696,
          787488,
          774880,
          778944,
          778880,
          779744,
          776544,
          776352,
          775072,
          783104,
          774688,
          776448,
          775264,
          776608,
          776352,
          775904,
          775360,
          784640,
          774048,
          775680,
          776640,
          775904,
          776736,
          775520,
          776032,
          784576,
          776640
        ],
        "applicable": true
      },
      {
        "kernel": "onpair_shmem_4tpt_split8_wpb8",
        "decode_ms": 0.76704,
        "decode_gib_s": 1121.3770092818163,
        "decode_ns_iters": [
          771840,
          769504,
          770848,
          769952,
          768832,
          769216,
          769216,
          770496,
          769344,
          769632,
          768640,
          768576,
          771456,
          768928,
          777184,
          770176,
          767616,
          769408,
          770048,
          769312,
          767936,
          769696,
          769248,
          768480,
          768864,
          767040,
          769856,
          769152,
          769856,
          779648
        ],
        "applicable": true
      },
      {
        "kernel": "onpair_shmem_4tpt_split8_wpb8_occ",
        "decode_ms": 0.75664,
        "decode_gib_s": 1136.790311375984,
        "decode_ns_iters": [
          769376,
          759840,
          757280,
          757824,
          757792,
          758400,
          756640,
          765152,
          759584,
          758144,
          758976,
          758496,
          758464,
          760000,
          766144,
          759200,
          758144,
          759776,
          760672,
          757696,
          757344,
          763296,
          757664,
          759456,
          758624,
          757824,
          757568,
          759424,
          757600,
          762752
        ],
        "applicable": true
      },
      {
        "kernel": "onpair_shmem_4tpt_pdict",
        "decode_ms": 0.863712,
        "decode_gib_s": 995.8655445328124,
        "decode_ns_iters": [
          872864,
          864992,
          876992,
          875648,
          868224,
          868032,
          868256,
          866368,
          867584,
          869472,
          869984,
          866656,
          870496,
          873280,
          875488,
          866336,
          867808,
          868128,
          873344,
          870656,
          867360,
          868096,
          868832,
          863712,
          867456,
          871904,
          868192,
          868416,
          870720,
          872448
        ],
        "applicable": true
      },
      {
        "kernel": "onpair_shmem_4tpt_vdict",
        "decode_ms": 1.332448,
        "decode_gib_s": 645.5344007417357,
        "decode_ns_iters": [
          1342016,
          1336512,
          1345440,
          1339200,
          1348768,
          1343040,
          1334976,
          1340192,
          1349376,
          1332448,
          1344704,
          1346656,
          1339232,
          1340704,
          1347360,
          1346272,
          1344064,
          1345600,
          1349696,
          1350368,
          1349696,
          1335648,
          1347424,
          1337984,
          1334048,
          1341088,
          1343328,
          1338336,
          1340160,
          1339904
        ],
        "applicable": true
      },
      {
        "kernel": "onpair_shmem_4tpt_split8read",
        "decode_ms": 0.725824,
        "decode_gib_s": 1185.054532778641,
        "decode_ns_iters": [
          728704,
          730752,
          725824,
          726784,
          729888,
          728192,
          728864,
          731296,
          729184,
          730592,
          729152,
          729600,
          735328,
          728832,
          728544,
          727520,
          727456,
          726656,
          730080,
          728384,
          728352,
          726624,
          733568,
          735168,
          726912,
          727776,
          729248,
          727328,
          736928,
          728576
        ],
        "applicable": true
      },
      {
        "kernel": "onpair_shmem_4tpt_ldcs",
        "decode_ms": 0.735616,
        "decode_gib_s": 1169.2799248514502,
        "decode_ns_iters": [
          739936,
          739648,
          737376,
          738400,
          736928,
          741216,
          738176,
          739776,
          737952,
          737024,
          738496,
          737440,
          740288,
          738112,
          739040,
          736736,
          738656,
          740224,
          736992,
          738304,
          738464,
          738432,
          736576,
          737440,
          735616,
          738016,
          738976,
          738176,
          739072,
          737600
        ],
        "applicable": true
      },
      {
        "kernel": "onpair_shmem_4tpt_lenbucket",
        "decode_ms": 0.0,
        "decode_gib_s": 0.0,
        "applicable": false,
        "reason": "length-bucket dict not built (set ONPAIR_DICT_REORDER=lenbucket)"
      },
      {
        "kernel": "onpair_shmem_4tpt_lenbucket_b128",
        "decode_ms": 0.0,
        "decode_gib_s": 0.0,
        "applicable": false,
        "reason": "length-bucket dict not built (set ONPAIR_DICT_REORDER=lenbucket)"
      },
      {
        "kernel": "onpair_shmem_4tpt_regcache",
        "decode_ms": 0.83792,
        "decode_gib_s": 1026.5192634136008,
        "decode_ns_iters": [
          841088,
          841536,
          839904,
          840064,
          841984,
          841536,
          841440,
          841696,
          842048,
          843008,
          841824,
          840768,
          840480,
          841472,
          839552,
          839168,
          840768,
          840000,
          847168,
          838720,
          837920,
          839072,
          838592,
          841120,
          838528,
          840064,
          838656,
          840800,
          842528,
          838240
        ],
        "applicable": true
      },
      {
        "kernel": "onpair_shmem_4tpt_split4read",
        "decode_ms": 0.825408,
        "decode_gib_s": 1042.0798213726114,
        "decode_ns_iters": [
          831200,
          830112,
          829792,
          828672,
          830368,
          828032,
          836416,
          830560,
          829696,
          829824,
          830176,
          830336,
          829344,
          828608,
          828640,
          827328,
          826112,
          825408,
          826336,
          837120,
          827104,
          826752,
          827840,
          827552,
          827456,
          826816,
          829056,
          826176,
          827840,
          827040
        ],
        "applicable": true
      },
      {
        "kernel": "onpair_shmem_4tpt_split4read_b128o12",
        "decode_ms": 0.811808,
        "decode_gib_s": 1059.537502955778,
        "decode_ns_iters": [
          815424,
          816896,
          815552,
          813344,
          814784,
          813280,
          812352,
          813312,
          820736,
          813024,
          813024,
          812160,
          814240,
          813856,
          814400,
          812448,
          812000,
          812480,
          813312,
          812992,
          812736,
          812064,
          812320,
          814304,
          811936,
          811808,
          813632,
          819648,
          812384,
          812736
        ],
        "applicable": true
      },
      {
        "kernel": "onpair_shmem_4tpt_cluster_dsmem",
        "decode_ms": 2.523744,
        "decode_gib_s": 340.8194417498464,
        "decode_ns_iters": [
          2531616,
          2542784,
          2534560,
          2523744,
          2534880,
          2538688,
          2536416,
          2531936,
          2532352,
          2551200,
          2532448,
          2551328,
          2538272,
          2541152,
          2529312,
          2541056,
          2526560,
          2550144,
          2528416,
          2532512,
          2534816,
          2524352,
          2532640,
          2538528,
          2542496,
          2528288,
          2532672,
          2556352,
          2534240,
          2544640
        ],
        "applicable": true
      },
      {
        "kernel": "onpair_shmem_8tpt",
        "decode_ms": 0.685312,
        "decode_gib_s": 1255.1086529923953,
        "decode_ns_iters": [
          690976,
          689856,
          690720,
          705056,
          686336,
          688320,
          686816,
          688288,
          689440,
          688704,
          687744,
          688704,
          689536,
          696768,
          687808,
          690272,
          688064,
          690176,
          688032,
          686976,
          689248,
          685312,
          687712,
          687776,
          688704,
          688064,
          688352,
          696960,
          688896,
          691136
        ],
        "applicable": true
      },
      {
        "kernel": "onpair_shmem_8tpt_b128",
        "decode_ms": 0.685632,
        "decode_gib_s": 1254.522865326479,
        "decode_ns_iters": [
          688416,
          687520,
          700896,
          686496,
          687968,
          689024,
          686944,
          688448,
          690048,
          687328,
          688160,
          695872,
          689600,
          687968,
          687296,
          687488,
          687200,
          686592,
          688832,
          689152,
          687840,
          687744,
          688640,
          685632,
          688448,
          694784,
          686912,
          687264,
          686144,
          687936
        ],
        "applicable": true
      },
      {
        "kernel": "onpair_shmem_4tpt_vwidth",
        "decode_ms": 1.5584,
        "decode_gib_s": 551.9385402974361,
        "decode_ns_iters": [
          1561088,
          1562720,
          1570976,
          1563136,
          1561792,
          1559776,
          1559904,
          1562112,
          1563008,
          1562400,
          1562496,
          1560224,
          1560480,
          1563680,
          1562208,
          1561792,
          1560224,
          1558400,
          1561568,
          1560832,
          1561280,
          1561760,
          1559712,
          1563296,
          1561472,
          1562784,
          1560928,
          1559968,
          1561632,
          1562720
        ],
        "applicable": true
      },
      {
        "kernel": "onpair_shmem_4tpt_vwidth_b128",
        "decode_ms": 2.371616,
        "decode_gib_s": 362.6814042406209,
        "decode_ns_iters": [
          2371616,
          2375744,
          2381504,
          2377312,
          2379712,
          2372544,
          2377184,
          2376992,
          2379264,
          2384352,
          2377216,
          2379232,
          2377792,
          2379456,
          2374016,
          2377088,
          2376512,
          2376800,
          2379072,
          2380384,
          2378624,
          2374272,
          2380832,
          2383872,
          2375744,
          2379360,
          2376128,
          2371648,
          2381120,
          2373728
        ],
        "applicable": true
      },
      {
        "kernel": "onpair_shmem_4tpt_vwidth4",
        "decode_ms": 0.882624,
        "decode_gib_s": 974.5271159627706,
        "decode_ns_iters": [
          896800,
          900192,
          892256,
          886016,
          896288,
          885888,
          896544,
          890048,
          899552,
          891776,
          896512,
          900512,
          896160,
          886208,
          897824,
          897216,
          900896,
          901216,
          901696,
          896384,
          902080,
          902016,
          882624,
          896608,
          901312,
          896576,
          896160,
          900832,
          904512,
          900864
        ],
        "applicable": true
      },
      {
        "kernel": "onpair_shmem_4tpt_vwidth4_b128",
        "decode_ms": 0.725824,
        "decode_gib_s": 1185.054532778641,
        "decode_ns_iters": [
          729536,
          727200,
          743584,
          726624,
          727040,
          727072,
          726048,
          727392,
          735392,
          728160,
          726944,
          727264,
          727648,
          728544,
          726656,
          726080,
          728096,
          726336,
          725984,
          727392,
          726272,
          727456,
          726912,
          725888,
          725824,
          726304,
          728576,
          726400,
          728032,
          726048
        ],
        "applicable": true
      },
      {
        "kernel": "onpair_shmem_4tpt_shdict8",
        "decode_ms": 1.124096,
        "decode_gib_s": 765.1846650103945,
        "decode_ns_iters": [
          1125888,
          1132928,
          1125888,
          1133760,
          1126080,
          1126400,
          1126496,
          1127424,
          1132960,
          1130080,
          1126720,
          1131712,
          1126560,
          1127200,
          1133984,
          1125056,
          1132064,
          1124096,
          1130592,
          1126112,
          1130784,
          1129920,
          1135744,
          1124608,
          1128992,
          1133568,
          1128896,
          1128128,
          1128256,
          1129056
        ],
        "applicable": true
      },
      {
        "kernel": "onpair_shmem_4tpt_ablate",
        "decode_ms": 0.686816,
        "decode_gib_s": 1252.3601971991397,
        "decode_ns_iters": [
          689408,
          687712,
          689536,
          689280,
          686912,
          689856,
          689152,
          687616,
          687872,
          688256,
          692256,
          687936,
          688384,
          696736,
          688512,
          688288,
          688544,
          686816,
          687616,
          689184,
          687872,
          688544,
          695968,
          688416,
          688384,
          688640,
          690272,
          687808,
          688672,
          687840
        ],
        "applicable": true
      },
      {
        "kernel": "onpair_shmem_4tpt_ablate_nogather",
        "decode_ms": 0.583296,
        "decode_gib_s": 1474.6218407112758,
        "decode_ns_iters": [
          586592,
          586208,
          586336,
          585184,
          585536,
          590560,
          585888,
          585600,
          587040,
          583712,
          584000,
          586272,
          584832,
          587328,
          584416,
          585024,
          585120,
          584608,
          585600,
          586304,
          584864,
          584704,
          587264,
          585632,
          585536,
          586176,
          583296,
          584160,
          584192,
          583712
        ],
        "applicable": true
      },
      {
        "kernel": "onpair_shmem_4tpt_ablate_noemit",
        "decode_ms": 0.442656,
        "decode_gib_s": 1943.1364788899832,
        "decode_ns_iters": [
          448704,
          447200,
          446144,
          445024,
          445248,
          442656,
          456416,
          447808,
          447360,
          444928,
          455712,
          445888,
          447104,
          447776,
          446400,
          445760,
          445952,
          447552,
          446720,
          445216,
          446400,
          446816,
          445952,
          444128,
          444480,
          445856,
          447776,
          446464,
          451328,
          445280
        ],
        "applicable": true
      },
      {
        "kernel": "onpair_shmem_4tpt_ablate_nodrain",
        "decode_ms": 0.610272,
        "decode_gib_s": 1409.4387768069391,
        "decode_ns_iters": [
          617632,
          615872,
          615360,
          615104,
          613056,
          614560,
          617632,
          612672,
          612928,
          612096,
          613216,
          610400,
          614112,
          612352,
          612480,
          612288,
          611488,
          610272,
          611200,
          611072,
          617248,
          611648,
          612224,
          612832,
          612736,
          612608,
          611040,
          620032,
          613536,
          612416
        ],
        "applicable": true
      },
      {
        "kernel": "onpair_shmem_4tpt_ablate_noscan",
        "decode_ms": 0.354016,
        "decode_gib_s": 2429.6670805825847,
        "decode_ns_iters": [
          357760,
          356960,
          357408,
          359360,
          356672,
          358048,
          356992,
          355936,
          360768,
          355296,
          356256,
          357856,
          356672,
          357536,
          356128,
          355648,
          356512,
          355488,
          354944,
          356128,
          354688,
          359040,
          356672,
          356160,
          355296,
          354528,
          354656,
          354016,
          354048,
          354336
        ],
        "applicable": true
      },
      {
        "kernel": "onpair_shmem_4tpt_ablate_cfree",
        "decode_ms": 0.50672,
        "decode_gib_s": 1697.468071517849,
        "decode_ns_iters": [
          511264,
          509952,
          510304,
          506720,
          508352,
          508608,
          508288,
          510624,
          510784,
          508608,
          510016,
          509696,
          511264,
          510624,
          511776,
          510176,
          509440,
          516128,
          510976,
          510464,
          510496,
          510816,
          510176,
          512704,
          510848,
          508416,
          509280,
          509632,
          510208,
          509856
        ],
        "applicable": true
      },
      {
        "kernel": "onpair_shmem_s8",
        "decode_ms": 0.0,
        "decode_gib_s": 0.0,
        "applicable": false,
        "reason": "dictionary entry longer than 8 bytes"
      },
      {
        "kernel": "onpair_shmem_s8_2tpt",
        "decode_ms": 0.0,
        "decode_gib_s": 0.0,
        "applicable": false,
        "reason": "dictionary entry longer than 8 bytes"
      },
      {
        "kernel": "onpair_shmem_s8_4tpt",
        "decode_ms": 0.0,
        "decode_gib_s": 0.0,
        "applicable": false,
        "reason": "dictionary entry longer than 8 bytes"
      },
      {
        "kernel": "onpair_shmem_s8_8tpt",
        "decode_ms": 0.0,
        "decode_gib_s": 0.0,
        "applicable": false,
        "reason": "dictionary entry longer than 8 bytes"
      },
      {
        "kernel": "onpair_shmem_s4l1",
        "decode_ms": 0.0,
        "decode_gib_s": 0.0,
        "applicable": false,
        "reason": "dictionary entry longer than 4 bytes"
      },
      {
        "kernel": "onpair_shmem_s4l1_2tpt",
        "decode_ms": 0.0,
        "decode_gib_s": 0.0,
        "applicable": false,
        "reason": "dictionary entry longer than 4 bytes"
      },
      {
        "kernel": "onpair_shmem_s4l1_4tpt",
        "decode_ms": 0.0,
        "decode_gib_s": 0.0,
        "applicable": false,
        "reason": "dictionary entry longer than 4 bytes"
      },
      {
        "kernel": "onpair_shmem_s4l1_8tpt",
        "decode_ms": 0.0,
        "decode_gib_s": 0.0,
        "applicable": false,
        "reason": "dictionary entry longer than 4 bytes"
      },
      {
        "kernel": "onpair_shmem_s4l1_16tpt",
        "decode_ms": 0.0,
        "decode_gib_s": 0.0,
        "applicable": false,
        "reason": "dictionary entry longer than 4 bytes"
      },
      {
        "kernel": "onpair_shmem_s4l1_32tpt",
        "decode_ms": 0.0,
        "decode_gib_s": 0.0,
        "applicable": false,
        "reason": "dictionary entry longer than 4 bytes"
      },
      {
        "kernel": "onpair_shmem_const1",
        "decode_ms": 0.0,
        "decode_gib_s": 0.0,
        "applicable": false,
        "reason": "not every dictionary entry is exactly 1 byte"
      },
      {
        "kernel": "onpair_shmem_const2",
        "decode_ms": 0.0,
        "decode_gib_s": 0.0,
        "applicable": false,
        "reason": "not every dictionary entry is exactly 2 bytes"
      }
    ]
  }
}
==PROF== Disconnected from process 38088
==PROF== Report: /home/ubuntu/work/shdict_ncu_synthetic_url_b12_onpair_shmem_4tpt.ncu-rep
