==PROF== Connected to process 35306 (/home/ubuntu/work/target/release/onpair-chunk-bench)
2026-08-13T01:32:44.501462Z  INFO vortex_cuda: vortex-cuda/src/lib.rs:111: Registering CUDA kernels
==WARNING== Unable to access the following 6 metrics: ctc__rx_bytes_data_user.sum, ctc__rx_bytes_data_user.sum.pct_of_peak_sustained_elapsed, ctc__rx_bytes_data_user.sum.per_second, ctc__tx_bytes_data_user.sum, ctc__tx_bytes_data_user.sum.pct_of_peak_sustained_elapsed, ctc__tx_bytes_data_user.sum.per_second.


==PROF== Profiling "onpair_shmem_4tpt_split8read": 0%....50%....100% - 38 passes
==PROF== Profiling "onpair_shmem_4tpt_split8read": 0%....50%....100% - 38 passes
==PROF== Profiling "onpair_shmem_4tpt_split8read": 0%....50%....100% - 38 passes
==PROF== Profiling "onpair_shmem_4tpt_split8read": 0%....50%....100% - 38 passes
==PROF== Profiling "onpair_shmem_4tpt_split8read": 0%....50%....100% - 38 passes
==PROF== Profiling "onpair_shmem_4tpt_split8read": 0%....50%....100% - 38 passes
==PROF== Profiling "onpair_shmem_4tpt_split8read": 0%....50%....100% - 38 passes
==PROF== Profiling "onpair_shmem_4tpt_split8read": 0%....50%....100% - 38 passes
==PROF== Profiling "onpair_shmem_4tpt_split8read": 0%....50%....100% - 38 passes
==PROF== Profiling "onpair_shmem_4tpt_split8read": 0%....50%....100% - 38 passes
==PROF== Profiling "onpair_shmem_4tpt_split8read": 0%....50%....100% - 38 passes
==PROF== Profiling "onpair_shmem_4tpt_split8read": 0%....50%....100% - 38 passes
==PROF== Profiling "onpair_shmem_4tpt_split8read": 0%....50%....100% - 38 passes
==PROF== Profiling "onpair_shmem_4tpt_split8read": 0%....50%....100% - 38 passes
==PROF== Profiling "onpair_shmem_4tpt_split8read": 0%....50%....100% - 38 passes
==PROF== Profiling "onpair_shmem_4tpt_split8read": 0%....50%....100% - 38 passes
{
  "files": [
    "/home/ubuntu/work/vortex-bench/data/onpair-bench/clickbench/URL/bits12_chunk1000mb_thr0.20/part_0000.vortex"
  ],
  "column": "URL",
  "rows": 12254692,
  "in_memory_bytes": 345156556,
  "dict_bytes": 21467,
  "gpu": {
    "iterations": 30,
    "decoded_bytes": 999999995,
    "chunks": 1,
    "auto_kernel": "onpair_shmem_4tpt",
    "frac_le8": 0.8099382,
    "dict_mean_len": 4.701996,
    "dict_max_len": 16,
    "dict_entries_max": 4096,
    "small_dict": true,
    "distinct_codes": 4017,
    "access_top4096_frac": 1.0,
    "compressed_bytes": 425376877,
    "h2d_gib_s": 8.992318941006971,
    "whole_decompress_gib_s": 20.48049295062169,
    "best_kernel": "onpair_shmem_4tpt_split8read_b128o12",
    "auto_decode_ms": 1.41792,
    "best_decode_ms": 1.212096,
    "validated": false,
    "auto_decode_gib_s": 656.8230717945057,
    "best_decode_gib_s": 768.3571020437867,
    "kernels": [
      {
        "kernel": "onpair_shmem",
        "decode_ms": 1.949696,
        "decode_gib_s": 477.6757863579069,
        "decode_ns_iters": [
          1954848,
          1951392,
          1954080,
          1951232,
          1954752,
          1953088,
          1953504,
          1951072,
          1956032,
          1953920,
          1953728,
          1962752,
          1954464,
          1954432,
          1955040,
          1953440,
          1953632,
          1952576,
          1951552,
          1951040,
          1949856,
          1960864,
          1955104,
          1956288,
          1953696,
          1951392,
          1952160,
          1949696,
          1952480,
          1951232
        ],
        "applicable": true
      },
      {
        "kernel": "onpair_shmem_2tpt",
        "decode_ms": 1.429728,
        "decode_gib_s": 651.3984268048647,
        "decode_ns_iters": [
          1442304,
          1442304,
          1442816,
          1441280,
          1440544,
          1441216,
          1442752,
          1443488,
          1448960,
          1443648,
          1440128,
          1442400,
          1441120,
          1445024,
          1441024,
          1442368,
          1442528,
          1441664,
          1442816,
          1445280,
          1451456,
          1450528,
          1449856,
          1449920,
          1451456,
          1451488,
          1448096,
          1431360,
          1435040,
          1429728
        ],
        "applicable": true
      },
      {
        "kernel": "onpair_shmem_4tpt",
        "decode_ms": 1.41792,
        "decode_gib_s": 656.8230717945057,
        "decode_ns_iters": [
          1422848,
          1420352,
          1421664,
          1425184,
          1420032,
          1421696,
          1422784,
          1417920,
          1418912,
          1420896,
          1421216,
          1423168,
          1419328,
          1421216,
          1421632,
          1427136,
          1420288,
          1420096,
          1421376,
          1419264,
          1420320,
          1420352,
          1421568,
          1420704,
          1421856,
          1421024,
          1422848,
          1429920,
          1421984,
          1428064
        ],
        "applicable": true
      },
      {
        "kernel": "onpair_shmem_4tpt_wpb8",
        "decode_ms": 1.383456,
        "decode_gib_s": 673.1855367708591,
        "decode_ns_iters": [
          1387104,
          1385664,
          1387872,
          1383456,
          1392224,
          1387840,
          1386720,
          1386496,
          1386016,
          1386848,
          1386816,
          1387072,
          1384608,
          1385920,
          1389440,
          1386560,
          1385952,
          1388384,
          1387968,
          1385312,
          1384960,
          1398080,
          1387232,
          1397024,
          1386336,
          1388608,
          1385280,
          1385856,
          1405632,
          1406624
        ],
        "applicable": true
      },
      {
        "kernel": "onpair_shmem_4tpt_wpb8_occ",
        "decode_ms": 1.321344,
        "decode_gib_s": 704.8297566408638,
        "decode_ns_iters": [
          1342464,
          1342688,
          1339616,
          1362432,
          1340768,
          1329184,
          1328064,
          1326752,
          1326656,
          1356224,
          1332160,
          1329184,
          1325792,
          1326400,
          1324992,
          1328512,
          1330176,
          1328384,
          1334624,
          1325376,
          1326784,
          1321344,
          1327200,
          1325632,
          1325024,
          1322816,
          1324416,
          1328352,
          1335104,
          1324704
        ],
        "applicable": true
      },
      {
        "kernel": "onpair_shmem_4tpt_b128",
        "decode_ms": 1.302048,
        "decode_gib_s": 715.275143434701,
        "decode_ns_iters": [
          1304576,
          1307360,
          1302976,
          1304992,
          1304576,
          1306976,
          1305440,
          1305728,
          1302368,
          1302944,
          1303872,
          1306240,
          1304416,
          1306016,
          1303744,
          1304320,
          1304064,
          1311424,
          1304768,
          1304064,
          1303776,
          1303648,
          1304832,
          1304384,
          1302048,
          1306720,
          1305440,
          1305408,
          1306464,
          1305472
        ],
        "applicable": true
      },
      {
        "kernel": "onpair_shmem_4tpt_o6",
        "decode_ms": 1.280064,
        "decode_gib_s": 727.5593798113732,
        "decode_ns_iters": [
          1285472,
          1304576,
          1284032,
          1282784,
          1281920,
          1280352,
          1286272,
          1282944,
          1286016,
          1283808,
          1284704,
          1283808,
          1283968,
          1284544,
          1283328,
          1283040,
          1283232,
          1283552,
          1291008,
          1283200,
          1280064,
          1282176,
          1280896,
          1281632,
          1281440,
          1281696,
          1281792,
          1281600,
          1282144,
          1281728
        ],
        "applicable": true
      },
      {
        "kernel": "onpair_shmem_4tpt_b512o3",
        "decode_ms": 1.279104,
        "decode_gib_s": 728.1054315824715,
        "decode_ns_iters": [
          1281568,
          1282976,
          1282368,
          1280096,
          1280832,
          1281216,
          1281664,
          1279712,
          1283168,
          1279328,
          1282304,
          1281120,
          1281600,
          1280864,
          1280352,
          1280448,
          1280480,
          1279104,
          1280224,
          1279264,
          1280064,
          1279200,
          1289952,
          1280992,
          1280832,
          1279808,
          1279360,
          1279392,
          1280160,
          1281728
        ],
        "applicable": true
      },
      {
        "kernel": "onpair_shmem_4tpt_b128o12",
        "decode_ms": 1.284416,
        "decode_gib_s": 725.0941828495329,
        "decode_ns_iters": [
          1289312,
          1289152,
          1287840,
          1288928,
          1284416,
          1285856,
          1285440,
          1286528,
          1295552,
          1300640,
          1286720,
          1288288,
          1287904,
          1288416,
          1288544,
          1287200,
          1286560,
          1285792,
          1286112,
          1287392,
          1285536,
          1285632,
          1288640,
          1287840,
          1288768,
          1287520,
          1287712,
          1287264,
          1287456,
          1294848
        ],
        "applicable": true
      },
      {
        "kernel": "onpair_shmem_4tpt_b64",
        "decode_ms": 1.304448,
        "decode_gib_s": 713.9591382399801,
        "decode_ns_iters": [
          1304832,
          1305984,
          1307328,
          1304448,
          1305856,
          1305696,
          1305056,
          1305888,
          1307328,
          1306144,
          1306656,
          1307488,
          1306112,
          1306880,
          1306624,
          1305216,
          1304896,
          1307104,
          1306464,
          1306176,
          1306752,
          1305536,
          1305600,
          1305472,
          1305856,
          1304608,
          1306112,
          1306944,
          1305856,
          1307904
        ],
        "applicable": true
      },
      {
        "kernel": "onpair_shmem_4tpt_b64o24",
        "decode_ms": 1.291296,
        "decode_gib_s": 721.2308951308343,
        "decode_ns_iters": [
          1294752,
          1292160,
          1293824,
          1298880,
          1294144,
          1294016,
          1303264,
          1294688,
          1294240,
          1295328,
          1293088,
          1293152,
          1294944,
          1293728,
          1294464,
          1293600,
          1294528,
          1293504,
          1292928,
          1292832,
          1292320,
          1292032,
          1291296,
          1294080,
          1293664,
          1293920,
          1293056,
          1292512,
          1296320,
          1291520
        ],
        "applicable": true
      },
      {
        "kernel": "onpair_shmem_4tpt_split8read_b128o12",
        "decode_ms": 1.212096,
        "decode_gib_s": 768.3571020437867,
        "decode_ns_iters": [
          1214432,
          1212800,
          1215040,
          1212096,
          1212928,
          1212256,
          1215392,
          1214720,
          1213696,
          1215232,
          1213536,
          1222720,
          1214272,
          1213664,
          1214848,
          1214912,
          1214432,
          1213632,
          1212864,
          1213504,
          1214368,
          1213952,
          1213440,
          1214688,
          1213216,
          1214624,
          1213216,
          1212512,
          1213248,
          1212512
        ],
        "applicable": true
      },
      {
        "kernel": "onpair_shmem_4tpt_split8read_occ",
        "decode_ms": 1.300576,
        "decode_gib_s": 716.0846962875416,
        "decode_ns_iters": [
          1303616,
          1306272,
          1300576,
          1302592,
          1302272,
          1301440,
          1303872,
          1303584,
          1304544,
          1305120,
          1304384,
          1305280,
          1303840,
          1304928,
          1304416,
          1304256,
          1303616,
          1305600,
          1303424,
          1313376,
          1306208,
          1303680,
          1304224,
          1305440,
          1304256,
          1323872,
          1304608,
          1304992,
          1304256,
          1303136
        ],
        "applicable": true
      },
      {
        "kernel": "onpair_shmem_4tpt_split8",
        "decode_ms": 1.514752,
        "decode_gib_s": 614.8350158698358,
        "decode_ns_iters": [
          1515488,
          1517088,
          1515872,
          1516544,
          1518304,
          1517184,
          1515488,
          1515840,
          1516512,
          1517088,
          1514848,
          1515168,
          1516000,
          1517024,
          1523872,
          1516032,
          1518432,
          1516928,
          1515776,
          1516768,
          1517568,
          1514944,
          1516224,
          1516000,
          1525312,
          1518464,
          1514752,
          1516672,
          1516096,
          1516928
        ],
        "applicable": true
      },
      {
        "kernel": "onpair_shmem_4tpt_split8_wpb8",
        "decode_ms": 1.519392,
        "decode_gib_s": 612.9574000382163,
        "decode_ns_iters": [
          1522592,
          1528768,
          1522656,
          1522432,
          1521792,
          1519840,
          1522432,
          1520992,
          1523328,
          1530144,
          1521600,
          1523104,
          1522464,
          1522496,
          1521664,
          1521600,
          1524544,
          1533600,
          1522816,
          1522080,
          1523104,
          1519840,
          1522688,
          1521312,
          1522016,
          1521728,
          1519648,
          1519392,
          1521248,
          1521728
        ],
        "applicable": true
      },
      {
        "kernel": "onpair_shmem_4tpt_split8_wpb8_occ",
        "decode_ms": 1.454944,
        "decode_gib_s": 640.1088770144181,
        "decode_ns_iters": [
          1456384,
          1458592,
          1455296,
          1458400,
          1458016,
          1455840,
          1457792,
          1457728,
          1455712,
          1456320,
          1456672,
          1454944,
          1456832,
          1458432,
          1456704,
          1465696,
          1456128,
          1457856,
          1457088,
          1456000,
          1457216,
          1456384,
          1456064,
          1457120,
          1463936,
          1456672,
          1455680,
          1458112,
          1456064,
          1456160
        ],
        "applicable": true
      },
      {
        "kernel": "onpair_shmem_4tpt_pdict",
        "decode_ms": 1.77168,
        "decode_gib_s": 525.6720005637958,
        "decode_ns_iters": [
          1781344,
          1776896,
          1775328,
          1776800,
          1777344,
          1780384,
          1789504,
          1781216,
          1785856,
          1778560,
          1779328,
          1784800,
          1781664,
          1781472,
          1785600,
          1773280,
          1789088,
          1780352,
          1776512,
          1773632,
          1778784,
          1782528,
          1783744,
          1771680,
          1780288,
          1775840,
          1780736,
          1775840,
          1783040,
          1782944
        ],
        "applicable": true
      },
      {
        "kernel": "onpair_shmem_4tpt_vdict",
        "decode_ms": 2.540704,
        "decode_gib_s": 366.5608311550128,
        "decode_ns_iters": [
          2544032,
          2547424,
          2550752,
          2551712,
          2548928,
          2546080,
          2543040,
          2544000,
          2543008,
          2545536,
          2546656,
          2545440,
          2548000,
          2540704,
          2545184,
          2555616,
          2544544,
          2544416,
          2541824,
          2545760,
          2542432,
          2546464,
          2547680,
          2546720,
          2543584,
          2543072,
          2554752,
          2549568,
          2543680,
          2545600
        ],
        "applicable": true
      },
      {
        "kernel": "onpair_shmem_4tpt_split8read",
        "decode_ms": 1.385696,
        "decode_gib_s": 672.0973214607429,
        "decode_ns_iters": [
          2087538958,
          2119598866,
          2106344700,
          2106036663,
          2111059189,
          2113537073,
          2102993727,
          2082586527,
          2098735332,
          2091882944,
          2106745720,
          2101166248,
          2113485813,
          2098138332,
          1441792,
          1388160,
          1478368,
          1387296,
          1386912,
          1386720,
          1391232,
          1387776,
          1387648,
          1386528,
          1387680,
          1388640,
          1385696,
          1387808,
          1387648,
          1386400
        ],
        "applicable": true
      },
      {
        "kernel": "onpair_shmem_4tpt_ldcs",
        "decode_ms": 1.432224,
        "decode_gib_s": 650.2632060060896,
        "decode_ns_iters": [
          1449088,
          1435872,
          1449824,
          1435264,
          1435008,
          1434464,
          1435456,
          1435488,
          1443616,
          1433280,
          1433984,
          1433056,
          1435616,
          1435776,
          1436288,
          1436416,
          1435712,
          1438016,
          1433920,
          1437152,
          1433408,
          1434752,
          1434464,
          1442496,
          1434688,
          1432992,
          1435296,
          1434624,
          1432224,
          1433120
        ],
        "applicable": true
      },
      {
        "kernel": "onpair_shmem_4tpt_lenbucket",
        "decode_ms": 0.0,
        "decode_gib_s": 0.0,
        "applicable": false,
        "reason": "length-bucket dict not built (set ONPAIR_DICT_REORDER=lenbucket)"
      },
      {
        "kernel": "onpair_shmem_4tpt_lenbucket_b128",
        "decode_ms": 0.0,
        "decode_gib_s": 0.0,
        "applicable": false,
        "reason": "length-bucket dict not built (set ONPAIR_DICT_REORDER=lenbucket)"
      },
      {
        "kernel": "onpair_shmem_4tpt_regcache",
        "decode_ms": 1.570912,
        "decode_gib_s": 592.854704756769,
        "decode_ns_iters": [
          1572608,
          1572032,
          1572384,
          1575392,
          1574944,
          1571456,
          1574752,
          1572768,
          1572480,
          1574752,
          1572768,
          1576128,
          1572544,
          1572896,
          1573696,
          1570912,
          1574848,
          1572960,
          1572672,
          1572512,
          1572320,
          1573408,
          1572704,
          1575840,
          1571808,
          1575040,
          1572416,
          1572416,
          1575040,
          1572000
        ],
        "applicable": true
      },
      {
        "kernel": "onpair_shmem_4tpt_split4read",
        "decode_ms": 1.45408,
        "decode_gib_s": 640.4892233982076,
        "decode_ns_iters": [
          1458560,
          1457312,
          1456736,
          1456448,
          1456608,
          1457376,
          1457440,
          1459328,
          1458048,
          1458240,
          1456192,
          1457536,
          1458688,
          1454336,
          1457440,
          1455584,
          1456128,
          1455872,
          1456736,
          1454400,
          1455072,
          1456352,
          1454496,
          1456416,
          1456704,
          1455456,
          1454528,
          1454656,
          1457408,
          1454080
        ],
        "applicable": true
      },
      {
        "kernel": "onpair_shmem_4tpt_split4read_b128o12",
        "decode_ms": 1.317536,
        "decode_gib_s": 706.8668863384876,
        "decode_ns_iters": [
          1319424,
          1320192,
          1320096,
          1323808,
          1318912,
          1319584,
          1319264,
          1319744,
          1318336,
          1326112,
          1318400,
          1321984,
          1320416,
          1320768,
          1318592,
          1321568,
          1318912,
          1319776,
          1321888,
          1320928,
          1320960,
          1321792,
          1320960,
          1320512,
          1320640,
          1319872,
          1319104,
          1319168,
          1322144,
          1317536
        ],
        "applicable": true
      },
      {
        "kernel": "onpair_shmem_4tpt_cluster_dsmem",
        "decode_ms": 5.525504,
        "decode_gib_s": 168.54979563110726,
        "decode_ns_iters": [
          5544032,
          5558752,
          5570496,
          5556608,
          5570816,
          5535040,
          5571648,
          5564512,
          5539296,
          5535456,
          5536864,
          5550624,
          5564128,
          5582720,
          5581856,
          5527392,
          5565536,
          5564896,
          5545728,
          5563168,
          5539712,
          5525504,
          5568032,
          5552352,
          5563072,
          5579296,
          5535168,
          5537728,
          5554400,
          5551040
        ],
        "applicable": true
      },
      {
        "kernel": "onpair_shmem_8tpt",
        "decode_ms": 1.299168,
        "decode_gib_s": 716.8607677828161,
        "decode_ns_iters": [
          1307424,
          1302816,
          1301664,
          1315328,
          1300960,
          1302080,
          1302560,
          1300416,
          1305280,
          1300768,
          1301504,
          1300384,
          1300704,
          1302304,
          1301344,
          1302176,
          1299168,
          1302048,
          1300256,
          1300928,
          1300896,
          1301760,
          1304384,
          1303264,
          1303808,
          1299520,
          1301376,
          1303200,
          1301152,
          1303808
        ],
        "applicable": true
      },
      {
        "kernel": "onpair_shmem_8tpt_b128",
        "decode_ms": 1.301376,
        "decode_gib_s": 715.6444947185637,
        "decode_ns_iters": [
          1306560,
          1304736,
          1305184,
          1305472,
          1304960,
          1304096,
          1304832,
          1303424,
          1306048,
          1304800,
          1304864,
          1302752,
          1305472,
          1302944,
          1304960,
          1306784,
          1308192,
          1305664,
          1307136,
          1318720,
          1308832,
          1302336,
          1306528,
          1317984,
          1305440,
          1303808,
          1301376,
          1302304,
          1301696,
          1301504
        ],
        "applicable": true
      },
      {
        "kernel": "onpair_shmem_4tpt_vwidth",
        "decode_ms": 4.27904,
        "decode_gib_s": 217.64754944073098,
        "decode_ns_iters": [
          4284832,
          4285760,
          4283168,
          4284544,
          4282816,
          4286880,
          4284768,
          4284672,
          4290816,
          4285312,
          4284832,
          4282624,
          4282560,
          4283584,
          4283616,
          4283360,
          4283840,
          4286016,
          4285056,
          4281344,
          4284224,
          4286752,
          4283296,
          4283168,
          4284160,
          4286144,
          4284448,
          4279040,
          4281280,
          4293184
        ],
        "applicable": true
      },
      {
        "kernel": "onpair_shmem_4tpt_vwidth_b128",
        "decode_ms": 5.584384,
        "decode_gib_s": 166.77265925102313,
        "decode_ns_iters": [
          5588608,
          5589344,
          5591584,
          5590976,
          5599616,
          5584384,
          5592352,
          5591328,
          5591456,
          5590144,
          5592384,
          5596640,
          5590560,
          5589120,
          5587616,
          5589504,
          5588928,
          5587328,
          5590048,
          5591264,
          5596864,
          5596288,
          5593536,
          5591296,
          5589152,
          5586560,
          5592384,
          5589312,
          5609824,
          5596512
        ],
        "applicable": true
      },
      {
        "kernel": "onpair_shmem_4tpt_vwidth4",
        "decode_ms": 1.755296,
        "decode_gib_s": 530.5786431227928,
        "decode_ns_iters": [
          1757664,
          1757120,
          1758400,
          1759808,
          1757632,
          1755296,
          1757024,
          1761888,
          1762560,
          1758880,
          1757184,
          1756288,
          1767712,
          1756608,
          1756896,
          1765120,
          1759328,
          1758112,
          1757952,
          1757632,
          1758400,
          1756288,
          1766624,
          1757088,
          1757440,
          1756864,
          1759552,
          1755616,
          1760512,
          1763328
        ],
        "applicable": true
      },
      {
        "kernel": "onpair_shmem_4tpt_vwidth4_b128",
        "decode_ms": 1.275936,
        "decode_gib_s": 729.9132322928938,
        "decode_ns_iters": [
          1289344,
          1280320,
          1281344,
          1279712,
          1279520,
          1281664,
          1280000,
          1284160,
          1285984,
          1281824,
          1276448,
          1280704,
          1278528,
          1277088,
          1277856,
          1278400,
          1286912,
          1282400,
          1280384,
          1281888,
          1279520,
          1279552,
          1275936,
          1282080,
          1289888,
          1280576,
          1280096,
          1276544,
          1283328,
          1280320
        ],
        "applicable": true
      },
      {
        "kernel": "onpair_shmem_4tpt_shdict8",
        "decode_ms": 2.466112,
        "decode_gib_s": 377.6481238317099,
        "decode_ns_iters": [
          2471808,
          2471424,
          2469728,
          2473408,
          2467040,
          2468352,
          2466112,
          2474880,
          2471808,
          2466688,
          2480512,
          2471872,
          2476064,
          2468032,
          2474720,
          2482752,
          2471456,
          2475424,
          2470272,
          2472480,
          2473280,
          2477504,
          2468864,
          2475104,
          2475392,
          2468928,
          2469504,
          2468704,
          2470784,
          2469536
        ],
        "applicable": true
      },
      {
        "kernel": "onpair_shmem_4tpt_ablate",
        "decode_ms": 1.283488,
        "decode_gib_s": 725.6184475108967,
        "decode_ns_iters": [
          1283488,
          1293664,
          1288000,
          1290080,
          1285024,
          1287584,
          1287968,
          1286080,
          1286240,
          1289408,
          1286784,
          1286624,
          1287296,
          1286176,
          1287904,
          1287520,
          1286656,
          1287520,
          1289184,
          1286048,
          1286528,
          1289728,
          1290400,
          1289184,
          1297088,
          1288640,
          1288928,
          1288320,
          1287520,
          1288416
        ],
        "applicable": true
      },
      {
        "kernel": "onpair_shmem_4tpt_ablate_nogather",
        "decode_ms": 0.956352,
        "decode_gib_s": 973.8282242927977,
        "decode_ns_iters": [
          959936,
          963296,
          958880,
          963328,
          960800,
          963072,
          960352,
          960192,
          963232,
          961472,
          958560,
          959296,
          958848,
          961216,
          959072,
          960416,
          961088,
          962240,
          962240,
          961312,
          964384,
          957504,
          960704,
          957888,
          960928,
          967520,
          956352,
          959648,
          960544,
          957728
        ],
        "applicable": true
      },
      {
        "kernel": "onpair_shmem_4tpt_ablate_noemit",
        "decode_ms": 0.71712,
        "decode_gib_s": 1298.6983628386681,
        "decode_ns_iters": [
          721792,
          736000,
          725632,
          725024,
          724192,
          717120,
          731328,
          720480,
          732096,
          726304,
          731776,
          729472,
          730848,
          725280,
          724736,
          724672,
          721728,
          723552,
          725632,
          736544,
          724288,
          726048,
          728864,
          729248,
          729632,
          727232,
          722720,
          723456,
          726688,
          724000
        ],
        "applicable": true
      },
      {
        "kernel": "onpair_shmem_4tpt_ablate_nodrain",
        "decode_ms": 1.159936,
        "decode_gib_s": 802.908582851869,
        "decode_ns_iters": [
          1161760,
          1161344,
          1161568,
          1159936,
          1162240,
          1160096,
          1161920,
          1161152,
          1162496,
          1161280,
          1163232,
          1161344,
          1159968,
          1161888,
          1163552,
          1162400,
          1163552,
          1170336,
          1163776,
          1163712,
          1163040,
          1164000,
          1165024,
          1162784,
          1163616,
          1163488,
          1163456,
          1161376,
          1163552,
          1159936
        ],
        "applicable": true
      },
      {
        "kernel": "onpair_shmem_4tpt_ablate_noscan",
        "decode_ms": 0.934432,
        "decode_gib_s": 996.6723848914266,
        "decode_ns_iters": [
          944800,
          952608,
          947840,
          941504,
          952256,
          945728,
          958784,
          947360,
          953824,
          941088,
          950176,
          947072,
          934432,
          952800,
          946048,
          951520,
          945792,
          941184,
          940800,
          948928,
          941824,
          945344,
          953088,
          943488,
          944640,
          942112,
          937184,
          951136,
          955712,
          951168
        ],
        "applicable": true
      },
      {
        "kernel": "onpair_shmem_4tpt_ablate_cfree",
        "decode_ms": 1.186368,
        "decode_gib_s": 785.0199684742555,
        "decode_ns_iters": [
          1190560,
          1191872,
          1188800,
          1187968,
          1186368,
          1188224,
          1188352,
          1189376,
          1187648,
          1189184,
          1186688,
          1187744,
          1188960,
          1186496,
          1188768,
          1187232,
          1187872,
          1187840,
          1187168,
          1186880,
          1187040,
          1186816,
          1188896,
          1187776,
          1188416,
          1188800,
          1188096,
          1188928,
          1191776,
          1193952
        ],
        "applicable": true
      },
      {
        "kernel": "onpair_shmem_s8",
        "decode_ms": 0.0,
        "decode_gib_s": 0.0,
        "applicable": false,
        "reason": "dictionary entry longer than 8 bytes"
      },
      {
        "kernel": "onpair_shmem_s8_2tpt",
        "decode_ms": 0.0,
        "decode_gib_s": 0.0,
        "applicable": false,
        "reason": "dictionary entry longer than 8 bytes"
      },
      {
        "kernel": "onpair_shmem_s8_4tpt",
        "decode_ms": 0.0,
        "decode_gib_s": 0.0,
        "applicable": false,
        "reason": "dictionary entry longer than 8 bytes"
      },
      {
        "kernel": "onpair_shmem_s8_8tpt",
        "decode_ms": 0.0,
        "decode_gib_s": 0.0,
        "applicable": false,
        "reason": "dictionary entry longer than 8 bytes"
      },
      {
        "kernel": "onpair_shmem_s4l1",
        "decode_ms": 0.0,
        "decode_gib_s": 0.0,
        "applicable": false,
        "reason": "dictionary entry longer than 4 bytes"
      },
      {
        "kernel": "onpair_shmem_s4l1_2tpt",
        "decode_ms": 0.0,
        "decode_gib_s": 0.0,
        "applicable": false,
        "reason": "dictionary entry longer than 4 bytes"
      },
      {
        "kernel": "onpair_shmem_s4l1_4tpt",
        "decode_ms": 0.0,
        "decode_gib_s": 0.0,
        "applicable": false,
        "reason": "dictionary entry longer than 4 bytes"
      },
      {
        "kernel": "onpair_shmem_s4l1_8tpt",
        "decode_ms": 0.0,
        "decode_gib_s": 0.0,
        "applicable": false,
        "reason": "dictionary entry longer than 4 bytes"
      },
      {
        "kernel": "onpair_shmem_s4l1_16tpt",
        "decode_ms": 0.0,
        "decode_gib_s": 0.0,
        "applicable": false,
        "reason": "dictionary entry longer than 4 bytes"
      },
      {
        "kernel": "onpair_shmem_s4l1_32tpt",
        "decode_ms": 0.0,
        "decode_gib_s": 0.0,
        "applicable": false,
        "reason": "dictionary entry longer than 4 bytes"
      },
      {
        "kernel": "onpair_shmem_const1",
        "decode_ms": 0.0,
        "decode_gib_s": 0.0,
        "applicable": false,
        "reason": "not every dictionary entry is exactly 1 byte"
      },
      {
        "kernel": "onpair_shmem_const2",
        "decode_ms": 0.0,
        "decode_gib_s": 0.0,
        "applicable": false,
        "reason": "not every dictionary entry is exactly 2 bytes"
      }
    ]
  }
}
==PROF== Disconnected from process 35306
==PROF== Report: /home/ubuntu/work/shdict_ncu_clickbench_URL_b12_split8read.ncu-rep
