==PROF== Connected to process 36200 (/home/ubuntu/work/target/release/onpair-chunk-bench)
2026-08-13T01:33:27.930553Z  INFO vortex_cuda: vortex-cuda/src/lib.rs:111: Registering CUDA kernels
==WARNING== Unable to access the following 6 metrics: ctc__rx_bytes_data_user.sum, ctc__rx_bytes_data_user.sum.pct_of_peak_sustained_elapsed, ctc__rx_bytes_data_user.sum.per_second, ctc__tx_bytes_data_user.sum, ctc__tx_bytes_data_user.sum.pct_of_peak_sustained_elapsed, ctc__tx_bytes_data_user.sum.per_second.


==PROF== Profiling "onpair_shmem_4tpt": 0%....50%....100% - 38 passes
==PROF== Profiling "onpair_shmem_4tpt": 0%....50%....100% - 38 passes
==PROF== Profiling "onpair_shmem_4tpt": 0%....50%....100% - 38 passes
==PROF== Profiling "onpair_shmem_4tpt": 0%....50%....100% - 38 passes
==PROF== Profiling "onpair_shmem_4tpt": 0%....50%....100% - 38 passes
==PROF== Profiling "onpair_shmem_4tpt": 0%....50%....100% - 38 passes
==PROF== Profiling "onpair_shmem_4tpt": 0%....50%....100% - 38 passes
==PROF== Profiling "onpair_shmem_4tpt": 0%....50%....100% - 38 passes
==PROF== Profiling "onpair_shmem_4tpt": 0%....50%....100% - 38 passes
==PROF== Profiling "onpair_shmem_4tpt": 0%....50%....100% - 38 passes
==PROF== Profiling "onpair_shmem_4tpt": 0%....50%....100% - 38 passes
==PROF== Profiling "onpair_shmem_4tpt": 0%....50%....100% - 38 passes
==PROF== Profiling "onpair_shmem_4tpt": 0%....50%....100% - 38 passes
==PROF== Profiling "onpair_shmem_4tpt": 0%....50%....100% - 38 passes
==PROF== Profiling "onpair_shmem_4tpt": 0%....50%....100% - 38 passes
==PROF== Profiling "onpair_shmem_4tpt": 0%....50%....100% - 38 passes
{
  "files": [
    "/home/ubuntu/work/vortex-bench/data/onpair-bench/clickbench/URL/bits12_chunk1000mb_thr0.20/part_0000.vortex"
  ],
  "column": "URL",
  "rows": 12254692,
  "in_memory_bytes": 345156556,
  "dict_bytes": 21467,
  "gpu": {
    "iterations": 30,
    "decoded_bytes": 999999995,
    "chunks": 1,
    "auto_kernel": "onpair_shmem_4tpt",
    "frac_le8": 0.8099382,
    "dict_mean_len": 4.701996,
    "dict_max_len": 16,
    "dict_entries_max": 4096,
    "small_dict": true,
    "distinct_codes": 4017,
    "access_top4096_frac": 1.0,
    "compressed_bytes": 425376877,
    "h2d_gib_s": 9.386804904515449,
    "whole_decompress_gib_s": 21.34928208246931,
    "best_kernel": "onpair_shmem_4tpt_split8read_b128o12",
    "auto_decode_ms": 1.41888,
    "best_decode_ms": 1.213152,
    "validated": false,
    "auto_decode_gib_s": 656.3786718812484,
    "best_decode_gib_s": 767.6882781043641,
    "kernels": [
      {
        "kernel": "onpair_shmem",
        "decode_ms": 1.939552,
        "decode_gib_s": 480.17406594866526,
        "decode_ns_iters": [
          1945728,
          1946464,
          1946400,
          1942560,
          1956672,
          1944352,
          1943008,
          1943776,
          1945120,
          1945376,
          1939552,
          1944832,
          1943936,
          1944640,
          1942016,
          1942752,
          1945152,
          1944000,
          1945888,
          1947040,
          1945856,
          1945920,
          1944032,
          1943424,
          1942944,
          1946176,
          1952928,
          1944544,
          1946752,
          1945248
        ],
        "applicable": true
      },
      {
        "kernel": "onpair_shmem_2tpt",
        "decode_ms": 1.43232,
        "decode_gib_s": 650.2196226812903,
        "decode_ns_iters": [
          1434592,
          1433824,
          1434816,
          1432320,
          1434336,
          1432896,
          1433504,
          1435552,
          1443264,
          1434336,
          1435168,
          1435584,
          1436800,
          1434592,
          1435424,
          1433728,
          1434144,
          1433632,
          1434688,
          1432384,
          1434272,
          1440992,
          1435808,
          1434400,
          1433696,
          1434112,
          1433440,
          1434208,
          1435552,
          1433056
        ],
        "applicable": true
      },
      {
        "kernel": "onpair_shmem_4tpt",
        "decode_ms": 1.41888,
        "decode_gib_s": 656.3786718812484,
        "decode_ns_iters": [
          2077073574,
          2080507040,
          2084454298,
          2061333179,
          2071776867,
          2067127228,
          2088338614,
          2076017857,
          2066318512,
          2088289022,
          2088982105,
          2088973761,
          2090425014,
          2067629099,
          1480736,
          1423616,
          1418880,
          1421760,
          1420320,
          1421056,
          1420960,
          1421632,
          1420672,
          1420640,
          1421984,
          1423648,
          1420736,
          1422144,
          1422432,
          1422496
        ],
        "applicable": true
      },
      {
        "kernel": "onpair_shmem_4tpt_wpb8",
        "decode_ms": 1.384384,
        "decode_gib_s": 672.7342774539908,
        "decode_ns_iters": [
          1386496,
          1387104,
          1389376,
          1385600,
          1387200,
          1384384,
          1387264,
          1385312,
          1386368,
          1386144,
          1385056,
          1385664,
          1387488,
          1386368,
          1385728,
          1386656,
          1392768,
          1395264,
          1391328,
          1394496,
          1387488,
          1389312,
          1391200,
          1388768,
          1388928,
          1389440,
          1390144,
          1387456,
          1389152,
          1389568
        ],
        "applicable": true
      },
      {
        "kernel": "onpair_shmem_4tpt_wpb8_occ",
        "decode_ms": 1.323712,
        "decode_gib_s": 703.5688805109161,
        "decode_ns_iters": [
          1325248,
          1327392,
          1324576,
          1325728,
          1327808,
          1325984,
          1325440,
          1326144,
          1329248,
          1325472,
          1326528,
          1324480,
          1329088,
          1333088,
          1328576,
          1326144,
          1325472,
          1325504,
          1323712,
          1325632,
          1334080,
          1328640,
          1326464,
          1326240,
          1324352,
          1324320,
          1327904,
          1327008,
          1327200,
          1328096
        ],
        "applicable": true
      },
      {
        "kernel": "onpair_shmem_4tpt_b128",
        "decode_ms": 1.303744,
        "decode_gib_s": 714.344664258371,
        "decode_ns_iters": [
          1308704,
          1308288,
          1308384,
          1308672,
          1314880,
          1305824,
          1306784,
          1306272,
          1308320,
          1312736,
          1308704,
          1316032,
          1310624,
          1309472,
          1307936,
          1309376,
          1308608,
          1309888,
          1309120,
          1305504,
          1307904,
          1307744,
          1305568,
          1304704,
          1303744,
          1304512,
          1304128,
          1303872,
          1305536,
          1308576
        ],
        "applicable": true
      },
      {
        "kernel": "onpair_shmem_4tpt_o6",
        "decode_ms": 1.28224,
        "decode_gib_s": 726.3246895736099,
        "decode_ns_iters": [
          1286368,
          1284672,
          1284608,
          1290720,
          1284640,
          1284576,
          1283328,
          1283520,
          1283200,
          1284192,
          1284704,
          1292384,
          1282240,
          1284160,
          1285408,
          1283712,
          1285696,
          1284128,
          1282560,
          1284992,
          1283552,
          1284960,
          1282432,
          1283616,
          1284832,
          1282368,
          1285856,
          1282368,
          1285888,
          1285856
        ],
        "applicable": true
      },
      {
        "kernel": "onpair_shmem_4tpt_b512o3",
        "decode_ms": 1.279648,
        "decode_gib_s": 727.7959016533184,
        "decode_ns_iters": [
          1281376,
          1283072,
          1280352,
          1282400,
          1282432,
          1282048,
          1281824,
          1289664,
          1281472,
          1281344,
          1280832,
          1280416,
          1283616,
          1281120,
          1281024,
          1284192,
          1280576,
          1282560,
          1281536,
          1281632,
          1289216,
          1282624,
          1283040,
          1279680,
          1282112,
          1280320,
          1280512,
          1279936,
          1279648,
          1281280
        ],
        "applicable": true
      },
      {
        "kernel": "onpair_shmem_4tpt_b128o12",
        "decode_ms": 1.284672,
        "decode_gib_s": 724.9496914067292,
        "decode_ns_iters": [
          1293472,
          1286304,
          1286944,
          1287072,
          1287584,
          1288640,
          1289056,
          1288352,
          1287072,
          1287840,
          1284672,
          1287712,
          1287776,
          1289408,
          1289056,
          1294496,
          1288736,
          1289184,
          1296480,
          1288160,
          1285568,
          1287392,
          1286112,
          1292736,
          1286976,
          1294848,
          1287584,
          1286336,
          1287680,
          1287168
        ],
        "applicable": true
      },
      {
        "kernel": "onpair_shmem_4tpt_b64",
        "decode_ms": 1.302848,
        "decode_gib_s": 714.8359363171035,
        "decode_ns_iters": [
          1308704,
          1307232,
          1307072,
          1303744,
          1304128,
          1304672,
          1307200,
          1305568,
          1305664,
          1304896,
          1302848,
          1304096,
          1305888,
          1304992,
          1305824,
          1311936,
          1306240,
          1313472,
          1306304,
          1307104,
          1305632,
          1305568,
          1307104,
          1313280,
          1307648,
          1307936,
          1308096,
          1304128,
          1306144,
          1305216
        ],
        "applicable": true
      },
      {
        "kernel": "onpair_shmem_4tpt_b64o24",
        "decode_ms": 1.292096,
        "decode_gib_s": 720.7843457133724,
        "decode_ns_iters": [
          1297216,
          1294592,
          1293248,
          1294496,
          1293472,
          1293344,
          1294272,
          1292864,
          1295072,
          1293024,
          1295072,
          1292960,
          1292896,
          1292096,
          1294272,
          1293920,
          1294752,
          1293792,
          1295648,
          1292640,
          1295072,
          1293056,
          1294400,
          1292480,
          1295200,
          1294784,
          1293312,
          1295424,
          1292384,
          1293856
        ],
        "applicable": true
      },
      {
        "kernel": "onpair_shmem_4tpt_split8read_b128o12",
        "decode_ms": 1.213152,
        "decode_gib_s": 767.6882781043641,
        "decode_ns_iters": [
          1217376,
          1214752,
          1213824,
          1213600,
          1216064,
          1214848,
          1216768,
          1213856,
          1213536,
          1214496,
          1216672,
          1214880,
          1213664,
          1214432,
          1215424,
          1215104,
          1213696,
          1214240,
          1214880,
          1214176,
          1214784,
          1215328,
          1213152,
          1214656,
          1214272,
          1213280,
          1215520,
          1220704,
          1214304,
          1214624
        ],
        "applicable": true
      },
      {
        "kernel": "onpair_shmem_4tpt_split8read_occ",
        "decode_ms": 1.301664,
        "decode_gib_s": 715.4861546135298,
        "decode_ns_iters": [
          1303776,
          1304128,
          1304672,
          1303680,
          1305120,
          1303392,
          1305888,
          1313216,
          1306464,
          1305984,
          1306880,
          1307840,
          1306208,
          1305408,
          1306688,
          1305056,
          1304096,
          1301664,
          1303936,
          1302464,
          1305568,
          1306048,
          1306304,
          1307840,
          1307072,
          1305952,
          1305408,
          1307424,
          1304704,
          1304384
        ],
        "applicable": true
      },
      {
        "kernel": "onpair_shmem_4tpt_split8",
        "decode_ms": 1.515552,
        "decode_gib_s": 614.5104687657471,
        "decode_ns_iters": [
          1519552,
          1517888,
          1527584,
          1522944,
          1518144,
          1516192,
          1518976,
          1517312,
          1518496,
          1516896,
          1515552,
          1519648,
          1518880,
          1516512,
          1516448,
          1515648,
          1525312,
          1517056,
          1517440,
          1516704,
          1517440,
          1515936,
          1518304,
          1519616,
          1519616,
          1520000,
          1517312,
          1517376,
          1520512,
          1527040
        ],
        "applicable": true
      },
      {
        "kernel": "onpair_shmem_4tpt_split8_wpb8",
        "decode_ms": 1.522208,
        "decode_gib_s": 611.8234629951135,
        "decode_ns_iters": [
          1525696,
          1522976,
          1522656,
          1523968,
          1522752,
          1524224,
          1531744,
          1522208,
          1525632,
          1526592,
          1526016,
          1525920,
          1525440,
          1524160,
          1532896,
          1522848,
          1523008,
          1524640,
          1523200,
          1524736,
          1523008,
          1524384,
          1530624,
          1522752,
          1524672,
          1524896,
          1523232,
          1523712,
          1523744,
          1524128
        ],
        "applicable": true
      },
      {
        "kernel": "onpair_shmem_4tpt_split8_wpb8_occ",
        "decode_ms": 1.455584,
        "decode_gib_s": 639.8274300616561,
        "decode_ns_iters": [
          1457824,
          1466368,
          1457088,
          1457376,
          1457184,
          1457536,
          1457568,
          1457216,
          1458400,
          1457088,
          1466048,
          1459264,
          1458816,
          1458368,
          1457536,
          1457824,
          1456992,
          1457536,
          1459712,
          1464256,
          1465536,
          1456928,
          1458240,
          1456928,
          1456704,
          1458080,
          1456128,
          1457696,
          1465536,
          1455584
        ],
        "applicable": true
      },
      {
        "kernel": "onpair_shmem_4tpt_pdict",
        "decode_ms": 1.772032,
        "decode_gib_s": 525.5675800204881,
        "decode_ns_iters": [
          1777056,
          1780384,
          1778112,
          1784768,
          1785824,
          1781696,
          1777984,
          1781728,
          1772032,
          1779168,
          1775744,
          1778112,
          1789472,
          1780992,
          1783680,
          1773856,
          1777824,
          1774656,
          1775584,
          1778112,
          1781152,
          1793760,
          1777824,
          1775680,
          1782048,
          1782880,
          1782176,
          1781344,
          1787808,
          1777920
        ],
        "applicable": true
      },
      {
        "kernel": "onpair_shmem_4tpt_vdict",
        "decode_ms": 2.529664,
        "decode_gib_s": 368.16058178432615,
        "decode_ns_iters": [
          2532160,
          2537824,
          2543872,
          2538848,
          2540896,
          2544192,
          2539040,
          2543136,
          2534240,
          2536480,
          2539616,
          2540608,
          2541376,
          2546752,
          2538752,
          2543840,
          2540256,
          2544448,
          2541856,
          2541216,
          2538208,
          2540992,
          2538688,
          2537376,
          2529664,
          2539776,
          2539360,
          2541024,
          2541504,
          2538816
        ],
        "applicable": true
      },
      {
        "kernel": "onpair_shmem_4tpt_split8read",
        "decode_ms": 1.385216,
        "decode_gib_s": 672.3302141751651,
        "decode_ns_iters": [
          1387584,
          1386336,
          1387808,
          1386976,
          1388800,
          1387872,
          1387584,
          1385568,
          1386400,
          1386528,
          1386432,
          1385472,
          1390976,
          1385216,
          1388576,
          1386016,
          1387136,
          1385504,
          1393344,
          1386912,
          1394528,
          1388416,
          1385472,
          1389344,
          1388320,
          1387264,
          1388608,
          1386496,
          1386880,
          1388192
        ],
        "applicable": true
      },
      {
        "kernel": "onpair_shmem_4tpt_ldcs",
        "decode_ms": 1.432672,
        "decode_gib_s": 650.0598671286001,
        "decode_ns_iters": [
          1435136,
          1438240,
          1438688,
          1432672,
          1437152,
          1441408,
          1438528,
          1438496,
          1437568,
          1436512,
          1437600,
          1436256,
          1438848,
          1437056,
          1436992,
          1437952,
          1442080,
          1438976,
          1437856,
          1434336,
          1438400,
          1438080,
          1438816,
          1438176,
          1436832,
          1436128,
          1438240,
          1436160,
          1437632,
          1440832
        ],
        "applicable": true
      },
      {
        "kernel": "onpair_shmem_4tpt_lenbucket",
        "decode_ms": 0.0,
        "decode_gib_s": 0.0,
        "applicable": false,
        "reason": "length-bucket dict not built (set ONPAIR_DICT_REORDER=lenbucket)"
      },
      {
        "kernel": "onpair_shmem_4tpt_lenbucket_b128",
        "decode_ms": 0.0,
        "decode_gib_s": 0.0,
        "applicable": false,
        "reason": "length-bucket dict not built (set ONPAIR_DICT_REORDER=lenbucket)"
      },
      {
        "kernel": "onpair_shmem_4tpt_regcache",
        "decode_ms": 1.573824,
        "decode_gib_s": 591.757763230746,
        "decode_ns_iters": [
          1578688,
          1577568,
          1576736,
          1577568,
          1576960,
          1576384,
          1578688,
          1576256,
          1576000,
          1577280,
          1574048,
          1576128,
          1578368,
          1577056,
          1575840,
          1575552,
          1577760,
          1576544,
          1577024,
          1573856,
          1573824,
          1577664,
          1575712,
          1578848,
          1575552,
          1576672,
          1575808,
          1575936,
          1582688,
          1576640
        ],
        "applicable": true
      },
      {
        "kernel": "onpair_shmem_4tpt_split4read",
        "decode_ms": 1.456032,
        "decode_gib_s": 639.6305644098933,
        "decode_ns_iters": [
          1459168,
          1457856,
          1457216,
          1459168,
          1459328,
          1458944,
          1460544,
          1458880,
          1460384,
          1459744,
          1457728,
          1459840,
          1459424,
          1456192,
          1458144,
          1456032,
          1460320,
          1456864,
          1458656,
          1456096,
          1464416,
          1458784,
          1459552,
          1459520,
          1458912,
          1459840,
          1458464,
          1457312,
          1460128,
          1456256
        ],
        "applicable": true
      },
      {
        "kernel": "onpair_shmem_4tpt_split4read_b128o12",
        "decode_ms": 1.318016,
        "decode_gib_s": 706.6094569101328,
        "decode_ns_iters": [
          1322720,
          1322688,
          1321248,
          1320576,
          1320608,
          1320736,
          1319712,
          1320544,
          1318016,
          1320352,
          1321952,
          1321536,
          1322048,
          1319776,
          1319936,
          1323584,
          1321888,
          1322080,
          1321600,
          1322432,
          1320192,
          1322528,
          1320096,
          1328096,
          1321504,
          1321280,
          1321536,
          1321984,
          1320832,
          1325632
        ],
        "applicable": true
      },
      {
        "kernel": "onpair_shmem_4tpt_cluster_dsmem",
        "decode_ms": 5.520736,
        "decode_gib_s": 168.6953641613846,
        "decode_ns_iters": [
          5569792,
          5535936,
          5575456,
          5559776,
          5559200,
          5597984,
          5547328,
          5544672,
          5575168,
          5570848,
          5562912,
          5570080,
          5533728,
          5556736,
          5520736,
          5525216,
          5544992,
          5555360,
          5547360,
          5523872,
          5544416,
          5524832,
          5545024,
          5550752,
          5548064,
          5538496,
          5539232,
          5541120,
          5543104,
          5579776
        ],
        "applicable": true
      },
      {
        "kernel": "onpair_shmem_8tpt",
        "decode_ms": 1.301024,
        "decode_gib_s": 715.8381167133471,
        "decode_ns_iters": [
          1302624,
          1305856,
          1305056,
          1315616,
          1303776,
          1301664,
          1301280,
          1303264,
          1304416,
          1304224,
          1305408,
          1303264,
          1306336,
          1306336,
          1302656,
          1304448,
          1308768,
          1303072,
          1304480,
          1302528,
          1303296,
          1307712,
          1303072,
          1301024,
          1304800,
          1302816,
          1302240,
          1301472,
          1302464,
          1305216
        ],
        "applicable": true
      },
      {
        "kernel": "onpair_shmem_8tpt_b128",
        "decode_ms": 1.302528,
        "decode_gib_s": 715.0115544225274,
        "decode_ns_iters": [
          1306720,
          1306912,
          1307616,
          1305856,
          1308416,
          1307488,
          1308800,
          1308096,
          1307904,
          1306368,
          1308000,
          1306048,
          1307648,
          1306752,
          1309024,
          1305216,
          1305632,
          1305408,
          1306912,
          1302528,
          1305280,
          1304992,
          1306368,
          1304512,
          1305440,
          1304672,
          1303008,
          1304864,
          1306080,
          1307296
        ],
        "applicable": true
      },
      {
        "kernel": "onpair_shmem_4tpt_vwidth",
        "decode_ms": 4.28224,
        "decode_gib_s": 217.48490742201878,
        "decode_ns_iters": [
          4283328,
          4282240,
          4284704,
          4285760,
          4288160,
          4290048,
          4285344,
          4284224,
          4285248,
          4284832,
          4284512,
          4284800,
          4284512,
          4283552,
          4284352,
          4283040,
          4283520,
          4283808,
          4284640,
          4284416,
          4285856,
          4284768,
          4283552,
          4284224,
          4286752,
          4283904,
          4293760,
          4282784,
          4286816,
          4292064
        ],
        "applicable": true
      },
      {
        "kernel": "onpair_shmem_4tpt_vwidth_b128",
        "decode_ms": 5.595072,
        "decode_gib_s": 166.45408136997443,
        "decode_ns_iters": [
          5602272,
          5597600,
          5595776,
          5602304,
          5602304,
          5600192,
          5599680,
          5600352,
          5607904,
          5602208,
          5602848,
          5599744,
          5598144,
          5596480,
          5599488,
          5600160,
          5604608,
          5598944,
          5606112,
          5601472,
          5595968,
          5595072,
          5603264,
          5595552,
          5598432,
          5600576,
          5604544,
          5598848,
          5609824,
          5597280
        ],
        "applicable": true
      },
      {
        "kernel": "onpair_shmem_4tpt_vwidth4",
        "decode_ms": 1.75648,
        "decode_gib_s": 530.2209930991902,
        "decode_ns_iters": [
          1759072,
          1756672,
          1760672,
          1767136,
          1758368,
          1758624,
          1759456,
          1759968,
          1760576,
          1759584,
          1766144,
          1759264,
          1761696,
          1759552,
          1760640,
          1758528,
          1759488,
          1766976,
          1759296,
          1758144,
          1756480,
          1758048,
          1758752,
          1758528,
          1765504,
          1757696,
          1758880,
          1758464,
          1760800,
          1758752
        ],
        "applicable": true
      },
      {
        "kernel": "onpair_shmem_4tpt_vwidth4_b128",
        "decode_ms": 1.277248,
        "decode_gib_s": 729.1634592176819,
        "decode_ns_iters": [
          1280192,
          1280160,
          1283328,
          1278176,
          1283424,
          1280736,
          1280768,
          1281696,
          1278368,
          1282656,
          1280320,
          1278496,
          1280384,
          1280608,
          1284000,
          1277728,
          1282272,
          1282848,
          1280480,
          1277248,
          1279808,
          1281344,
          1279712,
          1281952,
          1280032,
          1280512,
          1283168,
          1277888,
          1278208,
          1277376
        ],
        "applicable": true
      },
      {
        "kernel": "onpair_shmem_4tpt_shdict8",
        "decode_ms": 2.462368,
        "decode_gib_s": 378.2223331195279,
        "decode_ns_iters": [
          2474752,
          2472160,
          2470912,
          2518016,
          2472640,
          2471648,
          2476736,
          2468928,
          2472544,
          2468128,
          2468960,
          2477248,
          2474272,
          2472864,
          2467840,
          2475808,
          2468000,
          2477568,
          2468288,
          2481824,
          2469440,
          2483904,
          2462368,
          2484992,
          2474208,
          2471200,
          2469760,
          2475008,
          2479232,
          2474848
        ],
        "applicable": true
      },
      {
        "kernel": "onpair_shmem_4tpt_ablate",
        "decode_ms": 1.282976,
        "decode_gib_s": 725.9080216300739,
        "decode_ns_iters": [
          1285536,
          1287520,
          1282976,
          1284416,
          1288096,
          1286176,
          1294976,
          1288192,
          1286304,
          1287232,
          1286912,
          1287520,
          1285632,
          1286464,
          1287872,
          1289248,
          1286240,
          1287104,
          1289536,
          1288384,
          1299072,
          1288224,
          1288832,
          1289408,
          1288544,
          1290560,
          1287296,
          1288512,
          1291008,
          1288768
        ],
        "applicable": true
      },
      {
        "kernel": "onpair_shmem_4tpt_ablate_nogather",
        "decode_ms": 0.95888,
        "decode_gib_s": 971.2608146575856,
        "decode_ns_iters": [
          961152,
          963264,
          961696,
          963840,
          963136,
          962464,
          964544,
          962592,
          963040,
          960160,
          968512,
          959008,
          959680,
          968288,
          962720,
          962592,
          960096,
          958880,
          960512,
          961440,
          964832,
          961920,
          965120,
          962720,
          970944,
          964224,
          960064,
          969536,
          961344,
          961856
        ],
        "applicable": true
      },
      {
        "kernel": "onpair_shmem_4tpt_ablate_noemit",
        "decode_ms": 0.714592,
        "decode_gib_s": 1303.2927460129215,
        "decode_ns_iters": [
          724864,
          736256,
          730976,
          728704,
          727648,
          723424,
          725952,
          728032,
          723680,
          721344,
          729984,
          735104,
          725888,
          726496,
          731072,
          727936,
          719904,
          727616,
          734080,
          737152,
          727904,
          724544,
          722176,
          727328,
          725152,
          730848,
          721760,
          726048,
          719680,
          714592
        ],
        "applicable": true
      },
      {
        "kernel": "onpair_shmem_4tpt_ablate_nodrain",
        "decode_ms": 1.160928,
        "decode_gib_s": 802.2225064421443,
        "decode_ns_iters": [
          1161760,
          1160928,
          1214752,
          1166496,
          1164096,
          1164800,
          1164384,
          1163744,
          1176320,
          1163232,
          1163296,
          1162720,
          1172928,
          1163104,
          1162720,
          1165088,
          1164096,
          1165152,
          1164672,
          1165280,
          1164064,
          1166208,
          1164096,
          1164768,
          1166848,
          1164032,
          1164224,
          1162080,
          1164544,
          1164128
        ],
        "applicable": true
      },
      {
        "kernel": "onpair_shmem_4tpt_ablate_noscan",
        "decode_ms": 0.931872,
        "decode_gib_s": 999.4104018136242,
        "decode_ns_iters": [
          947744,
          951488,
          948032,
          954304,
          952544,
          941216,
          940608,
          944384,
          943584,
          940640,
          936352,
          939488,
          940000,
          950272,
          937632,
          947392,
          949568,
          949728,
          937600,
          940256,
          943008,
          949888,
          943744,
          941728,
          954016,
          931872,
          950880,
          938528,
          952864,
          948864
        ],
        "applicable": true
      },
      {
        "kernel": "onpair_shmem_4tpt_ablate_cfree",
        "decode_ms": 1.189792,
        "decode_gib_s": 782.7608270679796,
        "decode_ns_iters": [
          1194528,
          1192928,
          1191840,
          1190880,
          1191392,
          1194176,
          1193888,
          1193536,
          1193152,
          1190336,
          1191680,
          1189792,
          1194944,
          1194592,
          1193120,
          1193440,
          1189952,
          1192512,
          1191008,
          1193088,
          1190208,
          1190624,
          1191584,
          1193152,
          1192960,
          1193536,
          1203264,
          1191264,
          1192800,
          1192928
        ],
        "applicable": true
      },
      {
        "kernel": "onpair_shmem_s8",
        "decode_ms": 0.0,
        "decode_gib_s": 0.0,
        "applicable": false,
        "reason": "dictionary entry longer than 8 bytes"
      },
      {
        "kernel": "onpair_shmem_s8_2tpt",
        "decode_ms": 0.0,
        "decode_gib_s": 0.0,
        "applicable": false,
        "reason": "dictionary entry longer than 8 bytes"
      },
      {
        "kernel": "onpair_shmem_s8_4tpt",
        "decode_ms": 0.0,
        "decode_gib_s": 0.0,
        "applicable": false,
        "reason": "dictionary entry longer than 8 bytes"
      },
      {
        "kernel": "onpair_shmem_s8_8tpt",
        "decode_ms": 0.0,
        "decode_gib_s": 0.0,
        "applicable": false,
        "reason": "dictionary entry longer than 8 bytes"
      },
      {
        "kernel": "onpair_shmem_s4l1",
        "decode_ms": 0.0,
        "decode_gib_s": 0.0,
        "applicable": false,
        "reason": "dictionary entry longer than 4 bytes"
      },
      {
        "kernel": "onpair_shmem_s4l1_2tpt",
        "decode_ms": 0.0,
        "decode_gib_s": 0.0,
        "applicable": false,
        "reason": "dictionary entry longer than 4 bytes"
      },
      {
        "kernel": "onpair_shmem_s4l1_4tpt",
        "decode_ms": 0.0,
        "decode_gib_s": 0.0,
        "applicable": false,
        "reason": "dictionary entry longer than 4 bytes"
      },
      {
        "kernel": "onpair_shmem_s4l1_8tpt",
        "decode_ms": 0.0,
        "decode_gib_s": 0.0,
        "applicable": false,
        "reason": "dictionary entry longer than 4 bytes"
      },
      {
        "kernel": "onpair_shmem_s4l1_16tpt",
        "decode_ms": 0.0,
        "decode_gib_s": 0.0,
        "applicable": false,
        "reason": "dictionary entry longer than 4 bytes"
      },
      {
        "kernel": "onpair_shmem_s4l1_32tpt",
        "decode_ms": 0.0,
        "decode_gib_s": 0.0,
        "applicable": false,
        "reason": "dictionary entry longer than 4 bytes"
      },
      {
        "kernel": "onpair_shmem_const1",
        "decode_ms": 0.0,
        "decode_gib_s": 0.0,
        "applicable": false,
        "reason": "not every dictionary entry is exactly 1 byte"
      },
      {
        "kernel": "onpair_shmem_const2",
        "decode_ms": 0.0,
        "decode_gib_s": 0.0,
        "applicable": false,
        "reason": "not every dictionary entry is exactly 2 bytes"
      }
    ]
  }
}
==PROF== Disconnected from process 36200
==PROF== Report: /home/ubuntu/work/shdict_ncu_clickbench_URL_b12_onpair_shmem_4tpt.ncu-rep
