==PROF== Connected to process 33025 (/home/ubuntu/work/target/release/onpair-chunk-bench)
2026-08-13T01:30:37.668584Z  INFO vortex_cuda: vortex-cuda/src/lib.rs:111: Registering CUDA kernels
==WARNING== Unable to access the following 6 metrics: ctc__rx_bytes_data_user.sum, ctc__rx_bytes_data_user.sum.pct_of_peak_sustained_elapsed, ctc__rx_bytes_data_user.sum.per_second, ctc__tx_bytes_data_user.sum, ctc__tx_bytes_data_user.sum.pct_of_peak_sustained_elapsed, ctc__tx_bytes_data_user.sum.per_second.


==PROF== Profiling "onpair_shmem_4tpt_split8read": 0%....50%....100% - 38 passes
==PROF== Profiling "onpair_shmem_4tpt_split8read": 0%....50%....100% - 38 passes
==PROF== Profiling "onpair_shmem_4tpt_split8read": 0%....50%....100% - 38 passes
==PROF== Profiling "onpair_shmem_4tpt_split8read": 0%....50%....100% - 38 passes
==PROF== Profiling "onpair_shmem_4tpt_split8read": 0%....50%....100% - 38 passes
==PROF== Profiling "onpair_shmem_4tpt_split8read": 0%....50%....100% - 38 passes
==PROF== Profiling "onpair_shmem_4tpt_split8read": 0%....50%....100% - 38 passes
==PROF== Profiling "onpair_shmem_4tpt_split8read": 0%....50%....100% - 38 passes
==PROF== Profiling "onpair_shmem_4tpt_split8read": 0%....50%....100% - 38 passes
==PROF== Profiling "onpair_shmem_4tpt_split8read": 0%....50%....100% - 38 passes
==PROF== Profiling "onpair_shmem_4tpt_split8read": 0%....50%....100% - 38 passes
==PROF== Profiling "onpair_shmem_4tpt_split8read": 0%....50%....100% - 38 passes
==PROF== Profiling "onpair_shmem_4tpt_split8read": 0%....50%....100% - 38 passes
==PROF== Profiling "onpair_shmem_4tpt_split8read": 0%....50%....100% - 38 passes
==PROF== Profiling "onpair_shmem_4tpt_split8read": 0%....50%....100% - 38 passes
==PROF== Profiling "onpair_shmem_4tpt_split8read": 0%....50%....100% - 38 passes
{
  "files": [
    "/home/ubuntu/work/vortex-bench/data/onpair-bench/clickbench/Referer/bits12_chunk1000mb_thr0.20/part_0000.vortex"
  ],
  "column": "Referer",
  "rows": 12527778,
  "in_memory_bytes": 405231368,
  "dict_bytes": 19273,
  "gpu": {
    "iterations": 30,
    "decoded_bytes": 999999983,
    "chunks": 1,
    "auto_kernel": "onpair_shmem_4tpt",
    "frac_le8": 0.8732638,
    "dict_mean_len": 3.977357,
    "dict_max_len": 16,
    "dict_entries_max": 4096,
    "small_dict": true,
    "distinct_codes": 4014,
    "access_top4096_frac": 1.0,
    "compressed_bytes": 502869881,
    "h2d_gib_s": 9.49649507158496,
    "whole_decompress_gib_s": 18.284330068058967,
    "best_kernel": "onpair_shmem_4tpt_split8read_b128o12",
    "auto_decode_ms": 1.61904,
    "best_decode_ms": 1.336256,
    "validated": false,
    "auto_decode_gib_s": 575.2313462193613,
    "best_decode_gib_s": 696.9641736186738,
    "kernels": [
      {
        "kernel": "onpair_shmem",
        "decode_ms": 2.256032,
        "decode_gib_s": 412.81442762469453,
        "decode_ns_iters": [
          2260928,
          2260448,
          2271168,
          2258208,
          2257248,
          2258208,
          2259264,
          2272064,
          2260832,
          2259328,
          2257376,
          2261088,
          2256512,
          2259104,
          2258528,
          2259328,
          2260992,
          2257856,
          2256480,
          2258496,
          2256960,
          2260896,
          2257248,
          2257568,
          2257760,
          2256032,
          2256608,
          2257728,
          2260192,
          2258592
        ],
        "applicable": true
      },
      {
        "kernel": "onpair_shmem_2tpt",
        "decode_ms": 1.629984,
        "decode_gib_s": 571.3691415271528,
        "decode_ns_iters": [
          1645760,
          1650976,
          1654144,
          1651232,
          1653088,
          1651136,
          1652608,
          1641536,
          1633600,
          1631872,
          1630336,
          1631648,
          1633024,
          1630688,
          1631776,
          1635744,
          1631008,
          1632544,
          1631360,
          1629984,
          1630848,
          1631008,
          1631616,
          1631424,
          1631552,
          1630560,
          1633248,
          1632512,
          1633920,
          1630912
        ],
        "applicable": true
      },
      {
        "kernel": "onpair_shmem_4tpt",
        "decode_ms": 1.61904,
        "decode_gib_s": 575.2313462193613,
        "decode_ns_iters": [
          1623008,
          1621056,
          1625312,
          1624544,
          1621824,
          1619328,
          1619040,
          1622688,
          1619552,
          1623104,
          1623904,
          1622080,
          1622112,
          1624640,
          1629984,
          1621600,
          1621344,
          1620128,
          1620896,
          1621792,
          1619744,
          1621600,
          1621056,
          1622624,
          1619488,
          1620256,
          1622496,
          1622560,
          1623808,
          1630624
        ],
        "applicable": true
      },
      {
        "kernel": "onpair_shmem_4tpt_wpb8",
        "decode_ms": 1.563008,
        "decode_gib_s": 595.8527139867454,
        "decode_ns_iters": [
          1566528,
          1566976,
          1569472,
          1563936,
          1568768,
          1565120,
          1567776,
          1568672,
          1575680,
          1568480,
          1568512,
          1565920,
          1565184,
          1567104,
          1569728,
          1563008,
          1567136,
          1565888,
          1566944,
          1564640,
          1563936,
          1568544,
          1567840,
          1565408,
          1566528,
          1565120,
          1565536,
          1563296,
          1564064,
          1566752
        ],
        "applicable": true
      },
      {
        "kernel": "onpair_shmem_4tpt_wpb8_occ",
        "decode_ms": 1.499808,
        "decode_gib_s": 620.9611888875074,
        "decode_ns_iters": [
          1503168,
          1504672,
          1505408,
          1502720,
          1507424,
          1503936,
          1509664,
          1514464,
          1507296,
          1503552,
          1506368,
          1502816,
          1506496,
          1512608,
          1499808,
          1509856,
          1501984,
          1501792,
          1500736,
          1503136,
          1503712,
          1505184,
          1502848,
          1502464,
          1501088,
          1504480,
          1503488,
          1502720,
          1501472,
          1503136
        ],
        "applicable": true
      },
      {
        "kernel": "onpair_shmem_4tpt_b128",
        "decode_ms": 1.464288,
        "decode_gib_s": 636.0241692774882,
        "decode_ns_iters": [
          1466944,
          1467616,
          1464288,
          1467680,
          1466624,
          1465568,
          1467904,
          1476256,
          1468352,
          1467744,
          1466688,
          1466912,
          1466688,
          1468768,
          1466336,
          1465248,
          1476640,
          1466528,
          1467008,
          1466080,
          1466720,
          1465568,
          1467840,
          1465888,
          1466560,
          1466752,
          1465952,
          1467136,
          1468288,
          1467616
        ],
        "applicable": true
      },
      {
        "kernel": "onpair_shmem_4tpt_o6",
        "decode_ms": 1.439104,
        "decode_gib_s": 647.1544508131412,
        "decode_ns_iters": [
          1440672,
          1442368,
          1441376,
          1441344,
          1439168,
          1446560,
          1439168,
          1441056,
          1443456,
          1442432,
          1439616,
          1439488,
          1449568,
          1441792,
          1439136,
          1441120,
          1446400,
          1441824,
          1439104,
          1440576,
          1440960,
          1440416,
          1440384,
          1440256,
          1439840,
          1441184,
          1439872,
          1439872,
          1441056,
          1441600
        ],
        "applicable": true
      },
      {
        "kernel": "onpair_shmem_4tpt_b512o3",
        "decode_ms": 1.438784,
        "decode_gib_s": 647.2983844572881,
        "decode_ns_iters": [
          1439520,
          1442464,
          1442144,
          1453024,
          1438784,
          1439264,
          1440640,
          1440896,
          1442528,
          1446432,
          1441408,
          1442112,
          1442144,
          1439904,
          1440256,
          1439680,
          1446144,
          1440416,
          1440256,
          1439616,
          1447296,
          1441504,
          1441824,
          1443776,
          1440672,
          1442336,
          1440832,
          1440096,
          1440896,
          1441344
        ],
        "applicable": true
      },
      {
        "kernel": "onpair_shmem_4tpt_b128o12",
        "decode_ms": 1.441888,
        "decode_gib_s": 645.9049238103062,
        "decode_ns_iters": [
          1444736,
          1444608,
          1451840,
          1443104,
          1441888,
          1441952,
          1442752,
          1449184,
          1442272,
          1444288,
          1443328,
          1442848,
          1444544,
          1451168,
          1443808,
          1442432,
          1443072,
          1443008,
          1443072,
          1442336,
          1442272,
          1442400,
          1444192,
          1442528,
          1443680,
          1442496,
          1442784,
          1442112,
          1443680,
          1441952
        ],
        "applicable": true
      },
      {
        "kernel": "onpair_shmem_4tpt_b64",
        "decode_ms": 1.463136,
        "decode_gib_s": 636.5249428508318,
        "decode_ns_iters": [
          1466528,
          1468064,
          1475616,
          1465856,
          1466656,
          1464832,
          1464128,
          1465728,
          1464032,
          1465408,
          1464736,
          1463136,
          1464864,
          1464256,
          1466784,
          1463712,
          1464800,
          1466080,
          1465728,
          1465984,
          1464960,
          1471936,
          1464960,
          1464544,
          1466592,
          1465568,
          1466336,
          1469440,
          1469312,
          1463264
        ],
        "applicable": true
      },
      {
        "kernel": "onpair_shmem_4tpt_b64o24",
        "decode_ms": 1.44544,
        "decode_gib_s": 644.317687889497,
        "decode_ns_iters": [
          1451264,
          1455648,
          1447392,
          1450016,
          1447296,
          1448064,
          1448032,
          1452096,
          1451200,
          1449248,
          1447104,
          1447648,
          1448384,
          1447968,
          1450624,
          1450272,
          1448672,
          1450016,
          1451648,
          1451200,
          1448160,
          1448576,
          1448864,
          1454368,
          1450112,
          1448544,
          1445440,
          1447616,
          1447968,
          1448064
        ],
        "applicable": true
      },
      {
        "kernel": "onpair_shmem_4tpt_split8read_b128o12",
        "decode_ms": 1.336256,
        "decode_gib_s": 696.9641736186738,
        "decode_ns_iters": [
          1340320,
          1338080,
          1337184,
          1336864,
          1337408,
          1336832,
          1346368,
          1337056,
          1338656,
          1338464,
          1339552,
          1339904,
          1340864,
          1339936,
          1339776,
          1337312,
          1339680,
          1336544,
          1337184,
          1337472,
          1336352,
          1337664,
          1337344,
          1336256,
          1338336,
          1337472,
          1338048,
          1337728,
          1344224,
          1336288
        ],
        "applicable": true
      },
      {
        "kernel": "onpair_shmem_4tpt_split8read_occ",
        "decode_ms": 1.460992,
        "decode_gib_s": 637.4590406949488,
        "decode_ns_iters": [
          1462112,
          1468832,
          1465344,
          1462720,
          1462368,
          1463712,
          1465216,
          1463904,
          1474752,
          1462304,
          1465536,
          1463616,
          1463040,
          1462752,
          1462528,
          1461536,
          1463360,
          1462848,
          1465088,
          1460992,
          1462368,
          1461472,
          1462656,
          1462944,
          1462112,
          1463200,
          1464736,
          1462656,
          1461728,
          1469184
        ],
        "applicable": true
      },
      {
        "kernel": "onpair_shmem_4tpt_split8",
        "decode_ms": 1.712928,
        "decode_gib_s": 543.7021046903283,
        "decode_ns_iters": [
          1716032,
          1716128,
          1715712,
          1715040,
          1714784,
          1714496,
          1717728,
          1716256,
          1713088,
          1715360,
          1717024,
          1717024,
          1716800,
          1717664,
          1714016,
          1713888,
          1715616,
          1714016,
          1715744,
          1722368,
          1714336,
          1712928,
          1714912,
          1714304,
          1714784,
          1717088,
          1720128,
          1714912,
          1716576,
          1714624
        ],
        "applicable": true
      },
      {
        "kernel": "onpair_shmem_4tpt_split8_wpb8",
        "decode_ms": 1.691744,
        "decode_gib_s": 550.5103365420505,
        "decode_ns_iters": [
          1701440,
          1694112,
          1695936,
          1696064,
          1695296,
          1700128,
          1696864,
          1692832,
          1694496,
          1694336,
          1693024,
          1703040,
          1694048,
          1698880,
          1693504,
          1693792,
          1693568,
          1691744,
          1695104,
          1694304,
          1703648,
          1692416,
          1693504,
          1692864,
          1691936,
          1700704,
          1693120,
          1693984,
          1696352,
          1696160
        ],
        "applicable": true
      },
      {
        "kernel": "onpair_shmem_4tpt_split8_wpb8_occ",
        "decode_ms": 1.619104,
        "decode_gib_s": 575.2086084544259,
        "decode_ns_iters": [
          1621216,
          1621984,
          1622496,
          1622688,
          1622080,
          1621760,
          1622048,
          1621184,
          1622976,
          1620960,
          1622592,
          1619104,
          1622592,
          1623584,
          1623008,
          1622592,
          1622464,
          1622336,
          1623520,
          1621056,
          1621664,
          1622016,
          1621248,
          1621600,
          1622464,
          1629536,
          1621664,
          1626496,
          1624928,
          1621824
        ],
        "applicable": true
      },
      {
        "kernel": "onpair_shmem_4tpt_pdict",
        "decode_ms": 2.045536,
        "decode_gib_s": 455.2951200971261,
        "decode_ns_iters": [
          2053600,
          2047936,
          2048160,
          2056992,
          2060032,
          2056544,
          2052512,
          2053600,
          2052032,
          2051328,
          2056448,
          2051584,
          2054592,
          2061024,
          2059104,
          2058976,
          2045536,
          2051712,
          2052576,
          2056512,
          2069568,
          2054336,
          2050208,
          2045664,
          2049312,
          2048384,
          2059360,
          2050848,
          2054304,
          2053984
        ],
        "applicable": true
      },
      {
        "kernel": "onpair_shmem_4tpt_vdict",
        "decode_ms": 2.814976,
        "decode_gib_s": 330.845647985274,
        "decode_ns_iters": [
          2820352,
          2820160,
          2824640,
          2825216,
          2818592,
          2823360,
          2817920,
          2820672,
          2816096,
          2818912,
          2820384,
          2823680,
          2822624,
          2827008,
          2819712,
          2821696,
          2816160,
          2816000,
          2814976,
          2819328,
          2817024,
          2822400,
          2821376,
          2819360,
          2820000,
          2821248,
          2817280,
          2819232,
          2825408,
          2817952
        ],
        "applicable": true
      },
      {
        "kernel": "onpair_shmem_4tpt_split8read",
        "decode_ms": 1.589952,
        "decode_gib_s": 585.7551415281687,
        "decode_ns_iters": [
          2186018705,
          2168320894,
          2179785252,
          2188188076,
          2169450045,
          2190332413,
          2195749998,
          2177532434,
          2178756952,
          2187648296,
          2183328629,
          2169746161,
          2171932220,
          2189492941,
          1645824,
          1595264,
          1594976,
          1593344,
          1593728,
          1591520,
          1590240,
          1591968,
          1592768,
          1593728,
          1591200,
          1590912,
          1600032,
          1590048,
          1593024,
          1589952
        ],
        "applicable": true
      },
      {
        "kernel": "onpair_shmem_4tpt_ldcs",
        "decode_ms": 1.646368,
        "decode_gib_s": 565.6831029168417,
        "decode_ns_iters": [
          1649408,
          1646368,
          1650368,
          1652608,
          1647168,
          1649440,
          1648960,
          1657504,
          1649696,
          1648160,
          1649568,
          1655520,
          1647360,
          1650368,
          1648448,
          1655488,
          1649664,
          1649376,
          1652384,
          1666528,
          1649856,
          1649696,
          1648320,
          1655744,
          1648768,
          1649056,
          1648384,
          1655840,
          1646848,
          1649280
        ],
        "applicable": true
      },
      {
        "kernel": "onpair_shmem_4tpt_lenbucket",
        "decode_ms": 0.0,
        "decode_gib_s": 0.0,
        "applicable": false,
        "reason": "length-bucket dict not built (set ONPAIR_DICT_REORDER=lenbucket)"
      },
      {
        "kernel": "onpair_shmem_4tpt_lenbucket_b128",
        "decode_ms": 0.0,
        "decode_gib_s": 0.0,
        "applicable": false,
        "reason": "length-bucket dict not built (set ONPAIR_DICT_REORDER=lenbucket)"
      },
      {
        "kernel": "onpair_shmem_4tpt_regcache",
        "decode_ms": 1.794304,
        "decode_gib_s": 519.0439071545261,
        "decode_ns_iters": [
          1796320,
          1797120,
          1795840,
          1794304,
          1801664,
          1794656,
          1797600,
          1794912,
          1797024,
          1797248,
          1794496,
          1798688,
          1797472,
          1796928,
          1796448,
          1796704,
          1796416,
          1797536,
          1798432,
          1796448,
          1797472,
          1797504,
          1797696,
          1806496,
          1797376,
          1797536,
          1795744,
          1797760,
          1800768,
          1796768
        ],
        "applicable": true
      },
      {
        "kernel": "onpair_shmem_4tpt_split4read",
        "decode_ms": 1.66224,
        "decode_gib_s": 560.28164331444,
        "decode_ns_iters": [
          1664448,
          1665600,
          1664000,
          1664256,
          1664608,
          1670272,
          1665696,
          1664352,
          1664864,
          1664544,
          1669152,
          1675360,
          1666016,
          1663936,
          1664576,
          1665216,
          1665824,
          1663136,
          1664320,
          1664064,
          1665376,
          1663744,
          1664896,
          1667200,
          1665984,
          1665536,
          1664032,
          1664384,
          1666272,
          1662240
        ],
        "applicable": true
      },
      {
        "kernel": "onpair_shmem_4tpt_split4read_b128o12",
        "decode_ms": 1.464768,
        "decode_gib_s": 635.8157460997201,
        "decode_ns_iters": [
          1469600,
          1471328,
          1468672,
          1469760,
          1467136,
          1468032,
          1466496,
          1466176,
          1466336,
          1467040,
          1465216,
          1465248,
          1473952,
          1464768,
          1466496,
          1466400,
          1466336,
          1466784,
          1466752,
          1465888,
          1466848,
          1466976,
          1466784,
          1466656,
          1465792,
          1465312,
          1467040,
          1466080,
          1465984,
          1468448
        ],
        "applicable": true
      },
      {
        "kernel": "onpair_shmem_4tpt_cluster_dsmem",
        "decode_ms": 6.585568,
        "decode_gib_s": 141.41871419185023,
        "decode_ns_iters": [
          6624544,
          6615296,
          6612288,
          6601056,
          6604960,
          6634464,
          6585568,
          6613984,
          6648320,
          6635424,
          6616448,
          6643200,
          6610912,
          6626656,
          6629408,
          6625280,
          6641088,
          6587392,
          6617280,
          6624128,
          6587648,
          6603360,
          6628064,
          6618560,
          6617664,
          6607712,
          6629024,
          6617344,
          6621504,
          6635104
        ],
        "applicable": true
      },
      {
        "kernel": "onpair_shmem_8tpt",
        "decode_ms": 1.46528,
        "decode_gib_s": 635.5935785535835,
        "decode_ns_iters": [
          1466272,
          1469472,
          1467712,
          1473504,
          1468160,
          1469536,
          1470848,
          1468544,
          1467840,
          1469408,
          1467328,
          1467616,
          1469984,
          1468096,
          1468384,
          1468352,
          1466368,
          1468512,
          1468256,
          1467040,
          1467936,
          1467424,
          1470144,
          1465280,
          1468416,
          1466016,
          1479328,
          1466848,
          1466816,
          1468736
        ],
        "applicable": true
      },
      {
        "kernel": "onpair_shmem_8tpt_b128",
        "decode_ms": 1.469216,
        "decode_gib_s": 633.8908361895014,
        "decode_ns_iters": [
          1478720,
          1471904,
          1469408,
          1471072,
          1469664,
          1470368,
          1470976,
          1470752,
          1470464,
          1471200,
          1470144,
          1470560,
          1472032,
          1471104,
          1469568,
          1471424,
          1470432,
          1471168,
          1475968,
          1470272,
          1470528,
          1469216,
          1471424,
          1470912,
          1471616,
          1477024,
          1471904,
          1469888,
          1471456,
          1472256
        ],
        "applicable": true
      },
      {
        "kernel": "onpair_shmem_4tpt_vwidth",
        "decode_ms": 5.088704,
        "decode_gib_s": 183.0176325412118,
        "decode_ns_iters": [
          5090624,
          5090848,
          5096288,
          5090688,
          5090496,
          5094112,
          5090784,
          5097408,
          5089920,
          5090720,
          5090592,
          5089984,
          5097984,
          5091616,
          5090656,
          5090816,
          5089792,
          5091424,
          5088704,
          5089728,
          5089600,
          5094112,
          5093792,
          5091616,
          5093696,
          5092736,
          5090208,
          5089408,
          5097632,
          5091552
        ],
        "applicable": true
      },
      {
        "kernel": "onpair_shmem_4tpt_vwidth_b128",
        "decode_ms": 6.525152,
        "decode_gib_s": 142.72810177954395,
        "decode_ns_iters": [
          6525152,
          6539104,
          6530752,
          6537504,
          6528704,
          6531520,
          6538752,
          6529920,
          6537664,
          6530528,
          6533376,
          6530720,
          6527456,
          6527040,
          6536128,
          6532224,
          6530400,
          6537376,
          6531264,
          6532128,
          6541504,
          6538528,
          6544704,
          6534848,
          6537248,
          6539936,
          6536064,
          6534144,
          6533760,
          6531520
        ],
        "applicable": true
      },
      {
        "kernel": "onpair_shmem_4tpt_vwidth4",
        "decode_ms": 2.017152,
        "decode_gib_s": 461.701725394514,
        "decode_ns_iters": [
          2017152,
          2020320,
          2029376,
          2020512,
          2020928,
          2019040,
          2021344,
          2023488,
          2019968,
          2021504,
          2019648,
          2020448,
          2020928,
          2020288,
          2022560,
          2020992,
          2021088,
          2021376,
          2019712,
          2028768,
          2019808,
          2020288,
          2020352,
          2022400,
          2021120,
          2019712,
          2020672,
          2019328,
          2021440,
          2021600
        ],
        "applicable": true
      },
      {
        "kernel": "onpair_shmem_4tpt_vwidth4_b128",
        "decode_ms": 1.458496,
        "decode_gib_s": 638.5499574787964,
        "decode_ns_iters": [
          1460832,
          1463648,
          1462560,
          1461568,
          1460640,
          1458496,
          1461312,
          1461088,
          1460064,
          1464192,
          1460256,
          1465728,
          1461056,
          1461792,
          1460832,
          1461280,
          1462592,
          1461280,
          1462528,
          1460832,
          1474624,
          1459296,
          1463264,
          1461792,
          1460512,
          1459552,
          1462144,
          1463136,
          1464928,
          1460480
        ],
        "applicable": true
      },
      {
        "kernel": "onpair_shmem_4tpt_shdict8",
        "decode_ms": 2.873856,
        "decode_gib_s": 324.0672318943589,
        "decode_ns_iters": [
          2886560,
          2884384,
          2880896,
          2886688,
          2883072,
          2881600,
          2880352,
          2880320,
          2892192,
          2888192,
          2888064,
          2887136,
          2881312,
          2879040,
          2893568,
          2884000,
          2888512,
          2883520,
          2884512,
          2886880,
          2885856,
          2880928,
          2882272,
          2879904,
          2886432,
          2885632,
          2878528,
          2873856,
          2881472,
          2879904
        ],
        "applicable": true
      },
      {
        "kernel": "onpair_shmem_4tpt_ablate",
        "decode_ms": 1.452416,
        "decode_gib_s": 641.2230096494357,
        "decode_ns_iters": [
          1453312,
          1453344,
          1454656,
          1452864,
          1456960,
          1453472,
          1454976,
          1455616,
          1455616,
          1454080,
          1453376,
          1453440,
          1454528,
          1454208,
          1456576,
          1453696,
          1454816,
          1463456,
          1456576,
          1452416,
          1458784,
          1453536,
          1455104,
          1453888,
          1453504,
          1453408,
          1461952,
          1453184,
          1457408,
          1454720
        ],
        "applicable": true
      },
      {
        "kernel": "onpair_shmem_4tpt_ablate_nogather",
        "decode_ms": 1.0728,
        "decode_gib_s": 868.1231905136043,
        "decode_ns_iters": [
          1082560,
          1082816,
          1077504,
          1078208,
          1077120,
          1079680,
          1079616,
          1077696,
          1080960,
          1079584,
          1078496,
          1078752,
          1086368,
          1078304,
          1077888,
          1080320,
          1079072,
          1078336,
          1079744,
          1079328,
          1077536,
          1075904,
          1088832,
          1083232,
          1077536,
          1077216,
          1075232,
          1072800,
          1077600,
          1082880
        ],
        "applicable": true
      },
      {
        "kernel": "onpair_shmem_4tpt_ablate_noemit",
        "decode_ms": 0.814944,
        "decode_gib_s": 1142.8055900564882,
        "decode_ns_iters": [
          829504,
          822944,
          825088,
          823200,
          839264,
          827872,
          825760,
          833664,
          826784,
          826528,
          822656,
          835232,
          835808,
          832576,
          827328,
          820480,
          821664,
          828096,
          827424,
          822912,
          824032,
          831712,
          826688,
          833376,
          814944,
          836608,
          838176,
          826752,
          825664,
          833632
        ],
        "applicable": true
      },
      {
        "kernel": "onpair_shmem_4tpt_ablate_nodrain",
        "decode_ms": 1.324512,
        "decode_gib_s": 703.1439192570508,
        "decode_ns_iters": [
          1328288,
          1327296,
          1327264,
          1326144,
          1327424,
          1327488,
          1326624,
          1325632,
          1327744,
          1327872,
          1327232,
          1327552,
          1326048,
          1327328,
          1327072,
          1327264,
          1326528,
          1324512,
          1327808,
          1327200,
          1327296,
          1327104,
          1325760,
          1324704,
          1326176,
          1327136,
          1325536,
          1325152,
          1324960,
          1325248
        ],
        "applicable": true
      },
      {
        "kernel": "onpair_shmem_4tpt_ablate_noscan",
        "decode_ms": 0.994944,
        "decode_gib_s": 936.0552541479668,
        "decode_ns_iters": [
          1000096,
          1005472,
          1001312,
          1001056,
          1002016,
          1005632,
          1002656,
          1000480,
          1003072,
          1000960,
          1001280,
          994944,
          1000640,
          1000640,
          1001760,
          1002496,
          999008,
          1000192,
          1000896,
          1002912,
          1003392,
          998528,
          998080,
          1002688,
          999872,
          1000960,
          1000928,
          1000352,
          1000224,
          1004064
        ],
        "applicable": true
      },
      {
        "kernel": "onpair_shmem_4tpt_ablate_cfree",
        "decode_ms": 1.382592,
        "decode_gib_s": 673.6062112199368,
        "decode_ns_iters": [
          1386560,
          1384832,
          1385056,
          1385472,
          1383904,
          1386112,
          1385760,
          1386240,
          1384896,
          1383456,
          1383488,
          1405760,
          1386016,
          1386048,
          1385824,
          1392256,
          1384800,
          1383808,
          1385312,
          1383840,
          1384896,
          1382592,
          1385440,
          1385440,
          1383584,
          1384512,
          1385376,
          1390336,
          1385184,
          1385312
        ],
        "applicable": true
      },
      {
        "kernel": "onpair_shmem_s8",
        "decode_ms": 0.0,
        "decode_gib_s": 0.0,
        "applicable": false,
        "reason": "dictionary entry longer than 8 bytes"
      },
      {
        "kernel": "onpair_shmem_s8_2tpt",
        "decode_ms": 0.0,
        "decode_gib_s": 0.0,
        "applicable": false,
        "reason": "dictionary entry longer than 8 bytes"
      },
      {
        "kernel": "onpair_shmem_s8_4tpt",
        "decode_ms": 0.0,
        "decode_gib_s": 0.0,
        "applicable": false,
        "reason": "dictionary entry longer than 8 bytes"
      },
      {
        "kernel": "onpair_shmem_s8_8tpt",
        "decode_ms": 0.0,
        "decode_gib_s": 0.0,
        "applicable": false,
        "reason": "dictionary entry longer than 8 bytes"
      },
      {
        "kernel": "onpair_shmem_s4l1",
        "decode_ms": 0.0,
        "decode_gib_s": 0.0,
        "applicable": false,
        "reason": "dictionary entry longer than 4 bytes"
      },
      {
        "kernel": "onpair_shmem_s4l1_2tpt",
        "decode_ms": 0.0,
        "decode_gib_s": 0.0,
        "applicable": false,
        "reason": "dictionary entry longer than 4 bytes"
      },
      {
        "kernel": "onpair_shmem_s4l1_4tpt",
        "decode_ms": 0.0,
        "decode_gib_s": 0.0,
        "applicable": false,
        "reason": "dictionary entry longer than 4 bytes"
      },
      {
        "kernel": "onpair_shmem_s4l1_8tpt",
        "decode_ms": 0.0,
        "decode_gib_s": 0.0,
        "applicable": false,
        "reason": "dictionary entry longer than 4 bytes"
      },
      {
        "kernel": "onpair_shmem_s4l1_16tpt",
        "decode_ms": 0.0,
        "decode_gib_s": 0.0,
        "applicable": false,
        "reason": "dictionary entry longer than 4 bytes"
      },
      {
        "kernel": "onpair_shmem_s4l1_32tpt",
        "decode_ms": 0.0,
        "decode_gib_s": 0.0,
        "applicable": false,
        "reason": "dictionary entry longer than 4 bytes"
      },
      {
        "kernel": "onpair_shmem_const1",
        "decode_ms": 0.0,
        "decode_gib_s": 0.0,
        "applicable": false,
        "reason": "not every dictionary entry is exactly 1 byte"
      },
      {
        "kernel": "onpair_shmem_const2",
        "decode_ms": 0.0,
        "decode_gib_s": 0.0,
        "applicable": false,
        "reason": "not every dictionary entry is exactly 2 bytes"
      }
    ]
  }
}
==PROF== Disconnected from process 33025
==PROF== Report: /home/ubuntu/work/shdict_ncu_clickbench_Referer_b12_split8read.ncu-rep
