==PROF== Connected to process 30628 (/home/ubuntu/work/target/release/onpair-chunk-bench)
2026-08-13T01:28:45.482554Z  INFO vortex_cuda: vortex-cuda/src/lib.rs:111: Registering CUDA kernels
==WARNING== Unable to access the following 6 metrics: ctc__rx_bytes_data_user.sum, ctc__rx_bytes_data_user.sum.pct_of_peak_sustained_elapsed, ctc__rx_bytes_data_user.sum.per_second, ctc__tx_bytes_data_user.sum, ctc__tx_bytes_data_user.sum.pct_of_peak_sustained_elapsed, ctc__tx_bytes_data_user.sum.per_second.


==PROF== Profiling "onpair_shmem_4tpt_split8read": 0%....50%....100% - 38 passes
==PROF== Profiling "onpair_shmem_4tpt_split8read": 0%....50%....100% - 38 passes
==PROF== Profiling "onpair_shmem_4tpt_split8read": 0%....50%....100% - 38 passes
==PROF== Profiling "onpair_shmem_4tpt_split8read": 0%....50%....100% - 38 passes
==PROF== Profiling "onpair_shmem_4tpt_split8read": 0%....50%....100% - 38 passes
==PROF== Profiling "onpair_shmem_4tpt_split8read": 0%....50%....100% - 38 passes
==PROF== Profiling "onpair_shmem_4tpt_split8read": 0%....50%....100% - 38 passes
==PROF== Profiling "onpair_shmem_4tpt_split8read": 0%....50%....100% - 38 passes
==PROF== Profiling "onpair_shmem_4tpt_split8read": 0%....50%....100% - 38 passes
==PROF== Profiling "onpair_shmem_4tpt_split8read": 0%....50%....100% - 38 passes
==PROF== Profiling "onpair_shmem_4tpt_split8read": 0%....50%....100% - 38 passes
==PROF== Profiling "onpair_shmem_4tpt_split8read": 0%....50%....100% - 38 passes
==PROF== Profiling "onpair_shmem_4tpt_split8read": 0%....50%....100% - 38 passes
==PROF== Profiling "onpair_shmem_4tpt_split8read": 0%....50%....100% - 38 passes
==PROF== Profiling "onpair_shmem_4tpt_split8read": 0%....50%....100% - 38 passes
==PROF== Profiling "onpair_shmem_4tpt_split8read": 0%....50%....100% - 38 passes
{
  "files": [
    "/home/ubuntu/work/vortex-bench/data/onpair-bench/clickbench/MobilePhoneModel/bits12_chunk1000mb_thr0.20/part_0000.vortex"
  ],
  "column": "MobilePhoneModel",
  "rows": 99997497,
  "in_memory_bytes": 32271695,
  "dict_bytes": 2173,
  "gpu": {
    "iterations": 30,
    "decoded_bytes": 23280516,
    "chunks": 1,
    "auto_kernel": "onpair_shmem_4tpt_split8read",
    "frac_le8": 0.9906985,
    "dict_mean_len": 4.183031,
    "dict_max_len": 16,
    "dict_entries_max": 672,
    "small_dict": true,
    "distinct_codes": 211,
    "access_top4096_frac": 1.0,
    "compressed_bytes": 11133793,
    "h2d_gib_s": 9.344116643280834,
    "whole_decompress_gib_s": 18.31960866187261,
    "best_kernel": "onpair_shmem_4tpt_split4read_b128o12",
    "auto_decode_ms": 0.073824,
    "best_decode_ms": 0.067584,
    "validated": false,
    "auto_decode_gib_s": 293.6940574812641,
    "best_decode_gib_s": 320.81069631121034,
    "kernels": [
      {
        "kernel": "onpair_shmem",
        "decode_ms": 0.091968,
        "decode_gib_s": 235.7523279781755,
        "decode_ns_iters": [
          93696,
          93056,
          100000,
          92288,
          93184,
          95104,
          104192,
          94880,
          94208,
          92960,
          93152,
          94720,
          93792,
          95456,
          94112,
          91968,
          93376,
          94976,
          106848,
          93984,
          95008,
          95136,
          94336,
          96256,
          96000,
          93216,
          96864,
          94528,
          95392,
          94816
        ],
        "applicable": true
      },
      {
        "kernel": "onpair_shmem_2tpt",
        "decode_ms": 0.080064,
        "decode_gib_s": 270.8042328574246,
        "decode_ns_iters": [
          82144,
          82368,
          84896,
          80800,
          82048,
          80064,
          82496,
          82112,
          91616,
          82368,
          80800,
          88800,
          81024,
          88992,
          82240,
          81536,
          83392,
          80256,
          80576,
          81248,
          81184,
          88512,
          82272,
          81088,
          81792,
          81472,
          81824,
          80448,
          83744,
          82208
        ],
        "applicable": true
      },
      {
        "kernel": "onpair_shmem_4tpt",
        "decode_ms": 0.077152,
        "decode_gib_s": 281.0253797632834,
        "decode_ns_iters": [
          78752,
          79456,
          79680,
          78816,
          80736,
          80224,
          78752,
          78336,
          77152,
          78112,
          79200,
          80352,
          79840,
          78368,
          80064,
          77216,
          78816,
          89664,
          80000,
          79776,
          77664,
          78272,
          77856,
          80192,
          79904,
          79264,
          79264,
          77408,
          78400,
          78272
        ],
        "applicable": true
      },
      {
        "kernel": "onpair_shmem_4tpt_wpb8",
        "decode_ms": 0.07504,
        "decode_gib_s": 288.93483608071483,
        "decode_ns_iters": [
          77088,
          77696,
          80512,
          77408,
          75040,
          76416,
          77568,
          77280,
          85792,
          78592,
          77696,
          76704,
          76384,
          76032,
          76160,
          76608,
          77408,
          78080,
          75456,
          76160,
          76192,
          86336,
          77632,
          78368,
          78176,
          76288,
          76640,
          75232,
          78016,
          75968
        ],
        "applicable": true
      },
      {
        "kernel": "onpair_shmem_4tpt_wpb8_occ",
        "decode_ms": 0.073728,
        "decode_gib_s": 294.0764716186095,
        "decode_ns_iters": [
          78560,
          80736,
          74016,
          74144,
          74624,
          77632,
          76256,
          85856,
          76000,
          75392,
          75968,
          77760,
          76448,
          76704,
          76832,
          78336,
          73728,
          77216,
          75424,
          87392,
          77408,
          76544,
          78336,
          77344,
          75680,
          77472,
          76192,
          86176,
          77696,
          76544
        ],
        "applicable": true
      },
      {
        "kernel": "onpair_shmem_4tpt_b128",
        "decode_ms": 0.07488,
        "decode_gib_s": 289.5522182090924,
        "decode_ns_iters": [
          79232,
          80064,
          79040,
          79584,
          77984,
          77248,
          80320,
          77600,
          78464,
          78464,
          79264,
          76640,
          76672,
          76768,
          76064,
          75808,
          85120,
          76704,
          76416,
          74880,
          79232,
          77216,
          78816,
          76736,
          78976,
          78336,
          75136,
          77248,
          75008,
          85344
        ],
        "applicable": true
      },
      {
        "kernel": "onpair_shmem_4tpt_o6",
        "decode_ms": 0.073408,
        "decode_gib_s": 295.35840915835934,
        "decode_ns_iters": [
          90048,
          78432,
          76480,
          76192,
          75008,
          75904,
          76480,
          77344,
          78848,
          75648,
          77280,
          75360,
          76128,
          77472,
          77088,
          77952,
          76128,
          76320,
          76256,
          76384,
          85536,
          75744,
          76224,
          76704,
          76736,
          76512,
          73408,
          78496,
          76320,
          78240
        ],
        "applicable": true
      },
      {
        "kernel": "onpair_shmem_4tpt_b512o3",
        "decode_ms": 0.07536,
        "decode_gib_s": 287.7079365644486,
        "decode_ns_iters": [
          77376,
          79136,
          77088,
          76960,
          80160,
          78880,
          75584,
          76736,
          103040,
          78016,
          77536,
          76832,
          75360,
          76448,
          78720,
          80928,
          75616,
          76736,
          75648,
          75392,
          77184,
          82688,
          78688,
          75776,
          75520,
          76672,
          76000,
          77952,
          76480,
          78304
        ],
        "applicable": true
      },
      {
        "kernel": "onpair_shmem_4tpt_b128o12",
        "decode_ms": 0.074112,
        "decode_gib_s": 292.5527593304302,
        "decode_ns_iters": [
          77280,
          75168,
          89920,
          76704,
          75840,
          77120,
          75776,
          76608,
          76352,
          77856,
          76224,
          75680,
          77536,
          75840,
          75872,
          82720,
          74112,
          76864,
          75104,
          75680,
          80640,
          76896,
          76640,
          76000,
          77056,
          75520,
          75840,
          85376,
          74752,
          76288
        ],
        "applicable": true
      },
      {
        "kernel": "onpair_shmem_4tpt_b64",
        "decode_ms": 0.07328,
        "decode_gib_s": 295.8743190433521,
        "decode_ns_iters": [
          76960,
          77088,
          76064,
          75264,
          77504,
          77088,
          76032,
          76736,
          76192,
          77120,
          83520,
          76544,
          76896,
          73888,
          77536,
          74912,
          78336,
          78592,
          74752,
          75168,
          77664,
          75104,
          73280,
          74592,
          76768,
          75424,
          81920,
          74944,
          76768,
          75328
        ],
        "applicable": true
      },
      {
        "kernel": "onpair_shmem_4tpt_b64o24",
        "decode_ms": 0.073472,
        "decode_gib_s": 295.1011283141448,
        "decode_ns_iters": [
          78112,
          75328,
          74816,
          75264,
          76000,
          78208,
          77056,
          76224,
          75520,
          76608,
          75200,
          74432,
          74912,
          77440,
          76160,
          76352,
          75520,
          74848,
          73472,
          86144,
          76832,
          77344,
          76064,
          74144,
          75616,
          76000,
          78048,
          76064,
          76896,
          74144
        ],
        "applicable": true
      },
      {
        "kernel": "onpair_shmem_4tpt_split8read_b128o12",
        "decode_ms": 0.069632,
        "decode_gib_s": 311.37508759617475,
        "decode_ns_iters": [
          73888,
          78944,
          71264,
          69632,
          81408,
          72288,
          71456,
          69952,
          70880,
          79072,
          72096,
          72512,
          73088,
          71936,
          72544,
          70080,
          72288,
          72416,
          72448,
          74176,
          71808,
          73856,
          72032,
          80928,
          72736,
          71616,
          71936,
          70720,
          72672,
          70304
        ],
        "applicable": true
      },
      {
        "kernel": "onpair_shmem_4tpt_split8read_occ",
        "decode_ms": 0.07088,
        "decode_gib_s": 305.89263684391705,
        "decode_ns_iters": [
          72320,
          73664,
          72448,
          71936,
          75168,
          73504,
          73152,
          77632,
          74272,
          71904,
          82048,
          73280,
          71232,
          72832,
          72800,
          82656,
          81824,
          71808,
          73376,
          70880,
          74112,
          73056,
          73120,
          74368,
          73696,
          74432,
          72736,
          73472,
          71904,
          72384
        ],
        "applicable": true
      },
      {
        "kernel": "onpair_shmem_4tpt_split8",
        "decode_ms": 0.072,
        "decode_gib_s": 301.1343069374562,
        "decode_ns_iters": [
          75008,
          76192,
          77024,
          74912,
          76640,
          74976,
          75936,
          76704,
          74400,
          76320,
          75008,
          76032,
          75456,
          76608,
          75840,
          74624,
          76384,
          74752,
          77312,
          75456,
          76672,
          75648,
          83520,
          76256,
          74944,
          75360,
          72000,
          73888,
          75872,
          76224
        ],
        "applicable": true
      },
      {
        "kernel": "onpair_shmem_4tpt_split8_wpb8",
        "decode_ms": 0.071744,
        "decode_gib_s": 302.2088272119877,
        "decode_ns_iters": [
          74656,
          75712,
          72640,
          74304,
          74112,
          73120,
          73312,
          72128,
          76544,
          74752,
          72896,
          73888,
          73952,
          74688,
          79136,
          72704,
          73376,
          73728,
          74400,
          72992,
          73696,
          73952,
          73824,
          73824,
          73952,
          73984,
          82144,
          71744,
          74112,
          72896
        ],
        "applicable": true
      },
      {
        "kernel": "onpair_shmem_4tpt_split8_wpb8_occ",
        "decode_ms": 0.071552,
        "decode_gib_s": 303.01976324207345,
        "decode_ns_iters": [
          75520,
          73728,
          73408,
          80384,
          74048,
          74912,
          73056,
          72704,
          74048,
          72192,
          72960,
          74592,
          73888,
          74080,
          72192,
          74464,
          72960,
          73216,
          82208,
          73088,
          74112,
          74656,
          74400,
          71552,
          72512,
          74048,
          73088,
          75072,
          73216,
          71872
        ],
        "applicable": true
      },
      {
        "kernel": "onpair_shmem_4tpt_pdict",
        "decode_ms": 0.082752,
        "decode_gib_s": 262.0078076601996,
        "decode_ns_iters": [
          86464,
          82880,
          86080,
          83712,
          84160,
          83680,
          84768,
          96928,
          85600,
          85664,
          84000,
          84736,
          82752,
          82848,
          83712,
          85248,
          84352,
          85024,
          83360,
          84192,
          83840,
          83392,
          84960,
          83456,
          85568,
          84736,
          84448,
          87520,
          94176,
          84384
        ],
        "applicable": true
      },
      {
        "kernel": "onpair_shmem_4tpt_vdict",
        "decode_ms": 0.08288,
        "decode_gib_s": 261.603162397404,
        "decode_ns_iters": [
          87232,
          84896,
          84960,
          86752,
          84256,
          85696,
          85984,
          86368,
          84800,
          84000,
          85024,
          94560,
          86304,
          85248,
          85952,
          82880,
          84448,
          85632,
          85472,
          85984,
          84256,
          86368,
          87552,
          84544,
          96256,
          85376,
          84768,
          83648,
          85120,
          86816
        ],
        "applicable": true
      },
      {
        "kernel": "onpair_shmem_4tpt_split8read",
        "decode_ms": 0.073824,
        "decode_gib_s": 293.6940574812641,
        "decode_ns_iters": [
          1602941155,
          1597981572,
          1597137213,
          1592935562,
          1600826502,
          1605643749,
          1616480708,
          1585864902,
          1600848675,
          1596836567,
          1590007663,
          1609030366,
          1616617560,
          1605300784,
          265856,
          78720,
          179264,
          76704,
          76448,
          80064,
          76000,
          78624,
          73824,
          74944,
          75264,
          77024,
          77184,
          75968,
          77408,
          76416
        ],
        "applicable": true
      },
      {
        "kernel": "onpair_shmem_4tpt_ldcs",
        "decode_ms": 0.078528,
        "decode_gib_s": 276.10113716759423,
        "decode_ns_iters": [
          81024,
          91136,
          82240,
          79264,
          80416,
          81024,
          80576,
          80544,
          81664,
          78528,
          81216,
          79392,
          81952,
          80896,
          80512,
          80672,
          81184,
          80608,
          80768,
          80064,
          91456,
          89536,
          81632,
          81184,
          80352,
          79968,
          79712,
          79040,
          85280,
          81856
        ],
        "applicable": true
      },
      {
        "kernel": "onpair_shmem_4tpt_lenbucket",
        "decode_ms": 0.0,
        "decode_gib_s": 0.0,
        "applicable": false,
        "reason": "length-bucket dict not built (set ONPAIR_DICT_REORDER=lenbucket)"
      },
      {
        "kernel": "onpair_shmem_4tpt_lenbucket_b128",
        "decode_ms": 0.0,
        "decode_gib_s": 0.0,
        "applicable": false,
        "reason": "length-bucket dict not built (set ONPAIR_DICT_REORDER=lenbucket)"
      },
      {
        "kernel": "onpair_shmem_4tpt_regcache",
        "decode_ms": 0.079136,
        "decode_gib_s": 273.97985871786346,
        "decode_ns_iters": [
          81504,
          83520,
          79968,
          80128,
          80608,
          82112,
          81152,
          79808,
          81760,
          80256,
          79616,
          80992,
          81088,
          91488,
          80416,
          81984,
          82016,
          79712,
          80960,
          80000,
          80640,
          80992,
          80544,
          80896,
          80800,
          80832,
          79136,
          80384,
          82048,
          81312
        ],
        "applicable": true
      },
      {
        "kernel": "onpair_shmem_4tpt_split4read",
        "decode_ms": 0.071488,
        "decode_gib_s": 303.291043244976,
        "decode_ns_iters": [
          77952,
          73728,
          74976,
          71488,
          74848,
          72256,
          82912,
          73728,
          85856,
          75264,
          72096,
          73536,
          74208,
          75520,
          74176,
          81664,
          76544,
          74560,
          73280,
          71712,
          74720,
          74080,
          76032,
          73440,
          83936,
          82816,
          74240,
          74784,
          76096,
          73792
        ],
        "applicable": true
      },
      {
        "kernel": "onpair_shmem_4tpt_split4read_b128o12",
        "decode_ms": 0.067584,
        "decode_gib_s": 320.81069631121034,
        "decode_ns_iters": [
          71328,
          71072,
          69376,
          68640,
          68992,
          70720,
          67808,
          69440,
          69984,
          69664,
          71424,
          76000,
          69664,
          68992,
          69728,
          70976,
          68992,
          67584,
          71904,
          69696,
          69312,
          67968,
          69088,
          70784,
          70208,
          72352,
          80896,
          71456,
          70176,
          70560
        ],
        "applicable": true
      },
      {
        "kernel": "onpair_shmem_4tpt_cluster_dsmem",
        "decode_ms": 0.138016,
        "decode_gib_s": 157.09533749345613,
        "decode_ns_iters": [
          176352,
          145696,
          151840,
          142784,
          149408,
          138432,
          138240,
          138240,
          140256,
          139264,
          148064,
          138016,
          139968,
          138624,
          138624,
          138400,
          140768,
          139200,
          141280,
          141376,
          140992,
          139104,
          139360,
          140160,
          142656,
          142496,
          138880,
          139616,
          140416,
          139648
        ],
        "applicable": true
      },
      {
        "kernel": "onpair_shmem_8tpt",
        "decode_ms": 0.073984,
        "decode_gib_s": 293.05890597287043,
        "decode_ns_iters": [
          74688,
          74240,
          75168,
          82880,
          75904,
          93856,
          76032,
          75936,
          78560,
          76672,
          76480,
          73984,
          74624,
          74752,
          74752,
          76128,
          83104,
          77600,
          76192,
          74752,
          76608,
          74464,
          76768,
          82688,
          77472,
          76576,
          75232,
          75488,
          74048,
          76608
        ],
        "applicable": true
      },
      {
        "kernel": "onpair_shmem_8tpt_b128",
        "decode_ms": 0.074496,
        "decode_gib_s": 291.04475541635577,
        "decode_ns_iters": [
          78880,
          76192,
          76832,
          74496,
          77728,
          76320,
          75008,
          76672,
          75680,
          75520,
          75520,
          75392,
          77280,
          75520,
          75328,
          75744,
          75712,
          77152,
          76256,
          76672,
          75808,
          74720,
          76576,
          76864,
          77696,
          82848,
          76288,
          76768,
          76064,
          77856
        ],
        "applicable": true
      },
      {
        "kernel": "onpair_shmem_4tpt_vwidth",
        "decode_ms": 0.101856,
        "decode_gib_s": 212.86590971073713,
        "decode_ns_iters": [
          103904,
          104256,
          101856,
          103968,
          103456,
          102688,
          103008,
          104672,
          101856,
          104544,
          104352,
          103584,
          102752,
          103488,
          105600,
          103840,
          103392,
          103904,
          103968,
          103712,
          103040,
          103968,
          103264,
          103904,
          103872,
          102816,
          103200,
          102208,
          103392,
          102336
        ],
        "applicable": true
      },
      {
        "kernel": "onpair_shmem_4tpt_vwidth_b128",
        "decode_ms": 0.187936,
        "decode_gib_s": 115.36730642078604,
        "decode_ns_iters": [
          191744,
          189536,
          189568,
          189600,
          190048,
          190272,
          189376,
          198592,
          190656,
          190016,
          189696,
          188544,
          191936,
          188544,
          188896,
          189120,
          189088,
          190144,
          189536,
          190816,
          190880,
          190624,
          192352,
          190496,
          190848,
          188544,
          187936,
          189696,
          189216,
          195360
        ],
        "applicable": true
      },
      {
        "kernel": "onpair_shmem_4tpt_vwidth4",
        "decode_ms": 0.081696,
        "decode_gib_s": 265.3945125770765,
        "decode_ns_iters": [
          85696,
          92032,
          92864,
          83168,
          90528,
          83264,
          85536,
          83168,
          85440,
          93408,
          83008,
          83584,
          82240,
          82752,
          81696,
          82560,
          85920,
          82464,
          84800,
          85248,
          83488,
          85408,
          90048,
          83648,
          82368,
          82528,
          90016,
          91648,
          83424,
          85728
        ],
        "applicable": true
      },
      {
        "kernel": "onpair_shmem_4tpt_vwidth4_b128",
        "decode_ms": 0.075552,
        "decode_gib_s": 286.9767855185414,
        "decode_ns_iters": [
          78240,
          78464,
          76416,
          77120,
          77664,
          77408,
          77344,
          76256,
          76640,
          79104,
          78688,
          77184,
          77600,
          76672,
          75552,
          76160,
          78624,
          77472,
          77632,
          76512,
          76256,
          78176,
          77088,
          100640,
          95360,
          92256,
          78272,
          78272,
          76320,
          84064
        ],
        "applicable": true
      },
      {
        "kernel": "onpair_shmem_4tpt_shdict8",
        "decode_ms": 0.090848,
        "decode_gib_s": 238.6587497743136,
        "decode_ns_iters": [
          94560,
          91648,
          93376,
          92800,
          91456,
          94016,
          94752,
          95072,
          91552,
          93056,
          93280,
          91584,
          98688,
          90944,
          92320,
          94016,
          92256,
          93536,
          92288,
          91776,
          92032,
          92416,
          93120,
          90848,
          94880,
          99680,
          92832,
          92352,
          91968,
          92608
        ],
        "applicable": true
      },
      {
        "kernel": "onpair_shmem_4tpt_ablate",
        "decode_ms": 0.071744,
        "decode_gib_s": 302.2088272119877,
        "decode_ns_iters": [
          73664,
          75424,
          74144,
          75456,
          75904,
          73568,
          76640,
          74368,
          74688,
          73440,
          75872,
          76128,
          74816,
          74432,
          72256,
          75136,
          75456,
          75264,
          73312,
          74656,
          74176,
          75168,
          94016,
          74464,
          75232,
          71744,
          76032,
          74112,
          75776,
          73952
        ],
        "applicable": true
      },
      {
        "kernel": "onpair_shmem_4tpt_ablate_nogather",
        "decode_ms": 0.070496,
        "decode_gib_s": 307.5588699996715,
        "decode_ns_iters": [
          75296,
          72864,
          73312,
          74080,
          73248,
          73824,
          74368,
          87744,
          75232,
          73568,
          72608,
          73120,
          70496,
          73152,
          73760,
          80704,
          73952,
          73504,
          72544,
          72896,
          72704,
          73024,
          73536,
          72544,
          72864,
          72032,
          74304,
          73280,
          72352,
          73536
        ],
        "applicable": true
      },
      {
        "kernel": "onpair_shmem_4tpt_ablate_noemit",
        "decode_ms": 0.062368,
        "decode_gib_s": 347.64093925565743,
        "decode_ns_iters": [
          64448,
          68992,
          63232,
          66880,
          63424,
          64192,
          65056,
          64768,
          68000,
          64896,
          65120,
          64608,
          64128,
          64576,
          62720,
          65152,
          63648,
          63424,
          63648,
          64064,
          65408,
          62368,
          65856,
          65152,
          64000,
          63680,
          64736,
          75040,
          64224,
          65120
        ],
        "applicable": true
      },
      {
        "kernel": "onpair_shmem_4tpt_ablate_nodrain",
        "decode_ms": 0.072288,
        "decode_gib_s": 299.93456866280485,
        "decode_ns_iters": [
          73888,
          79264,
          73184,
          73824,
          74048,
          72992,
          82080,
          72416,
          74592,
          72928,
          72800,
          73024,
          73472,
          74944,
          73376,
          72736,
          72960,
          72960,
          72288,
          74688,
          75008,
          73312,
          73632,
          74176,
          73376,
          72960,
          73952,
          74592,
          72288,
          73408
        ],
        "applicable": true
      },
      {
        "kernel": "onpair_shmem_4tpt_ablate_noscan",
        "decode_ms": 0.0632,
        "decode_gib_s": 343.0644003084943,
        "decode_ns_iters": [
          77888,
          69920,
          66560,
          67904,
          66144,
          67360,
          67520,
          77952,
          66336,
          68352,
          68000,
          64864,
          67616,
          66432,
          65280,
          66560,
          66752,
          65344,
          66496,
          63200,
          66016,
          64352,
          65600,
          63712,
          63712,
          63712,
          72192,
          65120,
          66624,
          64224
        ],
        "applicable": true
      },
      {
        "kernel": "onpair_shmem_4tpt_ablate_cfree",
        "decode_ms": 0.073568,
        "decode_gib_s": 294.716046372021,
        "decode_ns_iters": [
          78720,
          87104,
          76416,
          81792,
          74432,
          76384,
          74784,
          74016,
          74560,
          83264,
          75776,
          73792,
          74784,
          73568,
          74528,
          73824,
          77856,
          76544,
          74432,
          75424,
          74624,
          73824,
          74752,
          75520,
          75872,
          75296,
          76352,
          74944,
          82496,
          75264
        ],
        "applicable": true
      },
      {
        "kernel": "onpair_shmem_s8",
        "decode_ms": 0.0,
        "decode_gib_s": 0.0,
        "applicable": false,
        "reason": "dictionary entry longer than 8 bytes"
      },
      {
        "kernel": "onpair_shmem_s8_2tpt",
        "decode_ms": 0.0,
        "decode_gib_s": 0.0,
        "applicable": false,
        "reason": "dictionary entry longer than 8 bytes"
      },
      {
        "kernel": "onpair_shmem_s8_4tpt",
        "decode_ms": 0.0,
        "decode_gib_s": 0.0,
        "applicable": false,
        "reason": "dictionary entry longer than 8 bytes"
      },
      {
        "kernel": "onpair_shmem_s8_8tpt",
        "decode_ms": 0.0,
        "decode_gib_s": 0.0,
        "applicable": false,
        "reason": "dictionary entry longer than 8 bytes"
      },
      {
        "kernel": "onpair_shmem_s4l1",
        "decode_ms": 0.0,
        "decode_gib_s": 0.0,
        "applicable": false,
        "reason": "dictionary entry longer than 4 bytes"
      },
      {
        "kernel": "onpair_shmem_s4l1_2tpt",
        "decode_ms": 0.0,
        "decode_gib_s": 0.0,
        "applicable": false,
        "reason": "dictionary entry longer than 4 bytes"
      },
      {
        "kernel": "onpair_shmem_s4l1_4tpt",
        "decode_ms": 0.0,
        "decode_gib_s": 0.0,
        "applicable": false,
        "reason": "dictionary entry longer than 4 bytes"
      },
      {
        "kernel": "onpair_shmem_s4l1_8tpt",
        "decode_ms": 0.0,
        "decode_gib_s": 0.0,
        "applicable": false,
        "reason": "dictionary entry longer than 4 bytes"
      },
      {
        "kernel": "onpair_shmem_s4l1_16tpt",
        "decode_ms": 0.0,
        "decode_gib_s": 0.0,
        "applicable": false,
        "reason": "dictionary entry longer than 4 bytes"
      },
      {
        "kernel": "onpair_shmem_s4l1_32tpt",
        "decode_ms": 0.0,
        "decode_gib_s": 0.0,
        "applicable": false,
        "reason": "dictionary entry longer than 4 bytes"
      },
      {
        "kernel": "onpair_shmem_const1",
        "decode_ms": 0.0,
        "decode_gib_s": 0.0,
        "applicable": false,
        "reason": "not every dictionary entry is exactly 1 byte"
      },
      {
        "kernel": "onpair_shmem_const2",
        "decode_ms": 0.0,
        "decode_gib_s": 0.0,
        "applicable": false,
        "reason": "not every dictionary entry is exactly 2 bytes"
      }
    ]
  }
}
==PROF== Disconnected from process 30628
==PROF== Report: /home/ubuntu/work/shdict_ncu_clickbench_MobilePhoneModel_b12_split8read.ncu-rep
