==PROF== Connected to process 19053 (/home/ubuntu/work/target/release/onpair-chunk-bench)
2026-07-06T03:22:37.807968Z  INFO vortex_cuda: vortex-cuda/src/lib.rs:111: Registering CUDA kernels
==WARNING== Unable to access the following 6 metrics: ctc__rx_bytes_data_user.sum, ctc__rx_bytes_data_user.sum.pct_of_peak_sustained_elapsed, ctc__rx_bytes_data_user.sum.per_second, ctc__tx_bytes_data_user.sum, ctc__tx_bytes_data_user.sum.pct_of_peak_sustained_elapsed, ctc__tx_bytes_data_user.sum.per_second.


==PROF== Profiling "onpair_shmem_4tpt": 0%....50%....100% - 38 passes
==PROF== Profiling "onpair_shmem_4tpt": 0%....50%....100% - 38 passes
==PROF== Profiling "onpair_shmem_4tpt": 0%....50%....100% - 38 passes
==PROF== Profiling "onpair_shmem_4tpt": 0%....50%....100% - 38 passes
==PROF== Profiling "onpair_shmem_4tpt": 0%....50%....100% - 38 passes
==PROF== Profiling "onpair_shmem_4tpt": 0%....50%....100% - 38 passes
==PROF== Profiling "onpair_shmem_4tpt": 0%....50%....100% - 38 passes
==PROF== Profiling "onpair_shmem_4tpt": 0%....50%....100% - 38 passes
==PROF== Profiling "onpair_shmem_4tpt": 0%....50%....100% - 38 passes
==PROF== Profiling "onpair_shmem_4tpt": 0%....50%....100% - 38 passes
==PROF== Profiling "onpair_shmem_4tpt": 0%....50%....100% - 38 passes
==PROF== Profiling "onpair_shmem_4tpt": 0%....50%....100% - 38 passes
==PROF== Profiling "onpair_shmem_4tpt": 0%....50%....100% - 38 passes
==PROF== Profiling "onpair_shmem_4tpt": 0%....50%....100% - 38 passes
==PROF== Profiling "onpair_shmem_4tpt": 0%....50%....100% - 38 passes
==PROF== Profiling "onpair_shmem_4tpt": 0%....50%....100% - 38 passes
{
  "files": [
    "/home/ubuntu/work/vortex-bench/data/onpair-bench/tpch-sf10/ps_comment/bits16_chunk1000mb_thr0.20/part_0000.vortex"
  ],
  "column": "ps_comment",
  "rows": 8000000,
  "in_memory_bytes": 169861157,
  "dict_bytes": 773554,
  "gpu": {
    "iterations": 30,
    "decoded_bytes": 987934065,
    "chunks": 1,
    "auto_kernel": "onpair_shmem_4tpt",
    "frac_le8": 0.15692063,
    "dict_mean_len": 12.732251,
    "dict_max_len": 16,
    "dict_entries_max": 65045,
    "small_dict": false,
    "distinct_codes": 64819,
    "access_top4096_frac": 0.5128657,
    "compressed_bytes": 156024691,
    "h2d_gib_s": 9.131117718753137,
    "whole_decompress_gib_s": 53.81016155749601,
    "best_kernel": "onpair_shmem_4tpt",
    "auto_decode_ms": 1.185088,
    "best_decode_ms": 1.185088,
    "validated": false,
    "auto_decode_gib_s": 776.3856329370777,
    "best_decode_gib_s": 776.3856329370777,
    "kernels": [
      {
        "kernel": "onpair_shmem",
        "decode_ms": 1.214272,
        "decode_gib_s": 757.7258612288972,
        "decode_ns_iters": [
          1222112,
          1215872,
          1217760,
          1216768,
          1217504,
          1215040,
          1219456,
          1217824,
          1216480,
          1219200,
          1215552,
          1216768,
          1216352,
          1227392,
          1218848,
          1217376,
          1218080,
          1217696,
          1215776,
          1217056,
          1217600,
          1214272,
          1214976,
          1218112,
          1217824,
          1215584,
          1223616,
          1215328,
          1216960,
          1224800
        ],
        "applicable": true
      },
      {
        "kernel": "onpair_shmem_2tpt",
        "decode_ms": 1.242944,
        "decode_gib_s": 740.2467826113932,
        "decode_ns_iters": [
          1246624,
          1246144,
          1245824,
          1245248,
          1246272,
          1243296,
          1246016,
          1245952,
          1247552,
          1248928,
          1246592,
          1261952,
          1247968,
          1246208,
          1246784,
          1248192,
          1246880,
          1246592,
          1244768,
          1244928,
          1244256,
          1245760,
          1243008,
          1244512,
          1246208,
          1242944,
          1244512,
          1246592,
          1248224,
          1244832
        ],
        "applicable": true
      },
      {
        "kernel": "onpair_shmem_4tpt",
        "decode_ms": 1.185088,
        "decode_gib_s": 776.3856329370777,
        "decode_ns_iters": [
          1892379403,
          1894355416,
          1872349977,
          1876940489,
          1869254708,
          1878953099,
          1859930396,
          1869229198,
          1864129305,
          1885005474,
          1884714007,
          1868392706,
          1868825793,
          1897028565,
          1236704,
          1199744,
          1284128,
          1186112,
          1185440,
          1186880,
          1188032,
          1186624,
          1194624,
          1185248,
          1187008,
          1187104,
          1185088,
          1189216,
          1185536,
          1194944
        ],
        "applicable": true
      },
      {
        "kernel": "onpair_shmem_4tpt_wpb8",
        "decode_ms": 1.330016,
        "decode_gib_s": 691.7851341383378,
        "decode_ns_iters": [
          1333568,
          1332000,
          1333152,
          1330304,
          1331392,
          1333152,
          1331936,
          1332512,
          1331232,
          1332448,
          1331840,
          1332160,
          1334336,
          1332448,
          1331424,
          1332672,
          1331008,
          1333504,
          1330368,
          1331488,
          1330272,
          1331552,
          1332544,
          1330016,
          1333120,
          1331168,
          1330016,
          1331264,
          1331712,
          1331040
        ],
        "applicable": true
      },
      {
        "kernel": "onpair_shmem_4tpt_wpb8_occ",
        "decode_ms": 1.202912,
        "decode_gib_s": 764.8816347048958,
        "decode_ns_iters": [
          1206048,
          1207360,
          1213056,
          1204480,
          1206208,
          1206176,
          1207744,
          1206144,
          1206688,
          1205152,
          1207936,
          1202912,
          1207584,
          1206464,
          1206816,
          1215232,
          1206400,
          1205888,
          1205984,
          1206208,
          1206368,
          1205184,
          1206784,
          1205664,
          1206176,
          1214560,
          1203456,
          1207680,
          1203744,
          1208864
        ],
        "applicable": true
      },
      {
        "kernel": "onpair_shmem_4tpt_b128",
        "decode_ms": 1.20416,
        "decode_gib_s": 764.088905931218,
        "decode_ns_iters": [
          1207488,
          1207904,
          1207296,
          1208672,
          1207104,
          1205312,
          1209088,
          1206912,
          1207808,
          1206752,
          1204160,
          1208032,
          1206112,
          1207712,
          1206560,
          1208832,
          1208864,
          1207584,
          1206688,
          1205312,
          1206592,
          1206688,
          1207872,
          1207936,
          1207392,
          1215584,
          1210656,
          1209152,
          1211456,
          1209120
        ],
        "applicable": true
      },
      {
        "kernel": "onpair_shmem_4tpt_o6",
        "decode_ms": 1.210112,
        "decode_gib_s": 760.3306941556941,
        "decode_ns_iters": [
          1213312,
          1212640,
          1213632,
          1210208,
          1211136,
          1220544,
          1213152,
          1212960,
          1211616,
          1213760,
          1210912,
          1210720,
          1213984,
          1210112,
          1213120,
          1211744,
          1211072,
          1213248,
          1220256,
          1213344,
          1212064,
          1218176,
          1211552,
          1212512,
          1211776,
          1212736,
          1213440,
          1211552,
          1211840,
          1211104
        ],
        "applicable": true
      },
      {
        "kernel": "onpair_shmem_4tpt_b512o3",
        "decode_ms": 1.205728,
        "decode_gib_s": 763.0952395284306,
        "decode_ns_iters": [
          1207424,
          1215136,
          1206816,
          1207264,
          1208192,
          1207584,
          1208832,
          1208256,
          1208192,
          1206720,
          1205728,
          1212832,
          1208480,
          1207264,
          1207968,
          1206944,
          1207712,
          1207200,
          1208384,
          1208512,
          1208320,
          1207616,
          1209120,
          1209984,
          1207392,
          1207552,
          1206528,
          1207808,
          1208128,
          1207264
        ],
        "applicable": true
      },
      {
        "kernel": "onpair_shmem_4tpt_b128o12",
        "decode_ms": 1.212096,
        "decode_gib_s": 759.0861589891688,
        "decode_ns_iters": [
          1217600,
          1214944,
          1216960,
          1216320,
          1215008,
          1213664,
          1215744,
          1214560,
          1215776,
          1215744,
          1214144,
          1213280,
          1215392,
          1215680,
          1215200,
          1213888,
          1213568,
          1221184,
          1214720,
          1212096,
          1213504,
          1213504,
          1215072,
          1214016,
          1214752,
          1214144,
          1213984,
          1212928,
          1216224,
          1215104
        ],
        "applicable": true
      },
      {
        "kernel": "onpair_shmem_4tpt_b64",
        "decode_ms": 1.208992,
        "decode_gib_s": 761.0350581030606,
        "decode_ns_iters": [
          1220672,
          1212512,
          1210592,
          1210336,
          1209600,
          1211040,
          1209856,
          1210208,
          1210624,
          1209856,
          1209728,
          1209248,
          1211616,
          1216224,
          1209920,
          1209536,
          1211040,
          1209888,
          1210912,
          1209536,
          1209568,
          1208992,
          1209184,
          1216896,
          1211104,
          1212448,
          1212480,
          1210336,
          1211520,
          1210336
        ],
        "applicable": true
      },
      {
        "kernel": "onpair_shmem_4tpt_b64o24",
        "decode_ms": 1.212896,
        "decode_gib_s": 758.5854821568671,
        "decode_ns_iters": [
          1219360,
          1217216,
          1215968,
          1217632,
          1214848,
          1214624,
          1221888,
          1217536,
          1217472,
          1214112,
          1212896,
          1214048,
          1215776,
          1215296,
          1215072,
          1218368,
          1215872,
          1215424,
          1216640,
          1216448,
          1215712,
          1214304,
          1214560,
          1215008,
          1216832,
          1216256,
          1214400,
          1216704,
          1213600,
          1214752
        ],
        "applicable": true
      },
      {
        "kernel": "onpair_shmem_4tpt_split8read_b128o12",
        "decode_ms": 1.744096,
        "decode_gib_s": 527.5428055371582,
        "decode_ns_iters": [
          1747776,
          1744736,
          1744096,
          1754240,
          1747232,
          1747392,
          1745664,
          1746944,
          1745184,
          1746528,
          1747712,
          1746752,
          1748256,
          1747936,
          1745312,
          1748544,
          1752896,
          1746912,
          1746272,
          1748512,
          1748576,
          1747840,
          1747968,
          1747680,
          1747968,
          1746464,
          1745856,
          1746368,
          1744384,
          1753536
        ],
        "applicable": true
      },
      {
        "kernel": "onpair_shmem_4tpt_split8read_occ",
        "decode_ms": 1.690624,
        "decode_gib_s": 544.2282239966637,
        "decode_ns_iters": [
          1692960,
          1695968,
          1695584,
          1693664,
          1700864,
          1692928,
          1694912,
          1691552,
          1695328,
          1701504,
          1691776,
          1694752,
          1695392,
          1694560,
          1693888,
          1690624,
          1694080,
          1692512,
          1695008,
          1691904,
          1694336,
          1690880,
          1695616,
          1692000,
          1692352,
          1696448,
          1696000,
          1695680,
          1694112,
          1692672
        ],
        "applicable": true
      },
      {
        "kernel": "onpair_shmem_4tpt_split8",
        "decode_ms": 1.195808,
        "decode_gib_s": 769.425607594309,
        "decode_ns_iters": [
          1198816,
          1200160,
          1198496,
          1197376,
          1196128,
          1196768,
          1198176,
          1199104,
          1199872,
          1198208,
          1196832,
          1198496,
          1198784,
          1198368,
          1196608,
          1204800,
          1199232,
          1197952,
          1198656,
          1197696,
          1198208,
          1195904,
          1198560,
          1197568,
          1197408,
          1197984,
          1197248,
          1196384,
          1197728,
          1195808
        ],
        "applicable": true
      },
      {
        "kernel": "onpair_shmem_4tpt_split8_wpb8",
        "decode_ms": 1.344064,
        "decode_gib_s": 684.5546766866278,
        "decode_ns_iters": [
          1347040,
          1348480,
          1346144,
          1346144,
          1346464,
          1350336,
          1347840,
          1348480,
          1346144,
          1345472,
          1350144,
          1347744,
          1356864,
          1346912,
          1357792,
          1346432,
          1347456,
          1348832,
          1345408,
          1348032,
          1346464,
          1344064,
          1347712,
          1346400,
          1346944,
          1344896,
          1346400,
          1344896,
          1353344,
          1347232
        ],
        "applicable": true
      },
      {
        "kernel": "onpair_shmem_4tpt_split8_wpb8_occ",
        "decode_ms": 1.212928,
        "decode_gib_s": 758.5654688210145,
        "decode_ns_iters": [
          1215424,
          1215584,
          1214944,
          1213408,
          1213792,
          1215104,
          1217824,
          1226304,
          1213696,
          1214912,
          1214496,
          1215488,
          1215136,
          1214080,
          1216128,
          1215712,
          1217888,
          1217088,
          1216448,
          1212928,
          1215456,
          1216480,
          1213344,
          1216416,
          1214464,
          1215584,
          1213440,
          1214048,
          1216576,
          1213600
        ],
        "applicable": true
      },
      {
        "kernel": "onpair_shmem_4tpt_pdict",
        "decode_ms": 0.0,
        "decode_gib_s": 0.0,
        "applicable": false,
        "reason": "padded dict needs 1122416 B shared, over 102400 B cap"
      },
      {
        "kernel": "onpair_shmem_4tpt_vdict",
        "decode_ms": 0.0,
        "decode_gib_s": 0.0,
        "applicable": false,
        "reason": "packed dict needs 790224 B shared, over 102400 B cap"
      },
      {
        "kernel": "onpair_shmem_4tpt_split8read",
        "decode_ms": 1.63264,
        "decode_gib_s": 563.5567528457807,
        "decode_ns_iters": [
          1645984,
          1636544,
          1633760,
          1636416,
          1635392,
          1635456,
          1633440,
          1636832,
          1632640,
          1637376,
          1635936,
          1635136,
          1638240,
          1636128,
          1637376,
          1641472,
          1635936,
          1635776,
          1633920,
          1635232,
          1635808,
          1634496,
          1637600,
          1638720,
          1636640,
          1636128,
          1646432,
          1635360,
          1635264,
          1636672
        ],
        "applicable": true
      },
      {
        "kernel": "onpair_shmem_4tpt_ldcs",
        "decode_ms": 1.190144,
        "decode_gib_s": 773.0873717517674,
        "decode_ns_iters": [
          1191840,
          1193088,
          1191552,
          1191392,
          1190432,
          1192960,
          1191808,
          1200640,
          1198112,
          1190144,
          1191328,
          1190272,
          1191232,
          1190528,
          1191008,
          1191744,
          1192864,
          1193984,
          1194784,
          1193984,
          1193504,
          1191104,
          1191584,
          1193184,
          1195424,
          1190848,
          1191584,
          1191744,
          1193184,
          1193568
        ],
        "applicable": true
      },
      {
        "kernel": "onpair_shmem_4tpt_lenbucket",
        "decode_ms": 0.0,
        "decode_gib_s": 0.0,
        "applicable": false,
        "reason": "length-bucket dict not built (set ONPAIR_DICT_REORDER=lenbucket)"
      },
      {
        "kernel": "onpair_shmem_4tpt_lenbucket_b128",
        "decode_ms": 0.0,
        "decode_gib_s": 0.0,
        "applicable": false,
        "reason": "length-bucket dict not built (set ONPAIR_DICT_REORDER=lenbucket)"
      },
      {
        "kernel": "onpair_shmem_4tpt_regcache",
        "decode_ms": 1.208384,
        "decode_gib_s": 761.4179738941724,
        "decode_ns_iters": [
          1208896,
          1209984,
          1208832,
          1208480,
          1209472,
          1216704,
          1208800,
          1208384,
          1211648,
          1213984,
          1211552,
          1213376,
          1218464,
          1212224,
          1210336,
          1212352,
          1209312,
          1210592,
          1215200,
          1209344,
          1209216,
          1221824,
          1209888,
          1211456,
          1212544,
          1210528,
          1209568,
          1231520,
          1272704,
          1271712
        ],
        "applicable": true
      },
      {
        "kernel": "onpair_shmem_4tpt_split4read",
        "decode_ms": 1.732736,
        "decode_gib_s": 531.0014318200438,
        "decode_ns_iters": [
          1732736,
          1740704,
          1746176,
          1759456,
          1744672,
          1740480,
          1736896,
          1736768,
          1738240,
          1737152,
          1737408,
          1736320,
          1735776,
          1735136,
          1732864,
          1736256,
          1734400,
          1735808,
          1734720,
          1735424,
          1737696,
          1736992,
          1743200,
          1733248,
          1734336,
          1733952,
          1735360,
          1733504,
          1744096,
          1735232
        ],
        "applicable": true
      },
      {
        "kernel": "onpair_shmem_4tpt_split4read_b128o12",
        "decode_ms": 1.857312,
        "decode_gib_s": 495.3854263398586,
        "decode_ns_iters": [
          1862048,
          1860288,
          1859104,
          1860000,
          1860288,
          1866880,
          1875904,
          1861056,
          1869088,
          1859168,
          1861248,
          1861024,
          1861216,
          1860448,
          1861056,
          1860864,
          1862080,
          1860224,
          1858976,
          1857312,
          1861216,
          1859392,
          1859520,
          1862432,
          1861568,
          1863008,
          1860352,
          1859232,
          1861376,
          1859648
        ],
        "applicable": true
      },
      {
        "kernel": "onpair_shmem_4tpt_cluster_dsmem",
        "decode_ms": 4.12048,
        "decode_gib_s": 223.29565899267456,
        "decode_ns_iters": [
          4130944,
          4139744,
          4139776,
          4153280,
          4137024,
          4137568,
          4146080,
          4128256,
          4133728,
          4134368,
          4131360,
          4138336,
          4131552,
          4141184,
          4146240,
          4146816,
          4143232,
          4150464,
          4140736,
          4134624,
          4152256,
          4133376,
          4129920,
          4120480,
          4123328,
          4124608,
          4152160,
          4127072,
          4136640,
          4126368
        ],
        "applicable": true
      },
      {
        "kernel": "onpair_shmem_8tpt",
        "decode_ms": 1.285824,
        "decode_gib_s": 715.5608364489506,
        "decode_ns_iters": [
          1293536,
          1292416,
          1293216,
          1289696,
          1288576,
          1289088,
          1291104,
          1291904,
          1291008,
          1304544,
          1289728,
          1290240,
          1291840,
          1290944,
          1298144,
          1290816,
          1286336,
          1288192,
          1288576,
          1287584,
          1285824,
          1288480,
          1292096,
          1292000,
          1289216,
          1291872,
          1293664,
          1291424,
          1290016,
          1290592
        ],
        "applicable": true
      },
      {
        "kernel": "onpair_shmem_8tpt_b128",
        "decode_ms": 1.297472,
        "decode_gib_s": 709.1369193062628,
        "decode_ns_iters": [
          1299680,
          1301824,
          1301856,
          1301248,
          1297472,
          1300000,
          1299136,
          1302528,
          1300096,
          1300864,
          1300512,
          1300640,
          1300736,
          1300864,
          1301440,
          1300320,
          1301696,
          1300032,
          1301280,
          1300384,
          1298400,
          1300768,
          1301312,
          1304896,
          1302624,
          1300736,
          1301184,
          1300480,
          1300704,
          1300000
        ],
        "applicable": true
      },
      {
        "kernel": "onpair_shmem_4tpt_vwidth",
        "decode_ms": 2.853664,
        "decode_gib_s": 322.42243549560686,
        "decode_ns_iters": [
          2857088,
          2856288,
          2856992,
          2864960,
          2853664,
          2854784,
          2854496,
          2854880,
          2855808,
          2854624,
          2856736,
          2854496,
          2859328,
          2855904,
          2856384,
          2857728,
          2855776,
          2855584,
          2854784,
          2856608,
          2854976,
          2853696,
          2862720,
          2854208,
          2857696,
          2856256,
          2856608,
          2855232,
          2856736,
          2855712
        ],
        "applicable": true
      },
      {
        "kernel": "onpair_shmem_4tpt_vwidth_b128",
        "decode_ms": 3.383008,
        "decode_gib_s": 271.9725454288419,
        "decode_ns_iters": [
          3385984,
          3385824,
          3383008,
          3390400,
          3390368,
          3388320,
          3393792,
          3385504,
          3389312,
          3387712,
          3399200,
          3393408,
          3394176,
          3391168,
          3392448,
          3385888,
          3392960,
          3390016,
          3397024,
          3385408,
          3395104,
          3385088,
          3389216,
          3386976,
          3389216,
          3393344,
          3385344,
          3386400,
          3387328,
          3389280
        ],
        "applicable": true
      },
      {
        "kernel": "onpair_shmem_4tpt_vwidth4",
        "decode_ms": 1.525984,
        "decode_gib_s": 602.9455728016385,
        "decode_ns_iters": [
          1528416,
          1532096,
          1528992,
          1527584,
          1527936,
          1530880,
          1530528,
          1536736,
          1529824,
          1529888,
          1529088,
          1528544,
          1531328,
          1530432,
          1529120,
          1528928,
          1528544,
          1526496,
          1530976,
          1528800,
          1532832,
          1531616,
          1525984,
          1530848,
          1529888,
          1527680,
          1538720,
          1528832,
          1529472,
          1528960
        ],
        "applicable": true
      },
      {
        "kernel": "onpair_shmem_4tpt_vwidth4_b128",
        "decode_ms": 1.518304,
        "decode_gib_s": 605.9954376502568,
        "decode_ns_iters": [
          1518304,
          1518656,
          1520032,
          1520928,
          1518944,
          1523392,
          1522912,
          1519968,
          1523168,
          1519040,
          1521760,
          1530880,
          1522944,
          1524672,
          1524576,
          1523840,
          1522944,
          1522688,
          1524448,
          1523488,
          1522656,
          1521568,
          1524064,
          1523200,
          1521568,
          1522624,
          1521600,
          1522912,
          1522688,
          1522272
        ],
        "applicable": true
      },
      {
        "kernel": "onpair_shmem_4tpt_shdict8",
        "decode_ms": 0.0,
        "decode_gib_s": 0.0,
        "applicable": false,
        "reason": "dict_s8 + staging needs 602048 B shared, over 229376 B cap"
      },
      {
        "kernel": "onpair_shmem_4tpt_ablate",
        "decode_ms": 1.213248,
        "decode_gib_s": 758.3653935272388,
        "decode_ns_iters": [
          1213472,
          1214080,
          1215104,
          1213696,
          1215296,
          1213248,
          1214176,
          1215808,
          1215232,
          1215456,
          1213888,
          1214880,
          1214752,
          1215296,
          1215328,
          1215360,
          1217216,
          1216032,
          1219296,
          1216000,
          1217632,
          1217184,
          1216096,
          1217312,
          1215616,
          1214848,
          1222880,
          1213696,
          1218752,
          1220320
        ],
        "applicable": true
      },
      {
        "kernel": "onpair_shmem_4tpt_ablate_nogather",
        "decode_ms": 0.676,
        "decode_gib_s": 1361.0729245061175,
        "decode_ns_iters": [
          680128,
          683040,
          679552,
          678016,
          679264,
          676000,
          683936,
          680544,
          677664,
          679936,
          677024,
          677600,
          680416,
          678336,
          678880,
          686272,
          679712,
          679776,
          677856,
          678208,
          676064,
          676704,
          677152,
          677600,
          678496,
          678592,
          678080,
          678656,
          678880,
          677312
        ],
        "applicable": true
      },
      {
        "kernel": "onpair_shmem_4tpt_ablate_noemit",
        "decode_ms": 0.480576,
        "decode_gib_s": 1914.5469123845874,
        "decode_ns_iters": [
          485888,
          485056,
          485440,
          483936,
          483296,
          482368,
          484672,
          485344,
          482976,
          482592,
          480800,
          483456,
          480576,
          484608,
          480672,
          482720,
          482080,
          484000,
          484576,
          481216,
          490560,
          481184,
          485280,
          484256,
          482208,
          482304,
          481888,
          480896,
          482688,
          483776
        ],
        "applicable": true
      },
      {
        "kernel": "onpair_shmem_4tpt_ablate_nodrain",
        "decode_ms": 1.049248,
        "decode_gib_s": 876.8997386377057,
        "decode_ns_iters": [
          1051104,
          1051712,
          1050272,
          1057920,
          1051776,
          1050176,
          1050592,
          1051744,
          1051264,
          1051136,
          1057920,
          1049248,
          1052544,
          1050720,
          1051456,
          1049440,
          1051648,
          1051872,
          1050656,
          1050272,
          1050848,
          1051584,
          1051328,
          1058080,
          1052960,
          1049568,
          1053248,
          1049696,
          1051584,
          1051488
        ],
        "applicable": true
      },
      {
        "kernel": "onpair_shmem_4tpt_ablate_noscan",
        "decode_ms": 1.231872,
        "decode_gib_s": 746.9000813121294,
        "decode_ns_iters": [
          1238272,
          1236896,
          1238016,
          1237824,
          1236896,
          1238656,
          1238912,
          1236128,
          1239264,
          1237248,
          1239840,
          1238208,
          1236480,
          1238688,
          1236992,
          1238816,
          1237536,
          1237568,
          1237056,
          1235104,
          1237824,
          1235392,
          1235136,
          1233216,
          1235232,
          1237312,
          1231872,
          1233472,
          1242304,
          1237888
        ],
        "applicable": true
      },
      {
        "kernel": "onpair_shmem_4tpt_ablate_cfree",
        "decode_ms": 1.204384,
        "decode_gib_s": 763.9467951800551,
        "decode_ns_iters": [
          1210208,
          1209440,
          1205984,
          1215488,
          1205824,
          1204384,
          1218720,
          1207840,
          1211136,
          1207968,
          1209248,
          1209248,
          1210208,
          1210240,
          1208704,
          1209472,
          1215744,
          1211232,
          1212736,
          1211424,
          1211232,
          1210080,
          1211936,
          1212288,
          1209248,
          1209664,
          1210784,
          1210304,
          1209920,
          1211072
        ],
        "applicable": true
      },
      {
        "kernel": "onpair_shmem_s8",
        "decode_ms": 0.0,
        "decode_gib_s": 0.0,
        "applicable": false,
        "reason": "dictionary entry longer than 8 bytes"
      },
      {
        "kernel": "onpair_shmem_s8_2tpt",
        "decode_ms": 0.0,
        "decode_gib_s": 0.0,
        "applicable": false,
        "reason": "dictionary entry longer than 8 bytes"
      },
      {
        "kernel": "onpair_shmem_s8_4tpt",
        "decode_ms": 0.0,
        "decode_gib_s": 0.0,
        "applicable": false,
        "reason": "dictionary entry longer than 8 bytes"
      },
      {
        "kernel": "onpair_shmem_s8_8tpt",
        "decode_ms": 0.0,
        "decode_gib_s": 0.0,
        "applicable": false,
        "reason": "dictionary entry longer than 8 bytes"
      },
      {
        "kernel": "onpair_shmem_s4l1",
        "decode_ms": 0.0,
        "decode_gib_s": 0.0,
        "applicable": false,
        "reason": "dictionary entry longer than 4 bytes"
      },
      {
        "kernel": "onpair_shmem_s4l1_2tpt",
        "decode_ms": 0.0,
        "decode_gib_s": 0.0,
        "applicable": false,
        "reason": "dictionary entry longer than 4 bytes"
      },
      {
        "kernel": "onpair_shmem_s4l1_4tpt",
        "decode_ms": 0.0,
        "decode_gib_s": 0.0,
        "applicable": false,
        "reason": "dictionary entry longer than 4 bytes"
      },
      {
        "kernel": "onpair_shmem_s4l1_8tpt",
        "decode_ms": 0.0,
        "decode_gib_s": 0.0,
        "applicable": false,
        "reason": "dictionary entry longer than 4 bytes"
      },
      {
        "kernel": "onpair_shmem_s4l1_16tpt",
        "decode_ms": 0.0,
        "decode_gib_s": 0.0,
        "applicable": false,
        "reason": "dictionary entry longer than 4 bytes"
      },
      {
        "kernel": "onpair_shmem_s4l1_32tpt",
        "decode_ms": 0.0,
        "decode_gib_s": 0.0,
        "applicable": false,
        "reason": "dictionary entry longer than 4 bytes"
      },
      {
        "kernel": "onpair_shmem_const1",
        "decode_ms": 0.0,
        "decode_gib_s": 0.0,
        "applicable": false,
        "reason": "not every dictionary entry is exactly 1 byte"
      },
      {
        "kernel": "onpair_shmem_const2",
        "decode_ms": 0.0,
        "decode_gib_s": 0.0,
        "applicable": false,
        "reason": "not every dictionary entry is exactly 2 bytes"
      }
    ]
  }
}
==PROF== Disconnected from process 19053
==PROF== Report: /home/ubuntu/work/ncu_costsurface_tpch-sf10_ps_comment_b16.ncu-rep
