==PROF== Connected to process 26099 (/home/ubuntu/work/target/release/onpair-chunk-bench)
2026-07-06T03:31:42.396026Z  INFO vortex_cuda: vortex-cuda/src/lib.rs:111: Registering CUDA kernels
==WARNING== Unable to access the following 6 metrics: ctc__rx_bytes_data_user.sum, ctc__rx_bytes_data_user.sum.pct_of_peak_sustained_elapsed, ctc__rx_bytes_data_user.sum.per_second, ctc__tx_bytes_data_user.sum, ctc__tx_bytes_data_user.sum.pct_of_peak_sustained_elapsed, ctc__tx_bytes_data_user.sum.per_second.


==PROF== Profiling "onpair_shmem_4tpt": 0%....50%....100% - 38 passes
==PROF== Profiling "onpair_shmem_4tpt": 0%....50%....100% - 38 passes
==PROF== Profiling "onpair_shmem_4tpt": 0%....50%....100% - 38 passes
==PROF== Profiling "onpair_shmem_4tpt": 0%....50%....100% - 38 passes
==PROF== Profiling "onpair_shmem_4tpt": 0%....50%....100% - 38 passes
==PROF== Profiling "onpair_shmem_4tpt": 0%....50%....100% - 38 passes
==PROF== Profiling "onpair_shmem_4tpt": 0%....50%....100% - 38 passes
==PROF== Profiling "onpair_shmem_4tpt": 0%....50%....100% - 38 passes
==PROF== Profiling "onpair_shmem_4tpt": 0%....50%....100% - 38 passes
==PROF== Profiling "onpair_shmem_4tpt": 0%....50%....100% - 38 passes
==PROF== Profiling "onpair_shmem_4tpt": 0%....50%....100% - 38 passes
==PROF== Profiling "onpair_shmem_4tpt": 0%....50%....100% - 38 passes
==PROF== Profiling "onpair_shmem_4tpt": 0%....50%....100% - 38 passes
==PROF== Profiling "onpair_shmem_4tpt": 0%....50%....100% - 38 passes
==PROF== Profiling "onpair_shmem_4tpt": 0%....50%....100% - 38 passes
==PROF== Profiling "onpair_shmem_4tpt": 0%....50%....100% - 38 passes
{
  "files": [
    "/home/ubuntu/work/vortex-bench/data/onpair-bench/clickbench/URL/bits16_chunk1000mb_thr0.20/part_0000.vortex"
  ],
  "column": "URL",
  "rows": 12254692,
  "in_memory_bytes": 259048463,
  "dict_bytes": 487368,
  "gpu": {
    "iterations": 30,
    "decoded_bytes": 999999995,
    "chunks": 1,
    "auto_kernel": "onpair_shmem_4tpt",
    "frac_le8": 0.50766504,
    "dict_mean_len": 8.550816,
    "dict_max_len": 16,
    "dict_entries_max": 65536,
    "small_dict": false,
    "distinct_codes": 64518,
    "access_top4096_frac": 0.5402641,
    "compressed_bytes": 234448732,
    "h2d_gib_s": 9.633909511770806,
    "whole_decompress_gib_s": 39.09248876185178,
    "best_kernel": "onpair_shmem_4tpt_o6",
    "auto_decode_ms": 1.159104,
    "best_decode_ms": 1.100288,
    "validated": false,
    "auto_decode_gib_s": 803.4849072722254,
    "best_decode_gib_s": 846.4352696374638,
    "kernels": [
      {
        "kernel": "onpair_shmem",
        "decode_ms": 1.407104,
        "decode_gib_s": 661.8718800876593,
        "decode_ns_iters": [
          1412608,
          1407104,
          1411264,
          1418112,
          1421792,
          1419200,
          1417952,
          1417024,
          1418848,
          1415296,
          1414144,
          1417824,
          1418624,
          1418784,
          1422496,
          1418336,
          1420128,
          1418336,
          1420352,
          1420192,
          1418016,
          1418208,
          1419008,
          1419040,
          1418496,
          1416544,
          1420864,
          1421504,
          1420448,
          1420544
        ],
        "applicable": true
      },
      {
        "kernel": "onpair_shmem_2tpt",
        "decode_ms": 1.178496,
        "decode_gib_s": 790.2636665367262,
        "decode_ns_iters": [
          1183200,
          1181984,
          1183776,
          1185824,
          1195776,
          1182656,
          1183520,
          1182784,
          1183328,
          1183456,
          1182048,
          1183296,
          1184768,
          1186144,
          1182752,
          1182976,
          1182944,
          1182784,
          1178496,
          1182048,
          1183136,
          1183456,
          1191104,
          1184128,
          1180672,
          1181824,
          1182688,
          1180864,
          1182880,
          1181536
        ],
        "applicable": true
      },
      {
        "kernel": "onpair_shmem_4tpt",
        "decode_ms": 1.159104,
        "decode_gib_s": 803.4849072722254,
        "decode_ns_iters": [
          1900863767,
          1911160350,
          1922106504,
          1919850349,
          1915548444,
          1891221881,
          1910221815,
          1922548175,
          1925113440,
          1932728529,
          1935760856,
          1914256573,
          1946846247,
          1920762777,
          1216384,
          1168832,
          1169952,
          1162976,
          1163200,
          1161184,
          1164640,
          1159776,
          1169792,
          1161184,
          1159104,
          1162432,
          1160480,
          1161888,
          1159968,
          1161760
        ],
        "applicable": true
      },
      {
        "kernel": "onpair_shmem_4tpt_wpb8",
        "decode_ms": 1.163232,
        "decode_gib_s": 800.6335537183173,
        "decode_ns_iters": [
          1164832,
          1166272,
          1166272,
          1164576,
          1165632,
          1165728,
          1167168,
          1166144,
          1166208,
          1166720,
          1166240,
          1168224,
          1164832,
          1164992,
          1163552,
          1163744,
          1166208,
          1164160,
          1170432,
          1163840,
          1163232,
          1167136,
          1163488,
          1167392,
          1166464,
          1165664,
          1164896,
          1166976,
          1166688,
          1166496
        ],
        "applicable": true
      },
      {
        "kernel": "onpair_shmem_4tpt_wpb8_occ",
        "decode_ms": 1.116096,
        "decode_gib_s": 834.446651505664,
        "decode_ns_iters": [
          1117824,
          1119200,
          1119008,
          1116512,
          1118368,
          1116736,
          1117888,
          1117664,
          1117856,
          1123328,
          1117504,
          1119904,
          1119776,
          1125824,
          1117536,
          1118656,
          1119136,
          1118144,
          1119616,
          1117536,
          1118336,
          1116096,
          1117440,
          1118144,
          1118016,
          1118080,
          1116768,
          1119168,
          1118240,
          1117312
        ],
        "applicable": true
      },
      {
        "kernel": "onpair_shmem_4tpt_b128",
        "decode_ms": 1.109568,
        "decode_gib_s": 839.3560105904871,
        "decode_ns_iters": [
          1112448,
          1112896,
          1113856,
          1112736,
          1112480,
          1113600,
          1113728,
          1119904,
          1115104,
          1112000,
          1113184,
          1112576,
          1113120,
          1114464,
          1112512,
          1113504,
          1112384,
          1112544,
          1110688,
          1109568,
          1113440,
          1113568,
          1110752,
          1112032,
          1110560,
          1112224,
          1111616,
          1112256,
          1115200,
          1114272
        ],
        "applicable": true
      },
      {
        "kernel": "onpair_shmem_4tpt_o6",
        "decode_ms": 1.100288,
        "decode_gib_s": 846.4352696374638,
        "decode_ns_iters": [
          1104352,
          1103200,
          1103232,
          1101248,
          1104736,
          1102752,
          1106816,
          1103104,
          1103392,
          1112288,
          1102752,
          1100288,
          1105056,
          1103776,
          1104352,
          1101920,
          1104768,
          1103328,
          1104448,
          1103424,
          1101888,
          1104160,
          1104224,
          1103744,
          1103232,
          1101184,
          1101856,
          1102656,
          1102848,
          1102656
        ],
        "applicable": true
      },
      {
        "kernel": "onpair_shmem_4tpt_b512o3",
        "decode_ms": 1.11136,
        "decode_gib_s": 838.002600380494,
        "decode_ns_iters": [
          1111360,
          1114464,
          1112704,
          1113152,
          1112128,
          1115424,
          1113440,
          1114464,
          1114560,
          1112640,
          1114688,
          1113344,
          1113376,
          1114144,
          1111872,
          1120096,
          1113088,
          1114016,
          1114240,
          1112032,
          1115040,
          1111872,
          1112640,
          1112544,
          1112896,
          1111776,
          1114720,
          1114304,
          1113216,
          1113888
        ],
        "applicable": true
      },
      {
        "kernel": "onpair_shmem_4tpt_b128o12",
        "decode_ms": 1.107328,
        "decode_gib_s": 841.0539333954036,
        "decode_ns_iters": [
          1115648,
          1109312,
          1110816,
          1109824,
          1109120,
          1110688,
          1110240,
          1110944,
          1110144,
          1110592,
          1108416,
          1109824,
          1110944,
          1109024,
          1110144,
          1107968,
          1107328,
          1109824,
          1110272,
          1111616,
          1111136,
          1109504,
          1108672,
          1109984,
          1110048,
          1108288,
          1110624,
          1110784,
          1109792,
          1109408
        ],
        "applicable": true
      },
      {
        "kernel": "onpair_shmem_4tpt_b64",
        "decode_ms": 1.119872,
        "decode_gib_s": 831.6330526692922,
        "decode_ns_iters": [
          1123584,
          1123168,
          1122688,
          1128800,
          1122752,
          1123616,
          1122528,
          1122944,
          1122784,
          1123968,
          1122848,
          1122432,
          1129920,
          1122208,
          1120512,
          1121056,
          1119872,
          1122432,
          1124224,
          1123456,
          1123552,
          1129056,
          1123232,
          1123424,
          1123616,
          1122912,
          1123712,
          1122432,
          1122944,
          1120768
        ],
        "applicable": true
      },
      {
        "kernel": "onpair_shmem_4tpt_b64o24",
        "decode_ms": 1.116288,
        "decode_gib_s": 834.3031278297944,
        "decode_ns_iters": [
          1119424,
          1121120,
          1118720,
          1118560,
          1116288,
          1119616,
          1120064,
          1119360,
          1119360,
          1119456,
          1120224,
          1120512,
          1119840,
          1123232,
          1121088,
          1121216,
          1119584,
          1120864,
          1118400,
          1118976,
          1119744,
          1120064,
          1118624,
          1127328,
          1120224,
          1121024,
          1120928,
          1122464,
          1121440,
          1120192
        ],
        "applicable": true
      },
      {
        "kernel": "onpair_shmem_4tpt_split8read_b128o12",
        "decode_ms": 1.169728,
        "decode_gib_s": 796.1872930791309,
        "decode_ns_iters": [
          1171808,
          1171008,
          1173376,
          1171360,
          1174400,
          1172128,
          1173856,
          1173952,
          1171744,
          1171968,
          1170720,
          1172832,
          1171552,
          1171808,
          1170112,
          1172384,
          1177952,
          1169728,
          1171392,
          1172832,
          1176768,
          1173024,
          1172320,
          1172864,
          1172320,
          1170592,
          1172320,
          1171904,
          1174592,
          1171776
        ],
        "applicable": true
      },
      {
        "kernel": "onpair_shmem_4tpt_split8read_occ",
        "decode_ms": 1.204032,
        "decode_gib_s": 773.5031709779023,
        "decode_ns_iters": [
          1208288,
          1211104,
          1204384,
          1206624,
          1210016,
          1208832,
          1209120,
          1211840,
          1209664,
          1206816,
          1208000,
          1210432,
          1206752,
          1211488,
          1208576,
          1207488,
          1206624,
          1206240,
          1207456,
          1207264,
          1207456,
          1205344,
          1204032,
          1208448,
          1208416,
          1209024,
          1207552,
          1206208,
          1204864,
          1207680
        ],
        "applicable": true
      },
      {
        "kernel": "onpair_shmem_4tpt_split8",
        "decode_ms": 1.236896,
        "decode_gib_s": 752.9513960420809,
        "decode_ns_iters": [
          1238304,
          1238688,
          1236960,
          1239264,
          1240224,
          1237792,
          1239072,
          1238400,
          1239264,
          1239072,
          1236896,
          1245088,
          1239040,
          1239776,
          1244672,
          1238944,
          1239616,
          1237856,
          1238816,
          1238688,
          1240096,
          1236992,
          1237920,
          1239648,
          1238304,
          1239168,
          1239616,
          1238912,
          1238464,
          1240192
        ],
        "applicable": true
      },
      {
        "kernel": "onpair_shmem_4tpt_split8_wpb8",
        "decode_ms": 1.250816,
        "decode_gib_s": 744.5719993659065,
        "decode_ns_iters": [
          1254336,
          1259840,
          1254912,
          1252576,
          1257376,
          1255040,
          1252384,
          1253632,
          1255456,
          1252352,
          1253696,
          1253920,
          1255232,
          1252224,
          1254176,
          1253472,
          1253952,
          1253632,
          1257952,
          1252032,
          1253824,
          1251168,
          1254912,
          1254624,
          1254272,
          1255424,
          1253088,
          1252384,
          1250816,
          1255808
        ],
        "applicable": true
      },
      {
        "kernel": "onpair_shmem_4tpt_split8_wpb8_occ",
        "decode_ms": 1.202112,
        "decode_gib_s": 774.7386016934076,
        "decode_ns_iters": [
          1205728,
          1206816,
          1204672,
          1206656,
          1206240,
          1202112,
          1207424,
          1205472,
          1205728,
          1203936,
          1205504,
          1205184,
          1208288,
          1206400,
          1206112,
          1206016,
          1207744,
          1204352,
          1206688,
          1205280,
          1205984,
          1204512,
          1208032,
          1205792,
          1202880,
          1212320,
          1203264,
          1205216,
          1202464,
          1205216
        ],
        "applicable": true
      },
      {
        "kernel": "onpair_shmem_4tpt_pdict",
        "decode_ms": 0.0,
        "decode_gib_s": 0.0,
        "applicable": false,
        "reason": "padded dict needs 1130752 B shared, over 102400 B cap"
      },
      {
        "kernel": "onpair_shmem_4tpt_vdict",
        "decode_ms": 0.0,
        "decode_gib_s": 0.0,
        "applicable": false,
        "reason": "packed dict needs 504032 B shared, over 102400 B cap"
      },
      {
        "kernel": "onpair_shmem_4tpt_split8read",
        "decode_ms": 1.213024,
        "decode_gib_s": 767.7692856521104,
        "decode_ns_iters": [
          1219296,
          1214944,
          1217088,
          1218080,
          1222304,
          1215072,
          1217984,
          1215456,
          1255872,
          1240224,
          1218080,
          1223104,
          1221344,
          1216768,
          1220896,
          1217152,
          1215584,
          1216544,
          1215776,
          1213024,
          1213312,
          1215200,
          1219680,
          1223648,
          1216896,
          1224736,
          1213600,
          1217376,
          1218720,
          1216480
        ],
        "applicable": true
      },
      {
        "kernel": "onpair_shmem_4tpt_ldcs",
        "decode_ms": 1.16576,
        "decode_gib_s": 798.8973459021289,
        "decode_ns_iters": [
          1170016,
          1168928,
          1167200,
          1168832,
          1167168,
          1169632,
          1171776,
          1169728,
          1167360,
          1166752,
          1167392,
          1167968,
          1168992,
          1179776,
          1171264,
          1169920,
          1167840,
          1175232,
          1169568,
          1170240,
          1165760,
          1165888,
          1169344,
          1168704,
          1169376,
          1169408,
          1168544,
          1166784,
          1171552,
          1170208
        ],
        "applicable": true
      },
      {
        "kernel": "onpair_shmem_4tpt_lenbucket",
        "decode_ms": 0.0,
        "decode_gib_s": 0.0,
        "applicable": false,
        "reason": "length-bucket dict not built (set ONPAIR_DICT_REORDER=lenbucket)"
      },
      {
        "kernel": "onpair_shmem_4tpt_lenbucket_b128",
        "decode_ms": 0.0,
        "decode_gib_s": 0.0,
        "applicable": false,
        "reason": "length-bucket dict not built (set ONPAIR_DICT_REORDER=lenbucket)"
      },
      {
        "kernel": "onpair_shmem_4tpt_regcache",
        "decode_ms": 1.22768,
        "decode_gib_s": 758.6036833367535,
        "decode_ns_iters": [
          1228736,
          1232768,
          1232160,
          1230784,
          1230208,
          1229312,
          1231040,
          1228224,
          1231200,
          1228896,
          1228736,
          1230368,
          1236384,
          1230272,
          1229952,
          1228416,
          1229792,
          1229376,
          1229600,
          1228384,
          1229408,
          1227680,
          1229824,
          1228672,
          1231616,
          1227680,
          1235808,
          1229472,
          1231104,
          1235424
        ],
        "applicable": true
      },
      {
        "kernel": "onpair_shmem_4tpt_split4read",
        "decode_ms": 1.323744,
        "decode_gib_s": 703.5518725364312,
        "decode_ns_iters": [
          1323744,
          1334144,
          1327328,
          1327264,
          1328448,
          1329024,
          1332384,
          1335648,
          1335872,
          1332672,
          1327904,
          1328576,
          1324960,
          1324480,
          1326752,
          1333408,
          1326624,
          1325792,
          1326464,
          1328448,
          1327040,
          1330208,
          1335264,
          1328448,
          1331360,
          1342656,
          1374944,
          1368128,
          1387616,
          1362176
        ],
        "applicable": true
      },
      {
        "kernel": "onpair_shmem_4tpt_split4read_b128o12",
        "decode_ms": 1.3136,
        "decode_gib_s": 708.9849040490756,
        "decode_ns_iters": [
          1320704,
          1319936,
          1315968,
          1315296,
          1317440,
          1317984,
          1317664,
          1316960,
          1319616,
          1316672,
          1316032,
          1327616,
          1314496,
          1317024,
          1314848,
          1313600,
          1314016,
          1314144,
          1323296,
          1314368,
          1315648,
          1315296,
          1315072,
          1316608,
          1314720,
          1318016,
          1317184,
          1315168,
          1315296,
          1314848
        ],
        "applicable": true
      },
      {
        "kernel": "onpair_shmem_4tpt_cluster_dsmem",
        "decode_ms": 5.451168,
        "decode_gib_s": 170.84826040196626,
        "decode_ns_iters": [
          5456512,
          5460352,
          5461088,
          5457472,
          5472192,
          5455840,
          5459360,
          5469120,
          5459104,
          5459328,
          5459488,
          5451168,
          5455808,
          5452832,
          5452032,
          5463328,
          5459264,
          5455680,
          5455744,
          5462624,
          5461056,
          5454944,
          5459488,
          5462624,
          5452640,
          5455008,
          5455328,
          5458112,
          5453632,
          5453984
        ],
        "applicable": true
      },
      {
        "kernel": "onpair_shmem_8tpt",
        "decode_ms": 1.1432,
        "decode_gib_s": 814.6628498590497,
        "decode_ns_iters": [
          1148608,
          1148608,
          1146048,
          1145536,
          1144256,
          1147296,
          1147808,
          1145312,
          1145184,
          1148320,
          1149920,
          1148544,
          1146720,
          1146432,
          1144768,
          1146240,
          1146592,
          1147648,
          1144832,
          1144416,
          1144032,
          1145888,
          1143328,
          1143744,
          1143200,
          1143648,
          1143552,
          1144000,
          1143232,
          1145792
        ],
        "applicable": true
      },
      {
        "kernel": "onpair_shmem_8tpt_b128",
        "decode_ms": 1.147424,
        "decode_gib_s": 811.6638400093302,
        "decode_ns_iters": [
          1150304,
          1151136,
          1150048,
          1149664,
          1149408,
          1148288,
          1148960,
          1150432,
          1148640,
          1148928,
          1148064,
          1148448,
          1148160,
          1148288,
          1147648,
          1150624,
          1152192,
          1150592,
          1152672,
          1150208,
          1149760,
          1148896,
          1150112,
          1150368,
          1148224,
          1150560,
          1147424,
          1149440,
          1149120,
          1148832
        ],
        "applicable": true
      },
      {
        "kernel": "onpair_shmem_4tpt_vwidth",
        "decode_ms": 3.096896,
        "decode_gib_s": 300.72775125766753,
        "decode_ns_iters": [
          3102400,
          3097728,
          3097952,
          3107552,
          3097472,
          3098624,
          3100160,
          3098560,
          3098432,
          3106304,
          3096896,
          3096928,
          3098752,
          3098368,
          3097824,
          3104704,
          3100576,
          3099072,
          3097280,
          3099264,
          3097408,
          3098720,
          3097280,
          3097408,
          3100064,
          3099712,
          3098272,
          3105760,
          3097632,
          3098496
        ],
        "applicable": true
      },
      {
        "kernel": "onpair_shmem_4tpt_vwidth_b128",
        "decode_ms": 3.862368,
        "decode_gib_s": 241.12735243220368,
        "decode_ns_iters": [
          3878272,
          3873632,
          3865280,
          3877088,
          3869728,
          3869600,
          3865408,
          3869280,
          3870752,
          3870624,
          3865408,
          3863328,
          3866272,
          3874624,
          3872288,
          3862368,
          3867808,
          3866784,
          3878080,
          3872992,
          3871936,
          3867136,
          3876352,
          3872352,
          3866560,
          3872608,
          3876704,
          3873568,
          3876416,
          3869248
        ],
        "applicable": true
      },
      {
        "kernel": "onpair_shmem_4tpt_vwidth4",
        "decode_ms": 1.387392,
        "decode_gib_s": 671.2757244952153,
        "decode_ns_iters": [
          1391744,
          1397280,
          1390816,
          1394848,
          1398912,
          1402624,
          1392832,
          1400416,
          1387392,
          1399424,
          1389792,
          1393952,
          1392288,
          1399520,
          1394336,
          1400832,
          1394528,
          1400448,
          1397824,
          1398720,
          1394944,
          1398656,
          1388384,
          1394144,
          1396000,
          1400000,
          1389312,
          1395232,
          1395680,
          1398112
        ],
        "applicable": true
      },
      {
        "kernel": "onpair_shmem_4tpt_vwidth4_b128",
        "decode_ms": 1.23856,
        "decode_gib_s": 751.9398090999754,
        "decode_ns_iters": [
          1245728,
          1244096,
          1244992,
          1243712,
          1239392,
          1242208,
          1241216,
          1240320,
          1240736,
          1238560,
          1248544,
          1239136,
          1243872,
          1247200,
          1239680,
          1243744,
          1240704,
          1243648,
          1241088,
          1240544,
          1239968,
          1241056,
          1241888,
          1241344,
          1241088,
          1239424,
          1241152,
          1243936,
          1243392,
          1242816
        ],
        "applicable": true
      },
      {
        "kernel": "onpair_shmem_4tpt_shdict8",
        "decode_ms": 0.0,
        "decode_gib_s": 0.0,
        "applicable": false,
        "reason": "dict_s8 + staging needs 606464 B shared, over 229376 B cap"
      },
      {
        "kernel": "onpair_shmem_4tpt_ablate",
        "decode_ms": 1.113664,
        "decode_gib_s": 836.2689015348128,
        "decode_ns_iters": [
          1115840,
          1114816,
          1116256,
          1117888,
          1113952,
          1113664,
          1115776,
          1117248,
          1116672,
          1115552,
          1114144,
          1113664,
          1115392,
          1116800,
          1115104,
          1115136,
          1114304,
          1114816,
          1115552,
          1115968,
          1122016,
          1115776,
          1114912,
          1114848,
          1123232,
          1115936,
          1114304,
          1117952,
          1117312,
          1124064
        ],
        "applicable": true
      },
      {
        "kernel": "onpair_shmem_4tpt_ablate_nogather",
        "decode_ms": 0.767488,
        "decode_gib_s": 1213.4685753508402,
        "decode_ns_iters": [
          770432,
          770016,
          772480,
          777824,
          770816,
          768192,
          770048,
          772224,
          768736,
          770304,
          768448,
          770144,
          771232,
          771936,
          770656,
          772064,
          771104,
          767488,
          767808,
          772576,
          770656,
          772960,
          771936,
          773312,
          774432,
          774272,
          770016,
          771584,
          770592,
          770560
        ],
        "applicable": true
      },
      {
        "kernel": "onpair_shmem_4tpt_ablate_noemit",
        "decode_ms": 0.5272,
        "decode_gib_s": 1766.54508717539,
        "decode_ns_iters": [
          537056,
          538912,
          541376,
          537632,
          534400,
          532288,
          534944,
          532352,
          535008,
          537504,
          536544,
          527200,
          540480,
          527584,
          534208,
          532352,
          535584,
          533248,
          532448,
          534016,
          532896,
          533216,
          538784,
          528288,
          536512,
          533056,
          539520,
          539168,
          536096,
          531520
        ],
        "applicable": true
      },
      {
        "kernel": "onpair_shmem_4tpt_ablate_nodrain",
        "decode_ms": 0.998752,
        "decode_gib_s": 932.4863128773367,
        "decode_ns_iters": [
          1000704,
          1001504,
          999872,
          999872,
          998752,
          1009184,
          1001600,
          1000704,
          1001216,
          1001024,
          1001056,
          1002080,
          999808,
          999168,
          999456,
          1006720,
          999520,
          999776,
          1004064,
          1002912,
          999936,
          1003680,
          1001600,
          1001504,
          1000512,
          1000768,
          1000864,
          1000608,
          1003296,
          1000896
        ],
        "applicable": true
      },
      {
        "kernel": "onpair_shmem_4tpt_ablate_noscan",
        "decode_ms": 1.001344,
        "decode_gib_s": 930.0725524483751,
        "decode_ns_iters": [
          1004096,
          1011712,
          1002304,
          1003488,
          1003776,
          1001344,
          1003552,
          1001760,
          1003680,
          1003232,
          1005120,
          1009056,
          1005760,
          1004032,
          1005056,
          1005248,
          1004800,
          1003584,
          1003168,
          1006176,
          1011936,
          1003104,
          1006944,
          1001760,
          1006304,
          1006240,
          1006944,
          1007424,
          1004544,
          1005728
        ],
        "applicable": true
      },
      {
        "kernel": "onpair_shmem_4tpt_ablate_cfree",
        "decode_ms": 0.9704,
        "decode_gib_s": 959.7305955882787,
        "decode_ns_iters": [
          975872,
          974112,
          975520,
          971584,
          975104,
          975904,
          976768,
          974944,
          982976,
          972736,
          971616,
          973344,
          973504,
          973024,
          972736,
          972576,
          975168,
          972768,
          973920,
          971648,
          973728,
          970400,
          973632,
          982688,
          975520,
          975904,
          973120,
          974080,
          972864,
          973408
        ],
        "applicable": true
      },
      {
        "kernel": "onpair_shmem_s8",
        "decode_ms": 0.0,
        "decode_gib_s": 0.0,
        "applicable": false,
        "reason": "dictionary entry longer than 8 bytes"
      },
      {
        "kernel": "onpair_shmem_s8_2tpt",
        "decode_ms": 0.0,
        "decode_gib_s": 0.0,
        "applicable": false,
        "reason": "dictionary entry longer than 8 bytes"
      },
      {
        "kernel": "onpair_shmem_s8_4tpt",
        "decode_ms": 0.0,
        "decode_gib_s": 0.0,
        "applicable": false,
        "reason": "dictionary entry longer than 8 bytes"
      },
      {
        "kernel": "onpair_shmem_s8_8tpt",
        "decode_ms": 0.0,
        "decode_gib_s": 0.0,
        "applicable": false,
        "reason": "dictionary entry longer than 8 bytes"
      },
      {
        "kernel": "onpair_shmem_s4l1",
        "decode_ms": 0.0,
        "decode_gib_s": 0.0,
        "applicable": false,
        "reason": "dictionary entry longer than 4 bytes"
      },
      {
        "kernel": "onpair_shmem_s4l1_2tpt",
        "decode_ms": 0.0,
        "decode_gib_s": 0.0,
        "applicable": false,
        "reason": "dictionary entry longer than 4 bytes"
      },
      {
        "kernel": "onpair_shmem_s4l1_4tpt",
        "decode_ms": 0.0,
        "decode_gib_s": 0.0,
        "applicable": false,
        "reason": "dictionary entry longer than 4 bytes"
      },
      {
        "kernel": "onpair_shmem_s4l1_8tpt",
        "decode_ms": 0.0,
        "decode_gib_s": 0.0,
        "applicable": false,
        "reason": "dictionary entry longer than 4 bytes"
      },
      {
        "kernel": "onpair_shmem_s4l1_16tpt",
        "decode_ms": 0.0,
        "decode_gib_s": 0.0,
        "applicable": false,
        "reason": "dictionary entry longer than 4 bytes"
      },
      {
        "kernel": "onpair_shmem_s4l1_32tpt",
        "decode_ms": 0.0,
        "decode_gib_s": 0.0,
        "applicable": false,
        "reason": "dictionary entry longer than 4 bytes"
      },
      {
        "kernel": "onpair_shmem_const1",
        "decode_ms": 0.0,
        "decode_gib_s": 0.0,
        "applicable": false,
        "reason": "not every dictionary entry is exactly 1 byte"
      },
      {
        "kernel": "onpair_shmem_const2",
        "decode_ms": 0.0,
        "decode_gib_s": 0.0,
        "applicable": false,
        "reason": "not every dictionary entry is exactly 2 bytes"
      }
    ]
  }
}
==PROF== Disconnected from process 26099
==PROF== Report: /home/ubuntu/work/ncu_costsurface_clickbench_URL_b16.ncu-rep
