==PROF== Connected to process 30869 (/home/ubuntu/work/target/release/onpair-chunk-bench)
2026-07-06T03:38:06.219956Z  INFO vortex_cuda: vortex-cuda/src/lib.rs:111: Registering CUDA kernels
==WARNING== Unable to access the following 6 metrics: ctc__rx_bytes_data_user.sum, ctc__rx_bytes_data_user.sum.pct_of_peak_sustained_elapsed, ctc__rx_bytes_data_user.sum.per_second, ctc__tx_bytes_data_user.sum, ctc__tx_bytes_data_user.sum.pct_of_peak_sustained_elapsed, ctc__tx_bytes_data_user.sum.per_second.


==PROF== Profiling "onpair_shmem_4tpt": 0%....50%....100% - 38 passes
==PROF== Profiling "onpair_shmem_4tpt": 0%....50%....100% - 38 passes
==PROF== Profiling "onpair_shmem_4tpt": 0%....50%....100% - 38 passes
==PROF== Profiling "onpair_shmem_4tpt": 0%....50%....100% - 38 passes
==PROF== Profiling "onpair_shmem_4tpt": 0%....50%....100% - 38 passes
==PROF== Profiling "onpair_shmem_4tpt": 0%....50%....100% - 38 passes
==PROF== Profiling "onpair_shmem_4tpt": 0%....50%....100% - 38 passes
==PROF== Profiling "onpair_shmem_4tpt": 0%....50%....100% - 38 passes
==PROF== Profiling "onpair_shmem_4tpt": 0%....50%....100% - 38 passes
==PROF== Profiling "onpair_shmem_4tpt": 0%....50%....100% - 38 passes
==PROF== Profiling "onpair_shmem_4tpt": 0%....50%....100% - 38 passes
==PROF== Profiling "onpair_shmem_4tpt": 0%....50%....100% - 38 passes
==PROF== Profiling "onpair_shmem_4tpt": 0%....50%....100% - 38 passes
==PROF== Profiling "onpair_shmem_4tpt": 0%....50%....100% - 38 passes
==PROF== Profiling "onpair_shmem_4tpt": 0%....50%....100% - 38 passes
==PROF== Profiling "onpair_shmem_4tpt": 0%....50%....100% - 38 passes
{
  "files": [
    "/home/ubuntu/work/vortex-bench/data/onpair-bench/wikipedia/text/bits16_chunk1000mb_thr0.20/part_0000.vortex"
  ],
  "column": "text",
  "rows": 156289,
  "in_memory_bytes": 250475689,
  "dict_bytes": 468187,
  "gpu": {
    "iterations": 30,
    "decoded_bytes": 703062420,
    "chunks": 1,
    "auto_kernel": "onpair_shmem_4tpt",
    "frac_le8": 0.82251906,
    "dict_mean_len": 5.6386304,
    "dict_max_len": 16,
    "dict_entries_max": 65536,
    "small_dict": false,
    "distinct_codes": 65406,
    "access_top4096_frac": 0.46532854,
    "compressed_bytes": 249907203,
    "h2d_gib_s": 9.23382775864067,
    "whole_decompress_gib_s": 24.693625998385993,
    "best_kernel": "onpair_shmem_4tpt",
    "auto_decode_ms": 1.310464,
    "best_decode_ms": 1.310464,
    "validated": false,
    "auto_decode_gib_s": 499.6534838879884,
    "best_decode_gib_s": 499.6534838879884,
    "kernels": [
      {
        "kernel": "onpair_shmem",
        "decode_ms": 1.531392,
        "decode_gib_s": 427.5704085627905,
        "decode_ns_iters": [
          1536640,
          1533696,
          1536160,
          1542848,
          1535808,
          1532608,
          1536480,
          1534880,
          1538592,
          1537504,
          1534368,
          1534560,
          1535936,
          1537280,
          1543072,
          1535424,
          1534656,
          1542464,
          1537952,
          1535776,
          1535200,
          1533248,
          1531584,
          1531392,
          1532352,
          1532224,
          1531616,
          1531744,
          1535648,
          1533984
        ],
        "applicable": true
      },
      {
        "kernel": "onpair_shmem_2tpt",
        "decode_ms": 1.410656,
        "decode_gib_s": 464.16553937302143,
        "decode_ns_iters": [
          1412032,
          1418816,
          1413792,
          1420928,
          1414144,
          1412928,
          1414688,
          1413440,
          1414848,
          1413792,
          1410912,
          1416000,
          1413792,
          1413312,
          1414016,
          1410880,
          1412416,
          1411648,
          1411648,
          1412768,
          1411264,
          1411616,
          1412096,
          1412576,
          1410816,
          1412672,
          1412416,
          1410656,
          1417056,
          1412320
        ],
        "applicable": true
      },
      {
        "kernel": "onpair_shmem_4tpt",
        "decode_ms": 1.310464,
        "decode_gib_s": 499.6534838879884,
        "decode_ns_iters": [
          1930831432,
          1944836497,
          1931136370,
          1925660968,
          1971056819,
          1935370088,
          1936537862,
          1941349506,
          1951515913,
          1927267194,
          1919983864,
          1957186460,
          1932803512,
          1941362143,
          1365440,
          1320160,
          1315232,
          1314176,
          1312256,
          1310848,
          1312416,
          1311104,
          1312000,
          1312672,
          1310464,
          1314976,
          1312576,
          1315136,
          1312896,
          1313024
        ],
        "applicable": true
      },
      {
        "kernel": "onpair_shmem_4tpt_wpb8",
        "decode_ms": 1.490368,
        "decode_gib_s": 439.3397490484155,
        "decode_ns_iters": [
          1494944,
          1492256,
          1492320,
          1492672,
          1492352,
          1500160,
          1491424,
          1492864,
          1491616,
          1490368,
          1492832,
          1491584,
          1492192,
          1492480,
          1492704,
          1493856,
          1494368,
          1492544,
          1492000,
          1492512,
          1491200,
          1491744,
          1497632,
          1490528,
          1492448,
          1492160,
          1493280,
          1491840,
          1491232,
          1495360
        ],
        "applicable": true
      },
      {
        "kernel": "onpair_shmem_4tpt_wpb8_occ",
        "decode_ms": 1.346784,
        "decode_gib_s": 486.1788550426712,
        "decode_ns_iters": [
          1349248,
          1350464,
          1348320,
          1349856,
          1348448,
          1349248,
          1349344,
          1347776,
          1349312,
          1346784,
          1349568,
          1346944,
          1348384,
          1350240,
          1347296,
          1349376,
          1355168,
          1349056,
          1348672,
          1348288,
          1349504,
          1348384,
          1349632,
          1348512,
          1348288,
          1355136,
          1348480,
          1356288,
          1348128,
          1348768
        ],
        "applicable": true
      },
      {
        "kernel": "onpair_shmem_4tpt_b128",
        "decode_ms": 1.39584,
        "decode_gib_s": 469.0923767120794,
        "decode_ns_iters": [
          1396192,
          1397664,
          1397408,
          1397696,
          1395840,
          1398080,
          1399296,
          1403456,
          1397920,
          1404960,
          1396256,
          1402144,
          1396608,
          1403296,
          1399808,
          1399648,
          1396320,
          1397760,
          1397856,
          1397376,
          1399904,
          1397088,
          1400320,
          1401280,
          1397888,
          1399232,
          1395904,
          1403072,
          1398464,
          1399936
        ],
        "applicable": true
      },
      {
        "kernel": "onpair_shmem_4tpt_o6",
        "decode_ms": 1.397664,
        "decode_gib_s": 468.48019488932164,
        "decode_ns_iters": [
          1401632,
          1401792,
          1401120,
          1397984,
          1399168,
          1400064,
          1400736,
          1400672,
          1399840,
          1399968,
          1398912,
          1398880,
          1401664,
          1399936,
          1399104,
          1399200,
          1400768,
          1399168,
          1399360,
          1399808,
          1398944,
          1399872,
          1399488,
          1399616,
          1399968,
          1397664,
          1399616,
          1397824,
          1399552,
          1397824
        ],
        "applicable": true
      },
      {
        "kernel": "onpair_shmem_4tpt_b512o3",
        "decode_ms": 1.35456,
        "decode_gib_s": 483.3878920902647,
        "decode_ns_iters": [
          1356896,
          1358624,
          1355232,
          1358880,
          1357760,
          1370464,
          1360768,
          1356992,
          1356672,
          1358912,
          1357184,
          1358656,
          1356896,
          1356896,
          1361312,
          1356128,
          1362528,
          1357312,
          1357056,
          1357024,
          1360160,
          1358272,
          1357728,
          1357440,
          1356160,
          1358272,
          1356096,
          1365152,
          1354560,
          1355136
        ],
        "applicable": true
      },
      {
        "kernel": "onpair_shmem_4tpt_b128o12",
        "decode_ms": 1.448448,
        "decode_gib_s": 452.0548222026534,
        "decode_ns_iters": [
          1452736,
          1451904,
          1449536,
          1457088,
          1455136,
          1451808,
          1449952,
          1450560,
          1453088,
          1450816,
          1449760,
          1455872,
          1452288,
          1456992,
          1451744,
          1449568,
          1450560,
          1450016,
          1450080,
          1451520,
          1450144,
          1450496,
          1452000,
          1450816,
          1458944,
          1451264,
          1450016,
          1448448,
          1450176,
          1454688
        ],
        "applicable": true
      },
      {
        "kernel": "onpair_shmem_4tpt_b64",
        "decode_ms": 1.44304,
        "decode_gib_s": 453.7489626828008,
        "decode_ns_iters": [
          1447360,
          1445216,
          1452800,
          1444992,
          1444736,
          1445280,
          1446528,
          1446400,
          1446912,
          1445248,
          1443040,
          1444928,
          1446400,
          1444608,
          1444192,
          1454592,
          1446368,
          1446240,
          1446848,
          1445120,
          1444832,
          1448928,
          1447200,
          1446944,
          1446400,
          1443520,
          1445440,
          1443296,
          1444736,
          1445568
        ],
        "applicable": true
      },
      {
        "kernel": "onpair_shmem_4tpt_b64o24",
        "decode_ms": 1.480352,
        "decode_gib_s": 442.3123034992954,
        "decode_ns_iters": [
          1482048,
          1484640,
          1481280,
          1482176,
          1481504,
          1484000,
          1483712,
          1482752,
          1482560,
          1491424,
          1481792,
          1481120,
          1482272,
          1486016,
          1484000,
          1481568,
          1484544,
          1483648,
          1483104,
          1480352,
          1483488,
          1482656,
          1483360,
          1483296,
          1482016,
          1483936,
          1490560,
          1483584,
          1483424,
          1482624
        ],
        "applicable": true
      },
      {
        "kernel": "onpair_shmem_4tpt_split8read_b128o12",
        "decode_ms": 1.609152,
        "decode_gib_s": 406.9086718406893,
        "decode_ns_iters": [
          1613824,
          1613888,
          1610848,
          1611072,
          1621536,
          1612864,
          1610784,
          1613280,
          1616768,
          1610848,
          1613632,
          1611296,
          1612544,
          1611328,
          1612352,
          1618720,
          1611584,
          1613376,
          1613248,
          1613888,
          1612832,
          1611264,
          1619872,
          1611008,
          1609152,
          1611072,
          1613312,
          1612448,
          1617472,
          1611264
        ],
        "applicable": true
      },
      {
        "kernel": "onpair_shmem_4tpt_split8read_occ",
        "decode_ms": 1.532864,
        "decode_gib_s": 427.159815293326,
        "decode_ns_iters": [
          1534976,
          1536096,
          1534432,
          1534176,
          1544672,
          1536480,
          1536256,
          1536992,
          1536608,
          1535840,
          1533952,
          1533472,
          1534240,
          1534784,
          1534624,
          1534400,
          1533344,
          1534176,
          1541856,
          1535136,
          1535584,
          1533696,
          1536160,
          1537120,
          1535520,
          1536224,
          1533600,
          1535872,
          1532864,
          1533152
        ],
        "applicable": true
      },
      {
        "kernel": "onpair_shmem_4tpt_split8",
        "decode_ms": 1.353472,
        "decode_gib_s": 483.7764675662214,
        "decode_ns_iters": [
          1362400,
          1357664,
          1355776,
          1355456,
          1357440,
          1353472,
          1356032,
          1354464,
          1355936,
          1354656,
          1355424,
          1363584,
          1359616,
          1359232,
          1357600,
          1356896,
          1359488,
          1358592,
          1359136,
          1358880,
          1359296,
          1356032,
          1355808,
          1356352,
          1363776,
          1356768,
          1368640,
          1358912,
          1358016,
          1358240
        ],
        "applicable": true
      },
      {
        "kernel": "onpair_shmem_4tpt_split8_wpb8",
        "decode_ms": 1.513792,
        "decode_gib_s": 432.5415269137298,
        "decode_ns_iters": [
          1517984,
          1525184,
          1517952,
          1516128,
          1524608,
          1518176,
          1518656,
          1517664,
          1518432,
          1526208,
          1517952,
          1517024,
          1518944,
          1516000,
          1518272,
          1516544,
          1518336,
          1520128,
          1517152,
          1516160,
          1517760,
          1519488,
          1518944,
          1517600,
          1517120,
          1516096,
          1517248,
          1513792,
          1516640,
          1517472
        ],
        "applicable": true
      },
      {
        "kernel": "onpair_shmem_4tpt_split8_wpb8_occ",
        "decode_ms": 1.36192,
        "decode_gib_s": 480.7755985004911,
        "decode_ns_iters": [
          1362976,
          1365312,
          1362528,
          1365024,
          1365152,
          1364224,
          1366912,
          1362912,
          1371264,
          1368160,
          1365888,
          1365632,
          1364000,
          1364224,
          1364544,
          1365728,
          1364224,
          1363936,
          1365632,
          1366112,
          1364128,
          1367040,
          1366016,
          1373888,
          1364160,
          1366976,
          1365056,
          1363904,
          1364416,
          1361920
        ],
        "applicable": true
      },
      {
        "kernel": "onpair_shmem_4tpt_pdict",
        "decode_ms": 0.0,
        "decode_gib_s": 0.0,
        "applicable": false,
        "reason": "padded dict needs 1130752 B shared, over 102400 B cap"
      },
      {
        "kernel": "onpair_shmem_4tpt_vdict",
        "decode_ms": 0.0,
        "decode_gib_s": 0.0,
        "applicable": false,
        "reason": "packed dict needs 484848 B shared, over 102400 B cap"
      },
      {
        "kernel": "onpair_shmem_4tpt_split8read",
        "decode_ms": 1.507744,
        "decode_gib_s": 434.276576865694,
        "decode_ns_iters": [
          1511104,
          1509344,
          1512544,
          1511424,
          1516672,
          1521024,
          1511424,
          1514464,
          1512032,
          1513888,
          1512384,
          1507744,
          1513312,
          1511488,
          1512608,
          1511264,
          1512512,
          1514752,
          1511264,
          1516512,
          1510080,
          1510400,
          1514144,
          1509056,
          1513408,
          1511936,
          1512608,
          1510752,
          1513088,
          1511008
        ],
        "applicable": true
      },
      {
        "kernel": "onpair_shmem_4tpt_ldcs",
        "decode_ms": 1.323712,
        "decode_gib_s": 494.6528422419597,
        "decode_ns_iters": [
          1327072,
          1328640,
          1327328,
          1328896,
          1326496,
          1327904,
          1328224,
          1329312,
          1326464,
          1327840,
          1324096,
          1323712,
          1326272,
          1327104,
          1326368,
          1327840,
          1326208,
          1328192,
          1327584,
          1326784,
          1325728,
          1325536,
          1328256,
          1326752,
          1328416,
          1326752,
          1325984,
          1327296,
          1327040,
          1329920
        ],
        "applicable": true
      },
      {
        "kernel": "onpair_shmem_4tpt_lenbucket",
        "decode_ms": 0.0,
        "decode_gib_s": 0.0,
        "applicable": false,
        "reason": "length-bucket dict not built (set ONPAIR_DICT_REORDER=lenbucket)"
      },
      {
        "kernel": "onpair_shmem_4tpt_lenbucket_b128",
        "decode_ms": 0.0,
        "decode_gib_s": 0.0,
        "applicable": false,
        "reason": "length-bucket dict not built (set ONPAIR_DICT_REORDER=lenbucket)"
      },
      {
        "kernel": "onpair_shmem_4tpt_regcache",
        "decode_ms": 1.364768,
        "decode_gib_s": 479.77231522851423,
        "decode_ns_iters": [
          1368064,
          1367776,
          1365088,
          1364896,
          1365184,
          1366592,
          1365376,
          1367520,
          1367712,
          1367264,
          1369344,
          1376832,
          1372896,
          1366016,
          1368160,
          1366976,
          1366880,
          1367488,
          1367872,
          1367008,
          1367872,
          1365024,
          1367488,
          1367744,
          1365120,
          1366560,
          1365536,
          1365152,
          1364896,
          1364768
        ],
        "applicable": true
      },
      {
        "kernel": "onpair_shmem_4tpt_split4read",
        "decode_ms": 1.871232,
        "decode_gib_s": 349.9180770261458,
        "decode_ns_iters": [
          1876064,
          1874144,
          1873216,
          1877952,
          1874240,
          1874848,
          1875200,
          1875040,
          1872992,
          1874048,
          1882368,
          1881056,
          1882496,
          1879712,
          1872512,
          1875616,
          1875552,
          1877728,
          1873312,
          1874432,
          1871232,
          1874336,
          1874656,
          1874528,
          1873920,
          1875008,
          1872416,
          1874432,
          1872640,
          1877664
        ],
        "applicable": true
      },
      {
        "kernel": "onpair_shmem_4tpt_split4read_b128o12",
        "decode_ms": 2.073376,
        "decode_gib_s": 315.80277919190195,
        "decode_ns_iters": [
          2076480,
          2077408,
          2075776,
          2075808,
          2076960,
          2075776,
          2078944,
          2076256,
          2076064,
          2083712,
          2075744,
          2077184,
          2075296,
          2075616,
          2075072,
          2075360,
          2076928,
          2076032,
          2075680,
          2074752,
          2084864,
          2075296,
          2075456,
          2077216,
          2073792,
          2074432,
          2073376,
          2074176,
          2075584,
          2075808
        ],
        "applicable": true
      },
      {
        "kernel": "onpair_shmem_4tpt_cluster_dsmem",
        "decode_ms": 5.714528,
        "decode_gib_s": 114.58127479816162,
        "decode_ns_iters": [
          5736128,
          5730496,
          5725760,
          5732928,
          5729152,
          5733312,
          5722528,
          5730336,
          5732576,
          5725472,
          5730432,
          5740032,
          5723648,
          5733376,
          5724928,
          5729984,
          5724032,
          5723488,
          5721728,
          5723616,
          5720160,
          5714528,
          5724672,
          5725024,
          5725504,
          5735360,
          5731648,
          5725792,
          5728288,
          5725568
        ],
        "applicable": true
      },
      {
        "kernel": "onpair_shmem_8tpt",
        "decode_ms": 1.542848,
        "decode_gib_s": 424.3956002858278,
        "decode_ns_iters": [
          1547328,
          1546496,
          1555840,
          1543584,
          1545440,
          1547360,
          1547488,
          1545280,
          1545952,
          1545568,
          1544128,
          1546016,
          1545696,
          1546720,
          1546400,
          1546240,
          1547680,
          1546944,
          1549312,
          1553856,
          1548896,
          1545472,
          1556000,
          1548384,
          1548192,
          1548768,
          1543872,
          1543872,
          1545088,
          1542848
        ],
        "applicable": true
      },
      {
        "kernel": "onpair_shmem_8tpt_b128",
        "decode_ms": 1.590464,
        "decode_gib_s": 411.689861015269,
        "decode_ns_iters": [
          1593408,
          1594816,
          1593952,
          1593216,
          1594816,
          1594432,
          1592832,
          1594464,
          1592480,
          1596224,
          1593472,
          1594976,
          1591488,
          1590464,
          1591936,
          1592480,
          1594336,
          1592576,
          1594272,
          1593440,
          1593664,
          1596128,
          1594336,
          1593344,
          1594912,
          1592768,
          1594240,
          1598080,
          1595200,
          1595072
        ],
        "applicable": true
      },
      {
        "kernel": "onpair_shmem_4tpt_vwidth",
        "decode_ms": 3.907232,
        "decode_gib_s": 167.5810146696661,
        "decode_ns_iters": [
          3908512,
          3909600,
          3910560,
          3908448,
          3908928,
          3909216,
          3908736,
          3907648,
          3907552,
          3908416,
          3908448,
          3908640,
          3910688,
          3909632,
          3907776,
          3908864,
          3908960,
          3909824,
          3909120,
          3909312,
          3907232,
          3909376,
          3911616,
          3910336,
          3913568,
          3910080,
          3915456,
          3911456,
          3911456,
          3911584
        ],
        "applicable": true
      },
      {
        "kernel": "onpair_shmem_4tpt_vwidth_b128",
        "decode_ms": 4.663648,
        "decode_gib_s": 140.40036964835014,
        "decode_ns_iters": [
          4678656,
          4683712,
          4692672,
          4695936,
          4697888,
          4695072,
          4717312,
          4689664,
          4705760,
          4694368,
          4700320,
          4681248,
          4669152,
          4683200,
          4677408,
          4677696,
          4699232,
          4686560,
          4683008,
          4678368,
          4683808,
          4663648,
          4686176,
          4698560,
          4682880,
          4685536,
          4676576,
          4680320,
          4689728,
          4677504
        ],
        "applicable": true
      },
      {
        "kernel": "onpair_shmem_4tpt_vwidth4",
        "decode_ms": 1.784704,
        "decode_gib_s": 366.88319357707996,
        "decode_ns_iters": [
          1785280,
          1796224,
          1794400,
          1784704,
          1786944,
          1786912,
          1789600,
          1787712,
          1790432,
          1786336,
          1786848,
          1789792,
          1789184,
          1788320,
          1786880,
          1789792,
          1786752,
          1787168,
          1796160,
          1793312,
          1786144,
          1786400,
          1788224,
          1787712,
          1788736,
          1787904,
          1787904,
          1795104,
          1787872,
          1788608
        ],
        "applicable": true
      },
      {
        "kernel": "onpair_shmem_4tpt_vwidth4_b128",
        "decode_ms": 1.880224,
        "decode_gib_s": 348.2446256987406,
        "decode_ns_iters": [
          1882176,
          1882784,
          1882688,
          1884160,
          1881888,
          1882208,
          1883904,
          1881888,
          1882336,
          1882752,
          1881216,
          1880640,
          1883456,
          1884352,
          1882976,
          1882880,
          1881056,
          1883296,
          1880224,
          1881536,
          1882528,
          1880640,
          1881984,
          1881536,
          1881376,
          1882816,
          1882048,
          1884640,
          1882432,
          1884608
        ],
        "applicable": true
      },
      {
        "kernel": "onpair_shmem_4tpt_shdict8",
        "decode_ms": 0.0,
        "decode_gib_s": 0.0,
        "applicable": false,
        "reason": "dict_s8 + staging needs 606464 B shared, over 229376 B cap"
      },
      {
        "kernel": "onpair_shmem_4tpt_ablate",
        "decode_ms": 1.447392,
        "decode_gib_s": 452.38463602796537,
        "decode_ns_iters": [
          1450016,
          1449184,
          1451040,
          1448000,
          1450560,
          1449088,
          1460576,
          1449216,
          1449440,
          1447776,
          1447392,
          1451808,
          1450080,
          1448992,
          1449920,
          1449216,
          1448992,
          1460160,
          1452096,
          1449568,
          1450720,
          1450816,
          1449888,
          1451744,
          1449792,
          1449696,
          1452192,
          1450016,
          1458880,
          1450976
        ],
        "applicable": true
      },
      {
        "kernel": "onpair_shmem_4tpt_ablate_nogather",
        "decode_ms": 0.695936,
        "decode_gib_s": 940.8593650993611,
        "decode_ns_iters": [
          707456,
          698112,
          697472,
          696000,
          698272,
          703488,
          697984,
          699680,
          696288,
          698304,
          703296,
          696256,
          698976,
          696704,
          697792,
          696256,
          696736,
          695936,
          697504,
          697472,
          706944,
          700000,
          697856,
          699104,
          697408,
          705344,
          696832,
          699040,
          701664,
          699968
        ],
        "applicable": true
      },
      {
        "kernel": "onpair_shmem_4tpt_ablate_noemit",
        "decode_ms": 0.528416,
        "decode_gib_s": 1239.1333780767216,
        "decode_ns_iters": [
          540800,
          543136,
          540032,
          538208,
          545952,
          537088,
          541664,
          539776,
          542816,
          535744,
          541376,
          528416,
          542464,
          542272,
          541152,
          548768,
          539936,
          544288,
          535296,
          538112,
          544160,
          538784,
          541536,
          532832,
          543136,
          539488,
          545088,
          537664,
          541504,
          537792
        ],
        "applicable": true
      },
      {
        "kernel": "onpair_shmem_4tpt_ablate_nodrain",
        "decode_ms": 1.3536,
        "decode_gib_s": 483.7307203825273,
        "decode_ns_iters": [
          1357440,
          1355552,
          1358048,
          1357024,
          1357312,
          1359136,
          1356640,
          1357184,
          1354304,
          1358880,
          1358336,
          1363808,
          1358080,
          1354592,
          1357376,
          1356160,
          1354272,
          1355392,
          1353600,
          1356160,
          1355904,
          1357632,
          1354048,
          1356544,
          1356288,
          1355040,
          1358240,
          1364064,
          1356576,
          1356832
        ],
        "applicable": true
      },
      {
        "kernel": "onpair_shmem_4tpt_ablate_noscan",
        "decode_ms": 1.630816,
        "decode_gib_s": 401.5032370971274,
        "decode_ns_iters": [
          1631104,
          1636544,
          1634112,
          1634016,
          1631264,
          1632576,
          1632672,
          1636096,
          1637056,
          1633856,
          1637344,
          1630816,
          1642688,
          1636160,
          1635200,
          1635456,
          1634496,
          1634016,
          1634144,
          1638656,
          1635296,
          1633696,
          1633952,
          1633280,
          1634592,
          1635872,
          1633376,
          1635648,
          1635872,
          1632576
        ],
        "applicable": true
      },
      {
        "kernel": "onpair_shmem_4tpt_ablate_cfree",
        "decode_ms": 1.45264,
        "decode_gib_s": 450.750291269543,
        "decode_ns_iters": [
          1454496,
          1456704,
          1455648,
          1453536,
          1453664,
          1454560,
          1454848,
          1455872,
          1456512,
          1454016,
          1461760,
          1455712,
          1457888,
          1456736,
          1457856,
          1455616,
          1454912,
          1456384,
          1455840,
          1461824,
          1458080,
          1452640,
          1455072,
          1455936,
          1456096,
          1455392,
          1454912,
          1456480,
          1454304,
          1454496
        ],
        "applicable": true
      },
      {
        "kernel": "onpair_shmem_s8",
        "decode_ms": 0.0,
        "decode_gib_s": 0.0,
        "applicable": false,
        "reason": "dictionary entry longer than 8 bytes"
      },
      {
        "kernel": "onpair_shmem_s8_2tpt",
        "decode_ms": 0.0,
        "decode_gib_s": 0.0,
        "applicable": false,
        "reason": "dictionary entry longer than 8 bytes"
      },
      {
        "kernel": "onpair_shmem_s8_4tpt",
        "decode_ms": 0.0,
        "decode_gib_s": 0.0,
        "applicable": false,
        "reason": "dictionary entry longer than 8 bytes"
      },
      {
        "kernel": "onpair_shmem_s8_8tpt",
        "decode_ms": 0.0,
        "decode_gib_s": 0.0,
        "applicable": false,
        "reason": "dictionary entry longer than 8 bytes"
      },
      {
        "kernel": "onpair_shmem_s4l1",
        "decode_ms": 0.0,
        "decode_gib_s": 0.0,
        "applicable": false,
        "reason": "dictionary entry longer than 4 bytes"
      },
      {
        "kernel": "onpair_shmem_s4l1_2tpt",
        "decode_ms": 0.0,
        "decode_gib_s": 0.0,
        "applicable": false,
        "reason": "dictionary entry longer than 4 bytes"
      },
      {
        "kernel": "onpair_shmem_s4l1_4tpt",
        "decode_ms": 0.0,
        "decode_gib_s": 0.0,
        "applicable": false,
        "reason": "dictionary entry longer than 4 bytes"
      },
      {
        "kernel": "onpair_shmem_s4l1_8tpt",
        "decode_ms": 0.0,
        "decode_gib_s": 0.0,
        "applicable": false,
        "reason": "dictionary entry longer than 4 bytes"
      },
      {
        "kernel": "onpair_shmem_s4l1_16tpt",
        "decode_ms": 0.0,
        "decode_gib_s": 0.0,
        "applicable": false,
        "reason": "dictionary entry longer than 4 bytes"
      },
      {
        "kernel": "onpair_shmem_s4l1_32tpt",
        "decode_ms": 0.0,
        "decode_gib_s": 0.0,
        "applicable": false,
        "reason": "dictionary entry longer than 4 bytes"
      },
      {
        "kernel": "onpair_shmem_const1",
        "decode_ms": 0.0,
        "decode_gib_s": 0.0,
        "applicable": false,
        "reason": "not every dictionary entry is exactly 1 byte"
      },
      {
        "kernel": "onpair_shmem_const2",
        "decode_ms": 0.0,
        "decode_gib_s": 0.0,
        "applicable": false,
        "reason": "not every dictionary entry is exactly 2 bytes"
      }
    ]
  }
}
==PROF== Disconnected from process 30869
==PROF== Report: /home/ubuntu/work/ncu_costsurface_wikipedia_text_b16.ncu-rep
