==PROF== Connected to process 18054 (/home/ubuntu/work/target/release/onpair-chunk-bench)
2026-07-06T03:21:35.109905Z  INFO vortex_cuda: vortex-cuda/src/lib.rs:111: Registering CUDA kernels
==WARNING== Unable to access the following 6 metrics: ctc__rx_bytes_data_user.sum, ctc__rx_bytes_data_user.sum.pct_of_peak_sustained_elapsed, ctc__rx_bytes_data_user.sum.per_second, ctc__tx_bytes_data_user.sum, ctc__tx_bytes_data_user.sum.pct_of_peak_sustained_elapsed, ctc__tx_bytes_data_user.sum.per_second.


==PROF== Profiling "onpair_shmem_4tpt": 0%....50%....100% - 38 passes
==PROF== Profiling "onpair_shmem_4tpt": 0%....50%....100% - 38 passes
==PROF== Profiling "onpair_shmem_4tpt": 0%....50%....100% - 38 passes
==PROF== Profiling "onpair_shmem_4tpt": 0%....50%....100% - 38 passes
==PROF== Profiling "onpair_shmem_4tpt": 0%....50%....100% - 38 passes
==PROF== Profiling "onpair_shmem_4tpt": 0%....50%....100% - 38 passes
==PROF== Profiling "onpair_shmem_4tpt": 0%....50%....100% - 38 passes
==PROF== Profiling "onpair_shmem_4tpt": 0%....50%....100% - 38 passes
==PROF== Profiling "onpair_shmem_4tpt": 0%....50%....100% - 38 passes
==PROF== Profiling "onpair_shmem_4tpt": 0%....50%....100% - 38 passes
==PROF== Profiling "onpair_shmem_4tpt": 0%....50%....100% - 38 passes
==PROF== Profiling "onpair_shmem_4tpt": 0%....50%....100% - 38 passes
==PROF== Profiling "onpair_shmem_4tpt": 0%....50%....100% - 38 passes
==PROF== Profiling "onpair_shmem_4tpt": 0%....50%....100% - 38 passes
==PROF== Profiling "onpair_shmem_4tpt": 0%....50%....100% - 38 passes
==PROF== Profiling "onpair_shmem_4tpt": 0%....50%....100% - 38 passes
{
  "files": [
    "/home/ubuntu/work/vortex-bench/data/onpair-bench/tpch-sf10/ps_comment/bits12_chunk1000mb_thr0.20/part_0000.vortex"
  ],
  "column": "ps_comment",
  "rows": 8000000,
  "in_memory_bytes": 157784647,
  "dict_bytes": 39083,
  "gpu": {
    "iterations": 30,
    "decoded_bytes": 987934065,
    "chunks": 1,
    "auto_kernel": "onpair_shmem_4tpt",
    "frac_le8": 0.32735994,
    "dict_mean_len": 10.299195,
    "dict_max_len": 16,
    "dict_entries_max": 4096,
    "small_dict": true,
    "distinct_codes": 3868,
    "access_top4096_frac": 1.0,
    "compressed_bytes": 191890037,
    "h2d_gib_s": 8.335936924299356,
    "whole_decompress_gib_s": 41.18833395802998,
    "best_kernel": "onpair_shmem_4tpt_b512o3",
    "auto_decode_ms": 0.899808,
    "best_decode_ms": 0.843168,
    "validated": false,
    "auto_decode_gib_s": 1022.5351374583638,
    "best_decode_gib_s": 1091.2241652507394,
    "kernels": [
      {
        "kernel": "onpair_shmem",
        "decode_ms": 1.083872,
        "decode_gib_s": 848.8874119509826,
        "decode_ns_iters": [
          1087872,
          1086848,
          1086208,
          1087744,
          1094912,
          1083872,
          1087776,
          1087680,
          1088096,
          1083872,
          1086176,
          1089472,
          1086720,
          1089184,
          1088416,
          1094304,
          1090368,
          1085696,
          1088320,
          1085760,
          1087168,
          1087520,
          1086240,
          1089248,
          1085312,
          1086496,
          1094944,
          1086336,
          1086080,
          1087360
        ],
        "applicable": true
      },
      {
        "kernel": "onpair_shmem_2tpt",
        "decode_ms": 0.879616,
        "decode_gib_s": 1046.007913642016,
        "decode_ns_iters": [
          880576,
          880128,
          879616,
          885728,
          888512,
          879936,
          882720,
          880224,
          881216,
          882400,
          880736,
          883072,
          881568,
          881728,
          881120,
          882304,
          882432,
          881248,
          881664,
          882368,
          881056,
          881472,
          880544,
          881440,
          882656,
          881216,
          882400,
          880224,
          882432,
          881120
        ],
        "applicable": true
      },
      {
        "kernel": "onpair_shmem_4tpt",
        "decode_ms": 0.899808,
        "decode_gib_s": 1022.5351374583638,
        "decode_ns_iters": [
          1822038293,
          1833571434,
          1816788435,
          1835980296,
          1836518764,
          1847546339,
          1838446975,
          1848509669,
          1845181227,
          1840024829,
          1846747994,
          1863523841,
          1840160608,
          1848847866,
          955712,
          906816,
          902560,
          901856,
          901504,
          901952,
          903264,
          901824,
          902368,
          904128,
          904000,
          904736,
          904032,
          902368,
          899808,
          901728
        ],
        "applicable": true
      },
      {
        "kernel": "onpair_shmem_4tpt_wpb8",
        "decode_ms": 0.899168,
        "decode_gib_s": 1023.2629463750217,
        "decode_ns_iters": [
          902912,
          903616,
          900512,
          902400,
          904128,
          902976,
          906656,
          903328,
          903456,
          903808,
          906368,
          900672,
          903040,
          902688,
          903136,
          903072,
          902816,
          905792,
          901152,
          904352,
          902880,
          903328,
          902144,
          902912,
          905504,
          902272,
          902496,
          901952,
          899168,
          902432
        ],
        "applicable": true
      },
      {
        "kernel": "onpair_shmem_4tpt_wpb8_occ",
        "decode_ms": 0.853088,
        "decode_gib_s": 1078.535036205099,
        "decode_ns_iters": [
          855328,
          857952,
          853088,
          854016,
          854496,
          854912,
          856832,
          863840,
          856992,
          855648,
          857088,
          858720,
          859392,
          856320,
          855136,
          857920,
          856864,
          859488,
          854880,
          856640,
          859008,
          856320,
          857088,
          856896,
          856416,
          858848,
          856384,
          864192,
          864896,
          858208
        ],
        "applicable": true
      },
      {
        "kernel": "onpair_shmem_4tpt_b128",
        "decode_ms": 0.852,
        "decode_gib_s": 1079.912320382788,
        "decode_ns_iters": [
          855488,
          857632,
          856928,
          861504,
          863104,
          857184,
          857504,
          856320,
          856352,
          857376,
          856608,
          856352,
          853600,
          856224,
          853152,
          857344,
          853952,
          855200,
          853888,
          854432,
          855680,
          852000,
          855360,
          859616,
          861344,
          854272,
          855936,
          854112,
          856192,
          855200
        ],
        "applicable": true
      },
      {
        "kernel": "onpair_shmem_4tpt_o6",
        "decode_ms": 0.850656,
        "decode_gib_s": 1081.6185355374387,
        "decode_ns_iters": [
          866080,
          853056,
          854496,
          852256,
          852352,
          851072,
          851680,
          855136,
          854176,
          854304,
          853952,
          853120,
          857856,
          851648,
          851552,
          852064,
          853152,
          852576,
          858400,
          859968,
          851360,
          852768,
          851936,
          853696,
          851808,
          851872,
          854880,
          855136,
          855296,
          850656
        ],
        "applicable": true
      },
      {
        "kernel": "onpair_shmem_4tpt_b512o3",
        "decode_ms": 0.843168,
        "decode_gib_s": 1091.2241652507394,
        "decode_ns_iters": [
          848000,
          845888,
          846240,
          849344,
          849696,
          843168,
          850368,
          847168,
          852640,
          853216,
          860288,
          858112,
          850048,
          850592,
          852768,
          851456,
          850144,
          852352,
          849312,
          849120,
          849952,
          848992,
          850016,
          849728,
          850848,
          852608,
          851040,
          849600,
          850304,
          854688
        ],
        "applicable": true
      },
      {
        "kernel": "onpair_shmem_4tpt_b128o12",
        "decode_ms": 0.851264,
        "decode_gib_s": 1080.8460089539033,
        "decode_ns_iters": [
          857184,
          854528,
          855424,
          853408,
          858688,
          862400,
          854688,
          856704,
          853024,
          854816,
          853344,
          855040,
          854048,
          855072,
          858496,
          856288,
          855712,
          856256,
          856704,
          855040,
          851264,
          851904,
          855264,
          853888,
          862240,
          863552,
          856032,
          856000,
          854656,
          855392
        ],
        "applicable": true
      },
      {
        "kernel": "onpair_shmem_4tpt_b64",
        "decode_ms": 0.853248,
        "decode_gib_s": 1078.3327906612562,
        "decode_ns_iters": [
          861408,
          864032,
          856672,
          854720,
          856896,
          856256,
          856800,
          857312,
          855872,
          857856,
          856192,
          857600,
          860288,
          853760,
          854144,
          855264,
          856480,
          855680,
          853248,
          856992,
          862816,
          861696,
          853504,
          855616,
          858624,
          854880,
          858624,
          855872,
          864416,
          853664
        ],
        "applicable": true
      },
      {
        "kernel": "onpair_shmem_4tpt_b64o24",
        "decode_ms": 0.853504,
        "decode_gib_s": 1078.0093555110877,
        "decode_ns_iters": [
          856416,
          855104,
          854560,
          854496,
          856480,
          857152,
          858848,
          856320,
          857280,
          857472,
          854016,
          854624,
          854464,
          855840,
          854464,
          856096,
          861504,
          855648,
          861824,
          855200,
          857088,
          861536,
          871360,
          856640,
          855648,
          858336,
          855232,
          853504,
          855168,
          855200
        ],
        "applicable": true
      },
      {
        "kernel": "onpair_shmem_4tpt_split8read_b128o12",
        "decode_ms": 0.894624,
        "decode_gib_s": 1028.4603330182686,
        "decode_ns_iters": [
          897056,
          899040,
          904800,
          897376,
          896256,
          896704,
          904800,
          894624,
          897472,
          894624,
          896736,
          896832,
          897312,
          895008,
          897376,
          900288,
          898592,
          898592,
          899904,
          895616,
          899136,
          896800,
          896992,
          895232,
          894848,
          896544,
          900256,
          895232,
          897632,
          898496
        ],
        "applicable": true
      },
      {
        "kernel": "onpair_shmem_4tpt_split8read_occ",
        "decode_ms": 0.897152,
        "decode_gib_s": 1025.5623316518668,
        "decode_ns_iters": [
          900864,
          901568,
          897696,
          899744,
          901312,
          899232,
          899712,
          899104,
          902144,
          898816,
          901568,
          901472,
          900928,
          900544,
          902560,
          899136,
          900416,
          898656,
          902496,
          899040,
          900448,
          900032,
          897152,
          901472,
          900448,
          903360,
          902432,
          903360,
          902336,
          901280
        ],
        "applicable": true
      },
      {
        "kernel": "onpair_shmem_4tpt_split8",
        "decode_ms": 0.955328,
        "decode_gib_s": 963.1093163459415,
        "decode_ns_iters": [
          959840,
          959584,
          956160,
          956768,
          958848,
          956960,
          960352,
          965344,
          956896,
          955328,
          957344,
          959104,
          958944,
          959232,
          956448,
          957056,
          958368,
          961952,
          959168,
          960000,
          959232,
          955776,
          957376,
          958176,
          956224,
          959616,
          960736,
          957152,
          960704,
          956352
        ],
        "applicable": true
      },
      {
        "kernel": "onpair_shmem_4tpt_split8_wpb8",
        "decode_ms": 0.983648,
        "decode_gib_s": 935.3806412112215,
        "decode_ns_iters": [
          986848,
          986080,
          987392,
          990912,
          986112,
          985824,
          987456,
          986368,
          986720,
          986368,
          984800,
          985984,
          987040,
          983648,
          987712,
          985824,
          990624,
          989152,
          986752,
          985024,
          987040,
          984032,
          986048,
          986336,
          986592,
          986496,
          985696,
          984896,
          993536,
          985664
        ],
        "applicable": true
      },
      {
        "kernel": "onpair_shmem_4tpt_split8_wpb8_occ",
        "decode_ms": 0.938304,
        "decode_gib_s": 980.5833684670805,
        "decode_ns_iters": [
          942208,
          939232,
          939584,
          939424,
          942464,
          939040,
          941984,
          942560,
          941184,
          942432,
          939456,
          947008,
          953632,
          940064,
          941632,
          940544,
          939680,
          938304,
          939776,
          940960,
          941472,
          940800,
          938784,
          940384,
          939328,
          939168,
          939904,
          941344,
          938752,
          940448
        ],
        "applicable": true
      },
      {
        "kernel": "onpair_shmem_4tpt_pdict",
        "decode_ms": 1.034816,
        "decode_gib_s": 889.1293688599089,
        "decode_ns_iters": [
          1037152,
          1034816,
          1042848,
          1043584,
          1044928,
          1048256,
          1044192,
          1041888,
          1038976,
          1044704,
          1046912,
          1041632,
          1042272,
          1042880,
          1045536,
          1037248,
          1040480,
          1049536,
          1040416,
          1042496,
          1050240,
          1050368,
          1047168,
          1047488,
          1044800,
          1040352,
          1047840,
          1037312,
          1045632,
          1045184
        ],
        "applicable": true
      },
      {
        "kernel": "onpair_shmem_4tpt_vdict",
        "decode_ms": 1.680928,
        "decode_gib_s": 547.3674642614886,
        "decode_ns_iters": [
          1694880,
          1680928,
          1688672,
          1688032,
          1688544,
          1696224,
          1687168,
          1688480,
          1687392,
          1683072,
          1696928,
          1687072,
          1688960,
          1691456,
          1689888,
          1700800,
          1688256,
          1684480,
          1682432,
          1689600,
          1696928,
          1684672,
          1690368,
          1691040,
          1684736,
          1693792,
          1685184,
          1690752,
          1688160,
          1690912
        ],
        "applicable": true
      },
      {
        "kernel": "onpair_shmem_4tpt_split8read",
        "decode_ms": 0.906112,
        "decode_gib_s": 1015.4211587156284,
        "decode_ns_iters": [
          909696,
          908736,
          907712,
          906112,
          909376,
          908416,
          909536,
          908256,
          911680,
          912384,
          911232,
          910624,
          916128,
          908704,
          907840,
          907040,
          910208,
          908288,
          909824,
          908448,
          907168,
          907808,
          907168,
          906656,
          908256,
          907456,
          908736,
          910432,
          907584,
          907328
        ],
        "applicable": true
      },
      {
        "kernel": "onpair_shmem_4tpt_ldcs",
        "decode_ms": 0.90048,
        "decode_gib_s": 1021.7720515348876,
        "decode_ns_iters": [
          903488,
          904384,
          901984,
          905728,
          901952,
          902752,
          901184,
          904672,
          902976,
          903744,
          905568,
          903168,
          904832,
          902816,
          903840,
          905888,
          904224,
          900992,
          904416,
          905696,
          904512,
          900480,
          904640,
          901856,
          902656,
          903040,
          908640,
          903456,
          904320,
          902208
        ],
        "applicable": true
      },
      {
        "kernel": "onpair_shmem_4tpt_lenbucket",
        "decode_ms": 0.0,
        "decode_gib_s": 0.0,
        "applicable": false,
        "reason": "length-bucket dict not built (set ONPAIR_DICT_REORDER=lenbucket)"
      },
      {
        "kernel": "onpair_shmem_4tpt_lenbucket_b128",
        "decode_ms": 0.0,
        "decode_gib_s": 0.0,
        "applicable": false,
        "reason": "length-bucket dict not built (set ONPAIR_DICT_REORDER=lenbucket)"
      },
      {
        "kernel": "onpair_shmem_4tpt_regcache",
        "decode_ms": 1.0064,
        "decode_gib_s": 914.2341980983064,
        "decode_ns_iters": [
          1009536,
          1010464,
          1009440,
          1007360,
          1008544,
          1006400,
          1017120,
          1010144,
          1008960,
          1008704,
          1008512,
          1010048,
          1011680,
          1009696,
          1006912,
          1016032,
          1009696,
          1008320,
          1009440,
          1008224,
          1008800,
          1007488,
          1007488,
          1009248,
          1007328,
          1016800,
          1010816,
          1010816,
          1008192,
          1008384
        ],
        "applicable": true
      },
      {
        "kernel": "onpair_shmem_4tpt_split4read",
        "decode_ms": 1.064256,
        "decode_gib_s": 864.5338123215987,
        "decode_ns_iters": [
          1067840,
          1068128,
          1068064,
          1064640,
          1065952,
          1071072,
          1068064,
          1066560,
          1066112,
          1069056,
          1066304,
          1074752,
          1067168,
          1065696,
          1065568,
          1065216,
          1066720,
          1071136,
          1065760,
          1066976,
          1064256,
          1067136,
          1067840,
          1074784,
          1068064,
          1067584,
          1067328,
          1068608,
          1067392,
          1074368
        ],
        "applicable": true
      },
      {
        "kernel": "onpair_shmem_4tpt_split4read_b128o12",
        "decode_ms": 1.066624,
        "decode_gib_s": 862.6144704845715,
        "decode_ns_iters": [
          1071168,
          1069536,
          1070304,
          1068064,
          1078784,
          1067584,
          1068960,
          1068576,
          1066624,
          1069632,
          1067904,
          1070048,
          1069568,
          1068640,
          1070208,
          1069120,
          1068800,
          1067584,
          1069056,
          1069280,
          1069696,
          1069504,
          1068352,
          1067392,
          1070368,
          1068480,
          1068512,
          1069312,
          1078208,
          1068960
        ],
        "applicable": true
      },
      {
        "kernel": "onpair_shmem_4tpt_cluster_dsmem",
        "decode_ms": 2.959552,
        "decode_gib_s": 310.8866804726308,
        "decode_ns_iters": [
          2989504,
          2996512,
          2972768,
          2964384,
          2973664,
          2959552,
          2972800,
          2987392,
          2966528,
          2969824,
          2994400,
          2969568,
          2994944,
          2973856,
          2980064,
          2973792,
          2975360,
          2987232,
          2971200,
          2961184,
          2964736,
          2974080,
          2966336,
          2972800,
          2986976,
          2970656,
          2968896,
          2971712,
          2973792,
          2974304
        ],
        "applicable": true
      },
      {
        "kernel": "onpair_shmem_8tpt",
        "decode_ms": 0.877024,
        "decode_gib_s": 1049.0993370376814,
        "decode_ns_iters": [
          882304,
          879552,
          880736,
          888480,
          880192,
          880352,
          879840,
          879200,
          880512,
          880352,
          880832,
          878784,
          879456,
          878496,
          878784,
          880896,
          877024,
          880992,
          877888,
          877632,
          884960,
          885152,
          887264,
          877760,
          881536,
          880256,
          881440,
          880928,
          881088,
          883296
        ],
        "applicable": true
      },
      {
        "kernel": "onpair_shmem_8tpt_b128",
        "decode_ms": 0.881344,
        "decode_gib_s": 1043.957066668787,
        "decode_ns_iters": [
          882400,
          883904,
          882752,
          882752,
          882368,
          883136,
          882880,
          889504,
          889792,
          888384,
          891040,
          888864,
          889728,
          890624,
          882144,
          884160,
          881344,
          883264,
          882304,
          881728,
          881536,
          884704,
          884896,
          882368,
          882752,
          883360,
          883136,
          882976,
          884160,
          885728
        ],
        "applicable": true
      },
      {
        "kernel": "onpair_shmem_4tpt_vwidth",
        "decode_ms": 2.669152,
        "decode_gib_s": 344.7107159750121,
        "decode_ns_iters": [
          2673440,
          2671584,
          2677664,
          2670912,
          2672608,
          2672256,
          2670752,
          2672608,
          2671712,
          2673568,
          2672320,
          2671840,
          2673376,
          2673088,
          2669568,
          2678368,
          2671456,
          2671552,
          2670112,
          2670400,
          2673216,
          2671552,
          2669152,
          2670464,
          2671712,
          2672032,
          2671168,
          2672896,
          2676288,
          2672480
        ],
        "applicable": true
      },
      {
        "kernel": "onpair_shmem_4tpt_vwidth_b128",
        "decode_ms": 3.22528,
        "decode_gib_s": 285.2729986128756,
        "decode_ns_iters": [
          3232288,
          3239616,
          3227264,
          3225696,
          3225280,
          3225632,
          3231648,
          3232512,
          3228576,
          3231648,
          3225408,
          3231552,
          3227648,
          3228256,
          3226592,
          3229504,
          3233344,
          3230464,
          3231072,
          3232256,
          3231968,
          3230208,
          3232032,
          3232384,
          3232768,
          3228864,
          3234528,
          3226080,
          3226432,
          3230688
        ],
        "applicable": true
      },
      {
        "kernel": "onpair_shmem_4tpt_vwidth4",
        "decode_ms": 1.116928,
        "decode_gib_s": 823.7641969456721,
        "decode_ns_iters": [
          1118432,
          1120352,
          1123104,
          1123168,
          1126656,
          1123200,
          1120896,
          1121504,
          1123552,
          1120544,
          1129312,
          1120192,
          1120928,
          1131072,
          1120448,
          1117600,
          1122656,
          1123520,
          1122784,
          1119264,
          1121024,
          1121792,
          1120512,
          1120512,
          1116928,
          1124544,
          1122912,
          1129280,
          1124256,
          1118944
        ],
        "applicable": true
      },
      {
        "kernel": "onpair_shmem_4tpt_vwidth4_b128",
        "decode_ms": 0.943968,
        "decode_gib_s": 974.699668808832,
        "decode_ns_iters": [
          948704,
          948640,
          947520,
          948416,
          950400,
          948512,
          951552,
          950688,
          947008,
          948032,
          946560,
          946912,
          948864,
          949056,
          946976,
          945248,
          948192,
          946976,
          945696,
          949984,
          953504,
          951712,
          945024,
          945088,
          947104,
          945024,
          947264,
          945248,
          948608,
          943968
        ],
        "applicable": true
      },
      {
        "kernel": "onpair_shmem_4tpt_shdict8",
        "decode_ms": 1.339936,
        "decode_gib_s": 686.66361450557,
        "decode_ns_iters": [
          1355904,
          1351168,
          1361312,
          1349120,
          1342880,
          1346144,
          1349312,
          1348512,
          1348320,
          1342656,
          1341568,
          1339936,
          1345728,
          1353120,
          1350080,
          1346944,
          1349312,
          1356576,
          1351168,
          1346368,
          1359712,
          1350304,
          1346400,
          1347104,
          1347136,
          1343264,
          1343744,
          1350304,
          1341504,
          1343968
        ],
        "applicable": true
      },
      {
        "kernel": "onpair_shmem_4tpt_ablate",
        "decode_ms": 0.851552,
        "decode_gib_s": 1080.4804603431564,
        "decode_ns_iters": [
          853600,
          853824,
          853632,
          853248,
          853344,
          855456,
          854272,
          855200,
          853408,
          853824,
          854368,
          851552,
          852448,
          852640,
          853504,
          859200,
          862336,
          854176,
          854496,
          854848,
          855328,
          854208,
          853984,
          853696,
          856480,
          853056,
          856352,
          852160,
          852352,
          854720
        ],
        "applicable": true
      },
      {
        "kernel": "onpair_shmem_4tpt_ablate_nogather",
        "decode_ms": 0.695872,
        "decode_gib_s": 1322.2047976727551,
        "decode_ns_iters": [
          700320,
          708000,
          699456,
          700992,
          697152,
          697472,
          705760,
          696448,
          702912,
          697376,
          697632,
          697472,
          699104,
          699872,
          695872,
          697536,
          696320,
          696928,
          700704,
          696352,
          699008,
          697792,
          697984,
          697280,
          697920,
          705184,
          697568,
          698720,
          698208,
          697792
        ],
        "applicable": true
      },
      {
        "kernel": "onpair_shmem_4tpt_ablate_noemit",
        "decode_ms": 0.505216,
        "decode_gib_s": 1821.172126310599,
        "decode_ns_iters": [
          507936,
          507168,
          509824,
          509056,
          514592,
          506560,
          508512,
          508480,
          510560,
          517216,
          508224,
          506976,
          509344,
          510208,
          507136,
          505920,
          506560,
          506400,
          508960,
          507424,
          506560,
          506464,
          508608,
          506176,
          508704,
          505216,
          507392,
          508032,
          508864,
          516224
        ],
        "applicable": true
      },
      {
        "kernel": "onpair_shmem_4tpt_ablate_nodrain",
        "decode_ms": 0.749152,
        "decode_gib_s": 1228.1690457559152,
        "decode_ns_iters": [
          749568,
          752608,
          750144,
          751616,
          751168,
          749632,
          752096,
          750176,
          750624,
          749760,
          758400,
          751392,
          750784,
          751328,
          752544,
          749984,
          749664,
          750688,
          752352,
          750944,
          750528,
          750912,
          749152,
          759488,
          752896,
          754944,
          753088,
          752608,
          754400,
          753696
        ],
        "applicable": true
      },
      {
        "kernel": "onpair_shmem_4tpt_ablate_noscan",
        "decode_ms": 0.552352,
        "decode_gib_s": 1665.7589670466216,
        "decode_ns_iters": [
          554112,
          553792,
          560256,
          556160,
          558304,
          557568,
          552352,
          556992,
          555552,
          560192,
          553472,
          555264,
          557184,
          565760,
          567264,
          558560,
          568608,
          558208,
          558624,
          561056,
          558144,
          562208,
          568416,
          557312,
          556896,
          555808,
          556064,
          560000,
          561824,
          556224
        ],
        "applicable": true
      },
      {
        "kernel": "onpair_shmem_4tpt_ablate_cfree",
        "decode_ms": 0.657568,
        "decode_gib_s": 1399.224562275134,
        "decode_ns_iters": [
          667296,
          660672,
          661344,
          661248,
          664384,
          659296,
          661792,
          659552,
          658912,
          659008,
          661568,
          659200,
          661472,
          657568,
          661408,
          660544,
          662048,
          663072,
          658720,
          659456,
          659648,
          660384,
          659008,
          658848,
          658304,
          660512,
          659872,
          661120,
          659680,
          659008
        ],
        "applicable": true
      },
      {
        "kernel": "onpair_shmem_s8",
        "decode_ms": 0.0,
        "decode_gib_s": 0.0,
        "applicable": false,
        "reason": "dictionary entry longer than 8 bytes"
      },
      {
        "kernel": "onpair_shmem_s8_2tpt",
        "decode_ms": 0.0,
        "decode_gib_s": 0.0,
        "applicable": false,
        "reason": "dictionary entry longer than 8 bytes"
      },
      {
        "kernel": "onpair_shmem_s8_4tpt",
        "decode_ms": 0.0,
        "decode_gib_s": 0.0,
        "applicable": false,
        "reason": "dictionary entry longer than 8 bytes"
      },
      {
        "kernel": "onpair_shmem_s8_8tpt",
        "decode_ms": 0.0,
        "decode_gib_s": 0.0,
        "applicable": false,
        "reason": "dictionary entry longer than 8 bytes"
      },
      {
        "kernel": "onpair_shmem_s4l1",
        "decode_ms": 0.0,
        "decode_gib_s": 0.0,
        "applicable": false,
        "reason": "dictionary entry longer than 4 bytes"
      },
      {
        "kernel": "onpair_shmem_s4l1_2tpt",
        "decode_ms": 0.0,
        "decode_gib_s": 0.0,
        "applicable": false,
        "reason": "dictionary entry longer than 4 bytes"
      },
      {
        "kernel": "onpair_shmem_s4l1_4tpt",
        "decode_ms": 0.0,
        "decode_gib_s": 0.0,
        "applicable": false,
        "reason": "dictionary entry longer than 4 bytes"
      },
      {
        "kernel": "onpair_shmem_s4l1_8tpt",
        "decode_ms": 0.0,
        "decode_gib_s": 0.0,
        "applicable": false,
        "reason": "dictionary entry longer than 4 bytes"
      },
      {
        "kernel": "onpair_shmem_s4l1_16tpt",
        "decode_ms": 0.0,
        "decode_gib_s": 0.0,
        "applicable": false,
        "reason": "dictionary entry longer than 4 bytes"
      },
      {
        "kernel": "onpair_shmem_s4l1_32tpt",
        "decode_ms": 0.0,
        "decode_gib_s": 0.0,
        "applicable": false,
        "reason": "dictionary entry longer than 4 bytes"
      },
      {
        "kernel": "onpair_shmem_const1",
        "decode_ms": 0.0,
        "decode_gib_s": 0.0,
        "applicable": false,
        "reason": "not every dictionary entry is exactly 1 byte"
      },
      {
        "kernel": "onpair_shmem_const2",
        "decode_ms": 0.0,
        "decode_gib_s": 0.0,
        "applicable": false,
        "reason": "not every dictionary entry is exactly 2 bytes"
      }
    ]
  }
}
==PROF== Disconnected from process 18054
==PROF== Report: /home/ubuntu/work/ncu_costsurface_tpch-sf10_ps_comment_b12.ncu-rep
