==PROF== Connected to process 16004 (/home/ubuntu/work/target/release/onpair-chunk-bench)
2026-07-06T03:19:23.317917Z  INFO vortex_cuda: vortex-cuda/src/lib.rs:111: Registering CUDA kernels
==WARNING== Unable to access the following 6 metrics: ctc__rx_bytes_data_user.sum, ctc__rx_bytes_data_user.sum.pct_of_peak_sustained_elapsed, ctc__rx_bytes_data_user.sum.per_second, ctc__tx_bytes_data_user.sum, ctc__tx_bytes_data_user.sum.pct_of_peak_sustained_elapsed, ctc__tx_bytes_data_user.sum.per_second.


==PROF== Profiling "onpair_shmem_4tpt": 0%....50%....100% - 38 passes
==PROF== Profiling "onpair_shmem_4tpt": 0%....50%....100% - 38 passes
==PROF== Profiling "onpair_shmem_4tpt": 0%....50%....100% - 38 passes
==PROF== Profiling "onpair_shmem_4tpt": 0%....50%....100% - 38 passes
==PROF== Profiling "onpair_shmem_4tpt": 0%....50%....100% - 38 passes
==PROF== Profiling "onpair_shmem_4tpt": 0%....50%....100% - 38 passes
==PROF== Profiling "onpair_shmem_4tpt": 0%....50%....100% - 38 passes
==PROF== Profiling "onpair_shmem_4tpt": 0%....50%....100% - 38 passes
==PROF== Profiling "onpair_shmem_4tpt": 0%....50%....100% - 38 passes
==PROF== Profiling "onpair_shmem_4tpt": 0%....50%....100% - 38 passes
==PROF== Profiling "onpair_shmem_4tpt": 0%....50%....100% - 38 passes
==PROF== Profiling "onpair_shmem_4tpt": 0%....50%....100% - 38 passes
==PROF== Profiling "onpair_shmem_4tpt": 0%....50%....100% - 38 passes
==PROF== Profiling "onpair_shmem_4tpt": 0%....50%....100% - 38 passes
==PROF== Profiling "onpair_shmem_4tpt": 0%....50%....100% - 38 passes
==PROF== Profiling "onpair_shmem_4tpt": 0%....50%....100% - 38 passes
{
  "files": [
    "/home/ubuntu/work/vortex-bench/data/onpair-bench/tpch-sf10/l_comment/bits12_chunk10mb_thr0.20/part_0000.vortex"
  ],
  "column": "l_comment",
  "rows": 1886817,
  "in_memory_bytes": 12322103,
  "dict_bytes": 160193,
  "gpu": {
    "iterations": 30,
    "decoded_bytes": 49999995,
    "chunks": 5,
    "auto_kernel": "onpair_shmem_4tpt",
    "frac_le8": 0.58622533,
    "dict_mean_len": 7.624179,
    "dict_max_len": 16,
    "dict_entries_max": 4064,
    "small_dict": true,
    "distinct_codes": 3830,
    "access_top4096_frac": 1.0,
    "compressed_bytes": 13296602,
    "h2d_gib_s": 9.698102905600122,
    "whole_decompress_gib_s": 28.964300256180014,
    "best_kernel": "onpair_shmem_4tpt_regcache",
    "auto_decode_ms": 0.330816,
    "best_decode_ms": 0.307168,
    "validated": false,
    "auto_decode_gib_s": 140.76140233290124,
    "best_decode_gib_s": 151.59822661918253,
    "kernels": [
      {
        "kernel": "onpair_shmem",
        "decode_ms": 0.324384,
        "decode_gib_s": 143.55246890771755,
        "decode_ns_iters": [
          353408,
          355552,
          339072,
          342464,
          342080,
          338656,
          329792,
          335296,
          328576,
          326464,
          339648,
          337152,
          327168,
          330144,
          328256,
          341728,
          330368,
          336672,
          340128,
          324384,
          334816,
          327136,
          344864,
          328864,
          335040,
          326976,
          327072,
          329856,
          336480,
          327904
        ],
        "applicable": true
      },
      {
        "kernel": "onpair_shmem_2tpt",
        "decode_ms": 0.322688,
        "decode_gib_s": 144.30695927385295,
        "decode_ns_iters": [
          329408,
          343200,
          326048,
          325504,
          328896,
          339648,
          322688,
          342560,
          337568,
          324768,
          325952,
          323776,
          327200,
          325024,
          326272,
          325600,
          330272,
          337056,
          333792,
          329728,
          341152,
          337920,
          338944,
          324768,
          354240,
          353696,
          329632,
          333312,
          334048,
          335904
        ],
        "applicable": true
      },
      {
        "kernel": "onpair_shmem_4tpt",
        "decode_ms": 0.330816,
        "decode_gib_s": 140.76140233290124,
        "decode_ns_iters": [
          7844168066,
          1564461594,
          347392,
          351264,
          338976,
          345248,
          344416,
          343488,
          332064,
          350560,
          344384,
          335584,
          343424,
          345792,
          355424,
          337568,
          342400,
          345568,
          333152,
          336608,
          350528,
          333568,
          338528,
          330816,
          336928,
          332512,
          340128,
          342656,
          331744,
          333184
        ],
        "applicable": true
      },
      {
        "kernel": "onpair_shmem_4tpt_wpb8",
        "decode_ms": 0.321408,
        "decode_gib_s": 144.88165843464085,
        "decode_ns_iters": [
          331136,
          328992,
          328512,
          326848,
          333440,
          325248,
          338752,
          335520,
          326528,
          329088,
          333856,
          326432,
          337088,
          328160,
          330656,
          330720,
          332320,
          340160,
          328160,
          335072,
          339712,
          337280,
          330272,
          326848,
          327680,
          329856,
          331456,
          330368,
          321408,
          336992
        ],
        "applicable": true
      },
      {
        "kernel": "onpair_shmem_4tpt_wpb8_occ",
        "decode_ms": 0.314816,
        "decode_gib_s": 147.91536667183706,
        "decode_ns_iters": [
          328928,
          324064,
          327840,
          335904,
          325792,
          338848,
          340992,
          323968,
          327744,
          326112,
          329504,
          323520,
          324608,
          331168,
          316896,
          332832,
          315776,
          318176,
          319104,
          324832,
          321824,
          323904,
          333504,
          328192,
          315808,
          323168,
          314816,
          329568,
          325248,
          336576
        ],
        "applicable": true
      },
      {
        "kernel": "onpair_shmem_4tpt_b128",
        "decode_ms": 0.315808,
        "decode_gib_s": 147.45074245795246,
        "decode_ns_iters": [
          334080,
          330976,
          326560,
          328000,
          336064,
          333504,
          335072,
          347488,
          336640,
          331808,
          321696,
          333792,
          327104,
          339008,
          326816,
          324992,
          320096,
          329408,
          333344,
          342784,
          326976,
          335392,
          329760,
          326400,
          327328,
          330016,
          315808,
          326752,
          329632,
          323104
        ],
        "applicable": true
      },
      {
        "kernel": "onpair_shmem_4tpt_o6",
        "decode_ms": 0.31168,
        "decode_gib_s": 149.40363216812452,
        "decode_ns_iters": [
          326592,
          324032,
          322560,
          323296,
          333824,
          323200,
          333856,
          328352,
          317728,
          321984,
          328320,
          332608,
          321888,
          326112,
          322944,
          332736,
          326912,
          317248,
          322336,
          322112,
          313600,
          311680,
          322272,
          319744,
          316352,
          314656,
          325856,
          338144,
          335840,
          326464
        ],
        "applicable": true
      },
      {
        "kernel": "onpair_shmem_4tpt_b512o3",
        "decode_ms": 0.313568,
        "decode_gib_s": 148.50406952929205,
        "decode_ns_iters": [
          332160,
          338272,
          340960,
          341152,
          332288,
          337376,
          345184,
          338528,
          339680,
          343680,
          352960,
          325248,
          336384,
          330720,
          326272,
          322784,
          330144,
          322912,
          321536,
          326688,
          313568,
          317696,
          314656,
          333632,
          330208,
          334688,
          338208,
          326016,
          332032,
          330272
        ],
        "applicable": true
      },
      {
        "kernel": "onpair_shmem_4tpt_b128o12",
        "decode_ms": 0.32144,
        "decode_gib_s": 144.86723517347266,
        "decode_ns_iters": [
          324544,
          324768,
          326016,
          324736,
          336352,
          331776,
          324480,
          330784,
          337248,
          329760,
          333920,
          326816,
          331904,
          325280,
          338912,
          334304,
          324576,
          332384,
          327680,
          332416,
          328672,
          329056,
          321440,
          329920,
          337216,
          337824,
          327488,
          336192,
          326848,
          330528
        ],
        "applicable": true
      },
      {
        "kernel": "onpair_shmem_4tpt_b64",
        "decode_ms": 0.315936,
        "decode_gib_s": 147.39100347589718,
        "decode_ns_iters": [
          338208,
          336928,
          327232,
          323936,
          331584,
          315936,
          326112,
          328864,
          329120,
          323776,
          329952,
          323008,
          325856,
          331072,
          335136,
          330176,
          332832,
          331520,
          327200,
          339552,
          339616,
          331520,
          323360,
          327488,
          326432,
          320992,
          338304,
          345440,
          333440,
          322592
        ],
        "applicable": true
      },
      {
        "kernel": "onpair_shmem_4tpt_b64o24",
        "decode_ms": 0.316512,
        "decode_gib_s": 147.12277599004477,
        "decode_ns_iters": [
          322912,
          319552,
          330432,
          318720,
          316512,
          320256,
          326144,
          324736,
          337312,
          318144,
          321600,
          324416,
          327648,
          325376,
          327392,
          328608,
          325984,
          325664,
          340480,
          333600,
          324864,
          337504,
          331680,
          331424,
          333664,
          328256,
          332192,
          328128,
          335968,
          335936
        ],
        "applicable": true
      },
      {
        "kernel": "onpair_shmem_4tpt_split8read_b128o12",
        "decode_ms": 0.324704,
        "decode_gib_s": 143.41099608924145,
        "decode_ns_iters": [
          336448,
          338624,
          336800,
          329536,
          329824,
          332736,
          329856,
          338272,
          336064,
          354240,
          334240,
          325408,
          327936,
          344672,
          337824,
          332832,
          331520,
          329568,
          330432,
          331840,
          326944,
          330560,
          339424,
          338112,
          328512,
          329504,
          325120,
          324704,
          325760,
          344960
        ],
        "applicable": true
      },
      {
        "kernel": "onpair_shmem_4tpt_split8read_occ",
        "decode_ms": 0.325344,
        "decode_gib_s": 143.12888534646726,
        "decode_ns_iters": [
          343104,
          337184,
          334528,
          332736,
          341888,
          338464,
          338912,
          329248,
          340736,
          329120,
          331584,
          333408,
          337344,
          341888,
          326048,
          329600,
          335552,
          338336,
          339936,
          336832,
          342496,
          336448,
          331232,
          329792,
          328416,
          325344,
          338080,
          361600,
          331808,
          351296
        ],
        "applicable": true
      },
      {
        "kernel": "onpair_shmem_4tpt_split8",
        "decode_ms": 0.327552,
        "decode_gib_s": 142.16406577936039,
        "decode_ns_iters": [
          340704,
          340224,
          343200,
          342304,
          336928,
          334816,
          334112,
          333632,
          336448,
          332800,
          334688,
          333920,
          330112,
          342816,
          343520,
          337856,
          331872,
          340000,
          327552,
          330176,
          338208,
          333088,
          328096,
          335776,
          330656,
          338912,
          333792,
          336896,
          340704,
          332768
        ],
        "applicable": true
      },
      {
        "kernel": "onpair_shmem_4tpt_split8_wpb8",
        "decode_ms": 0.321952,
        "decode_gib_s": 144.63685292888707,
        "decode_ns_iters": [
          330080,
          335488,
          327712,
          340288,
          337632,
          334016,
          337760,
          346912,
          327712,
          332544,
          339136,
          333248,
          336288,
          335456,
          331808,
          331840,
          335488,
          341120,
          343008,
          331744,
          339904,
          364608,
          345728,
          339680,
          335584,
          322976,
          336448,
          325056,
          330400,
          321952
        ],
        "applicable": true
      },
      {
        "kernel": "onpair_shmem_4tpt_split8_wpb8_occ",
        "decode_ms": 0.320704,
        "decode_gib_s": 145.19969839528366,
        "decode_ns_iters": [
          337696,
          320704,
          338624,
          325856,
          322944,
          330592,
          329952,
          325280,
          325504,
          323264,
          328192,
          332704,
          334688,
          334752,
          330784,
          332032,
          336768,
          329600,
          331200,
          334368,
          340896,
          345440,
          338080,
          336800,
          327680,
          340864,
          342496,
          329216,
          334688,
          342048
        ],
        "applicable": true
      },
      {
        "kernel": "onpair_shmem_4tpt_pdict",
        "decode_ms": 0.343712,
        "decode_gib_s": 135.4800649210998,
        "decode_ns_iters": [
          377024,
          375360,
          364960,
          351808,
          354784,
          343712,
          373568,
          369664,
          372128,
          367840,
          365536,
          364000,
          365504,
          372128,
          367840,
          368064,
          371712,
          374208,
          364896,
          364000,
          375104,
          369152,
          374656,
          365952,
          364736,
          376832,
          372576,
          370816,
          371744,
          368192
        ],
        "applicable": true
      },
      {
        "kernel": "onpair_shmem_4tpt_vdict",
        "decode_ms": 0.36256,
        "decode_gib_s": 128.43701476765514,
        "decode_ns_iters": [
          374656,
          372512,
          373408,
          363872,
          363808,
          371488,
          376992,
          362560,
          366176,
          381216,
          379680,
          381888,
          383616,
          380064,
          367392,
          366816,
          385408,
          368736,
          374784,
          368896,
          367616,
          377120,
          374368,
          372800,
          370272,
          373280,
          373696,
          372992,
          372512,
          373056
        ],
        "applicable": true
      },
      {
        "kernel": "onpair_shmem_4tpt_split8read",
        "decode_ms": 0.330176,
        "decode_gib_s": 141.03424862546353,
        "decode_ns_iters": [
          333024,
          336704,
          330976,
          331424,
          330176,
          331648,
          342176,
          341536,
          332320,
          330912,
          334400,
          342400,
          337216,
          340512,
          340320,
          330912,
          332384,
          351104,
          337152,
          334304,
          344224,
          334848,
          339104,
          332512,
          338720,
          333952,
          341696,
          332448,
          334912,
          334656
        ],
        "applicable": true
      },
      {
        "kernel": "onpair_shmem_4tpt_ldcs",
        "decode_ms": 0.32464,
        "decode_gib_s": 143.4392683408115,
        "decode_ns_iters": [
          329504,
          344544,
          330208,
          324640,
          330784,
          327936,
          335456,
          332288,
          337568,
          334400,
          326336,
          331104,
          335776,
          324992,
          326368,
          335680,
          325440,
          337664,
          346368,
          332288,
          328288,
          326528,
          329760,
          331520,
          332832,
          332576,
          324896,
          337056,
          334528,
          346208
        ],
        "applicable": true
      },
      {
        "kernel": "onpair_shmem_4tpt_lenbucket",
        "decode_ms": 0.0,
        "decode_gib_s": 0.0,
        "applicable": false,
        "reason": "length-bucket dict not built (set ONPAIR_DICT_REORDER=lenbucket)"
      },
      {
        "kernel": "onpair_shmem_4tpt_lenbucket_b128",
        "decode_ms": 0.0,
        "decode_gib_s": 0.0,
        "applicable": false,
        "reason": "length-bucket dict not built (set ONPAIR_DICT_REORDER=lenbucket)"
      },
      {
        "kernel": "onpair_shmem_4tpt_regcache",
        "decode_ms": 0.307168,
        "decode_gib_s": 151.59822661918253,
        "decode_ns_iters": [
          333248,
          333920,
          330112,
          334400,
          338240,
          321056,
          324832,
          331744,
          347136,
          328704,
          324864,
          327488,
          307200,
          307424,
          319520,
          315360,
          308512,
          308096,
          318528,
          314432,
          313792,
          307168,
          312672,
          318592,
          322368,
          328544,
          333856,
          332800,
          331360,
          332960
        ],
        "applicable": true
      },
      {
        "kernel": "onpair_shmem_4tpt_split4read",
        "decode_ms": 0.333856,
        "decode_gib_s": 139.47966810289782,
        "decode_ns_iters": [
          337440,
          344224,
          339968,
          346816,
          335168,
          341824,
          342208,
          334432,
          340224,
          344928,
          344192,
          338656,
          356576,
          339456,
          345312,
          333856,
          344544,
          342624,
          340864,
          338784,
          346592,
          347104,
          337600,
          336256,
          343296,
          343456,
          361664,
          341120,
          339392,
          337472
        ],
        "applicable": true
      },
      {
        "kernel": "onpair_shmem_4tpt_split4read_b128o12",
        "decode_ms": 0.328864,
        "decode_gib_s": 141.59690350467383,
        "decode_ns_iters": [
          338400,
          328864,
          337888,
          341280,
          341600,
          333728,
          332960,
          332992,
          341408,
          338016,
          350144,
          340448,
          345952,
          340000,
          341728,
          357248,
          336736,
          332800,
          334432,
          336832,
          345792,
          341600,
          341728,
          336832,
          336672,
          331328,
          349344,
          336416,
          334496,
          335456
        ],
        "applicable": true
      },
      {
        "kernel": "onpair_shmem_4tpt_cluster_dsmem",
        "decode_ms": 0.451584,
        "decode_gib_s": 103.11730281445102,
        "decode_ns_iters": [
          464416,
          464064,
          461184,
          457312,
          460448,
          464864,
          454560,
          453728,
          455520,
          456896,
          455648,
          455808,
          456896,
          461504,
          460416,
          459040,
          465824,
          455392,
          452672,
          457664,
          462528,
          456192,
          454912,
          462400,
          472032,
          461888,
          452448,
          455232,
          458912,
          451584
        ],
        "applicable": true
      },
      {
        "kernel": "onpair_shmem_8tpt",
        "decode_ms": 0.313472,
        "decode_gib_s": 148.5495485215938,
        "decode_ns_iters": [
          328288,
          326240,
          326048,
          325536,
          325472,
          333248,
          321856,
          337344,
          336160,
          340160,
          329408,
          328160,
          327136,
          339872,
          324512,
          328992,
          317760,
          325024,
          315776,
          313472,
          322432,
          338048,
          332608,
          331712,
          321920,
          326304,
          326016,
          329152,
          338432,
          327104
        ],
        "applicable": true
      },
      {
        "kernel": "onpair_shmem_8tpt_b128",
        "decode_ms": 0.322656,
        "decode_gib_s": 144.32127118095138,
        "decode_ns_iters": [
          342464,
          332800,
          323552,
          332512,
          327520,
          332224,
          324960,
          322656,
          334208,
          324288,
          345056,
          338080,
          324448,
          327072,
          324256,
          324000,
          330912,
          338656,
          332000,
          335232,
          332928,
          326688,
          348832,
          331904,
          326592,
          324448,
          327872,
          336768,
          334816,
          326464
        ],
        "applicable": true
      },
      {
        "kernel": "onpair_shmem_4tpt_vwidth",
        "decode_ms": 0.44576,
        "decode_gib_s": 104.4645640572529,
        "decode_ns_iters": [
          447744,
          448480,
          451328,
          460032,
          454304,
          452384,
          455776,
          456160,
          459744,
          456192,
          457024,
          454336,
          454272,
          456928,
          456416,
          455808,
          454656,
          455648,
          453760,
          452128,
          454624,
          464192,
          453600,
          455584,
          455296,
          457600,
          445760,
          452064,
          449088,
          445792
        ],
        "applicable": true
      },
      {
        "kernel": "onpair_shmem_4tpt_vwidth_b128",
        "decode_ms": 0.508672,
        "decode_gib_s": 91.54450033452018,
        "decode_ns_iters": [
          520320,
          508960,
          510848,
          515616,
          530208,
          527584,
          517856,
          519744,
          520096,
          521568,
          518720,
          521536,
          521408,
          526848,
          516832,
          515200,
          516736,
          510368,
          510720,
          516096,
          508672,
          512576,
          514112,
          511456,
          519648,
          513152,
          510304,
          529184,
          510528,
          513248
        ],
        "applicable": true
      },
      {
        "kernel": "onpair_shmem_4tpt_vwidth4",
        "decode_ms": 0.332352,
        "decode_gib_s": 140.11085859017263,
        "decode_ns_iters": [
          351008,
          337888,
          335840,
          335744,
          335424,
          341472,
          344416,
          332832,
          347520,
          342656,
          343936,
          338336,
          337664,
          335200,
          345792,
          340416,
          339936,
          336672,
          342112,
          342144,
          332352,
          338336,
          349536,
          336640,
          340512,
          340480,
          342432,
          339552,
          344352,
          350976
        ],
        "applicable": true
      },
      {
        "kernel": "onpair_shmem_4tpt_vwidth4_b128",
        "decode_ms": 0.327136,
        "decode_gib_s": 142.34484762961293,
        "decode_ns_iters": [
          340480,
          344192,
          347200,
          343136,
          329536,
          342112,
          348000,
          332672,
          351552,
          347296,
          344512,
          337504,
          360608,
          335008,
          332480,
          333728,
          332416,
          332608,
          327136,
          330592,
          332160,
          338016,
          337312,
          338400,
          329568,
          340608,
          345632,
          344928,
          330784,
          342080
        ],
        "applicable": true
      },
      {
        "kernel": "onpair_shmem_4tpt_shdict8",
        "decode_ms": 0.3656,
        "decode_gib_s": 127.36904834289129,
        "decode_ns_iters": [
          365600,
          404640,
          373184,
          369696,
          373600,
          372224,
          376576,
          372896,
          373120,
          374240,
          376096,
          379648,
          369632,
          372480,
          373376,
          367072,
          366912,
          371360,
          368608,
          370048,
          371776,
          368256,
          368320,
          369888,
          375072,
          378432,
          374112,
          373440,
          371904,
          366080
        ],
        "applicable": true
      },
      {
        "kernel": "onpair_shmem_4tpt_ablate",
        "decode_ms": 0.323776,
        "decode_gib_s": 143.82203768704613,
        "decode_ns_iters": [
          344800,
          324128,
          327168,
          345984,
          337536,
          329920,
          335776,
          332192,
          328032,
          336960,
          337728,
          325728,
          326464,
          336384,
          352352,
          323776,
          334368,
          336000,
          331712,
          328416,
          341024,
          327104,
          324992,
          327232,
          334560,
          331328,
          338784,
          335552,
          344736,
          334976
        ],
        "applicable": true
      },
      {
        "kernel": "onpair_shmem_4tpt_ablate_nogather",
        "decode_ms": 0.320704,
        "decode_gib_s": 145.19969839528366,
        "decode_ns_iters": [
          334240,
          320704,
          337248,
          327456,
          330304,
          334880,
          334176,
          325408,
          328736,
          340288,
          331584,
          323616,
          342880,
          338336,
          332608,
          322048,
          360160,
          334784,
          336576,
          322016,
          333856,
          334528,
          327648,
          327744,
          335424,
          324192,
          336384,
          337568,
          323072,
          330912
        ],
        "applicable": true
      },
      {
        "kernel": "onpair_shmem_4tpt_ablate_noemit",
        "decode_ms": 0.323936,
        "decode_gib_s": 143.75100042650726,
        "decode_ns_iters": [
          335552,
          335296,
          342304,
          332224,
          332320,
          329952,
          340672,
          331584,
          338816,
          333504,
          323936,
          332544,
          340704,
          337632,
          327808,
          330080,
          327680,
          333152,
          327808,
          332768,
          338208,
          326336,
          333824,
          347680,
          328768,
          332224,
          330080,
          327968,
          328800,
          338304
        ],
        "applicable": true
      },
      {
        "kernel": "onpair_shmem_4tpt_ablate_nodrain",
        "decode_ms": 0.324768,
        "decode_gib_s": 143.38273498054318,
        "decode_ns_iters": [
          334528,
          334176,
          338112,
          331008,
          341824,
          334240,
          333888,
          328512,
          332448,
          336032,
          335552,
          340672,
          340288,
          340832,
          332832,
          326368,
          324768,
          328832,
          333632,
          336576,
          335232,
          337824,
          335776,
          328160,
          327968,
          331040,
          334048,
          332576,
          343456,
          340576
        ],
        "applicable": true
      },
      {
        "kernel": "onpair_shmem_4tpt_ablate_noscan",
        "decode_ms": 0.314272,
        "decode_gib_s": 148.17140589731522,
        "decode_ns_iters": [
          329792,
          333216,
          326464,
          326592,
          336704,
          325376,
          329408,
          329120,
          342048,
          328000,
          326688,
          321408,
          324672,
          328608,
          329344,
          332640,
          326528,
          337376,
          323296,
          327136,
          334816,
          328736,
          322144,
          328736,
          337760,
          324096,
          320544,
          337696,
          321856,
          314272
        ],
        "applicable": true
      },
      {
        "kernel": "onpair_shmem_4tpt_ablate_cfree",
        "decode_ms": 0.327456,
        "decode_gib_s": 142.2057438989087,
        "decode_ns_iters": [
          334016,
          334464,
          330976,
          337216,
          334592,
          332416,
          359392,
          338112,
          328736,
          331488,
          333056,
          331488,
          331264,
          332032,
          344160,
          327456,
          341376,
          343456,
          341312,
          340320,
          339456,
          338656,
          336512,
          354560,
          348672,
          333952,
          354784,
          347968,
          348608,
          344800
        ],
        "applicable": true
      },
      {
        "kernel": "onpair_shmem_s8",
        "decode_ms": 0.0,
        "decode_gib_s": 0.0,
        "applicable": false,
        "reason": "dictionary entry longer than 8 bytes"
      },
      {
        "kernel": "onpair_shmem_s8_2tpt",
        "decode_ms": 0.0,
        "decode_gib_s": 0.0,
        "applicable": false,
        "reason": "dictionary entry longer than 8 bytes"
      },
      {
        "kernel": "onpair_shmem_s8_4tpt",
        "decode_ms": 0.0,
        "decode_gib_s": 0.0,
        "applicable": false,
        "reason": "dictionary entry longer than 8 bytes"
      },
      {
        "kernel": "onpair_shmem_s8_8tpt",
        "decode_ms": 0.0,
        "decode_gib_s": 0.0,
        "applicable": false,
        "reason": "dictionary entry longer than 8 bytes"
      },
      {
        "kernel": "onpair_shmem_s4l1",
        "decode_ms": 0.0,
        "decode_gib_s": 0.0,
        "applicable": false,
        "reason": "dictionary entry longer than 4 bytes"
      },
      {
        "kernel": "onpair_shmem_s4l1_2tpt",
        "decode_ms": 0.0,
        "decode_gib_s": 0.0,
        "applicable": false,
        "reason": "dictionary entry longer than 4 bytes"
      },
      {
        "kernel": "onpair_shmem_s4l1_4tpt",
        "decode_ms": 0.0,
        "decode_gib_s": 0.0,
        "applicable": false,
        "reason": "dictionary entry longer than 4 bytes"
      },
      {
        "kernel": "onpair_shmem_s4l1_8tpt",
        "decode_ms": 0.0,
        "decode_gib_s": 0.0,
        "applicable": false,
        "reason": "dictionary entry longer than 4 bytes"
      },
      {
        "kernel": "onpair_shmem_s4l1_16tpt",
        "decode_ms": 0.0,
        "decode_gib_s": 0.0,
        "applicable": false,
        "reason": "dictionary entry longer than 4 bytes"
      },
      {
        "kernel": "onpair_shmem_s4l1_32tpt",
        "decode_ms": 0.0,
        "decode_gib_s": 0.0,
        "applicable": false,
        "reason": "dictionary entry longer than 4 bytes"
      },
      {
        "kernel": "onpair_shmem_const1",
        "decode_ms": 0.0,
        "decode_gib_s": 0.0,
        "applicable": false,
        "reason": "not every dictionary entry is exactly 1 byte"
      },
      {
        "kernel": "onpair_shmem_const2",
        "decode_ms": 0.0,
        "decode_gib_s": 0.0,
        "applicable": false,
        "reason": "not every dictionary entry is exactly 2 bytes"
      }
    ]
  }
}
==PROF== Disconnected from process 16004
==PROF== Report: /home/ubuntu/work/ncu_costsurface_tpch-sf10_l_comment_b12.ncu-rep
