==PROF== Connected to process 21069 (/home/ubuntu/work/target/release/onpair-chunk-bench)
2026-07-06T03:24:53.402986Z  INFO vortex_cuda: vortex-cuda/src/lib.rs:111: Registering CUDA kernels
==WARNING== Unable to access the following 6 metrics: ctc__rx_bytes_data_user.sum, ctc__rx_bytes_data_user.sum.pct_of_peak_sustained_elapsed, ctc__rx_bytes_data_user.sum.per_second, ctc__tx_bytes_data_user.sum, ctc__tx_bytes_data_user.sum.pct_of_peak_sustained_elapsed, ctc__tx_bytes_data_user.sum.per_second.


==PROF== Profiling "onpair_shmem_4tpt": 0%....50%....100% - 38 passes
==PROF== Profiling "onpair_shmem_4tpt": 0%....50%....100% - 38 passes
==PROF== Profiling "onpair_shmem_4tpt": 0%....50%....100% - 38 passes
==PROF== Profiling "onpair_shmem_4tpt": 0%....50%....100% - 38 passes
==PROF== Profiling "onpair_shmem_4tpt": 0%....50%....100% - 38 passes
==PROF== Profiling "onpair_shmem_4tpt": 0%....50%....100% - 38 passes
==PROF== Profiling "onpair_shmem_4tpt": 0%....50%....100% - 38 passes
==PROF== Profiling "onpair_shmem_4tpt": 0%....50%....100% - 38 passes
==PROF== Profiling "onpair_shmem_4tpt": 0%....50%....100% - 38 passes
==PROF== Profiling "onpair_shmem_4tpt": 0%....50%....100% - 38 passes
==PROF== Profiling "onpair_shmem_4tpt": 0%....50%....100% - 38 passes
==PROF== Profiling "onpair_shmem_4tpt": 0%....50%....100% - 38 passes
==PROF== Profiling "onpair_shmem_4tpt": 0%....50%....100% - 38 passes
==PROF== Profiling "onpair_shmem_4tpt": 0%....50%....100% - 38 passes
==PROF== Profiling "onpair_shmem_4tpt": 0%....50%....100% - 38 passes
==PROF== Profiling "onpair_shmem_4tpt": 0%....50%....100% - 38 passes
{
  "files": [
    "/home/ubuntu/work/vortex-bench/data/onpair-bench/tpch-sf10/l_shipinstruct/bits16_chunk1000mb_thr0.20/part_0000.vortex"
  ],
  "column": "l_shipinstruct",
  "rows": 59986052,
  "in_memory_bytes": 64498914,
  "dict_bytes": 436,
  "gpu": {
    "iterations": 30,
    "decoded_bytes": 719788494,
    "chunks": 1,
    "auto_kernel": "onpair_shmem_4tpt",
    "frac_le8": 0.40003875,
    "dict_mean_len": 9.599654,
    "dict_max_len": 16,
    "dict_entries_max": 296,
    "small_dict": true,
    "distinct_codes": 5,
    "access_top4096_frac": 1.0,
    "compressed_bytes": 149962074,
    "h2d_gib_s": 9.412303311097707,
    "whole_decompress_gib_s": 43.332956830427904,
    "best_kernel": "onpair_shmem_8tpt_b128",
    "auto_decode_ms": 0.63152,
    "best_decode_ms": 0.545664,
    "validated": false,
    "auto_decode_gib_s": 1061.4949224263332,
    "best_decode_gib_s": 1228.512918958696,
    "kernels": [
      {
        "kernel": "onpair_shmem",
        "decode_ms": 0.792096,
        "decode_gib_s": 846.3055910024516,
        "decode_ns_iters": [
          798592,
          808032,
          812864,
          799040,
          800640,
          796192,
          796640,
          798112,
          796640,
          798592,
          796288,
          813376,
          800032,
          797760,
          797024,
          798208,
          796704,
          798080,
          795680,
          792608,
          798112,
          792096,
          796704,
          794208,
          796576,
          798112,
          794720,
          797376,
          797888,
          806816
        ],
        "applicable": true
      },
      {
        "kernel": "onpair_shmem_2tpt",
        "decode_ms": 0.605024,
        "decode_gib_s": 1107.9812923300199,
        "decode_ns_iters": [
          607744,
          609216,
          607616,
          606784,
          607456,
          605760,
          606048,
          609344,
          606016,
          606656,
          605280,
          607200,
          607264,
          607552,
          608192,
          606816,
          614144,
          607168,
          607968,
          606304,
          606496,
          607968,
          606688,
          607808,
          607648,
          607200,
          610848,
          605024,
          607008,
          607552
        ],
        "applicable": true
      },
      {
        "kernel": "onpair_shmem_4tpt",
        "decode_ms": 0.63152,
        "decode_gib_s": 1061.4949224263332,
        "decode_ns_iters": [
          1786070704,
          1789103270,
          1785823345,
          1793004394,
          1783267260,
          1794097424,
          1777060032,
          1807683349,
          1791300893,
          1807342172,
          1785472751,
          1763921738,
          1776968122,
          1790108085,
          702336,
          638752,
          712608,
          632640,
          632416,
          631520,
          631648,
          640000,
          640288,
          634176,
          634912,
          634944,
          632960,
          631904,
          632064,
          631520
        ],
        "applicable": true
      },
      {
        "kernel": "onpair_shmem_4tpt_wpb8",
        "decode_ms": 0.588576,
        "decode_gib_s": 1138.9442882663886,
        "decode_ns_iters": [
          592768,
          593792,
          593440,
          601056,
          593600,
          591872,
          592192,
          591136,
          590656,
          592736,
          590880,
          590432,
          589632,
          591552,
          591776,
          597824,
          592992,
          589824,
          598272,
          590432,
          589248,
          590720,
          588576,
          591520,
          592992,
          591840,
          590624,
          591808,
          591456,
          593312
        ],
        "applicable": true
      },
      {
        "kernel": "onpair_shmem_4tpt_wpb8_occ",
        "decode_ms": 0.58304,
        "decode_gib_s": 1149.7586330452077,
        "decode_ns_iters": [
          595264,
          586464,
          586560,
          593504,
          587360,
          585792,
          585888,
          585472,
          586528,
          585696,
          588128,
          583040,
          586400,
          588960,
          585504,
          588288,
          587904,
          586944,
          585568,
          587296,
          588128,
          586496,
          595008,
          585696,
          585952,
          593888,
          585792,
          584352,
          591392,
          585568
        ],
        "applicable": true
      },
      {
        "kernel": "onpair_shmem_4tpt_b128",
        "decode_ms": 0.578112,
        "decode_gib_s": 1159.5595203190348,
        "decode_ns_iters": [
          580736,
          583360,
          578112,
          579136,
          582976,
          583040,
          582432,
          591104,
          584096,
          580192,
          580064,
          579360,
          581632,
          584448,
          581152,
          582528,
          582624,
          581664,
          584384,
          583424,
          582368,
          581216,
          580960,
          580256,
          584160,
          588384,
          580512,
          581120,
          584000,
          579456
        ],
        "applicable": true
      },
      {
        "kernel": "onpair_shmem_4tpt_o6",
        "decode_ms": 0.577664,
        "decode_gib_s": 1160.4588020210329,
        "decode_ns_iters": [
          586720,
          578112,
          580544,
          584896,
          581600,
          578816,
          586208,
          581536,
          582464,
          585824,
          577856,
          577664,
          579648,
          581824,
          580608,
          579232,
          581248,
          580192,
          580192,
          580384,
          578720,
          580288,
          581248,
          580928,
          580512,
          578848,
          579520,
          578496,
          578016,
          578400
        ],
        "applicable": true
      },
      {
        "kernel": "onpair_shmem_4tpt_b512o3",
        "decode_ms": 0.574944,
        "decode_gib_s": 1165.94881138107,
        "decode_ns_iters": [
          574944,
          575456,
          576736,
          578368,
          577376,
          577792,
          576928,
          578400,
          577056,
          578464,
          578816,
          577440,
          580000,
          581568,
          579296,
          579680,
          579712,
          578400,
          579168,
          581408,
          580864,
          579936,
          580864,
          580096,
          580672,
          580928,
          578720,
          579808,
          579264,
          578048
        ],
        "applicable": true
      },
      {
        "kernel": "onpair_shmem_4tpt_b128o12",
        "decode_ms": 0.577024,
        "decode_gib_s": 1161.7459124935494,
        "decode_ns_iters": [
          578880,
          580384,
          583744,
          577248,
          578752,
          590752,
          580768,
          579232,
          584960,
          580992,
          581696,
          577952,
          581664,
          582624,
          582144,
          584576,
          583264,
          583616,
          582272,
          582976,
          581440,
          582944,
          584064,
          580512,
          580416,
          577856,
          580064,
          577024,
          578400,
          578080
        ],
        "applicable": true
      },
      {
        "kernel": "onpair_shmem_4tpt_b64",
        "decode_ms": 0.576416,
        "decode_gib_s": 1162.9713148328253,
        "decode_ns_iters": [
          580864,
          581248,
          582080,
          579968,
          579648,
          579680,
          579936,
          580928,
          588256,
          576992,
          577472,
          578176,
          581024,
          582592,
          595488,
          581312,
          581216,
          587072,
          579520,
          579584,
          584064,
          579168,
          581088,
          578016,
          580192,
          577984,
          576416,
          577280,
          581376,
          578432
        ],
        "applicable": true
      },
      {
        "kernel": "onpair_shmem_4tpt_b64o24",
        "decode_ms": 0.577184,
        "decode_gib_s": 1161.4238672774677,
        "decode_ns_iters": [
          577824,
          579008,
          578656,
          579392,
          579104,
          581440,
          580704,
          578208,
          580384,
          577504,
          577184,
          580832,
          578272,
          580800,
          579840,
          583296,
          579200,
          584288,
          578656,
          577664,
          583296,
          578016,
          583520,
          588224,
          579968,
          582656,
          586688,
          584064,
          578688,
          588000
        ],
        "applicable": true
      },
      {
        "kernel": "onpair_shmem_4tpt_split8read_b128o12",
        "decode_ms": 0.567552,
        "decode_gib_s": 1181.1345452234825,
        "decode_ns_iters": [
          572512,
          571296,
          572768,
          567552,
          569632,
          571808,
          569280,
          571584,
          571840,
          569504,
          568320,
          568992,
          569376,
          570560,
          573408,
          572960,
          570912,
          569664,
          570048,
          573184,
          573088,
          571616,
          571264,
          571936,
          571392,
          569600,
          573216,
          570048,
          572480,
          572320
        ],
        "applicable": true
      },
      {
        "kernel": "onpair_shmem_4tpt_split8read_occ",
        "decode_ms": 0.587296,
        "decode_gib_s": 1141.4265947847045,
        "decode_ns_iters": [
          591136,
          590944,
          594816,
          588512,
          589024,
          593760,
          590880,
          590432,
          588768,
          591648,
          597728,
          595872,
          597600,
          589120,
          592512,
          591360,
          591424,
          598464,
          588160,
          595616,
          601440,
          591744,
          590912,
          597536,
          588192,
          596832,
          600448,
          587296,
          591584,
          598464
        ],
        "applicable": true
      },
      {
        "kernel": "onpair_shmem_4tpt_split8",
        "decode_ms": 0.668544,
        "decode_gib_s": 1002.7092807813367,
        "decode_ns_iters": [
          673952,
          675264,
          671328,
          671840,
          672256,
          671168,
          678368,
          673760,
          671296,
          670272,
          671328,
          671776,
          678144,
          673088,
          671520,
          670400,
          671328,
          673312,
          672576,
          669600,
          673376,
          669248,
          672992,
          670400,
          668544,
          672416,
          677184,
          670304,
          672672,
          677408
        ],
        "applicable": true
      },
      {
        "kernel": "onpair_shmem_4tpt_split8_wpb8",
        "decode_ms": 0.662336,
        "decode_gib_s": 1012.1075608311761,
        "decode_ns_iters": [
          665408,
          664192,
          663168,
          664064,
          662336,
          663808,
          664320,
          662720,
          664864,
          665632,
          666880,
          676640,
          665376,
          663520,
          665600,
          670624,
          663520,
          663808,
          663264,
          666016,
          664512,
          668096,
          664800,
          664544,
          664576,
          665536,
          664800,
          666528,
          664608,
          665984
        ],
        "applicable": true
      },
      {
        "kernel": "onpair_shmem_4tpt_split8_wpb8_occ",
        "decode_ms": 0.655392,
        "decode_gib_s": 1022.8310284694929,
        "decode_ns_iters": [
          655392,
          669152,
          663168,
          663232,
          662688,
          661600,
          663136,
          662464,
          661472,
          661344,
          658880,
          659136,
          657216,
          659616,
          658144,
          660832,
          658560,
          659616,
          659296,
          660192,
          659072,
          659296,
          659552,
          658656,
          659648,
          657824,
          664000,
          657440,
          658368,
          660128
        ],
        "applicable": true
      },
      {
        "kernel": "onpair_shmem_4tpt_pdict",
        "decode_ms": 0.760096,
        "decode_gib_s": 881.93501006541,
        "decode_ns_iters": [
          765824,
          763936,
          768928,
          764768,
          762816,
          760192,
          761248,
          770880,
          763744,
          761376,
          761600,
          763008,
          764960,
          762912,
          776000,
          763232,
          762528,
          765088,
          764640,
          762112,
          762080,
          764576,
          761024,
          763296,
          762336,
          762656,
          761888,
          761152,
          763136,
          760096
        ],
        "applicable": true
      },
      {
        "kernel": "onpair_shmem_4tpt_vdict",
        "decode_ms": 1.090752,
        "decode_gib_s": 614.5808335998265,
        "decode_ns_iters": [
          1121952,
          1119936,
          1120608,
          1125632,
          1122752,
          1122880,
          1121632,
          1117536,
          1119296,
          1122176,
          1122592,
          1124096,
          1122336,
          1120704,
          1118176,
          1122848,
          1119648,
          1126528,
          1120544,
          1122912,
          1129536,
          1122592,
          1121792,
          1118464,
          1118208,
          1135456,
          1093824,
          1092992,
          1090752,
          1108960
        ],
        "applicable": true
      },
      {
        "kernel": "onpair_shmem_4tpt_split8read",
        "decode_ms": 0.57168,
        "decode_gib_s": 1172.6057819246396,
        "decode_ns_iters": [
          577824,
          578624,
          577312,
          574464,
          582016,
          577824,
          581216,
          585696,
          577376,
          578368,
          590912,
          580064,
          585920,
          581408,
          575552,
          574560,
          579744,
          576384,
          577536,
          575968,
          573952,
          577056,
          571680,
          574048,
          576768,
          574624,
          575392,
          577856,
          574656,
          577472
        ],
        "applicable": true
      },
      {
        "kernel": "onpair_shmem_4tpt_ldcs",
        "decode_ms": 0.606944,
        "decode_gib_s": 1104.4763164487629,
        "decode_ns_iters": [
          610272,
          607392,
          609920,
          610592,
          610144,
          616288,
          610080,
          608640,
          609088,
          611232,
          612800,
          610592,
          620704,
          611936,
          664608,
          614752,
          613472,
          612416,
          608160,
          609408,
          607040,
          607456,
          608864,
          611520,
          613824,
          610528,
          611488,
          608608,
          606944,
          609728
        ],
        "applicable": true
      },
      {
        "kernel": "onpair_shmem_4tpt_lenbucket",
        "decode_ms": 0.0,
        "decode_gib_s": 0.0,
        "applicable": false,
        "reason": "length-bucket dict not built (set ONPAIR_DICT_REORDER=lenbucket)"
      },
      {
        "kernel": "onpair_shmem_4tpt_lenbucket_b128",
        "decode_ms": 0.0,
        "decode_gib_s": 0.0,
        "applicable": false,
        "reason": "length-bucket dict not built (set ONPAIR_DICT_REORDER=lenbucket)"
      },
      {
        "kernel": "onpair_shmem_4tpt_regcache",
        "decode_ms": 0.699776,
        "decode_gib_s": 957.9569368064609,
        "decode_ns_iters": [
          700992,
          719616,
          702848,
          700224,
          703264,
          703168,
          710464,
          703392,
          701728,
          701024,
          699776,
          702176,
          701120,
          702528,
          700416,
          704000,
          704448,
          703808,
          702144,
          702848,
          703872,
          702976,
          701216,
          705888,
          700960,
          701280,
          700992,
          700672,
          702656,
          700608
        ],
        "applicable": true
      },
      {
        "kernel": "onpair_shmem_4tpt_split4read",
        "decode_ms": 0.59312,
        "decode_gib_s": 1130.2186293004418,
        "decode_ns_iters": [
          599264,
          599072,
          597792,
          597696,
          609056,
          595328,
          596256,
          595904,
          596288,
          597088,
          595904,
          604352,
          597664,
          599072,
          607072,
          598624,
          600032,
          600160,
          596480,
          593120,
          595712,
          606144,
          596416,
          597088,
          594752,
          600192,
          599776,
          596608,
          600000,
          599712
        ],
        "applicable": true
      },
      {
        "kernel": "onpair_shmem_4tpt_split4read_b128o12",
        "decode_ms": 0.55264,
        "decode_gib_s": 1213.005344185506,
        "decode_ns_iters": [
          556288,
          556960,
          555776,
          554880,
          555712,
          558912,
          555552,
          556960,
          554080,
          554176,
          553440,
          556416,
          554336,
          555072,
          554912,
          555008,
          552640,
          557888,
          554464,
          553216,
          555360,
          555296,
          555520,
          557568,
          556480,
          555104,
          557664,
          555520,
          562208,
          555040
        ],
        "applicable": true
      },
      {
        "kernel": "onpair_shmem_4tpt_cluster_dsmem",
        "decode_ms": 1.949984,
        "decode_gib_s": 343.77475579834396,
        "decode_ns_iters": [
          1980416,
          1976288,
          1975712,
          1981024,
          1993024,
          1988480,
          1989600,
          1985920,
          1990816,
          1978528,
          1977664,
          1983840,
          1972192,
          1985024,
          1980032,
          1986432,
          1949984,
          1993856,
          1994432,
          1980960,
          1987168,
          1984256,
          1983200,
          1975072,
          2005024,
          1983072,
          1980064,
          1952288,
          1988224,
          1975040
        ],
        "applicable": true
      },
      {
        "kernel": "onpair_shmem_8tpt",
        "decode_ms": 0.546752,
        "decode_gib_s": 1226.0682602179377,
        "decode_ns_iters": [
          550496,
          553152,
          549504,
          550624,
          555168,
          549952,
          547712,
          549888,
          550720,
          549600,
          549248,
          552096,
          553792,
          549248,
          548000,
          548384,
          552960,
          552320,
          548800,
          549536,
          550528,
          546752,
          549280,
          549888,
          558688,
          549728,
          549472,
          549184,
          547552,
          547904
        ],
        "applicable": true
      },
      {
        "kernel": "onpair_shmem_8tpt_b128",
        "decode_ms": 0.545664,
        "decode_gib_s": 1228.512918958696,
        "decode_ns_iters": [
          547968,
          549888,
          558944,
          549056,
          549056,
          549888,
          548000,
          550112,
          551296,
          548064,
          548352,
          546880,
          548096,
          550240,
          549600,
          548736,
          545664,
          547712,
          548128,
          555840,
          546976,
          551488,
          555136,
          546304,
          548128,
          546720,
          546016,
          548064,
          547328,
          547744
        ],
        "applicable": true
      },
      {
        "kernel": "onpair_shmem_4tpt_vwidth",
        "decode_ms": 0.977344,
        "decode_gib_s": 685.8949084566723,
        "decode_ns_iters": [
          978624,
          977504,
          981504,
          989440,
          977344,
          980864,
          980736,
          980096,
          979072,
          977856,
          978816,
          978432,
          978336,
          979392,
          978848,
          980096,
          977888,
          979072,
          978176,
          977728,
          977632,
          978624,
          979040,
          978624,
          979264,
          981184,
          978528,
          982144,
          989760,
          979136
        ],
        "applicable": true
      },
      {
        "kernel": "onpair_shmem_4tpt_vwidth_b128",
        "decode_ms": 2.152768,
        "decode_gib_s": 311.3922510046033,
        "decode_ns_iters": [
          2161920,
          2163776,
          2159264,
          2156576,
          2154880,
          2159936,
          2156224,
          2160608,
          2154240,
          2161472,
          2157376,
          2171712,
          2159424,
          2153120,
          2156160,
          2157504,
          2160256,
          2158784,
          2156064,
          2154144,
          2158816,
          2157216,
          2161184,
          2157408,
          2157792,
          2157952,
          2153440,
          2155904,
          2152768,
          2154496
        ],
        "applicable": true
      },
      {
        "kernel": "onpair_shmem_4tpt_vwidth4",
        "decode_ms": 0.745824,
        "decode_gib_s": 898.8116142825625,
        "decode_ns_iters": [
          763520,
          746912,
          751808,
          750368,
          749088,
          748128,
          751872,
          757664,
          749344,
          747072,
          747648,
          750016,
          748064,
          750560,
          759840,
          747264,
          748160,
          745824,
          747456,
          750560,
          747488,
          748384,
          748384,
          749056,
          750016,
          749664,
          746528,
          746688,
          751712,
          749216
        ],
        "applicable": true
      },
      {
        "kernel": "onpair_shmem_4tpt_vwidth4_b128",
        "decode_ms": 0.547936,
        "decode_gib_s": 1223.4189274124678,
        "decode_ns_iters": [
          552256,
          558432,
          550816,
          549600,
          552224,
          552256,
          549824,
          552832,
          549760,
          556064,
          549472,
          551520,
          553376,
          548928,
          549792,
          551584,
          548320,
          554976,
          553728,
          550944,
          553824,
          556544,
          547936,
          550720,
          558464,
          548320,
          552608,
          554080,
          552320,
          549888
        ],
        "applicable": true
      },
      {
        "kernel": "onpair_shmem_4tpt_shdict8",
        "decode_ms": 0.991616,
        "decode_gib_s": 676.023050667474,
        "decode_ns_iters": [
          998464,
          993536,
          995200,
          1000064,
          997664,
          1004352,
          996032,
          993920,
          998048,
          999328,
          999872,
          1000640,
          996128,
          994272,
          1001888,
          1002400,
          995584,
          995680,
          991616,
          998112,
          997440,
          1003648,
          998688,
          1000832,
          1000160,
          995488,
          995584,
          991936,
          994336,
          998720
        ],
        "applicable": true
      },
      {
        "kernel": "onpair_shmem_4tpt_ablate",
        "decode_ms": 0.549568,
        "decode_gib_s": 1219.7858561828164,
        "decode_ns_iters": [
          550112,
          549952,
          550688,
          550496,
          550240,
          549824,
          550496,
          551296,
          555488,
          554880,
          552480,
          553120,
          551552,
          551008,
          551488,
          551872,
          550752,
          552384,
          557312,
          551712,
          551968,
          563872,
          552000,
          554432,
          559264,
          551680,
          551616,
          549568,
          550656,
          552800
        ],
        "applicable": true
      },
      {
        "kernel": "onpair_shmem_4tpt_ablate_nogather",
        "decode_ms": 0.485024,
        "decode_gib_s": 1382.1074285203988,
        "decode_ns_iters": [
          487264,
          487776,
          487456,
          487840,
          489920,
          486528,
          494528,
          485920,
          488288,
          486880,
          487392,
          496384,
          487264,
          488864,
          488160,
          487808,
          488288,
          487296,
          488096,
          487424,
          488416,
          487040,
          487968,
          487584,
          486848,
          487008,
          485024,
          488192,
          492800,
          486496
        ],
        "applicable": true
      },
      {
        "kernel": "onpair_shmem_4tpt_ablate_noemit",
        "decode_ms": 0.366432,
        "decode_gib_s": 1829.4124787427897,
        "decode_ns_iters": [
          368768,
          371008,
          370272,
          369920,
          368672,
          369472,
          371488,
          371552,
          373120,
          369472,
          367936,
          369024,
          371840,
          371360,
          373248,
          369568,
          373280,
          367296,
          368224,
          367808,
          368064,
          366432,
          369248,
          367552,
          369216,
          371488,
          369728,
          368160,
          368384,
          366560
        ],
        "applicable": true
      },
      {
        "kernel": "onpair_shmem_4tpt_ablate_nodrain",
        "decode_ms": 0.491168,
        "decode_gib_s": 1364.818704416163,
        "decode_ns_iters": [
          493504,
          491776,
          491456,
          492480,
          492000,
          492480,
          491808,
          491168,
          491968,
          493376,
          499392,
          491648,
          492800,
          492096,
          492192,
          501056,
          493664,
          492064,
          494528,
          493120,
          499648,
          493184,
          492992,
          491424,
          496192,
          493600,
          492352,
          492352,
          492768,
          493600
        ],
        "applicable": true
      },
      {
        "kernel": "onpair_shmem_4tpt_ablate_noscan",
        "decode_ms": 0.321056,
        "decode_gib_s": 2087.9699286438436,
        "decode_ns_iters": [
          324352,
          327232,
          329248,
          323424,
          321792,
          322048,
          325824,
          324224,
          323680,
          323904,
          323424,
          321536,
          327296,
          321536,
          322784,
          323232,
          322176,
          322624,
          323136,
          324416,
          323808,
          321056,
          322752,
          322688,
          323840,
          322336,
          321280,
          322976,
          329216,
          321856
        ],
        "applicable": true
      },
      {
        "kernel": "onpair_shmem_4tpt_ablate_cfree",
        "decode_ms": 0.419488,
        "decode_gib_s": 1598.0320614908599,
        "decode_ns_iters": [
          421568,
          421888,
          422880,
          419936,
          422272,
          423776,
          423328,
          423744,
          421088,
          427264,
          421248,
          419488,
          421952,
          422176,
          426624,
          421664,
          422176,
          422272,
          421856,
          422880,
          422784,
          421600,
          423360,
          422048,
          422080,
          421408,
          422112,
          420768,
          426784,
          422624
        ],
        "applicable": true
      },
      {
        "kernel": "onpair_shmem_s8",
        "decode_ms": 0.0,
        "decode_gib_s": 0.0,
        "applicable": false,
        "reason": "dictionary entry longer than 8 bytes"
      },
      {
        "kernel": "onpair_shmem_s8_2tpt",
        "decode_ms": 0.0,
        "decode_gib_s": 0.0,
        "applicable": false,
        "reason": "dictionary entry longer than 8 bytes"
      },
      {
        "kernel": "onpair_shmem_s8_4tpt",
        "decode_ms": 0.0,
        "decode_gib_s": 0.0,
        "applicable": false,
        "reason": "dictionary entry longer than 8 bytes"
      },
      {
        "kernel": "onpair_shmem_s8_8tpt",
        "decode_ms": 0.0,
        "decode_gib_s": 0.0,
        "applicable": false,
        "reason": "dictionary entry longer than 8 bytes"
      },
      {
        "kernel": "onpair_shmem_s4l1",
        "decode_ms": 0.0,
        "decode_gib_s": 0.0,
        "applicable": false,
        "reason": "dictionary entry longer than 4 bytes"
      },
      {
        "kernel": "onpair_shmem_s4l1_2tpt",
        "decode_ms": 0.0,
        "decode_gib_s": 0.0,
        "applicable": false,
        "reason": "dictionary entry longer than 4 bytes"
      },
      {
        "kernel": "onpair_shmem_s4l1_4tpt",
        "decode_ms": 0.0,
        "decode_gib_s": 0.0,
        "applicable": false,
        "reason": "dictionary entry longer than 4 bytes"
      },
      {
        "kernel": "onpair_shmem_s4l1_8tpt",
        "decode_ms": 0.0,
        "decode_gib_s": 0.0,
        "applicable": false,
        "reason": "dictionary entry longer than 4 bytes"
      },
      {
        "kernel": "onpair_shmem_s4l1_16tpt",
        "decode_ms": 0.0,
        "decode_gib_s": 0.0,
        "applicable": false,
        "reason": "dictionary entry longer than 4 bytes"
      },
      {
        "kernel": "onpair_shmem_s4l1_32tpt",
        "decode_ms": 0.0,
        "decode_gib_s": 0.0,
        "applicable": false,
        "reason": "dictionary entry longer than 4 bytes"
      },
      {
        "kernel": "onpair_shmem_const1",
        "decode_ms": 0.0,
        "decode_gib_s": 0.0,
        "applicable": false,
        "reason": "not every dictionary entry is exactly 1 byte"
      },
      {
        "kernel": "onpair_shmem_const2",
        "decode_ms": 0.0,
        "decode_gib_s": 0.0,
        "applicable": false,
        "reason": "not every dictionary entry is exactly 2 bytes"
      }
    ]
  }
}
==PROF== Disconnected from process 21069
==PROF== Report: /home/ubuntu/work/ncu_costsurface_tpch-sf10_l_shipinstruct_b16.ncu-rep
