==PROF== Connected to process 29819 (/home/ubuntu/work/target/release/onpair-chunk-bench)
2026-07-06T03:36:42.137958Z  INFO vortex_cuda: vortex-cuda/src/lib.rs:111: Registering CUDA kernels
==WARNING== Unable to access the following 6 metrics: ctc__rx_bytes_data_user.sum, ctc__rx_bytes_data_user.sum.pct_of_peak_sustained_elapsed, ctc__rx_bytes_data_user.sum.per_second, ctc__tx_bytes_data_user.sum, ctc__tx_bytes_data_user.sum.pct_of_peak_sustained_elapsed, ctc__tx_bytes_data_user.sum.per_second.


==PROF== Profiling "onpair_shmem_4tpt_split8read": 0%....50%....100% - 38 passes
==PROF== Profiling "onpair_shmem_4tpt_split8read": 0%....50%....100% - 38 passes
==PROF== Profiling "onpair_shmem_4tpt_split8read": 0%....50%....100% - 38 passes
==PROF== Profiling "onpair_shmem_4tpt_split8read": 0%....50%....100% - 38 passes
==PROF== Profiling "onpair_shmem_4tpt_split8read": 0%....50%....100% - 38 passes
==PROF== Profiling "onpair_shmem_4tpt_split8read": 0%....50%....100% - 38 passes
==PROF== Profiling "onpair_shmem_4tpt_split8read": 0%....50%....100% - 38 passes
==PROF== Profiling "onpair_shmem_4tpt_split8read": 0%....50%....100% - 38 passes
==PROF== Profiling "onpair_shmem_4tpt_split8read": 0%....50%....100% - 38 passes
==PROF== Profiling "onpair_shmem_4tpt_split8read": 0%....50%....100% - 38 passes
==PROF== Profiling "onpair_shmem_4tpt_split8read": 0%....50%....100% - 38 passes
==PROF== Profiling "onpair_shmem_4tpt_split8read": 0%....50%....100% - 38 passes
==PROF== Profiling "onpair_shmem_4tpt_split8read": 0%....50%....100% - 38 passes
==PROF== Profiling "onpair_shmem_4tpt_split8read": 0%....50%....100% - 38 passes
==PROF== Profiling "onpair_shmem_4tpt_split8read": 0%....50%....100% - 38 passes
==PROF== Profiling "onpair_shmem_4tpt_split8read": 0%....50%....100% - 38 passes
{
  "files": [
    "/home/ubuntu/work/vortex-bench/data/onpair-bench/wikipedia/text/bits12_chunk1000mb_thr0.20/part_0000.vortex"
  ],
  "column": "text",
  "rows": 156289,
  "in_memory_bytes": 325457687,
  "dict_bytes": 17286,
  "gpu": {
    "iterations": 30,
    "decoded_bytes": 703062420,
    "chunks": 1,
    "auto_kernel": "onpair_shmem_4tpt_split8read",
    "frac_le8": 0.98204297,
    "dict_mean_len": 3.2465715,
    "dict_max_len": 15,
    "dict_entries_max": 4096,
    "small_dict": true,
    "distinct_codes": 4048,
    "access_top4096_frac": 1.0,
    "compressed_bytes": 433132092,
    "h2d_gib_s": 9.70779102457638,
    "whole_decompress_gib_s": 15.293091146437042,
    "best_kernel": "onpair_shmem_4tpt_split8read_b128o12",
    "auto_decode_ms": 1.262496,
    "best_decode_ms": 0.98928,
    "validated": false,
    "auto_decode_gib_s": 518.6376060674955,
    "best_decode_gib_s": 661.8731836383923,
    "kernels": [
      {
        "kernel": "onpair_shmem",
        "decode_ms": 1.923968,
        "decode_gib_s": 340.3268157837287,
        "decode_ns_iters": [
          1930176,
          1929856,
          1927872,
          1965376,
          1933504,
          1927264,
          1927040,
          1929504,
          1926304,
          1927456,
          1925856,
          1930048,
          1935936,
          1925760,
          1926048,
          1925184,
          1927136,
          1925920,
          1926304,
          1925216,
          1925568,
          1926720,
          1927168,
          1928544,
          1926112,
          1925216,
          1925312,
          1923968,
          1927936,
          1926880
        ],
        "applicable": true
      },
      {
        "kernel": "onpair_shmem_2tpt",
        "decode_ms": 1.390304,
        "decode_gib_s": 470.960238271478,
        "decode_ns_iters": [
          1394816,
          1393376,
          1393088,
          1392800,
          1394848,
          1392288,
          1392576,
          1392288,
          1392480,
          1394368,
          1392224,
          1395648,
          1392384,
          1394144,
          1393760,
          1392096,
          1392640,
          1393792,
          1392288,
          1393856,
          1394016,
          1394720,
          1392416,
          1394688,
          1393440,
          1392032,
          1392960,
          1390304,
          1390528,
          1391296
        ],
        "applicable": true
      },
      {
        "kernel": "onpair_shmem_4tpt",
        "decode_ms": 1.379744,
        "decode_gib_s": 474.5647765888374,
        "decode_ns_iters": [
          1385664,
          1384768,
          1384256,
          1383296,
          1385472,
          1382336,
          1381408,
          1382304,
          1381952,
          1384800,
          1380960,
          1384256,
          1382304,
          1383040,
          1384512,
          1384064,
          1384864,
          1384032,
          1401824,
          1384256,
          1382304,
          1383808,
          1383968,
          1384096,
          1384288,
          1381760,
          1379744,
          1382176,
          1383392,
          1381792
        ],
        "applicable": true
      },
      {
        "kernel": "onpair_shmem_4tpt_wpb8",
        "decode_ms": 1.31664,
        "decode_gib_s": 497.3097453440492,
        "decode_ns_iters": [
          1321888,
          1318528,
          1321920,
          1317440,
          1316640,
          1337248,
          1321152,
          1318336,
          1321184,
          1322336,
          1319424,
          1319648,
          1320960,
          1321632,
          1320448,
          1319264,
          1320480,
          1340000,
          1319488,
          1321664,
          1319104,
          1321920,
          1318368,
          1320704,
          1319712,
          1319488,
          1320288,
          1317952,
          1318400,
          1332448
        ],
        "applicable": true
      },
      {
        "kernel": "onpair_shmem_4tpt_wpb8_occ",
        "decode_ms": 1.26768,
        "decode_gib_s": 516.5167101396164,
        "decode_ns_iters": [
          1270464,
          1271328,
          1270528,
          1273792,
          1284928,
          1269664,
          1270624,
          1269056,
          1269120,
          1269280,
          1269024,
          1268640,
          1271104,
          1271168,
          1270144,
          1288032,
          1268256,
          1269024,
          1271136,
          1269760,
          1274048,
          1267680,
          1268640,
          1270272,
          1271168,
          1271680,
          1282144,
          1268736,
          1269312,
          1269952
        ],
        "applicable": true
      },
      {
        "kernel": "onpair_shmem_4tpt_b128",
        "decode_ms": 1.223936,
        "decode_gib_s": 534.9772399126988,
        "decode_ns_iters": [
          1225344,
          1227904,
          1224800,
          1226688,
          1225568,
          1223968,
          1226752,
          1224000,
          1225248,
          1225216,
          1225408,
          1238016,
          1228224,
          1224992,
          1224032,
          1226624,
          1226048,
          1225248,
          1225216,
          1225984,
          1228000,
          1227520,
          1228736,
          1227360,
          1225216,
          1223936,
          1224640,
          1226272,
          1226080,
          1227264
        ],
        "applicable": true
      },
      {
        "kernel": "onpair_shmem_4tpt_o6",
        "decode_ms": 1.196512,
        "decode_gib_s": 547.2388936423445,
        "decode_ns_iters": [
          1200832,
          1198912,
          1199232,
          1199648,
          1199008,
          1199072,
          1197888,
          1197664,
          1200000,
          1198336,
          1198016,
          1198944,
          1198528,
          1199008,
          1198464,
          1200224,
          1198176,
          1216384,
          1198400,
          1196832,
          1197600,
          1196512,
          1198240,
          1198176,
          1199552,
          1197664,
          1197472,
          1197376,
          1198752,
          1197504
        ],
        "applicable": true
      },
      {
        "kernel": "onpair_shmem_4tpt_b512o3",
        "decode_ms": 1.19904,
        "decode_gib_s": 546.0851206880411,
        "decode_ns_iters": [
          1199328,
          1199040,
          1199936,
          1203264,
          1202784,
          1201568,
          1202720,
          1203072,
          1202336,
          1200160,
          1201600,
          1217504,
          1202272,
          1203680,
          1200640,
          1200512,
          1200800,
          1199872,
          1201312,
          1200256,
          1200832,
          1200896,
          1200192,
          1201472,
          1200224,
          1201824,
          1200576,
          1201568,
          1218080,
          1202080
        ],
        "applicable": true
      },
      {
        "kernel": "onpair_shmem_4tpt_b128o12",
        "decode_ms": 1.1992,
        "decode_gib_s": 546.0122607653343,
        "decode_ns_iters": [
          1201952,
          1208000,
          1199424,
          1201056,
          1201024,
          1202688,
          1200704,
          1202496,
          1213344,
          1202496,
          1201824,
          1200672,
          1203872,
          1203136,
          1200544,
          1201312,
          1201120,
          1200736,
          1201952,
          1202272,
          1200736,
          1201984,
          1199968,
          1200480,
          1200800,
          1216512,
          1199776,
          1199200,
          1200704,
          1203424
        ],
        "applicable": true
      },
      {
        "kernel": "onpair_shmem_4tpt_b64",
        "decode_ms": 1.217824,
        "decode_gib_s": 537.6621770549676,
        "decode_ns_iters": [
          1225824,
          1231008,
          1225760,
          1226336,
          1224000,
          1224672,
          1224224,
          1226880,
          1245024,
          1229536,
          1225472,
          1239360,
          1227584,
          1225504,
          1225408,
          1223360,
          1220992,
          1220192,
          1219424,
          1222976,
          1222528,
          1220192,
          1221376,
          1220224,
          1220480,
          1218240,
          1217824,
          1234144,
          1222976,
          1223008
        ],
        "applicable": true
      },
      {
        "kernel": "onpair_shmem_4tpt_b64o24",
        "decode_ms": 1.20064,
        "decode_gib_s": 545.35739531399,
        "decode_ns_iters": [
          1203104,
          1204480,
          1203328,
          1204320,
          1200928,
          1201952,
          1201888,
          1218048,
          1202208,
          1201760,
          1211968,
          1202880,
          1204000,
          1202208,
          1202816,
          1202720,
          1202976,
          1219712,
          1202176,
          1201184,
          1201632,
          1201376,
          1201568,
          1200640,
          1203616,
          1202432,
          1201920,
          1201472,
          1202624,
          1202080
        ],
        "applicable": true
      },
      {
        "kernel": "onpair_shmem_4tpt_split8read_b128o12",
        "decode_ms": 0.98928,
        "decode_gib_s": 661.8731836383923,
        "decode_ns_iters": [
          992352,
          991328,
          990272,
          993024,
          991040,
          990944,
          1003296,
          991424,
          990976,
          991776,
          993536,
          993088,
          991648,
          991488,
          991520,
          991008,
          989280,
          1000480,
          990816,
          990784,
          990016,
          990880,
          991840,
          991936,
          991360,
          990880,
          991808,
          990656,
          1002400,
          990144
        ],
        "applicable": true
      },
      {
        "kernel": "onpair_shmem_4tpt_split8read_occ",
        "decode_ms": 1.140704,
        "decode_gib_s": 574.0121040250485,
        "decode_ns_iters": [
          1153216,
          1141344,
          1141920,
          1143456,
          1144448,
          1141792,
          1144064,
          1142208,
          1156768,
          1144928,
          1141600,
          1142432,
          1150592,
          1143296,
          1143552,
          1141120,
          1141568,
          1142016,
          1140704,
          1141312,
          1144000,
          1142944,
          1142240,
          1146112,
          1141952,
          1143712,
          1144000,
          1142496,
          1141536,
          1144160
        ],
        "applicable": true
      },
      {
        "kernel": "onpair_shmem_4tpt_split8",
        "decode_ms": 1.337056,
        "decode_gib_s": 489.7161398698251,
        "decode_ns_iters": [
          1340032,
          1355904,
          1340416,
          1341728,
          1340768,
          1340768,
          1341088,
          1340896,
          1341856,
          1340416,
          1339392,
          1339200,
          1340608,
          1342880,
          1339424,
          1337696,
          1339168,
          1355200,
          1341088,
          1337056,
          1340448,
          1337632,
          1338112,
          1337472,
          1355296,
          1339136,
          1342752,
          1337504,
          1338080,
          1338272
        ],
        "applicable": true
      },
      {
        "kernel": "onpair_shmem_4tpt_split8_wpb8",
        "decode_ms": 1.271168,
        "decode_gib_s": 515.0994228219943,
        "decode_ns_iters": [
          1272608,
          1274432,
          1274048,
          1273888,
          1272800,
          1273056,
          1272896,
          1273408,
          1273760,
          1274688,
          1271328,
          1273856,
          1272864,
          1275264,
          1274432,
          1273792,
          1276320,
          1284192,
          1274688,
          1273248,
          1273152,
          1272064,
          1271904,
          1273920,
          1273632,
          1272608,
          1274016,
          1274400,
          1290560,
          1271168
        ],
        "applicable": true
      },
      {
        "kernel": "onpair_shmem_4tpt_split8_wpb8_occ",
        "decode_ms": 1.212256,
        "decode_gib_s": 540.1317074197108,
        "decode_ns_iters": [
          1216736,
          1212800,
          1215648,
          1214528,
          1229152,
          1215648,
          1216672,
          1214368,
          1216448,
          1216288,
          1223840,
          1214720,
          1214368,
          1213472,
          1214464,
          1212256,
          1215296,
          1215808,
          1215040,
          1216128,
          1229440,
          1214944,
          1214592,
          1215840,
          1215648,
          1215328,
          1216096,
          1215168,
          1217824,
          1213920
        ],
        "applicable": true
      },
      {
        "kernel": "onpair_shmem_4tpt_pdict",
        "decode_ms": 1.759872,
        "decode_gib_s": 372.0599584002637,
        "decode_ns_iters": [
          1761184,
          1761888,
          1760544,
          1763456,
          1765632,
          1769152,
          1765216,
          1764192,
          1763040,
          1762784,
          1760704,
          1762688,
          1767264,
          1762752,
          1767424,
          1762240,
          1764416,
          1762944,
          1764000,
          1763424,
          1784288,
          1761760,
          1767840,
          1759872,
          1762944,
          1762848,
          1769632,
          1760064,
          1782592,
          1767808
        ],
        "applicable": true
      },
      {
        "kernel": "onpair_shmem_4tpt_vdict",
        "decode_ms": 2.123296,
        "decode_gib_s": 308.37806085905544,
        "decode_ns_iters": [
          2134112,
          2132032,
          2128480,
          2129664,
          2131072,
          2131552,
          2141856,
          2132320,
          2128512,
          2132960,
          2129344,
          2127712,
          2130688,
          2125696,
          2126048,
          2133184,
          2124896,
          2131104,
          2133312,
          2129888,
          2128544,
          2132000,
          2125408,
          2127520,
          2130432,
          2123296,
          2131168,
          2130144,
          2124320,
          2129984
        ],
        "applicable": true
      },
      {
        "kernel": "onpair_shmem_4tpt_split8read",
        "decode_ms": 1.262496,
        "decode_gib_s": 518.6376060674955,
        "decode_ns_iters": [
          2031079531,
          2033895016,
          2033531427,
          2048667192,
          2054565191,
          2042844057,
          2030843973,
          2027673006,
          2040140390,
          2043115854,
          2045389414,
          2059930325,
          2035187960,
          2034021854,
          1337280,
          1267616,
          1266144,
          1266944,
          1264128,
          1265024,
          1262496,
          1264992,
          1263712,
          1262816,
          1264896,
          1264512,
          1267008,
          1264928,
          1263232,
          1265312
        ],
        "applicable": true
      },
      {
        "kernel": "onpair_shmem_4tpt_ldcs",
        "decode_ms": 1.398624,
        "decode_gib_s": 468.15863527995293,
        "decode_ns_iters": [
          1401696,
          1403744,
          1400928,
          1402304,
          1401888,
          1399904,
          1400320,
          1401472,
          1400768,
          1400800,
          1402976,
          1398624,
          1401248,
          1401120,
          1399648,
          1401920,
          1401312,
          1403904,
          1402432,
          1401056,
          1400448,
          1401760,
          1402400,
          1404192,
          1403936,
          1403008,
          1401920,
          1402528,
          1401888,
          1403168
        ],
        "applicable": true
      },
      {
        "kernel": "onpair_shmem_4tpt_lenbucket",
        "decode_ms": 0.0,
        "decode_gib_s": 0.0,
        "applicable": false,
        "reason": "length-bucket dict not built (set ONPAIR_DICT_REORDER=lenbucket)"
      },
      {
        "kernel": "onpair_shmem_4tpt_lenbucket_b128",
        "decode_ms": 0.0,
        "decode_gib_s": 0.0,
        "applicable": false,
        "reason": "length-bucket dict not built (set ONPAIR_DICT_REORDER=lenbucket)"
      },
      {
        "kernel": "onpair_shmem_4tpt_regcache",
        "decode_ms": 1.514144,
        "decode_gib_s": 432.44097200120257,
        "decode_ns_iters": [
          1515168,
          1515200,
          1514208,
          1514208,
          1515808,
          1514912,
          1515424,
          1515328,
          1515712,
          1516896,
          1522528,
          1515296,
          1517312,
          1515712,
          1514144,
          1515424,
          1515904,
          1515616,
          1518368,
          1516064,
          1516160,
          1516608,
          1515232,
          1516576,
          1516128,
          1516224,
          1514848,
          1515104,
          1524576,
          1517760
        ],
        "applicable": true
      },
      {
        "kernel": "onpair_shmem_4tpt_split4read",
        "decode_ms": 1.407872,
        "decode_gib_s": 465.08340467726384,
        "decode_ns_iters": [
          1412032,
          1409440,
          1408064,
          1409280,
          1411584,
          1409216,
          1410976,
          1412096,
          1410752,
          1411648,
          1408128,
          1418560,
          1413248,
          1410816,
          1410400,
          1412064,
          1411936,
          1409792,
          1410560,
          1410816,
          1411808,
          1411136,
          1411968,
          1412832,
          1408384,
          1409216,
          1409856,
          1407872,
          1411328,
          1410720
        ],
        "applicable": true
      },
      {
        "kernel": "onpair_shmem_4tpt_split4read_b128o12",
        "decode_ms": 1.21504,
        "decode_gib_s": 538.8941130413723,
        "decode_ns_iters": [
          1219200,
          1219840,
          1217984,
          1218592,
          1220736,
          1219616,
          1217984,
          1217536,
          1216672,
          1216544,
          1218144,
          1217632,
          1216576,
          1217280,
          1215936,
          1217984,
          1218720,
          1218208,
          1227008,
          1217344,
          1218400,
          1217696,
          1215040,
          1216928,
          1216288,
          1216160,
          1216512,
          1216864,
          1216512,
          1217632
        ],
        "applicable": true
      },
      {
        "kernel": "onpair_shmem_4tpt_cluster_dsmem",
        "decode_ms": 5.592896,
        "decode_gib_s": 117.07314119729544,
        "decode_ns_iters": [
          5597248,
          5617152,
          5608576,
          5613440,
          5609920,
          5596256,
          5600704,
          5613504,
          5609120,
          5614208,
          5616608,
          5592896,
          5602624,
          5617248,
          5610944,
          5620448,
          5617216,
          5637984,
          5643584,
          5624672,
          5649632,
          5617760,
          5616128,
          5626432,
          5615968,
          5628096,
          5626944,
          5618624,
          5636416,
          5635424
        ],
        "applicable": true
      },
      {
        "kernel": "onpair_shmem_8tpt",
        "decode_ms": 1.222848,
        "decode_gib_s": 535.4532232213562,
        "decode_ns_iters": [
          1225696,
          1226112,
          1226240,
          1226016,
          1224512,
          1225568,
          1225920,
          1225376,
          1226016,
          1224128,
          1224448,
          1224768,
          1245344,
          1226848,
          1224128,
          1224224,
          1223520,
          1224608,
          1225536,
          1223872,
          1224352,
          1223296,
          1224896,
          1224480,
          1224960,
          1224160,
          1223168,
          1222848,
          1225056,
          1225600
        ],
        "applicable": true
      },
      {
        "kernel": "onpair_shmem_8tpt_b128",
        "decode_ms": 1.222592,
        "decode_gib_s": 535.5653424116867,
        "decode_ns_iters": [
          1228000,
          1226400,
          1224736,
          1227072,
          1225440,
          1223744,
          1222592,
          1226080,
          1229280,
          1226656,
          1226688,
          1224832,
          1237344,
          1225248,
          1225600,
          1231968,
          1225760,
          1226944,
          1225824,
          1225600,
          1225952,
          1227136,
          1227552,
          1227232,
          1227808,
          1226368,
          1228032,
          1229120,
          1228704,
          1229120
        ],
        "applicable": true
      },
      {
        "kernel": "onpair_shmem_4tpt_vwidth",
        "decode_ms": 4.710624,
        "decode_gib_s": 139.00024776118596,
        "decode_ns_iters": [
          4711712,
          4710784,
          4711200,
          4711296,
          4713312,
          4712640,
          4712192,
          4711552,
          4711040,
          4711328,
          4713792,
          4711264,
          4712992,
          4714784,
          4713376,
          4712160,
          4713088,
          4712032,
          4712416,
          4714624,
          4714208,
          4715232,
          4712032,
          4710624,
          4711232,
          4711040,
          4711776,
          4712320,
          4711680,
          4711424
        ],
        "applicable": true
      },
      {
        "kernel": "onpair_shmem_4tpt_vwidth_b128",
        "decode_ms": 5.925344,
        "decode_gib_s": 110.50462270372638,
        "decode_ns_iters": [
          5928256,
          5930112,
          5934720,
          5931040,
          5932928,
          5934592,
          5934240,
          5925344,
          5934080,
          5939808,
          5933632,
          5938496,
          5940160,
          5934688,
          5936128,
          5932672,
          5932704,
          5931296,
          5931456,
          5931456,
          5934144,
          5935072,
          5935232,
          5936288,
          5932544,
          5933376,
          5933440,
          5943296,
          5938464,
          5935424
        ],
        "applicable": true
      },
      {
        "kernel": "onpair_shmem_4tpt_vwidth4",
        "decode_ms": 1.693312,
        "decode_gib_s": 386.6847356599309,
        "decode_ns_iters": [
          1697600,
          1695744,
          1695424,
          1695232,
          1694304,
          1694880,
          1694656,
          1697664,
          1693952,
          1695168,
          1695392,
          1693760,
          1696096,
          1695872,
          1696448,
          1696640,
          1695872,
          1704864,
          1693312,
          1695872,
          1694816,
          1694880,
          1695424,
          1694624,
          1694144,
          1693952,
          1695808,
          1694432,
          1695360,
          1695872
        ],
        "applicable": true
      },
      {
        "kernel": "onpair_shmem_4tpt_vwidth4_b128",
        "decode_ms": 1.292864,
        "decode_gib_s": 506.4553604321792,
        "decode_ns_iters": [
          1299680,
          1295744,
          1297440,
          1296992,
          1305696,
          1296320,
          1294688,
          1298016,
          1297696,
          1297504,
          1298400,
          1295616,
          1295296,
          1297504,
          1301472,
          1294272,
          1292864,
          1296128,
          1297280,
          1296064,
          1305536,
          1294528,
          1296352,
          1298688,
          1297216,
          1297088,
          1294752,
          1300704,
          1294144,
          1294976
        ],
        "applicable": true
      },
      {
        "kernel": "onpair_shmem_4tpt_shdict8",
        "decode_ms": 2.4288,
        "decode_gib_s": 269.5890576044915,
        "decode_ns_iters": [
          2434624,
          2438560,
          2437088,
          2438816,
          2434144,
          2428800,
          2440256,
          2440128,
          2434304,
          2441760,
          2443840,
          2434336,
          2442016,
          2449824,
          2431136,
          2443200,
          2439552,
          2437600,
          2439744,
          2445088,
          2434368,
          2431360,
          2434272,
          2435712,
          2436416,
          2439104,
          2431936,
          2432768,
          2431104,
          2435136
        ],
        "applicable": true
      },
      {
        "kernel": "onpair_shmem_4tpt_ablate",
        "decode_ms": 1.200224,
        "decode_gib_s": 545.5464172602689,
        "decode_ns_iters": [
          1203328,
          1202848,
          1202432,
          1201024,
          1200992,
          1200544,
          1202016,
          1203328,
          1200224,
          1208032,
          1202208,
          1200320,
          1201216,
          1200384,
          1201312,
          1202592,
          1202464,
          1203648,
          1201376,
          1211520,
          1202016,
          1202688,
          1204064,
          1201152,
          1203200,
          1200544,
          1203808,
          1202176,
          1202560,
          1211872
        ],
        "applicable": true
      },
      {
        "kernel": "onpair_shmem_4tpt_ablate_nogather",
        "decode_ms": 0.882304,
        "decode_gib_s": 742.1227866016576,
        "decode_ns_iters": [
          884256,
          885440,
          885856,
          884992,
          884000,
          885024,
          885376,
          884736,
          887616,
          886208,
          882304,
          884448,
          883520,
          886432,
          883456,
          887456,
          885184,
          884512,
          885152,
          883104,
          884992,
          882304,
          886752,
          883040,
          885184,
          885280,
          884096,
          885824,
          884128,
          883456
        ],
        "applicable": true
      },
      {
        "kernel": "onpair_shmem_4tpt_ablate_noemit",
        "decode_ms": 0.627776,
        "decode_gib_s": 1043.0120028637425,
        "decode_ns_iters": [
          639872,
          639424,
          637664,
          643744,
          635136,
          637376,
          649600,
          639008,
          642912,
          634656,
          633568,
          634752,
          640064,
          634976,
          643360,
          640320,
          648160,
          644768,
          639968,
          635328,
          634752,
          627776,
          643744,
          640864,
          633472,
          639232,
          637568,
          641568,
          638496,
          634880
        ],
        "applicable": true
      },
      {
        "kernel": "onpair_shmem_4tpt_ablate_nodrain",
        "decode_ms": 1.107232,
        "decode_gib_s": 591.3646851877373,
        "decode_ns_iters": [
          1108480,
          1108768,
          1115936,
          1108128,
          1108448,
          1111296,
          1109984,
          1116640,
          1108896,
          1109088,
          1110144,
          1107232,
          1107488,
          1108352,
          1107936,
          1108992,
          1108320,
          1107264,
          1107296,
          1109440,
          1107648,
          1107744,
          1108480,
          1108640,
          1107296,
          1108480,
          1109056,
          1107296,
          1108032,
          1108128
        ],
        "applicable": true
      },
      {
        "kernel": "onpair_shmem_4tpt_ablate_noscan",
        "decode_ms": 0.86592,
        "decode_gib_s": 756.1644298662566,
        "decode_ns_iters": [
          869536,
          870144,
          875104,
          867360,
          869280,
          868448,
          869920,
          867872,
          868384,
          869440,
          865920,
          869344,
          870016,
          868736,
          867168,
          866688,
          869216,
          867872,
          869568,
          869888,
          866976,
          868000,
          868512,
          870656,
          868704,
          868576,
          869120,
          876704,
          887936,
          868608
        ],
        "applicable": true
      },
      {
        "kernel": "onpair_shmem_4tpt_ablate_cfree",
        "decode_ms": 1.189632,
        "decode_gib_s": 550.403740912979,
        "decode_ns_iters": [
          1193408,
          1192864,
          1193728,
          1191968,
          1199008,
          1191328,
          1192416,
          1193184,
          1190400,
          1192000,
          1191840,
          1199008,
          1192896,
          1189632,
          1198272,
          1192576,
          1192640,
          1193312,
          1192096,
          1192768,
          1191904,
          1193088,
          1193088,
          1193344,
          1195040,
          1192576,
          1194688,
          1194464,
          1195808,
          1193888
        ],
        "applicable": true
      },
      {
        "kernel": "onpair_shmem_s8",
        "decode_ms": 0.0,
        "decode_gib_s": 0.0,
        "applicable": false,
        "reason": "dictionary entry longer than 8 bytes"
      },
      {
        "kernel": "onpair_shmem_s8_2tpt",
        "decode_ms": 0.0,
        "decode_gib_s": 0.0,
        "applicable": false,
        "reason": "dictionary entry longer than 8 bytes"
      },
      {
        "kernel": "onpair_shmem_s8_4tpt",
        "decode_ms": 0.0,
        "decode_gib_s": 0.0,
        "applicable": false,
        "reason": "dictionary entry longer than 8 bytes"
      },
      {
        "kernel": "onpair_shmem_s8_8tpt",
        "decode_ms": 0.0,
        "decode_gib_s": 0.0,
        "applicable": false,
        "reason": "dictionary entry longer than 8 bytes"
      },
      {
        "kernel": "onpair_shmem_s4l1",
        "decode_ms": 0.0,
        "decode_gib_s": 0.0,
        "applicable": false,
        "reason": "dictionary entry longer than 4 bytes"
      },
      {
        "kernel": "onpair_shmem_s4l1_2tpt",
        "decode_ms": 0.0,
        "decode_gib_s": 0.0,
        "applicable": false,
        "reason": "dictionary entry longer than 4 bytes"
      },
      {
        "kernel": "onpair_shmem_s4l1_4tpt",
        "decode_ms": 0.0,
        "decode_gib_s": 0.0,
        "applicable": false,
        "reason": "dictionary entry longer than 4 bytes"
      },
      {
        "kernel": "onpair_shmem_s4l1_8tpt",
        "decode_ms": 0.0,
        "decode_gib_s": 0.0,
        "applicable": false,
        "reason": "dictionary entry longer than 4 bytes"
      },
      {
        "kernel": "onpair_shmem_s4l1_16tpt",
        "decode_ms": 0.0,
        "decode_gib_s": 0.0,
        "applicable": false,
        "reason": "dictionary entry longer than 4 bytes"
      },
      {
        "kernel": "onpair_shmem_s4l1_32tpt",
        "decode_ms": 0.0,
        "decode_gib_s": 0.0,
        "applicable": false,
        "reason": "dictionary entry longer than 4 bytes"
      },
      {
        "kernel": "onpair_shmem_const1",
        "decode_ms": 0.0,
        "decode_gib_s": 0.0,
        "applicable": false,
        "reason": "not every dictionary entry is exactly 1 byte"
      },
      {
        "kernel": "onpair_shmem_const2",
        "decode_ms": 0.0,
        "decode_gib_s": 0.0,
        "applicable": false,
        "reason": "not every dictionary entry is exactly 2 bytes"
      }
    ]
  }
}
==PROF== Disconnected from process 29819
==PROF== Report: /home/ubuntu/work/ncu_costsurface_wikipedia_text_b12.ncu-rep
