==PROF== Connected to process 28692 (/home/ubuntu/work/target/release/onpair-chunk-bench)
2026-07-06T03:35:06.690863Z  INFO vortex_cuda: vortex-cuda/src/lib.rs:111: Registering CUDA kernels
==WARNING== Unable to access the following 6 metrics: ctc__rx_bytes_data_user.sum, ctc__rx_bytes_data_user.sum.pct_of_peak_sustained_elapsed, ctc__rx_bytes_data_user.sum.per_second, ctc__tx_bytes_data_user.sum, ctc__tx_bytes_data_user.sum.pct_of_peak_sustained_elapsed, ctc__tx_bytes_data_user.sum.per_second.


==PROF== Profiling "onpair_shmem_4tpt": 0%....50%....100% - 38 passes
==PROF== Profiling "onpair_shmem_4tpt": 0%....50%....100% - 38 passes
==PROF== Profiling "onpair_shmem_4tpt": 0%....50%....100% - 38 passes
==PROF== Profiling "onpair_shmem_4tpt": 0%....50%....100% - 38 passes
==PROF== Profiling "onpair_shmem_4tpt": 0%....50%....100% - 38 passes
==PROF== Profiling "onpair_shmem_4tpt": 0%....50%....100% - 38 passes
==PROF== Profiling "onpair_shmem_4tpt": 0%....50%....100% - 38 passes
==PROF== Profiling "onpair_shmem_4tpt": 0%....50%....100% - 38 passes
==PROF== Profiling "onpair_shmem_4tpt": 0%....50%....100% - 38 passes
==PROF== Profiling "onpair_shmem_4tpt": 0%....50%....100% - 38 passes
==PROF== Profiling "onpair_shmem_4tpt": 0%....50%....100% - 38 passes
==PROF== Profiling "onpair_shmem_4tpt": 0%....50%....100% - 38 passes
==PROF== Profiling "onpair_shmem_4tpt": 0%....50%....100% - 38 passes
==PROF== Profiling "onpair_shmem_4tpt": 0%....50%....100% - 38 passes
==PROF== Profiling "onpair_shmem_4tpt": 0%....50%....100% - 38 passes
==PROF== Profiling "onpair_shmem_4tpt": 0%....50%....100% - 38 passes
{
  "files": [
    "/home/ubuntu/work/vortex-bench/data/onpair-bench/fineweb/text/bits16_chunk1000mb_thr0.20/part_0000.vortex"
  ],
  "column": "text",
  "rows": 324253,
  "in_memory_bytes": 348785163,
  "dict_bytes": 475929,
  "gpu": {
    "iterations": 30,
    "decoded_bytes": 999998604,
    "chunks": 1,
    "auto_kernel": "onpair_shmem_4tpt",
    "frac_le8": 0.81708425,
    "dict_mean_len": 5.7618837,
    "dict_max_len": 16,
    "dict_entries_max": 65536,
    "small_dict": false,
    "distinct_codes": 65463,
    "access_top4096_frac": 0.4623246,
    "compressed_bytes": 347649709,
    "h2d_gib_s": 9.762518917321032,
    "whole_decompress_gib_s": 26.49774910778782,
    "best_kernel": "onpair_shmem_4tpt",
    "auto_decode_ms": 1.982176,
    "best_decode_ms": 1.982176,
    "validated": false,
    "auto_decode_gib_s": 469.8479219247758,
    "best_decode_gib_s": 469.8479219247758,
    "kernels": [
      {
        "kernel": "onpair_shmem",
        "decode_ms": 2.153056,
        "decode_gib_s": 432.5578500926889,
        "decode_ns_iters": [
          2157152,
          2156128,
          2157760,
          2157216,
          2157184,
          2156960,
          2155392,
          2156096,
          2155072,
          2157216,
          2156064,
          2155744,
          2157344,
          2156544,
          2155968,
          2154304,
          2155840,
          2155616,
          2154784,
          2156000,
          2155520,
          2153056,
          2154496,
          2156928,
          2155584,
          2155104,
          2156000,
          2154464,
          2155520,
          2155008
        ],
        "applicable": true
      },
      {
        "kernel": "onpair_shmem_2tpt",
        "decode_ms": 2.144384,
        "decode_gib_s": 434.30713644998485,
        "decode_ns_iters": [
          2154496,
          2145920,
          2146656,
          2144768,
          2153024,
          2144384,
          2145728,
          2146656,
          2146016,
          2144544,
          2145344,
          2147968,
          2147392,
          2146880,
          2146560,
          2146752,
          2149248,
          2147168,
          2146912,
          2145792,
          2146784,
          2146560,
          2148608,
          2148832,
          2147360,
          2147008,
          2148448,
          2147904,
          2148832,
          2155040
        ],
        "applicable": true
      },
      {
        "kernel": "onpair_shmem_4tpt",
        "decode_ms": 1.982176,
        "decode_gib_s": 469.8479219247758,
        "decode_ns_iters": [
          2079711676,
          2085902452,
          2066087723,
          2081939459,
          2099409103,
          2073039055,
          2095642805,
          2098187447,
          2067473173,
          2077448368,
          2083960056,
          2096808434,
          2071169376,
          2097184658,
          2040256,
          1992640,
          2071904,
          1984448,
          1983840,
          1982656,
          1986048,
          1985888,
          1982592,
          1983456,
          1984160,
          1982912,
          1982176,
          1983040,
          1982976,
          1983904
        ],
        "applicable": true
      },
      {
        "kernel": "onpair_shmem_4tpt_wpb8",
        "decode_ms": 2.257024,
        "decode_gib_s": 412.6324197213518,
        "decode_ns_iters": [
          2257024,
          2260000,
          2263616,
          2260544,
          2258784,
          2257920,
          2259616,
          2260736,
          2260064,
          2260256,
          2258016,
          2265920,
          2259808,
          2258080,
          2259264,
          2258880,
          2260960,
          2260992,
          2258272,
          2260000,
          2260800,
          2259264,
          2259168,
          2261216,
          2260448,
          2263936,
          2259680,
          2262368,
          2264672,
          2263424
        ],
        "applicable": true
      },
      {
        "kernel": "onpair_shmem_4tpt_wpb8_occ",
        "decode_ms": 2.03504,
        "decode_gib_s": 457.64273650108316,
        "decode_ns_iters": [
          2038080,
          2038176,
          2036384,
          2039296,
          2046528,
          2037600,
          2039648,
          2037024,
          2040800,
          2037280,
          2040352,
          2037792,
          2038304,
          2041504,
          2038784,
          2039264,
          2038496,
          2037856,
          2041600,
          2043936,
          2039968,
          2038912,
          2039936,
          2039328,
          2039744,
          2039264,
          2035040,
          2039008,
          2039840,
          2039456
        ],
        "applicable": true
      },
      {
        "kernel": "onpair_shmem_4tpt_b128",
        "decode_ms": 2.088672,
        "decode_gib_s": 445.89158780754684,
        "decode_ns_iters": [
          2092416,
          2092800,
          2090112,
          2091040,
          2088672,
          2088832,
          2089888,
          2091264,
          2089504,
          2089728,
          2091456,
          2091552,
          2091456,
          2094496,
          2090592,
          2097472,
          2090016,
          2092512,
          2090848,
          2089888,
          2092416,
          2091104,
          2093472,
          2090560,
          2091360,
          2089152,
          2088800,
          2089952,
          2092992,
          2093152
        ],
        "applicable": true
      },
      {
        "kernel": "onpair_shmem_4tpt_o6",
        "decode_ms": 2.10624,
        "decode_gib_s": 442.1724373714127,
        "decode_ns_iters": [
          2112512,
          2112576,
          2120160,
          2109216,
          2110400,
          2111264,
          2110528,
          2118912,
          2110144,
          2109216,
          2106240,
          2108000,
          2111808,
          2111200,
          2110080,
          2108704,
          2112192,
          2108640,
          2110848,
          2111040,
          2109280,
          2116704,
          2109888,
          2112480,
          2110208,
          2108160,
          2111904,
          2111072,
          2111552,
          2111040
        ],
        "applicable": true
      },
      {
        "kernel": "onpair_shmem_4tpt_b512o3",
        "decode_ms": 2.062848,
        "decode_gib_s": 451.4735329453088,
        "decode_ns_iters": [
          2067616,
          2068096,
          2064032,
          2066624,
          2065600,
          2066336,
          2066912,
          2065408,
          2067008,
          2064512,
          2067744,
          2066656,
          2066784,
          2067008,
          2063968,
          2066240,
          2065792,
          2065920,
          2067168,
          2064256,
          2067200,
          2063744,
          2066432,
          2066560,
          2064640,
          2066944,
          2062848,
          2068960,
          2076768,
          2069600
        ],
        "applicable": true
      },
      {
        "kernel": "onpair_shmem_4tpt_b128o12",
        "decode_ms": 2.162208,
        "decode_gib_s": 430.72695803972806,
        "decode_ns_iters": [
          2165920,
          2164896,
          2163872,
          2163360,
          2163680,
          2165056,
          2162720,
          2166720,
          2173760,
          2166176,
          2163488,
          2165952,
          2165056,
          2172224,
          2166624,
          2163744,
          2166368,
          2163264,
          2164320,
          2166656,
          2174688,
          2164992,
          2164800,
          2166112,
          2165504,
          2163296,
          2163104,
          2162208,
          2163168,
          2163968
        ],
        "applicable": true
      },
      {
        "kernel": "onpair_shmem_4tpt_b64",
        "decode_ms": 2.145344,
        "decode_gib_s": 434.1127923956085,
        "decode_ns_iters": [
          2149216,
          2148032,
          2148000,
          2145568,
          2145632,
          2145600,
          2146304,
          2150688,
          2147456,
          2148192,
          2147424,
          2152704,
          2147296,
          2148576,
          2149184,
          2153792,
          2149440,
          2147584,
          2147392,
          2148640,
          2145344,
          2147840,
          2146688,
          2146144,
          2147296,
          2146592,
          2146624,
          2155200,
          2146144,
          2147328
        ],
        "applicable": true
      },
      {
        "kernel": "onpair_shmem_4tpt_b64o24",
        "decode_ms": 2.194208,
        "decode_gib_s": 424.44530075962,
        "decode_ns_iters": [
          2200224,
          2199040,
          2199200,
          2198336,
          2197952,
          2204352,
          2200672,
          2198080,
          2200128,
          2196704,
          2198208,
          2195584,
          2197216,
          2198208,
          2196384,
          2196960,
          2198144,
          2196288,
          2198432,
          2196992,
          2196736,
          2196576,
          2202912,
          2198400,
          2197376,
          2197280,
          2194208,
          2198112,
          2197696,
          2203808
        ],
        "applicable": true
      },
      {
        "kernel": "onpair_shmem_4tpt_split8read_b128o12",
        "decode_ms": 2.442528,
        "decode_gib_s": 381.29400133352186,
        "decode_ns_iters": [
          2444416,
          2445184,
          2444000,
          2442528,
          2444544,
          2443296,
          2449856,
          2446816,
          2444448,
          2444128,
          2445248,
          2444384,
          2445344,
          2443264,
          2443232,
          2448832,
          2444480,
          2450656,
          2447168,
          2443872,
          2442848,
          2445088,
          2444800,
          2444384,
          2445856,
          2442912,
          2455968,
          2443456,
          2452160,
          2446400
        ],
        "applicable": true
      },
      {
        "kernel": "onpair_shmem_4tpt_split8read_occ",
        "decode_ms": 2.348992,
        "decode_gib_s": 396.4769886356209,
        "decode_ns_iters": [
          2352160,
          2351776,
          2350016,
          2349472,
          2349984,
          2351200,
          2351232,
          2350944,
          2351136,
          2350560,
          2351200,
          2351328,
          2351808,
          2353792,
          2350112,
          2350208,
          2350880,
          2356608,
          2355360,
          2351744,
          2354080,
          2352992,
          2350688,
          2356224,
          2353792,
          2352672,
          2350880,
          2351456,
          2361536,
          2348992
        ],
        "applicable": true
      },
      {
        "kernel": "onpair_shmem_4tpt_split8",
        "decode_ms": 2.029792,
        "decode_gib_s": 458.8259656601092,
        "decode_ns_iters": [
          2031968,
          2032000,
          2031904,
          2033088,
          2032352,
          2029792,
          2033408,
          2032736,
          2033184,
          2032160,
          2031168,
          2030688,
          2032576,
          2034688,
          2030240,
          2030496,
          2034656,
          2031232,
          2032832,
          2031104,
          2031168,
          2030688,
          2031136,
          2031520,
          2031616,
          2032352,
          2046944,
          2036832,
          2032512,
          2030944
        ],
        "applicable": true
      },
      {
        "kernel": "onpair_shmem_4tpt_split8_wpb8",
        "decode_ms": 2.294496,
        "decode_gib_s": 405.8936143227813,
        "decode_ns_iters": [
          2297088,
          2299136,
          2296800,
          2296576,
          2298720,
          2298624,
          2295744,
          2301024,
          2299840,
          2297824,
          2299136,
          2296736,
          2300736,
          2297376,
          2297184,
          2297216,
          2297280,
          2296128,
          2294496,
          2301760,
          2296768,
          2295232,
          2298208,
          2297088,
          2297120,
          2296384,
          2297984,
          2296000,
          2297408,
          2299264
        ],
        "applicable": true
      },
      {
        "kernel": "onpair_shmem_4tpt_split8_wpb8_occ",
        "decode_ms": 2.05888,
        "decode_gib_s": 452.3436404691698,
        "decode_ns_iters": [
          2070560,
          2062304,
          2062432,
          2059232,
          2061216,
          2059072,
          2062976,
          2058880,
          2059904,
          2061408,
          2059424,
          2063040,
          2061152,
          2062112,
          2060608,
          2061344,
          2060544,
          2062176,
          2063232,
          2067200,
          2063488,
          2061344,
          2061696,
          2061888,
          2061056,
          2063008,
          2060160,
          2061856,
          2068128,
          2061984
        ],
        "applicable": true
      },
      {
        "kernel": "onpair_shmem_4tpt_pdict",
        "decode_ms": 0.0,
        "decode_gib_s": 0.0,
        "applicable": false,
        "reason": "padded dict needs 1130752 B shared, over 102400 B cap"
      },
      {
        "kernel": "onpair_shmem_4tpt_vdict",
        "decode_ms": 0.0,
        "decode_gib_s": 0.0,
        "applicable": false,
        "reason": "packed dict needs 492592 B shared, over 102400 B cap"
      },
      {
        "kernel": "onpair_shmem_4tpt_split8read",
        "decode_ms": 2.280544,
        "decode_gib_s": 408.37680592400955,
        "decode_ns_iters": [
          2285216,
          2284448,
          2283456,
          2287776,
          2281632,
          2283936,
          2284800,
          2283648,
          2283744,
          2282272,
          2285088,
          2281984,
          2284640,
          2280544,
          2286432,
          2283456,
          2291840,
          2285408,
          2281760,
          2281568,
          2282944,
          2282240,
          2283456,
          2284320,
          2283680,
          2282688,
          2283744,
          2283232,
          2285824,
          2288928
        ],
        "applicable": true
      },
      {
        "kernel": "onpair_shmem_4tpt_ldcs",
        "decode_ms": 2.007712,
        "decode_gib_s": 463.87194701688503,
        "decode_ns_iters": [
          2009856,
          2016832,
          2009984,
          2017568,
          2009248,
          2009312,
          2008352,
          2012128,
          2011616,
          2016544,
          2018656,
          2009824,
          2010368,
          2009152,
          2007712,
          2010176,
          2009536,
          2010496,
          2010688,
          2010336,
          2011136,
          2009792,
          2012672,
          2009056,
          2011072,
          2009920,
          2009856,
          2008832,
          2019456,
          2016992
        ],
        "applicable": true
      },
      {
        "kernel": "onpair_shmem_4tpt_lenbucket",
        "decode_ms": 0.0,
        "decode_gib_s": 0.0,
        "applicable": false,
        "reason": "length-bucket dict not built (set ONPAIR_DICT_REORDER=lenbucket)"
      },
      {
        "kernel": "onpair_shmem_4tpt_lenbucket_b128",
        "decode_ms": 0.0,
        "decode_gib_s": 0.0,
        "applicable": false,
        "reason": "length-bucket dict not built (set ONPAIR_DICT_REORDER=lenbucket)"
      },
      {
        "kernel": "onpair_shmem_4tpt_regcache",
        "decode_ms": 2.072544,
        "decode_gib_s": 449.3614005247485,
        "decode_ns_iters": [
          2074048,
          2081216,
          2073920,
          2077248,
          2075392,
          2076160,
          2073600,
          2079968,
          2073600,
          2076256,
          2073280,
          2075008,
          2081760,
          2075904,
          2078048,
          2075392,
          2075968,
          2076736,
          2074912,
          2072896,
          2076288,
          2074176,
          2072768,
          2075040,
          2075136,
          2072544,
          2073152,
          2074656,
          2073600,
          2075488
        ],
        "applicable": true
      },
      {
        "kernel": "onpair_shmem_4tpt_split4read",
        "decode_ms": 2.93344,
        "decode_gib_s": 317.4843441451553,
        "decode_ns_iters": [
          2937088,
          2936064,
          2935776,
          2935424,
          2933536,
          2936704,
          2933440,
          2933536,
          2936544,
          2936832,
          2936832,
          2937216,
          2937152,
          2942208,
          2937568,
          2944416,
          2937984,
          2936096,
          2936288,
          2935040,
          2934880,
          2934624,
          2934848,
          2936896,
          2936576,
          2935136,
          2938496,
          2934816,
          2935168,
          2938240
        ],
        "applicable": true
      },
      {
        "kernel": "onpair_shmem_4tpt_split4read_b128o12",
        "decode_ms": 3.22064,
        "decode_gib_s": 289.17273414264383,
        "decode_ns_iters": [
          3223392,
          3225888,
          3224416,
          3224736,
          3231264,
          3220640,
          3225920,
          3223040,
          3225024,
          3225024,
          3222048,
          3227456,
          3223968,
          3222880,
          3224064,
          3224544,
          3224384,
          3222784,
          3222816,
          3222560,
          3224736,
          3221856,
          3224384,
          3223328,
          3223584,
          3223616,
          3230496,
          3224480,
          3224704,
          3230336
        ],
        "applicable": true
      },
      {
        "kernel": "onpair_shmem_4tpt_cluster_dsmem",
        "decode_ms": 7.952512,
        "decode_gib_s": 117.11032620751334,
        "decode_ns_iters": [
          7969568,
          7967328,
          7977664,
          7958912,
          7959872,
          7961728,
          7966752,
          7964480,
          7969952,
          7962463,
          7958304,
          7969025,
          7961888,
          7963104,
          7956544,
          7952640,
          7955167,
          7953760,
          7962112,
          7956544,
          7962496,
          7964448,
          7958528,
          7958016,
          7953536,
          7952928,
          7952512,
          7964736,
          7956640,
          7954624
        ],
        "applicable": true
      },
      {
        "kernel": "onpair_shmem_8tpt",
        "decode_ms": 2.333248,
        "decode_gib_s": 399.15228663612453,
        "decode_ns_iters": [
          2343712,
          2336512,
          2345408,
          2334720,
          2335104,
          2334336,
          2334464,
          2333248,
          2333920,
          2333760,
          2334752,
          2335648,
          2333664,
          2334336,
          2334688,
          2336000,
          2335808,
          2334432,
          2335584,
          2334688,
          2334464,
          2333696,
          2334848,
          2335264,
          2337216,
          2337696,
          2336864,
          2335040,
          2336224,
          2334304
        ],
        "applicable": true
      },
      {
        "kernel": "onpair_shmem_8tpt_b128",
        "decode_ms": 2.381984,
        "decode_gib_s": 390.9855290754112,
        "decode_ns_iters": [
          2382304,
          2390944,
          2384768,
          2382784,
          2385728,
          2382976,
          2385728,
          2383552,
          2384096,
          2382816,
          2384032,
          2383648,
          2386176,
          2383392,
          2384448,
          2382752,
          2383424,
          2383040,
          2388768,
          2381984,
          2389056,
          2383456,
          2384000,
          2386784,
          2386432,
          2388544,
          2384416,
          2386944,
          2387488,
          2382944
        ],
        "applicable": true
      },
      {
        "kernel": "onpair_shmem_4tpt_vwidth",
        "decode_ms": 5.54016,
        "decode_gib_s": 168.10367832141387,
        "decode_ns_iters": [
          5541088,
          5542080,
          5541408,
          5541792,
          5540160,
          5543968,
          5540736,
          5541536,
          5541728,
          5542016,
          5548480,
          5540832,
          5545056,
          5545920,
          5546688,
          5546144,
          5545120,
          5546400,
          5545600,
          5546304,
          5545024,
          5544928,
          5544800,
          5543744,
          5545408,
          5544352,
          5545376,
          5544160,
          5545216,
          5546400
        ],
        "applicable": true
      },
      {
        "kernel": "onpair_shmem_4tpt_vwidth_b128",
        "decode_ms": 6.609312,
        "decode_gib_s": 140.91047214735275,
        "decode_ns_iters": [
          6621696,
          6613312,
          6630272,
          6630912,
          6630048,
          6624768,
          6630880,
          6655808,
          6635744,
          6637920,
          6627520,
          6627200,
          6609312,
          6628640,
          6630784,
          6640096,
          6633824,
          6631776,
          6617504,
          6613760,
          6629088,
          6623456,
          6642464,
          6627328,
          6632192,
          6638912,
          6634624,
          6636384,
          6628768,
          6616928
        ],
        "applicable": true
      },
      {
        "kernel": "onpair_shmem_4tpt_vwidth4",
        "decode_ms": 2.503136,
        "decode_gib_s": 372.0617954794164,
        "decode_ns_iters": [
          2513920,
          2507520,
          2509824,
          2508096,
          2508320,
          2506912,
          2507488,
          2504576,
          2506592,
          2505408,
          2507648,
          2507648,
          2505632,
          2512352,
          2507968,
          2506368,
          2507360,
          2505472,
          2506880,
          2506496,
          2505760,
          2503136,
          2507392,
          2505632,
          2504992,
          2504096,
          2505888,
          2506336,
          2504320,
          2507680
        ],
        "applicable": true
      },
      {
        "kernel": "onpair_shmem_4tpt_vwidth4_b128",
        "decode_ms": 2.59312,
        "decode_gib_s": 359.15085861401104,
        "decode_ns_iters": [
          2594080,
          2596800,
          2598208,
          2597952,
          2593472,
          2596128,
          2597760,
          2597216,
          2596704,
          2596064,
          2595584,
          2596160,
          2595680,
          2594336,
          2595936,
          2595392,
          2594688,
          2597184,
          2593120,
          2593632,
          2596736,
          2597664,
          2600128,
          2595520,
          2597760,
          2594464,
          2595360,
          2595904,
          2597056,
          2596224
        ],
        "applicable": true
      },
      {
        "kernel": "onpair_shmem_4tpt_shdict8",
        "decode_ms": 0.0,
        "decode_gib_s": 0.0,
        "applicable": false,
        "reason": "dict_s8 + staging needs 606464 B shared, over 229376 B cap"
      },
      {
        "kernel": "onpair_shmem_4tpt_ablate",
        "decode_ms": 2.160128,
        "decode_gib_s": 431.14170756972015,
        "decode_ns_iters": [
          2164384,
          2162336,
          2171360,
          2160128,
          2162400,
          2160672,
          2164000,
          2163584,
          2163456,
          2163328,
          2160384,
          2163328,
          2163040,
          2164224,
          2170208,
          2163776,
          2164512,
          2164800,
          2164704,
          2164928,
          2164256,
          2164256,
          2161280,
          2164032,
          2160640,
          2162944,
          2162368,
          2163744,
          2167424,
          2163296
        ],
        "applicable": true
      },
      {
        "kernel": "onpair_shmem_4tpt_ablate_nogather",
        "decode_ms": 0.956896,
        "decode_gib_s": 973.273244416493,
        "decode_ns_iters": [
          959392,
          957568,
          961056,
          956896,
          958944,
          959136,
          963168,
          966912,
          958496,
          959616,
          960384,
          958336,
          959296,
          958016,
          957984,
          959136,
          958272,
          960352,
          959392,
          959488,
          967968,
          960960,
          960032,
          958432,
          961760,
          966944,
          961632,
          958688,
          958816,
          957600
        ],
        "applicable": true
      },
      {
        "kernel": "onpair_shmem_4tpt_ablate_noemit",
        "decode_ms": 0.72016,
        "decode_gib_s": 1293.214389148473,
        "decode_ns_iters": [
          729824,
          724512,
          726144,
          727904,
          729728,
          728352,
          728288,
          731968,
          728320,
          740096,
          736672,
          724832,
          731296,
          733504,
          723264,
          721056,
          727136,
          729984,
          720160,
          729792,
          730208,
          727392,
          730432,
          727872,
          730880,
          739712,
          729216,
          720736,
          721696,
          734848
        ],
        "applicable": true
      },
      {
        "kernel": "onpair_shmem_4tpt_ablate_nodrain",
        "decode_ms": 2.027232,
        "decode_gib_s": 459.40537367660147,
        "decode_ns_iters": [
          2030400,
          2029216,
          2030560,
          2028000,
          2039328,
          2030336,
          2029696,
          2030560,
          2027232,
          2030304,
          2027584,
          2028544,
          2034400,
          2027936,
          2030816,
          2036384,
          2030016,
          2029920,
          2029280,
          2030304,
          2034848,
          2028672,
          2029024,
          2029344,
          2029760,
          2027424,
          2028608,
          2029152,
          2029440,
          2028800
        ],
        "applicable": true
      },
      {
        "kernel": "onpair_shmem_4tpt_ablate_noscan",
        "decode_ms": 2.42352,
        "decode_gib_s": 384.28454252045145,
        "decode_ns_iters": [
          2426880,
          2426144,
          2425728,
          2425120,
          2427648,
          2424608,
          2427136,
          2426880,
          2426336,
          2423520,
          2427552,
          2424672,
          2425600,
          2427616,
          2423904,
          2427616,
          2425504,
          2425856,
          2433728,
          2428416,
          2428672,
          2423904,
          2429408,
          2425216,
          2426208,
          2426816,
          2425056,
          2428000,
          2427712,
          2428416
        ],
        "applicable": true
      },
      {
        "kernel": "onpair_shmem_4tpt_ablate_cfree",
        "decode_ms": 2.163232,
        "decode_gib_s": 430.5230666378661,
        "decode_ns_iters": [
          2169088,
          2167936,
          2168800,
          2165600,
          2167328,
          2167168,
          2168576,
          2167936,
          2170400,
          2167616,
          2169504,
          2176256,
          2169312,
          2169504,
          2168640,
          2169568,
          2169088,
          2169984,
          2168928,
          2167648,
          2168960,
          2163232,
          2176224,
          2166848,
          2167712,
          2169280,
          2170560,
          2169824,
          2169952,
          2168096
        ],
        "applicable": true
      },
      {
        "kernel": "onpair_shmem_s8",
        "decode_ms": 0.0,
        "decode_gib_s": 0.0,
        "applicable": false,
        "reason": "dictionary entry longer than 8 bytes"
      },
      {
        "kernel": "onpair_shmem_s8_2tpt",
        "decode_ms": 0.0,
        "decode_gib_s": 0.0,
        "applicable": false,
        "reason": "dictionary entry longer than 8 bytes"
      },
      {
        "kernel": "onpair_shmem_s8_4tpt",
        "decode_ms": 0.0,
        "decode_gib_s": 0.0,
        "applicable": false,
        "reason": "dictionary entry longer than 8 bytes"
      },
      {
        "kernel": "onpair_shmem_s8_8tpt",
        "decode_ms": 0.0,
        "decode_gib_s": 0.0,
        "applicable": false,
        "reason": "dictionary entry longer than 8 bytes"
      },
      {
        "kernel": "onpair_shmem_s4l1",
        "decode_ms": 0.0,
        "decode_gib_s": 0.0,
        "applicable": false,
        "reason": "dictionary entry longer than 4 bytes"
      },
      {
        "kernel": "onpair_shmem_s4l1_2tpt",
        "decode_ms": 0.0,
        "decode_gib_s": 0.0,
        "applicable": false,
        "reason": "dictionary entry longer than 4 bytes"
      },
      {
        "kernel": "onpair_shmem_s4l1_4tpt",
        "decode_ms": 0.0,
        "decode_gib_s": 0.0,
        "applicable": false,
        "reason": "dictionary entry longer than 4 bytes"
      },
      {
        "kernel": "onpair_shmem_s4l1_8tpt",
        "decode_ms": 0.0,
        "decode_gib_s": 0.0,
        "applicable": false,
        "reason": "dictionary entry longer than 4 bytes"
      },
      {
        "kernel": "onpair_shmem_s4l1_16tpt",
        "decode_ms": 0.0,
        "decode_gib_s": 0.0,
        "applicable": false,
        "reason": "dictionary entry longer than 4 bytes"
      },
      {
        "kernel": "onpair_shmem_s4l1_32tpt",
        "decode_ms": 0.0,
        "decode_gib_s": 0.0,
        "applicable": false,
        "reason": "dictionary entry longer than 4 bytes"
      },
      {
        "kernel": "onpair_shmem_const1",
        "decode_ms": 0.0,
        "decode_gib_s": 0.0,
        "applicable": false,
        "reason": "not every dictionary entry is exactly 1 byte"
      },
      {
        "kernel": "onpair_shmem_const2",
        "decode_ms": 0.0,
        "decode_gib_s": 0.0,
        "applicable": false,
        "reason": "not every dictionary entry is exactly 2 bytes"
      }
    ]
  }
}
==PROF== Disconnected from process 28692
==PROF== Report: /home/ubuntu/work/ncu_costsurface_fineweb_text_b16.ncu-rep
