==PROF== Connected to process 25078 (/home/ubuntu/work/target/release/onpair-chunk-bench)
2026-07-06T03:30:25.247956Z  INFO vortex_cuda: vortex-cuda/src/lib.rs:111: Registering CUDA kernels
==WARNING== Unable to access the following 6 metrics: ctc__rx_bytes_data_user.sum, ctc__rx_bytes_data_user.sum.pct_of_peak_sustained_elapsed, ctc__rx_bytes_data_user.sum.per_second, ctc__tx_bytes_data_user.sum, ctc__tx_bytes_data_user.sum.pct_of_peak_sustained_elapsed, ctc__tx_bytes_data_user.sum.per_second.


==PROF== Profiling "onpair_shmem_4tpt_split8read": 0%....50%....100% - 38 passes
==PROF== Profiling "onpair_shmem_4tpt_split8read": 0%....50%....100% - 38 passes
==PROF== Profiling "onpair_shmem_4tpt_split8read": 0%....50%....100% - 38 passes
==PROF== Profiling "onpair_shmem_4tpt_split8read": 0%....50%....100% - 38 passes
==PROF== Profiling "onpair_shmem_4tpt_split8read": 0%....50%....100% - 38 passes
==PROF== Profiling "onpair_shmem_4tpt_split8read": 0%....50%....100% - 38 passes
==PROF== Profiling "onpair_shmem_4tpt_split8read": 0%....50%....100% - 38 passes
==PROF== Profiling "onpair_shmem_4tpt_split8read": 0%....50%....100% - 38 passes
==PROF== Profiling "onpair_shmem_4tpt_split8read": 0%....50%....100% - 38 passes
==PROF== Profiling "onpair_shmem_4tpt_split8read": 0%....50%....100% - 38 passes
==PROF== Profiling "onpair_shmem_4tpt_split8read": 0%....50%....100% - 38 passes
==PROF== Profiling "onpair_shmem_4tpt_split8read": 0%....50%....100% - 38 passes
==PROF== Profiling "onpair_shmem_4tpt_split8read": 0%....50%....100% - 38 passes
==PROF== Profiling "onpair_shmem_4tpt_split8read": 0%....50%....100% - 38 passes
==PROF== Profiling "onpair_shmem_4tpt_split8read": 0%....50%....100% - 38 passes
==PROF== Profiling "onpair_shmem_4tpt_split8read": 0%....50%....100% - 38 passes
{
  "files": [
    "/home/ubuntu/work/vortex-bench/data/onpair-bench/clickbench/URL/bits12_chunk1000mb_thr0.20/part_0000.vortex"
  ],
  "column": "URL",
  "rows": 12254692,
  "in_memory_bytes": 348576681,
  "dict_bytes": 21166,
  "gpu": {
    "iterations": 30,
    "decoded_bytes": 999999995,
    "chunks": 1,
    "auto_kernel": "onpair_shmem_4tpt",
    "frac_le8": 0.8150554,
    "dict_mean_len": 4.6521726,
    "dict_max_len": 16,
    "dict_entries_max": 4096,
    "small_dict": true,
    "distinct_codes": 4014,
    "access_top4096_frac": 1.0,
    "compressed_bytes": 429931956,
    "h2d_gib_s": 9.27854454226546,
    "whole_decompress_gib_s": 20.887123737072745,
    "best_kernel": "onpair_shmem_4tpt_split8read_b128o12",
    "auto_decode_ms": 1.434464,
    "best_decode_ms": 1.23424,
    "validated": false,
    "auto_decode_gib_s": 649.2477817211626,
    "best_decode_gib_s": 754.5716959091146,
    "kernels": [
      {
        "kernel": "onpair_shmem",
        "decode_ms": 1.965728,
        "decode_gib_s": 473.77997869433904,
        "decode_ns_iters": [
          1970816,
          1970240,
          1969888,
          1968864,
          1968736,
          1969216,
          1982976,
          1969600,
          1966784,
          1968512,
          1968256,
          1966816,
          1968896,
          1966528,
          1968416,
          1969440,
          1966336,
          1968416,
          1968064,
          1968800,
          1965728,
          1975072,
          1968736,
          1969792,
          1967104,
          1967584,
          1966976,
          1968256,
          1966272,
          1969376
        ],
        "applicable": true
      },
      {
        "kernel": "onpair_shmem_2tpt",
        "decode_ms": 1.44848,
        "decode_gib_s": 642.9654327010836,
        "decode_ns_iters": [
          1450560,
          1450976,
          1454368,
          1450560,
          1451488,
          1450656,
          1448480,
          1449568,
          1448768,
          1449472,
          1449024,
          1457472,
          1451616,
          1451040,
          1449952,
          1450048,
          1450912,
          1450752,
          1448672,
          1448480,
          1456640,
          1450848,
          1449824,
          1450368,
          1450464,
          1449888,
          1449984,
          1450848,
          1451680,
          1450592
        ],
        "applicable": true
      },
      {
        "kernel": "onpair_shmem_4tpt",
        "decode_ms": 1.434464,
        "decode_gib_s": 649.2477817211626,
        "decode_ns_iters": [
          1435136,
          1438880,
          1435456,
          1435392,
          1444896,
          1438560,
          1436480,
          1436832,
          1436480,
          1438720,
          1438304,
          1437024,
          1437376,
          1440512,
          1437888,
          1438240,
          1439392,
          1438432,
          1438784,
          1443392,
          1440224,
          1438848,
          1434464,
          1439456,
          1435968,
          1439168,
          1438112,
          1437280,
          1440864,
          1438080
        ],
        "applicable": true
      },
      {
        "kernel": "onpair_shmem_4tpt_wpb8",
        "decode_ms": 1.398624,
        "decode_gib_s": 665.8848768209795,
        "decode_ns_iters": [
          1402048,
          1399840,
          1399360,
          1399136,
          1404032,
          1401152,
          1401088,
          1402400,
          1400736,
          1401504,
          1399808,
          1399104,
          1400160,
          1399456,
          1402144,
          1398624,
          1400288,
          1400512,
          1400192,
          1399904,
          1400832,
          1400224,
          1400128,
          1400320,
          1399392,
          1399520,
          1401792,
          1399232,
          1401056,
          1400416
        ],
        "applicable": true
      },
      {
        "kernel": "onpair_shmem_4tpt_wpb8_occ",
        "decode_ms": 1.335776,
        "decode_gib_s": 697.214630266501,
        "decode_ns_iters": [
          1341920,
          1342016,
          1340544,
          1342208,
          1336320,
          1337376,
          1341440,
          1336864,
          1348736,
          1341280,
          1338272,
          1338368,
          1338784,
          1340960,
          1336896,
          1337088,
          1337792,
          1342304,
          1339648,
          1339520,
          1343136,
          1339456,
          1344352,
          1338240,
          1342112,
          1341600,
          1335776,
          1341920,
          1341152,
          1347712
        ],
        "applicable": true
      },
      {
        "kernel": "onpair_shmem_4tpt_b128",
        "decode_ms": 1.317888,
        "decode_gib_s": 706.6780864222648,
        "decode_ns_iters": [
          1318784,
          1318016,
          1320032,
          1321312,
          1320128,
          1318720,
          1321376,
          1320576,
          1327904,
          1319968,
          1319744,
          1318432,
          1318656,
          1318528,
          1317888,
          1319136,
          1317984,
          1323232,
          1318688,
          1320256,
          1321568,
          1319552,
          1320640,
          1319072,
          1318880,
          1323424,
          1319136,
          1319872,
          1319680,
          1320096
        ],
        "applicable": true
      },
      {
        "kernel": "onpair_shmem_4tpt_o6",
        "decode_ms": 1.295136,
        "decode_gib_s": 719.0924890967941,
        "decode_ns_iters": [
          1300672,
          1298432,
          1298304,
          1299360,
          1298880,
          1298112,
          1298944,
          1307680,
          1299808,
          1298720,
          1299264,
          1299552,
          1307392,
          1300416,
          1297408,
          1299008,
          1298528,
          1304736,
          1297504,
          1297216,
          1295136,
          1297312,
          1299328,
          1297472,
          1299328,
          1298208,
          1298016,
          1299328,
          1297856,
          1299104
        ],
        "applicable": true
      },
      {
        "kernel": "onpair_shmem_4tpt_b512o3",
        "decode_ms": 1.294656,
        "decode_gib_s": 719.359096129679,
        "decode_ns_iters": [
          1297664,
          1295040,
          1303936,
          1296416,
          1297248,
          1296416,
          1297280,
          1296576,
          1298016,
          1298336,
          1296928,
          1297664,
          1298080,
          1300096,
          1298944,
          1296800,
          1297440,
          1294656,
          1298816,
          1297920,
          1298688,
          1297728,
          1297696,
          1297344,
          1295840,
          1297504,
          1298784,
          1296192,
          1296288,
          1295744
        ],
        "applicable": true
      },
      {
        "kernel": "onpair_shmem_4tpt_b128o12",
        "decode_ms": 1.301376,
        "decode_gib_s": 715.6444947185637,
        "decode_ns_iters": [
          1304864,
          1303072,
          1304992,
          1303008,
          1301376,
          1302624,
          1301568,
          1313184,
          1303520,
          1302432,
          1307008,
          1302240,
          1306176,
          1304800,
          1304992,
          1302720,
          1305408,
          1304416,
          1303296,
          1304672,
          1303008,
          1304512,
          1302784,
          1302560,
          1302944,
          1304128,
          1303488,
          1302048,
          1303072,
          1301440
        ],
        "applicable": true
      },
      {
        "kernel": "onpair_shmem_4tpt_b64",
        "decode_ms": 1.317984,
        "decode_gib_s": 706.6266130384478,
        "decode_ns_iters": [
          1321760,
          1321920,
          1323552,
          1319424,
          1320000,
          1320672,
          1320256,
          1321696,
          1320992,
          1328640,
          1319936,
          1320256,
          1319360,
          1318784,
          1321344,
          1319648,
          1321056,
          1320608,
          1321024,
          1321216,
          1319776,
          1328672,
          1320992,
          1320864,
          1320672,
          1319136,
          1319200,
          1318592,
          1317984,
          1319296
        ],
        "applicable": true
      },
      {
        "kernel": "onpair_shmem_4tpt_b64o24",
        "decode_ms": 1.306272,
        "decode_gib_s": 712.9622084518887,
        "decode_ns_iters": [
          1309856,
          1306592,
          1307616,
          1307840,
          1307872,
          1319296,
          1307552,
          1308672,
          1307392,
          1308352,
          1307328,
          1306400,
          1309760,
          1307712,
          1307072,
          1306432,
          1307392,
          1306528,
          1308128,
          1308448,
          1306272,
          1308288,
          1307776,
          1306688,
          1308192,
          1306560,
          1307840,
          1307648,
          1306720,
          1306336
        ],
        "applicable": true
      },
      {
        "kernel": "onpair_shmem_4tpt_split8read_b128o12",
        "decode_ms": 1.23424,
        "decode_gib_s": 754.5716959091146,
        "decode_ns_iters": [
          1237824,
          1235488,
          1239712,
          1238080,
          1238976,
          1238592,
          1236992,
          1238816,
          1234240,
          1235456,
          1235648,
          1235872,
          1237952,
          1235744,
          1238368,
          1237280,
          1236000,
          1237248,
          1238752,
          1240320,
          1239328,
          1237376,
          1236896,
          1237280,
          1235136,
          1237824,
          1239328,
          1235232,
          1238528,
          1236992
        ],
        "applicable": true
      },
      {
        "kernel": "onpair_shmem_4tpt_split8read_occ",
        "decode_ms": 1.324384,
        "decode_gib_s": 703.2118856456025,
        "decode_ns_iters": [
          1326560,
          1326592,
          1324512,
          1324384,
          1335296,
          1326176,
          1330848,
          1328992,
          1326304,
          1327808,
          1327360,
          1334304,
          1328800,
          1331520,
          1328864,
          1329952,
          1328320,
          1329088,
          1334880,
          1327712,
          1325728,
          1326368,
          1327072,
          1329344,
          1324736,
          1327456,
          1328608,
          1328032,
          1325856,
          1328352
        ],
        "applicable": true
      },
      {
        "kernel": "onpair_shmem_4tpt_split8",
        "decode_ms": 1.538912,
        "decode_gib_s": 605.182473045155,
        "decode_ns_iters": [
          1540960,
          1543584,
          1540224,
          1539360,
          1540544,
          1539584,
          1540160,
          1539808,
          1541120,
          1540512,
          1540288,
          1542944,
          1540640,
          1541184,
          1538976,
          1539616,
          1546624,
          1539136,
          1542752,
          1539936,
          1538912,
          1541536,
          1540864,
          1540512,
          1539808,
          1539968,
          1541440,
          1541024,
          1539008,
          1539808
        ],
        "applicable": true
      },
      {
        "kernel": "onpair_shmem_4tpt_split8_wpb8",
        "decode_ms": 1.5416,
        "decode_gib_s": 604.1272508814644,
        "decode_ns_iters": [
          1542272,
          1545216,
          1542912,
          1544128,
          1543936,
          1542496,
          1542848,
          1542752,
          1543680,
          1543168,
          1542144,
          1545536,
          1544768,
          1545600,
          1542208,
          1542176,
          1543808,
          1543776,
          1543104,
          1541600,
          1542016,
          1544128,
          1543712,
          1544096,
          1544864,
          1544416,
          1543776,
          1543296,
          1543104,
          1543616
        ],
        "applicable": true
      },
      {
        "kernel": "onpair_shmem_4tpt_split8_wpb8_occ",
        "decode_ms": 1.478016,
        "decode_gib_s": 630.1167037155658,
        "decode_ns_iters": [
          1480192,
          1478560,
          1479584,
          1486976,
          1480288,
          1478784,
          1479040,
          1478848,
          1480352,
          1478016,
          1485792,
          1478464,
          1484512,
          1478592,
          1481280,
          1480320,
          1478976,
          1483584,
          1480320,
          1480096,
          1481856,
          1479552,
          1479520,
          1478816,
          1480256,
          1479872,
          1481184,
          1479168,
          1479904,
          1480032
        ],
        "applicable": true
      },
      {
        "kernel": "onpair_shmem_4tpt_pdict",
        "decode_ms": 1.795424,
        "decode_gib_s": 518.720129595497,
        "decode_ns_iters": [
          1803648,
          1802848,
          1803744,
          1804928,
          1802080,
          1808064,
          1803584,
          1803296,
          1797632,
          1821280,
          1804128,
          1802208,
          1811712,
          1805344,
          1810880,
          1799776,
          1800288,
          1803680,
          1805536,
          1803008,
          1802432,
          1808864,
          1804416,
          1803200,
          1806336,
          1800480,
          1804032,
          1795424,
          1808736,
          1804544
        ],
        "applicable": true
      },
      {
        "kernel": "onpair_shmem_4tpt_vdict",
        "decode_ms": 2.575392,
        "decode_gib_s": 361.6236168936091,
        "decode_ns_iters": [
          2591072,
          2576608,
          2578816,
          2584992,
          2580512,
          2583424,
          2582240,
          2584960,
          2576576,
          2581376,
          2585120,
          2579936,
          2582784,
          2582464,
          2575392,
          2582624,
          2577088,
          2578560,
          2578656,
          2582720,
          2581248,
          2582624,
          2577728,
          2580192,
          2579200,
          2588480,
          2581376,
          2586400,
          2581248,
          2582336
        ],
        "applicable": true
      },
      {
        "kernel": "onpair_shmem_4tpt_split8read",
        "decode_ms": 1.435136,
        "decode_gib_s": 648.9437725475952,
        "decode_ns_iters": [
          2129270554,
          2125051975,
          2123434782,
          2106545925,
          2112201929,
          2121549845,
          2151607275,
          2116035938,
          2128039598,
          2108110666,
          2134000778,
          2146142244,
          2145958185,
          2146309614,
          1504608,
          1442400,
          1548512,
          1436256,
          1442720,
          1438560,
          1437280,
          1437472,
          1436512,
          1437824,
          1435424,
          1435136,
          1435392,
          1438400,
          1437344,
          1437504
        ],
        "applicable": true
      },
      {
        "kernel": "onpair_shmem_4tpt_ldcs",
        "decode_ms": 1.479808,
        "decode_gib_s": 629.3536526082206,
        "decode_ns_iters": [
          1480800,
          1481824,
          1484544,
          1484384,
          1482304,
          1482656,
          1482208,
          1480320,
          1485088,
          1480480,
          1482560,
          1481792,
          1489760,
          1480736,
          1482528,
          1483392,
          1483072,
          1484576,
          1484064,
          1489088,
          1485376,
          1481664,
          1483296,
          1479808,
          1489472,
          1481376,
          1481664,
          1483008,
          1480960,
          1482688
        ],
        "applicable": true
      },
      {
        "kernel": "onpair_shmem_4tpt_lenbucket",
        "decode_ms": 0.0,
        "decode_gib_s": 0.0,
        "applicable": false,
        "reason": "length-bucket dict not built (set ONPAIR_DICT_REORDER=lenbucket)"
      },
      {
        "kernel": "onpair_shmem_4tpt_lenbucket_b128",
        "decode_ms": 0.0,
        "decode_gib_s": 0.0,
        "applicable": false,
        "reason": "length-bucket dict not built (set ONPAIR_DICT_REORDER=lenbucket)"
      },
      {
        "kernel": "onpair_shmem_4tpt_regcache",
        "decode_ms": 1.620416,
        "decode_gib_s": 574.7428869863452,
        "decode_ns_iters": [
          1620416,
          1622304,
          1621120,
          1623456,
          1631360,
          1623232,
          1624896,
          1623136,
          1624128,
          1622272,
          1622112,
          1624480,
          1627520,
          1627936,
          1625024,
          1625056,
          1626048,
          1624512,
          1624928,
          1621664,
          1623168,
          1621568,
          1621344,
          1626368,
          1625024,
          1626304,
          1622112,
          1624064,
          1627008,
          1633024
        ],
        "applicable": true
      },
      {
        "kernel": "onpair_shmem_4tpt_split4read",
        "decode_ms": 1.499776,
        "decode_gib_s": 620.9744454897702,
        "decode_ns_iters": [
          1505408,
          1502432,
          1505152,
          1502944,
          1504864,
          1503936,
          1506976,
          1504160,
          1505312,
          1505280,
          1506208,
          1514528,
          1503584,
          1505632,
          1505184,
          1501504,
          1506720,
          1502432,
          1500672,
          1500416,
          1499776,
          1500448,
          1501184,
          1502624,
          1501728,
          1504160,
          1503168,
          1502400,
          1504800,
          1502624
        ],
        "applicable": true
      },
      {
        "kernel": "onpair_shmem_4tpt_split4read_b128o12",
        "decode_ms": 1.359296,
        "decode_gib_s": 685.1506735537113,
        "decode_ns_iters": [
          1364864,
          1364192,
          1370400,
          1364128,
          1363424,
          1362848,
          1361760,
          1363360,
          1363168,
          1361312,
          1361728,
          1363360,
          1362656,
          1372992,
          1360544,
          1361248,
          1361920,
          1361216,
          1359296,
          1362400,
          1362304,
          1363232,
          1363072,
          1363648,
          1364576,
          1362048,
          1370656,
          1365120,
          1363424,
          1364096
        ],
        "applicable": true
      },
      {
        "kernel": "onpair_shmem_4tpt_cluster_dsmem",
        "decode_ms": 5.610048,
        "decode_gib_s": 166.00973288621873,
        "decode_ns_iters": [
          5623904,
          5667072,
          5647840,
          5695680,
          5635008,
          5645920,
          5636288,
          5678944,
          5610048,
          5646528,
          5656896,
          5680128,
          5685600,
          5642816,
          5640320,
          5632928,
          5663424,
          5641824,
          5644480,
          5640320,
          5655168,
          5652256,
          5627904,
          5645920,
          5648320,
          5630816,
          5633280,
          5634048,
          5691488,
          5656480
        ],
        "applicable": true
      },
      {
        "kernel": "onpair_shmem_8tpt",
        "decode_ms": 1.342368,
        "decode_gib_s": 693.7908010015626,
        "decode_ns_iters": [
          1346528,
          1352096,
          1343424,
          1344864,
          1345312,
          1342880,
          1344256,
          1344864,
          1352960,
          1345824,
          1343360,
          1344576,
          1346112,
          1343744,
          1342368,
          1346112,
          1342720,
          1351296,
          1344864,
          1343328,
          1342464,
          1342528,
          1345056,
          1343392,
          1346560,
          1343520,
          1342592,
          1342848,
          1344032,
          1344192
        ],
        "applicable": true
      },
      {
        "kernel": "onpair_shmem_8tpt_b128",
        "decode_ms": 1.330624,
        "decode_gib_s": 699.9141530281023,
        "decode_ns_iters": [
          1354048,
          1347264,
          1346656,
          1347584,
          1349376,
          1347104,
          1347968,
          1350240,
          1349440,
          1431104,
          1336640,
          1350272,
          1334016,
          1331648,
          1332640,
          1332928,
          1332576,
          1333088,
          1341984,
          1332608,
          1334496,
          1330624,
          1332864,
          1332576,
          1332640,
          1339072,
          1331296,
          1331840,
          1331776,
          1334048
        ],
        "applicable": true
      },
      {
        "kernel": "onpair_shmem_4tpt_vwidth",
        "decode_ms": 4.327424,
        "decode_gib_s": 215.2140788512671,
        "decode_ns_iters": [
          4328896,
          4330944,
          4331072,
          4329888,
          4331520,
          4330048,
          4329184,
          4328096,
          4329312,
          4331616,
          4330272,
          4327968,
          4328064,
          4329184,
          4330240,
          4339360,
          4328992,
          4329024,
          4327424,
          4327936,
          4329888,
          4331904,
          4338496,
          4328608,
          4330240,
          4330048,
          4328032,
          4327840,
          4328928,
          4339232
        ],
        "applicable": true
      },
      {
        "kernel": "onpair_shmem_4tpt_vwidth_b128",
        "decode_ms": 5.581088,
        "decode_gib_s": 166.8711494889286,
        "decode_ns_iters": [
          5585536,
          5596800,
          5587872,
          5590688,
          5584160,
          5592896,
          5585248,
          5588672,
          5593344,
          5586432,
          5584416,
          5584256,
          5586912,
          5584064,
          5581088,
          5589088,
          5583808,
          5595520,
          5588288,
          5583200,
          5585120,
          5584960,
          5583200,
          5582880,
          5584960,
          5586752,
          5588096,
          5595712,
          5588544,
          5588576
        ],
        "applicable": true
      },
      {
        "kernel": "onpair_shmem_4tpt_vwidth4",
        "decode_ms": 1.79168,
        "decode_gib_s": 519.8040777141374,
        "decode_ns_iters": [
          1794176,
          1793024,
          1795392,
          1794048,
          1793952,
          1792448,
          1794752,
          1792672,
          1793632,
          1794016,
          1791840,
          1792768,
          1793888,
          1792896,
          1793984,
          1793440,
          1791680,
          1792864,
          1793248,
          1793664,
          1805536,
          1795072,
          1794400,
          1795328,
          1793280,
          1792128,
          1795584,
          1795360,
          1796288,
          1796384
        ],
        "applicable": true
      },
      {
        "kernel": "onpair_shmem_4tpt_vwidth4_b128",
        "decode_ms": 1.306304,
        "decode_gib_s": 712.9447433054371,
        "decode_ns_iters": [
          1310656,
          1307328,
          1311584,
          1311520,
          1312480,
          1307936,
          1307552,
          1317952,
          1309984,
          1309024,
          1310944,
          1310304,
          1309536,
          1309792,
          1311808,
          1309792,
          1308832,
          1313504,
          1308960,
          1308576,
          1317216,
          1309984,
          1314560,
          1309984,
          1307552,
          1308032,
          1306304,
          1308928,
          1308160,
          1307840
        ],
        "applicable": true
      },
      {
        "kernel": "onpair_shmem_4tpt_shdict8",
        "decode_ms": 2.513504,
        "decode_gib_s": 370.5275861740684,
        "decode_ns_iters": [
          2533600,
          2526944,
          2529920,
          2525632,
          2526688,
          2531584,
          2524800,
          2536480,
          2524736,
          2513504,
          2523936,
          2524256,
          2524832,
          2522496,
          2532448,
          2523776,
          2517920,
          2522944,
          2523232,
          2524736,
          2539328,
          2526336,
          2518112,
          2529952,
          2526720,
          2522656,
          2526560,
          2518528,
          2524448,
          2522048
        ],
        "applicable": true
      },
      {
        "kernel": "onpair_shmem_4tpt_ablate",
        "decode_ms": 1.315008,
        "decode_gib_s": 708.2257826255549,
        "decode_ns_iters": [
          1320064,
          1318496,
          1318944,
          1315648,
          1315936,
          1315712,
          1321408,
          1316640,
          1317152,
          1317600,
          1315648,
          1315936,
          1317152,
          1316992,
          1316768,
          1315936,
          1315808,
          1315488,
          1315584,
          1317248,
          1315200,
          1316544,
          1315712,
          1322400,
          1316544,
          1327520,
          1319264,
          1315936,
          1316960,
          1315008
        ],
        "applicable": true
      },
      {
        "kernel": "onpair_shmem_4tpt_ablate_nogather",
        "decode_ms": 0.986752,
        "decode_gib_s": 943.826381865824,
        "decode_ns_iters": [
          987840,
          988512,
          987584,
          989120,
          988224,
          986752,
          1000608,
          987904,
          989472,
          987488,
          987552,
          986816,
          987392,
          989120,
          988768,
          989568,
          989248,
          999552,
          996864,
          987264,
          988800,
          987584,
          988928,
          987200,
          987136,
          989536,
          988128,
          988672,
          987776,
          987552
        ],
        "applicable": true
      },
      {
        "kernel": "onpair_shmem_4tpt_ablate_noemit",
        "decode_ms": 0.7472,
        "decode_gib_s": 1246.4167156837068,
        "decode_ns_iters": [
          758560,
          748672,
          759840,
          751360,
          757536,
          759072,
          748192,
          761408,
          761184,
          755392,
          758912,
          758944,
          756384,
          755616,
          752896,
          754112,
          761632,
          754752,
          759584,
          750240,
          760768,
          747200,
          749664,
          756032,
          753600,
          757184,
          755264,
          761984,
          752992,
          758272
        ],
        "applicable": true
      },
      {
        "kernel": "onpair_shmem_4tpt_ablate_nodrain",
        "decode_ms": 1.189984,
        "decode_gib_s": 782.6345311860208,
        "decode_ns_iters": [
          1190432,
          1189984,
          1197888,
          1190592,
          1192032,
          1191136,
          1191104,
          1191104,
          1192128,
          1199232,
          1192576,
          1191648,
          1200384,
          1193632,
          1192416,
          1192544,
          1191680,
          1191264,
          1190240,
          1190432,
          1190176,
          1192896,
          1191872,
          1190464,
          1191072,
          1191168,
          1190400,
          1189984,
          1190176,
          1190304
        ],
        "applicable": true
      },
      {
        "kernel": "onpair_shmem_4tpt_ablate_noscan",
        "decode_ms": 0.951872,
        "decode_gib_s": 978.4115615953253,
        "decode_ns_iters": [
          951872,
          963552,
          968640,
          962112,
          961280,
          969024,
          969408,
          960832,
          957536,
          967392,
          968352,
          955488,
          967008,
          954688,
          961376,
          956576,
          959360,
          957760,
          959488,
          958624,
          966304,
          961120,
          971072,
          960928,
          959520,
          957920,
          962400,
          961184,
          962272,
          964352
        ],
        "applicable": true
      },
      {
        "kernel": "onpair_shmem_4tpt_ablate_cfree",
        "decode_ms": 1.218016,
        "decode_gib_s": 764.622607551022,
        "decode_ns_iters": [
          1221152,
          1220288,
          1222496,
          1220768,
          1221216,
          1220096,
          1220608,
          1221824,
          1222048,
          1226080,
          1218016,
          1219040,
          1227456,
          1218272,
          1221056,
          1228512,
          1221024,
          1221600,
          1220544,
          1220064,
          1220576,
          1219296,
          1219616,
          1220032,
          1221504,
          1219296,
          1219200,
          1221024,
          1226048,
          1221408
        ],
        "applicable": true
      },
      {
        "kernel": "onpair_shmem_s8",
        "decode_ms": 0.0,
        "decode_gib_s": 0.0,
        "applicable": false,
        "reason": "dictionary entry longer than 8 bytes"
      },
      {
        "kernel": "onpair_shmem_s8_2tpt",
        "decode_ms": 0.0,
        "decode_gib_s": 0.0,
        "applicable": false,
        "reason": "dictionary entry longer than 8 bytes"
      },
      {
        "kernel": "onpair_shmem_s8_4tpt",
        "decode_ms": 0.0,
        "decode_gib_s": 0.0,
        "applicable": false,
        "reason": "dictionary entry longer than 8 bytes"
      },
      {
        "kernel": "onpair_shmem_s8_8tpt",
        "decode_ms": 0.0,
        "decode_gib_s": 0.0,
        "applicable": false,
        "reason": "dictionary entry longer than 8 bytes"
      },
      {
        "kernel": "onpair_shmem_s4l1",
        "decode_ms": 0.0,
        "decode_gib_s": 0.0,
        "applicable": false,
        "reason": "dictionary entry longer than 4 bytes"
      },
      {
        "kernel": "onpair_shmem_s4l1_2tpt",
        "decode_ms": 0.0,
        "decode_gib_s": 0.0,
        "applicable": false,
        "reason": "dictionary entry longer than 4 bytes"
      },
      {
        "kernel": "onpair_shmem_s4l1_4tpt",
        "decode_ms": 0.0,
        "decode_gib_s": 0.0,
        "applicable": false,
        "reason": "dictionary entry longer than 4 bytes"
      },
      {
        "kernel": "onpair_shmem_s4l1_8tpt",
        "decode_ms": 0.0,
        "decode_gib_s": 0.0,
        "applicable": false,
        "reason": "dictionary entry longer than 4 bytes"
      },
      {
        "kernel": "onpair_shmem_s4l1_16tpt",
        "decode_ms": 0.0,
        "decode_gib_s": 0.0,
        "applicable": false,
        "reason": "dictionary entry longer than 4 bytes"
      },
      {
        "kernel": "onpair_shmem_s4l1_32tpt",
        "decode_ms": 0.0,
        "decode_gib_s": 0.0,
        "applicable": false,
        "reason": "dictionary entry longer than 4 bytes"
      },
      {
        "kernel": "onpair_shmem_const1",
        "decode_ms": 0.0,
        "decode_gib_s": 0.0,
        "applicable": false,
        "reason": "not every dictionary entry is exactly 1 byte"
      },
      {
        "kernel": "onpair_shmem_const2",
        "decode_ms": 0.0,
        "decode_gib_s": 0.0,
        "applicable": false,
        "reason": "not every dictionary entry is exactly 2 bytes"
      }
    ]
  }
}
==PROF== Disconnected from process 25078
==PROF== Report: /home/ubuntu/work/ncu_costsurface_clickbench_URL_b12.ncu-rep
