==PROF== Connected to process 23056 (/home/ubuntu/work/target/release/onpair-chunk-bench)
2026-07-06T03:26:44.600952Z  INFO vortex_cuda: vortex-cuda/src/lib.rs:111: Registering CUDA kernels
==WARNING== Unable to access the following 6 metrics: ctc__rx_bytes_data_user.sum, ctc__rx_bytes_data_user.sum.pct_of_peak_sustained_elapsed, ctc__rx_bytes_data_user.sum.per_second, ctc__tx_bytes_data_user.sum, ctc__tx_bytes_data_user.sum.pct_of_peak_sustained_elapsed, ctc__tx_bytes_data_user.sum.per_second.


==PROF== Profiling "onpair_shmem_4tpt": 0%....50%....100% - 38 passes
==PROF== Profiling "onpair_shmem_4tpt": 0%....50%....100% - 38 passes
==PROF== Profiling "onpair_shmem_4tpt": 0%....50%....100% - 38 passes
==PROF== Profiling "onpair_shmem_4tpt": 0%....50%....100% - 38 passes
==PROF== Profiling "onpair_shmem_4tpt": 0%....50%....100% - 38 passes
==PROF== Profiling "onpair_shmem_4tpt": 0%....50%....100% - 38 passes
==PROF== Profiling "onpair_shmem_4tpt": 0%....50%....100% - 38 passes
==PROF== Profiling "onpair_shmem_4tpt": 0%....50%....100% - 38 passes
==PROF== Profiling "onpair_shmem_4tpt": 0%....50%....100% - 38 passes
==PROF== Profiling "onpair_shmem_4tpt": 0%....50%....100% - 38 passes
==PROF== Profiling "onpair_shmem_4tpt": 0%....50%....100% - 38 passes
==PROF== Profiling "onpair_shmem_4tpt": 0%....50%....100% - 38 passes
==PROF== Profiling "onpair_shmem_4tpt": 0%....50%....100% - 38 passes
==PROF== Profiling "onpair_shmem_4tpt": 0%....50%....100% - 38 passes
==PROF== Profiling "onpair_shmem_4tpt": 0%....50%....100% - 38 passes
==PROF== Profiling "onpair_shmem_4tpt": 0%....50%....100% - 38 passes
{
  "files": [
    "/home/ubuntu/work/vortex-bench/data/onpair-bench/synthetic/url/bits16_chunk1000mb_thr0.20/part_0000.vortex"
  ],
  "column": "url",
  "rows": 10000000,
  "in_memory_bytes": 96300941,
  "dict_bytes": 4903,
  "gpu": {
    "iterations": 30,
    "decoded_bytes": 923569389,
    "chunks": 1,
    "auto_kernel": "onpair_shmem_4tpt",
    "frac_le8": 0.18053849,
    "dict_mean_len": 11.511963,
    "dict_max_len": 16,
    "dict_entries_max": 948,
    "small_dict": true,
    "distinct_codes": 221,
    "access_top4096_frac": 1.0,
    "compressed_bytes": 160459729,
    "h2d_gib_s": 9.341141281959548,
    "whole_decompress_gib_s": 51.40083794351493,
    "best_kernel": "onpair_shmem_4tpt_b512o3",
    "auto_decode_ms": 0.735968,
    "best_decode_ms": 0.686816,
    "validated": false,
    "auto_decode_gib_s": 1168.7206797028193,
    "best_decode_gib_s": 1252.3601971991397,
    "kernels": [
      {
        "kernel": "onpair_shmem",
        "decode_ms": 0.91776,
        "decode_gib_s": 937.217814242857,
        "decode_ns_iters": [
          930720,
          921728,
          922080,
          918048,
          920352,
          917760,
          920960,
          922240,
          922496,
          923968,
          918656,
          923136,
          924192,
          922112,
          922816,
          921792,
          924096,
          922368,
          921056,
          919904,
          921440,
          921664,
          919904,
          919680,
          920704,
          921376,
          920928,
          919648,
          925184,
          921152
        ],
        "applicable": true
      },
      {
        "kernel": "onpair_shmem_2tpt",
        "decode_ms": 0.732416,
        "decode_gib_s": 1174.3886277737304,
        "decode_ns_iters": [
          739520,
          738720,
          738144,
          735520,
          743744,
          740128,
          736224,
          737280,
          737184,
          736160,
          734880,
          735072,
          734944,
          734688,
          736832,
          736128,
          733056,
          733216,
          733632,
          734304,
          732896,
          736768,
          743232,
          739840,
          739648,
          735712,
          737024,
          734464,
          736064,
          732416
        ],
        "applicable": true
      },
      {
        "kernel": "onpair_shmem_4tpt",
        "decode_ms": 0.735968,
        "decode_gib_s": 1168.7206797028193,
        "decode_ns_iters": [
          1826613307,
          1797973633,
          1798982620,
          1804534197,
          1810337424,
          1818811893,
          1815674663,
          1824879885,
          1806846142,
          1827897072,
          1808705926,
          1806679845,
          1806010604,
          1825726271,
          798624,
          743520,
          740288,
          738368,
          736672,
          736896,
          738336,
          747168,
          738880,
          739360,
          738944,
          738592,
          735968,
          738336,
          737984,
          738976
        ],
        "applicable": true
      },
      {
        "kernel": "onpair_shmem_4tpt_wpb8",
        "decode_ms": 0.701696,
        "decode_gib_s": 1225.8029420140979,
        "decode_ns_iters": [
          705088,
          703936,
          704576,
          702976,
          703680,
          704256,
          704960,
          706240,
          711136,
          704064,
          703744,
          705664,
          704448,
          712256,
          701696,
          703520,
          704704,
          704672,
          713376,
          702848,
          703424,
          705728,
          703104,
          711648,
          704160,
          705856,
          705024,
          704480,
          711008,
          703552
        ],
        "applicable": true
      },
      {
        "kernel": "onpair_shmem_4tpt_wpb8_occ",
        "decode_ms": 0.691136,
        "decode_gib_s": 1244.5322211540486,
        "decode_ns_iters": [
          693792,
          695200,
          693056,
          695328,
          694688,
          692864,
          693056,
          695040,
          694848,
          693184,
          695584,
          692416,
          702592,
          693504,
          694240,
          693216,
          693088,
          692704,
          692480,
          692640,
          694528,
          692352,
          695360,
          692704,
          691136,
          693824,
          693312,
          693888,
          693664,
          692992
        ],
        "applicable": true
      },
      {
        "kernel": "onpair_shmem_4tpt_b128",
        "decode_ms": 0.688704,
        "decode_gib_s": 1248.927000858895,
        "decode_ns_iters": [
          693344,
          692416,
          691936,
          691616,
          693952,
          692224,
          694048,
          692960,
          696032,
          693952,
          701728,
          693344,
          692256,
          692800,
          692000,
          691808,
          691936,
          691456,
          690816,
          691424,
          692640,
          688704,
          692320,
          690944,
          692864,
          691744,
          692288,
          692160,
          691360,
          690912
        ],
        "applicable": true
      },
      {
        "kernel": "onpair_shmem_4tpt_o6",
        "decode_ms": 0.690784,
        "decode_gib_s": 1245.1663923882493,
        "decode_ns_iters": [
          692576,
          691168,
          692672,
          692192,
          692768,
          691072,
          691744,
          692224,
          691360,
          692832,
          691904,
          690784,
          692384,
          690816,
          692512,
          692576,
          692960,
          691776,
          691488,
          692896,
          691040,
          691296,
          699328,
          690976,
          691360,
          692160,
          692960,
          699328,
          691616,
          690944
        ],
        "applicable": true
      },
      {
        "kernel": "onpair_shmem_4tpt_b512o3",
        "decode_ms": 0.686816,
        "decode_gib_s": 1252.3601971991397,
        "decode_ns_iters": [
          690368,
          697440,
          690560,
          686816,
          688320,
          690464,
          691872,
          689728,
          691808,
          693856,
          692448,
          690720,
          689952,
          690944,
          689376,
          700224,
          691904,
          690656,
          690880,
          691424,
          699584,
          689536,
          692320,
          690496,
          690720,
          691680,
          690464,
          691680,
          690880,
          697376
        ],
        "applicable": true
      },
      {
        "kernel": "onpair_shmem_4tpt_b128o12",
        "decode_ms": 0.689312,
        "decode_gib_s": 1247.8253986576824,
        "decode_ns_iters": [
          692352,
          691360,
          693504,
          690368,
          691648,
          691712,
          692096,
          691328,
          691616,
          691072,
          690624,
          691936,
          692480,
          691200,
          693056,
          690848,
          692288,
          690560,
          692416,
          691392,
          690976,
          691296,
          692736,
          692480,
          692128,
          689312,
          691264,
          696672,
          691104,
          690144
        ],
        "applicable": true
      },
      {
        "kernel": "onpair_shmem_4tpt_b64",
        "decode_ms": 0.689184,
        "decode_gib_s": 1248.057153386504,
        "decode_ns_iters": [
          691904,
          691488,
          692832,
          690304,
          694496,
          694400,
          701376,
          694016,
          692288,
          691584,
          690560,
          695072,
          691264,
          689184,
          691040,
          690240,
          693216,
          691680,
          694112,
          693984,
          695648,
          690208,
          692064,
          691648,
          693024,
          691584,
          691648,
          691744,
          693952,
          692064
        ],
        "applicable": true
      },
      {
        "kernel": "onpair_shmem_4tpt_b64o24",
        "decode_ms": 0.691072,
        "decode_gib_s": 1244.6474769626382,
        "decode_ns_iters": [
          695104,
          692064,
          691072,
          692640,
          698784,
          691360,
          693344,
          692384,
          694912,
          699680,
          692800,
          693248,
          693504,
          694624,
          694944,
          695392,
          693440,
          694336,
          702464,
          694272,
          694880,
          693152,
          694240,
          692128,
          694400,
          693088,
          694400,
          693696,
          693824,
          696192
        ],
        "applicable": true
      },
      {
        "kernel": "onpair_shmem_4tpt_split8read_b128o12",
        "decode_ms": 0.721952,
        "decode_gib_s": 1191.4102616233827,
        "decode_ns_iters": [
          727232,
          724160,
          723616,
          721952,
          728224,
          727488,
          728800,
          726656,
          724736,
          724704,
          724320,
          735008,
          726080,
          725472,
          736640,
          726048,
          726400,
          726496,
          726368,
          726720,
          725216,
          729664,
          727552,
          728608,
          727744,
          725888,
          732736,
          723776,
          724640,
          723424
        ],
        "applicable": true
      },
      {
        "kernel": "onpair_shmem_4tpt_split8read_occ",
        "decode_ms": 0.723232,
        "decode_gib_s": 1189.301664195617,
        "decode_ns_iters": [
          723616,
          726368,
          723904,
          725824,
          726816,
          724480,
          725280,
          734144,
          725920,
          726592,
          726112,
          727552,
          726144,
          732960,
          726368,
          723424,
          724576,
          724192,
          725088,
          723232,
          726176,
          723776,
          725728,
          726496,
          732960,
          727264,
          725088,
          725408,
          724032,
          724960
        ],
        "applicable": true
      },
      {
        "kernel": "onpair_shmem_4tpt_split8",
        "decode_ms": 0.770272,
        "decode_gib_s": 1116.6718006100762,
        "decode_ns_iters": [
          777856,
          776256,
          777184,
          773664,
          774656,
          774848,
          774848,
          775456,
          770784,
          770272,
          772352,
          775232,
          774560,
          775744,
          773152,
          772608,
          776832,
          775648,
          776608,
          775552,
          777920,
          776384,
          774176,
          781728,
          775392,
          774208,
          784064,
          774624,
          776704,
          774080
        ],
        "applicable": true
      },
      {
        "kernel": "onpair_shmem_4tpt_split8_wpb8",
        "decode_ms": 0.767232,
        "decode_gib_s": 1121.0963844046187,
        "decode_ns_iters": [
          770752,
          770464,
          769728,
          768320,
          770336,
          770240,
          768864,
          769408,
          770912,
          775840,
          771328,
          768416,
          770688,
          769120,
          769664,
          768960,
          775552,
          776256,
          769856,
          770304,
          768384,
          767232,
          769824,
          767456,
          769664,
          767776,
          769504,
          769920,
          767360,
          768672
        ],
        "applicable": true
      },
      {
        "kernel": "onpair_shmem_4tpt_split8_wpb8_occ",
        "decode_ms": 0.756864,
        "decode_gib_s": 1136.4538691224902,
        "decode_ns_iters": [
          758944,
          768512,
          759040,
          758944,
          758432,
          759776,
          759392,
          759232,
          760416,
          759008,
          760768,
          759136,
          759456,
          759808,
          759040,
          762784,
          761184,
          758304,
          762624,
          759232,
          760928,
          756864,
          760992,
          759104,
          759072,
          760704,
          758656,
          762304,
          759392,
          760224
        ],
        "applicable": true
      },
      {
        "kernel": "onpair_shmem_4tpt_pdict",
        "decode_ms": 0.865792,
        "decode_gib_s": 993.4730526495098,
        "decode_ns_iters": [
          873280,
          866688,
          869952,
          880384,
          876352,
          866624,
          876768,
          871648,
          873888,
          867392,
          869664,
          867072,
          865792,
          869024,
          871264,
          870432,
          868736,
          871712,
          868640,
          870624,
          867680,
          872128,
          891488,
          884672,
          881184,
          885760,
          893888,
          888928,
          889600,
          894816
        ],
        "applicable": true
      },
      {
        "kernel": "onpair_shmem_4tpt_vdict",
        "decode_ms": 1.365728,
        "decode_gib_s": 629.8040467790983,
        "decode_ns_iters": [
          1375040,
          1379264,
          1383008,
          1367552,
          1377824,
          1373440,
          1376384,
          1380416,
          1377408,
          1369120,
          1373984,
          1375648,
          1380320,
          1381376,
          1375648,
          1375456,
          1375584,
          1375008,
          1372320,
          1374336,
          1369184,
          1370912,
          1372928,
          1384064,
          1381312,
          1374752,
          1375584,
          1381760,
          1365728,
          1374496
        ],
        "applicable": true
      },
      {
        "kernel": "onpair_shmem_4tpt_split8read",
        "decode_ms": 0.7536,
        "decode_gib_s": 1141.376089702129,
        "decode_ns_iters": [
          766976,
          760576,
          759456,
          756576,
          759200,
          761536,
          759328,
          756992,
          766112,
          760640,
          759360,
          758112,
          764160,
          756128,
          758624,
          756576,
          764768,
          757280,
          758336,
          755776,
          757504,
          757280,
          755072,
          753600,
          758624,
          768672,
          760480,
          760448,
          759072,
          758432
        ],
        "applicable": true
      },
      {
        "kernel": "onpair_shmem_4tpt_ldcs",
        "decode_ms": 0.739008,
        "decode_gib_s": 1163.9130039181232,
        "decode_ns_iters": [
          760320,
          759424,
          764576,
          767392,
          762112,
          773824,
          763200,
          765472,
          761696,
          766048,
          763616,
          762784,
          764416,
          769504,
          764288,
          765664,
          760800,
          761760,
          763520,
          761664,
          761120,
          771168,
          772128,
          793536,
          744224,
          740800,
          743520,
          739008,
          740384,
          741280
        ],
        "applicable": true
      },
      {
        "kernel": "onpair_shmem_4tpt_lenbucket",
        "decode_ms": 0.0,
        "decode_gib_s": 0.0,
        "applicable": false,
        "reason": "length-bucket dict not built (set ONPAIR_DICT_REORDER=lenbucket)"
      },
      {
        "kernel": "onpair_shmem_4tpt_lenbucket_b128",
        "decode_ms": 0.0,
        "decode_gib_s": 0.0,
        "applicable": false,
        "reason": "length-bucket dict not built (set ONPAIR_DICT_REORDER=lenbucket)"
      },
      {
        "kernel": "onpair_shmem_4tpt_regcache",
        "decode_ms": 0.840352,
        "decode_gib_s": 1023.548490631931,
        "decode_ns_iters": [
          841280,
          844288,
          843616,
          841120,
          851872,
          840352,
          844224,
          843040,
          844192,
          843904,
          842080,
          847360,
          843680,
          844704,
          843168,
          842496,
          840896,
          842464,
          843872,
          841248,
          842336,
          849696,
          842912,
          844672,
          843392,
          844512,
          844096,
          842656,
          848800,
          844672
        ],
        "applicable": true
      },
      {
        "kernel": "onpair_shmem_4tpt_split4read",
        "decode_ms": 0.833632,
        "decode_gib_s": 1031.7994285242462,
        "decode_ns_iters": [
          840448,
          837632,
          835008,
          834496,
          836096,
          836320,
          837408,
          836288,
          836096,
          837664,
          836992,
          842976,
          844160,
          847232,
          834752,
          835680,
          836416,
          833632,
          835360,
          836416,
          835008,
          837024,
          836352,
          837984,
          837120,
          840896,
          836000,
          836928,
          844544,
          835872
        ],
        "applicable": true
      },
      {
        "kernel": "onpair_shmem_4tpt_split4read_b128o12",
        "decode_ms": 0.818304,
        "decode_gib_s": 1051.126502130656,
        "decode_ns_iters": [
          822752,
          823136,
          822304,
          822432,
          821856,
          822432,
          821536,
          823392,
          821280,
          822816,
          823680,
          821888,
          822304,
          822720,
          822240,
          824064,
          824704,
          823104,
          824960,
          824640,
          824800,
          824384,
          825792,
          818304,
          821024,
          818944,
          819168,
          820800,
          819968,
          819776
        ],
        "applicable": true
      },
      {
        "kernel": "onpair_shmem_4tpt_cluster_dsmem",
        "decode_ms": 2.455456,
        "decode_gib_s": 350.2978759136895,
        "decode_ns_iters": [
          2471744,
          2474144,
          2456736,
          2458720,
          2474528,
          2461472,
          2464640,
          2480320,
          2474528,
          2456640,
          2467616,
          2480608,
          2464256,
          2460832,
          2473856,
          2483968,
          2472416,
          2469824,
          2480192,
          2467360,
          2457632,
          2464960,
          2466592,
          2475200,
          2464384,
          2479232,
          2462208,
          2455456,
          2475456,
          2468864
        ],
        "applicable": true
      },
      {
        "kernel": "onpair_shmem_8tpt",
        "decode_ms": 0.692576,
        "decode_gib_s": 1241.9445969821716,
        "decode_ns_iters": [
          695328,
          693184,
          693632,
          693024,
          699520,
          694976,
          696512,
          696928,
          698720,
          696064,
          693664,
          692576,
          694912,
          695200,
          693216,
          695808,
          695648,
          696448,
          693952,
          693184,
          696000,
          694528,
          695136,
          700352,
          695776,
          694080,
          692960,
          694272,
          694240,
          696576
        ],
        "applicable": true
      },
      {
        "kernel": "onpair_shmem_8tpt_b128",
        "decode_ms": 0.691808,
        "decode_gib_s": 1243.3233226553095,
        "decode_ns_iters": [
          695008,
          692448,
          694080,
          694464,
          694816,
          695040,
          696672,
          695424,
          694400,
          692224,
          693440,
          692288,
          699936,
          691808,
          695552,
          695968,
          694144,
          695072,
          695040,
          694368,
          693856,
          697376,
          695712,
          693120,
          695136,
          692736,
          694816,
          693696,
          694496,
          697376
        ],
        "applicable": true
      },
      {
        "kernel": "onpair_shmem_4tpt_vwidth",
        "decode_ms": 1.627808,
        "decode_gib_s": 528.4044685856836,
        "decode_ns_iters": [
          1630432,
          1630240,
          1632736,
          1629152,
          1635136,
          1629568,
          1631424,
          1630528,
          1630688,
          1630496,
          1628960,
          1629472,
          1631264,
          1631648,
          1630944,
          1639104,
          1628288,
          1631680,
          1629632,
          1629600,
          1628800,
          1627808,
          1628832,
          1628512,
          1630944,
          1629664,
          1641664,
          1631776,
          1633472,
          1630368
        ],
        "applicable": true
      },
      {
        "kernel": "onpair_shmem_4tpt_vwidth_b128",
        "decode_ms": 2.352096,
        "decode_gib_s": 365.69129032128126,
        "decode_ns_iters": [
          2358720,
          2355552,
          2354176,
          2365920,
          2356288,
          2370688,
          2368256,
          2357152,
          2352096,
          2357376,
          2365024,
          2358176,
          2411072,
          2378688,
          2376480,
          2371392,
          2368736,
          2367584,
          2365408,
          2373088,
          2367680,
          2367008,
          2375552,
          2371072,
          2369632,
          2370976,
          2369120,
          2367104,
          2366976,
          2377920
        ],
        "applicable": true
      },
      {
        "kernel": "onpair_shmem_4tpt_vwidth4",
        "decode_ms": 0.898336,
        "decode_gib_s": 957.4825245782473,
        "decode_ns_iters": [
          919712,
          903328,
          915936,
          902592,
          904672,
          899008,
          905792,
          901024,
          906208,
          899136,
          907488,
          898912,
          904480,
          898336,
          908608,
          901184,
          900800,
          902528,
          905952,
          905728,
          900320,
          901088,
          908992,
          902464,
          919488,
          918400,
          910880,
          906720,
          912160,
          911840
        ],
        "applicable": true
      },
      {
        "kernel": "onpair_shmem_4tpt_vwidth4_b128",
        "decode_ms": 0.738656,
        "decode_gib_s": 1164.4676563915064,
        "decode_ns_iters": [
          748032,
          749600,
          749632,
          754816,
          748864,
          749248,
          749088,
          749952,
          749088,
          750912,
          749952,
          748800,
          749312,
          749408,
          762976,
          767008,
          756736,
          738656,
          755456,
          756544,
          764448,
          756128,
          759968,
          752832,
          752192,
          752352,
          752672,
          751200,
          755008,
          751872
        ],
        "applicable": true
      },
      {
        "kernel": "onpair_shmem_4tpt_shdict8",
        "decode_ms": 1.13696,
        "decode_gib_s": 756.5270732475411,
        "decode_ns_iters": [
          1143200,
          1147072,
          1147424,
          1141632,
          1142592,
          1143072,
          1143680,
          1141280,
          1144576,
          1149984,
          1147264,
          1136960,
          1141408,
          1143584,
          1142624,
          1142400,
          1143712,
          1144832,
          1142080,
          1146688,
          1142720,
          1140224,
          1150144,
          1157664,
          1140096,
          1141600,
          1148288,
          1140608,
          1139968,
          1140512
        ],
        "applicable": true
      },
      {
        "kernel": "onpair_shmem_4tpt_ablate",
        "decode_ms": 0.707456,
        "decode_gib_s": 1215.8226394284936,
        "decode_ns_iters": [
          713056,
          714944,
          711520,
          710784,
          714336,
          717024,
          714432,
          711424,
          710560,
          717280,
          710528,
          711680,
          707456,
          708352,
          709184,
          709216,
          709248,
          708608,
          707648,
          708864,
          711264,
          712704,
          710592,
          710624,
          711040,
          710720,
          709088,
          708288,
          709344,
          708608
        ],
        "applicable": true
      },
      {
        "kernel": "onpair_shmem_4tpt_ablate_nogather",
        "decode_ms": 0.5976,
        "decode_gib_s": 1439.3256713512792,
        "decode_ns_iters": [
          606048,
          603968,
          602656,
          602624,
          601216,
          601472,
          609568,
          602272,
          603328,
          598688,
          602944,
          601056,
          607552,
          602656,
          600672,
          598784,
          612800,
          599904,
          600960,
          598240,
          600416,
          597600,
          600576,
          599840,
          599168,
          601280,
          609760,
          600352,
          600608,
          599200
        ],
        "applicable": true
      },
      {
        "kernel": "onpair_shmem_4tpt_ablate_noemit",
        "decode_ms": 0.451776,
        "decode_gib_s": 1903.9103918745668,
        "decode_ns_iters": [
          459616,
          463008,
          460544,
          458944,
          458400,
          465120,
          462464,
          457856,
          459552,
          458624,
          456480,
          456576,
          458368,
          460256,
          468128,
          459776,
          458816,
          461152,
          459392,
          456512,
          454944,
          451776,
          456032,
          463392,
          457504,
          457600,
          456608,
          455552,
          460544,
          458816
        ],
        "applicable": true
      },
      {
        "kernel": "onpair_shmem_4tpt_ablate_nodrain",
        "decode_ms": 0.628608,
        "decode_gib_s": 1368.3265583631207,
        "decode_ns_iters": [
          630592,
          629440,
          630080,
          632160,
          630880,
          629952,
          632000,
          629472,
          629344,
          630720,
          630048,
          632288,
          632736,
          629856,
          633152,
          630016,
          631488,
          631040,
          633312,
          630400,
          633184,
          631456,
          630400,
          629344,
          641408,
          633088,
          628608,
          629856,
          635072,
          629120
        ],
        "applicable": true
      },
      {
        "kernel": "onpair_shmem_4tpt_ablate_noscan",
        "decode_ms": 0.366752,
        "decode_gib_s": 2345.2933350043745,
        "decode_ns_iters": [
          368608,
          367488,
          373408,
          367744,
          367392,
          376320,
          370144,
          386880,
          368576,
          368224,
          369856,
          367840,
          370560,
          372640,
          368192,
          372096,
          370624,
          373536,
          369984,
          369056,
          366752,
          368896,
          368832,
          367136,
          366880,
          369600,
          370016,
          370656,
          371744,
          369120
        ],
        "applicable": true
      },
      {
        "kernel": "onpair_shmem_4tpt_ablate_cfree",
        "decode_ms": 0.521728,
        "decode_gib_s": 1648.6387949267137,
        "decode_ns_iters": [
          524128,
          523072,
          524448,
          523200,
          524480,
          524704,
          535040,
          524768,
          524480,
          524032,
          525632,
          524000,
          527168,
          523904,
          525632,
          525248,
          525344,
          523232,
          522656,
          524416,
          523744,
          521952,
          522880,
          523808,
          522624,
          521728,
          522752,
          530848,
          524640,
          522272
        ],
        "applicable": true
      },
      {
        "kernel": "onpair_shmem_s8",
        "decode_ms": 0.0,
        "decode_gib_s": 0.0,
        "applicable": false,
        "reason": "dictionary entry longer than 8 bytes"
      },
      {
        "kernel": "onpair_shmem_s8_2tpt",
        "decode_ms": 0.0,
        "decode_gib_s": 0.0,
        "applicable": false,
        "reason": "dictionary entry longer than 8 bytes"
      },
      {
        "kernel": "onpair_shmem_s8_4tpt",
        "decode_ms": 0.0,
        "decode_gib_s": 0.0,
        "applicable": false,
        "reason": "dictionary entry longer than 8 bytes"
      },
      {
        "kernel": "onpair_shmem_s8_8tpt",
        "decode_ms": 0.0,
        "decode_gib_s": 0.0,
        "applicable": false,
        "reason": "dictionary entry longer than 8 bytes"
      },
      {
        "kernel": "onpair_shmem_s4l1",
        "decode_ms": 0.0,
        "decode_gib_s": 0.0,
        "applicable": false,
        "reason": "dictionary entry longer than 4 bytes"
      },
      {
        "kernel": "onpair_shmem_s4l1_2tpt",
        "decode_ms": 0.0,
        "decode_gib_s": 0.0,
        "applicable": false,
        "reason": "dictionary entry longer than 4 bytes"
      },
      {
        "kernel": "onpair_shmem_s4l1_4tpt",
        "decode_ms": 0.0,
        "decode_gib_s": 0.0,
        "applicable": false,
        "reason": "dictionary entry longer than 4 bytes"
      },
      {
        "kernel": "onpair_shmem_s4l1_8tpt",
        "decode_ms": 0.0,
        "decode_gib_s": 0.0,
        "applicable": false,
        "reason": "dictionary entry longer than 4 bytes"
      },
      {
        "kernel": "onpair_shmem_s4l1_16tpt",
        "decode_ms": 0.0,
        "decode_gib_s": 0.0,
        "applicable": false,
        "reason": "dictionary entry longer than 4 bytes"
      },
      {
        "kernel": "onpair_shmem_s4l1_32tpt",
        "decode_ms": 0.0,
        "decode_gib_s": 0.0,
        "applicable": false,
        "reason": "dictionary entry longer than 4 bytes"
      },
      {
        "kernel": "onpair_shmem_const1",
        "decode_ms": 0.0,
        "decode_gib_s": 0.0,
        "applicable": false,
        "reason": "not every dictionary entry is exactly 1 byte"
      },
      {
        "kernel": "onpair_shmem_const2",
        "decode_ms": 0.0,
        "decode_gib_s": 0.0,
        "applicable": false,
        "reason": "not every dictionary entry is exactly 2 bytes"
      }
    ]
  }
}
==PROF== Disconnected from process 23056
==PROF== Report: /home/ubuntu/work/ncu_costsurface_synthetic_url_b16.ncu-rep
