==PROF== Connected to process 17062 (/home/ubuntu/work/target/release/onpair-chunk-bench)
2026-07-06T03:20:34.023973Z  INFO vortex_cuda: vortex-cuda/src/lib.rs:111: Registering CUDA kernels
==WARNING== Unable to access the following 6 metrics: ctc__rx_bytes_data_user.sum, ctc__rx_bytes_data_user.sum.pct_of_peak_sustained_elapsed, ctc__rx_bytes_data_user.sum.per_second, ctc__tx_bytes_data_user.sum, ctc__tx_bytes_data_user.sum.pct_of_peak_sustained_elapsed, ctc__tx_bytes_data_user.sum.per_second.


==PROF== Profiling "onpair_shmem_4tpt": 0%....50%....100% - 38 passes
==PROF== Profiling "onpair_shmem_4tpt": 0%....50%....100% - 38 passes
==PROF== Profiling "onpair_shmem_4tpt": 0%....50%....100% - 38 passes
==PROF== Profiling "onpair_shmem_4tpt": 0%....50%....100% - 38 passes
==PROF== Profiling "onpair_shmem_4tpt": 0%....50%....100% - 38 passes
==PROF== Profiling "onpair_shmem_4tpt": 0%....50%....100% - 38 passes
==PROF== Profiling "onpair_shmem_4tpt": 0%....50%....100% - 38 passes
==PROF== Profiling "onpair_shmem_4tpt": 0%....50%....100% - 38 passes
==PROF== Profiling "onpair_shmem_4tpt": 0%....50%....100% - 38 passes
==PROF== Profiling "onpair_shmem_4tpt": 0%....50%....100% - 38 passes
==PROF== Profiling "onpair_shmem_4tpt": 0%....50%....100% - 38 passes
==PROF== Profiling "onpair_shmem_4tpt": 0%....50%....100% - 38 passes
==PROF== Profiling "onpair_shmem_4tpt": 0%....50%....100% - 38 passes
==PROF== Profiling "onpair_shmem_4tpt": 0%....50%....100% - 38 passes
==PROF== Profiling "onpair_shmem_4tpt": 0%....50%....100% - 38 passes
==PROF== Profiling "onpair_shmem_4tpt": 0%....50%....100% - 38 passes
{
  "files": [
    "/home/ubuntu/work/vortex-bench/data/onpair-bench/tpch-sf10/l_comment/bits16_chunk1000mb_thr0.20/part_0000.vortex"
  ],
  "column": "l_comment",
  "rows": 37734748,
  "in_memory_bytes": 238868096,
  "dict_bytes": 732169,
  "gpu": {
    "iterations": 30,
    "decoded_bytes": 999999977,
    "chunks": 1,
    "auto_kernel": "onpair_shmem_4tpt",
    "frac_le8": 0.3341407,
    "dict_mean_len": 10.4373665,
    "dict_max_len": 16,
    "dict_entries_max": 64910,
    "small_dict": false,
    "distinct_codes": 64679,
    "access_top4096_frac": 0.42841557,
    "compressed_bytes": 192416307,
    "h2d_gib_s": 9.38547918080159,
    "whole_decompress_gib_s": 45.520760702557425,
    "best_kernel": "onpair_shmem_4tpt",
    "auto_decode_ms": 1.365792,
    "best_decode_ms": 1.365792,
    "validated": false,
    "auto_decode_gib_s": 681.8919375681359,
    "best_decode_gib_s": 681.8919375681359,
    "kernels": [
      {
        "kernel": "onpair_shmem",
        "decode_ms": 1.384544,
        "decode_gib_s": 672.6565231549589,
        "decode_ns_iters": [
          1389152,
          1387808,
          1388416,
          1384544,
          1473504,
          1421184,
          1423200,
          1421472,
          1419552,
          1419136,
          1418720,
          1419008,
          1418944,
          1414944,
          1419552,
          1414752,
          1420128,
          1423680,
          1419040,
          1416960,
          1420192,
          1429984,
          1419072,
          1428064,
          1419456,
          1417504,
          1419968,
          1420896,
          1415808,
          1417728
        ],
        "applicable": true
      },
      {
        "kernel": "onpair_shmem_2tpt",
        "decode_ms": 1.47552,
        "decode_gib_s": 631.1826021979094,
        "decode_ns_iters": [
          1478752,
          1477984,
          1477952,
          1487008,
          1478848,
          1478528,
          1478144,
          1476544,
          1486176,
          1477664,
          1489024,
          1479008,
          1476640,
          1482464,
          1479232,
          1478144,
          1478208,
          1490272,
          1478560,
          1479232,
          1475840,
          1476672,
          1477024,
          1477728,
          1476736,
          1475520,
          1477408,
          1475520,
          1481504,
          1477824
        ],
        "applicable": true
      },
      {
        "kernel": "onpair_shmem_4tpt",
        "decode_ms": 1.365792,
        "decode_gib_s": 681.8919375681359,
        "decode_ns_iters": [
          1896238208,
          1893544436,
          1900230050,
          1889778018,
          1880503058,
          1888586640,
          1876550674,
          1898776889,
          1888289452,
          1880452871,
          1900304198,
          1901158929,
          1924303532,
          1885852814,
          1434784,
          1376512,
          1406400,
          1368768,
          1369440,
          1365792,
          1370784,
          1367616,
          1368544,
          1367712,
          1368896,
          1369376,
          1367136,
          1370016,
          1368640,
          1373888
        ],
        "applicable": true
      },
      {
        "kernel": "onpair_shmem_4tpt_wpb8",
        "decode_ms": 1.547392,
        "decode_gib_s": 601.8659481211349,
        "decode_ns_iters": [
          1552064,
          1551104,
          1552320,
          1547872,
          1548992,
          1550464,
          1549792,
          1551008,
          1549120,
          1548512,
          1549248,
          1548128,
          1549440,
          1550304,
          1548896,
          1557408,
          1548256,
          1549344,
          1548960,
          1547616,
          1548416,
          1549888,
          1549536,
          1549088,
          1548832,
          1547392,
          1555552,
          1549824,
          1549952,
          1549984
        ],
        "applicable": true
      },
      {
        "kernel": "onpair_shmem_4tpt_wpb8_occ",
        "decode_ms": 1.392736,
        "decode_gib_s": 668.6999928163409,
        "decode_ns_iters": [
          1403648,
          1395104,
          1394752,
          1393760,
          1394720,
          1394304,
          1393216,
          1392800,
          1397280,
          1393664,
          1397472,
          1396128,
          1394080,
          1392736,
          1394624,
          1395904,
          1394336,
          1392800,
          1394688,
          1394816,
          1397216,
          1411264,
          1399136,
          1402848,
          1396000,
          1396768,
          1478880,
          1405536,
          1395072,
          1395168
        ],
        "applicable": true
      },
      {
        "kernel": "onpair_shmem_4tpt_b128",
        "decode_ms": 1.397536,
        "decode_gib_s": 666.4032648855267,
        "decode_ns_iters": [
          1423840,
          1424256,
          1425120,
          1464480,
          1408576,
          1402688,
          1401408,
          1400640,
          1401888,
          1403456,
          1400928,
          1400384,
          1401120,
          1400256,
          1400800,
          1400320,
          1399616,
          1400000,
          1406560,
          1398848,
          1401760,
          1399456,
          1401888,
          1399136,
          1400192,
          1400192,
          1397536,
          1398560,
          1400480,
          1401760
        ],
        "applicable": true
      },
      {
        "kernel": "onpair_shmem_4tpt_o6",
        "decode_ms": 1.4056,
        "decode_gib_s": 662.5800748399682,
        "decode_ns_iters": [
          1410400,
          1411168,
          1412160,
          1405600,
          1409280,
          1405824,
          1409376,
          1414624,
          1410944,
          1409856,
          1409056,
          1409664,
          1411776,
          1410080,
          1411104,
          1409408,
          1408896,
          1407456,
          1410048,
          1409792,
          1409216,
          1409856,
          1408320,
          1417792,
          1409376,
          1424416,
          1409984,
          1409184,
          1411264,
          1411872
        ],
        "applicable": true
      },
      {
        "kernel": "onpair_shmem_4tpt_b512o3",
        "decode_ms": 1.399296,
        "decode_gib_s": 665.565079293487,
        "decode_ns_iters": [
          1404192,
          1401568,
          1401920,
          1401184,
          1411712,
          1403936,
          1417920,
          1402272,
          1415776,
          1402688,
          1404736,
          1403168,
          1402464,
          1403232,
          1404032,
          1401984,
          1400160,
          1400960,
          1400448,
          1399296,
          1401824,
          1401920,
          1401152,
          1402496,
          1400384,
          1401856,
          1401632,
          1400320,
          1402272,
          1401696
        ],
        "applicable": true
      },
      {
        "kernel": "onpair_shmem_4tpt_b128o12",
        "decode_ms": 1.409312,
        "decode_gib_s": 660.834899011049,
        "decode_ns_iters": [
          1414272,
          1426976,
          1414688,
          1416512,
          1412832,
          1411776,
          1411584,
          1412288,
          1411680,
          1413408,
          1411136,
          1413472,
          1413248,
          1413536,
          1414048,
          1411232,
          1413696,
          1411872,
          1410912,
          1411264,
          1409312,
          1411680,
          1410016,
          1412032,
          1413280,
          1412992,
          1412096,
          1412928,
          1413248,
          1414912
        ],
        "applicable": true
      },
      {
        "kernel": "onpair_shmem_4tpt_b64",
        "decode_ms": 1.401184,
        "decode_gib_s": 664.6682756833217,
        "decode_ns_iters": [
          1406432,
          1403168,
          1405216,
          1404288,
          1402720,
          1402400,
          1403328,
          1404160,
          1403744,
          1404960,
          1402592,
          1403040,
          1405632,
          1403680,
          1403328,
          1404704,
          1404672,
          1405216,
          1402272,
          1404576,
          1403744,
          1403456,
          1404064,
          1403648,
          1404384,
          1402848,
          1401184,
          1401984,
          1404032,
          1403904
        ],
        "applicable": true
      },
      {
        "kernel": "onpair_shmem_4tpt_b64o24",
        "decode_ms": 1.412928,
        "decode_gib_s": 659.1436741256874,
        "decode_ns_iters": [
          1415840,
          1417184,
          1415072,
          1415392,
          1412928,
          1415264,
          1415616,
          1415264,
          1416544,
          1414432,
          1416256,
          1416768,
          1416160,
          1417344,
          1417536,
          1417888,
          1416864,
          1416704,
          1414432,
          1418176,
          1416192,
          1413696,
          1415136,
          1416416,
          1414048,
          1415968,
          1415744,
          1418112,
          1429088,
          1416576
        ],
        "applicable": true
      },
      {
        "kernel": "onpair_shmem_4tpt_split8read_b128o12",
        "decode_ms": 1.988128,
        "decode_gib_s": 468.44194800086274,
        "decode_ns_iters": [
          1988320,
          1989024,
          1989472,
          1990112,
          1991104,
          1991360,
          1989344,
          1989376,
          1991520,
          1990912,
          1991264,
          1990496,
          1988416,
          1989600,
          1988160,
          2002400,
          1989728,
          1991776,
          1991168,
          1989792,
          1988128,
          1990496,
          1991744,
          1990720,
          2001472,
          1990784,
          1991968,
          1992640,
          1989568,
          1991904
        ],
        "applicable": true
      },
      {
        "kernel": "onpair_shmem_4tpt_split8read_occ",
        "decode_ms": 1.949568,
        "decode_gib_s": 477.70713983562473,
        "decode_ns_iters": [
          1956576,
          1954400,
          1952800,
          1952736,
          1954144,
          1949568,
          1956864,
          1951296,
          1951488,
          1950144,
          1951488,
          1954880,
          1952896,
          1956352,
          1956288,
          1952352,
          1953856,
          1952832,
          1969728,
          1952064,
          1954752,
          1953920,
          1952160,
          1954048,
          1952992,
          1952192,
          1951936,
          1954880,
          1951840,
          1953632
        ],
        "applicable": true
      },
      {
        "kernel": "onpair_shmem_4tpt_split8",
        "decode_ms": 1.387456,
        "decode_gib_s": 671.244748082144,
        "decode_ns_iters": [
          1392064,
          1391264,
          1389952,
          1389472,
          1391936,
          1389760,
          1391904,
          1390656,
          1392480,
          1393216,
          1392000,
          1392576,
          1393088,
          1393536,
          1391712,
          1394240,
          1391776,
          1390560,
          1394080,
          1392512,
          1389568,
          1389408,
          1391392,
          1406496,
          1390304,
          1399232,
          1387456,
          1389280,
          1391424,
          1389568
        ],
        "applicable": true
      },
      {
        "kernel": "onpair_shmem_4tpt_split8_wpb8",
        "decode_ms": 1.568576,
        "decode_gib_s": 593.7376022552043,
        "decode_ns_iters": [
          1572384,
          1570816,
          1570464,
          1573408,
          1569536,
          1569120,
          1569728,
          1569440,
          1568992,
          1570880,
          1568832,
          1570848,
          1570720,
          1568576,
          1568992,
          1581632,
          1571072,
          1571296,
          1582848,
          1569280,
          1569056,
          1584640,
          1572832,
          1571264,
          1586816,
          1571712,
          1569696,
          1583200,
          1571040,
          1573344
        ],
        "applicable": true
      },
      {
        "kernel": "onpair_shmem_4tpt_split8_wpb8_occ",
        "decode_ms": 1.408352,
        "decode_gib_s": 661.2853556462157,
        "decode_ns_iters": [
          1410240,
          1410656,
          1410848,
          1415552,
          1409824,
          1410784,
          1411424,
          1411136,
          1409152,
          1409152,
          1408992,
          1410368,
          1410688,
          1411584,
          1412096,
          1410848,
          1409120,
          1410112,
          1408896,
          1410016,
          1408352,
          1410656,
          1410016,
          1409056,
          1409184,
          1409504,
          1412864,
          1409056,
          1410880,
          1408768
        ],
        "applicable": true
      },
      {
        "kernel": "onpair_shmem_4tpt_pdict",
        "decode_ms": 0.0,
        "decode_gib_s": 0.0,
        "applicable": false,
        "reason": "padded dict needs 1120112 B shared, over 102400 B cap"
      },
      {
        "kernel": "onpair_shmem_4tpt_vdict",
        "decode_ms": 0.0,
        "decode_gib_s": 0.0,
        "applicable": false,
        "reason": "packed dict needs 748832 B shared, over 102400 B cap"
      },
      {
        "kernel": "onpair_shmem_4tpt_split8read",
        "decode_ms": 1.884096,
        "decode_gib_s": 494.3073777530759,
        "decode_ns_iters": [
          1887360,
          1886176,
          1884928,
          1885920,
          1885312,
          1885472,
          1886720,
          1889120,
          1888384,
          1886912,
          1897760,
          1885120,
          1888736,
          1890176,
          1889056,
          1887936,
          1887712,
          1887456,
          1886144,
          1885472,
          1886240,
          1884096,
          1886336,
          1885600,
          1888128,
          1884672,
          1886528,
          1886144,
          1885056,
          1887840
        ],
        "applicable": true
      },
      {
        "kernel": "onpair_shmem_4tpt_ldcs",
        "decode_ms": 1.373728,
        "decode_gib_s": 677.9526610763261,
        "decode_ns_iters": [
          1376864,
          1377472,
          1379008,
          1378048,
          1378304,
          1375488,
          1375104,
          1378016,
          1379872,
          1378400,
          1386848,
          1377728,
          1376064,
          1378624,
          1383392,
          1378464,
          1376608,
          1377632,
          1375296,
          1375968,
          1373728,
          1376608,
          1374432,
          1377216,
          1376288,
          1381888,
          1375488,
          1377024,
          1375456,
          1379296
        ],
        "applicable": true
      },
      {
        "kernel": "onpair_shmem_4tpt_lenbucket",
        "decode_ms": 0.0,
        "decode_gib_s": 0.0,
        "applicable": false,
        "reason": "length-bucket dict not built (set ONPAIR_DICT_REORDER=lenbucket)"
      },
      {
        "kernel": "onpair_shmem_4tpt_lenbucket_b128",
        "decode_ms": 0.0,
        "decode_gib_s": 0.0,
        "applicable": false,
        "reason": "length-bucket dict not built (set ONPAIR_DICT_REORDER=lenbucket)"
      },
      {
        "kernel": "onpair_shmem_4tpt_regcache",
        "decode_ms": 1.399008,
        "decode_gib_s": 665.7020926221003,
        "decode_ns_iters": [
          1399936,
          1400640,
          1401184,
          1403968,
          1404384,
          1401568,
          1406816,
          1401792,
          1403008,
          1402624,
          1402944,
          1403360,
          1409792,
          1399168,
          1402496,
          1401248,
          1399136,
          1402304,
          1401760,
          1400640,
          1402240,
          1400960,
          1402368,
          1402304,
          1402240,
          1401344,
          1402752,
          1399776,
          1404192,
          1399008
        ],
        "applicable": true
      },
      {
        "kernel": "onpair_shmem_4tpt_split4read",
        "decode_ms": 1.981536,
        "decode_gib_s": 470.00031954759305,
        "decode_ns_iters": [
          1987104,
          1983424,
          1984864,
          1985888,
          1985280,
          1983840,
          1985600,
          1984320,
          1985984,
          1981536,
          1993184,
          1983008,
          1984352,
          1984416,
          1982880,
          1985728,
          1985440,
          1985184,
          1987392,
          1985216,
          1986080,
          1988992,
          1996064,
          1985184,
          1985760,
          1985312,
          1986304,
          1986432,
          1984608,
          1984832
        ],
        "applicable": true
      },
      {
        "kernel": "onpair_shmem_4tpt_split4read_b128o12",
        "decode_ms": 2.116608,
        "decode_gib_s": 440.007102493735,
        "decode_ns_iters": [
          2120288,
          2118912,
          2134496,
          2119840,
          2119200,
          2120032,
          2118560,
          2119680,
          2119680,
          2118432,
          2116608,
          2133600,
          2120256,
          2121344,
          2119168,
          2119072,
          2118656,
          2120128,
          2117952,
          2119872,
          2138112,
          2120992,
          2119008,
          2121184,
          2119264,
          2121056,
          2118240,
          2118016,
          2119872,
          2126912
        ],
        "applicable": true
      },
      {
        "kernel": "onpair_shmem_4tpt_cluster_dsmem",
        "decode_ms": 4.763808,
        "decode_gib_s": 195.49959889127757,
        "decode_ns_iters": [
          4771392,
          4773536,
          4768544,
          4781536,
          4774304,
          4775040,
          4774368,
          4769920,
          4763808,
          4769760,
          4774752,
          4772416,
          4789504,
          4786176,
          4771392,
          4777664,
          4777952,
          4775232,
          4771808,
          4769536,
          4767552,
          4771136,
          4780480,
          4776256,
          4771648,
          4771872,
          4775712,
          4773504,
          4772832,
          4773760
        ],
        "applicable": true
      },
      {
        "kernel": "onpair_shmem_8tpt",
        "decode_ms": 1.530752,
        "decode_gib_s": 608.4085163338408,
        "decode_ns_iters": [
          1534464,
          1531968,
          1532320,
          1544704,
          1530752,
          1533472,
          1532672,
          1532000,
          1531104,
          1531136,
          1531424,
          1547520,
          1532224,
          1534496,
          1533376,
          1533248,
          1531616,
          1532384,
          1531296,
          1538656,
          1530976,
          1531904,
          1532896,
          1535008,
          1530912,
          1533056,
          1532448,
          1531840,
          1534208,
          1533792
        ],
        "applicable": true
      },
      {
        "kernel": "onpair_shmem_8tpt_b128",
        "decode_ms": 1.538752,
        "decode_gib_s": 605.2453892472987,
        "decode_ns_iters": [
          1541824,
          1541120,
          1544512,
          1538752,
          1543136,
          1539552,
          1543072,
          1562016,
          1543072,
          1541632,
          1548768,
          1542272,
          1542464,
          1540896,
          1542464,
          1544480,
          1541184,
          1541760,
          1548672,
          1543072,
          1543168,
          1541952,
          1542752,
          1542624,
          1539808,
          1540192,
          1552160,
          1540480,
          1540896,
          1541088
        ],
        "applicable": true
      },
      {
        "kernel": "onpair_shmem_4tpt_vwidth",
        "decode_ms": 3.402368,
        "decode_gib_s": 273.72775466823674,
        "decode_ns_iters": [
          3410752,
          3403040,
          3402368,
          3412800,
          3402496,
          3404032,
          3403104,
          3403104,
          3404064,
          3403520,
          3402784,
          3404224,
          3404960,
          3402752,
          3410880,
          3404864,
          3419264,
          3404864,
          3414624,
          3402912,
          3402560,
          3402880,
          3404416,
          3403616,
          3404672,
          3403616,
          3403328,
          3405600,
          3406752,
          3407008
        ],
        "applicable": true
      },
      {
        "kernel": "onpair_shmem_4tpt_vwidth_b128",
        "decode_ms": 3.994848,
        "decode_gib_s": 233.1309109120195,
        "decode_ns_iters": [
          4022176,
          4024768,
          4039936,
          4022784,
          4027552,
          4030912,
          4046720,
          4013120,
          4035200,
          4037152,
          4040736,
          4011200,
          4025632,
          4040320,
          4046944,
          4026848,
          4026624,
          4028480,
          4026496,
          4001664,
          4015808,
          4001984,
          4027168,
          3996288,
          4030720,
          4011360,
          4033152,
          3994848,
          4023712,
          4009344
        ],
        "applicable": true
      },
      {
        "kernel": "onpair_shmem_4tpt_vwidth4",
        "decode_ms": 1.757472,
        "decode_gib_s": 529.9217018507602,
        "decode_ns_iters": [
          1761216,
          1758720,
          1758208,
          1760640,
          1759040,
          1761504,
          1761600,
          1762016,
          1762592,
          1761888,
          1760064,
          1759424,
          1760576,
          1759712,
          1759904,
          1759776,
          1759424,
          1758688,
          1757984,
          1757568,
          1760224,
          1758016,
          1757472,
          1761728,
          1758624,
          1758304,
          1758176,
          1758144,
          1759616,
          1758624
        ],
        "applicable": true
      },
      {
        "kernel": "onpair_shmem_4tpt_vwidth4_b128",
        "decode_ms": 1.751968,
        "decode_gib_s": 531.5865091115016,
        "decode_ns_iters": [
          1754368,
          1756288,
          1764672,
          1757344,
          1757568,
          1754912,
          1755840,
          1755680,
          1756960,
          1756192,
          1755968,
          1755168,
          1758528,
          1756032,
          1756352,
          1753696,
          1756384,
          1755456,
          1755808,
          1753088,
          1755584,
          1754656,
          1754976,
          1768800,
          1753536,
          1751968,
          1753728,
          1755296,
          1758336,
          1760000
        ],
        "applicable": true
      },
      {
        "kernel": "onpair_shmem_4tpt_shdict8",
        "decode_ms": 0.0,
        "decode_gib_s": 0.0,
        "applicable": false,
        "reason": "dict_s8 + staging needs 600832 B shared, over 229376 B cap"
      },
      {
        "kernel": "onpair_shmem_4tpt_ablate",
        "decode_ms": 1.409216,
        "decode_gib_s": 660.8799170567602,
        "decode_ns_iters": [
          1413056,
          1414560,
          1416544,
          1414432,
          1413280,
          1415712,
          1414112,
          1413952,
          1415008,
          1413024,
          1413088,
          1415392,
          1414976,
          1419424,
          1413120,
          1412640,
          1414112,
          1414048,
          1412192,
          1411488,
          1409216,
          1413760,
          1412352,
          1432768,
          1412800,
          1422848,
          1415808,
          1414144,
          1414880,
          1414656
        ],
        "applicable": true
      },
      {
        "kernel": "onpair_shmem_4tpt_ablate_nogather",
        "decode_ms": 0.731968,
        "decode_gib_s": 1272.3541919797851,
        "decode_ns_iters": [
          736288,
          731968,
          736736,
          733344,
          736224,
          732832,
          735008,
          735712,
          733952,
          735424,
          738240,
          734048,
          736416,
          733600,
          735456,
          732960,
          735104,
          735104,
          733760,
          734176,
          732032,
          733856,
          733312,
          732416,
          735968,
          732896,
          733568,
          733472,
          736096,
          732544
        ],
        "applicable": true
      },
      {
        "kernel": "onpair_shmem_4tpt_ablate_noemit",
        "decode_ms": 0.49696,
        "decode_gib_s": 1874.0392651220604,
        "decode_ns_iters": [
          498592,
          505920,
          502080,
          502560,
          504064,
          504544,
          504384,
          503776,
          498656,
          499456,
          499872,
          500608,
          499072,
          496960,
          499968,
          498656,
          501952,
          500000,
          501568,
          499296,
          501472,
          500448,
          501536,
          504576,
          501632,
          500832,
          501504,
          503232,
          502496,
          502272
        ],
        "applicable": true
      },
      {
        "kernel": "onpair_shmem_4tpt_ablate_nodrain",
        "decode_ms": 1.274976,
        "decode_gib_s": 730.4628112176694,
        "decode_ns_iters": [
          1280512,
          1279808,
          1279744,
          1278016,
          1279648,
          1293600,
          1278208,
          1277312,
          1274976,
          1275360,
          1282080,
          1276000,
          1276416,
          1279904,
          1276128,
          1276032,
          1278208,
          1276736,
          1283712,
          1276576,
          1275168,
          1282976,
          1277056,
          1277376,
          1278368,
          1277344,
          1277600,
          1276864,
          1276192,
          1277632
        ],
        "applicable": true
      },
      {
        "kernel": "onpair_shmem_4tpt_ablate_noscan",
        "decode_ms": 1.500512,
        "decode_gib_s": 620.6698468223242,
        "decode_ns_iters": [
          1509376,
          1502752,
          1502144,
          1503200,
          1500704,
          1509024,
          1501216,
          1503520,
          1504032,
          1501696,
          1510816,
          1501472,
          1501280,
          1503904,
          1500512,
          1508032,
          1500608,
          1503840,
          1501664,
          1504384,
          1509248,
          1501920,
          1500544,
          1503552,
          1503552,
          1511168,
          1501728,
          1502656,
          1501152,
          1501760
        ],
        "applicable": true
      },
      {
        "kernel": "onpair_shmem_4tpt_ablate_cfree",
        "decode_ms": 1.40768,
        "decode_gib_s": 661.6010408580496,
        "decode_ns_iters": [
          1412128,
          1414528,
          1414048,
          1415872,
          1414336,
          1411712,
          1413568,
          1412800,
          1414784,
          1410464,
          1409952,
          1417664,
          1410720,
          1412064,
          1410688,
          1411552,
          1409664,
          1412256,
          1411136,
          1411168,
          1412800,
          1422176,
          1411616,
          1428160,
          1411136,
          1412512,
          1409536,
          1408992,
          1407680,
          1407712
        ],
        "applicable": true
      },
      {
        "kernel": "onpair_shmem_s8",
        "decode_ms": 0.0,
        "decode_gib_s": 0.0,
        "applicable": false,
        "reason": "dictionary entry longer than 8 bytes"
      },
      {
        "kernel": "onpair_shmem_s8_2tpt",
        "decode_ms": 0.0,
        "decode_gib_s": 0.0,
        "applicable": false,
        "reason": "dictionary entry longer than 8 bytes"
      },
      {
        "kernel": "onpair_shmem_s8_4tpt",
        "decode_ms": 0.0,
        "decode_gib_s": 0.0,
        "applicable": false,
        "reason": "dictionary entry longer than 8 bytes"
      },
      {
        "kernel": "onpair_shmem_s8_8tpt",
        "decode_ms": 0.0,
        "decode_gib_s": 0.0,
        "applicable": false,
        "reason": "dictionary entry longer than 8 bytes"
      },
      {
        "kernel": "onpair_shmem_s4l1",
        "decode_ms": 0.0,
        "decode_gib_s": 0.0,
        "applicable": false,
        "reason": "dictionary entry longer than 4 bytes"
      },
      {
        "kernel": "onpair_shmem_s4l1_2tpt",
        "decode_ms": 0.0,
        "decode_gib_s": 0.0,
        "applicable": false,
        "reason": "dictionary entry longer than 4 bytes"
      },
      {
        "kernel": "onpair_shmem_s4l1_4tpt",
        "decode_ms": 0.0,
        "decode_gib_s": 0.0,
        "applicable": false,
        "reason": "dictionary entry longer than 4 bytes"
      },
      {
        "kernel": "onpair_shmem_s4l1_8tpt",
        "decode_ms": 0.0,
        "decode_gib_s": 0.0,
        "applicable": false,
        "reason": "dictionary entry longer than 4 bytes"
      },
      {
        "kernel": "onpair_shmem_s4l1_16tpt",
        "decode_ms": 0.0,
        "decode_gib_s": 0.0,
        "applicable": false,
        "reason": "dictionary entry longer than 4 bytes"
      },
      {
        "kernel": "onpair_shmem_s4l1_32tpt",
        "decode_ms": 0.0,
        "decode_gib_s": 0.0,
        "applicable": false,
        "reason": "dictionary entry longer than 4 bytes"
      },
      {
        "kernel": "onpair_shmem_const1",
        "decode_ms": 0.0,
        "decode_gib_s": 0.0,
        "applicable": false,
        "reason": "not every dictionary entry is exactly 1 byte"
      },
      {
        "kernel": "onpair_shmem_const2",
        "decode_ms": 0.0,
        "decode_gib_s": 0.0,
        "applicable": false,
        "reason": "not every dictionary entry is exactly 2 bytes"
      }
    ]
  }
}
==PROF== Disconnected from process 17062
==PROF== Report: /home/ubuntu/work/ncu_costsurface_tpch-sf10_l_comment_b16.ncu-rep
