==PROF== Connected to process 20070 (/home/ubuntu/work/target/release/onpair-chunk-bench)
2026-07-06T03:23:46.002922Z  INFO vortex_cuda: vortex-cuda/src/lib.rs:111: Registering CUDA kernels
==WARNING== Unable to access the following 6 metrics: ctc__rx_bytes_data_user.sum, ctc__rx_bytes_data_user.sum.pct_of_peak_sustained_elapsed, ctc__rx_bytes_data_user.sum.per_second, ctc__tx_bytes_data_user.sum, ctc__tx_bytes_data_user.sum.pct_of_peak_sustained_elapsed, ctc__tx_bytes_data_user.sum.per_second.


==PROF== Profiling "onpair_shmem_4tpt": 0%....50%....100% - 38 passes
==PROF== Profiling "onpair_shmem_4tpt": 0%....50%....100% - 38 passes
==PROF== Profiling "onpair_shmem_4tpt": 0%....50%....100% - 38 passes
==PROF== Profiling "onpair_shmem_4tpt": 0%....50%....100% - 38 passes
==PROF== Profiling "onpair_shmem_4tpt": 0%....50%....100% - 38 passes
==PROF== Profiling "onpair_shmem_4tpt": 0%....50%....100% - 38 passes
==PROF== Profiling "onpair_shmem_4tpt": 0%....50%....100% - 38 passes
==PROF== Profiling "onpair_shmem_4tpt": 0%....50%....100% - 38 passes
==PROF== Profiling "onpair_shmem_4tpt": 0%....50%....100% - 38 passes
==PROF== Profiling "onpair_shmem_4tpt": 0%....50%....100% - 38 passes
==PROF== Profiling "onpair_shmem_4tpt": 0%....50%....100% - 38 passes
==PROF== Profiling "onpair_shmem_4tpt": 0%....50%....100% - 38 passes
==PROF== Profiling "onpair_shmem_4tpt": 0%....50%....100% - 38 passes
==PROF== Profiling "onpair_shmem_4tpt": 0%....50%....100% - 38 passes
==PROF== Profiling "onpair_shmem_4tpt": 0%....50%....100% - 38 passes
==PROF== Profiling "onpair_shmem_4tpt": 0%....50%....100% - 38 passes
{
  "files": [
    "/home/ubuntu/work/vortex-bench/data/onpair-bench/tpch-sf10/l_shipinstruct/bits12_chunk1000mb_thr0.20/part_0000.vortex"
  ],
  "column": "l_shipinstruct",
  "rows": 59986052,
  "in_memory_bytes": 64498913,
  "dict_bytes": 435,
  "gpu": {
    "iterations": 30,
    "decoded_bytes": 719788494,
    "chunks": 1,
    "auto_kernel": "onpair_shmem_4tpt",
    "frac_le8": 0.40003875,
    "dict_mean_len": 9.599654,
    "dict_max_len": 16,
    "dict_entries_max": 296,
    "small_dict": true,
    "distinct_codes": 5,
    "access_top4096_frac": 1.0,
    "compressed_bytes": 149962073,
    "h2d_gib_s": 9.380386100444047,
    "whole_decompress_gib_s": 43.197604797085184,
    "best_kernel": "onpair_shmem_4tpt_split8read_b128o12",
    "auto_decode_ms": 0.629504,
    "best_decode_ms": 0.567232,
    "validated": false,
    "auto_decode_gib_s": 1064.8943825784713,
    "best_decode_gib_s": 1181.8008740879886,
    "kernels": [
      {
        "kernel": "onpair_shmem",
        "decode_ms": 0.786432,
        "decode_gib_s": 852.4008094923374,
        "decode_ns_iters": [
          793088,
          791744,
          793696,
          791456,
          794432,
          790912,
          795264,
          790816,
          800448,
          794848,
          792480,
          793696,
          793024,
          795616,
          793728,
          829408,
          794688,
          793440,
          789856,
          791840,
          801248,
          789920,
          792672,
          788928,
          787136,
          790848,
          788000,
          786432,
          792128,
          798400
        ],
        "applicable": true
      },
      {
        "kernel": "onpair_shmem_2tpt",
        "decode_ms": 0.595296,
        "decode_gib_s": 1126.087313556076,
        "decode_ns_iters": [
          599456,
          601280,
          598080,
          596832,
          601856,
          597760,
          596640,
          598080,
          597216,
          597472,
          596320,
          597088,
          595808,
          597984,
          597472,
          597440,
          598784,
          595776,
          597952,
          597824,
          600096,
          596928,
          607584,
          600192,
          599808,
          596992,
          596384,
          595296,
          597696,
          598016
        ],
        "applicable": true
      },
      {
        "kernel": "onpair_shmem_4tpt",
        "decode_ms": 0.629504,
        "decode_gib_s": 1064.8943825784713,
        "decode_ns_iters": [
          1791923285,
          1782863379,
          1796138763,
          1777540088,
          1781063795,
          1795226932,
          1792547464,
          1791451335,
          1777250409,
          1789358616,
          1801233649,
          1806026101,
          1783114791,
          1792257309,
          699616,
          636224,
          632032,
          631008,
          633504,
          633184,
          635264,
          630432,
          633248,
          633280,
          631712,
          641408,
          629504,
          633568,
          629536,
          634976
        ],
        "applicable": true
      },
      {
        "kernel": "onpair_shmem_4tpt_wpb8",
        "decode_ms": 0.58688,
        "decode_gib_s": 1142.2356757951848,
        "decode_ns_iters": [
          591360,
          588704,
          591040,
          588800,
          590112,
          590848,
          589856,
          591072,
          593728,
          589728,
          590656,
          596128,
          588704,
          589088,
          590464,
          592288,
          591552,
          587200,
          588896,
          588832,
          587872,
          589024,
          586880,
          590368,
          590656,
          591680,
          592256,
          588928,
          589568,
          589920
        ],
        "applicable": true
      },
      {
        "kernel": "onpair_shmem_4tpt_wpb8_occ",
        "decode_ms": 0.580896,
        "decode_gib_s": 1154.0022196928157,
        "decode_ns_iters": [
          584672,
          584800,
          582304,
          588288,
          585824,
          582144,
          584768,
          583392,
          582432,
          583744,
          584480,
          584256,
          582944,
          583744,
          580896,
          586816,
          583776,
          583680,
          584000,
          584256,
          584608,
          590656,
          584384,
          582816,
          585920,
          583648,
          582976,
          596192,
          583648,
          583904
        ],
        "applicable": true
      },
      {
        "kernel": "onpair_shmem_4tpt_b128",
        "decode_ms": 0.578112,
        "decode_gib_s": 1159.5595203190348,
        "decode_ns_iters": [
          580544,
          580992,
          581472,
          580608,
          579264,
          578432,
          582112,
          581376,
          583616,
          581152,
          579456,
          579840,
          579360,
          581120,
          578752,
          580800,
          579808,
          579808,
          581056,
          578112,
          581632,
          578560,
          579904,
          580896,
          580800,
          582528,
          580736,
          583552,
          582752,
          581472
        ],
        "applicable": true
      },
      {
        "kernel": "onpair_shmem_4tpt_o6",
        "decode_ms": 0.575008,
        "decode_gib_s": 1165.8190380145631,
        "decode_ns_iters": [
          579104,
          578208,
          585920,
          579776,
          579264,
          585152,
          582112,
          580576,
          577600,
          578720,
          577184,
          577536,
          579808,
          578592,
          579968,
          581664,
          579744,
          577664,
          576832,
          576192,
          577536,
          578368,
          575008,
          577248,
          579168,
          579424,
          578336,
          576480,
          575360,
          576192
        ],
        "applicable": true
      },
      {
        "kernel": "onpair_shmem_4tpt_b512o3",
        "decode_ms": 0.573632,
        "decode_gib_s": 1168.6155469197636,
        "decode_ns_iters": [
          577984,
          577376,
          573632,
          579200,
          577440,
          577536,
          576224,
          576192,
          577824,
          579808,
          580320,
          578528,
          577088,
          580416,
          576800,
          582400,
          581536,
          579872,
          578720,
          578976,
          578304,
          577664,
          579840,
          579456,
          578976,
          578016,
          576096,
          578368,
          577024,
          578048
        ],
        "applicable": true
      },
      {
        "kernel": "onpair_shmem_4tpt_b128o12",
        "decode_ms": 0.575072,
        "decode_gib_s": 1165.689293533119,
        "decode_ns_iters": [
          577440,
          577824,
          578752,
          578560,
          584000,
          579616,
          577280,
          580544,
          578944,
          580128,
          590656,
          577760,
          579520,
          585184,
          578752,
          578304,
          586944,
          576608,
          575744,
          576384,
          576224,
          577600,
          578080,
          579232,
          581440,
          577952,
          578784,
          577920,
          578240,
          575072
        ],
        "applicable": true
      },
      {
        "kernel": "onpair_shmem_4tpt_b64",
        "decode_ms": 0.57712,
        "decode_gib_s": 1161.552663935885,
        "decode_ns_iters": [
          579648,
          582144,
          580192,
          580736,
          580896,
          580096,
          580128,
          582016,
          579040,
          582496,
          580992,
          581280,
          581248,
          580128,
          582016,
          581152,
          577152,
          577120,
          581888,
          587360,
          578048,
          577536,
          581280,
          579584,
          581792,
          593696,
          581728,
          581408,
          587904,
          580160
        ],
        "applicable": true
      },
      {
        "kernel": "onpair_shmem_4tpt_b64o24",
        "decode_ms": 0.57376,
        "decode_gib_s": 1168.3548407185544,
        "decode_ns_iters": [
          580256,
          578688,
          573760,
          576864,
          576320,
          578592,
          577696,
          578336,
          581088,
          580832,
          580640,
          579104,
          575360,
          578624,
          578176,
          579872,
          581184,
          578944,
          582528,
          577440,
          579072,
          577920,
          576640,
          578464,
          578272,
          580416,
          577376,
          579456,
          576320,
          581664
        ],
        "applicable": true
      },
      {
        "kernel": "onpair_shmem_4tpt_split8read_b128o12",
        "decode_ms": 0.567232,
        "decode_gib_s": 1181.8008740879886,
        "decode_ns_iters": [
          571200,
          570432,
          570880,
          572512,
          569248,
          570688,
          571680,
          570080,
          569600,
          571552,
          567840,
          569792,
          570912,
          570528,
          571520,
          569856,
          571904,
          570720,
          570560,
          569728,
          568640,
          570208,
          570944,
          571136,
          570240,
          568992,
          567232,
          567776,
          569312,
          570208
        ],
        "applicable": true
      },
      {
        "kernel": "onpair_shmem_4tpt_split8read_occ",
        "decode_ms": 0.585024,
        "decode_gib_s": 1145.8594406565849,
        "decode_ns_iters": [
          587872,
          590304,
          596608,
          589120,
          595008,
          594880,
          590592,
          587040,
          591648,
          589184,
          591200,
          598208,
          594880,
          593344,
          586720,
          590848,
          593376,
          595840,
          596928,
          588864,
          598048,
          589440,
          593792,
          594112,
          592704,
          587264,
          586592,
          585024,
          594432,
          587968
        ],
        "applicable": true
      },
      {
        "kernel": "onpair_shmem_4tpt_split8",
        "decode_ms": 0.6664,
        "decode_gib_s": 1005.9352842297087,
        "decode_ns_iters": [
          669920,
          673696,
          669760,
          668832,
          670752,
          667456,
          671328,
          669952,
          671360,
          677056,
          669216,
          672128,
          676768,
          670624,
          671136,
          670560,
          669888,
          670432,
          669056,
          668960,
          667968,
          666400,
          670624,
          670464,
          669632,
          670592,
          679200,
          668320,
          668032,
          669216
        ],
        "applicable": true
      },
      {
        "kernel": "onpair_shmem_4tpt_split8_wpb8",
        "decode_ms": 0.65952,
        "decode_gib_s": 1016.4290293102224,
        "decode_ns_iters": [
          663072,
          660736,
          660704,
          662464,
          662528,
          663104,
          663232,
          663232,
          663136,
          662016,
          664256,
          661920,
          661184,
          663296,
          662080,
          659520,
          670304,
          662368,
          661824,
          663680,
          667584,
          660224,
          663008,
          661184,
          671168,
          663072,
          662016,
          661568,
          668000,
          664352
        ],
        "applicable": true
      },
      {
        "kernel": "onpair_shmem_4tpt_split8_wpb8_occ",
        "decode_ms": 0.654272,
        "decode_gib_s": 1024.5819374979792,
        "decode_ns_iters": [
          656672,
          658304,
          657888,
          657600,
          658208,
          656992,
          656896,
          655872,
          656608,
          658784,
          658400,
          655904,
          657088,
          659072,
          659040,
          657664,
          655392,
          654272,
          655904,
          658368,
          656672,
          655872,
          656416,
          655872,
          657088,
          655680,
          657440,
          655040,
          654752,
          655040
        ],
        "applicable": true
      },
      {
        "kernel": "onpair_shmem_4tpt_pdict",
        "decode_ms": 0.755776,
        "decode_gib_s": 886.9761323602204,
        "decode_ns_iters": [
          768256,
          761568,
          759584,
          760736,
          761856,
          768704,
          760480,
          771328,
          764160,
          761568,
          762144,
          764480,
          761408,
          762112,
          773440,
          760672,
          755776,
          759712,
          762784,
          762688,
          762368,
          771040,
          767456,
          765472,
          766944,
          761408,
          761760,
          764160,
          770816,
          765440
        ],
        "applicable": true
      },
      {
        "kernel": "onpair_shmem_4tpt_vdict",
        "decode_ms": 1.103296,
        "decode_gib_s": 607.5933144058148,
        "decode_ns_iters": [
          1109824,
          1108928,
          1124416,
          1109216,
          1106816,
          1106592,
          1107392,
          1113856,
          1109344,
          1103296,
          1110560,
          1108032,
          1113376,
          1103616,
          1109728,
          1107104,
          1107808,
          1112352,
          1109312,
          1107808,
          1106080,
          1107104,
          1103552,
          1107744,
          1111456,
          1108000,
          1109856,
          1103776,
          1107904,
          1106944
        ],
        "applicable": true
      },
      {
        "kernel": "onpair_shmem_4tpt_split8read",
        "decode_ms": 0.602304,
        "decode_gib_s": 1112.9849268985065,
        "decode_ns_iters": [
          605920,
          603872,
          604928,
          608576,
          608544,
          614688,
          605728,
          604096,
          605280,
          605376,
          606272,
          606208,
          627744,
          607520,
          611232,
          606976,
          605696,
          608000,
          608544,
          604576,
          609184,
          602304,
          613216,
          605920,
          604224,
          607744,
          602816,
          605472,
          607072,
          618656
        ],
        "applicable": true
      },
      {
        "kernel": "onpair_shmem_4tpt_ldcs",
        "decode_ms": 0.633568,
        "decode_gib_s": 1058.0636544312179,
        "decode_ns_iters": [
          636128,
          634688,
          645312,
          635936,
          636800,
          637632,
          638240,
          640896,
          636384,
          641984,
          637888,
          634976,
          635968,
          641984,
          636640,
          633920,
          636800,
          638944,
          641408,
          638496,
          633568,
          635360,
          637696,
          634848,
          650208,
          634688,
          638496,
          633856,
          634400,
          635520
        ],
        "applicable": true
      },
      {
        "kernel": "onpair_shmem_4tpt_lenbucket",
        "decode_ms": 0.0,
        "decode_gib_s": 0.0,
        "applicable": false,
        "reason": "length-bucket dict not built (set ONPAIR_DICT_REORDER=lenbucket)"
      },
      {
        "kernel": "onpair_shmem_4tpt_lenbucket_b128",
        "decode_ms": 0.0,
        "decode_gib_s": 0.0,
        "applicable": false,
        "reason": "length-bucket dict not built (set ONPAIR_DICT_REORDER=lenbucket)"
      },
      {
        "kernel": "onpair_shmem_4tpt_regcache",
        "decode_ms": 0.725472,
        "decode_gib_s": 924.0263902820204,
        "decode_ns_iters": [
          731616,
          730816,
          736576,
          730656,
          731648,
          728928,
          728064,
          733504,
          730592,
          731040,
          729376,
          731264,
          732000,
          734016,
          730176,
          730176,
          731648,
          729536,
          729728,
          736512,
          731008,
          731808,
          728928,
          730784,
          729120,
          729152,
          729888,
          726944,
          729056,
          725472
        ],
        "applicable": true
      },
      {
        "kernel": "onpair_shmem_4tpt_split4read",
        "decode_ms": 0.623232,
        "decode_gib_s": 1075.61112621091,
        "decode_ns_iters": [
          624704,
          624480,
          625280,
          630432,
          625632,
          623968,
          625024,
          625632,
          626752,
          623232,
          625376,
          633312,
          624544,
          626496,
          631392,
          624224,
          626560,
          628384,
          624320,
          626176,
          625984,
          631200,
          624928,
          626048,
          626272,
          625888,
          623328,
          626432,
          624160,
          624992
        ],
        "applicable": true
      },
      {
        "kernel": "onpair_shmem_4tpt_split4read_b128o12",
        "decode_ms": 0.581792,
        "decode_gib_s": 1152.224976298536,
        "decode_ns_iters": [
          582816,
          585728,
          584480,
          583904,
          586208,
          585952,
          586176,
          584864,
          583584,
          585216,
          584512,
          582912,
          585152,
          585152,
          586720,
          595968,
          584992,
          586208,
          591072,
          587232,
          585312,
          586144,
          583520,
          585248,
          585024,
          582464,
          582368,
          581984,
          583392,
          581792
        ],
        "applicable": true
      },
      {
        "kernel": "onpair_shmem_4tpt_cluster_dsmem",
        "decode_ms": 1.964608,
        "decode_gib_s": 341.21579134905176,
        "decode_ns_iters": [
          1974144,
          2011744,
          2016960,
          2017792,
          2015680,
          2021376,
          2019776,
          2003488,
          2025600,
          2012672,
          2014304,
          2024064,
          2007648,
          2007904,
          2011872,
          2015680,
          2020512,
          2019744,
          2008480,
          1964608,
          2027744,
          2003424,
          2010656,
          2015584,
          2020384,
          2015616,
          2011168,
          2013056,
          2014272,
          2019648
        ],
        "applicable": true
      },
      {
        "kernel": "onpair_shmem_8tpt",
        "decode_ms": 0.5744,
        "decode_gib_s": 1167.0530525951915,
        "decode_ns_iters": [
          576928,
          578560,
          577632,
          577120,
          575808,
          576832,
          575968,
          577632,
          578208,
          576736,
          576448,
          575936,
          576864,
          577440,
          576384,
          574624,
          583296,
          577568,
          575232,
          577856,
          575712,
          574400,
          578592,
          575392,
          576864,
          581568,
          576256,
          576064,
          578240,
          578400
        ],
        "applicable": true
      },
      {
        "kernel": "onpair_shmem_8tpt_b128",
        "decode_ms": 0.574528,
        "decode_gib_s": 1166.7930430034355,
        "decode_ns_iters": [
          577152,
          576928,
          575456,
          576704,
          576192,
          576736,
          575040,
          576224,
          579616,
          577856,
          578464,
          575328,
          577536,
          576896,
          578464,
          578720,
          576032,
          576800,
          574528,
          574688,
          575424,
          576800,
          577984,
          574976,
          577152,
          575776,
          575072,
          577504,
          576352,
          577088
        ],
        "applicable": true
      },
      {
        "kernel": "onpair_shmem_4tpt_vwidth",
        "decode_ms": 0.989536,
        "decode_gib_s": 677.4440479281985,
        "decode_ns_iters": [
          989888,
          989536,
          990624,
          993792,
          994112,
          992288,
          992736,
          1001856,
          990880,
          991328,
          993600,
          992544,
          993568,
          992448,
          991968,
          993120,
          994240,
          993280,
          994240,
          998208,
          993216,
          991424,
          992160,
          991936,
          993984,
          991008,
          990912,
          990816,
          993888,
          993824
        ],
        "applicable": true
      },
      {
        "kernel": "onpair_shmem_4tpt_vwidth_b128",
        "decode_ms": 2.183872,
        "decode_gib_s": 306.95721791875985,
        "decode_ns_iters": [
          2197824,
          2190464,
          2189088,
          2191552,
          2185472,
          2189632,
          2199616,
          2188640,
          2189984,
          2188384,
          2190752,
          2191392,
          2188320,
          2188480,
          2187584,
          2190496,
          2188608,
          2189120,
          2185792,
          2184800,
          2187616,
          2188320,
          2189248,
          2190272,
          2185472,
          2190784,
          2191104,
          2186752,
          2183872,
          2189088
        ],
        "applicable": true
      },
      {
        "kernel": "onpair_shmem_4tpt_vwidth4",
        "decode_ms": 0.772032,
        "decode_gib_s": 868.2998546830673,
        "decode_ns_iters": [
          776736,
          772032,
          772640,
          773824,
          782304,
          773472,
          775488,
          777120,
          776192,
          775232,
          776672,
          777440,
          773120,
          773824,
          779776,
          782400,
          779744,
          778816,
          777312,
          785792,
          778016,
          776224,
          778400,
          779584,
          776928,
          775136,
          779968,
          784576,
          775072,
          776992
        ],
        "applicable": true
      },
      {
        "kernel": "onpair_shmem_4tpt_vwidth4_b128",
        "decode_ms": 0.57536,
        "decode_gib_s": 1165.105800560828,
        "decode_ns_iters": [
          580768,
          597664,
          578496,
          578112,
          585632,
          579200,
          577280,
          580032,
          576672,
          579872,
          575360,
          580416,
          579200,
          576640,
          577888,
          578304,
          580352,
          580736,
          581280,
          579808,
          585408,
          577792,
          578656,
          579296,
          579392,
          580640,
          579168,
          581024,
          581536,
          576896
        ],
        "applicable": true
      },
      {
        "kernel": "onpair_shmem_4tpt_shdict8",
        "decode_ms": 1.01904,
        "decode_gib_s": 657.8301866567338,
        "decode_ns_iters": [
          1027392,
          1026464,
          1030272,
          1030112,
          1026752,
          1031488,
          1031904,
          1030784,
          1032448,
          1029696,
          1028896,
          1026656,
          1031712,
          1029248,
          1027680,
          1028032,
          1031328,
          1029440,
          1033920,
          1023872,
          1024736,
          1024672,
          1022784,
          1019040,
          1033600,
          1031008,
          1025344,
          1022112,
          1026144,
          1029536
        ],
        "applicable": true
      },
      {
        "kernel": "onpair_shmem_4tpt_ablate",
        "decode_ms": 0.577152,
        "decode_gib_s": 1161.4882620361323,
        "decode_ns_iters": [
          579936,
          577280,
          577152,
          581600,
          579168,
          578016,
          581760,
          583584,
          581312,
          579648,
          579488,
          584832,
          581344,
          582048,
          583232,
          583872,
          582272,
          581312,
          583424,
          582784,
          583072,
          590784,
          581568,
          580960,
          579808,
          579648,
          581952,
          596896,
          578880,
          578912
        ],
        "applicable": true
      },
      {
        "kernel": "onpair_shmem_4tpt_ablate_nogather",
        "decode_ms": 0.513504,
        "decode_gib_s": 1305.452875558278,
        "decode_ns_iters": [
          515552,
          516384,
          515968,
          513504,
          514080,
          514016,
          518208,
          517856,
          516928,
          525696,
          519072,
          517472,
          518592,
          518944,
          517408,
          518880,
          515456,
          515904,
          517984,
          515168,
          519232,
          516736,
          524608,
          516960,
          515104,
          517984,
          517280,
          526848,
          516000,
          518272
        ],
        "applicable": true
      },
      {
        "kernel": "onpair_shmem_4tpt_ablate_noemit",
        "decode_ms": 0.39488,
        "decode_gib_s": 1697.6176899581592,
        "decode_ns_iters": [
          399808,
          398528,
          397920,
          400064,
          396032,
          395648,
          396640,
          395168,
          397568,
          395872,
          398464,
          399584,
          407520,
          396672,
          403264,
          399520,
          405216,
          397920,
          403872,
          395360,
          405216,
          395808,
          406304,
          398432,
          396352,
          398112,
          404704,
          396896,
          394880,
          397728
        ],
        "applicable": true
      },
      {
        "kernel": "onpair_shmem_4tpt_ablate_nodrain",
        "decode_ms": 0.518752,
        "decode_gib_s": 1292.246147312546,
        "decode_ns_iters": [
          523200,
          519040,
          519776,
          520832,
          520544,
          528992,
          522560,
          524192,
          521888,
          527520,
          520992,
          522112,
          521152,
          523328,
          519712,
          521824,
          522080,
          519168,
          518752,
          521920,
          521312,
          519808,
          525664,
          521856,
          522432,
          524672,
          521824,
          521888,
          520928,
          522912
        ],
        "applicable": true
      },
      {
        "kernel": "onpair_shmem_4tpt_ablate_noscan",
        "decode_ms": 0.3488,
        "decode_gib_s": 1921.8901187232736,
        "decode_ns_iters": [
          352064,
          354240,
          368032,
          355360,
          351872,
          350944,
          352864,
          351136,
          360032,
          353152,
          354656,
          360640,
          355968,
          355424,
          351808,
          354624,
          353088,
          350432,
          351552,
          357088,
          351392,
          353920,
          360480,
          351584,
          350560,
          353056,
          350240,
          348800,
          354880,
          351328
        ],
        "applicable": true
      },
      {
        "kernel": "onpair_shmem_4tpt_ablate_cfree",
        "decode_ms": 0.446016,
        "decode_gib_s": 1502.984810882744,
        "decode_ns_iters": [
          460896,
          450816,
          449088,
          454656,
          447872,
          449440,
          447040,
          451552,
          449536,
          448224,
          448960,
          458816,
          452416,
          450752,
          448512,
          449440,
          447744,
          450016,
          452224,
          449088,
          448224,
          450240,
          446016,
          448896,
          454848,
          449248,
          446240,
          451456,
          449632,
          448288
        ],
        "applicable": true
      },
      {
        "kernel": "onpair_shmem_s8",
        "decode_ms": 0.0,
        "decode_gib_s": 0.0,
        "applicable": false,
        "reason": "dictionary entry longer than 8 bytes"
      },
      {
        "kernel": "onpair_shmem_s8_2tpt",
        "decode_ms": 0.0,
        "decode_gib_s": 0.0,
        "applicable": false,
        "reason": "dictionary entry longer than 8 bytes"
      },
      {
        "kernel": "onpair_shmem_s8_4tpt",
        "decode_ms": 0.0,
        "decode_gib_s": 0.0,
        "applicable": false,
        "reason": "dictionary entry longer than 8 bytes"
      },
      {
        "kernel": "onpair_shmem_s8_8tpt",
        "decode_ms": 0.0,
        "decode_gib_s": 0.0,
        "applicable": false,
        "reason": "dictionary entry longer than 8 bytes"
      },
      {
        "kernel": "onpair_shmem_s4l1",
        "decode_ms": 0.0,
        "decode_gib_s": 0.0,
        "applicable": false,
        "reason": "dictionary entry longer than 4 bytes"
      },
      {
        "kernel": "onpair_shmem_s4l1_2tpt",
        "decode_ms": 0.0,
        "decode_gib_s": 0.0,
        "applicable": false,
        "reason": "dictionary entry longer than 4 bytes"
      },
      {
        "kernel": "onpair_shmem_s4l1_4tpt",
        "decode_ms": 0.0,
        "decode_gib_s": 0.0,
        "applicable": false,
        "reason": "dictionary entry longer than 4 bytes"
      },
      {
        "kernel": "onpair_shmem_s4l1_8tpt",
        "decode_ms": 0.0,
        "decode_gib_s": 0.0,
        "applicable": false,
        "reason": "dictionary entry longer than 4 bytes"
      },
      {
        "kernel": "onpair_shmem_s4l1_16tpt",
        "decode_ms": 0.0,
        "decode_gib_s": 0.0,
        "applicable": false,
        "reason": "dictionary entry longer than 4 bytes"
      },
      {
        "kernel": "onpair_shmem_s4l1_32tpt",
        "decode_ms": 0.0,
        "decode_gib_s": 0.0,
        "applicable": false,
        "reason": "dictionary entry longer than 4 bytes"
      },
      {
        "kernel": "onpair_shmem_const1",
        "decode_ms": 0.0,
        "decode_gib_s": 0.0,
        "applicable": false,
        "reason": "not every dictionary entry is exactly 1 byte"
      },
      {
        "kernel": "onpair_shmem_const2",
        "decode_ms": 0.0,
        "decode_gib_s": 0.0,
        "applicable": false,
        "reason": "not every dictionary entry is exactly 2 bytes"
      }
    ]
  }
}
==PROF== Disconnected from process 20070
==PROF== Report: /home/ubuntu/work/ncu_costsurface_tpch-sf10_l_shipinstruct_b12.ncu-rep
