==PROF== Connected to process 27593 (/home/ubuntu/work/target/release/onpair-chunk-bench)
2026-07-06T03:33:22.997935Z  INFO vortex_cuda: vortex-cuda/src/lib.rs:111: Registering CUDA kernels
==WARNING== Unable to access the following 6 metrics: ctc__rx_bytes_data_user.sum, ctc__rx_bytes_data_user.sum.pct_of_peak_sustained_elapsed, ctc__rx_bytes_data_user.sum.per_second, ctc__tx_bytes_data_user.sum, ctc__tx_bytes_data_user.sum.pct_of_peak_sustained_elapsed, ctc__tx_bytes_data_user.sum.per_second.


==PROF== Profiling "onpair_shmem_4tpt_split8read": 0%....50%....100% - 38 passes
==PROF== Profiling "onpair_shmem_4tpt_split8read": 0%....50%....100% - 38 passes
==PROF== Profiling "onpair_shmem_4tpt_split8read": 0%....50%....100% - 38 passes
==PROF== Profiling "onpair_shmem_4tpt_split8read": 0%....50%....100% - 38 passes
==PROF== Profiling "onpair_shmem_4tpt_split8read": 0%....50%....100% - 38 passes
==PROF== Profiling "onpair_shmem_4tpt_split8read": 0%....50%....100% - 38 passes
==PROF== Profiling "onpair_shmem_4tpt_split8read": 0%....50%....100% - 38 passes
==PROF== Profiling "onpair_shmem_4tpt_split8read": 0%....50%....100% - 38 passes
==PROF== Profiling "onpair_shmem_4tpt_split8read": 0%....50%....100% - 38 passes
==PROF== Profiling "onpair_shmem_4tpt_split8read": 0%....50%....100% - 38 passes
==PROF== Profiling "onpair_shmem_4tpt_split8read": 0%....50%....100% - 38 passes
==PROF== Profiling "onpair_shmem_4tpt_split8read": 0%....50%....100% - 38 passes
==PROF== Profiling "onpair_shmem_4tpt_split8read": 0%....50%....100% - 38 passes
==PROF== Profiling "onpair_shmem_4tpt_split8read": 0%....50%....100% - 38 passes
==PROF== Profiling "onpair_shmem_4tpt_split8read": 0%....50%....100% - 38 passes
==PROF== Profiling "onpair_shmem_4tpt_split8read": 0%....50%....100% - 38 passes
{
  "files": [
    "/home/ubuntu/work/vortex-bench/data/onpair-bench/fineweb/text/bits12_chunk1000mb_thr0.20/part_0000.vortex"
  ],
  "column": "text",
  "rows": 324253,
  "in_memory_bytes": 442492129,
  "dict_bytes": 17644,
  "gpu": {
    "iterations": 30,
    "decoded_bytes": 999998604,
    "chunks": 1,
    "auto_kernel": "onpair_shmem_4tpt_split8read",
    "frac_le8": 0.98482156,
    "dict_mean_len": 3.3992069,
    "dict_max_len": 16,
    "dict_entries_max": 4096,
    "small_dict": true,
    "distinct_codes": 4041,
    "access_top4096_frac": 1.0,
    "compressed_bytes": 588393496,
    "h2d_gib_s": 9.838603417328704,
    "whole_decompress_gib_s": 16.22967658979416,
    "best_kernel": "onpair_shmem_4tpt_split8read_b128o12",
    "auto_decode_ms": 1.686496,
    "best_decode_ms": 1.317312,
    "validated": false,
    "auto_decode_gib_s": 552.2226406046408,
    "best_decode_gib_s": 706.9861008547439,
    "kernels": [
      {
        "kernel": "onpair_shmem",
        "decode_ms": 2.607712,
        "decode_gib_s": 357.14115457886624,
        "decode_ns_iters": [
          2614720,
          2611840,
          2612864,
          2610304,
          2612704,
          2607712,
          2610784,
          2611168,
          2611520,
          2609568,
          2610688,
          2624832,
          2609792,
          2610336,
          2612096,
          2609312,
          2611200,
          2611616,
          2611584,
          2610976,
          2609600,
          2609184,
          2610208,
          2609600,
          2612384,
          2621248,
          2611168,
          2609632,
          2625600,
          2610592
        ],
        "applicable": true
      },
      {
        "kernel": "onpair_shmem_2tpt",
        "decode_ms": 1.88192,
        "decode_gib_s": 494.8782490696546,
        "decode_ns_iters": [
          1883936,
          1884544,
          1884512,
          1884000,
          1885024,
          1884640,
          1884224,
          1884224,
          1883488,
          1884320,
          1882720,
          1883744,
          1881920,
          1884320,
          1884032,
          1884608,
          1884096,
          1885344,
          1882912,
          1884512,
          1884256,
          1882592,
          1883904,
          1885408,
          1885344,
          1882656,
          1886720,
          1885088,
          1884864,
          1883520
        ],
        "applicable": true
      },
      {
        "kernel": "onpair_shmem_4tpt",
        "decode_ms": 1.869696,
        "decode_gib_s": 498.1137438862597,
        "decode_ns_iters": [
          1872864,
          1871936,
          1874112,
          1872672,
          1874400,
          1869728,
          1869952,
          1871456,
          1871712,
          1872576,
          1872192,
          1872352,
          1872448,
          1869696,
          1882144,
          1878656,
          1872160,
          1870848,
          1873024,
          1871584,
          1872800,
          1871392,
          1873632,
          1872032,
          1874016,
          1871200,
          1872736,
          1871488,
          1873184,
          1872576
        ],
        "applicable": true
      },
      {
        "kernel": "onpair_shmem_4tpt_wpb8",
        "decode_ms": 1.791808,
        "decode_gib_s": 519.7662218771009,
        "decode_ns_iters": [
          1798048,
          1796640,
          1795712,
          1792864,
          1793248,
          1794432,
          1806944,
          1793120,
          1794272,
          1791872,
          1792736,
          1794848,
          1792928,
          1794432,
          1795456,
          1791808,
          1792416,
          1791872,
          1794752,
          1796320,
          1795552,
          1795808,
          1794688,
          1796128,
          1792992,
          1795872,
          1793888,
          1793760,
          1794016,
          1793568
        ],
        "applicable": true
      },
      {
        "kernel": "onpair_shmem_4tpt_wpb8_occ",
        "decode_ms": 1.7096,
        "decode_gib_s": 544.7597534447616,
        "decode_ns_iters": [
          1711520,
          1711648,
          1710272,
          1710912,
          1711136,
          1711136,
          1714560,
          1710880,
          1712992,
          1713088,
          1712416,
          1712704,
          1712032,
          1709600,
          1712192,
          1711488,
          1709888,
          1713312,
          1713792,
          1710976,
          1711936,
          1709952,
          1723840,
          1712896,
          1711616,
          1713472,
          1711488,
          1714848,
          1712352,
          1713376
        ],
        "applicable": true
      },
      {
        "kernel": "onpair_shmem_4tpt_b128",
        "decode_ms": 1.65872,
        "decode_gib_s": 561.4698529523755,
        "decode_ns_iters": [
          1661952,
          1663840,
          1662720,
          1661408,
          1662272,
          1663744,
          1660128,
          1662848,
          1661344,
          1662976,
          1662272,
          1659776,
          1660864,
          1662176,
          1659680,
          1660768,
          1658880,
          1659200,
          1659200,
          1659040,
          1659872,
          1658720,
          1660640,
          1663040,
          1660768,
          1661696,
          1659776,
          1661408,
          1661408,
          1662976
        ],
        "applicable": true
      },
      {
        "kernel": "onpair_shmem_4tpt_o6",
        "decode_ms": 1.623744,
        "decode_gib_s": 573.5641052340543,
        "decode_ns_iters": [
          1627936,
          1625984,
          1626496,
          1625152,
          1626752,
          1624640,
          1626720,
          1623744,
          1626848,
          1625280,
          1635616,
          1625088,
          1625920,
          1625696,
          1628032,
          1627200,
          1626176,
          1639712,
          1627104,
          1627168,
          1628704,
          1633088,
          1627488,
          1626464,
          1625920,
          1626656,
          1625536,
          1625568,
          1625728,
          1626336
        ],
        "applicable": true
      },
      {
        "kernel": "onpair_shmem_4tpt_b512o3",
        "decode_ms": 1.626496,
        "decode_gib_s": 572.5936457815848,
        "decode_ns_iters": [
          1626688,
          1626976,
          1628992,
          1630240,
          1627232,
          1627040,
          1626784,
          1629056,
          1645152,
          1628576,
          1627840,
          1626496,
          1635744,
          1629600,
          1629408,
          1628256,
          1627744,
          1628800,
          1628960,
          1628288,
          1630272,
          1627168,
          1629760,
          1626816,
          1628928,
          1626976,
          1643680,
          1627712,
          1628192,
          1628320
        ],
        "applicable": true
      },
      {
        "kernel": "onpair_shmem_4tpt_b128o12",
        "decode_ms": 1.630592,
        "decode_gib_s": 571.1553070842764,
        "decode_ns_iters": [
          1729120,
          1635424,
          1634592,
          1634528,
          1632992,
          1630592,
          1631264,
          1638464,
          1632032,
          1632864,
          1631808,
          1632864,
          1633344,
          1636288,
          1632032,
          1639680,
          1675040,
          1685888,
          1686112,
          1686880,
          1674720,
          1695680,
          1693728,
          1693760,
          1684192,
          1690752,
          1690816,
          1656608,
          1632320,
          1669696
        ],
        "applicable": true
      },
      {
        "kernel": "onpair_shmem_4tpt_b64",
        "decode_ms": 1.6544,
        "decode_gib_s": 562.9359734581506,
        "decode_ns_iters": [
          1664320,
          1660640,
          1661152,
          1659456,
          1657920,
          1656224,
          1657664,
          1657504,
          1654720,
          1656352,
          1654400,
          1656960,
          1658752,
          1657696,
          1656992,
          1659712,
          1657760,
          1659968,
          1662944,
          1656128,
          1657312,
          1656768,
          1658848,
          1657888,
          1659488,
          1654528,
          1656032,
          1655584,
          1655456,
          1661600
        ],
        "applicable": true
      },
      {
        "kernel": "onpair_shmem_4tpt_b64o24",
        "decode_ms": 1.632096,
        "decode_gib_s": 570.6289792323272,
        "decode_ns_iters": [
          1635584,
          1632832,
          1634208,
          1634688,
          1632896,
          1634080,
          1632896,
          1648192,
          1636064,
          1634752,
          1633728,
          1633472,
          1635552,
          1634112,
          1634144,
          1632128,
          1632096,
          1633120,
          1639392,
          1636032,
          1635168,
          1635808,
          1647392,
          1636736,
          1635808,
          1634432,
          1635584,
          1635680,
          1632128,
          1633888
        ],
        "applicable": true
      },
      {
        "kernel": "onpair_shmem_4tpt_split8read_b128o12",
        "decode_ms": 1.317312,
        "decode_gib_s": 706.9861008547439,
        "decode_ns_iters": [
          1319424,
          1319840,
          1320416,
          1317664,
          1321312,
          1320640,
          1330464,
          1320000,
          1320032,
          1321760,
          1319232,
          1321248,
          1319136,
          1317376,
          1320384,
          1317504,
          1321088,
          1320736,
          1319584,
          1319840,
          1319520,
          1329728,
          1320064,
          1323424,
          1320352,
          1319680,
          1319008,
          1319104,
          1318208,
          1317312
        ],
        "applicable": true
      },
      {
        "kernel": "onpair_shmem_4tpt_split8read_occ",
        "decode_ms": 1.521152,
        "decode_gib_s": 612.24734575451,
        "decode_ns_iters": [
          1523456,
          1525824,
          1521152,
          1524448,
          1525888,
          1524160,
          1524992,
          1524352,
          1527264,
          1521472,
          1524640,
          1526432,
          1524960,
          1525792,
          1523488,
          1523776,
          1522784,
          1522528,
          1524864,
          1522720,
          1522560,
          1522208,
          1522432,
          1524992,
          1522976,
          1524608,
          1522144,
          1523648,
          1523168,
          1523168
        ],
        "applicable": true
      },
      {
        "kernel": "onpair_shmem_4tpt_split8",
        "decode_ms": 1.796032,
        "decode_gib_s": 518.5438090686381,
        "decode_ns_iters": [
          1799008,
          1798368,
          1799328,
          1797952,
          1807392,
          1798688,
          1801120,
          1801760,
          1802080,
          1798272,
          1798144,
          1798784,
          1799456,
          1797696,
          1796032,
          1797376,
          1798176,
          1797568,
          1800928,
          1798144,
          1799040,
          1800000,
          1798368,
          1814112,
          1797952,
          1799904,
          1801408,
          1798048,
          1798752,
          1798912
        ],
        "applicable": true
      },
      {
        "kernel": "onpair_shmem_4tpt_split8_wpb8",
        "decode_ms": 1.709312,
        "decode_gib_s": 544.8515393849481,
        "decode_ns_iters": [
          1709312,
          1710720,
          1719744,
          1711072,
          1712768,
          1710304,
          1711392,
          1712064,
          1716128,
          1714176,
          1715424,
          1715008,
          1726528,
          1715840,
          1711808,
          1711104,
          1711584,
          1714240,
          1715808,
          1713280,
          1713536,
          1711840,
          1712704,
          1713760,
          1715776,
          1713248,
          1714208,
          1714976,
          1723232,
          1715360
        ],
        "applicable": true
      },
      {
        "kernel": "onpair_shmem_4tpt_split8_wpb8_occ",
        "decode_ms": 1.628832,
        "decode_gib_s": 571.7724568827015,
        "decode_ns_iters": [
          1633664,
          1633504,
          1632928,
          1632288,
          1632544,
          1634272,
          1633024,
          1637664,
          1635712,
          1635392,
          1632768,
          1633088,
          1632288,
          1631936,
          1632128,
          1634560,
          1632192,
          1637504,
          1632992,
          1632640,
          1631584,
          1630240,
          1631392,
          1628832,
          1645056,
          1631200,
          1629984,
          1632384,
          1631552,
          1632960
        ],
        "applicable": true
      },
      {
        "kernel": "onpair_shmem_4tpt_pdict",
        "decode_ms": 2.372256,
        "decode_gib_s": 392.58885823838756,
        "decode_ns_iters": [
          2378272,
          2378336,
          2381152,
          2375360,
          2379040,
          2380992,
          2372352,
          2378208,
          2378624,
          2377760,
          2372256,
          2376224,
          2376544,
          2377312,
          2378912,
          2378656,
          2378816,
          2379904,
          2373280,
          2379104,
          2382784,
          2375776,
          2381248,
          2376512,
          2384608,
          2373952,
          2378080,
          2373152,
          2379488,
          2373664
        ],
        "applicable": true
      },
      {
        "kernel": "onpair_shmem_4tpt_vdict",
        "decode_ms": 2.860864,
        "decode_gib_s": 325.538464774685,
        "decode_ns_iters": [
          2862336,
          2881120,
          2871168,
          2871456,
          2866208,
          2864512,
          2871104,
          2870112,
          2866816,
          2869600,
          2867232,
          2874208,
          2870848,
          2865152,
          2869408,
          2870720,
          2866496,
          2865024,
          2869216,
          2875168,
          2867840,
          2860864,
          2865888,
          2867168,
          2871040,
          2869952,
          2873856,
          2868256,
          2871680,
          2870720
        ],
        "applicable": true
      },
      {
        "kernel": "onpair_shmem_4tpt_split8read",
        "decode_ms": 1.686496,
        "decode_gib_s": 552.2226406046408,
        "decode_ns_iters": [
          2149228811,
          2154769182,
          2154848099,
          2172913551,
          2151168585,
          2161761522,
          2149457216,
          2184668303,
          2156366587,
          2136481285,
          2168354988,
          2161220551,
          2156805992,
          2167682171,
          1743040,
          1692512,
          1726208,
          1689504,
          1688480,
          1687200,
          1687744,
          1688768,
          1688512,
          1687264,
          1686528,
          1688960,
          1687264,
          1691040,
          1688480,
          1686496
        ],
        "applicable": true
      },
      {
        "kernel": "onpair_shmem_4tpt_ldcs",
        "decode_ms": 1.89664,
        "decode_gib_s": 491.0374528055743,
        "decode_ns_iters": [
          1903872,
          1900128,
          1901184,
          1896640,
          1898688,
          1899104,
          1899296,
          1898112,
          1899264,
          1898688,
          1896960,
          1898816,
          1898432,
          1897888,
          1899648,
          1899872,
          1901312,
          1900928,
          1901184,
          1899872,
          1898048,
          1900832,
          1898848,
          1900064,
          1898976,
          1899552,
          1898176,
          1900000,
          1900256,
          1899232
        ],
        "applicable": true
      },
      {
        "kernel": "onpair_shmem_4tpt_lenbucket",
        "decode_ms": 0.0,
        "decode_gib_s": 0.0,
        "applicable": false,
        "reason": "length-bucket dict not built (set ONPAIR_DICT_REORDER=lenbucket)"
      },
      {
        "kernel": "onpair_shmem_4tpt_lenbucket_b128",
        "decode_ms": 0.0,
        "decode_gib_s": 0.0,
        "applicable": false,
        "reason": "length-bucket dict not built (set ONPAIR_DICT_REORDER=lenbucket)"
      },
      {
        "kernel": "onpair_shmem_4tpt_regcache",
        "decode_ms": 2.050176,
        "decode_gib_s": 454.2640604948865,
        "decode_ns_iters": [
          2055072,
          2054400,
          2054624,
          2051744,
          2055520,
          2052672,
          2055552,
          2054432,
          2057120,
          2055488,
          2054176,
          2053344,
          2053632,
          2053536,
          2053664,
          2068544,
          2054080,
          2053440,
          2054048,
          2052672,
          2054368,
          2061344,
          2053952,
          2054528,
          2052992,
          2055360,
          2052320,
          2051360,
          2054720,
          2050176
        ],
        "applicable": true
      },
      {
        "kernel": "onpair_shmem_4tpt_split4read",
        "decode_ms": 1.92128,
        "decode_gib_s": 484.7400037939105,
        "decode_ns_iters": [
          1922976,
          1923552,
          1921344,
          1921664,
          1922656,
          1922368,
          1922944,
          1922176,
          1924064,
          1921856,
          1921664,
          1937440,
          1931168,
          1922016,
          1923136,
          1931200,
          1933312,
          1921280,
          1922368,
          1922400,
          1922848,
          1922304,
          1922080,
          1923680,
          1923168,
          1923040,
          1922688,
          1922144,
          1925312,
          1923328
        ],
        "applicable": true
      },
      {
        "kernel": "onpair_shmem_4tpt_split4read_b128o12",
        "decode_ms": 1.687808,
        "decode_gib_s": 551.7933760766416,
        "decode_ns_iters": [
          1690240,
          1691776,
          1690208,
          1691168,
          1697664,
          1692576,
          1690400,
          1689888,
          1691456,
          1687808,
          1689376,
          1689792,
          1688736,
          1689088,
          1690624,
          1691488,
          1689248,
          1691232,
          1690816,
          1690976,
          1694112,
          1693280,
          1691616,
          1690880,
          1691584,
          1690464,
          1693344,
          1690016,
          1690240,
          1691552
        ],
        "applicable": true
      },
      {
        "kernel": "onpair_shmem_4tpt_cluster_dsmem",
        "decode_ms": 7.651296,
        "decode_gib_s": 121.7207221481386,
        "decode_ns_iters": [
          7677696,
          7713632,
          7723072,
          7678976,
          7674112,
          7687040,
          7686080,
          7651296,
          7670752,
          7692384,
          7698304,
          7668384,
          7703008,
          7657024,
          7673664,
          7689920,
          7679104,
          7710624,
          7689120,
          7680096,
          7681760,
          7662144,
          7695040,
          7700064,
          7665952,
          7672352,
          7715904,
          7663840,
          7697440,
          7674016
        ],
        "applicable": true
      },
      {
        "kernel": "onpair_shmem_8tpt",
        "decode_ms": 1.667616,
        "decode_gib_s": 558.4746575285703,
        "decode_ns_iters": [
          1671424,
          1671616,
          1669280,
          1669376,
          1669120,
          1684256,
          1669376,
          1670624,
          1671392,
          1670464,
          1670592,
          1668000,
          1672256,
          1670880,
          1670528,
          1671520,
          1670944,
          1670016,
          1670048,
          1668416,
          1670048,
          1667904,
          1669664,
          1667616,
          1670848,
          1667936,
          1669920,
          1669472,
          1669920,
          1671328
        ],
        "applicable": true
      },
      {
        "kernel": "onpair_shmem_8tpt_b128",
        "decode_ms": 1.671648,
        "decode_gib_s": 557.1276216578875,
        "decode_ns_iters": [
          1674784,
          1675968,
          1672256,
          1680864,
          1673728,
          1672384,
          1672512,
          1674208,
          1674176,
          1673280,
          1671648,
          1672576,
          1672576,
          1672704,
          1672896,
          1683328,
          1674720,
          1672384,
          1671776,
          1685504,
          1672384,
          1675136,
          1676384,
          1674432,
          1683136,
          1679008,
          1678112,
          1677120,
          1692000,
          1676384
        ],
        "applicable": true
      },
      {
        "kernel": "onpair_shmem_4tpt_vwidth",
        "decode_ms": 6.341952,
        "decode_gib_s": 146.8508866811298,
        "decode_ns_iters": [
          6354912,
          6347648,
          6345824,
          6346784,
          6346720,
          6345376,
          6347360,
          6348480,
          6348576,
          6348928,
          6349184,
          6344192,
          6344352,
          6344480,
          6342976,
          6346208,
          6345248,
          6342784,
          6361184,
          6342496,
          6344608,
          6345216,
          6341952,
          6342784,
          6343328,
          6343136,
          6343712,
          6342976,
          6343904,
          6345056
        ],
        "applicable": true
      },
      {
        "kernel": "onpair_shmem_4tpt_vwidth_b128",
        "decode_ms": 7.88752,
        "decode_gib_s": 118.07529800104017,
        "decode_ns_iters": [
          7889568,
          7892928,
          7887520,
          7892416,
          7895296,
          7888672,
          7892768,
          7893632,
          7895392,
          7897504,
          7891456,
          7900224,
          7901216,
          7899936,
          7895743,
          7896224,
          7893472,
          7898849,
          7895712,
          7901184,
          7899649,
          7896448,
          7892224,
          7890944,
          7897184,
          7893344,
          7895968,
          7892896,
          7893568,
          7888512
        ],
        "applicable": true
      },
      {
        "kernel": "onpair_shmem_4tpt_vwidth4",
        "decode_ms": 2.289984,
        "decode_gib_s": 406.6933544029846,
        "decode_ns_iters": [
          2292096,
          2294080,
          2293504,
          2292320,
          2292640,
          2290496,
          2290208,
          2292512,
          2290624,
          2291744,
          2292224,
          2291072,
          2292384,
          2291680,
          2293088,
          2295488,
          2292864,
          2294016,
          2296320,
          2292736,
          2292128,
          2293920,
          2289984,
          2308288,
          2292128,
          2291264,
          2292032,
          2291168,
          2292096,
          2291200
        ],
        "applicable": true
      },
      {
        "kernel": "onpair_shmem_4tpt_vwidth4_b128",
        "decode_ms": 1.71552,
        "decode_gib_s": 542.8798699456516,
        "decode_ns_iters": [
          1723712,
          1723360,
          1721088,
          1721664,
          1723552,
          1731680,
          1722720,
          1723392,
          1722272,
          1717760,
          1734208,
          1723936,
          1722304,
          1719872,
          1719712,
          1717184,
          1722848,
          1718144,
          1718176,
          1721248,
          1729664,
          1719200,
          1719744,
          1723680,
          1720320,
          1716544,
          1715520,
          1719296,
          1720384,
          1717536
        ],
        "applicable": true
      },
      {
        "kernel": "onpair_shmem_4tpt_shdict8",
        "decode_ms": 3.275296,
        "decode_gib_s": 284.3472084627357,
        "decode_ns_iters": [
          3285248,
          3292736,
          3282368,
          3280864,
          3291296,
          3275296,
          3278784,
          3278048,
          3280000,
          3286336,
          3279776,
          3284416,
          3282592,
          3280576,
          3281184,
          3282112,
          3282880,
          3280096,
          3280288,
          3280576,
          3285312,
          3278304,
          3284480,
          3281664,
          3291328,
          3280480,
          3280544,
          3281120,
          3283744,
          3278112
        ],
        "applicable": true
      },
      {
        "kernel": "onpair_shmem_4tpt_ablate",
        "decode_ms": 1.628352,
        "decode_gib_s": 571.9410020002827,
        "decode_ns_iters": [
          1632224,
          1632032,
          1631872,
          1630304,
          1631264,
          1630304,
          1634080,
          1631264,
          1629216,
          1630688,
          1637728,
          1633536,
          1630112,
          1630240,
          1629472,
          1629888,
          1632128,
          1628352,
          1629568,
          1631424,
          1629856,
          1631936,
          1630560,
          1632640,
          1631072,
          1646528,
          1628608,
          1630848,
          1634048,
          1629088
        ],
        "applicable": true
      },
      {
        "kernel": "onpair_shmem_4tpt_ablate_nogather",
        "decode_ms": 1.188576,
        "decode_gib_s": 783.5605585921004,
        "decode_ns_iters": [
          1193984,
          1195104,
          1194176,
          1193888,
          1192640,
          1194112,
          1192128,
          1193696,
          1209344,
          1190208,
          1191680,
          1198272,
          1191360,
          1191392,
          1189376,
          1190144,
          1191392,
          1188768,
          1190592,
          1190272,
          1191520,
          1188928,
          1188832,
          1189632,
          1190816,
          1206752,
          1189824,
          1188576,
          1188736,
          1188576
        ],
        "applicable": true
      },
      {
        "kernel": "onpair_shmem_4tpt_ablate_noemit",
        "decode_ms": 0.842848,
        "decode_gib_s": 1104.9694304182538,
        "decode_ns_iters": [
          842848,
          853504,
          854304,
          855680,
          859520,
          859392,
          847392,
          863040,
          865472,
          861120,
          843776,
          859168,
          854752,
          856160,
          865408,
          852800,
          863936,
          867168,
          856672,
          848640,
          861216,
          862080,
          857984,
          855168,
          862272,
          857504,
          858752,
          857696,
          847424,
          863360
        ],
        "applicable": true
      },
      {
        "kernel": "onpair_shmem_4tpt_ablate_nodrain",
        "decode_ms": 1.498464,
        "decode_gib_s": 621.5172833576012,
        "decode_ns_iters": [
          1511232,
          1500992,
          1500544,
          1500064,
          1499616,
          1514848,
          1501696,
          1499680,
          1501696,
          1500640,
          1515392,
          1499392,
          1499424,
          1500256,
          1500288,
          1499360,
          1499072,
          1498944,
          1499872,
          1500512,
          1502112,
          1500608,
          1500736,
          1499776,
          1501088,
          1500608,
          1499840,
          1500320,
          1498464,
          1500224
        ],
        "applicable": true
      },
      {
        "kernel": "onpair_shmem_4tpt_ablate_noscan",
        "decode_ms": 1.172224,
        "decode_gib_s": 794.4908775875297,
        "decode_ns_iters": [
          1174784,
          1175168,
          1174560,
          1173280,
          1190944,
          1172224,
          1173216,
          1172544,
          1172864,
          1173632,
          1176000,
          1173952,
          1174528,
          1173824,
          1174976,
          1175904,
          1174720,
          1176128,
          1173440,
          1176416,
          1175168,
          1173184,
          1182304,
          1173280,
          1182432,
          1173792,
          1174784,
          1176128,
          1173504,
          1172864
        ],
        "applicable": true
      },
      {
        "kernel": "onpair_shmem_4tpt_ablate_cfree",
        "decode_ms": 1.610304,
        "decode_gib_s": 578.3512147328482,
        "decode_ns_iters": [
          1612064,
          1612288,
          1612416,
          1611840,
          1611040,
          1612160,
          1612512,
          1613184,
          1613088,
          1611072,
          1612160,
          1611104,
          1613536,
          1611040,
          1612672,
          1610304,
          1611168,
          1612960,
          1613280,
          1612896,
          1612928,
          1611424,
          1613216,
          1613728,
          1612768,
          1611872,
          1612032,
          1610720,
          1613728,
          1612864
        ],
        "applicable": true
      },
      {
        "kernel": "onpair_shmem_s8",
        "decode_ms": 0.0,
        "decode_gib_s": 0.0,
        "applicable": false,
        "reason": "dictionary entry longer than 8 bytes"
      },
      {
        "kernel": "onpair_shmem_s8_2tpt",
        "decode_ms": 0.0,
        "decode_gib_s": 0.0,
        "applicable": false,
        "reason": "dictionary entry longer than 8 bytes"
      },
      {
        "kernel": "onpair_shmem_s8_4tpt",
        "decode_ms": 0.0,
        "decode_gib_s": 0.0,
        "applicable": false,
        "reason": "dictionary entry longer than 8 bytes"
      },
      {
        "kernel": "onpair_shmem_s8_8tpt",
        "decode_ms": 0.0,
        "decode_gib_s": 0.0,
        "applicable": false,
        "reason": "dictionary entry longer than 8 bytes"
      },
      {
        "kernel": "onpair_shmem_s4l1",
        "decode_ms": 0.0,
        "decode_gib_s": 0.0,
        "applicable": false,
        "reason": "dictionary entry longer than 4 bytes"
      },
      {
        "kernel": "onpair_shmem_s4l1_2tpt",
        "decode_ms": 0.0,
        "decode_gib_s": 0.0,
        "applicable": false,
        "reason": "dictionary entry longer than 4 bytes"
      },
      {
        "kernel": "onpair_shmem_s4l1_4tpt",
        "decode_ms": 0.0,
        "decode_gib_s": 0.0,
        "applicable": false,
        "reason": "dictionary entry longer than 4 bytes"
      },
      {
        "kernel": "onpair_shmem_s4l1_8tpt",
        "decode_ms": 0.0,
        "decode_gib_s": 0.0,
        "applicable": false,
        "reason": "dictionary entry longer than 4 bytes"
      },
      {
        "kernel": "onpair_shmem_s4l1_16tpt",
        "decode_ms": 0.0,
        "decode_gib_s": 0.0,
        "applicable": false,
        "reason": "dictionary entry longer than 4 bytes"
      },
      {
        "kernel": "onpair_shmem_s4l1_32tpt",
        "decode_ms": 0.0,
        "decode_gib_s": 0.0,
        "applicable": false,
        "reason": "dictionary entry longer than 4 bytes"
      },
      {
        "kernel": "onpair_shmem_const1",
        "decode_ms": 0.0,
        "decode_gib_s": 0.0,
        "applicable": false,
        "reason": "not every dictionary entry is exactly 1 byte"
      },
      {
        "kernel": "onpair_shmem_const2",
        "decode_ms": 0.0,
        "decode_gib_s": 0.0,
        "applicable": false,
        "reason": "not every dictionary entry is exactly 2 bytes"
      }
    ]
  }
}
==PROF== Disconnected from process 27593
==PROF== Report: /home/ubuntu/work/ncu_costsurface_fineweb_text_b12.ncu-rep
