==PROF== Connected to process 22082 (/home/ubuntu/work/target/release/onpair-chunk-bench)
2026-07-06T03:25:51.051991Z  INFO vortex_cuda: vortex-cuda/src/lib.rs:111: Registering CUDA kernels
==WARNING== Unable to access the following 6 metrics: ctc__rx_bytes_data_user.sum, ctc__rx_bytes_data_user.sum.pct_of_peak_sustained_elapsed, ctc__rx_bytes_data_user.sum.per_second, ctc__tx_bytes_data_user.sum, ctc__tx_bytes_data_user.sum.pct_of_peak_sustained_elapsed, ctc__tx_bytes_data_user.sum.per_second.


==PROF== Profiling "onpair_shmem_4tpt": 0%....50%....100% - 38 passes
==PROF== Profiling "onpair_shmem_4tpt": 0%....50%....100% - 38 passes
==PROF== Profiling "onpair_shmem_4tpt": 0%....50%....100% - 38 passes
==PROF== Profiling "onpair_shmem_4tpt": 0%....50%....100% - 38 passes
==PROF== Profiling "onpair_shmem_4tpt": 0%....50%....100% - 38 passes
==PROF== Profiling "onpair_shmem_4tpt": 0%....50%....100% - 38 passes
==PROF== Profiling "onpair_shmem_4tpt": 0%....50%....100% - 38 passes
==PROF== Profiling "onpair_shmem_4tpt": 0%....50%....100% - 38 passes
==PROF== Profiling "onpair_shmem_4tpt": 0%....50%....100% - 38 passes
==PROF== Profiling "onpair_shmem_4tpt": 0%....50%....100% - 38 passes
==PROF== Profiling "onpair_shmem_4tpt": 0%....50%....100% - 38 passes
==PROF== Profiling "onpair_shmem_4tpt": 0%....50%....100% - 38 passes
==PROF== Profiling "onpair_shmem_4tpt": 0%....50%....100% - 38 passes
==PROF== Profiling "onpair_shmem_4tpt": 0%....50%....100% - 38 passes
==PROF== Profiling "onpair_shmem_4tpt": 0%....50%....100% - 38 passes
==PROF== Profiling "onpair_shmem_4tpt": 0%....50%....100% - 38 passes
{
  "files": [
    "/home/ubuntu/work/vortex-bench/data/onpair-bench/synthetic/url/bits12_chunk1000mb_thr0.20/part_0000.vortex"
  ],
  "column": "url",
  "rows": 10000000,
  "in_memory_bytes": 96158769,
  "dict_bytes": 4215,
  "gpu": {
    "iterations": 30,
    "decoded_bytes": 923569389,
    "chunks": 1,
    "auto_kernel": "onpair_shmem_4tpt",
    "frac_le8": 0.17324294,
    "dict_mean_len": 11.59294,
    "dict_max_len": 16,
    "dict_entries_max": 879,
    "small_dict": true,
    "distinct_codes": 170,
    "access_top4096_frac": 1.0,
    "compressed_bytes": 159338186,
    "h2d_gib_s": 9.56474462677037,
    "whole_decompress_gib_s": 52.9051376818766,
    "best_kernel": "onpair_shmem_4tpt_b512o3",
    "auto_decode_ms": 0.74336,
    "best_decode_ms": 0.694592,
    "validated": false,
    "auto_decode_gib_s": 1157.0988769903202,
    "best_decode_gib_s": 1238.3399480551525,
    "kernels": [
      {
        "kernel": "onpair_shmem",
        "decode_ms": 0.911136,
        "decode_gib_s": 944.0314302140673,
        "decode_ns_iters": [
          915776,
          913344,
          914560,
          912192,
          913632,
          911136,
          912320,
          916096,
          914144,
          915136,
          913056,
          914400,
          921408,
          914048,
          911328,
          920672,
          920832,
          920096,
          913984,
          913856,
          914144,
          914912,
          914656,
          918848,
          915712,
          914496,
          914336,
          914208,
          913184,
          915680
        ],
        "applicable": true
      },
      {
        "kernel": "onpair_shmem_2tpt",
        "decode_ms": 0.725408,
        "decode_gib_s": 1185.7341264495626,
        "decode_ns_iters": [
          728608,
          726112,
          727744,
          727232,
          727392,
          726720,
          727392,
          737056,
          727520,
          729280,
          728512,
          729152,
          726208,
          733344,
          728032,
          726848,
          725408,
          727648,
          731040,
          736544,
          726496,
          727712,
          726048,
          726784,
          727968,
          726368,
          726016,
          727360,
          732832,
          725824
        ],
        "applicable": true
      },
      {
        "kernel": "onpair_shmem_4tpt",
        "decode_ms": 0.74336,
        "decode_gib_s": 1157.0988769903202,
        "decode_ns_iters": [
          1792823076,
          1827741742,
          1823992014,
          1802140832,
          1803349733,
          1795947194,
          1804414034,
          1814327478,
          1820459247,
          1801576853,
          1812691808,
          1822251558,
          1825314403,
          1799940348,
          800704,
          749952,
          767616,
          745728,
          749760,
          744960,
          748864,
          745824,
          753376,
          745760,
          747168,
          744576,
          743360,
          745408,
          744480,
          757728
        ],
        "applicable": true
      },
      {
        "kernel": "onpair_shmem_4tpt_wpb8",
        "decode_ms": 0.708608,
        "decode_gib_s": 1213.8460491548562,
        "decode_ns_iters": [
          710912,
          710080,
          710848,
          710528,
          709632,
          710016,
          709792,
          711264,
          708608,
          710112,
          717280,
          708992,
          708864,
          709568,
          709280,
          715392,
          709120,
          709024,
          711776,
          710784,
          712320,
          712896,
          710144,
          711648,
          710368,
          710336,
          715936,
          710560,
          711232,
          710240
        ],
        "applicable": true
      },
      {
        "kernel": "onpair_shmem_4tpt_wpb8_occ",
        "decode_ms": 0.697344,
        "decode_gib_s": 1233.4529603746853,
        "decode_ns_iters": [
          701440,
          701088,
          699936,
          698912,
          699168,
          698688,
          699840,
          700000,
          699360,
          697632,
          699360,
          697888,
          699104,
          698176,
          697344,
          700928,
          700928,
          700320,
          701248,
          702400,
          702496,
          699456,
          700896,
          700256,
          701152,
          700672,
          699488,
          702560,
          700896,
          702432
        ],
        "applicable": true
      },
      {
        "kernel": "onpair_shmem_4tpt_b128",
        "decode_ms": 0.69808,
        "decode_gib_s": 1232.152505729321,
        "decode_ns_iters": [
          709440,
          699968,
          699904,
          699328,
          698496,
          706752,
          699584,
          701664,
          700000,
          698336,
          704576,
          699872,
          699712,
          700128,
          699072,
          706976,
          700480,
          699136,
          698624,
          698592,
          701408,
          700192,
          698976,
          699104,
          701792,
          699680,
          698080,
          699264,
          701120,
          701696
        ],
        "applicable": true
      },
      {
        "kernel": "onpair_shmem_4tpt_o6",
        "decode_ms": 0.69632,
        "decode_gib_s": 1235.2668617870006,
        "decode_ns_iters": [
          700032,
          698752,
          700384,
          699680,
          699424,
          709056,
          701696,
          703520,
          702432,
          703328,
          700544,
          701248,
          700384,
          700384,
          700992,
          698080,
          699712,
          699264,
          696320,
          699168,
          698848,
          699200,
          697728,
          697216,
          697312,
          697504,
          697088,
          696832,
          700608,
          699552
        ],
        "applicable": true
      },
      {
        "kernel": "onpair_shmem_4tpt_b512o3",
        "decode_ms": 0.694592,
        "decode_gib_s": 1238.3399480551525,
        "decode_ns_iters": [
          697792,
          699520,
          697280,
          698816,
          704160,
          696832,
          700256,
          696832,
          698208,
          705760,
          696800,
          699776,
          698784,
          696512,
          704896,
          696160,
          695680,
          694656,
          695520,
          694624,
          698656,
          696864,
          695648,
          695136,
          694592,
          696768,
          696256,
          698720,
          695648,
          695616
        ],
        "applicable": true
      },
      {
        "kernel": "onpair_shmem_4tpt_b128o12",
        "decode_ms": 0.695296,
        "decode_gib_s": 1237.0861060606194,
        "decode_ns_iters": [
          700096,
          698112,
          698208,
          704512,
          697376,
          697248,
          698528,
          699520,
          702176,
          697440,
          695296,
          695808,
          697760,
          696352,
          697184,
          697920,
          704608,
          697824,
          717920,
          698464,
          698624,
          698272,
          698688,
          699296,
          700864,
          698592,
          698720,
          698080,
          699904,
          698336
        ],
        "applicable": true
      },
      {
        "kernel": "onpair_shmem_4tpt_b64",
        "decode_ms": 0.69504,
        "decode_gib_s": 1237.5417547184686,
        "decode_ns_iters": [
          697632,
          697184,
          700224,
          695040,
          695488,
          695744,
          697440,
          699264,
          697760,
          698048,
          697600,
          698944,
          701376,
          697824,
          698592,
          697120,
          697504,
          697824,
          697280,
          699392,
          699296,
          701536,
          700256,
          703232,
          701760,
          698304,
          698624,
          698656,
          699776,
          699232
        ],
        "applicable": true
      },
      {
        "kernel": "onpair_shmem_4tpt_b64o24",
        "decode_ms": 0.696224,
        "decode_gib_s": 1235.437188605283,
        "decode_ns_iters": [
          701280,
          700576,
          698560,
          698016,
          699744,
          699072,
          699424,
          699104,
          698624,
          697152,
          697824,
          697280,
          703456,
          700736,
          697568,
          696256,
          697600,
          707200,
          699328,
          696576,
          697664,
          709760,
          706272,
          699232,
          699200,
          697824,
          696224,
          703808,
          696448,
          697856
        ],
        "applicable": true
      },
      {
        "kernel": "onpair_shmem_4tpt_split8read_b128o12",
        "decode_ms": 0.729248,
        "decode_gib_s": 1179.4904082006728,
        "decode_ns_iters": [
          733344,
          733472,
          734848,
          744192,
          732416,
          733312,
          731232,
          733344,
          731232,
          740480,
          732736,
          730816,
          732640,
          729888,
          734816,
          742592,
          733504,
          733248,
          733120,
          731488,
          729920,
          741280,
          729696,
          730848,
          730144,
          729248,
          732992,
          740096,
          729600,
          729312
        ],
        "applicable": true
      },
      {
        "kernel": "onpair_shmem_4tpt_split8read_occ",
        "decode_ms": 0.731328,
        "decode_gib_s": 1176.1357710897496,
        "decode_ns_iters": [
          731904,
          732064,
          731424,
          732032,
          732768,
          732000,
          735776,
          733312,
          735584,
          733888,
          733184,
          734400,
          733792,
          734336,
          732384,
          734976,
          732160,
          731808,
          732928,
          731616,
          733024,
          732608,
          744640,
          743072,
          734112,
          733696,
          731328,
          732832,
          739488,
          731776
        ],
        "applicable": true
      },
      {
        "kernel": "onpair_shmem_4tpt_split8",
        "decode_ms": 0.778944,
        "decode_gib_s": 1104.2398698745026,
        "decode_ns_iters": [
          780800,
          782848,
          781216,
          779968,
          782240,
          779840,
          784960,
          787456,
          781088,
          780512,
          779424,
          781440,
          781536,
          785120,
          782656,
          789888,
          783008,
          781088,
          781440,
          779776,
          781280,
          782432,
          778944,
          779488,
          778944,
          781728,
          790048,
          780448,
          780480,
          779872
        ],
        "applicable": true
      },
      {
        "kernel": "onpair_shmem_4tpt_split8_wpb8",
        "decode_ms": 0.77296,
        "decode_gib_s": 1112.7885287718957,
        "decode_ns_iters": [
          774656,
          774208,
          773984,
          780224,
          772960,
          774816,
          774144,
          775488,
          773760,
          777312,
          777440,
          774080,
          774848,
          774944,
          775456,
          774080,
          773280,
          778368,
          783584,
          777600,
          774464,
          773184,
          775072,
          775296,
          776192,
          778784,
          776224,
          775808,
          774848,
          777376
        ],
        "applicable": true
      },
      {
        "kernel": "onpair_shmem_4tpt_split8_wpb8_occ",
        "decode_ms": 0.764256,
        "decode_gib_s": 1125.4619148551328,
        "decode_ns_iters": [
          768864,
          768512,
          768224,
          767168,
          768640,
          767488,
          768192,
          767680,
          765728,
          765184,
          767840,
          779232,
          771968,
          776768,
          771168,
          771552,
          770112,
          766784,
          776256,
          766048,
          765760,
          766240,
          774912,
          770560,
          767488,
          768480,
          765440,
          764256,
          764448,
          765504
        ],
        "applicable": true
      },
      {
        "kernel": "onpair_shmem_4tpt_pdict",
        "decode_ms": 0.873504,
        "decode_gib_s": 984.7018687945613,
        "decode_ns_iters": [
          874272,
          877760,
          880256,
          881280,
          877056,
          878720,
          878304,
          877984,
          879776,
          875872,
          877760,
          876768,
          873504,
          884064,
          876064,
          885856,
          879328,
          888832,
          885984,
          881120,
          881216,
          876384,
          888352,
          876896,
          881504,
          873984,
          875552,
          877152,
          880256,
          886400
        ],
        "applicable": true
      },
      {
        "kernel": "onpair_shmem_4tpt_vdict",
        "decode_ms": 1.328576,
        "decode_gib_s": 647.4157452787981,
        "decode_ns_iters": [
          1332352,
          1329760,
          1341792,
          1328576,
          1337728,
          1328928,
          1336416,
          1332672,
          1340608,
          1332192,
          1334976,
          1330848,
          1332576,
          1351008,
          1335296,
          1332352,
          1335648,
          1336000,
          1340128,
          1333792,
          1328896,
          1332640,
          1333728,
          1331808,
          1331840,
          1340032,
          1330976,
          1332704,
          1336352,
          1336224
        ],
        "applicable": true
      },
      {
        "kernel": "onpair_shmem_4tpt_split8read",
        "decode_ms": 0.74352,
        "decode_gib_s": 1156.8498778775613,
        "decode_ns_iters": [
          745920,
          744480,
          744096,
          744320,
          744704,
          743520,
          744928,
          745216,
          745856,
          749408,
          745952,
          746688,
          751968,
          745728,
          744480,
          745920,
          744896,
          745600,
          748960,
          748480,
          747136,
          745376,
          744128,
          754496,
          744512,
          745024,
          746272,
          744640,
          744704,
          745312
        ],
        "applicable": true
      },
      {
        "kernel": "onpair_shmem_4tpt_ldcs",
        "decode_ms": 0.74784,
        "decode_gib_s": 1150.1671764007333,
        "decode_ns_iters": [
          751904,
          749696,
          750112,
          749632,
          752896,
          753408,
          749984,
          751136,
          749728,
          752192,
          753024,
          752992,
          752352,
          749664,
          751136,
          751136,
          749728,
          752512,
          751328,
          749728,
          750464,
          749984,
          757216,
          759936,
          750304,
          747840,
          750496,
          750048,
          752128,
          750048
        ],
        "applicable": true
      },
      {
        "kernel": "onpair_shmem_4tpt_lenbucket",
        "decode_ms": 0.0,
        "decode_gib_s": 0.0,
        "applicable": false,
        "reason": "length-bucket dict not built (set ONPAIR_DICT_REORDER=lenbucket)"
      },
      {
        "kernel": "onpair_shmem_4tpt_lenbucket_b128",
        "decode_ms": 0.0,
        "decode_gib_s": 0.0,
        "applicable": false,
        "reason": "length-bucket dict not built (set ONPAIR_DICT_REORDER=lenbucket)"
      },
      {
        "kernel": "onpair_shmem_4tpt_regcache",
        "decode_ms": 0.848576,
        "decode_gib_s": 1013.6287394405739,
        "decode_ns_iters": [
          850176,
          857312,
          855552,
          848576,
          850848,
          848832,
          852192,
          849632,
          855104,
          855680,
          855456,
          854944,
          856512,
          852288,
          851872,
          851264,
          851680,
          853344,
          853408,
          852384,
          851232,
          853376,
          852672,
          858880,
          852736,
          860960,
          851968,
          851168,
          853280,
          851136
        ],
        "applicable": true
      },
      {
        "kernel": "onpair_shmem_4tpt_split4read",
        "decode_ms": 0.840768,
        "decode_gib_s": 1023.0420534553223,
        "decode_ns_iters": [
          849696,
          857088,
          841920,
          841280,
          841568,
          841408,
          843072,
          841888,
          843392,
          843872,
          843424,
          851136,
          844384,
          842016,
          840768,
          848800,
          844768,
          841472,
          842944,
          842624,
          849696,
          844480,
          842112,
          845056,
          844416,
          845120,
          841824,
          844640,
          846784,
          845728
        ],
        "applicable": true
      },
      {
        "kernel": "onpair_shmem_4tpt_split4read_b128o12",
        "decode_ms": 0.827776,
        "decode_gib_s": 1039.0987672987917,
        "decode_ns_iters": [
          831040,
          830816,
          831072,
          837728,
          830400,
          831168,
          830624,
          827776,
          829568,
          829792,
          830144,
          829984,
          829568,
          830112,
          830240,
          830144,
          831488,
          829728,
          830720,
          838176,
          830400,
          830272,
          830336,
          829728,
          828512,
          830272,
          830176,
          829408,
          831424,
          829472
        ],
        "applicable": true
      },
      {
        "kernel": "onpair_shmem_4tpt_cluster_dsmem",
        "decode_ms": 2.46384,
        "decode_gib_s": 349.1058758683699,
        "decode_ns_iters": [
          2515520,
          2483008,
          2484256,
          2488352,
          2490528,
          2483904,
          2494848,
          2495744,
          2493888,
          2480128,
          2488736,
          2490016,
          2486656,
          2470112,
          2487520,
          2490336,
          2476832,
          2501664,
          2485248,
          2470560,
          2463840,
          2508512,
          2494560,
          2487520,
          2493440,
          2495008,
          2497920,
          2488384,
          2467584,
          2475136
        ],
        "applicable": true
      },
      {
        "kernel": "onpair_shmem_8tpt",
        "decode_ms": 0.701536,
        "decode_gib_s": 1226.0825120870838,
        "decode_ns_iters": [
          702048,
          703808,
          705024,
          702272,
          702784,
          704064,
          702688,
          703872,
          702592,
          701536,
          711648,
          701536,
          703680,
          704160,
          702208,
          708832,
          707168,
          705664,
          702784,
          706048,
          711296,
          702592,
          703328,
          702656,
          703424,
          710656,
          702752,
          702976,
          702976,
          705344
        ],
        "applicable": true
      },
      {
        "kernel": "onpair_shmem_8tpt_b128",
        "decode_ms": 0.7,
        "decode_gib_s": 1228.772887427892,
        "decode_ns_iters": [
          701984,
          701376,
          702496,
          702240,
          709568,
          706688,
          706016,
          700704,
          703008,
          700032,
          702240,
          711424,
          703104,
          702912,
          702240,
          705312,
          702848,
          703104,
          702976,
          704448,
          702496,
          703328,
          705728,
          700544,
          701024,
          700000,
          700544,
          709856,
          701376,
          704480
        ],
        "applicable": true
      },
      {
        "kernel": "onpair_shmem_4tpt_vwidth",
        "decode_ms": 1.596064,
        "decode_gib_s": 538.9138663609507,
        "decode_ns_iters": [
          1597792,
          1597792,
          1599808,
          1597728,
          1604128,
          1596704,
          1596064,
          1596736,
          1597664,
          1599456,
          1597856,
          1598752,
          1598496,
          1598272,
          1606720,
          1598240,
          1597536,
          1597664,
          1598656,
          1597568,
          1598080,
          1598592,
          1598400,
          1599680,
          1607392,
          1600288,
          1599328,
          1601280,
          1597344,
          1597824
        ],
        "applicable": true
      },
      {
        "kernel": "onpair_shmem_4tpt_vwidth_b128",
        "decode_ms": 2.352128,
        "decode_gib_s": 365.6863152003311,
        "decode_ns_iters": [
          2363168,
          2353760,
          2357952,
          2365632,
          2356288,
          2356416,
          2355936,
          2359584,
          2356928,
          2364864,
          2361664,
          2355424,
          2355136,
          2354624,
          2357184,
          2352128,
          2368128,
          2357056,
          2356352,
          2356320,
          2352992,
          2352544,
          2355456,
          2356960,
          2352640,
          2355360,
          2353632,
          2354688,
          2356736,
          2358784
        ],
        "applicable": true
      },
      {
        "kernel": "onpair_shmem_4tpt_vwidth4",
        "decode_ms": 0.892736,
        "decode_gib_s": 963.4886698861975,
        "decode_ns_iters": [
          915584,
          911808,
          915200,
          895168,
          914016,
          905472,
          892736,
          895616,
          916224,
          923680,
          904064,
          918112,
          924640,
          924288,
          912032,
          914176,
          913344,
          913472,
          907776,
          911168,
          894016,
          912032,
          917152,
          899424,
          902208,
          910784,
          911520,
          916896,
          913952,
          917760
        ],
        "applicable": true
      },
      {
        "kernel": "onpair_shmem_4tpt_vwidth4_b128",
        "decode_ms": 0.736192,
        "decode_gib_s": 1168.3650748711266,
        "decode_ns_iters": [
          737760,
          738112,
          739104,
          738304,
          739456,
          737152,
          741216,
          741536,
          740128,
          738272,
          736192,
          737408,
          736768,
          737408,
          740512,
          745920,
          738752,
          738400,
          738336,
          738848,
          744896,
          738592,
          738944,
          739808,
          740352,
          739040,
          740736,
          737920,
          740544,
          738272
        ],
        "applicable": true
      },
      {
        "kernel": "onpair_shmem_4tpt_shdict8",
        "decode_ms": 1.12736,
        "decode_gib_s": 762.9692566700295,
        "decode_ns_iters": [
          1141824,
          1137152,
          1137728,
          1133152,
          1135424,
          1131296,
          1140832,
          1131904,
          1135424,
          1133408,
          1143712,
          1131520,
          1127360,
          1140512,
          1134080,
          1132384,
          1138752,
          1135296,
          1135232,
          1140928,
          1135936,
          1138752,
          1131808,
          1134336,
          1130368,
          1135008,
          1132544,
          1133504,
          1133248,
          1138720
        ],
        "applicable": true
      },
      {
        "kernel": "onpair_shmem_4tpt_ablate",
        "decode_ms": 0.70064,
        "decode_gib_s": 1227.6504641463869,
        "decode_ns_iters": [
          703968,
          701952,
          702400,
          702240,
          700640,
          703424,
          705376,
          703968,
          702240,
          702080,
          703072,
          703712,
          702176,
          701152,
          702112,
          706880,
          705216,
          700800,
          702272,
          702496,
          705984,
          704416,
          703136,
          701920,
          703456,
          702752,
          704352,
          702624,
          703520,
          703584
        ],
        "applicable": true
      },
      {
        "kernel": "onpair_shmem_4tpt_ablate_nogather",
        "decode_ms": 0.599648,
        "decode_gib_s": 1434.4098891341662,
        "decode_ns_iters": [
          601376,
          601888,
          600960,
          601184,
          600160,
          600096,
          610400,
          604256,
          601696,
          600192,
          600288,
          600736,
          601312,
          603584,
          602976,
          601568,
          603360,
          600192,
          602624,
          599776,
          601088,
          603872,
          602720,
          607808,
          599648,
          603232,
          601600,
          602336,
          601888,
          602944
        ],
        "applicable": true
      },
      {
        "kernel": "onpair_shmem_4tpt_ablate_noemit",
        "decode_ms": 0.458208,
        "decode_gib_s": 1877.1846436542453,
        "decode_ns_iters": [
          462080,
          478080,
          472384,
          462208,
          461632,
          460448,
          461600,
          460064,
          469824,
          465536,
          462560,
          463168,
          460800,
          461664,
          460160,
          459936,
          460416,
          470560,
          462336,
          463008,
          464544,
          460320,
          462912,
          462336,
          466048,
          460480,
          458208,
          460384,
          461696,
          462816
        ],
        "applicable": true
      },
      {
        "kernel": "onpair_shmem_4tpt_ablate_nodrain",
        "decode_ms": 0.625472,
        "decode_gib_s": 1375.187092626887,
        "decode_ns_iters": [
          625600,
          625888,
          626496,
          626016,
          627584,
          626528,
          627328,
          627328,
          634848,
          626016,
          627392,
          625600,
          626048,
          626016,
          627008,
          626784,
          626144,
          625888,
          625984,
          626560,
          626240,
          626656,
          625600,
          631328,
          627392,
          626912,
          625472,
          627296,
          628960,
          626464
        ],
        "applicable": true
      },
      {
        "kernel": "onpair_shmem_4tpt_ablate_noscan",
        "decode_ms": 0.36656,
        "decode_gib_s": 2346.5217732418278,
        "decode_ns_iters": [
          368448,
          369312,
          370784,
          367648,
          371296,
          370592,
          371744,
          369856,
          368256,
          369440,
          368640,
          369216,
          376256,
          370848,
          376064,
          367872,
          367872,
          368576,
          370432,
          368480,
          366560,
          368416,
          369184,
          369568,
          367136,
          368608,
          368384,
          369312,
          367104,
          372256
        ],
        "applicable": true
      },
      {
        "kernel": "onpair_shmem_4tpt_ablate_cfree",
        "decode_ms": 0.518624,
        "decode_gib_s": 1658.5060105192288,
        "decode_ns_iters": [
          519008,
          518624,
          520096,
          518912,
          518976,
          520320,
          522112,
          520800,
          522688,
          521504,
          519296,
          530144,
          521408,
          521824,
          521568,
          520416,
          520320,
          520800,
          519936,
          523008,
          520512,
          519456,
          519360,
          519200,
          522016,
          520128,
          519744,
          519488,
          522976,
          520768
        ],
        "applicable": true
      },
      {
        "kernel": "onpair_shmem_s8",
        "decode_ms": 0.0,
        "decode_gib_s": 0.0,
        "applicable": false,
        "reason": "dictionary entry longer than 8 bytes"
      },
      {
        "kernel": "onpair_shmem_s8_2tpt",
        "decode_ms": 0.0,
        "decode_gib_s": 0.0,
        "applicable": false,
        "reason": "dictionary entry longer than 8 bytes"
      },
      {
        "kernel": "onpair_shmem_s8_4tpt",
        "decode_ms": 0.0,
        "decode_gib_s": 0.0,
        "applicable": false,
        "reason": "dictionary entry longer than 8 bytes"
      },
      {
        "kernel": "onpair_shmem_s8_8tpt",
        "decode_ms": 0.0,
        "decode_gib_s": 0.0,
        "applicable": false,
        "reason": "dictionary entry longer than 8 bytes"
      },
      {
        "kernel": "onpair_shmem_s4l1",
        "decode_ms": 0.0,
        "decode_gib_s": 0.0,
        "applicable": false,
        "reason": "dictionary entry longer than 4 bytes"
      },
      {
        "kernel": "onpair_shmem_s4l1_2tpt",
        "decode_ms": 0.0,
        "decode_gib_s": 0.0,
        "applicable": false,
        "reason": "dictionary entry longer than 4 bytes"
      },
      {
        "kernel": "onpair_shmem_s4l1_4tpt",
        "decode_ms": 0.0,
        "decode_gib_s": 0.0,
        "applicable": false,
        "reason": "dictionary entry longer than 4 bytes"
      },
      {
        "kernel": "onpair_shmem_s4l1_8tpt",
        "decode_ms": 0.0,
        "decode_gib_s": 0.0,
        "applicable": false,
        "reason": "dictionary entry longer than 4 bytes"
      },
      {
        "kernel": "onpair_shmem_s4l1_16tpt",
        "decode_ms": 0.0,
        "decode_gib_s": 0.0,
        "applicable": false,
        "reason": "dictionary entry longer than 4 bytes"
      },
      {
        "kernel": "onpair_shmem_s4l1_32tpt",
        "decode_ms": 0.0,
        "decode_gib_s": 0.0,
        "applicable": false,
        "reason": "dictionary entry longer than 4 bytes"
      },
      {
        "kernel": "onpair_shmem_const1",
        "decode_ms": 0.0,
        "decode_gib_s": 0.0,
        "applicable": false,
        "reason": "not every dictionary entry is exactly 1 byte"
      },
      {
        "kernel": "onpair_shmem_const2",
        "decode_ms": 0.0,
        "decode_gib_s": 0.0,
        "applicable": false,
        "reason": "not every dictionary entry is exactly 2 bytes"
      }
    ]
  }
}
==PROF== Disconnected from process 22082
==PROF== Report: /home/ubuntu/work/ncu_costsurface_synthetic_url_b12.ncu-rep
