==PROF== Connected to process 19582 (/home/ubuntu/work/target/release/onpair-chunk-bench)
2026-06-26T03:47:17.551594Z  INFO vortex_cuda: vortex-cuda/src/lib.rs:111: Registering CUDA kernels
==PROF== Profiling "onpair_u64" - 0 (1/16): 0%....50%....100% - 43 passes
==PROF== Profiling "onpair_u64" - 1 (2/16): 0%....50%....100% - 43 passes
==PROF== Profiling "onpair_u64" - 2 (3/16): 0%....50%....100% - 43 passes
==PROF== Profiling "onpair_u64" - 3 (4/16): 0%....50%....100% - 43 passes
==PROF== Profiling "onpair_u64" - 4 (5/16): 0%....50%....100% - 43 passes
==PROF== Profiling "onpair_u64" - 5 (6/16): 0%....50%....100% - 43 passes
==PROF== Profiling "onpair_u64" - 6 (7/16): 0%....50%....100% - 43 passes
==PROF== Profiling "onpair_u64" - 7 (8/16): 0%....50%....100% - 43 passes
==PROF== Profiling "onpair_u64" - 8 (9/16): 0%....50%....100% - 43 passes
==PROF== Profiling "onpair_u64" - 9 (10/16): 0%....50%....100% - 43 passes
==PROF== Profiling "onpair_u64" - 10 (11/16): 0%....50%....100% - 43 passes
==PROF== Profiling "onpair_u64" - 11 (12/16): 0%....50%....100% - 43 passes
==PROF== Profiling "onpair_u64" - 12 (13/16): 0%....50%....100% - 43 passes
==PROF== Profiling "onpair_u64" - 13 (14/16): 0%....50%....100% - 43 passes
==PROF== Profiling "onpair_u64" - 14 (15/16): 0%....50%....100% - 43 passes
==PROF== Profiling "onpair_u64" - 15 (16/16): 0%....50%....100% - 43 passes
{
  "files": [
    "/home/ubuntu/work/vortex-bench/data/onpair-bench/tpch-sf10/l_shipinstruct/bits16_chunk1000mb_thr0.20/part_0000.vortex"
  ],
  "column": "l_shipinstruct",
  "rows": 59986052,
  "in_memory_bytes": 64498913,
  "dict_bytes": 435,
  "gpu": {
    "iterations": 30,
    "decoded_bytes": 719788494,
    "chunks": 1,
    "auto_kernel": "onpair_shmem_4tpt",
    "frac_le8": 0.40003875,
    "dict_mean_len": 1.4155406,
    "dict_max_len": 16,
    "dict_entries_max": 296,
    "small_dict": true,
    "distinct_codes": 5,
    "access_top4096_frac": 1.0,
    "compressed_bytes": 149962073,
    "h2d_gib_s": 19.96436042234844,
    "whole_decompress_gib_s": 78.53357052980807,
    "best_kernel": "onpair_shmem_4tpt_ablate_nodrain",
    "auto_decode_ms": 1.540288,
    "best_decode_ms": 0.534528,
    "validated": false,
    "auto_decode_gib_s": 435.21424136958666,
    "best_decode_gib_s": 1254.1069381036687,
    "kernels": [
      {
        "kernel": "onpair",
        "decode_ms": 8.684608,
        "decode_gib_s": 77.18889251082811,
        "decode_ns_iters": [
          3027498007,
          3025498152,
          3006521225,
          3025624037,
          3026331425,
          3023713350,
          3028515816,
          3026694059,
          3012729645,
          3030199289,
          3031061411,
          3020290136,
          3031285763,
          3029215336,
          8728576,
          8718336,
          8699904,
          8707073,
          8711169,
          8728576,
          8698880,
          8684608,
          8693760,
          8701952,
          8695808,
          8737792,
          8687616,
          8714207,
          8727552,
          8719520
        ],
        "applicable": true
      },
      {
        "kernel": "onpair_shmem",
        "decode_ms": 2.008064,
        "decode_gib_s": 333.8316275829246,
        "decode_ns_iters": [
          2033664,
          2025472,
          2028544,
          2038784,
          2023424,
          2043904,
          2017344,
          2020352,
          2033632,
          2029568,
          2040832,
          2041760,
          2043712,
          2026496,
          2041856,
          2045952,
          2040832,
          2034656,
          2017280,
          2037760,
          2042880,
          2013184,
          2008064,
          2034688,
          2050048,
          2025472,
          2026400,
          2037760,
          2021376,
          2039808
        ],
        "applicable": true
      },
      {
        "kernel": "onpair_shmem_2tpt",
        "decode_ms": 1.732608,
        "decode_gib_s": 386.9053319681532,
        "decode_ns_iters": [
          1742848,
          1732608,
          1759232,
          1752032,
          1743872,
          1750176,
          1754112,
          1737728,
          1755008,
          1751040,
          1743872,
          1741696,
          1747968,
          1758208,
          1756160,
          1740640,
          1741824,
          1752000,
          1768416,
          1760096,
          1741728,
          1736512,
          1772448,
          1740800,
          1745920,
          1737888,
          1738752,
          1756160,
          1745056,
          1763328
        ],
        "applicable": true
      },
      {
        "kernel": "onpair_shmem_4tpt",
        "decode_ms": 1.540288,
        "decode_gib_s": 435.21424136958666,
        "decode_ns_iters": [
          1560576,
          1564672,
          1562464,
          1572864,
          1549152,
          1554432,
          1558528,
          1559552,
          1549248,
          1559552,
          1575936,
          1567712,
          1551360,
          1560576,
          1551360,
          1547264,
          1558528,
          1563520,
          1550304,
          1540288,
          1556480,
          1553248,
          1541120,
          1556480,
          1543168,
          1546240,
          1549312,
          1573760,
          1548288,
          1552320
        ],
        "applicable": true
      },
      {
        "kernel": "onpair_shmem_4tpt_wpb8",
        "decode_ms": 1.494016,
        "decode_gib_s": 448.69350355730995,
        "decode_ns_iters": [
          1502208,
          1510496,
          1514496,
          1517568,
          1503232,
          1512448,
          1494016,
          1497088,
          1505280,
          1511424,
          1499136,
          1500064,
          1506304,
          1500160,
          1524736,
          1502272,
          1521664,
          1538048,
          1504256,
          1515520,
          1533824,
          1519616,
          1511424,
          1506304,
          1502208,
          1506144,
          1509248,
          1517568,
          1500992,
          1500096
        ],
        "applicable": true
      },
      {
        "kernel": "onpair_shmem_4tpt_wpb8_occ",
        "decode_ms": 1.527808,
        "decode_gib_s": 438.7693174866723,
        "decode_ns_iters": [
          1543168,
          1545216,
          1536000,
          1543168,
          1543168,
          1542080,
          1539072,
          1537024,
          1543200,
          1534976,
          1549248,
          1555456,
          1539072,
          1540096,
          1546240,
          1549312,
          1547136,
          1547392,
          1551360,
          1545408,
          1555456,
          1540096,
          1536000,
          1527808,
          1541952,
          1534080,
          1539072,
          1528832,
          1532928,
          1541120
        ],
        "applicable": true
      },
      {
        "kernel": "onpair_shmem_4tpt_b128",
        "decode_ms": 1.514496,
        "decode_gib_s": 442.625978154236,
        "decode_ns_iters": [
          1516352,
          1540992,
          1524736,
          1530880,
          1520544,
          1537024,
          1521664,
          1532928,
          1527808,
          1540160,
          1525760,
          1532928,
          1539072,
          1524736,
          1523712,
          1545088,
          1531904,
          1533120,
          1527808,
          1522688,
          1533120,
          1522688,
          1527808,
          1514496,
          1529856,
          1524576,
          1527808,
          1529824,
          1529856,
          1536928
        ],
        "applicable": true
      },
      {
        "kernel": "onpair_shmem_4tpt_o6",
        "decode_ms": 1.533952,
        "decode_gib_s": 437.011896989396,
        "decode_ns_iters": [
          1540096,
          1550304,
          1551360,
          1561600,
          1542144,
          1544192,
          1548288,
          1538144,
          1550272,
          1543040,
          1533952,
          1538048,
          1546240,
          1543168,
          1550496,
          1539904,
          1548288,
          1549120,
          1543168,
          1544192,
          1547264,
          1543168,
          1551360,
          1534976,
          1544192,
          1545216,
          1549312,
          1543136,
          1538048,
          1556480
        ],
        "applicable": true
      },
      {
        "kernel": "onpair_shmem_4tpt_b512o3",
        "decode_ms": 1.527808,
        "decode_gib_s": 438.7693174866723,
        "decode_ns_iters": [
          1539072,
          1540992,
          1545184,
          1537152,
          1535936,
          1535968,
          1534976,
          1544192,
          1527808,
          1548288,
          1542336,
          1530880,
          1547168,
          1549312,
          1546240,
          1562624,
          1542144,
          1561600,
          1533792,
          1546240,
          1536000,
          1537024,
          1538912,
          1545216,
          1553408,
          1545216,
          1534976,
          1536000,
          1536000,
          1536000
        ],
        "applicable": true
      },
      {
        "kernel": "onpair_shmem_4tpt_b128o12",
        "decode_ms": 1.526784,
        "decode_gib_s": 439.06359603629454,
        "decode_ns_iters": [
          1531904,
          1540096,
          1545216,
          1543168,
          1547264,
          1544160,
          1532928,
          1534976,
          1541120,
          1534976,
          1542080,
          1542144,
          1526784,
          1542304,
          1548288,
          1553280,
          1543136,
          1545216,
          1551360,
          1537952,
          1544192,
          1546272,
          1531904,
          1542176,
          1549312,
          1542144,
          1540096,
          1539072,
          1531904,
          1531904
        ],
        "applicable": true
      },
      {
        "kernel": "onpair_shmem_4tpt_b64",
        "decode_ms": 1.50528,
        "decode_gib_s": 445.33593312252736,
        "decode_ns_iters": [
          1515712,
          1520640,
          1518592,
          1517568,
          1525760,
          1529856,
          1545216,
          1524736,
          1524832,
          1522688,
          1519616,
          1520640,
          1525632,
          1525760,
          1517568,
          1517664,
          1522688,
          1505280,
          1524736,
          1517568,
          1515520,
          1511584,
          1523712,
          1517568,
          1515520,
          1514400,
          1521600,
          1520640,
          1523712,
          1512608
        ],
        "applicable": true
      },
      {
        "kernel": "onpair_shmem_4tpt_b64o24",
        "decode_ms": 1.521696,
        "decode_gib_s": 440.531665595939,
        "decode_ns_iters": [
          1525728,
          1533952,
          1539072,
          1523552,
          1540096,
          1522528,
          1531904,
          1532928,
          1551360,
          1542304,
          1534976,
          1521696,
          1544192,
          1523712,
          1531904,
          1548288,
          1539072,
          1534976,
          1527712,
          1541024,
          1541120,
          1530880,
          1526784,
          1533952,
          1529856,
          1545216,
          1531872,
          1534784,
          1526784,
          1530880
        ],
        "applicable": true
      },
      {
        "kernel": "onpair_shmem_4tpt_split8read_b128o12",
        "decode_ms": 1.534016,
        "decode_gib_s": 436.99366461019827,
        "decode_ns_iters": [
          1560576,
          1539072,
          1545216,
          1554432,
          1551360,
          1537024,
          1550336,
          1534016,
          1547264,
          1542144,
          1542144,
          1544192,
          1548288,
          1548416,
          1534976,
          1549312,
          1551360,
          1541120,
          1555456,
          1555456,
          1549312,
          1553408,
          1544192,
          1562624,
          1538048,
          1548288,
          1542112,
          1544160,
          1544192,
          1549312
        ],
        "applicable": true
      },
      {
        "kernel": "onpair_shmem_4tpt_split8read_occ",
        "decode_ms": 1.533952,
        "decode_gib_s": 437.011896989396,
        "decode_ns_iters": [
          1542144,
          1538048,
          1552384,
          1546240,
          1544192,
          1542176,
          1533952,
          1541056,
          1549312,
          1541120,
          1556480,
          1552384,
          1566848,
          1539072,
          1536000,
          1545280,
          1549312,
          1549184,
          1549312,
          1551360,
          1552384,
          1547136,
          1551360,
          1549152,
          1541120,
          1552384,
          1559552,
          1539136,
          1542144,
          1542144
        ],
        "applicable": true
      },
      {
        "kernel": "onpair_shmem_4tpt_split8",
        "decode_ms": 1.524736,
        "decode_gib_s": 439.6533389456784,
        "decode_ns_iters": [
          1533952,
          1552384,
          1531904,
          1527808,
          1539168,
          1532928,
          1532928,
          1537024,
          1538048,
          1534976,
          1524736,
          1536000,
          1546240,
          1540992,
          1537024,
          1540032,
          1533952,
          1533952,
          1524736,
          1540096,
          1524736,
          1549312,
          1532928,
          1528864,
          1531904,
          1536000,
          1550336,
          1534976,
          1526816,
          1561472
        ],
        "applicable": true
      },
      {
        "kernel": "onpair_shmem_4tpt_split8_wpb8",
        "decode_ms": 1.483776,
        "decode_gib_s": 451.7900770808248,
        "decode_ns_iters": [
          1502208,
          1500160,
          1507328,
          1491968,
          1492992,
          1484800,
          1486848,
          1488064,
          1515584,
          1498048,
          1483776,
          1499136,
          1486848,
          1488896,
          1500160,
          1501184,
          1496064,
          1485824,
          1501184,
          1495040,
          1497088,
          1489920,
          1489920,
          1495040,
          1487872,
          1494016,
          1491968,
          1487872,
          1495040,
          1509376
        ],
        "applicable": true
      },
      {
        "kernel": "onpair_shmem_4tpt_split8_wpb8_occ",
        "decode_ms": 1.511424,
        "decode_gib_s": 443.52562445129746,
        "decode_ns_iters": [
          1520640,
          1524736,
          1526784,
          1525760,
          1519616,
          1536000,
          1524736,
          1524736,
          1520640,
          1525600,
          1529856,
          1536992,
          1531904,
          1518592,
          1520768,
          1522688,
          1511424,
          1524736,
          1527744,
          1519616,
          1526784,
          1530880,
          1521664,
          1528640,
          1534976,
          1536000,
          1525760,
          1528832,
          1524736,
          1530880
        ],
        "applicable": true
      },
      {
        "kernel": "onpair_shmem_4tpt_pdict",
        "decode_ms": 1.755136,
        "decode_gib_s": 381.9392191890987,
        "decode_ns_iters": [
          1759232,
          1785984,
          1779712,
          1781760,
          1770560,
          1772544,
          1767424,
          1764352,
          1762304,
          1780608,
          1802240,
          1765248,
          1760256,
          1760128,
          1768256,
          1763328,
          1771520,
          1766400,
          1757184,
          1761344,
          1772544,
          1767424,
          1765376,
          1755136,
          1772544,
          1758208,
          1773568,
          1772480,
          1777664,
          1760256
        ],
        "applicable": true
      },
      {
        "kernel": "onpair_shmem_4tpt_vdict",
        "decode_ms": 1.722368,
        "decode_gib_s": 389.205601480449,
        "decode_ns_iters": [
          1762304,
          1760160,
          1759232,
          1753952,
          1763328,
          1801216,
          1775616,
          1745920,
          1730560,
          1735680,
          1722368,
          1744736,
          1751040,
          1775616,
          1757088,
          1765376,
          1733632,
          1742848,
          1748992,
          1752992,
          1728512,
          1755136,
          1738752,
          1733632,
          1752064,
          1730560,
          1732608,
          1749824,
          1743872,
          1731584
        ],
        "applicable": true
      },
      {
        "kernel": "onpair_shmem_4tpt_split8read",
        "decode_ms": 1.553408,
        "decode_gib_s": 431.5384454120733,
        "decode_ns_iters": [
          1557536,
          1565696,
          1553408,
          1560576,
          1555456,
          1557504,
          1564480,
          1582976,
          1561568,
          1561600,
          1557504,
          1567648,
          1570816,
          1557504,
          1567712,
          1573888,
          1567744,
          1571840,
          1559552,
          1569792,
          1555456,
          1554432,
          1568768,
          1563648,
          1564672,
          1556480,
          1561664,
          1574912,
          1565696,
          1565728
        ],
        "applicable": true
      },
      {
        "kernel": "onpair_shmem_4tpt_ldcs",
        "decode_ms": 1.837248,
        "decode_gib_s": 364.8692356234313,
        "decode_ns_iters": [
          1852416,
          1853440,
          1853440,
          1860704,
          1858560,
          1860608,
          1856384,
          1855488,
          1858560,
          1863680,
          1848256,
          1837248,
          1848320,
          1854464,
          1858560,
          1867616,
          1863680,
          1858560,
          1860608,
          1862656,
          1866752,
          1861632,
          1853440,
          1859584,
          1868864,
          1854464,
          1856448,
          1859584,
          1875072,
          1852416
        ],
        "applicable": true
      },
      {
        "kernel": "onpair_shmem_4tpt_lenbucket",
        "decode_ms": 0.0,
        "decode_gib_s": 0.0,
        "applicable": false,
        "reason": "length-bucket dict not built (set ONPAIR_DICT_REORDER=lenbucket)"
      },
      {
        "kernel": "onpair_shmem_4tpt_lenbucket_b128",
        "decode_ms": 0.0,
        "decode_gib_s": 0.0,
        "applicable": false,
        "reason": "length-bucket dict not built (set ONPAIR_DICT_REORDER=lenbucket)"
      },
      {
        "kernel": "onpair_shmem_4tpt_regcache",
        "decode_ms": 1.49504,
        "decode_gib_s": 448.3861792398049,
        "decode_ns_iters": [
          1500160,
          1503232,
          1495040,
          1497088,
          1504256,
          1502176,
          1502208,
          1501120,
          1520640,
          1501184,
          1506496,
          1513280,
          1504256,
          1495040,
          1495040,
          1499136,
          1501184,
          1504096,
          1499136,
          1499136,
          1499232,
          1501184,
          1503360,
          1507264,
          1499136,
          1523712,
          1502208,
          1500032,
          1501184,
          1507328
        ],
        "applicable": true
      },
      {
        "kernel": "onpair_shmem_4tpt_split4read",
        "decode_ms": 1.550336,
        "decode_gib_s": 432.39354140694525,
        "decode_ns_iters": [
          1574912,
          1552448,
          1558528,
          1551360,
          1571840,
          1550336,
          1554432,
          1566720,
          1555360,
          1561600,
          1563648,
          1552384,
          1560576,
          1567744,
          1555488,
          1564672,
          1575936,
          1563648,
          1554432,
          1559552,
          1558464,
          1561600,
          1566720,
          1559392,
          1585152,
          1556480,
          1565696,
          1554432,
          1566656,
          1558528
        ],
        "applicable": true
      },
      {
        "kernel": "onpair_shmem_4tpt_split4read_b128o12",
        "decode_ms": 1.534976,
        "decode_gib_s": 436.7203613676552,
        "decode_ns_iters": [
          1545216,
          1542144,
          1550368,
          1548288,
          1541184,
          1548288,
          1542144,
          1536000,
          1552192,
          1557504,
          1555456,
          1538208,
          1548288,
          1552384,
          1544064,
          1538048,
          1545216,
          1548288,
          1548288,
          1534976,
          1539072,
          1549312,
          1554432,
          1558528,
          1553312,
          1549184,
          1549312,
          1544192,
          1543168,
          1552384
        ],
        "applicable": true
      },
      {
        "kernel": "onpair_shmem_4tpt_cluster_dsmem",
        "decode_ms": 0.0,
        "decode_gib_s": 0.0,
        "applicable": false,
        "reason": "thread-block clusters require sm_90+ (device cc 8.x)"
      },
      {
        "kernel": "onpair_shmem_8tpt",
        "decode_ms": 1.45408,
        "decode_gib_s": 461.01677583810925,
        "decode_ns_iters": [
          1454080,
          1466368,
          1467392,
          1466368,
          1462272,
          1463296,
          1461216,
          1465344,
          1463456,
          1475584,
          1469440,
          1466240,
          1480704,
          1473376,
          1465344,
          1468416,
          1465344,
          1494016,
          1483776,
          1469440,
          1464320,
          1465344,
          1470464,
          1474560,
          1464320,
          1472512,
          1463168,
          1468416,
          1470464,
          1468320
        ],
        "applicable": true
      },
      {
        "kernel": "onpair_shmem_8tpt_b128",
        "decode_ms": 1.452064,
        "decode_gib_s": 461.65683703382075,
        "decode_ns_iters": [
          1465344,
          1461248,
          1452128,
          1455104,
          1467232,
          1455104,
          1468416,
          1461248,
          1460224,
          1460224,
          1457312,
          1460384,
          1459200,
          1467392,
          1459360,
          1459200,
          1457152,
          1458176,
          1467232,
          1456128,
          1459200,
          1464320,
          1452064,
          1460224,
          1457152,
          1458176,
          1460224,
          1464320,
          1462272,
          1458176
        ],
        "applicable": true
      },
      {
        "kernel": "onpair_shmem_4tpt_vwidth",
        "decode_ms": 1.675264,
        "decode_gib_s": 400.1490352629065,
        "decode_ns_iters": [
          1680384,
          1676288,
          1680384,
          1677312,
          1678336,
          1683456,
          1680384,
          1686528,
          1687552,
          1681568,
          1690624,
          1678336,
          1684480,
          1687360,
          1679328,
          1678336,
          1684480,
          1680384,
          1683456,
          1675264,
          1678336,
          1682432,
          1694656,
          1677312,
          1682432,
          1676288,
          1681344,
          1680384,
          1685408,
          1679200
        ],
        "applicable": true
      },
      {
        "kernel": "onpair_shmem_4tpt_vwidth_b128",
        "decode_ms": 2.629632,
        "decode_gib_s": 254.92360657714767,
        "decode_ns_iters": [
          2637824,
          2653184,
          2637824,
          2629632,
          2632704,
          2642816,
          2646016,
          2640896,
          2668544,
          2633632,
          2643968,
          2645856,
          2638848,
          2650112,
          2634752,
          2648256,
          2654208,
          2643840,
          2643968,
          2650112,
          2642816,
          2645024,
          2656352,
          2643968,
          2647040,
          2653184,
          2645952,
          2662400,
          2662400,
          2661376
        ],
        "applicable": true
      },
      {
        "kernel": "onpair_shmem_4tpt_vwidth4",
        "decode_ms": 1.55648,
        "decode_gib_s": 430.6867247961284,
        "decode_ns_iters": [
          1598464,
          1622976,
          1684480,
          1653792,
          1588128,
          1576128,
          1567744,
          1640448,
          1688576,
          1624064,
          1585152,
          1562720,
          1565696,
          1558528,
          1563584,
          1562624,
          1563584,
          1561600,
          1581056,
          1562624,
          1645568,
          1689600,
          1634304,
          1573856,
          1638432,
          1619968,
          1605632,
          1569792,
          1559552,
          1556480
        ],
        "applicable": true
      },
      {
        "kernel": "onpair_shmem_4tpt_vwidth4_b128",
        "decode_ms": 1.62912,
        "decode_gib_s": 411.48305429353144,
        "decode_ns_iters": [
          1632256,
          1639424,
          1637376,
          1631232,
          1662880,
          1649824,
          1640448,
          1636352,
          1646784,
          1647520,
          1654592,
          1638400,
          1634304,
          1634304,
          1629120,
          1634304,
          1637376,
          1629184,
          1651712,
          1632128,
          1635328,
          1648640,
          1640448,
          1640448,
          1639424,
          1630208,
          1647520,
          1633280,
          1635232,
          1665024
        ],
        "applicable": true
      },
      {
        "kernel": "onpair_shmem_4tpt_shdict8",
        "decode_ms": 1.85344,
        "decode_gib_s": 361.68166944205257,
        "decode_ns_iters": [
          1870848,
          1866752,
          1868928,
          1865728,
          1880064,
          1871872,
          1867776,
          1868800,
          1871808,
          1856512,
          1873888,
          1870848,
          1855360,
          1875968,
          1858560,
          1863680,
          1878112,
          1853440,
          1885184,
          1864704,
          1856512,
          1876992,
          1880064,
          1864704,
          1859552,
          1867776,
          1863680,
          1865728,
          1854432,
          1868800
        ],
        "applicable": true
      },
      {
        "kernel": "onpair_shmem_4tpt_ablate",
        "decode_ms": 1.526784,
        "decode_gib_s": 439.06359603629454,
        "decode_ns_iters": [
          1540096,
          1544192,
          1532928,
          1539072,
          1556480,
          1532928,
          1533952,
          1541120,
          1534976,
          1540096,
          1547264,
          1539072,
          1538048,
          1536000,
          1537024,
          1542144,
          1537024,
          1526784,
          1541120,
          1543072,
          1541120,
          1539072,
          1536000,
          1527808,
          1546368,
          1544192,
          1549184,
          1541088,
          1537920,
          1551200
        ],
        "applicable": true
      },
      {
        "kernel": "onpair_shmem_4tpt_ablate_nogather",
        "decode_ms": 1.527808,
        "decode_gib_s": 438.7693174866723,
        "decode_ns_iters": [
          1537952,
          1538048,
          1541120,
          1546240,
          1543168,
          1531904,
          1551360,
          1539072,
          1559712,
          1551328,
          1544192,
          1537024,
          1551264,
          1554432,
          1536896,
          1534976,
          1542144,
          1527808,
          1540064,
          1543168,
          1541952,
          1548288,
          1551360,
          1540192,
          1544192,
          1543168,
          1538976,
          1559552,
          1542144,
          1542144
        ],
        "applicable": true
      },
      {
        "kernel": "onpair_shmem_4tpt_ablate_noemit",
        "decode_ms": 1.59024,
        "decode_gib_s": 421.54346099373544,
        "decode_ns_iters": [
          1599584,
          1601696,
          1606752,
          1605824,
          1601536,
          1593344,
          1601536,
          1593248,
          1593344,
          1597440,
          1594368,
          1604608,
          1594464,
          1595232,
          1594368,
          1600512,
          1594336,
          1601536,
          1593344,
          1601536,
          1595392,
          1600512,
          1604608,
          1608704,
          1592320,
          1600512,
          1590240,
          1608704,
          1601536,
          1601536
        ],
        "applicable": true
      },
      {
        "kernel": "onpair_shmem_4tpt_ablate_nodrain",
        "decode_ms": 0.534528,
        "decode_gib_s": 1254.1069381036687,
        "decode_ns_iters": [
          544768,
          540672,
          537600,
          536576,
          541600,
          544768,
          537600,
          535552,
          540672,
          541696,
          544768,
          536512,
          537504,
          536416,
          546816,
          535552,
          534528,
          537600,
          538528,
          537408,
          540672,
          540736,
          554848,
          539456,
          540672,
          560128,
          538624,
          537600,
          547680,
          540672
        ],
        "applicable": true
      },
      {
        "kernel": "onpair_shmem_4tpt_ablate_noscan",
        "decode_ms": 1.568768,
        "decode_gib_s": 427.3131995366287,
        "decode_ns_iters": [
          1584128,
          1586304,
          1585152,
          1592192,
          1591232,
          1572864,
          1568768,
          1579008,
          1569792,
          1584128,
          1577984,
          1577984,
          1581920,
          1594368,
          1574912,
          1601536,
          1583968,
          1577984,
          1579008,
          1568768,
          1593344,
          1580000,
          1593344,
          1583104,
          1583104,
          1577984,
          1597248,
          1574880,
          1583264,
          1581056
        ],
        "applicable": true
      },
      {
        "kernel": "onpair_shmem_4tpt_ablate_cfree",
        "decode_ms": 1.537024,
        "decode_gib_s": 436.1384554897503,
        "decode_ns_iters": [
          1547264,
          1543168,
          1544192,
          1537024,
          1537952,
          1545216,
          1558528,
          1547264,
          1539072,
          1545056,
          1541120,
          1546240,
          1563648,
          1549312,
          1559552,
          1540096,
          1544192,
          1540288,
          1547264,
          1546272,
          1554432,
          1539072,
          1547264,
          1547264,
          1549312,
          1563520,
          1559552,
          1550336,
          1545216,
          1547456
        ],
        "applicable": true
      },
      {
        "kernel": "onpair_shmem_s8",
        "decode_ms": 0.0,
        "decode_gib_s": 0.0,
        "applicable": false,
        "reason": "dictionary entry longer than 8 bytes"
      },
      {
        "kernel": "onpair_shmem_s8_2tpt",
        "decode_ms": 0.0,
        "decode_gib_s": 0.0,
        "applicable": false,
        "reason": "dictionary entry longer than 8 bytes"
      },
      {
        "kernel": "onpair_shmem_s8_4tpt",
        "decode_ms": 0.0,
        "decode_gib_s": 0.0,
        "applicable": false,
        "reason": "dictionary entry longer than 8 bytes"
      },
      {
        "kernel": "onpair_shmem_s8_8tpt",
        "decode_ms": 0.0,
        "decode_gib_s": 0.0,
        "applicable": false,
        "reason": "dictionary entry longer than 8 bytes"
      },
      {
        "kernel": "onpair_shmem_s4l1",
        "decode_ms": 0.0,
        "decode_gib_s": 0.0,
        "applicable": false,
        "reason": "dictionary entry longer than 4 bytes"
      },
      {
        "kernel": "onpair_shmem_s4l1_2tpt",
        "decode_ms": 0.0,
        "decode_gib_s": 0.0,
        "applicable": false,
        "reason": "dictionary entry longer than 4 bytes"
      },
      {
        "kernel": "onpair_shmem_s4l1_4tpt",
        "decode_ms": 0.0,
        "decode_gib_s": 0.0,
        "applicable": false,
        "reason": "dictionary entry longer than 4 bytes"
      },
      {
        "kernel": "onpair_shmem_s4l1_8tpt",
        "decode_ms": 0.0,
        "decode_gib_s": 0.0,
        "applicable": false,
        "reason": "dictionary entry longer than 4 bytes"
      },
      {
        "kernel": "onpair_shmem_s4l1_16tpt",
        "decode_ms": 0.0,
        "decode_gib_s": 0.0,
        "applicable": false,
        "reason": "dictionary entry longer than 4 bytes"
      },
      {
        "kernel": "onpair_shmem_s4l1_32tpt",
        "decode_ms": 0.0,
        "decode_gib_s": 0.0,
        "applicable": false,
        "reason": "dictionary entry longer than 4 bytes"
      },
      {
        "kernel": "onpair_shmem_const1",
        "decode_ms": 0.0,
        "decode_gib_s": 0.0,
        "applicable": false,
        "reason": "not every dictionary entry is exactly 1 byte"
      },
      {
        "kernel": "onpair_shmem_const2",
        "decode_ms": 0.0,
        "decode_gib_s": 0.0,
        "applicable": false,
        "reason": "not every dictionary entry is exactly 2 bytes"
      }
    ],
    "nvcomp_zstd_hw": {
      "supported": false,
      "error": "failed to prepare nvCOMP zstd hardware decode: Other error: nvcomp get_decompress_temp_size failed: nvcomp: invalid value",
      "iterations": 30,
      "backend": "hardware",
      "zstd_level": -10,
      "values_per_frame": 2048,
      "raw_bytes": 719788494,
      "compressed_bytes": 0,
      "frames": 0,
      "compression_ratio": 0.0,
      "decode_ms": 0.0,
      "decode_gib_s": 0.0,
      "compressed_gib_s": 0.0
    },
    "nvcomp_zstd": [
      {
        "supported": true,
        "iterations": 30,
        "backend": "default",
        "zstd_level": -10,
        "values_per_frame": 2048,
        "raw_bytes": 719788494,
        "compressed_bytes": 69355433,
        "frames": 29291,
        "compression_ratio": 10.378256797848843,
        "decode_ms": 10.611519813537598,
        "decode_gib_s": 63.172409342861066,
        "compressed_gib_s": 6.086996166442437,
        "decode_ms_iters": [
          10.64633560180664,
          10.62985610961914,
          10.631168365478516,
          10.626367568969727,
          10.62281608581543,
          10.630751609802246,
          10.618176460266113,
          10.646559715270996,
          10.623167991638184,
          10.631903648376465,
          10.62604808807373,
          10.623616218566895,
          10.65123176574707,
          10.611519813537598,
          10.646400451660156,
          10.632448196411133,
          10.644479751586914,
          10.650943756103516,
          10.622464179992676,
          10.636159896850586,
          10.64252758026123,
          10.632448196411133,
          10.6779203414917,
          10.782591819763184,
          10.631391525268555,
          10.872960090637207,
          10.652064323425293,
          10.674400329589844,
          10.616928100585938,
          10.632960319519043
        ]
      },
      {
        "supported": true,
        "iterations": 30,
        "backend": "default",
        "zstd_level": 1,
        "values_per_frame": 2048,
        "raw_bytes": 719788494,
        "compressed_bytes": 66765829,
        "frames": 29291,
        "compression_ratio": 10.780791683122814,
        "decode_ms": 10.72156810760498,
        "decode_gib_s": 62.52399524796975,
        "compressed_gib_s": 5.799573638534379,
        "decode_ms_iters": [
          10.756832122802734,
          10.773504257202148,
          10.7806396484375,
          10.782143592834473,
          10.748319625854492,
          10.797280311584473,
          10.755135536193848,
          10.72156810760498,
          10.79967975616455,
          10.780672073364258,
          10.752096176147461,
          10.756383895874023,
          10.77017593383789,
          10.778752326965332,
          10.760095596313477,
          10.728511810302734,
          10.904128074645996,
          10.746879577636719,
          10.782655715942383,
          10.747679710388184,
          10.766688346862793,
          10.751520156860352,
          10.740447998046875,
          10.763456344604492,
          10.803999900817871,
          10.780960083007812,
          10.810079574584961,
          10.812704086303711,
          10.821279525756836,
          10.723135948181152
        ]
      },
      {
        "supported": true,
        "iterations": 30,
        "backend": "default",
        "zstd_level": 3,
        "values_per_frame": 2048,
        "raw_bytes": 719788494,
        "compressed_bytes": 66773029,
        "frames": 29291,
        "compression_ratio": 10.779629212267725,
        "decode_ms": 10.707103729248047,
        "decode_gib_s": 62.60845980033823,
        "compressed_gib_s": 5.80803463342569,
        "decode_ms_iters": [
          10.748255729675293,
          10.751168251037598,
          10.758687973022461,
          10.72486400604248,
          10.735391616821289,
          10.75875186920166,
          10.753824234008789,
          10.729791641235352,
          10.778079986572266,
          10.747712135314941,
          10.734784126281738,
          10.765824317932129,
          10.763839721679688,
          10.728799819946289,
          10.707103729248047,
          10.734848022460938,
          10.780991554260254,
          10.735648155212402,
          10.72390365600586,
          10.751328468322754,
          10.747455596923828,
          10.778528213500977,
          10.761088371276855,
          10.858976364135742,
          10.761568069458008,
          10.730751991271973,
          10.776288032531738,
          10.768896102905273,
          10.732064247131348,
          10.726304054260254
        ]
      }
    ]
  }
}
==PROF== Disconnected from process 19582
==PROF== Report: /home/ubuntu/work/ncu_costsurface_tpch-sf10_l_shipinstruct_b16.ncu-rep
