==PROF== Connected to process 35843 (/home/ubuntu/work/target/release/onpair-chunk-bench)
2026-06-26T04:35:43.626411Z  INFO vortex_cuda: vortex-cuda/src/lib.rs:111: Registering CUDA kernels
==PROF== Profiling "onpair_u64" - 0 (1/16): 0%
==WARNING== Launching the workload is taking more time than expected. If this continues to hang, terminate the profile and re-try by profiling the range of all related launches using '--replay-mode range'. See https://docs.nvidia.com/nsight-compute/ProfilingGuide/index.html#replay for more details.
....50%....100% - 43 passes
==PROF== Profiling "onpair_u64" - 1 (2/16): 0%....50%....100% - 43 passes
==PROF== Profiling "onpair_u64" - 2 (3/16): 0%....50%....100% - 43 passes
==PROF== Profiling "onpair_u64" - 3 (4/16): 0%....50%....100% - 43 passes
==PROF== Profiling "onpair_u64" - 4 (5/16): 0%....50%....100% - 43 passes
==PROF== Profiling "onpair_u64" - 5 (6/16): 0%....50%....100% - 43 passes
==PROF== Profiling "onpair_u64" - 6 (7/16): 0%....50%....100% - 43 passes
==PROF== Profiling "onpair_u64" - 7 (8/16): 0%....50%....100% - 43 passes
==PROF== Profiling "onpair_u64" - 8 (9/16): 0%....50%....100% - 43 passes
==PROF== Profiling "onpair_u64" - 9 (10/16): 0%....50%....100% - 43 passes
==PROF== Profiling "onpair_u64" - 10 (11/16): 0%....50%....100% - 43 passes
==PROF== Profiling "onpair_u64" - 11 (12/16): 0%....50%....100% - 43 passes
==PROF== Profiling "onpair_u64" - 12 (13/16): 0%....50%....100% - 43 passes
==PROF== Profiling "onpair_u64" - 13 (14/16): 0%....50%....100% - 43 passes
==PROF== Profiling "onpair_u64" - 14 (15/16): 0%....50%....100% - 43 passes
==PROF== Profiling "onpair_u64" - 15 (16/16): 0%....50%....100% - 43 passes
{
  "files": [
    "/home/ubuntu/work/vortex-bench/data/onpair-bench/fineweb/text/bits12_chunk1000mb_thr0.20/part_0000.vortex"
  ],
  "column": "text",
  "rows": 324253,
  "in_memory_bytes": 446635335,
  "dict_bytes": 17366,
  "gpu": {
    "iterations": 30,
    "decoded_bytes": 999998604,
    "chunks": 1,
    "auto_kernel": "onpair_shmem_4tpt_split8read",
    "frac_le8": 0.9871907,
    "dict_mean_len": 4.23584,
    "dict_max_len": 14,
    "dict_entries_max": 4096,
    "small_dict": true,
    "distinct_codes": 4042,
    "access_top4096_frac": 1.0,
    "compressed_bytes": 593915150,
    "h2d_gib_s": 20.08638995629081,
    "whole_decompress_gib_s": 29.430611554254426,
    "best_kernel": "onpair_shmem_4tpt_ablate_nogather",
    "auto_decode_ms": 4.107264,
    "best_decode_ms": 2.524256,
    "validated": false,
    "auto_decode_gib_s": 226.74979609033272,
    "best_decode_gib_s": 368.94882075715157,
    "kernels": [
      {
        "kernel": "onpair",
        "decode_ms": 212.280318,
        "decode_gib_s": 4.387223852232803,
        "decode_ns_iters": [
          108005981445,
          108009307861,
          108008071899,
          108008529663,
          108010086060,
          108008827209,
          108006187439,
          108006111145,
          108009147644,
          107997093201,
          108001449585,
          107995101929,
          108014274597,
          108016105652,
          213103622,
          213507071,
          213134333,
          212969691,
          213195771,
          213086218,
          213629961,
          212931573,
          213079035,
          213700771,
          213518336,
          212681726,
          213297993,
          213495806,
          212280318,
          212952062
        ],
        "applicable": true
      },
      {
        "kernel": "onpair_shmem",
        "decode_ms": 3.078144,
        "decode_gib_s": 302.55935865546394,
        "decode_ns_iters": [
          3078144,
          3080192,
          3078176,
          3079072,
          3081184,
          3098624,
          3078144,
          3079168,
          3085312,
          3127296,
          3121088,
          3120128,
          3136512,
          3121152,
          3128320,
          3160064,
          3159040,
          3160992,
          3155968,
          3158016,
          3161088,
          3155968,
          3158016,
          3160064,
          3160064,
          3166208,
          3161088,
          3153760,
          3153920,
          3154944
        ],
        "applicable": true
      },
      {
        "kernel": "onpair_shmem_2tpt",
        "decode_ms": 2.532352,
        "decode_gib_s": 367.76928108302656,
        "decode_ns_iters": [
          2534400,
          2535424,
          2536448,
          2538496,
          2534400,
          2533376,
          2552832,
          2532352,
          2537472,
          2541568,
          2548736,
          2543616,
          2543616,
          2543616,
          2541568,
          2538496,
          2549760,
          2551808,
          2546688,
          2547712,
          2549760,
          2545664,
          2546688,
          2552832,
          2549760,
          2550784,
          2550784,
          2552832,
          2550784,
          2551808
        ],
        "applicable": true
      },
      {
        "kernel": "onpair_shmem_4tpt",
        "decode_ms": 5.490688,
        "decode_gib_s": 169.61832005190686,
        "decode_ns_iters": [
          6100832,
          5935104,
          5803008,
          5800960,
          5803008,
          5655552,
          5622784,
          5623808,
          5582848,
          5574656,
          5576704,
          5562368,
          5536768,
          5533696,
          5533792,
          5499904,
          5491712,
          5494784,
          5491712,
          5490688,
          5493760,
          5494784,
          5492576,
          5491712,
          5493760,
          5492736,
          5493760,
          5493760,
          5508096,
          5492736
        ],
        "applicable": true
      },
      {
        "kernel": "onpair_shmem_4tpt_wpb8",
        "decode_ms": 5.848064,
        "decode_gib_s": 159.25292105031073,
        "decode_ns_iters": [
          5852096,
          5851040,
          5865280,
          5855232,
          5854208,
          5849088,
          5851232,
          5850112,
          5852160,
          5850112,
          5850112,
          5851136,
          5850112,
          5851136,
          5848064,
          5851296,
          5850272,
          5852288,
          5853056,
          5856256,
          5850112,
          5849088,
          5851136,
          5861376,
          5851136,
          5855232,
          5851136,
          5866496,
          5851136,
          5851136
        ],
        "applicable": true
      },
      {
        "kernel": "onpair_shmem_4tpt_wpb8_occ",
        "decode_ms": 6.232928,
        "decode_gib_s": 149.41954639764236,
        "decode_ns_iters": [
          6236160,
          6233024,
          6235136,
          6235104,
          6235136,
          6237056,
          6239232,
          6234112,
          6234112,
          6239104,
          6236128,
          6234144,
          6238400,
          6239232,
          6234112,
          6236160,
          6234240,
          6235136,
          6237152,
          6237184,
          6237184,
          6236000,
          6236160,
          6236160,
          6234112,
          6235136,
          6236160,
          6232928,
          6235136,
          6235136
        ],
        "applicable": true
      },
      {
        "kernel": "onpair_shmem_4tpt_b128",
        "decode_ms": 6.453152,
        "decode_gib_s": 144.32036847871618,
        "decode_ns_iters": [
          6462464,
          6455296,
          6460416,
          6455296,
          6460288,
          6456320,
          6476768,
          6453152,
          6455296,
          6457344,
          6455488,
          6456320,
          6459392,
          6458368,
          6457344,
          6458368,
          6457344,
          6456320,
          6457184,
          6460416,
          6460320,
          6459392,
          6455104,
          6460416,
          6458176,
          6459392,
          6471680,
          6457312,
          6459392,
          6458368
        ],
        "applicable": true
      },
      {
        "kernel": "onpair_shmem_4tpt_o6",
        "decode_ms": 6.402048,
        "decode_gib_s": 145.47239797158105,
        "decode_ns_iters": [
          6406176,
          6404096,
          6405120,
          6422528,
          6405120,
          6406144,
          6408192,
          6407264,
          6422528,
          6402048,
          6406144,
          6413312,
          6411264,
          6424576,
          6405120,
          6407168,
          6402048,
          6406144,
          6421504,
          6402048,
          6404096,
          6408192,
          6403072,
          6426624,
          6407136,
          6402048,
          6404096,
          6404096,
          6420480,
          6409216
        ],
        "applicable": true
      },
      {
        "kernel": "onpair_shmem_4tpt_b512o3",
        "decode_ms": 5.640288,
        "decode_gib_s": 165.11945391603484,
        "decode_ns_iters": [
          5642240,
          5645312,
          5654528,
          5641216,
          5644288,
          5642240,
          5640288,
          5643264,
          5658624,
          5643264,
          5641216,
          5646368,
          5645312,
          5643264,
          5661696,
          5643232,
          5643136,
          5644288,
          5646336,
          5641216,
          5666816,
          5656576,
          5648384,
          5641280,
          5643264,
          5644224,
          5662720,
          5644288,
          5645312,
          5642240
        ],
        "applicable": true
      },
      {
        "kernel": "onpair_shmem_4tpt_b128o12",
        "decode_ms": 6.605824,
        "decode_gib_s": 140.98487554151674,
        "decode_ns_iters": [
          6610944,
          6608800,
          6627328,
          6610944,
          6607872,
          6605824,
          6608896,
          6614112,
          6612992,
          6611968,
          6612960,
          6607872,
          6614016,
          6607872,
          6609920,
          6613888,
          6610944,
          6609920,
          6607872,
          6608896,
          6611968,
          6607872,
          6609920,
          6609920,
          6609920,
          6609920,
          6608896,
          6611872,
          6609920,
          6610976
        ],
        "applicable": true
      },
      {
        "kernel": "onpair_shmem_4tpt_b64",
        "decode_ms": 6.477824,
        "decode_gib_s": 143.77069745784453,
        "decode_ns_iters": [
          6478848,
          6498304,
          6478848,
          6480896,
          6495168,
          6479872,
          6480800,
          6484992,
          6480896,
          6477824,
          6480896,
          6480896,
          6480896,
          6481920,
          6479968,
          6479872,
          6479872,
          6481920,
          6477824,
          6477824,
          6481920,
          6478848,
          6478848,
          6479872,
          6478848,
          6482944,
          6480896,
          6479872,
          6477824,
          6481856
        ],
        "applicable": true
      },
      {
        "kernel": "onpair_shmem_4tpt_b64o24",
        "decode_ms": 6.67552,
        "decode_gib_s": 139.5129180182464,
        "decode_ns_iters": [
          6680576,
          6684544,
          6678656,
          6682528,
          6679552,
          6678656,
          6697984,
          6682624,
          6678528,
          6679552,
          6680576,
          6678400,
          6678528,
          6684672,
          6695936,
          6680576,
          6680576,
          6680576,
          6677504,
          6679552,
          6681600,
          6681600,
          6680384,
          6679424,
          6675520,
          6683648,
          6679552,
          6676480,
          6679552,
          6685568
        ],
        "applicable": true
      },
      {
        "kernel": "onpair_shmem_4tpt_split8read_b128o12",
        "decode_ms": 4.632768,
        "decode_gib_s": 201.02912006151922,
        "decode_ns_iters": [
          4640768,
          4635616,
          4636672,
          4636512,
          4635648,
          4636672,
          4634624,
          4635648,
          4637696,
          4637696,
          4632768,
          4635776,
          4652032,
          4635648,
          4635648,
          4635648,
          4635648,
          4637696,
          4654080,
          4635648,
          4635648,
          4634624,
          4634592,
          4634624,
          4651008,
          4636672,
          4636672,
          4636672,
          4633536,
          4636672
        ],
        "applicable": true
      },
      {
        "kernel": "onpair_shmem_4tpt_split8read_occ",
        "decode_ms": 4.33664,
        "decode_gib_s": 214.75641844588537,
        "decode_ns_iters": [
          4337664,
          4340736,
          4339712,
          4339712,
          4337664,
          4339712,
          4336640,
          4337664,
          4340736,
          4338528,
          4338688,
          4337728,
          4340736,
          4338688,
          4367360,
          4367360,
          4372672,
          4367360,
          4367360,
          4339712,
          4338688,
          4340736,
          4339712,
          4354048,
          4369408,
          4385792,
          4378624,
          4363200,
          4338688,
          4337664
        ],
        "applicable": true
      },
      {
        "kernel": "onpair_shmem_4tpt_split8",
        "decode_ms": 5.665792,
        "decode_gib_s": 164.3761850927751,
        "decode_ns_iters": [
          5683200,
          5682176,
          5665792,
          5669888,
          5669888,
          5669888,
          5667840,
          5683200,
          5669888,
          5669056,
          5668864,
          5667840,
          5670912,
          5671936,
          5685248,
          5668864,
          5670752,
          5668864,
          5668864,
          5670912,
          5668672,
          5687296,
          5669888,
          5667840,
          5667840,
          5666816,
          5669888,
          5667840,
          5671936,
          5668864
        ],
        "applicable": true
      },
      {
        "kernel": "onpair_shmem_4tpt_split8_wpb8",
        "decode_ms": 5.895168,
        "decode_gib_s": 157.98044678101868,
        "decode_ns_iters": [
          5899264,
          5898080,
          5900288,
          5895168,
          5896064,
          5898240,
          5915648,
          5899264,
          5900128,
          5900416,
          5900288,
          5896192,
          5899168,
          5898240,
          5899264,
          5897408,
          5900288,
          5917728,
          5899264,
          5897216,
          5899264,
          5898240,
          5899264,
          5900288,
          5899360,
          5897152,
          5901312,
          5900128,
          5900256,
          5903232
        ],
        "applicable": true
      },
      {
        "kernel": "onpair_shmem_4tpt_split8_wpb8_occ",
        "decode_ms": 6.300672,
        "decode_gib_s": 147.8130070076913,
        "decode_ns_iters": [
          6305792,
          6304768,
          6300672,
          6303744,
          6305696,
          6303744,
          6300672,
          6303744,
          6301696,
          6302720,
          6307840,
          6302720,
          6303744,
          6301696,
          6304768,
          6307840,
          6302912,
          6305792,
          6302784,
          6303744,
          6303744,
          6304608,
          6302528,
          6308032,
          6302720,
          6309888,
          6303744,
          6303744,
          6302720,
          6304768
        ],
        "applicable": true
      },
      {
        "kernel": "onpair_shmem_4tpt_pdict",
        "decode_ms": 3.617792,
        "decode_gib_s": 257.4280872115269,
        "decode_ns_iters": [
          3637248,
          3637248,
          3646464,
          3624992,
          3624032,
          3630080,
          3642368,
          3627008,
          3630080,
          3636224,
          3625984,
          3635200,
          3644416,
          3650464,
          3635200,
          3617792,
          3631104,
          3630080,
          3631104,
          3646464,
          3641280,
          3635232,
          3621952,
          3640320,
          3637248,
          3644416,
          3623776,
          3631104,
          3637248,
          3626112
        ],
        "applicable": true
      },
      {
        "kernel": "onpair_shmem_4tpt_vdict",
        "decode_ms": 3.170304,
        "decode_gib_s": 293.7640284619912,
        "decode_ns_iters": [
          3192832,
          3171328,
          3170304,
          3173216,
          3173376,
          3173344,
          3172352,
          3187712,
          3209216,
          3201024,
          3229696,
          3216384,
          3206144,
          3219456,
          3248128,
          3257344,
          3261344,
          3255296,
          3270656,
          3247104,
          3248128,
          3239936,
          3258368,
          3262464,
          3250176,
          3259328,
          3270720,
          3261440,
          3249280,
          3263488
        ],
        "applicable": true
      },
      {
        "kernel": "onpair_shmem_4tpt_split8read",
        "decode_ms": 4.107264,
        "decode_gib_s": 226.74979609033272,
        "decode_ns_iters": [
          4290496,
          4292608,
          4292608,
          4242432,
          4197376,
          4198336,
          4198400,
          4198528,
          4169728,
          4167680,
          4167680,
          4166656,
          4156416,
          4135936,
          4136960,
          4135936,
          4142080,
          4116480,
          4107264,
          4107264,
          4120576,
          4108288,
          4108288,
          4124576,
          4108288,
          4108288,
          4121600,
          4135936,
          4134912,
          4134912
        ],
        "applicable": true
      },
      {
        "kernel": "onpair_shmem_4tpt_ldcs",
        "decode_ms": 5.523456,
        "decode_gib_s": 168.61205638085363,
        "decode_ns_iters": [
          5527552,
          5536768,
          5523456,
          5523456,
          5538816,
          5526528,
          5526528,
          5524480,
          5535744,
          5524448,
          5523456,
          5543936,
          5526528,
          5530528,
          5527552,
          5532672,
          5526720,
          5523648,
          5542912,
          5524480,
          5528576,
          5526528,
          5531872,
          5525504,
          5525504,
          5539968,
          5524384,
          5527552,
          5526400,
          5536768
        ],
        "applicable": true
      },
      {
        "kernel": "onpair_shmem_4tpt_lenbucket",
        "decode_ms": 0.0,
        "decode_gib_s": 0.0,
        "applicable": false,
        "reason": "length-bucket dict not built (set ONPAIR_DICT_REORDER=lenbucket)"
      },
      {
        "kernel": "onpair_shmem_4tpt_lenbucket_b128",
        "decode_ms": 0.0,
        "decode_gib_s": 0.0,
        "applicable": false,
        "reason": "length-bucket dict not built (set ONPAIR_DICT_REORDER=lenbucket)"
      },
      {
        "kernel": "onpair_shmem_4tpt_regcache",
        "decode_ms": 6.217632,
        "decode_gib_s": 149.7871335082495,
        "decode_ns_iters": [
          6221728,
          6219776,
          6220800,
          6222688,
          6219872,
          6219680,
          6219648,
          6220800,
          6221824,
          6223872,
          6238208,
          6232064,
          6228064,
          6220800,
          6217632,
          6223872,
          6219776,
          6219776,
          6218752,
          6218752,
          6218752,
          6220672,
          6219776,
          6218720,
          6219712,
          6217728,
          6218752,
          6235264,
          6220800,
          6218752
        ],
        "applicable": true
      },
      {
        "kernel": "onpair_shmem_4tpt_split4read",
        "decode_ms": 2.907168,
        "decode_gib_s": 320.3534417306342,
        "decode_ns_iters": [
          2908160,
          2923520,
          2910208,
          2910208,
          2910208,
          2907168,
          2914304,
          2910208,
          2908160,
          2977792,
          3041088,
          3039232,
          3039232,
          3041280,
          3036160,
          3051616,
          3088384,
          3086144,
          3086176,
          3086336,
          3085312,
          3084160,
          3093504,
          3109888,
          3095552,
          3091456,
          3095552,
          3097600,
          3085312,
          3093504
        ],
        "applicable": true
      },
      {
        "kernel": "onpair_shmem_4tpt_split4read_b128o12",
        "decode_ms": 4.348928,
        "decode_gib_s": 214.14961905305498,
        "decode_ns_iters": [
          4532224,
          4487168,
          4484096,
          4487072,
          4485120,
          4450272,
          4457472,
          4449280,
          4448256,
          4400128,
          4386944,
          4387840,
          4383744,
          4387840,
          4348928,
          4352000,
          4349824,
          4356960,
          4356096,
          4356096,
          4357152,
          4354016,
          4356096,
          4354048,
          4355072,
          4356000,
          4354048,
          4355072,
          4358144,
          4356064
        ],
        "applicable": true
      },
      {
        "kernel": "onpair_shmem_4tpt_cluster_dsmem",
        "decode_ms": 0.0,
        "decode_gib_s": 0.0,
        "applicable": false,
        "reason": "thread-block clusters require sm_90+ (device cc 8.x)"
      },
      {
        "kernel": "onpair_shmem_8tpt",
        "decode_ms": 5.807104,
        "decode_gib_s": 160.3762003382692,
        "decode_ns_iters": [
          5942272,
          5944320,
          5871744,
          5859328,
          5860352,
          5853184,
          5850112,
          5852160,
          5841920,
          5811200,
          5813056,
          5812224,
          5814080,
          5810176,
          5813248,
          5809344,
          5814080,
          5813248,
          5813248,
          5807104,
          5817344,
          5808128,
          5808000,
          5814336,
          5815264,
          5817344,
          5812224,
          5814272,
          5814272,
          5807104
        ],
        "applicable": true
      },
      {
        "kernel": "onpair_shmem_8tpt_b128",
        "decode_ms": 6.281184,
        "decode_gib_s": 148.27161160844267,
        "decode_ns_iters": [
          6301696,
          6282208,
          6283264,
          6284288,
          6284192,
          6283072,
          6284288,
          6282240,
          6283264,
          6284128,
          6284288,
          6283264,
          6283264,
          6284288,
          6283360,
          6281216,
          6283264,
          6288384,
          6281184,
          6289248,
          6284224,
          6285312,
          6282400,
          6295552,
          6283264,
          6282240,
          6283264,
          6281216,
          6284288,
          6293504
        ],
        "applicable": true
      },
      {
        "kernel": "onpair_shmem_4tpt_vwidth",
        "decode_ms": 9.412608,
        "decode_gib_s": 98.94402003027899,
        "decode_ns_iters": [
          9412608,
          9444417,
          9501696,
          9591809,
          9590751,
          9612192,
          9651137,
          9633664,
          9672704,
          9663489,
          9661408,
          9652223,
          9641984,
          9590976,
          9611264,
          9592832,
          9586688,
          9643008,
          9671615,
          9664320,
          9659393,
          9731072,
          9726976,
          9674816,
          9665536,
          9694208,
          9670529,
          9667585,
          9668607,
          9670560
        ],
        "applicable": true
      },
      {
        "kernel": "onpair_shmem_4tpt_vwidth_b128",
        "decode_ms": 18.927617,
        "decode_gib_s": 49.20435966604588,
        "decode_ns_iters": [
          19030016,
          18927617,
          18929664,
          18928640,
          18962434,
          19036159,
          18945025,
          19065792,
          18929567,
          18933760,
          19062752,
          18934945,
          19053567,
          18940063,
          19045375,
          18955262,
          19034114,
          19078145,
          19082239,
          19167233,
          19215360,
          19209215,
          19301344,
          19358721,
          19365888,
          19364767,
          19366881,
          19299328,
          19303232,
          19355807
        ],
        "applicable": true
      },
      {
        "kernel": "onpair_shmem_4tpt_vwidth4",
        "decode_ms": 6.651904,
        "decode_gib_s": 140.00822538767312,
        "decode_ns_iters": [
          6803456,
          6803456,
          6776832,
          6752256,
          6753280,
          6718464,
          6702080,
          6701056,
          6665216,
          6651904,
          6652928,
          6656000,
          6652928,
          6654976,
          6652928,
          6671360,
          6655840,
          6656000,
          6651904,
          6653952,
          6652928,
          6674304,
          6652928,
          6655936,
          6652928,
          6652928,
          6652928,
          6671328,
          6654848,
          6656000
        ],
        "applicable": true
      },
      {
        "kernel": "onpair_shmem_4tpt_vwidth4_b128",
        "decode_ms": 7.223296,
        "decode_gib_s": 128.93300710495103,
        "decode_ns_iters": [
          7225184,
          7227232,
          7225344,
          7232512,
          7226208,
          7235584,
          7223296,
          7226368,
          7230464,
          7226304,
          7226208,
          7224320,
          7227264,
          7225344,
          7227392,
          7239680,
          7223296,
          7226272,
          7226368,
          7225344,
          7259136,
          7224320,
          7224320,
          7224320,
          7224320,
          7227392,
          7227200,
          7223296,
          7225344,
          7224320
        ],
        "applicable": true
      },
      {
        "kernel": "onpair_shmem_4tpt_shdict8",
        "decode_ms": 5.047296,
        "decode_gib_s": 184.51885415263226,
        "decode_ns_iters": [
          5052416,
          5063680,
          5056352,
          5078880,
          5069824,
          5061632,
          5068672,
          5078016,
          5063680,
          5056512,
          5051392,
          5053440,
          5062656,
          5062656,
          5074944,
          5062656,
          5065664,
          5058496,
          5056512,
          5065728,
          5066656,
          5066688,
          5067776,
          5064704,
          5073920,
          5057536,
          5058656,
          5047296,
          5066752,
          5058560
        ],
        "applicable": true
      },
      {
        "kernel": "onpair_shmem_4tpt_ablate",
        "decode_ms": 6.605824,
        "decode_gib_s": 140.98487554151674,
        "decode_ns_iters": [
          6610944,
          6608896,
          6628352,
          6612992,
          6608896,
          6612992,
          6610944,
          6609920,
          6611968,
          6608768,
          6610944,
          6610944,
          6612992,
          6610944,
          6609920,
          6606848,
          6605824,
          6616064,
          6614016,
          6609920,
          6608896,
          6613952,
          6611840,
          6612032,
          6614016,
          6609920,
          6630400,
          6622208,
          6608704,
          6622208
        ],
        "applicable": true
      },
      {
        "kernel": "onpair_shmem_4tpt_ablate_nogather",
        "decode_ms": 2.524256,
        "decode_gib_s": 368.94882075715157,
        "decode_ns_iters": [
          2547744,
          2527232,
          2535424,
          2526272,
          2528256,
          2528352,
          2541440,
          2542496,
          2530304,
          2534400,
          2555904,
          2527232,
          2531328,
          2540544,
          2533376,
          2538496,
          2539424,
          2549888,
          2528256,
          2538496,
          2529376,
          2535424,
          2525184,
          2524256,
          2532288,
          2542592,
          2537472,
          2561024,
          2532352,
          2537344
        ],
        "applicable": true
      },
      {
        "kernel": "onpair_shmem_4tpt_ablate_noemit",
        "decode_ms": 2.530304,
        "decode_gib_s": 368.0669494610783,
        "decode_ns_iters": [
          2570240,
          2542560,
          2534336,
          2550784,
          2554720,
          2553888,
          2538496,
          2561024,
          2542592,
          2541568,
          2539520,
          2545664,
          2551808,
          2546688,
          2555744,
          2541568,
          2537472,
          2550784,
          2530304,
          2546688,
          2544640,
          2558976,
          2534400,
          2555904,
          2545600,
          2542720,
          2535424,
          2554880,
          2547520,
          2548736
        ],
        "applicable": true
      },
      {
        "kernel": "onpair_shmem_4tpt_ablate_nodrain",
        "decode_ms": 6.57408,
        "decode_gib_s": 141.66564363213777,
        "decode_ns_iters": [
          6582272,
          6581280,
          6579200,
          6580224,
          6577152,
          6576992,
          6593536,
          6581248,
          6574080,
          6580224,
          6583296,
          6579200,
          6579200,
          6574080,
          6580224,
          6581280,
          6579200,
          6578176,
          6576128,
          6578176,
          6581248,
          6577152,
          6579200,
          6575104,
          6579200,
          6579200,
          6578176,
          6595584,
          6580224,
          6580160
        ],
        "applicable": true
      },
      {
        "kernel": "onpair_shmem_4tpt_ablate_noscan",
        "decode_ms": 6.56384,
        "decode_gib_s": 141.8866508764937,
        "decode_ns_iters": [
          6566912,
          6574080,
          6568896,
          6567936,
          6563840,
          6565888,
          6565888,
          6567936,
          6568960,
          6564864,
          6564864,
          6565888,
          6576000,
          6565888,
          6568832,
          6567936,
          6566912,
          6574080,
          6568960,
          6589440,
          6588384,
          6592352,
          6587392,
          6587392,
          6589248,
          6611968,
          6585408,
          6592512,
          6591392,
          6584320
        ],
        "applicable": true
      },
      {
        "kernel": "onpair_shmem_4tpt_ablate_cfree",
        "decode_ms": 6.7736,
        "decode_gib_s": 137.492806556213,
        "decode_ns_iters": [
          6776832,
          6779904,
          6778880,
          6779904,
          6779776,
          6779744,
          6776832,
          6780800,
          6773760,
          6774784,
          6798144,
          6789120,
          6788160,
          6794144,
          6778816,
          6779904,
          6774784,
          6779904,
          6773760,
          6780928,
          6776832,
          6775808,
          6776672,
          6775808,
          6773760,
          6777856,
          6775808,
          6773600,
          6777856,
          6775808
        ],
        "applicable": true
      },
      {
        "kernel": "onpair_shmem_s8",
        "decode_ms": 0.0,
        "decode_gib_s": 0.0,
        "applicable": false,
        "reason": "dictionary entry longer than 8 bytes"
      },
      {
        "kernel": "onpair_shmem_s8_2tpt",
        "decode_ms": 0.0,
        "decode_gib_s": 0.0,
        "applicable": false,
        "reason": "dictionary entry longer than 8 bytes"
      },
      {
        "kernel": "onpair_shmem_s8_4tpt",
        "decode_ms": 0.0,
        "decode_gib_s": 0.0,
        "applicable": false,
        "reason": "dictionary entry longer than 8 bytes"
      },
      {
        "kernel": "onpair_shmem_s8_8tpt",
        "decode_ms": 0.0,
        "decode_gib_s": 0.0,
        "applicable": false,
        "reason": "dictionary entry longer than 8 bytes"
      },
      {
        "kernel": "onpair_shmem_s4l1",
        "decode_ms": 0.0,
        "decode_gib_s": 0.0,
        "applicable": false,
        "reason": "dictionary entry longer than 4 bytes"
      },
      {
        "kernel": "onpair_shmem_s4l1_2tpt",
        "decode_ms": 0.0,
        "decode_gib_s": 0.0,
        "applicable": false,
        "reason": "dictionary entry longer than 4 bytes"
      },
      {
        "kernel": "onpair_shmem_s4l1_4tpt",
        "decode_ms": 0.0,
        "decode_gib_s": 0.0,
        "applicable": false,
        "reason": "dictionary entry longer than 4 bytes"
      },
      {
        "kernel": "onpair_shmem_s4l1_8tpt",
        "decode_ms": 0.0,
        "decode_gib_s": 0.0,
        "applicable": false,
        "reason": "dictionary entry longer than 4 bytes"
      },
      {
        "kernel": "onpair_shmem_s4l1_16tpt",
        "decode_ms": 0.0,
        "decode_gib_s": 0.0,
        "applicable": false,
        "reason": "dictionary entry longer than 4 bytes"
      },
      {
        "kernel": "onpair_shmem_s4l1_32tpt",
        "decode_ms": 0.0,
        "decode_gib_s": 0.0,
        "applicable": false,
        "reason": "dictionary entry longer than 4 bytes"
      },
      {
        "kernel": "onpair_shmem_const1",
        "decode_ms": 0.0,
        "decode_gib_s": 0.0,
        "applicable": false,
        "reason": "not every dictionary entry is exactly 1 byte"
      },
      {
        "kernel": "onpair_shmem_const2",
        "decode_ms": 0.0,
        "decode_gib_s": 0.0,
        "applicable": false,
        "reason": "not every dictionary entry is exactly 2 bytes"
      }
    ],
    "nvcomp_zstd_hw": {
      "supported": false,
      "error": "failed to prepare nvCOMP zstd hardware decode: Other error: nvcomp get_decompress_temp_size failed: nvcomp: invalid value",
      "iterations": 30,
      "backend": "hardware",
      "zstd_level": -10,
      "values_per_frame": 2048,
      "raw_bytes": 999998604,
      "compressed_bytes": 0,
      "frames": 0,
      "compression_ratio": 0.0,
      "decode_ms": 0.0,
      "decode_gib_s": 0.0,
      "compressed_gib_s": 0.0
    },
    "nvcomp_zstd": [
      {
        "supported": true,
        "iterations": 30,
        "backend": "default",
        "zstd_level": -10,
        "values_per_frame": 2048,
        "raw_bytes": 999998604,
        "compressed_bytes": 797640407,
        "frames": 159,
        "compression_ratio": 1.2536960204424548,
        "decode_ms": 40.68352127075195,
        "decode_gib_s": 22.89185511478099,
        "compressed_gib_s": 18.259494120992734,
        "decode_ms_iters": [
          40.873985290527344,
          41.3675537109375,
          41.65631866455078,
          41.41465759277344,
          41.457664489746094,
          41.39827346801758,
          41.190399169921875,
          40.97129440307617,
          41.32556915283203,
          41.35935974121094,
          40.965118408203125,
          40.77977752685547,
          40.806400299072266,
          41.040897369384766,
          40.89753723144531,
          40.68352127075195,
          41.243648529052734,
          40.8166389465332,
          40.898529052734375,
          40.79411315917969,
          41.485313415527344,
          40.811519622802734,
          40.944801330566406,
          41.1514892578125,
          40.68966293334961,
          41.4793586730957,
          41.51193618774414,
          40.953857421875,
          40.88729476928711,
          41.25177764892578
        ]
      },
      {
        "supported": true,
        "iterations": 30,
        "backend": "default",
        "zstd_level": 1,
        "values_per_frame": 2048,
        "raw_bytes": 999998604,
        "compressed_bytes": 440195533,
        "frames": 159,
        "compression_ratio": 2.2717145655360387,
        "decode_ms": 62.0503044128418,
        "decode_gib_s": 15.009133046193728,
        "compressed_gib_s": 6.6069625444568745,
        "decode_ms_iters": [
          63.0384635925293,
          62.80380630493164,
          62.0503044128418,
          62.434303283691406,
          62.46809768676758,
          62.30323028564453,
          63.231998443603516,
          63.025150299072266,
          62.538753509521484,
          62.70975875854492,
          62.56537628173828,
          63.39379119873047,
          63.00364685058594,
          62.59097671508789,
          62.13631820678711,
          62.97702407836914,
          62.783424377441406,
          62.8930549621582,
          62.41388702392578,
          62.78041458129883,
          62.32147216796875,
          62.46092987060547,
          63.065086364746094,
          62.2213134765625,
          63.07020950317383,
          62.65856170654297,
          63.26784133911133,
          62.4087028503418,
          62.36867141723633,
          63.01375961303711
        ]
      },
      {
        "supported": true,
        "iterations": 30,
        "backend": "default",
        "zstd_level": 3,
        "values_per_frame": 2048,
        "raw_bytes": 999998604,
        "compressed_bytes": 389169897,
        "frames": 159,
        "compression_ratio": 2.5695682315325636,
        "decode_ms": 82.01318359375,
        "decode_gib_s": 11.355750791268367,
        "compressed_gib_s": 4.4193225351698375,
        "decode_ms_iters": [
          82.39405059814453,
          83.02291107177734,
          82.11660766601562,
          83.05254364013672,
          82.49037170410156,
          82.01318359375,
          82.47811126708984,
          82.70540618896484,
          82.63680267333984,
          82.72179412841797,
          82.7146224975586,
          82.7892837524414,
          82.5907211303711,
          82.61222076416016,
          82.75984191894531,
          82.61519622802734,
          83.37100982666016,
          83.3095703125,
          82.5374755859375,
          83.1467514038086,
          82.44940948486328,
          82.91334533691406,
          83.0382080078125,
          83.48470306396484,
          82.69312286376953,
          82.86105346679688,
          83.40377807617188,
          82.43405151367188,
          82.6541748046875,
          82.84960174560547
        ]
      }
    ]
  }
}
==PROF== Disconnected from process 35843
==PROF== Report: /home/ubuntu/work/ncu_costsurface_fineweb_text_b12.ncu-rep
