==PROF== Connected to process 15689 (/home/ubuntu/work/target/release/onpair-chunk-bench)
2026-06-26T03:32:00.714525Z  INFO vortex_cuda: vortex-cuda/src/lib.rs:111: Registering CUDA kernels
==PROF== Profiling "onpair_u64" - 0 (1/16): 0%....50%....100% - 43 passes
==PROF== Profiling "onpair_u64" - 1 (2/16): 0%....50%....100% - 43 passes
==PROF== Profiling "onpair_u64" - 2 (3/16): 0%....50%....100% - 43 passes
==PROF== Profiling "onpair_u64" - 3 (4/16): 0%....50%....100% - 43 passes
==PROF== Profiling "onpair_u64" - 4 (5/16): 0%....50%....100% - 43 passes
==PROF== Profiling "onpair_u64" - 5 (6/16): 0%....50%....100% - 43 passes
==PROF== Profiling "onpair_u64" - 6 (7/16): 0%....50%....100% - 43 passes
==PROF== Profiling "onpair_u64" - 7 (8/16): 0%....50%....100% - 43 passes
==PROF== Profiling "onpair_u64" - 8 (9/16): 0%....50%....100% - 43 passes
==PROF== Profiling "onpair_u64" - 9 (10/16): 0%....50%....100% - 43 passes
==PROF== Profiling "onpair_u64" - 10 (11/16): 0%....50%....100% - 43 passes
==PROF== Profiling "onpair_u64" - 11 (12/16): 0%....50%....100% - 43 passes
==PROF== Profiling "onpair_u64" - 12 (13/16): 0%....50%....100% - 43 passes
==PROF== Profiling "onpair_u64" - 13 (14/16): 0%....50%....100% - 43 passes
==PROF== Profiling "onpair_u64" - 14 (15/16): 0%....50%....100% - 43 passes
==PROF== Profiling "onpair_u64" - 15 (16/16): 0%....50%....100% - 43 passes
{
  "files": [
    "/home/ubuntu/work/vortex-bench/data/onpair-bench/tpch-sf10/l_shipinstruct/bits12_chunk1000mb_thr0.20/part_0000.vortex"
  ],
  "column": "l_shipinstruct",
  "rows": 59986052,
  "in_memory_bytes": 64498914,
  "dict_bytes": 436,
  "gpu": {
    "iterations": 30,
    "decoded_bytes": 719788494,
    "chunks": 1,
    "auto_kernel": "onpair_shmem_4tpt",
    "frac_le8": 0.40003875,
    "dict_mean_len": 1.418919,
    "dict_max_len": 16,
    "dict_entries_max": 296,
    "small_dict": true,
    "distinct_codes": 5,
    "access_top4096_frac": 1.0,
    "compressed_bytes": 149962074,
    "h2d_gib_s": 20.071793594199477,
    "whole_decompress_gib_s": 78.56894922566264,
    "best_kernel": "onpair_shmem_4tpt_ablate_nodrain",
    "auto_decode_ms": 1.573888,
    "best_decode_ms": 0.5632,
    "validated": false,
    "auto_decode_gib_s": 425.92311105407623,
    "best_decode_gib_s": 1190.2614939820276,
    "kernels": [
      {
        "kernel": "onpair",
        "decode_ms": 8.707073,
        "decode_gib_s": 76.98973850462468,
        "decode_ns_iters": [
          3012536287,
          3011759996,
          3026762724,
          3030633450,
          3031055450,
          3031557083,
          2994874239,
          3005902767,
          2998059988,
          2997380018,
          2995536804,
          2995739698,
          2998456240,
          2992970705,
          8707073,
          8723584,
          8714240,
          8729600,
          8730624,
          8722432,
          8710144,
          8710080,
          8727552,
          8736704,
          8738817,
          8719360,
          8739839,
          8806400,
          8749056,
          8718336
        ],
        "applicable": true
      },
      {
        "kernel": "onpair_shmem",
        "decode_ms": 2.045952,
        "decode_gib_s": 327.649560405463,
        "decode_ns_iters": [
          2048128,
          2070528,
          2070528,
          2069504,
          2065408,
          2072576,
          2068352,
          2101248,
          2069376,
          2075648,
          2070528,
          2088960,
          2067456,
          2055168,
          2068480,
          2057312,
          2069504,
          2060288,
          2084768,
          2069536,
          2077696,
          2066240,
          2067456,
          2068480,
          2045952,
          2062176,
          2063360,
          2078624,
          2063360,
          2083840
        ],
        "applicable": true
      },
      {
        "kernel": "onpair_shmem_2tpt",
        "decode_ms": 1.758144,
        "decode_gib_s": 381.28576124064807,
        "decode_ns_iters": [
          1769408,
          1789952,
          1762304,
          1758144,
          1764352,
          1770496,
          1792960,
          1789952,
          1770496,
          1779712,
          1780736,
          1784832,
          1772576,
          1787968,
          1775424,
          1776640,
          1775680,
          1779712,
          1777664,
          1798144,
          1788768,
          1782784,
          1778688,
          1767264,
          1772544,
          1765280,
          1771520,
          1767360,
          1767360,
          1767424
        ],
        "applicable": true
      },
      {
        "kernel": "onpair_shmem_4tpt",
        "decode_ms": 1.573888,
        "decode_gib_s": 425.92311105407623,
        "decode_ns_iters": [
          1601504,
          1573888,
          1586176,
          1575936,
          1589248,
          1588160,
          1576960,
          1579008,
          1587200,
          1589248,
          1586176,
          1593344,
          1585152,
          1579008,
          1590272,
          1590272,
          1579008,
          1579136,
          1585152,
          1586176,
          1592320,
          1583104,
          1602560,
          1586368,
          1587200,
          1593312,
          1602560,
          1584224,
          1576960,
          1579008
        ],
        "applicable": true
      },
      {
        "kernel": "onpair_shmem_4tpt_wpb8",
        "decode_ms": 1.528832,
        "decode_gib_s": 438.4754331481013,
        "decode_ns_iters": [
          1543168,
          1558528,
          1538880,
          1532928,
          1530880,
          1537024,
          1528832,
          1561664,
          1543168,
          1539072,
          1542144,
          1542144,
          1582080,
          1546240,
          1533856,
          1534976,
          1530752,
          1539072,
          1540064,
          1542144,
          1540096,
          1538048,
          1532928,
          1547136,
          1547264,
          1539072,
          1539072,
          1533952,
          1553408,
          1537024
        ],
        "applicable": true
      },
      {
        "kernel": "onpair_shmem_4tpt_wpb8_occ",
        "decode_ms": 1.565696,
        "decode_gib_s": 428.1516165402977,
        "decode_ns_iters": [
          1579008,
          1583104,
          1581056,
          1572864,
          1582080,
          1566528,
          1565696,
          1584128,
          1586176,
          1576960,
          1570816,
          1582048,
          1577120,
          1579008,
          1577888,
          1587200,
          1581056,
          1585152,
          1587200,
          1574944,
          1581216,
          1573888,
          1587200,
          1576832,
          1585152,
          1568928,
          1599360,
          1570816,
          1572864,
          1565696
        ],
        "applicable": true
      },
      {
        "kernel": "onpair_shmem_4tpt_b128",
        "decode_ms": 1.547264,
        "decode_gib_s": 433.2520328855825,
        "decode_ns_iters": [
          1565696,
          1573888,
          1568768,
          1567744,
          1567744,
          1568768,
          1583104,
          1557504,
          1564672,
          1563648,
          1564672,
          1561600,
          1560608,
          1575936,
          1559552,
          1561600,
          1565696,
          1560576,
          1550336,
          1562784,
          1553472,
          1547264,
          1553408,
          1573888,
          1561600,
          1557504,
          1558336,
          1550272,
          1553408,
          1564672
        ],
        "applicable": true
      },
      {
        "kernel": "onpair_shmem_4tpt_o6",
        "decode_ms": 1.563648,
        "decode_gib_s": 428.7123914146137,
        "decode_ns_iters": [
          1577984,
          1584128,
          1586176,
          1603584,
          1586144,
          1578144,
          1581120,
          1580032,
          1571840,
          1577984,
          1574912,
          1577056,
          1580032,
          1570816,
          1576960,
          1577984,
          1575776,
          1568896,
          1588224,
          1573888,
          1572864,
          1590272,
          1583104,
          1574912,
          1574912,
          1587200,
          1563648,
          1579008,
          1579008,
          1579008
        ],
        "applicable": true
      },
      {
        "kernel": "onpair_shmem_4tpt_b512o3",
        "decode_ms": 1.565696,
        "decode_gib_s": 428.1516165402977,
        "decode_ns_iters": [
          1569792,
          1577984,
          1572864,
          1568704,
          1570816,
          1595392,
          1567616,
          1576960,
          1568768,
          1567712,
          1572800,
          1566720,
          1584128,
          1586176,
          1572864,
          1573888,
          1569792,
          1577952,
          1565696,
          1597440,
          1570816,
          1579008,
          1574912,
          1579008,
          1580032,
          1575936,
          1569824,
          1576960,
          1571840,
          1571840
        ],
        "applicable": true
      },
      {
        "kernel": "onpair_shmem_4tpt_b128o12",
        "decode_ms": 1.564544,
        "decode_gib_s": 428.4668717598725,
        "decode_ns_iters": [
          1582080,
          1574912,
          1571840,
          1596416,
          1574080,
          1566816,
          1582080,
          1567744,
          1570816,
          1581920,
          1584128,
          1571840,
          1572864,
          1577984,
          1564672,
          1579936,
          1571840,
          1589248,
          1572800,
          1574912,
          1564544,
          1577984,
          1575936,
          1574912,
          1567744,
          1581056,
          1571840,
          1570816,
          1576896,
          1572864
        ],
        "applicable": true
      },
      {
        "kernel": "onpair_shmem_4tpt_b64",
        "decode_ms": 1.536,
        "decode_gib_s": 436.42921446007676,
        "decode_ns_iters": [
          1536000,
          1545216,
          1553408,
          1556480,
          1543168,
          1559552,
          1539072,
          1555552,
          1548288,
          1549312,
          1556480,
          1544064,
          1554304,
          1547264,
          1553408,
          1545216,
          1555392,
          1548288,
          1549312,
          1552384,
          1565696,
          1548288,
          1559552,
          1543168,
          1552192,
          1559552,
          1544192,
          1553408,
          1557504,
          1549120
        ],
        "applicable": true
      },
      {
        "kernel": "onpair_shmem_4tpt_b64o24",
        "decode_ms": 1.554432,
        "decode_gib_s": 431.25416448624185,
        "decode_ns_iters": [
          1562624,
          1583104,
          1557504,
          1564672,
          1563616,
          1577984,
          1571840,
          1571712,
          1573888,
          1566720,
          1561600,
          1564672,
          1564672,
          1566720,
          1562784,
          1574912,
          1567744,
          1571968,
          1555456,
          1574912,
          1568768,
          1573984,
          1571840,
          1571840,
          1554432,
          1575936,
          1557568,
          1566720,
          1565600,
          1568608
        ],
        "applicable": true
      },
      {
        "kernel": "onpair_shmem_4tpt_split8read_b128o12",
        "decode_ms": 1.568768,
        "decode_gib_s": 427.3131995366287,
        "decode_ns_iters": [
          1581056,
          1582080,
          1585152,
          1583104,
          1595392,
          1583104,
          1587168,
          1571840,
          1572864,
          1586176,
          1571840,
          1576960,
          1575872,
          1585152,
          1576960,
          1587200,
          1583200,
          1590272,
          1578944,
          1587200,
          1584128,
          1582080,
          1568768,
          1572864,
          1576960,
          1577984,
          1593344,
          1574912,
          1574912,
          1583104
        ],
        "applicable": true
      },
      {
        "kernel": "onpair_shmem_4tpt_split8read_occ",
        "decode_ms": 1.56672,
        "decode_gib_s": 427.8717788824282,
        "decode_ns_iters": [
          1578112,
          1579840,
          1571840,
          1593344,
          1585984,
          1580032,
          1576960,
          1588224,
          1587104,
          1582080,
          1584128,
          1574912,
          1573888,
          1582080,
          1605728,
          1583104,
          1576960,
          1580032,
          1598464,
          1583104,
          1579008,
          1566720,
          1583104,
          1570816,
          1581888,
          1584128,
          1583104,
          1589248,
          1573792,
          1596416
        ],
        "applicable": true
      },
      {
        "kernel": "onpair_shmem_4tpt_split8",
        "decode_ms": 1.557504,
        "decode_gib_s": 430.40356455628876,
        "decode_ns_iters": [
          1562624,
          1561600,
          1580032,
          1566720,
          1560576,
          1570816,
          1565696,
          1573728,
          1576960,
          1592224,
          1566592,
          1573760,
          1561472,
          1564672,
          1560384,
          1567744,
          1583104,
          1565696,
          1567744,
          1563648,
          1557504,
          1562624,
          1562624,
          1570752,
          1562432,
          1568768,
          1572864,
          1571840,
          1566720,
          1571840
        ],
        "applicable": true
      },
      {
        "kernel": "onpair_shmem_4tpt_split8_wpb8",
        "decode_ms": 1.51552,
        "decode_gib_s": 442.3269065473751,
        "decode_ns_iters": [
          1552384,
          1530848,
          1517568,
          1515520,
          1525760,
          1520640,
          1527808,
          1537856,
          1527680,
          1516544,
          1540064,
          1545216,
          1527808,
          1520640,
          1526784,
          1532928,
          1523712,
          1521664,
          1525600,
          1538048,
          1534976,
          1523712,
          1525760,
          1527808,
          1540000,
          1523712,
          1528800,
          1528768,
          1525600,
          1517568
        ],
        "applicable": true
      },
      {
        "kernel": "onpair_shmem_4tpt_split8_wpb8_occ",
        "decode_ms": 1.555456,
        "decode_gib_s": 430.9702578605103,
        "decode_ns_iters": [
          1567840,
          1564672,
          1562624,
          1560576,
          1558464,
          1561600,
          1575936,
          1561472,
          1564544,
          1562624,
          1557504,
          1557504,
          1559488,
          1564672,
          1556480,
          1555456,
          1576960,
          1559520,
          1558528,
          1567744,
          1570816,
          1559552,
          1565696,
          1579840,
          1556576,
          1557504,
          1561600,
          1562624,
          1565696,
          1563648
        ],
        "applicable": true
      },
      {
        "kernel": "onpair_shmem_4tpt_pdict",
        "decode_ms": 1.784832,
        "decode_gib_s": 375.58452191056523,
        "decode_ns_iters": [
          1808384,
          1796096,
          1811456,
          1789952,
          1811456,
          1800192,
          1830912,
          1818624,
          1828864,
          1820672,
          1806336,
          1798976,
          1790976,
          1790976,
          1784832,
          1807392,
          1794912,
          1802240,
          1795008,
          1797120,
          1804288,
          1801216,
          1801216,
          1806336,
          1797984,
          1790976,
          1792128,
          1820672,
          1813504,
          1826816
        ],
        "applicable": true
      },
      {
        "kernel": "onpair_shmem_4tpt_vdict",
        "decode_ms": 1.7592,
        "decode_gib_s": 381.0568857495895,
        "decode_ns_iters": [
          1760096,
          1785856,
          1777664,
          1774592,
          1773440,
          1771520,
          1781760,
          1793024,
          1780576,
          1774592,
          1785856,
          1781760,
          1775616,
          1776640,
          1778688,
          1773728,
          1780736,
          1787904,
          1804288,
          1768448,
          1759200,
          1772480,
          1775616,
          1767424,
          1776576,
          1779712,
          1769536,
          1774592,
          1769472,
          1795072
        ],
        "applicable": true
      },
      {
        "kernel": "onpair_shmem_4tpt_split8read",
        "decode_ms": 1.59232,
        "decode_gib_s": 420.99281137627986,
        "decode_ns_iters": [
          1627136,
          1597440,
          1596416,
          1593344,
          1618944,
          1599456,
          1604608,
          1596416,
          1614848,
          1601536,
          1613824,
          1601536,
          1600576,
          1593344,
          1592320,
          1603584,
          1623040,
          1605632,
          1593344,
          1596416,
          1608576,
          1598400,
          1612800,
          1601536,
          1613824,
          1609568,
          1599488,
          1611776,
          1599488,
          1605632
        ],
        "applicable": true
      },
      {
        "kernel": "onpair_shmem_4tpt_ldcs",
        "decode_ms": 1.869824,
        "decode_gib_s": 358.5124981873577,
        "decode_ns_iters": [
          1900544,
          1869824,
          1885184,
          1884160,
          1898336,
          1892352,
          1888160,
          1886208,
          1889408,
          1902592,
          1888256,
          1891328,
          1890304,
          1899392,
          1892352,
          1889280,
          1886208,
          1896320,
          1888320,
          1881088,
          1904640,
          1893216,
          1887232,
          1893376,
          1874944,
          1878016,
          1882112,
          1903616,
          1916928,
          1882112
        ],
        "applicable": true
      },
      {
        "kernel": "onpair_shmem_4tpt_lenbucket",
        "decode_ms": 0.0,
        "decode_gib_s": 0.0,
        "applicable": false,
        "reason": "length-bucket dict not built (set ONPAIR_DICT_REORDER=lenbucket)"
      },
      {
        "kernel": "onpair_shmem_4tpt_lenbucket_b128",
        "decode_ms": 0.0,
        "decode_gib_s": 0.0,
        "applicable": false,
        "reason": "length-bucket dict not built (set ONPAIR_DICT_REORDER=lenbucket)"
      },
      {
        "kernel": "onpair_shmem_4tpt_regcache",
        "decode_ms": 1.527808,
        "decode_gib_s": 438.7693174866723,
        "decode_ns_iters": [
          1539200,
          1549312,
          1543200,
          1537120,
          1540032,
          1532928,
          1547264,
          1536000,
          1547264,
          1544224,
          1529856,
          1528832,
          1529888,
          1539072,
          1542144,
          1546240,
          1551360,
          1540096,
          1536000,
          1565632,
          1539072,
          1540256,
          1531904,
          1531872,
          1538048,
          1538048,
          1537024,
          1529792,
          1538048,
          1527808
        ],
        "applicable": true
      },
      {
        "kernel": "onpair_shmem_4tpt_split4read",
        "decode_ms": 1.577984,
        "decode_gib_s": 424.81753516555165,
        "decode_ns_iters": [
          1595392,
          1587200,
          1581056,
          1587200,
          1592320,
          1594368,
          1583232,
          1588224,
          1580032,
          1602560,
          1577984,
          1590400,
          1579008,
          1615872,
          1587264,
          1596320,
          1588224,
          1622016,
          1584128,
          1598400,
          1586176,
          1609664,
          1596416,
          1598464,
          1585248,
          1600480,
          1590272,
          1595392,
          1584992,
          1588224
        ],
        "applicable": true
      },
      {
        "kernel": "onpair_shmem_4tpt_split4read_b128o12",
        "decode_ms": 1.56672,
        "decode_gib_s": 427.8717788824282,
        "decode_ns_iters": [
          1576096,
          1578944,
          1592320,
          1574848,
          1577824,
          1582080,
          1572864,
          1577984,
          1576960,
          1574816,
          1582176,
          1582080,
          1580096,
          1588224,
          1575936,
          1581984,
          1581056,
          1584128,
          1598464,
          1581024,
          1584128,
          1566720,
          1587200,
          1577984,
          1588224,
          1568672,
          1588160,
          1575936,
          1596320,
          1577984
        ],
        "applicable": true
      },
      {
        "kernel": "onpair_shmem_4tpt_cluster_dsmem",
        "decode_ms": 0.0,
        "decode_gib_s": 0.0,
        "applicable": false,
        "reason": "thread-block clusters require sm_90+ (device cc 8.x)"
      },
      {
        "kernel": "onpair_shmem_8tpt",
        "decode_ms": 1.496064,
        "decode_gib_s": 448.0792756263622,
        "decode_ns_iters": [
          1506208,
          1503232,
          1503168,
          1504256,
          1504256,
          1497088,
          1502208,
          1506304,
          1503040,
          1499232,
          1499136,
          1502208,
          1516544,
          1496064,
          1503040,
          1500160,
          1497088,
          1500160,
          1496064,
          1503040,
          1513472,
          1501184,
          1496064,
          1501376,
          1503232,
          1505280,
          1526592,
          1506112,
          1503232,
          1516544
        ],
        "applicable": true
      },
      {
        "kernel": "onpair_shmem_8tpt_b128",
        "decode_ms": 1.4848,
        "decode_gib_s": 451.4784977173208,
        "decode_ns_iters": [
          1494016,
          1499136,
          1492992,
          1490944,
          1508352,
          1492992,
          1495040,
          1492992,
          1493920,
          1488896,
          1495040,
          1484800,
          1490944,
          1497088,
          1489056,
          1501184,
          1497088,
          1488896,
          1497088,
          1495040,
          1486848,
          1488896,
          1488896,
          1498112,
          1489920,
          1488832,
          1509312,
          1492992,
          1490944,
          1488896
        ],
        "applicable": true
      },
      {
        "kernel": "onpair_shmem_4tpt_vwidth",
        "decode_ms": 1.710112,
        "decode_gib_s": 391.9949532022919,
        "decode_ns_iters": [
          1710112,
          1712128,
          1718272,
          1715200,
          1712128,
          1736768,
          1714176,
          1717120,
          1715264,
          1718272,
          1718272,
          1712128,
          1716032,
          1725440,
          1716224,
          1714176,
          1713152,
          1716160,
          1714176,
          1713984,
          1737600,
          1712128,
          1717248,
          1722368,
          1715200,
          1718272,
          1716096,
          1735680,
          1715200,
          1716160
        ],
        "applicable": true
      },
      {
        "kernel": "onpair_shmem_4tpt_vwidth_b128",
        "decode_ms": 2.660544,
        "decode_gib_s": 251.96173166490684,
        "decode_ns_iters": [
          2669568,
          2667520,
          2679808,
          2664448,
          2671648,
          2670592,
          2662400,
          2660544,
          2661376,
          2672640,
          2696192,
          2661376,
          2668544,
          2672576,
          2682880,
          2668544,
          2670592,
          2671616,
          2683904,
          2670592,
          2676736,
          2682880,
          2676704,
          2671616,
          2677760,
          2694144,
          2668544,
          2682880,
          2681856,
          2683904
        ],
        "applicable": true
      },
      {
        "kernel": "onpair_shmem_4tpt_vwidth4",
        "decode_ms": 1.588256,
        "decode_gib_s": 422.0700399750909,
        "decode_ns_iters": [
          1594208,
          1597376,
          1603584,
          1588256,
          1606656,
          1599488,
          1600512,
          1591296,
          1603584,
          1600512,
          1606656,
          1710080,
          1627136,
          1593344,
          1602560,
          1639424,
          1687552,
          1634304,
          1600512,
          1603392,
          1600480,
          1600512,
          1595392,
          1599520,
          1615872,
          1598432,
          1605632,
          1606656,
          1608704,
          1610752
        ],
        "applicable": true
      },
      {
        "kernel": "onpair_shmem_4tpt_vwidth4_b128",
        "decode_ms": 1.659904,
        "decode_gib_s": 403.8518332449816,
        "decode_ns_iters": [
          1665888,
          1665024,
          1682368,
          1677120,
          1664000,
          1675264,
          1664000,
          1678336,
          1677248,
          1664000,
          1674240,
          1672192,
          1665024,
          1673216,
          1679360,
          1688576,
          1674240,
          1667072,
          1671168,
          1684480,
          1671168,
          1659904,
          1661920,
          1662976,
          1675264,
          1666240,
          1676288,
          1671104,
          1661888,
          1671104
        ],
        "applicable": true
      },
      {
        "kernel": "onpair_shmem_4tpt_shdict8",
        "decode_ms": 1.888256,
        "decode_gib_s": 355.0129184870473,
        "decode_ns_iters": [
          1893376,
          1895360,
          1903616,
          1906752,
          1893376,
          1917952,
          1888256,
          1912800,
          1917952,
          1888256,
          1918912,
          1891328,
          1900544,
          1905664,
          1925120,
          1898496,
          1903616,
          1903616,
          1913856,
          1920000,
          1910784,
          1904640,
          1901568,
          1909760,
          1933312,
          1928224,
          1905600,
          1911680,
          1905664,
          1904640
        ],
        "applicable": true
      },
      {
        "kernel": "onpair_shmem_4tpt_ablate",
        "decode_ms": 1.557504,
        "decode_gib_s": 430.40356455628876,
        "decode_ns_iters": [
          1566720,
          1584128,
          1567584,
          1573888,
          1576800,
          1573888,
          1568768,
          1567904,
          1581056,
          1574976,
          1580032,
          1574848,
          1589248,
          1566720,
          1571840,
          1584128,
          1568768,
          1587360,
          1567744,
          1571840,
          1573888,
          1557504,
          1582080,
          1572864,
          1582080,
          1575936,
          1570816,
          1577984,
          1567744,
          1568768
        ],
        "applicable": true
      },
      {
        "kernel": "onpair_shmem_4tpt_ablate_nogather",
        "decode_ms": 1.557504,
        "decode_gib_s": 430.40356455628876,
        "decode_ns_iters": [
          1574816,
          1565696,
          1568736,
          1600512,
          1571840,
          1573888,
          1577984,
          1577984,
          1557504,
          1572864,
          1573888,
          1572928,
          1568640,
          1571840,
          1586176,
          1571744,
          1575936,
          1577984,
          1564672,
          1583104,
          1570816,
          1577024,
          1570816,
          1570816,
          1576960,
          1595296,
          1583104,
          1587200,
          1577984,
          1573888
        ],
        "applicable": true
      },
      {
        "kernel": "onpair_shmem_4tpt_ablate_noemit",
        "decode_ms": 1.615904,
        "decode_gib_s": 414.8484522661482,
        "decode_ns_iters": [
          1639424,
          1633280,
          1630208,
          1635328,
          1634304,
          1627136,
          1632256,
          1662976,
          1626112,
          1627072,
          1637376,
          1622016,
          1632256,
          1635200,
          1619968,
          1615904,
          1644544,
          1634304,
          1620992,
          1630208,
          1634304,
          1618944,
          1632256,
          1637312,
          1625088,
          1649536,
          1629184,
          1631232,
          1633280,
          1627264
        ],
        "applicable": true
      },
      {
        "kernel": "onpair_shmem_4tpt_ablate_nodrain",
        "decode_ms": 0.5632,
        "decode_gib_s": 1190.2614939820276,
        "decode_ns_iters": [
          575360,
          571392,
          568320,
          583680,
          577536,
          574464,
          566176,
          571360,
          570368,
          568320,
          589824,
          573440,
          570304,
          578560,
          567296,
          574464,
          577536,
          587776,
          574464,
          572416,
          568512,
          570368,
          575488,
          563200,
          591872,
          578592,
          571424,
          574464,
          573440,
          577536
        ],
        "applicable": true
      },
      {
        "kernel": "onpair_shmem_4tpt_ablate_noscan",
        "decode_ms": 1.604608,
        "decode_gib_s": 417.7688715316625,
        "decode_ns_iters": [
          1630208,
          1621824,
          1609600,
          1613824,
          1624256,
          1615872,
          1625088,
          1625088,
          1605696,
          1615872,
          1619968,
          1628160,
          1607680,
          1614848,
          1604608,
          1608704,
          1612640,
          1614848,
          1607648,
          1615872,
          1611776,
          1629184,
          1624064,
          1616896,
          1608704,
          1628160,
          1612800,
          1609600,
          1609728,
          1611776
        ],
        "applicable": true
      },
      {
        "kernel": "onpair_shmem_4tpt_ablate_cfree",
        "decode_ms": 1.570816,
        "decode_gib_s": 426.75607672106594,
        "decode_ns_iters": [
          1585152,
          1589248,
          1581056,
          1592224,
          1577056,
          1585248,
          1577984,
          1574912,
          1571840,
          1579008,
          1571808,
          1581056,
          1583040,
          1575936,
          1585152,
          1572864,
          1570816,
          1575936,
          1571840,
          1583104,
          1577984,
          1605632,
          1576960,
          1573888,
          1583104,
          1581056,
          1591296,
          1577984,
          1577984,
          1579008
        ],
        "applicable": true
      },
      {
        "kernel": "onpair_shmem_s8",
        "decode_ms": 0.0,
        "decode_gib_s": 0.0,
        "applicable": false,
        "reason": "dictionary entry longer than 8 bytes"
      },
      {
        "kernel": "onpair_shmem_s8_2tpt",
        "decode_ms": 0.0,
        "decode_gib_s": 0.0,
        "applicable": false,
        "reason": "dictionary entry longer than 8 bytes"
      },
      {
        "kernel": "onpair_shmem_s8_4tpt",
        "decode_ms": 0.0,
        "decode_gib_s": 0.0,
        "applicable": false,
        "reason": "dictionary entry longer than 8 bytes"
      },
      {
        "kernel": "onpair_shmem_s8_8tpt",
        "decode_ms": 0.0,
        "decode_gib_s": 0.0,
        "applicable": false,
        "reason": "dictionary entry longer than 8 bytes"
      },
      {
        "kernel": "onpair_shmem_s4l1",
        "decode_ms": 0.0,
        "decode_gib_s": 0.0,
        "applicable": false,
        "reason": "dictionary entry longer than 4 bytes"
      },
      {
        "kernel": "onpair_shmem_s4l1_2tpt",
        "decode_ms": 0.0,
        "decode_gib_s": 0.0,
        "applicable": false,
        "reason": "dictionary entry longer than 4 bytes"
      },
      {
        "kernel": "onpair_shmem_s4l1_4tpt",
        "decode_ms": 0.0,
        "decode_gib_s": 0.0,
        "applicable": false,
        "reason": "dictionary entry longer than 4 bytes"
      },
      {
        "kernel": "onpair_shmem_s4l1_8tpt",
        "decode_ms": 0.0,
        "decode_gib_s": 0.0,
        "applicable": false,
        "reason": "dictionary entry longer than 4 bytes"
      },
      {
        "kernel": "onpair_shmem_s4l1_16tpt",
        "decode_ms": 0.0,
        "decode_gib_s": 0.0,
        "applicable": false,
        "reason": "dictionary entry longer than 4 bytes"
      },
      {
        "kernel": "onpair_shmem_s4l1_32tpt",
        "decode_ms": 0.0,
        "decode_gib_s": 0.0,
        "applicable": false,
        "reason": "dictionary entry longer than 4 bytes"
      },
      {
        "kernel": "onpair_shmem_const1",
        "decode_ms": 0.0,
        "decode_gib_s": 0.0,
        "applicable": false,
        "reason": "not every dictionary entry is exactly 1 byte"
      },
      {
        "kernel": "onpair_shmem_const2",
        "decode_ms": 0.0,
        "decode_gib_s": 0.0,
        "applicable": false,
        "reason": "not every dictionary entry is exactly 2 bytes"
      }
    ],
    "nvcomp_zstd_hw": {
      "supported": false,
      "error": "failed to prepare nvCOMP zstd hardware decode: Other error: nvcomp get_decompress_temp_size failed: nvcomp: invalid value",
      "iterations": 30,
      "backend": "hardware",
      "zstd_level": -10,
      "values_per_frame": 2048,
      "raw_bytes": 719788494,
      "compressed_bytes": 0,
      "frames": 0,
      "compression_ratio": 0.0,
      "decode_ms": 0.0,
      "decode_gib_s": 0.0,
      "compressed_gib_s": 0.0
    },
    "nvcomp_zstd": [
      {
        "supported": true,
        "iterations": 30,
        "backend": "default",
        "zstd_level": -10,
        "values_per_frame": 2048,
        "raw_bytes": 719788494,
        "compressed_bytes": 69355433,
        "frames": 29291,
        "compression_ratio": 10.378256797848843,
        "decode_ms": 10.608863830566406,
        "decode_gib_s": 63.188224876564156,
        "compressed_gib_s": 6.088520076865078,
        "decode_ms_iters": [
          10.641823768615723,
          10.608863830566406,
          10.657952308654785,
          10.69375991821289,
          10.691807746887207,
          10.681376457214355,
          10.662591934204102,
          10.69983959197998,
          10.668255805969238,
          10.70355224609375,
          10.662912368774414,
          10.674880027770996,
          10.641375541687012,
          10.64902400970459,
          10.660479545593262,
          10.668255805969238,
          10.686880111694336,
          10.666336059570312,
          10.666975975036621,
          10.660736083984375,
          10.677472114562988,
          10.616000175476074,
          10.661824226379395,
          10.67728042602539,
          10.669024467468262,
          10.670880317687988,
          10.662752151489258,
          10.849311828613281,
          10.65881633758545,
          10.653568267822266
        ]
      },
      {
        "supported": true,
        "iterations": 30,
        "backend": "default",
        "zstd_level": 1,
        "values_per_frame": 2048,
        "raw_bytes": 719788494,
        "compressed_bytes": 66765829,
        "frames": 29291,
        "compression_ratio": 10.780791683122814,
        "decode_ms": 10.74499225616455,
        "decode_gib_s": 62.387692557534024,
        "compressed_gib_s": 5.786930532680742,
        "decode_ms_iters": [
          10.78809642791748,
          10.806655883789062,
          10.825440406799316,
          10.791935920715332,
          10.818880081176758,
          10.830975532531738,
          10.819328308105469,
          10.912256240844727,
          10.794816017150879,
          10.77724838256836,
          10.806719779968262,
          10.80083179473877,
          10.80457592010498,
          10.764927864074707,
          10.769951820373535,
          10.77177619934082,
          10.764575958251953,
          10.759584426879883,
          10.839520454406738,
          10.76863956451416,
          10.952287673950195,
          10.77244758605957,
          10.899999618530273,
          10.74499225616455,
          10.774239540100098,
          10.749631881713867,
          10.75318431854248,
          10.76195240020752,
          10.762720108032227,
          10.766624450683594
        ]
      },
      {
        "supported": true,
        "iterations": 30,
        "backend": "default",
        "zstd_level": 3,
        "values_per_frame": 2048,
        "raw_bytes": 719788494,
        "compressed_bytes": 66773029,
        "frames": 29291,
        "compression_ratio": 10.779629212267725,
        "decode_ms": 10.716352462768555,
        "decode_gib_s": 62.55442565366057,
        "compressed_gib_s": 5.80302201697909,
        "decode_ms_iters": [
          10.73311996459961,
          10.753312110900879,
          10.756223678588867,
          10.934752464294434,
          10.745087623596191,
          10.778079986572266,
          10.744288444519043,
          10.769408226013184,
          10.7576322555542,
          10.827615737915039,
          10.732864379882812,
          10.764287948608398,
          10.730815887451172,
          10.7359037399292,
          10.730879783630371,
          10.766688346862793,
          10.757792472839355,
          10.739328384399414,
          10.783103942871094,
          10.75222396850586,
          10.717696189880371,
          10.776191711425781,
          10.720383644104004,
          10.75324821472168,
          10.76028823852539,
          10.734432220458984,
          10.787327766418457,
          10.716352462768555,
          10.779007911682129,
          10.721471786499023
        ]
      }
    ]
  }
}
==PROF== Disconnected from process 15689
==PROF== Report: /home/ubuntu/work/ncu_costsurface_tpch-sf10_l_shipinstruct_b12.ncu-rep
