==PROF== Connected to process 30390 (/home/ubuntu/work/target/release/onpair-chunk-bench)
2026-06-26T04:21:03.867555Z  INFO vortex_cuda: vortex-cuda/src/lib.rs:111: Registering CUDA kernels
==PROF== Profiling "onpair_u64" - 0 (1/16): 0%....50%....100% - 43 passes
==PROF== Profiling "onpair_u64" - 1 (2/16): 0%....50%....100% - 43 passes
==PROF== Profiling "onpair_u64" - 2 (3/16): 0%....50%....100% - 43 passes
==PROF== Profiling "onpair_u64" - 3 (4/16): 0%....50%....100% - 43 passes
==PROF== Profiling "onpair_u64" - 4 (5/16): 0%....50%....100% - 43 passes
==PROF== Profiling "onpair_u64" - 5 (6/16): 0%....50%....100% - 43 passes
==PROF== Profiling "onpair_u64" - 6 (7/16): 0%....50%....100% - 43 passes
==PROF== Profiling "onpair_u64" - 7 (8/16): 0%....50%....100% - 43 passes
==PROF== Profiling "onpair_u64" - 8 (9/16): 0%....50%....100% - 43 passes
==PROF== Profiling "onpair_u64" - 9 (10/16): 0%....50%....100% - 43 passes
==PROF== Profiling "onpair_u64" - 10 (11/16): 0%....50%....100% - 43 passes
==PROF== Profiling "onpair_u64" - 11 (12/16): 0%....50%....100% - 43 passes
==PROF== Profiling "onpair_u64" - 12 (13/16): 0%....50%....100% - 43 passes
==PROF== Profiling "onpair_u64" - 13 (14/16): 0%....50%....100% - 43 passes
==PROF== Profiling "onpair_u64" - 14 (15/16): 0%....50%....100% - 43 passes
==PROF== Profiling "onpair_u64" - 15 (16/16): 0%....50%....100% - 43 passes
{
  "files": [
    "/home/ubuntu/work/vortex-bench/data/onpair-bench/tpch-sf10/ps_comment/bits16_chunk1000mb_thr0.20/part_0000.vortex"
  ],
  "column": "ps_comment",
  "rows": 8000000,
  "in_memory_bytes": 170045744,
  "dict_bytes": 770765,
  "gpu": {
    "iterations": 30,
    "decoded_bytes": 987934065,
    "chunks": 1,
    "auto_kernel": "onpair_shmem_4tpt",
    "frac_le8": 0.15840328,
    "dict_mean_len": 11.872289,
    "dict_max_len": 16,
    "dict_entries_max": 64920,
    "small_dict": false,
    "distinct_codes": 64693,
    "access_top4096_frac": 0.5153078,
    "compressed_bytes": 156209153,
    "h2d_gib_s": 20.049171796781913,
    "whole_decompress_gib_s": 94.44049066615979,
    "best_kernel": "onpair_shmem_4tpt_ablate_nogather",
    "auto_decode_ms": 2.486272,
    "best_decode_ms": 1.977344,
    "validated": false,
    "auto_decode_gib_s": 370.0662264491317,
    "best_decode_gib_s": 465.3137223296177,
    "kernels": [
      {
        "kernel": "onpair",
        "decode_ms": 38.151167,
        "decode_gib_s": 24.116832309903796,
        "decode_ns_iters": [
          5114478588,
          5114367008,
          5114513397,
          5127997398,
          5136785030,
          5124346733,
          5111384392,
          5103669643,
          5116513252,
          5139173508,
          5135814667,
          5126798153,
          5146636009,
          5130966663,
          38361024,
          38227040,
          38266946,
          38360067,
          38303744,
          38269952,
          38151167,
          38243327,
          38256671,
          38311906,
          38207490,
          38238209,
          38347680,
          38299650,
          38333438,
          38283262
        ],
        "applicable": true
      },
      {
        "kernel": "onpair_shmem",
        "decode_ms": 2.084864,
        "decode_gib_s": 441.3166983391413,
        "decode_ns_iters": [
          2088960,
          2087936,
          2088960,
          2087008,
          2087936,
          2085888,
          2084864,
          2096128,
          2089984,
          2091008,
          2091008,
          2088960,
          2121728,
          2136064,
          2137056,
          2131968,
          2132992,
          2129920,
          2130944,
          2136064,
          2137088,
          2172928,
          2182144,
          2179072,
          2179072,
          2183168,
          2184192,
          2183168,
          2183168,
          2196480
        ],
        "applicable": true
      },
      {
        "kernel": "onpair_shmem_2tpt",
        "decode_ms": 2.185216,
        "decode_gib_s": 421.0500458380935,
        "decode_ns_iters": [
          2194368,
          2197504,
          2188288,
          2186240,
          2191360,
          2191360,
          2202624,
          2203648,
          2192288,
          2193408,
          2194432,
          2199552,
          2194432,
          2197472,
          2199552,
          2196480,
          2187264,
          2191200,
          2195456,
          2189312,
          2194432,
          2185216,
          2187264,
          2190464,
          2192384,
          2189312,
          2194432,
          2190336,
          2188320,
          2186240
        ],
        "applicable": true
      },
      {
        "kernel": "onpair_shmem_4tpt",
        "decode_ms": 2.486272,
        "decode_gib_s": 370.0662264491317,
        "decode_ns_iters": [
          2567168,
          2567168,
          2574336,
          2573312,
          2566208,
          2571264,
          2573376,
          2566208,
          2533376,
          2532352,
          2532288,
          2540480,
          2536448,
          2528256,
          2496512,
          2495488,
          2496512,
          2498560,
          2500544,
          2496512,
          2503680,
          2496512,
          2496544,
          2504704,
          2492384,
          2496544,
          2505728,
          2497440,
          2495488,
          2486272
        ],
        "applicable": true
      },
      {
        "kernel": "onpair_shmem_4tpt_wpb8",
        "decode_ms": 2.473984,
        "decode_gib_s": 371.90430373281936,
        "decode_ns_iters": [
          2473984,
          2479104,
          2479040,
          2478080,
          2476928,
          2478048,
          2479104,
          2477024,
          2476032,
          2494464,
          2477056,
          2477056,
          2474112,
          2477056,
          2477056,
          2487264,
          2478080,
          2478080,
          2486272,
          2477056,
          2478080,
          2496512,
          2495360,
          2494464,
          2497536,
          2496384,
          2494464,
          2490368,
          2492416,
          2508800
        ],
        "applicable": true
      },
      {
        "kernel": "onpair_shmem_4tpt_wpb8_occ",
        "decode_ms": 2.527136,
        "decode_gib_s": 364.0822246868136,
        "decode_ns_iters": [
          2544640,
          2551808,
          2553856,
          2531328,
          2531328,
          2531328,
          2527136,
          2527232,
          2531488,
          2530464,
          2550784,
          2549760,
          2545664,
          2548736,
          2549760,
          2548736,
          2551808,
          2535360,
          2532352,
          2532512,
          2532352,
          2530304,
          2546688,
          2533312,
          2531328,
          2532352,
          2538496,
          2532224,
          2532320,
          2531328
        ],
        "applicable": true
      },
      {
        "kernel": "onpair_shmem_4tpt_b128",
        "decode_ms": 2.545632,
        "decode_gib_s": 361.43688363680826,
        "decode_ns_iters": [
          2546688,
          2547712,
          2545632,
          2545664,
          2546688,
          2561024,
          2551808,
          2569216,
          2567168,
          2569216,
          2565120,
          2569216,
          2567168,
          2576224,
          2568192,
          2569216,
          2570240,
          2570272,
          2568352,
          2567168,
          2586464,
          2563072,
          2551808,
          2550944,
          2549760,
          2550784,
          2550784,
          2549760,
          2551808,
          2569408
        ],
        "applicable": true
      },
      {
        "kernel": "onpair_shmem_4tpt_o6",
        "decode_ms": 2.538528,
        "decode_gib_s": 362.4483547024636,
        "decode_ns_iters": [
          2558976,
          2557952,
          2558976,
          2557952,
          2560000,
          2538528,
          2539520,
          2539520,
          2540544,
          2541504,
          2541376,
          2565120,
          2558784,
          2560000,
          2560000,
          2560000,
          2558976,
          2557952,
          2553856,
          2548736,
          2540544,
          2540544,
          2541568,
          2540544,
          2539520,
          2542592,
          2552832,
          2558976,
          2557952,
          2558976
        ],
        "applicable": true
      },
      {
        "kernel": "onpair_shmem_4tpt_b512o3",
        "decode_ms": 2.486144,
        "decode_gib_s": 370.08527943921814,
        "decode_ns_iters": [
          2505664,
          2496512,
          2486144,
          2490368,
          2488320,
          2488320,
          2488320,
          2490176,
          2488320,
          2490368,
          2487296,
          2492416,
          2487360,
          2490432,
          2488320,
          2489344,
          2513920,
          2504704,
          2504704,
          2516992,
          2507776,
          2506752,
          2506752,
          2505728,
          2506752,
          2506752,
          2507648,
          2507776,
          2510848,
          2504704
        ],
        "applicable": true
      },
      {
        "kernel": "onpair_shmem_4tpt_b128o12",
        "decode_ms": 2.56512,
        "decode_gib_s": 358.69093725289093,
        "decode_ns_iters": [
          2584544,
          2586624,
          2584384,
          2581504,
          2584576,
          2582656,
          2585600,
          2586624,
          2584576,
          2583424,
          2584576,
          2585600,
          2585600,
          2579456,
          2575360,
          2566144,
          2566176,
          2565248,
          2568192,
          2567168,
          2568256,
          2603008,
          2585600,
          2585600,
          2584576,
          2585440,
          2584576,
          2585504,
          2575360,
          2565120
        ],
        "applicable": true
      },
      {
        "kernel": "onpair_shmem_4tpt_b64",
        "decode_ms": 2.544736,
        "decode_gib_s": 361.5641453440104,
        "decode_ns_iters": [
          2545536,
          2544736,
          2548736,
          2549760,
          2549760,
          2549760,
          2549760,
          2549760,
          2546496,
          2549632,
          2550720,
          2571232,
          2567168,
          2585792,
          2569088,
          2567232,
          2568192,
          2570240,
          2566144,
          2563072,
          2563072,
          2569216,
          2569216,
          2569184,
          2586624,
          2569216,
          2570240,
          2568192,
          2588672,
          2568192
        ],
        "applicable": true
      },
      {
        "kernel": "onpair_shmem_4tpt_b64o24",
        "decode_ms": 2.579456,
        "decode_gib_s": 356.6974187449352,
        "decode_ns_iters": [
          2583552,
          2584576,
          2583552,
          2584576,
          2584736,
          2582624,
          2584512,
          2579456,
          2586624,
          2625376,
          2623680,
          2623488,
          2622304,
          2622464,
          2622464,
          2623648,
          2618304,
          2623488,
          2622464,
          2640896,
          2622464,
          2622464,
          2625536,
          2621440,
          2636704,
          2624480,
          2623488,
          2621440,
          2622464,
          2630688
        ],
        "applicable": true
      },
      {
        "kernel": "onpair_shmem_4tpt_split8read_b128o12",
        "decode_ms": 3.31264,
        "decode_gib_s": 277.74986022209947,
        "decode_ns_iters": [
          3338240,
          3339136,
          3339264,
          3317696,
          3313664,
          3315680,
          3315712,
          3313664,
          3313504,
          3312640,
          3315712,
          3313664,
          3312640,
          3312640,
          3312640,
          3314592,
          3313504,
          3314688,
          3314688,
          3312640,
          3319744,
          3314720,
          3312640,
          3313504,
          3313504,
          3313664,
          3315712,
          3312640,
          3328000,
          3314688
        ],
        "applicable": true
      },
      {
        "kernel": "onpair_shmem_4tpt_split8read_occ",
        "decode_ms": 3.281856,
        "decode_gib_s": 280.3551700519875,
        "decode_ns_iters": [
          3283968,
          3294208,
          3286016,
          3286016,
          3284128,
          3287200,
          3284992,
          3287040,
          3283968,
          3287232,
          3306304,
          3284992,
          3284992,
          3288224,
          3284992,
          3286016,
          3283968,
          3288064,
          3284992,
          3286016,
          3283840,
          3286880,
          3287040,
          3304448,
          3284992,
          3281856,
          3296256,
          3286016,
          3284992,
          3287040
        ],
        "applicable": true
      },
      {
        "kernel": "onpair_shmem_4tpt_split8",
        "decode_ms": 2.521088,
        "decode_gib_s": 364.95564493033777,
        "decode_ns_iters": [
          2542592,
          2541472,
          2541696,
          2531328,
          2521088,
          2521984,
          2522112,
          2522112,
          2522112,
          2521088,
          2542592,
          2542592,
          2541408,
          2540544,
          2548736,
          2540480,
          2538496,
          2541568,
          2562048,
          2537472,
          2542592,
          2539520,
          2539488,
          2539520,
          2540512,
          2540544,
          2540544,
          2542592,
          2540640,
          2541568
        ],
        "applicable": true
      },
      {
        "kernel": "onpair_shmem_4tpt_split8_wpb8",
        "decode_ms": 2.49872,
        "decode_gib_s": 368.2226487826309,
        "decode_ns_iters": [
          2541632,
          2525184,
          2526368,
          2523136,
          2531328,
          2523328,
          2520064,
          2533248,
          2524160,
          2523136,
          2524160,
          2524160,
          2524160,
          2539520,
          2524160,
          2523136,
          2525184,
          2525184,
          2525184,
          2524224,
          2523136,
          2523136,
          2523136,
          2507776,
          2502656,
          2501632,
          2501632,
          2498720,
          2500640,
          2506752
        ],
        "applicable": true
      },
      {
        "kernel": "onpair_shmem_4tpt_split8_wpb8_occ",
        "decode_ms": 2.538496,
        "decode_gib_s": 362.4529236863621,
        "decode_ns_iters": [
          2578432,
          2585600,
          2572288,
          2576384,
          2577408,
          2573312,
          2562080,
          2557920,
          2557952,
          2556896,
          2560000,
          2557952,
          2558976,
          2558976,
          2538496,
          2540480,
          2541568,
          2539392,
          2542592,
          2540544,
          2540512,
          2539520,
          2540544,
          2538496,
          2541536,
          2540384,
          2539520,
          2540544,
          2558976,
          2555904
        ],
        "applicable": true
      },
      {
        "kernel": "onpair_shmem_4tpt_pdict",
        "decode_ms": 0.0,
        "decode_gib_s": 0.0,
        "applicable": false,
        "reason": "padded dict needs 1120288 B shared, over 102400 B cap"
      },
      {
        "kernel": "onpair_shmem_4tpt_vdict",
        "decode_ms": 0.0,
        "decode_gib_s": 0.0,
        "applicable": false,
        "reason": "packed dict needs 787424 B shared, over 102400 B cap"
      },
      {
        "kernel": "onpair_shmem_4tpt_split8read",
        "decode_ms": 3.081216,
        "decode_gib_s": 298.6110993082392,
        "decode_ns_iters": [
          3150848,
          3150848,
          3129344,
          3127296,
          3125248,
          3126144,
          3143680,
          3127296,
          3127296,
          3127296,
          3126272,
          3128320,
          3135488,
          3128320,
          3125344,
          3105792,
          3121152,
          3104768,
          3104768,
          3102720,
          3087360,
          3082240,
          3081216,
          3082240,
          3081216,
          3083264,
          3081216,
          3081216,
          3086336,
          3081216
        ],
        "applicable": true
      },
      {
        "kernel": "onpair_shmem_4tpt_ldcs",
        "decode_ms": 2.434912,
        "decode_gib_s": 377.87209433693516,
        "decode_ns_iters": [
          2453504,
          2453504,
          2436096,
          2434912,
          2436096,
          2435072,
          2439168,
          2438144,
          2443264,
          2493440,
          2486272,
          2490368,
          2489344,
          2490208,
          2490368,
          2492416,
          2490368,
          2486176,
          2491552,
          2490368,
          2506784,
          2489344,
          2490368,
          2509824,
          2489344,
          2489344,
          2486272,
          2485216,
          2491360,
          2490368
        ],
        "applicable": true
      },
      {
        "kernel": "onpair_shmem_4tpt_lenbucket",
        "decode_ms": 0.0,
        "decode_gib_s": 0.0,
        "applicable": false,
        "reason": "length-bucket dict not built (set ONPAIR_DICT_REORDER=lenbucket)"
      },
      {
        "kernel": "onpair_shmem_4tpt_lenbucket_b128",
        "decode_ms": 0.0,
        "decode_gib_s": 0.0,
        "applicable": false,
        "reason": "length-bucket dict not built (set ONPAIR_DICT_REORDER=lenbucket)"
      },
      {
        "kernel": "onpair_shmem_4tpt_regcache",
        "decode_ms": 2.578432,
        "decode_gib_s": 356.8390777674709,
        "decode_ns_iters": [
          2599936,
          2603008,
          2594688,
          2601984,
          2597888,
          2600960,
          2589696,
          2580480,
          2581472,
          2581504,
          2581504,
          2582400,
          2583552,
          2585728,
          2599936,
          2600960,
          2599936,
          2599936,
          2601984,
          2616192,
          2597888,
          2581504,
          2583424,
          2600960,
          2579392,
          2578432,
          2580480,
          2597888,
          2580480,
          2583552
        ],
        "applicable": true
      },
      {
        "kernel": "onpair_shmem_4tpt_split4read",
        "decode_ms": 3.342336,
        "decode_gib_s": 275.282107174783,
        "decode_ns_iters": [
          3367936,
          3366912,
          3367936,
          3369984,
          3364704,
          3371008,
          3385344,
          3359744,
          3344384,
          3344384,
          3344256,
          3343264,
          3343360,
          3345408,
          3342400,
          3346432,
          3345216,
          3343360,
          3342336,
          3367008,
          3367072,
          3367936,
          3367936,
          3369984,
          3369120,
          3367936,
          3368960,
          3368960,
          3369888,
          3367936
        ],
        "applicable": true
      },
      {
        "kernel": "onpair_shmem_4tpt_split4read_b128o12",
        "decode_ms": 3.519488,
        "decode_gib_s": 261.42589404087624,
        "decode_ns_iters": [
          3519488,
          3525632,
          3540992,
          3523584,
          3523584,
          3524608,
          3533824,
          3523584,
          3524608,
          3523680,
          3524576,
          3531904,
          3539968,
          3524448,
          3523584,
          3523648,
          3523584,
          3525632,
          3523584,
          3526656,
          3551264,
          3550208,
          3550272,
          3551232,
          3551232,
          3550208,
          3550080,
          3550208,
          3552256,
          3553184
        ],
        "applicable": true
      },
      {
        "kernel": "onpair_shmem_4tpt_cluster_dsmem",
        "decode_ms": 0.0,
        "decode_gib_s": 0.0,
        "applicable": false,
        "reason": "thread-block clusters require sm_90+ (device cc 8.x)"
      },
      {
        "kernel": "onpair_shmem_8tpt",
        "decode_ms": 2.511872,
        "decode_gib_s": 366.2946587111666,
        "decode_ns_iters": [
          2513920,
          2513920,
          2513824,
          2511872,
          2512896,
          2512896,
          2512896,
          2512896,
          2513920,
          2513920,
          2511872,
          2513920,
          2512896,
          2518112,
          2528256,
          2526208,
          2525184,
          2526208,
          2533376,
          2549760,
          2532352,
          2530336,
          2530304,
          2531232,
          2531328,
          2530464,
          2531328,
          2534400,
          2535424,
          2548736
        ],
        "applicable": true
      },
      {
        "kernel": "onpair_shmem_8tpt_b128",
        "decode_ms": 2.548736,
        "decode_gib_s": 360.99670462775885,
        "decode_ns_iters": [
          2554880,
          2548736,
          2554816,
          2552832,
          2552832,
          2554848,
          2570240,
          2552960,
          2560000,
          2552704,
          2554848,
          2556928,
          2554880,
          2553856,
          2562048,
          2552832,
          2553856,
          2570240,
          2553856,
          2553856,
          2552832,
          2554880,
          2552832,
          2552832,
          2554880,
          2553856,
          2555904,
          2554880,
          2553856,
          2553856
        ],
        "applicable": true
      },
      {
        "kernel": "onpair_shmem_4tpt_vwidth",
        "decode_ms": 7.196672,
        "decode_gib_s": 127.84871909767952,
        "decode_ns_iters": [
          7430144,
          7379968,
          7335936,
          7363584,
          7295936,
          7308288,
          7296000,
          7250944,
          7267328,
          7261184,
          7244800,
          7261184,
          7250944,
          7281664,
          7290880,
          7238656,
          7295968,
          7272416,
          7263104,
          7267328,
          7262208,
          7249920,
          7236608,
          7247872,
          7262208,
          7215104,
          7224224,
          7247872,
          7244832,
          7196672
        ],
        "applicable": true
      },
      {
        "kernel": "onpair_shmem_4tpt_vwidth_b128",
        "decode_ms": 8.821633,
        "decode_gib_s": 104.29875023888836,
        "decode_ns_iters": [
          8821633,
          8897536,
          8890368,
          8897408,
          8909824,
          8893440,
          8891392,
          8893440,
          8908800,
          8909824,
          8956928,
          8961216,
          8887296,
          8918016,
          8895488,
          8894464,
          8890368,
          8899616,
          8921089,
          8962047,
          8943615,
          8890208,
          8891392,
          8891392,
          8889345,
          8889375,
          8897536,
          8937664,
          8960128,
          8934400
        ],
        "applicable": true
      },
      {
        "kernel": "onpair_shmem_4tpt_vwidth4",
        "decode_ms": 2.802656,
        "decode_gib_s": 328.2904847994672,
        "decode_ns_iters": [
          2803648,
          2804672,
          2802656,
          2828288,
          2844672,
          2844672,
          2844672,
          2843840,
          2842624,
          2845696,
          2882560,
          2885632,
          2884608,
          2884608,
          2887680,
          2884608,
          2911168,
          2928512,
          2928512,
          2926592,
          2929664,
          2929664,
          2925568,
          2904896,
          2906112,
          2910208,
          2908160,
          2905184,
          2905184,
          2922336
        ],
        "applicable": true
      },
      {
        "kernel": "onpair_shmem_4tpt_vwidth4_b128",
        "decode_ms": 3.001344,
        "decode_gib_s": 306.5577611117338,
        "decode_ns_iters": [
          3049472,
          3048384,
          3051360,
          3048448,
          3052544,
          3049472,
          3066880,
          3049472,
          3052480,
          3048448,
          3055616,
          3054592,
          3049472,
          3048448,
          3049472,
          3055680,
          3002272,
          3001472,
          3001344,
          3002368,
          3011584,
          3001344,
          3043328,
          3048448,
          3048448,
          3048448,
          3049472,
          3049472,
          3064832,
          3072992
        ],
        "applicable": true
      },
      {
        "kernel": "onpair_shmem_4tpt_shdict8",
        "decode_ms": 0.0,
        "decode_gib_s": 0.0,
        "applicable": false,
        "reason": "dict_s8 + staging needs 600928 B shared, over 229376 B cap"
      },
      {
        "kernel": "onpair_shmem_4tpt_ablate",
        "decode_ms": 2.62144,
        "decode_gib_s": 350.9846866478483,
        "decode_ns_iters": [
          2683904,
          2702336,
          2682880,
          2647040,
          2641792,
          2641920,
          2642912,
          2662400,
          2640896,
          2643040,
          2630656,
          2625504,
          2622464,
          2623488,
          2621440,
          2623488,
          2624320,
          2643968,
          2622368,
          2622464,
          2623488,
          2623648,
          2638848,
          2624384,
          2623488,
          2624512,
          2622464,
          2621440,
          2628608,
          2623392
        ],
        "applicable": true
      },
      {
        "kernel": "onpair_shmem_4tpt_ablate_nogather",
        "decode_ms": 1.977344,
        "decode_gib_s": 465.3137223296177,
        "decode_ns_iters": [
          1999872,
          1995776,
          1985536,
          1985536,
          1985536,
          1984512,
          2001920,
          1982432,
          1990656,
          1985536,
          1985536,
          1981440,
          1982336,
          1995776,
          1988448,
          1984512,
          1979392,
          1990656,
          1981472,
          1990656,
          1992704,
          1983488,
          1979392,
          1987584,
          1984608,
          1978368,
          1982464,
          1977344,
          1990816,
          1979392
        ],
        "applicable": true
      },
      {
        "kernel": "onpair_shmem_4tpt_ablate_noemit",
        "decode_ms": 1.995808,
        "decode_gib_s": 461.0089231860658,
        "decode_ns_iters": [
          1999872,
          2003968,
          2003968,
          2003904,
          1998848,
          2002944,
          2005088,
          2001824,
          2004992,
          2006016,
          2001824,
          2022400,
          1998848,
          1998848,
          2002944,
          2001920,
          1995808,
          2019328,
          2002912,
          1999872,
          2002944,
          2002944,
          2013184,
          2014208,
          2000896,
          1996992,
          2002944,
          2006016,
          2000896,
          2004000
        ],
        "applicable": true
      },
      {
        "kernel": "onpair_shmem_4tpt_ablate_nodrain",
        "decode_ms": 2.229248,
        "decode_gib_s": 412.7334854471712,
        "decode_ns_iters": [
          2233344,
          2234176,
          2234432,
          2235392,
          2252800,
          2233344,
          2232320,
          2237280,
          2233344,
          2234560,
          2235360,
          2233344,
          2234432,
          2237440,
          2234528,
          2234368,
          2233504,
          2235392,
          2235360,
          2233504,
          2233280,
          2234368,
          2233344,
          2230400,
          2243584,
          2229312,
          2236416,
          2234368,
          2229248,
          2231232
        ],
        "applicable": true
      },
      {
        "kernel": "onpair_shmem_4tpt_ablate_noscan",
        "decode_ms": 2.245632,
        "decode_gib_s": 409.722206027584,
        "decode_ns_iters": [
          2252800,
          2266112,
          2249728,
          2250752,
          2250560,
          2252800,
          2251776,
          2250752,
          2250816,
          2250752,
          2250752,
          2248704,
          2250752,
          2269024,
          2251648,
          2256896,
          2252928,
          2251776,
          2250560,
          2251616,
          2250752,
          2250752,
          2250752,
          2250752,
          2248704,
          2268000,
          2251776,
          2246656,
          2245632,
          2250752
        ],
        "applicable": true
      },
      {
        "kernel": "onpair_shmem_4tpt_ablate_cfree",
        "decode_ms": 2.523136,
        "decode_gib_s": 364.6594146990632,
        "decode_ns_iters": [
          2527232,
          2527232,
          2527232,
          2544480,
          2523136,
          2525184,
          2524160,
          2526208,
          2526208,
          2569184,
          2581504,
          2581504,
          2581504,
          2582496,
          2581376,
          2581504,
          2583552,
          2581472,
          2580480,
          2580480,
          2581344,
          2582528,
          2579456,
          2585600,
          2599776,
          2599936,
          2599936,
          2600032,
          2598912,
          2598912
        ],
        "applicable": true
      },
      {
        "kernel": "onpair_shmem_s8",
        "decode_ms": 0.0,
        "decode_gib_s": 0.0,
        "applicable": false,
        "reason": "dictionary entry longer than 8 bytes"
      },
      {
        "kernel": "onpair_shmem_s8_2tpt",
        "decode_ms": 0.0,
        "decode_gib_s": 0.0,
        "applicable": false,
        "reason": "dictionary entry longer than 8 bytes"
      },
      {
        "kernel": "onpair_shmem_s8_4tpt",
        "decode_ms": 0.0,
        "decode_gib_s": 0.0,
        "applicable": false,
        "reason": "dictionary entry longer than 8 bytes"
      },
      {
        "kernel": "onpair_shmem_s8_8tpt",
        "decode_ms": 0.0,
        "decode_gib_s": 0.0,
        "applicable": false,
        "reason": "dictionary entry longer than 8 bytes"
      },
      {
        "kernel": "onpair_shmem_s4l1",
        "decode_ms": 0.0,
        "decode_gib_s": 0.0,
        "applicable": false,
        "reason": "dictionary entry longer than 4 bytes"
      },
      {
        "kernel": "onpair_shmem_s4l1_2tpt",
        "decode_ms": 0.0,
        "decode_gib_s": 0.0,
        "applicable": false,
        "reason": "dictionary entry longer than 4 bytes"
      },
      {
        "kernel": "onpair_shmem_s4l1_4tpt",
        "decode_ms": 0.0,
        "decode_gib_s": 0.0,
        "applicable": false,
        "reason": "dictionary entry longer than 4 bytes"
      },
      {
        "kernel": "onpair_shmem_s4l1_8tpt",
        "decode_ms": 0.0,
        "decode_gib_s": 0.0,
        "applicable": false,
        "reason": "dictionary entry longer than 4 bytes"
      },
      {
        "kernel": "onpair_shmem_s4l1_16tpt",
        "decode_ms": 0.0,
        "decode_gib_s": 0.0,
        "applicable": false,
        "reason": "dictionary entry longer than 4 bytes"
      },
      {
        "kernel": "onpair_shmem_s4l1_32tpt",
        "decode_ms": 0.0,
        "decode_gib_s": 0.0,
        "applicable": false,
        "reason": "dictionary entry longer than 4 bytes"
      },
      {
        "kernel": "onpair_shmem_const1",
        "decode_ms": 0.0,
        "decode_gib_s": 0.0,
        "applicable": false,
        "reason": "not every dictionary entry is exactly 1 byte"
      },
      {
        "kernel": "onpair_shmem_const2",
        "decode_ms": 0.0,
        "decode_gib_s": 0.0,
        "applicable": false,
        "reason": "not every dictionary entry is exactly 2 bytes"
      }
    ],
    "nvcomp_zstd_hw": {
      "supported": false,
      "error": "failed to prepare nvCOMP zstd hardware decode: Other error: nvcomp get_decompress_temp_size failed: nvcomp: invalid value",
      "iterations": 30,
      "backend": "hardware",
      "zstd_level": -10,
      "values_per_frame": 2048,
      "raw_bytes": 987934065,
      "compressed_bytes": 0,
      "frames": 0,
      "compression_ratio": 0.0,
      "decode_ms": 0.0,
      "decode_gib_s": 0.0,
      "compressed_gib_s": 0.0
    },
    "nvcomp_zstd": [
      {
        "supported": true,
        "iterations": 30,
        "backend": "default",
        "zstd_level": -10,
        "values_per_frame": 2048,
        "raw_bytes": 987934065,
        "compressed_bytes": 307442005,
        "frames": 3907,
        "compression_ratio": 3.2133997597367996,
        "decode_ms": 16.42291259765625,
        "decode_gib_s": 56.024489657056506,
        "compressed_gib_s": 17.43464674362374,
        "decode_ms_iters": [
          16.484352111816406,
          16.489343643188477,
          16.474111557006836,
          16.48214340209961,
          16.493568420410156,
          16.541696548461914,
          16.42291259765625,
          16.482303619384766,
          16.478208541870117,
          16.457727432250977,
          16.488447189331055,
          16.478208541870117,
          16.497663497924805,
          16.468992233276367,
          16.452608108520508,
          16.478015899658203,
          16.522239685058594,
          16.481279373168945,
          16.4401912689209,
          16.463903427124023,
          16.540767669677734,
          16.482303619384766,
          16.487424850463867,
          16.46905517578125,
          16.57548713684082,
          16.474111557006836,
          16.45465660095215,
          16.42585563659668,
          16.459775924682617,
          16.516096115112305
        ]
      },
      {
        "supported": true,
        "iterations": 30,
        "backend": "default",
        "zstd_level": 1,
        "values_per_frame": 2048,
        "raw_bytes": 987934065,
        "compressed_bytes": 252616707,
        "frames": 3907,
        "compression_ratio": 3.910802562239084,
        "decode_ms": 16.87139129638672,
        "decode_gib_s": 54.5352354647353,
        "compressed_gib_s": 13.94476826605938,
        "decode_ms_iters": [
          16.894975662231445,
          16.960512161254883,
          17.02092742919922,
          16.883712768554688,
          16.91744041442871,
          16.927743911743164,
          16.938016891479492,
          16.927743911743164,
          16.96566390991211,
          16.936128616333008,
          16.957279205322266,
          16.952320098876953,
          16.99839973449707,
          16.975872039794922,
          16.886783599853516,
          16.909311294555664,
          16.874496459960938,
          17.01888084411621,
          17.01785659790039,
          17.03932762145996,
          16.919551849365234,
          16.87139129638672,
          17.01273536682129,
          16.907264709472656,
          17.03219223022461,
          16.955392837524414,
          16.99635124206543,
          16.942079544067383,
          17.00044822692871,
          16.958463668823242
        ]
      },
      {
        "supported": true,
        "iterations": 30,
        "backend": "default",
        "zstd_level": 3,
        "values_per_frame": 2048,
        "raw_bytes": 987934065,
        "compressed_bytes": 237244314,
        "frames": 3907,
        "compression_ratio": 4.164205448565566,
        "decode_ms": 16.52012825012207,
        "decode_gib_s": 55.694803516996714,
        "compressed_gib_s": 13.374653149301693,
        "decode_ms_iters": [
          16.62259292602539,
          16.64512062072754,
          16.55072021484375,
          16.521215438842773,
          16.664575576782227,
          16.628768920898438,
          16.5795841217041,
          16.562175750732422,
          16.668672561645508,
          16.57334327697754,
          16.622655868530273,
          16.580608367919922,
          16.670719146728516,
          16.61747169494629,
          16.643999099731445,
          16.52012825012207,
          16.665599822998047,
          16.553983688354492,
          16.5611515045166,
          16.59702491760254,
          16.590848922729492,
          16.580608367919922,
          16.57651138305664,
          16.68387222290039,
          16.60620880126953,
          16.523263931274414,
          16.705535888671875,
          16.566272735595703,
          16.61849594116211,
          16.63692855834961
        ]
      }
    ]
  }
}
==PROF== Disconnected from process 30390
==PROF== Report: /home/ubuntu/work/ncu_costsurface_tpch-sf10_ps_comment_b16.ncu-rep
