==PROF== Connected to process 32190 (/home/ubuntu/work/target/release/onpair-chunk-bench)
2026-06-26T04:26:38.204496Z  INFO vortex_cuda: vortex-cuda/src/lib.rs:111: Registering CUDA kernels
==PROF== Profiling "onpair_u64" - 0 (1/16): 0%
==WARNING== Launching the workload is taking more time than expected. If this continues to hang, terminate the profile and re-try by profiling the range of all related launches using '--replay-mode range'. See https://docs.nvidia.com/nsight-compute/ProfilingGuide/index.html#replay for more details.
....50%....100% - 43 passes
==PROF== Profiling "onpair_u64" - 1 (2/16): 0%....50%....100% - 43 passes
==PROF== Profiling "onpair_u64" - 2 (3/16): 0%....50%....100% - 43 passes
==PROF== Profiling "onpair_u64" - 3 (4/16): 0%....50%....100% - 43 passes
==PROF== Profiling "onpair_u64" - 4 (5/16): 0%....50%....100% - 43 passes
==PROF== Profiling "onpair_u64" - 5 (6/16): 0%....50%....100% - 43 passes
==PROF== Profiling "onpair_u64" - 6 (7/16): 0%....50%....100% - 43 passes
==PROF== Profiling "onpair_u64" - 7 (8/16): 0%....50%....100% - 43 passes
==PROF== Profiling "onpair_u64" - 8 (9/16): 0%....50%....100% - 43 passes
==PROF== Profiling "onpair_u64" - 9 (10/16): 0%....50%....100% - 43 passes
==PROF== Profiling "onpair_u64" - 10 (11/16): 0%....50%....100% - 43 passes
==PROF== Profiling "onpair_u64" - 11 (12/16): 0%....50%....100% - 43 passes
==PROF== Profiling "onpair_u64" - 12 (13/16): 0%....50%....100% - 43 passes
==PROF== Profiling "onpair_u64" - 13 (14/16): 0%....50%....100% - 43 passes
==PROF== Profiling "onpair_u64" - 14 (15/16): 0%....50%....100% - 43 passes
==PROF== Profiling "onpair_u64" - 15 (16/16): 0%....50%....100% - 43 passes
{
  "files": [
    "/home/ubuntu/work/vortex-bench/data/onpair-bench/clickbench/URL/bits12_chunk1000mb_thr0.20/part_0000.vortex"
  ],
  "column": "URL",
  "rows": 12254692,
  "in_memory_bytes": 345935091,
  "dict_bytes": 21550,
  "gpu": {
    "iterations": 30,
    "decoded_bytes": 999999995,
    "chunks": 1,
    "auto_kernel": "onpair_shmem_4tpt",
    "frac_le8": 0.81321293,
    "dict_mean_len": 5.257324,
    "dict_max_len": 16,
    "dict_entries_max": 4096,
    "small_dict": true,
    "distinct_codes": 4016,
    "access_top4096_frac": 1.0,
    "compressed_bytes": 426414370,
    "h2d_gib_s": 20.16297246734012,
    "whole_decompress_gib_s": 41.20703165946707,
    "best_kernel": "onpair_shmem_4tpt_split4read",
    "auto_decode_ms": 2.905088,
    "best_decode_ms": 2.240512,
    "validated": false,
    "auto_decode_gib_s": 320.58325598359346,
    "best_decode_gib_s": 415.67399324746566,
    "kernels": [
      {
        "kernel": "onpair",
        "decode_ms": 65.769471,
        "decode_gib_s": 14.160408405274625,
        "decode_ns_iters": [
          9907921791,
          9876691818,
          9918096542,
          9843203545,
          9889399529,
          9956548691,
          9874382973,
          9901235580,
          9822830200,
          9902684212,
          9964134216,
          9880952835,
          9939043999,
          9969714165,
          66403329,
          65897509,
          65935366,
          66795520,
          66178046,
          66212870,
          66194437,
          65946497,
          66198528,
          65876991,
          65886207,
          66188283,
          65769471,
          65901563,
          66488318,
          66114560
        ],
        "applicable": true
      },
      {
        "kernel": "onpair_shmem",
        "decode_ms": 2.537472,
        "decode_gib_s": 367.02772285127304,
        "decode_ns_iters": [
          2542592,
          2539520,
          2539520,
          2539456,
          2539360,
          2538496,
          2555904,
          2540448,
          2539520,
          2543616,
          2537472,
          2539520,
          2543616,
          2556928,
          2539520,
          2539456,
          2542592,
          2540544,
          2541568,
          2540544,
          2555904,
          2538496,
          2538496,
          2541568,
          2541568,
          2537472,
          2561024,
          2587776,
          2571264,
          2569216
        ],
        "applicable": true
      },
      {
        "kernel": "onpair_shmem_2tpt",
        "decode_ms": 2.375872,
        "decode_gib_s": 391.99189601075545,
        "decode_ns_iters": [
          2400256,
          2406400,
          2393088,
          2379776,
          2417664,
          2385920,
          2396128,
          2385920,
          2377728,
          2381888,
          2387968,
          2385824,
          2376608,
          2383872,
          2394112,
          2390112,
          2391040,
          2397024,
          2380928,
          2385952,
          2379872,
          2385920,
          2387968,
          2375872,
          2398208,
          2383872,
          2387968,
          2400256,
          2382720,
          2391040
        ],
        "applicable": true
      },
      {
        "kernel": "onpair_shmem_4tpt",
        "decode_ms": 2.905088,
        "decode_gib_s": 320.58325598359346,
        "decode_ns_iters": [
          2987008,
          2989056,
          2980768,
          2980864,
          2980896,
          2982784,
          2999232,
          2980800,
          2964480,
          2944000,
          2942976,
          2944000,
          2941952,
          2942976,
          2961408,
          2943904,
          2939904,
          2941952,
          2941952,
          2943040,
          2943008,
          2932736,
          2925568,
          2941024,
          2926592,
          2923520,
          2933760,
          2919424,
          2909184,
          2905088
        ],
        "applicable": true
      },
      {
        "kernel": "onpair_shmem_4tpt_wpb8",
        "decode_ms": 2.98496,
        "decode_gib_s": 312.0050419298301,
        "decode_ns_iters": [
          3005248,
          3003360,
          3004416,
          3001344,
          3003392,
          3002336,
          3005504,
          3002368,
          2998272,
          2988032,
          2984960,
          2989920,
          2984960,
          2984960,
          2988032,
          2993152,
          3002368,
          3003392,
          3002368,
          3001344,
          3007488,
          3005440,
          3010560,
          3003392,
          3003392,
          3005440,
          3004256,
          3003392,
          3003392,
          3003392
        ],
        "applicable": true
      },
      {
        "kernel": "onpair_shmem_4tpt_wpb8_occ",
        "decode_ms": 2.996224,
        "decode_gib_s": 310.8320906443796,
        "decode_ns_iters": [
          3013632,
          3004416,
          2996224,
          2998272,
          3017728,
          2997248,
          2998112,
          2997344,
          3015584,
          3017536,
          3031040,
          3014720,
          3015680,
          3013632,
          3015648,
          3016704,
          3015680,
          3016832,
          3013440,
          3013664,
          3015680,
          3015680,
          3015616,
          3013792,
          3015680,
          3016576,
          3030080,
          3016704,
          3013632,
          3015680
        ],
        "applicable": true
      },
      {
        "kernel": "onpair_shmem_4tpt_b128",
        "decode_ms": 3.13344,
        "decode_gib_s": 297.2204892893643,
        "decode_ns_iters": [
          3143744,
          3133440,
          3134400,
          3134464,
          3138560,
          3135488,
          3134432,
          3133440,
          3136512,
          3134464,
          3133440,
          3136512,
          3134464,
          3155968,
          3159040,
          3154944,
          3152896,
          3155968,
          3158016,
          3158016,
          3156896,
          3153920,
          3158016,
          3156896,
          3150848,
          3136512,
          3151712,
          3134464,
          3134464,
          3135488
        ],
        "applicable": true
      },
      {
        "kernel": "onpair_shmem_4tpt_o6",
        "decode_ms": 3.127264,
        "decode_gib_s": 297.80746683326566,
        "decode_ns_iters": [
          3149824,
          3149824,
          3169184,
          3149632,
          3145664,
          3129344,
          3129216,
          3127264,
          3129344,
          3127296,
          3129184,
          3139584,
          3168256,
          3147744,
          3151872,
          3165184,
          3150720,
          3148800,
          3152704,
          3149824,
          3147776,
          3148800,
          3149824,
          3148800,
          3150848,
          3149824,
          3149824,
          3162144,
          3147776,
          3130368
        ],
        "applicable": true
      },
      {
        "kernel": "onpair_shmem_4tpt_b512o3",
        "decode_ms": 2.944,
        "decode_gib_s": 316.34598164363643,
        "decode_ns_iters": [
          2947072,
          2949120,
          2946048,
          2949120,
          2944000,
          2950144,
          2946048,
          2947072,
          2945024,
          2947136,
          2950016,
          2949120,
          2949248,
          2957408,
          2944000,
          2946048,
          2946048,
          2947072,
          2947072,
          2947072,
          2948096,
          2947072,
          2976768,
          2966528,
          2966528,
          2965504,
          2961408,
          2967552,
          2974528,
          2963456
        ],
        "applicable": true
      },
      {
        "kernel": "onpair_shmem_4tpt_b128o12",
        "decode_ms": 3.24608,
        "decode_gib_s": 286.9068445506166,
        "decode_ns_iters": [
          3269632,
          3269632,
          3256320,
          3246080,
          3249152,
          3248128,
          3262432,
          3246080,
          3247264,
          3247104,
          3252224,
          3247104,
          3249152,
          3246176,
          3265344,
          3270656,
          3266560,
          3269632,
          3267584,
          3268640,
          3340288,
          3336192,
          3334144,
          3338240,
          3340288,
          3339296,
          3334144,
          3339264,
          3354624,
          3338240
        ],
        "applicable": true
      },
      {
        "kernel": "onpair_shmem_4tpt_b64",
        "decode_ms": 3.259392,
        "decode_gib_s": 285.7350603912833,
        "decode_ns_iters": [
          3259392,
          3264512,
          3262464,
          3261440,
          3265408,
          3264512,
          3263488,
          3263488,
          3264512,
          3263488,
          3261440,
          3263488,
          3264512,
          3265376,
          3263456,
          3270656,
          3265536,
          3264512,
          3265536,
          3263488,
          3282880,
          3265376,
          3263520,
          3264512,
          3262464,
          3261440,
          3262464,
          3268608,
          3266592,
          3264512
        ],
        "applicable": true
      },
      {
        "kernel": "onpair_shmem_4tpt_b64o24",
        "decode_ms": 3.395584,
        "decode_gib_s": 274.2746372815002,
        "decode_ns_iters": [
          3445760,
          3448832,
          3420160,
          3420288,
          3418112,
          3421184,
          3422208,
          3403776,
          3407872,
          3396576,
          3395648,
          3397600,
          3398656,
          3423232,
          3423232,
          3420160,
          3424256,
          3424224,
          3412864,
          3397632,
          3396608,
          3396608,
          3424256,
          3398592,
          3397568,
          3399680,
          3395584,
          3400704,
          3399680,
          3414912
        ],
        "applicable": true
      },
      {
        "kernel": "onpair_shmem_4tpt_split8read_b128o12",
        "decode_ms": 2.711552,
        "decode_gib_s": 343.46476481323816,
        "decode_ns_iters": [
          2712576,
          2713440,
          2713600,
          2711552,
          2736128,
          2768704,
          2765920,
          2769920,
          2769888,
          2766848,
          2764704,
          2802624,
          2824192,
          2822144,
          2825216,
          2826240,
          2827264,
          2830272,
          2829312,
          2827424,
          2828288,
          2827264,
          2826240,
          2828288,
          2830336,
          2830336,
          2830272,
          2830336,
          2829312,
          2830336
        ],
        "applicable": true
      },
      {
        "kernel": "onpair_shmem_4tpt_split8read_occ",
        "decode_ms": 2.65728,
        "decode_gib_s": 350.4796521100018,
        "decode_ns_iters": [
          2679808,
          2679680,
          2679808,
          2681856,
          2677920,
          2676640,
          2692928,
          2677632,
          2676736,
          2674688,
          2672640,
          2676736,
          2677792,
          2675712,
          2676544,
          2672640,
          2673664,
          2671616,
          2672640,
          2667520,
          2664448,
          2661344,
          2660320,
          2657280,
          2679808,
          2661376,
          2676736,
          2658240,
          2659264,
          2661344
        ],
        "applicable": true
      },
      {
        "kernel": "onpair_shmem_4tpt_split8",
        "decode_ms": 3.027968,
        "decode_gib_s": 307.57345188551056,
        "decode_ns_iters": [
          3154944,
          3152896,
          3132416,
          3109024,
          3111936,
          3119104,
          3118080,
          3106816,
          3068928,
          3072000,
          3073024,
          3070976,
          3069952,
          3066880,
          3028992,
          3031040,
          3029088,
          3032896,
          3029952,
          3027968,
          3044224,
          3048448,
          3047424,
          3049472,
          3050496,
          3050400,
          3045376,
          3047424,
          3046528,
          3063808
        ],
        "applicable": true
      },
      {
        "kernel": "onpair_shmem_4tpt_split8_wpb8",
        "decode_ms": 3.072,
        "decode_gib_s": 303.1648990751516,
        "decode_ns_iters": [
          3100672,
          3092480,
          3092480,
          3102720,
          3092608,
          3093376,
          3085440,
          3075072,
          3072000,
          3075072,
          3073024,
          3075072,
          3074240,
          3072000,
          3073024,
          3073152,
          3077024,
          3072000,
          3076096,
          3092480,
          3091264,
          3092448,
          3089376,
          3090432,
          3088576,
          3092480,
          3089408,
          3091456,
          3090432,
          3094528
        ],
        "applicable": true
      },
      {
        "kernel": "onpair_shmem_4tpt_split8_wpb8_occ",
        "decode_ms": 3.044352,
        "decode_gib_s": 305.91816253799357,
        "decode_ns_iters": [
          3045408,
          3044352,
          3045376,
          3046400,
          3044352,
          3096576,
          3085312,
          3083392,
          3081216,
          3093504,
          3082240,
          3058752,
          3046400,
          3045376,
          3046400,
          3044480,
          3044352,
          3058688,
          3098624,
          3084288,
          3083264,
          3083264,
          3100672,
          3085120,
          3085152,
          3087360,
          3102720,
          3083264,
          3084320,
          3085312
        ],
        "applicable": true
      },
      {
        "kernel": "onpair_shmem_4tpt_pdict",
        "decode_ms": 3.068064,
        "decode_gib_s": 303.553827416529,
        "decode_ns_iters": [
          3093504,
          3102720,
          3106816,
          3082240,
          3081216,
          3073952,
          3106656,
          3074048,
          3077120,
          3081216,
          3079168,
          3086336,
          3088384,
          3098464,
          3082240,
          3077120,
          3074048,
          3089472,
          3074048,
          3075936,
          3078144,
          3080160,
          3092480,
          3100672,
          3072928,
          3086336,
          3083200,
          3068064,
          3070976,
          3081152
        ],
        "applicable": true
      },
      {
        "kernel": "onpair_shmem_4tpt_vdict",
        "decode_ms": 2.69824,
        "decode_gib_s": 345.15927788442303,
        "decode_ns_iters": [
          2724864,
          2707456,
          2708480,
          2705376,
          2717696,
          2713696,
          2698240,
          2710528,
          2714624,
          2738176,
          2717664,
          2707456,
          2704384,
          2719744,
          2727936,
          2710464,
          2716672,
          2735104,
          2721856,
          2717696,
          2716672,
          2737152,
          2745344,
          2728960,
          2725888,
          2738144,
          2731008,
          2740224,
          2732064,
          2743296
        ],
        "applicable": true
      },
      {
        "kernel": "onpair_shmem_4tpt_split8read",
        "decode_ms": 2.47808,
        "decode_gib_s": 375.82425505184085,
        "decode_ns_iters": [
          2480128,
          2483296,
          2482176,
          2483200,
          2478080,
          2499584,
          2481024,
          2478080,
          2486272,
          2480128,
          2483072,
          2486272,
          2486272,
          2498368,
          2515968,
          2518016,
          2516992,
          2519040,
          2520992,
          2518016,
          2536576,
          2516992,
          2516992,
          2512832,
          2515968,
          2516928,
          2514880,
          2520064,
          2518016,
          2518016
        ],
        "applicable": true
      },
      {
        "kernel": "onpair_shmem_4tpt_ldcs",
        "decode_ms": 2.907136,
        "decode_gib_s": 320.35741360530284,
        "decode_ns_iters": [
          3026944,
          3047424,
          3022848,
          2989056,
          2988128,
          2990016,
          2987168,
          2992128,
          2989056,
          2950144,
          2947072,
          2949120,
          2947072,
          2962432,
          2949120,
          2935808,
          2927616,
          2927584,
          2927616,
          2926592,
          2925632,
          2938848,
          2910208,
          2907136,
          2909184,
          2909280,
          2910208,
          2908160,
          2921312,
          2933760
        ],
        "applicable": true
      },
      {
        "kernel": "onpair_shmem_4tpt_lenbucket",
        "decode_ms": 0.0,
        "decode_gib_s": 0.0,
        "applicable": false,
        "reason": "length-bucket dict not built (set ONPAIR_DICT_REORDER=lenbucket)"
      },
      {
        "kernel": "onpair_shmem_4tpt_lenbucket_b128",
        "decode_ms": 0.0,
        "decode_gib_s": 0.0,
        "applicable": false,
        "reason": "length-bucket dict not built (set ONPAIR_DICT_REORDER=lenbucket)"
      },
      {
        "kernel": "onpair_shmem_4tpt_regcache",
        "decode_ms": 3.073024,
        "decode_gib_s": 303.06387778255737,
        "decode_ns_iters": [
          3134464,
          3116032,
          3102624,
          3094624,
          3098624,
          3094432,
          3095552,
          3102816,
          3083264,
          3075008,
          3075072,
          3089408,
          3080192,
          3074048,
          3074048,
          3073024,
          3075072,
          3074976,
          3089408,
          3075072,
          3083072,
          3093504,
          3094528,
          3095552,
          3094528,
          3096576,
          3094528,
          3097600,
          3095552,
          3096576
        ],
        "applicable": true
      },
      {
        "kernel": "onpair_shmem_4tpt_split4read",
        "decode_ms": 2.240512,
        "decode_gib_s": 415.67399324746566,
        "decode_ns_iters": [
          2248704,
          2243488,
          2250912,
          2244608,
          2243584,
          2245632,
          2240512,
          2247616,
          2266112,
          2245632,
          2260992,
          2256896,
          2257920,
          2260992,
          2259872,
          2262016,
          2260992,
          2259968,
          2271232,
          2290688,
          2269184,
          2272256,
          2267136,
          2271232,
          2270016,
          2272256,
          2278400,
          2276288,
          2272224,
          2274304
        ],
        "applicable": true
      },
      {
        "kernel": "onpair_shmem_4tpt_split4read_b128o12",
        "decode_ms": 2.768896,
        "decode_gib_s": 336.3515892105972,
        "decode_ns_iters": [
          2774016,
          2777056,
          2776064,
          2778112,
          2779136,
          2778240,
          2781184,
          2779136,
          2772832,
          2776064,
          2777088,
          2787328,
          2794496,
          2768896,
          2776064,
          2781184,
          2775040,
          2784256,
          2777056,
          2776064,
          2770944,
          2771968,
          2777088,
          2772992,
          2774016,
          2778112,
          2776064,
          2779136,
          2778112,
          2776960
        ],
        "applicable": true
      },
      {
        "kernel": "onpair_shmem_4tpt_cluster_dsmem",
        "decode_ms": 0.0,
        "decode_gib_s": 0.0,
        "applicable": false,
        "reason": "thread-block clusters require sm_90+ (device cc 8.x)"
      },
      {
        "kernel": "onpair_shmem_8tpt",
        "decode_ms": 3.048448,
        "decode_gib_s": 305.50712033102275,
        "decode_ns_iters": [
          3188736,
          3204096,
          3159040,
          3138560,
          3139584,
          3139584,
          3141632,
          3142688,
          3123200,
          3114848,
          3135456,
          3113984,
          3115008,
          3116896,
          3068768,
          3052544,
          3052544,
          3051712,
          3052544,
          3052544,
          3052544,
          3052544,
          3049408,
          3049472,
          3050496,
          3061760,
          3048448,
          3050496,
          3048448,
          3050496
        ],
        "applicable": true
      },
      {
        "kernel": "onpair_shmem_8tpt_b128",
        "decode_ms": 3.081216,
        "decode_gib_s": 302.2581247010484,
        "decode_ns_iters": [
          3110912,
          3087168,
          3084288,
          3085312,
          3083264,
          3081216,
          3081216,
          3082240,
          3085152,
          3082240,
          3083264,
          3081216,
          3086336,
          3105792,
          3108864,
          3103744,
          3103744,
          3104608,
          3104768,
          3105792,
          3103744,
          3104768,
          3103744,
          3104832,
          3102720,
          3128320,
          3126272,
          3126272,
          3126272,
          3127296
        ],
        "applicable": true
      },
      {
        "kernel": "onpair_shmem_4tpt_vwidth",
        "decode_ms": 8.337311,
        "decode_gib_s": 111.7053891787011,
        "decode_ns_iters": [
          8576000,
          8467328,
          8462336,
          8407040,
          8400896,
          8352768,
          8347647,
          8400896,
          8481792,
          8466432,
          8467456,
          8491008,
          8417120,
          8400896,
          8373248,
          8347647,
          8357984,
          8339455,
          8342432,
          8342559,
          8341504,
          8342529,
          8339455,
          8341504,
          8340480,
          8337311,
          8342529,
          8353792,
          8342624,
          8345600
        ],
        "applicable": true
      },
      {
        "kernel": "onpair_shmem_4tpt_vwidth_b128",
        "decode_ms": 13.620224,
        "decode_gib_s": 68.3779187448654,
        "decode_ns_iters": [
          13621248,
          13677568,
          13721599,
          13723648,
          13720607,
          13721599,
          13722464,
          13721599,
          13725760,
          13620224,
          13719552,
          13669376,
          13623295,
          13620224,
          13623295,
          13622272,
          13625344,
          13703168,
          13702144,
          13624320,
          13627392,
          13627392,
          13627296,
          13635520,
          13679808,
          13708288,
          13626336,
          13755392,
          13829120,
          13829088
        ],
        "applicable": true
      },
      {
        "kernel": "onpair_shmem_4tpt_vwidth4",
        "decode_ms": 3.15584,
        "decode_gib_s": 295.11083260205385,
        "decode_ns_iters": [
          3155840,
          3161024,
          3156992,
          3167040,
          3200000,
          3256320,
          3274752,
          3256320,
          3256320,
          3257344,
          3304416,
          3321856,
          3321824,
          3320800,
          3322816,
          3320928,
          3323904,
          3323904,
          3321856,
          3321856,
          3320832,
          3323904,
          3343392,
          3339264,
          3342304,
          3342336,
          3357696,
          3331232,
          3323904,
          3323744
        ],
        "applicable": true
      },
      {
        "kernel": "onpair_shmem_4tpt_vwidth4_b128",
        "decode_ms": 3.549184,
        "decode_gib_s": 262.40470202696326,
        "decode_ns_iters": [
          3576832,
          3577856,
          3577952,
          3577856,
          3578880,
          3576832,
          3554304,
          3554496,
          3553280,
          3554304,
          3549184,
          3551232,
          3552256,
          3552256,
          3551168,
          3553088,
          3556352,
          3577856,
          3577856,
          3577728,
          3588096,
          3576832,
          3570848,
          3550208,
          3552256,
          3554304,
          3554272,
          3552256,
          3552256,
          3553280
        ],
        "applicable": true
      },
      {
        "kernel": "onpair_shmem_4tpt_shdict8",
        "decode_ms": 4.073472,
        "decode_gib_s": 228.6311456072033,
        "decode_ns_iters": [
          4188160,
          4194304,
          4205568,
          4201472,
          4174848,
          4132864,
          4127584,
          4123648,
          4126720,
          4113408,
          4105280,
          4116480,
          4100096,
          4104192,
          4100096,
          4084736,
          4083712,
          4090848,
          4100096,
          4094880,
          4075392,
          4077568,
          4089856,
          4098048,
          4088704,
          4073472,
          4091904,
          4088736,
          4082752,
          4101120
        ],
        "applicable": true
      },
      {
        "kernel": "onpair_shmem_4tpt_ablate",
        "decode_ms": 3.202208,
        "decode_gib_s": 290.83762515079144,
        "decode_ns_iters": [
          3206144,
          3202208,
          3207168,
          3206144,
          3204096,
          3206144,
          3206144,
          3205120,
          3204096,
          3203072,
          3204128,
          3205120,
          3205120,
          3223424,
          3222688,
          3225600,
          3223392,
          3224704,
          3226720,
          3262432,
          3245056,
          3247936,
          3244896,
          3243008,
          3244064,
          3245056,
          3266560,
          3244128,
          3247072,
          3246080
        ],
        "applicable": true
      },
      {
        "kernel": "onpair_shmem_4tpt_ablate_nogather",
        "decode_ms": 2.312192,
        "decode_gib_s": 402.7877312778807,
        "decode_ns_iters": [
          2313216,
          2316288,
          2324480,
          2321312,
          2322432,
          2319264,
          2326528,
          2330624,
          2314240,
          2313216,
          2319360,
          2325504,
          2321408,
          2316288,
          2328544,
          2331648,
          2331648,
          2319328,
          2326528,
          2327552,
          2315264,
          2325504,
          2322432,
          2313088,
          2335744,
          2320192,
          2320384,
          2312192,
          2328576,
          2320384
        ],
        "applicable": true
      },
      {
        "kernel": "onpair_shmem_4tpt_ablate_noemit",
        "decode_ms": 2.331648,
        "decode_gib_s": 399.426744499541,
        "decode_ns_iters": [
          2331648,
          2339808,
          2335744,
          2362368,
          2346880,
          2350080,
          2345984,
          2362368,
          2351104,
          2353280,
          2342912,
          2347008,
          2341888,
          2342912,
          2333696,
          2341888,
          2335744,
          2350144,
          2346880,
          2340864,
          2342976,
          2337792,
          2345984,
          2345984,
          2345984,
          2345856,
          2340864,
          2339840,
          2357248,
          2340864
        ],
        "applicable": true
      },
      {
        "kernel": "onpair_shmem_4tpt_ablate_nodrain",
        "decode_ms": 3.080192,
        "decode_gib_s": 302.3586094499517,
        "decode_ns_iters": [
          3084288,
          3084288,
          3084288,
          3081216,
          3081216,
          3081216,
          3083200,
          3084096,
          3080192,
          3080384,
          3083232,
          3082144,
          3083264,
          3081216,
          3134464,
          3084288,
          3082240,
          3081216,
          3084288,
          3081216,
          3083168,
          3081216,
          3083392,
          3084288,
          3085312,
          3082240,
          3083264,
          3083264,
          3085312,
          3081216
        ],
        "applicable": true
      },
      {
        "kernel": "onpair_shmem_4tpt_ablate_noscan",
        "decode_ms": 3.451904,
        "decode_gib_s": 269.7996728642702,
        "decode_ns_iters": [
          3453952,
          3454976,
          3475520,
          3460096,
          3456000,
          3460096,
          3452928,
          3458048,
          3456000,
          3455168,
          3461120,
          3453952,
          3451904,
          3457024,
          3460096,
          3459072,
          3458112,
          3460096,
          3478528,
          3455936,
          3457024,
          3456000,
          3458048,
          3456000,
          3459200,
          3456000,
          3477504,
          3458048,
          3459008,
          3455968
        ],
        "applicable": true
      },
      {
        "kernel": "onpair_shmem_4tpt_ablate_cfree",
        "decode_ms": 3.272704,
        "decode_gib_s": 284.5728088940722,
        "decode_ns_iters": [
          3272704,
          3277824,
          3275776,
          3277792,
          3275776,
          3276800,
          3274688,
          3293120,
          3277824,
          3312640,
          3320928,
          3324928,
          3321856,
          3317760,
          3323904,
          3323904,
          3320832,
          3334144,
          3322880,
          3324928,
          3323008,
          3319712,
          3317952,
          3320704,
          3324928,
          3325952,
          3320832,
          3321856,
          3324928,
          3323904
        ],
        "applicable": true
      },
      {
        "kernel": "onpair_shmem_s8",
        "decode_ms": 0.0,
        "decode_gib_s": 0.0,
        "applicable": false,
        "reason": "dictionary entry longer than 8 bytes"
      },
      {
        "kernel": "onpair_shmem_s8_2tpt",
        "decode_ms": 0.0,
        "decode_gib_s": 0.0,
        "applicable": false,
        "reason": "dictionary entry longer than 8 bytes"
      },
      {
        "kernel": "onpair_shmem_s8_4tpt",
        "decode_ms": 0.0,
        "decode_gib_s": 0.0,
        "applicable": false,
        "reason": "dictionary entry longer than 8 bytes"
      },
      {
        "kernel": "onpair_shmem_s8_8tpt",
        "decode_ms": 0.0,
        "decode_gib_s": 0.0,
        "applicable": false,
        "reason": "dictionary entry longer than 8 bytes"
      },
      {
        "kernel": "onpair_shmem_s4l1",
        "decode_ms": 0.0,
        "decode_gib_s": 0.0,
        "applicable": false,
        "reason": "dictionary entry longer than 4 bytes"
      },
      {
        "kernel": "onpair_shmem_s4l1_2tpt",
        "decode_ms": 0.0,
        "decode_gib_s": 0.0,
        "applicable": false,
        "reason": "dictionary entry longer than 4 bytes"
      },
      {
        "kernel": "onpair_shmem_s4l1_4tpt",
        "decode_ms": 0.0,
        "decode_gib_s": 0.0,
        "applicable": false,
        "reason": "dictionary entry longer than 4 bytes"
      },
      {
        "kernel": "onpair_shmem_s4l1_8tpt",
        "decode_ms": 0.0,
        "decode_gib_s": 0.0,
        "applicable": false,
        "reason": "dictionary entry longer than 4 bytes"
      },
      {
        "kernel": "onpair_shmem_s4l1_16tpt",
        "decode_ms": 0.0,
        "decode_gib_s": 0.0,
        "applicable": false,
        "reason": "dictionary entry longer than 4 bytes"
      },
      {
        "kernel": "onpair_shmem_s4l1_32tpt",
        "decode_ms": 0.0,
        "decode_gib_s": 0.0,
        "applicable": false,
        "reason": "dictionary entry longer than 4 bytes"
      },
      {
        "kernel": "onpair_shmem_const1",
        "decode_ms": 0.0,
        "decode_gib_s": 0.0,
        "applicable": false,
        "reason": "not every dictionary entry is exactly 1 byte"
      },
      {
        "kernel": "onpair_shmem_const2",
        "decode_ms": 0.0,
        "decode_gib_s": 0.0,
        "applicable": false,
        "reason": "not every dictionary entry is exactly 2 bytes"
      }
    ],
    "nvcomp_zstd_hw": {
      "supported": false,
      "error": "failed to prepare nvCOMP zstd hardware decode: Other error: nvcomp get_decompress_temp_size failed: nvcomp: invalid value",
      "iterations": 30,
      "backend": "hardware",
      "zstd_level": -10,
      "values_per_frame": 2048,
      "raw_bytes": 999999995,
      "compressed_bytes": 0,
      "frames": 0,
      "compression_ratio": 0.0,
      "decode_ms": 0.0,
      "decode_gib_s": 0.0,
      "compressed_gib_s": 0.0
    },
    "nvcomp_zstd": [
      {
        "supported": true,
        "iterations": 30,
        "backend": "default",
        "zstd_level": -10,
        "values_per_frame": 2048,
        "raw_bytes": 999999995,
        "compressed_bytes": 294379818,
        "frames": 5984,
        "compression_ratio": 3.396971986034722,
        "decode_ms": 8.698880195617676,
        "decode_gib_s": 107.06235159188049,
        "compressed_gib_s": 31.516995733854763,
        "decode_ms_iters": [
          8.704863548278809,
          8.753151893615723,
          8.729599952697754,
          8.738816261291504,
          8.723648071289062,
          8.754176139831543,
          8.741888046264648,
          8.701855659484863,
          8.738816261291504,
          8.757247924804688,
          8.760319709777832,
          8.698880195617676,
          8.757247924804688,
          8.770560264587402,
          8.771583557128906,
          8.75216007232666,
          8.71116828918457,
          8.778752326965332,
          8.70297622680664,
          8.707008361816406,
          8.72755241394043,
          8.769536018371582,
          8.717215538024902,
          8.783743858337402,
          8.839136123657227,
          8.707072257995605,
          8.72655963897705,
          8.712191581726074,
          8.752127647399902,
          8.771583557128906
        ]
      },
      {
        "supported": true,
        "iterations": 30,
        "backend": "default",
        "zstd_level": 1,
        "values_per_frame": 2048,
        "raw_bytes": 999999995,
        "compressed_bytes": 185068056,
        "frames": 5984,
        "compression_ratio": 5.403417621677509,
        "decode_ms": 9.990143775939941,
        "decode_gib_s": 93.22414079783756,
        "compressed_gib_s": 17.25281059599014,
        "decode_ms_iters": [
          10.007360458374023,
          10.03929615020752,
          10.036319732666016,
          10.014911651611328,
          10.003456115722656,
          10.017824172973633,
          10.060799598693848,
          10.003456115722656,
          10.02086353302002,
          10.012672424316406,
          10.046463966369629,
          10.02291202545166,
          10.042559623718262,
          10.000384330749512,
          10.0381441116333,
          10.034048080444336,
          10.01471996307373,
          10.027008056640625,
          10.0382719039917,
          10.042271614074707,
          10.000384330749512,
          10.046463966369629,
          10.043392181396484,
          10.002431869506836,
          10.001407623291016,
          10.041343688964844,
          10.0065279006958,
          10.007552146911621,
          10.036128044128418,
          9.990143775939941
        ]
      },
      {
        "supported": true,
        "iterations": 30,
        "backend": "default",
        "zstd_level": 3,
        "values_per_frame": 2048,
        "raw_bytes": 999999995,
        "compressed_bytes": 177366210,
        "frames": 5984,
        "compression_ratio": 5.638052450914974,
        "decode_ms": 10.805248260498047,
        "decode_gib_s": 86.191686438488,
        "compressed_gib_s": 15.287492833540481,
        "decode_ms_iters": [
          10.864480018615723,
          10.853376388549805,
          10.877951622009277,
          10.936320304870605,
          10.829824447631836,
          10.892288208007812,
          10.843135833740234,
          10.89139175415039,
          10.854399681091309,
          10.902527809143066,
          10.811519622802734,
          10.869759559631348,
          10.842111587524414,
          10.818655967712402,
          10.828800201416016,
          10.83903980255127,
          10.905599594116211,
          10.821632385253906,
          10.860544204711914,
          10.82585620880127,
          10.902463912963867,
          10.920960426330566,
          10.9486083984375,
          10.82367992401123,
          10.901503562927246,
          10.83084774017334,
          10.840991973876953,
          10.878975868225098,
          10.841055870056152,
          10.805248260498047
        ]
      }
    ]
  }
}
==PROF== Disconnected from process 32190
==PROF== Report: /home/ubuntu/work/ncu_costsurface_clickbench_URL_b12.ncu-rep
