==PROF== Connected to process 33858 (/home/ubuntu/work/target/release/onpair-chunk-bench)
2026-06-26T04:31:28.895541Z  INFO vortex_cuda: vortex-cuda/src/lib.rs:111: Registering CUDA kernels
==PROF== Profiling "onpair_u64" - 0 (1/16): 0%....50%....100% - 43 passes
==PROF== Profiling "onpair_u64" - 1 (2/16): 0%....50%....100% - 43 passes
==PROF== Profiling "onpair_u64" - 2 (3/16): 0%....50%....100% - 43 passes
==PROF== Profiling "onpair_u64" - 3 (4/16): 0%....50%....100% - 43 passes
==PROF== Profiling "onpair_u64" - 4 (5/16): 0%....50%....100% - 43 passes
==PROF== Profiling "onpair_u64" - 5 (6/16): 0%....50%....100% - 43 passes
==PROF== Profiling "onpair_u64" - 6 (7/16): 0%....50%....100% - 43 passes
==PROF== Profiling "onpair_u64" - 7 (8/16): 0%....50%....100% - 43 passes
==PROF== Profiling "onpair_u64" - 8 (9/16): 0%....50%....100% - 43 passes
==PROF== Profiling "onpair_u64" - 9 (10/16): 0%....50%....100% - 43 passes
==PROF== Profiling "onpair_u64" - 10 (11/16): 0%....50%....100% - 43 passes
==PROF== Profiling "onpair_u64" - 11 (12/16): 0%....50%....100% - 43 passes
==PROF== Profiling "onpair_u64" - 12 (13/16): 0%....50%....100% - 43 passes
==PROF== Profiling "onpair_u64" - 13 (14/16): 0%....50%....100% - 43 passes
==PROF== Profiling "onpair_u64" - 14 (15/16): 0%....50%....100% - 43 passes
==PROF== Profiling "onpair_u64" - 15 (16/16): 0%....50%....100% - 43 passes
{
  "files": [
    "/home/ubuntu/work/vortex-bench/data/onpair-bench/clickbench/URL/bits16_chunk1000mb_thr0.20/part_0000.vortex"
  ],
  "column": "URL",
  "rows": 12254692,
  "in_memory_bytes": 258848865,
  "dict_bytes": 489014,
  "gpu": {
    "iterations": 30,
    "decoded_bytes": 999999995,
    "chunks": 1,
    "auto_kernel": "onpair_shmem_4tpt",
    "frac_le8": 0.50996596,
    "dict_mean_len": 7.4615173,
    "dict_max_len": 16,
    "dict_entries_max": 65536,
    "small_dict": false,
    "distinct_codes": 64432,
    "access_top4096_frac": 0.5372126,
    "compressed_bytes": 234250302,
    "h2d_gib_s": 20.07550235832949,
    "whole_decompress_gib_s": 70.99100615361247,
    "best_kernel": "onpair_shmem_4tpt_ablate_nodrain",
    "auto_decode_ms": 2.251776,
    "best_decode_ms": 1.7152,
    "validated": false,
    "auto_decode_gib_s": 413.5946781379967,
    "best_decode_gib_s": 542.9819087913162,
    "kernels": [
      {
        "kernel": "onpair",
        "decode_ms": 38.160384,
        "decode_gib_s": 24.405482134531603,
        "decode_ns_iters": [
          6371860504,
          6409029007,
          6390547276,
          6387261391,
          6387570858,
          6443459511,
          6416546822,
          6395309925,
          6447763443,
          6441451550,
          6419086456,
          6396693230,
          6422066212,
          6371663570,
          38265858,
          38464513,
          38704127,
          38391713,
          38777854,
          38636543,
          38411167,
          38314849,
          38574081,
          38323201,
          38512576,
          38298622,
          38160384,
          38263809,
          38333438,
          38952962
        ],
        "applicable": true
      },
      {
        "kernel": "onpair_shmem",
        "decode_ms": 2.484096,
        "decode_gib_s": 374.91408140380474,
        "decode_ns_iters": [
          2514944,
          2509984,
          2511872,
          2510848,
          2508896,
          2522112,
          2509824,
          2533376,
          2502656,
          2532256,
          2526208,
          2512896,
          2543616,
          2516992,
          2501632,
          2505728,
          2509824,
          2525088,
          2519040,
          2493312,
          2500608,
          2529280,
          2484096,
          2514944,
          2497536,
          2497664,
          2494464,
          2506752,
          2503520,
          2499584
        ],
        "applicable": true
      },
      {
        "kernel": "onpair_shmem_2tpt",
        "decode_ms": 2.224128,
        "decode_gib_s": 418.736048446342,
        "decode_ns_iters": [
          2230272,
          2233344,
          2228224,
          2229184,
          2232320,
          2234368,
          2234496,
          2233344,
          2240512,
          2224128,
          2231136,
          2227072,
          2235392,
          2228224,
          2245632,
          2253856,
          2232320,
          2233344,
          2234368,
          2235296,
          2251936,
          2239360,
          2233408,
          2236416,
          2238304,
          2255776,
          2235392,
          2231456,
          2229248,
          2237440
        ],
        "applicable": true
      },
      {
        "kernel": "onpair_shmem_4tpt",
        "decode_ms": 2.251776,
        "decode_gib_s": 413.5946781379967,
        "decode_ns_iters": [
          2275328,
          2271232,
          2272256,
          2273280,
          2269184,
          2263040,
          2280480,
          2279424,
          2270208,
          2274304,
          2277248,
          2270208,
          2269184,
          2281472,
          2267136,
          2258944,
          2255872,
          2256896,
          2263040,
          2251776,
          2257920,
          2251776,
          2269184,
          2270208,
          2266208,
          2272096,
          2275328,
          2284544,
          2274304,
          2267136
        ],
        "applicable": true
      },
      {
        "kernel": "onpair_shmem_4tpt_wpb8",
        "decode_ms": 2.210816,
        "decode_gib_s": 421.2573863943746,
        "decode_ns_iters": [
          2214912,
          2217024,
          2220032,
          2215936,
          2216960,
          2221952,
          2210816,
          2222080,
          2218880,
          2215936,
          2215936,
          2215808,
          2233344,
          2216864,
          2216096,
          2220064,
          2211904,
          2211840,
          2213888,
          2217984,
          2215936,
          2217984,
          2215936,
          2219008,
          2221920,
          2219008,
          2216960,
          2213888,
          2230144,
          2215936
        ],
        "applicable": true
      },
      {
        "kernel": "onpair_shmem_4tpt_wpb8_occ",
        "decode_ms": 2.254848,
        "decode_gib_s": 413.0311976500703,
        "decode_ns_iters": [
          2258880,
          2254848,
          2263040,
          2258944,
          2257952,
          2263040,
          2257920,
          2281472,
          2254848,
          2267136,
          2261056,
          2258944,
          2262016,
          2259840,
          2261024,
          2260992,
          2281472,
          2272256,
          2269184,
          2275328,
          2272416,
          2296800,
          2275328,
          2274304,
          2273280,
          2263040,
          2260992,
          2256896,
          2278400,
          2257984
        ],
        "applicable": true
      },
      {
        "kernel": "onpair_shmem_4tpt_b128",
        "decode_ms": 2.26304,
        "decode_gib_s": 411.53606209296595,
        "decode_ns_iters": [
          2275328,
          2278400,
          2273280,
          2278560,
          2275328,
          2278368,
          2276352,
          2275328,
          2277376,
          2271232,
          2270208,
          2278400,
          2271232,
          2271232,
          2273280,
          2271232,
          2270208,
          2273280,
          2277376,
          2270016,
          2272192,
          2263040,
          2265952,
          2264064,
          2270208,
          2297856,
          2284416,
          2285664,
          2283520,
          2283520
        ],
        "applicable": true
      },
      {
        "kernel": "onpair_shmem_4tpt_o6",
        "decode_ms": 2.320256,
        "decode_gib_s": 401.38785115041856,
        "decode_ns_iters": [
          2334720,
          2334720,
          2337952,
          2329600,
          2334720,
          2334720,
          2327552,
          2327552,
          2335744,
          2321408,
          2324480,
          2329536,
          2324480,
          2320256,
          2321408,
          2324480,
          2322432,
          2330496,
          2332672,
          2322272,
          2323456,
          2328576,
          2330624,
          2326368,
          2324480,
          2334720,
          2322432,
          2351008,
          2322432,
          2338816
        ],
        "applicable": true
      },
      {
        "kernel": "onpair_shmem_4tpt_b512o3",
        "decode_ms": 2.273344,
        "decode_gib_s": 409.6707625237825,
        "decode_ns_iters": [
          2274304,
          2284544,
          2278400,
          2273344,
          2279424,
          2291840,
          2277376,
          2279264,
          2278400,
          2288640,
          2275328,
          2279424,
          2286592,
          2282496,
          2296736,
          2277376,
          2279424,
          2285696,
          2291712,
          2288640,
          2290688,
          2288640,
          2284544,
          2306048,
          2290688,
          2289664,
          2282496,
          2290688,
          2277376,
          2288640
        ],
        "applicable": true
      },
      {
        "kernel": "onpair_shmem_4tpt_b128o12",
        "decode_ms": 2.337792,
        "decode_gib_s": 398.3770027268746,
        "decode_ns_iters": [
          2361344,
          2355136,
          2338816,
          2344864,
          2339968,
          2342912,
          2340864,
          2337792,
          2342880,
          2345984,
          2358272,
          2351200,
          2347072,
          2340864,
          2347008,
          2350080,
          2355200,
          2352160,
          2361344,
          2357248,
          2357248,
          2358272,
          2358272,
          2357248,
          2359232,
          2360320,
          2362368,
          2356224,
          2358272,
          2354240
        ],
        "applicable": true
      },
      {
        "kernel": "onpair_shmem_4tpt_b64",
        "decode_ms": 2.27344,
        "decode_gib_s": 409.6534634557612,
        "decode_ns_iters": [
          2278400,
          2279424,
          2277344,
          2278528,
          2289664,
          2280512,
          2281312,
          2283520,
          2279424,
          2278336,
          2281504,
          2279424,
          2277376,
          2288640,
          2273440,
          2282496,
          2279520,
          2277376,
          2292736,
          2290688,
          2290688,
          2283520,
          2304000,
          2284544,
          2287616,
          2291712,
          2286592,
          2295808,
          2292736,
          2294784
        ],
        "applicable": true
      },
      {
        "kernel": "onpair_shmem_4tpt_b64o24",
        "decode_ms": 2.394144,
        "decode_gib_s": 389.00023138076307,
        "decode_ns_iters": [
          2419712,
          2411520,
          2420864,
          2412544,
          2411456,
          2413568,
          2416640,
          2408448,
          2413568,
          2403328,
          2397024,
          2395136,
          2395136,
          2396160,
          2396160,
          2401280,
          2394144,
          2409472,
          2406528,
          2430976,
          2415488,
          2414592,
          2406400,
          2406400,
          2408448,
          2418688,
          2429952,
          2427904,
          2419776,
          2418688
        ],
        "applicable": true
      },
      {
        "kernel": "onpair_shmem_4tpt_split8read_b128o12",
        "decode_ms": 2.599936,
        "decode_gib_s": 358.2098059178632,
        "decode_ns_iters": [
          2601984,
          2601984,
          2601984,
          2599936,
          2600960,
          2601984,
          2615296,
          2615296,
          2640896,
          2644992,
          2639872,
          2657280,
          2637824,
          2638848,
          2638848,
          2640896,
          2643968,
          2640896,
          2647040,
          2642880,
          2640896,
          2635776,
          2621440,
          2619392,
          2620416,
          2620384,
          2620416,
          2621440,
          2620416,
          2641888
        ],
        "applicable": true
      },
      {
        "kernel": "onpair_shmem_4tpt_split8read_occ",
        "decode_ms": 2.499584,
        "decode_gib_s": 372.59102713046076,
        "decode_ns_iters": [
          2521088,
          2524160,
          2515968,
          2516992,
          2516864,
          2499584,
          2505728,
          2504704,
          2506752,
          2501632,
          2499584,
          2506752,
          2509824,
          2510848,
          2508800,
          2521088,
          2516992,
          2511872,
          2515040,
          2539456,
          2499584,
          2502656,
          2521088,
          2508800,
          2500608,
          2508800,
          2516992,
          2519040,
          2516992,
          2513920
        ],
        "applicable": true
      },
      {
        "kernel": "onpair_shmem_4tpt_split8",
        "decode_ms": 2.270208,
        "decode_gib_s": 410.2366699257803,
        "decode_ns_iters": [
          2290688,
          2291712,
          2300928,
          2276352,
          2270208,
          2272256,
          2277504,
          2292736,
          2273120,
          2277376,
          2284544,
          2292736,
          2288640,
          2291712,
          2288640,
          2288640,
          2309120,
          2291712,
          2288640,
          2302976,
          2293760,
          2301952,
          2293664,
          2291776,
          2302976,
          2298688,
          2300928,
          2311168,
          2311168,
          2323456
        ],
        "applicable": true
      },
      {
        "kernel": "onpair_shmem_4tpt_split8_wpb8",
        "decode_ms": 2.230144,
        "decode_gib_s": 417.60647292680005,
        "decode_ns_iters": [
          2279424,
          2281472,
          2291712,
          2267136,
          2266112,
          2264064,
          2259968,
          2266112,
          2265088,
          2263040,
          2262016,
          2249728,
          2248544,
          2245472,
          2245632,
          2238464,
          2242560,
          2248704,
          2247584,
          2250752,
          2243584,
          2249728,
          2249728,
          2247680,
          2242560,
          2244544,
          2247680,
          2247680,
          2235392,
          2230144
        ],
        "applicable": true
      },
      {
        "kernel": "onpair_shmem_4tpt_split8_wpb8_occ",
        "decode_ms": 2.244608,
        "decode_gib_s": 414.9154640627075,
        "decode_ns_iters": [
          2255872,
          2256896,
          2254848,
          2251776,
          2251776,
          2246656,
          2249728,
          2244608,
          2249536,
          2250752,
          2250752,
          2244608,
          2276352,
          2283520,
          2272256,
          2274304,
          2269184,
          2269184,
          2270208,
          2273184,
          2275200,
          2248704,
          2256896,
          2256896,
          2255872,
          2257760,
          2257056,
          2274304,
          2256896,
          2258944
        ],
        "applicable": true
      },
      {
        "kernel": "onpair_shmem_4tpt_pdict",
        "decode_ms": 0.0,
        "decode_gib_s": 0.0,
        "applicable": false,
        "reason": "padded dict needs 1130752 B shared, over 102400 B cap"
      },
      {
        "kernel": "onpair_shmem_4tpt_vdict",
        "decode_ms": 0.0,
        "decode_gib_s": 0.0,
        "applicable": false,
        "reason": "packed dict needs 505680 B shared, over 102400 B cap"
      },
      {
        "kernel": "onpair_shmem_4tpt_split8read",
        "decode_ms": 2.41664,
        "decode_gib_s": 385.3791089938367,
        "decode_ns_iters": [
          2434048,
          2430976,
          2429952,
          2430976,
          2445312,
          2443264,
          2441152,
          2439008,
          2441248,
          2442240,
          2443264,
          2439168,
          2446336,
          2452480,
          2442208,
          2465728,
          2439168,
          2441216,
          2442240,
          2436096,
          2423808,
          2424832,
          2420736,
          2417664,
          2420800,
          2431968,
          2416640,
          2437120,
          2435072,
          2433024
        ],
        "applicable": true
      },
      {
        "kernel": "onpair_shmem_4tpt_ldcs",
        "decode_ms": 2.245632,
        "decode_gib_s": 414.72626412469435,
        "decode_ns_iters": [
          2262016,
          2277376,
          2268160,
          2250720,
          2258912,
          2269152,
          2248704,
          2257920,
          2264064,
          2254816,
          2248704,
          2262080,
          2269184,
          2251776,
          2252800,
          2271232,
          2252736,
          2257920,
          2253824,
          2250752,
          2248704,
          2256896,
          2262112,
          2285568,
          2266112,
          2272256,
          2264064,
          2257920,
          2245632,
          2257920
        ],
        "applicable": true
      },
      {
        "kernel": "onpair_shmem_4tpt_lenbucket",
        "decode_ms": 0.0,
        "decode_gib_s": 0.0,
        "applicable": false,
        "reason": "length-bucket dict not built (set ONPAIR_DICT_REORDER=lenbucket)"
      },
      {
        "kernel": "onpair_shmem_4tpt_lenbucket_b128",
        "decode_ms": 0.0,
        "decode_gib_s": 0.0,
        "applicable": false,
        "reason": "length-bucket dict not built (set ONPAIR_DICT_REORDER=lenbucket)"
      },
      {
        "kernel": "onpair_shmem_4tpt_regcache",
        "decode_ms": 2.301888,
        "decode_gib_s": 404.59074027879103,
        "decode_ns_iters": [
          2307072,
          2306048,
          2308096,
          2302976,
          2311168,
          2313216,
          2304000,
          2308000,
          2301888,
          2305024,
          2309120,
          2308256,
          2338816,
          2333696,
          2337632,
          2336768,
          2337792,
          2339840,
          2338816,
          2337792,
          2362368,
          2366464,
          2362304,
          2367680,
          2366272,
          2365440,
          2368512,
          2360320,
          2331648,
          2341888
        ],
        "applicable": true
      },
      {
        "kernel": "onpair_shmem_4tpt_split4read",
        "decode_ms": 2.588672,
        "decode_gib_s": 359.76847200374004,
        "decode_ns_iters": [
          2653184,
          2652160,
          2655232,
          2651104,
          2651136,
          2653184,
          2651136,
          2650112,
          2665376,
          2647040,
          2628608,
          2628608,
          2628608,
          2633728,
          2629632,
          2629632,
          2630752,
          2590720,
          2607104,
          2588672,
          2589696,
          2588672,
          2590720,
          2590720,
          2604032,
          2608128,
          2608128,
          2608128,
          2611200,
          2611136
        ],
        "applicable": true
      },
      {
        "kernel": "onpair_shmem_4tpt_split4read_b128o12",
        "decode_ms": 2.8672,
        "decode_gib_s": 324.8195347233767,
        "decode_ns_iters": [
          2912256,
          2928640,
          2912384,
          2911104,
          2910208,
          2892864,
          2868224,
          2868224,
          2868224,
          2867200,
          2867200,
          2881536,
          2877472,
          2870272,
          2869248,
          2867200,
          2874368,
          2869248,
          2871296,
          2869248,
          2885824,
          2887616,
          2868224,
          2870272,
          2869248,
          2884608,
          2890752,
          2888704,
          2889728,
          2890752
        ],
        "applicable": true
      },
      {
        "kernel": "onpair_shmem_4tpt_cluster_dsmem",
        "decode_ms": 0.0,
        "decode_gib_s": 0.0,
        "applicable": false,
        "reason": "thread-block clusters require sm_90+ (device cc 8.x)"
      },
      {
        "kernel": "onpair_shmem_8tpt",
        "decode_ms": 2.275232,
        "decode_gib_s": 409.33081547678023,
        "decode_ns_iters": [
          2286656,
          2275232,
          2276352,
          2282496,
          2277376,
          2278400,
          2275424,
          2275328,
          2282496,
          2307072,
          2289664,
          2288640,
          2287616,
          2298880,
          2286592,
          2283520,
          2284544,
          2294784,
          2296832,
          2294784,
          2310144,
          2294784,
          2292736,
          2301952,
          2291712,
          2299904,
          2302976,
          2298880,
          2301952,
          2296736
        ],
        "applicable": true
      },
      {
        "kernel": "onpair_shmem_8tpt_b128",
        "decode_ms": 2.276352,
        "decode_gib_s": 409.12941845499535,
        "decode_ns_iters": [
          2287552,
          2288640,
          2297856,
          2288640,
          2284544,
          2288576,
          2287616,
          2288640,
          2290688,
          2276352,
          2279424,
          2276480,
          2278400,
          2290560,
          2289664,
          2281472,
          2282496,
          2293760,
          2292608,
          2293760,
          2293760,
          2296832,
          2295808,
          2292736,
          2293728,
          2314240,
          2293760,
          2297856,
          2285568,
          2292736
        ],
        "applicable": true
      },
      {
        "kernel": "onpair_shmem_4tpt_vwidth",
        "decode_ms": 6.012928,
        "decode_gib_s": 154.88669911877636,
        "decode_ns_iters": [
          6262784,
          6273024,
          6207520,
          6178816,
          6181888,
          6128640,
          6117312,
          6074368,
          6062080,
          6055872,
          6057984,
          6047616,
          6059008,
          6057984,
          6050816,
          6060032,
          6043648,
          6052864,
          6085632,
          6043648,
          6045696,
          6052800,
          6084672,
          6044672,
          6030272,
          6016000,
          6027264,
          6012928,
          6060032,
          6048768
        ],
        "applicable": true
      },
      {
        "kernel": "onpair_shmem_4tpt_vwidth_b128",
        "decode_ms": 9.554944,
        "decode_gib_s": 97.4702279740065,
        "decode_ns_iters": [
          9780223,
          9700224,
          9701376,
          9699329,
          9701313,
          9701376,
          9668607,
          9641088,
          9625536,
          9625600,
          9626592,
          9629696,
          9625600,
          9624575,
          9639936,
          9696288,
          9684992,
          9623680,
          9634816,
          9554944,
          9565184,
          9625600,
          9622528,
          9639936,
          9626624,
          9624575,
          9623488,
          9623553,
          9627649,
          9642815
        ],
        "applicable": true
      },
      {
        "kernel": "onpair_shmem_4tpt_vwidth4",
        "decode_ms": 2.451456,
        "decode_gib_s": 379.9058885653529,
        "decode_ns_iters": [
          2456480,
          2458624,
          2463744,
          2451456,
          2476032,
          2458624,
          2454528,
          2460672,
          2460544,
          2536448,
          2554048,
          2547712,
          2552928,
          2553856,
          2553856,
          2549792,
          2570240,
          2591744,
          2593792,
          2591744,
          2592768,
          2592768,
          2590720,
          2592768,
          2591744,
          2590752,
          2590720,
          2591744,
          2591744,
          2589696
        ],
        "applicable": true
      },
      {
        "kernel": "onpair_shmem_4tpt_vwidth4_b128",
        "decode_ms": 2.722816,
        "decode_gib_s": 342.0438876365005,
        "decode_ns_iters": [
          2762784,
          2743200,
          2744128,
          2743296,
          2743296,
          2743296,
          2726720,
          2726912,
          2726720,
          2725888,
          2739200,
          2723840,
          2727936,
          2746368,
          2746368,
          2744320,
          2746176,
          2747392,
          2745344,
          2738176,
          2723840,
          2723840,
          2725888,
          2723840,
          2725888,
          2724864,
          2725888,
          2722816,
          2726912,
          2723840
        ],
        "applicable": true
      },
      {
        "kernel": "onpair_shmem_4tpt_shdict8",
        "decode_ms": 0.0,
        "decode_gib_s": 0.0,
        "applicable": false,
        "reason": "dict_s8 + staging needs 606464 B shared, over 229376 B cap"
      },
      {
        "kernel": "onpair_shmem_4tpt_ablate",
        "decode_ms": 2.356224,
        "decode_gib_s": 395.2606246090633,
        "decode_ns_iters": [
          2383872,
          2380800,
          2390016,
          2382848,
          2387968,
          2383872,
          2379904,
          2385920,
          2386080,
          2383872,
          2394112,
          2377696,
          2375680,
          2377728,
          2368512,
          2376704,
          2376640,
          2381824,
          2368512,
          2365440,
          2368512,
          2367488,
          2368448,
          2364416,
          2365440,
          2383872,
          2363392,
          2358240,
          2356416,
          2356224
        ],
        "applicable": true
      },
      {
        "kernel": "onpair_shmem_4tpt_ablate_nogather",
        "decode_ms": 2.05312,
        "decode_gib_s": 453.61331532441636,
        "decode_ns_iters": [
          2056192,
          2053120,
          2064384,
          2055168,
          2058240,
          2058240,
          2055328,
          2065408,
          2058048,
          2054144,
          2061504,
          2059264,
          2053120,
          2057216,
          2056192,
          2056000,
          2075648,
          2055008,
          2057216,
          2056192,
          2069312,
          2056352,
          2055264,
          2055168,
          2054144,
          2072576,
          2055264,
          2055168,
          2054016,
          2062272
        ],
        "applicable": true
      },
      {
        "kernel": "onpair_shmem_4tpt_ablate_noemit",
        "decode_ms": 2.101248,
        "decode_gib_s": 443.2235366595783,
        "decode_ns_iters": [
          2120640,
          2103200,
          2107200,
          2107232,
          2109440,
          2110464,
          2105504,
          2103296,
          2107392,
          2104352,
          2107328,
          2120768,
          2106368,
          2106368,
          2112512,
          2109440,
          2103296,
          2101344,
          2104320,
          2106368,
          2105344,
          2108416,
          2104384,
          2103296,
          2106368,
          2105472,
          2130944,
          2104320,
          2101248,
          2106208
        ],
        "applicable": true
      },
      {
        "kernel": "onpair_shmem_4tpt_ablate_nodrain",
        "decode_ms": 1.7152,
        "decode_gib_s": 542.9819087913162,
        "decode_ns_iters": [
          1723392,
          1723392,
          1722368,
          1738752,
          1718272,
          1717248,
          1717248,
          1722368,
          1722368,
          1725440,
          1724416,
          1738752,
          1721344,
          1717248,
          1718272,
          1718432,
          1715200,
          1724416,
          1724416,
          1732608,
          1718304,
          1750944,
          1745760,
          1744896,
          1744896,
          1751040,
          1743872,
          1745920,
          1763200,
          1747968
        ],
        "applicable": true
      },
      {
        "kernel": "onpair_shmem_4tpt_ablate_noscan",
        "decode_ms": 2.377824,
        "decode_gib_s": 391.67010256388437,
        "decode_ns_iters": [
          2402304,
          2400256,
          2399232,
          2402304,
          2404352,
          2418688,
          2398208,
          2392064,
          2395136,
          2392064,
          2397184,
          2396256,
          2391040,
          2396160,
          2393952,
          2391040,
          2388992,
          2385760,
          2392000,
          2391040,
          2395136,
          2391040,
          2390016,
          2401280,
          2377824,
          2392064,
          2385920,
          2392032,
          2388896,
          2393088
        ],
        "applicable": true
      },
      {
        "kernel": "onpair_shmem_4tpt_ablate_cfree",
        "decode_ms": 2.295808,
        "decode_gib_s": 405.6622199935124,
        "decode_ns_iters": [
          2298880,
          2296832,
          2300064,
          2295808,
          2296992,
          2298880,
          2322432,
          2323456,
          2328544,
          2319264,
          2341888,
          2324448,
          2338816,
          2324480,
          2354304,
          2344960,
          2364416,
          2348032,
          2348032,
          2334784,
          2356224,
          2340864,
          2358272,
          2340864,
          2341888,
          2339840,
          2345984,
          2342752,
          2340864,
          2343840
        ],
        "applicable": true
      },
      {
        "kernel": "onpair_shmem_s8",
        "decode_ms": 0.0,
        "decode_gib_s": 0.0,
        "applicable": false,
        "reason": "dictionary entry longer than 8 bytes"
      },
      {
        "kernel": "onpair_shmem_s8_2tpt",
        "decode_ms": 0.0,
        "decode_gib_s": 0.0,
        "applicable": false,
        "reason": "dictionary entry longer than 8 bytes"
      },
      {
        "kernel": "onpair_shmem_s8_4tpt",
        "decode_ms": 0.0,
        "decode_gib_s": 0.0,
        "applicable": false,
        "reason": "dictionary entry longer than 8 bytes"
      },
      {
        "kernel": "onpair_shmem_s8_8tpt",
        "decode_ms": 0.0,
        "decode_gib_s": 0.0,
        "applicable": false,
        "reason": "dictionary entry longer than 8 bytes"
      },
      {
        "kernel": "onpair_shmem_s4l1",
        "decode_ms": 0.0,
        "decode_gib_s": 0.0,
        "applicable": false,
        "reason": "dictionary entry longer than 4 bytes"
      },
      {
        "kernel": "onpair_shmem_s4l1_2tpt",
        "decode_ms": 0.0,
        "decode_gib_s": 0.0,
        "applicable": false,
        "reason": "dictionary entry longer than 4 bytes"
      },
      {
        "kernel": "onpair_shmem_s4l1_4tpt",
        "decode_ms": 0.0,
        "decode_gib_s": 0.0,
        "applicable": false,
        "reason": "dictionary entry longer than 4 bytes"
      },
      {
        "kernel": "onpair_shmem_s4l1_8tpt",
        "decode_ms": 0.0,
        "decode_gib_s": 0.0,
        "applicable": false,
        "reason": "dictionary entry longer than 4 bytes"
      },
      {
        "kernel": "onpair_shmem_s4l1_16tpt",
        "decode_ms": 0.0,
        "decode_gib_s": 0.0,
        "applicable": false,
        "reason": "dictionary entry longer than 4 bytes"
      },
      {
        "kernel": "onpair_shmem_s4l1_32tpt",
        "decode_ms": 0.0,
        "decode_gib_s": 0.0,
        "applicable": false,
        "reason": "dictionary entry longer than 4 bytes"
      },
      {
        "kernel": "onpair_shmem_const1",
        "decode_ms": 0.0,
        "decode_gib_s": 0.0,
        "applicable": false,
        "reason": "not every dictionary entry is exactly 1 byte"
      },
      {
        "kernel": "onpair_shmem_const2",
        "decode_ms": 0.0,
        "decode_gib_s": 0.0,
        "applicable": false,
        "reason": "not every dictionary entry is exactly 2 bytes"
      }
    ],
    "nvcomp_zstd_hw": {
      "supported": false,
      "error": "failed to prepare nvCOMP zstd hardware decode: Other error: nvcomp get_decompress_temp_size failed: nvcomp: invalid value",
      "iterations": 30,
      "backend": "hardware",
      "zstd_level": -10,
      "values_per_frame": 2048,
      "raw_bytes": 999999995,
      "compressed_bytes": 0,
      "frames": 0,
      "compression_ratio": 0.0,
      "decode_ms": 0.0,
      "decode_gib_s": 0.0,
      "compressed_gib_s": 0.0
    },
    "nvcomp_zstd": [
      {
        "supported": true,
        "iterations": 30,
        "backend": "default",
        "zstd_level": -10,
        "values_per_frame": 2048,
        "raw_bytes": 999999995,
        "compressed_bytes": 294379818,
        "frames": 5984,
        "compression_ratio": 3.396971986034722,
        "decode_ms": 8.677375793457031,
        "decode_gib_s": 107.32767510900095,
        "compressed_gib_s": 31.595101622926336,
        "decode_ms_iters": [
          8.747008323669434,
          8.697855949401855,
          8.705120086669922,
          8.760191917419434,
          8.724448204040527,
          8.84115219116211,
          8.729599952697754,
          8.75004768371582,
          8.68454360961914,
          8.69375991821289,
          8.7193603515625,
          8.769472122192383,
          8.699904441833496,
          8.777728080749512,
          8.713215827941895,
          8.764415740966797,
          8.69273567199707,
          8.723520278930664,
          8.74073600769043,
          8.724479675292969,
          8.71014404296875,
          8.732671737670898,
          8.722463607788086,
          8.772607803344727,
          8.716287612915039,
          8.780608177185059,
          8.677375793457031,
          8.68131160736084,
          8.734720230102539,
          8.725503921508789
        ]
      },
      {
        "supported": true,
        "iterations": 30,
        "backend": "default",
        "zstd_level": 1,
        "values_per_frame": 2048,
        "raw_bytes": 999999995,
        "compressed_bytes": 185068056,
        "frames": 5984,
        "compression_ratio": 5.403417621677509,
        "decode_ms": 9.977855682373047,
        "decode_gib_s": 93.33894973086721,
        "compressed_gib_s": 17.27405806214361,
        "decode_ms_iters": [
          10.017631530761719,
          10.00153636932373,
          9.986047744750977,
          10.027839660644531,
          10.028032302856445,
          9.999456405639648,
          10.016768455505371,
          10.0382719039917,
          9.999360084533691,
          9.979904174804688,
          9.977855682373047,
          10.007391929626465,
          9.996288299560547,
          10.002367973327637,
          10.03212833404541,
          10.011648178100586,
          10.087424278259277,
          9.990143775939941,
          10.010623931884766,
          9.992192268371582,
          10.021856307983398,
          10.01471996307373,
          10.01369571685791,
          9.990143775939941,
          9.99731159210205,
          10.039423942565918,
          10.027199745178223,
          9.979904174804688,
          9.980095863342285,
          9.984000205993652
        ]
      },
      {
        "supported": true,
        "iterations": 30,
        "backend": "default",
        "zstd_level": 3,
        "values_per_frame": 2048,
        "raw_bytes": 999999995,
        "compressed_bytes": 177366210,
        "frames": 5984,
        "compression_ratio": 5.638052450914974,
        "decode_ms": 10.813440322875977,
        "decode_gib_s": 86.1263892110858,
        "compressed_gib_s": 15.275911311734735,
        "decode_ms_iters": [
          10.898431777954102,
          10.902527809143066,
          10.868736267089844,
          10.872832298278809,
          10.896384239196777,
          10.8635835647583,
          10.893312454223633,
          10.859487533569336,
          10.868736267089844,
          10.826944351196289,
          10.890111923217773,
          10.888192176818848,
          10.917792320251465,
          10.864640235900879,
          10.890111923217773,
          10.862591743469238,
          10.853407859802246,
          10.874879837036133,
          10.850367546081543,
          10.891167640686035,
          10.854399681091309,
          10.871808052062988,
          10.909695625305176,
          10.813440322875977,
          10.875904083251953,
          10.93734359741211,
          10.859519958496094,
          10.883071899414062,
          10.872832298278809,
          10.84108829498291
        ]
      }
    ]
  }
}
==PROF== Disconnected from process 33858
==PROF== Report: /home/ubuntu/work/ncu_costsurface_clickbench_URL_b16.ncu-rep
