==PROF== Connected to process 22993 (/home/ubuntu/work/target/release/onpair-chunk-bench)
2026-06-26T04:02:51.489499Z  INFO vortex_cuda: vortex-cuda/src/lib.rs:111: Registering CUDA kernels
==PROF== Profiling "onpair_u64" - 0 (1/16): 0%....50%....100% - 43 passes
==PROF== Profiling "onpair_u64" - 1 (2/16): 0%....50%....100% - 43 passes
==PROF== Profiling "onpair_u64" - 2 (3/16): 0%....50%....100% - 43 passes
==PROF== Profiling "onpair_u64" - 3 (4/16): 0%....50%....100% - 43 passes
==PROF== Profiling "onpair_u64" - 4 (5/16): 0%....50%....100% - 43 passes
==PROF== Profiling "onpair_u64" - 5 (6/16): 0%....50%....100% - 43 passes
==PROF== Profiling "onpair_u64" - 6 (7/16): 0%....50%....100% - 43 passes
==PROF== Profiling "onpair_u64" - 7 (8/16): 0%....50%....100% - 43 passes
==PROF== Profiling "onpair_u64" - 8 (9/16): 0%....50%....100% - 43 passes
==PROF== Profiling "onpair_u64" - 9 (10/16): 0%....50%....100% - 43 passes
==PROF== Profiling "onpair_u64" - 10 (11/16): 0%....50%....100% - 43 passes
==PROF== Profiling "onpair_u64" - 11 (12/16): 0%....50%....100% - 43 passes
==PROF== Profiling "onpair_u64" - 12 (13/16): 0%....50%....100% - 43 passes
==PROF== Profiling "onpair_u64" - 13 (14/16): 0%....50%....100% - 43 passes
==PROF== Profiling "onpair_u64" - 14 (15/16): 0%....50%....100% - 43 passes
==PROF== Profiling "onpair_u64" - 15 (16/16): 0%....50%....100% - 43 passes
{
  "files": [
    "/home/ubuntu/work/vortex-bench/data/onpair-bench/synthetic/url/bits12_chunk1000mb_thr0.20/part_0000.vortex"
  ],
  "column": "url",
  "rows": 10000000,
  "in_memory_bytes": 99002575,
  "dict_bytes": 4003,
  "gpu": {
    "iterations": 30,
    "decoded_bytes": 923569389,
    "chunks": 1,
    "auto_kernel": "onpair_shmem_4tpt",
    "frac_le8": 0.19493121,
    "dict_mean_len": 4.5880322,
    "dict_max_len": 16,
    "dict_entries_max": 869,
    "small_dict": true,
    "distinct_codes": 171,
    "access_top4096_frac": 1.0,
    "compressed_bytes": 164160066,
    "h2d_gib_s": 20.074454545954584,
    "whole_decompress_gib_s": 90.54990368949602,
    "best_kernel": "onpair_shmem_4tpt_ablate_nodrain",
    "auto_decode_ms": 1.883136,
    "best_decode_ms": 0.580608,
    "validated": false,
    "auto_decode_gib_s": 456.75990539160443,
    "best_decode_gib_s": 1481.4487936775317,
    "kernels": [
      {
        "kernel": "onpair",
        "decode_ms": 26.701825,
        "decode_gib_s": 32.2128177081351,
        "decode_ns_iters": [
          4542358398,
          4513916016,
          4545207500,
          4473963261,
          4549833298,
          4485054493,
          4554305553,
          4482170105,
          4557896614,
          4493695736,
          4478642941,
          4561795712,
          4541914940,
          4508277893,
          26865663,
          26701825,
          26867712,
          26781697,
          26801152,
          26883071,
          26871808,
          26943488,
          26872830,
          26767360,
          26875904,
          26926976,
          26882047,
          26958849,
          26806273,
          26902528
        ],
        "applicable": true
      },
      {
        "kernel": "onpair_shmem",
        "decode_ms": 2.465792,
        "decode_gib_s": 348.8295124647677,
        "decode_ns_iters": [
          2485248,
          2473984,
          2479008,
          2500608,
          2508800,
          2481120,
          2487296,
          2477056,
          2465792,
          2478080,
          2489344,
          2472960,
          2495424,
          2469888,
          2497536,
          2498560,
          2477216,
          2492416,
          2500416,
          2506752,
          2507776,
          2467840,
          2497536,
          2500608,
          2508800,
          2472960,
          2522112,
          2478176,
          2486368,
          2530112
        ],
        "applicable": true
      },
      {
        "kernel": "onpair_shmem_2tpt",
        "decode_ms": 2.15232,
        "decode_gib_s": 399.63435790194967,
        "decode_ns_iters": [
          2172928,
          2152320,
          2152448,
          2161664,
          2171904,
          2171712,
          2244608,
          2168736,
          2163712,
          2176000,
          2163584,
          2183168,
          2173056,
          2188096,
          2163712,
          2164736,
          2169856,
          2185152,
          2186176,
          2172928,
          2174976,
          2200576,
          2186240,
          2178048,
          2195456,
          2172928,
          2168832,
          2199552,
          2174976,
          2174816
        ],
        "applicable": true
      },
      {
        "kernel": "onpair_shmem_4tpt",
        "decode_ms": 1.883136,
        "decode_gib_s": 456.75990539160443,
        "decode_ns_iters": [
          1893408,
          1900512,
          1895424,
          1903616,
          1911808,
          1907712,
          1912832,
          1895424,
          1902592,
          1904640,
          1910784,
          1883136,
          1906688,
          1907648,
          1904640,
          1903616,
          1907808,
          1904832,
          1899520,
          1906688,
          1904640,
          1911648,
          1896448,
          1904640,
          1920960,
          1904640,
          1893376,
          1896448,
          1896384,
          1897472
        ],
        "applicable": true
      },
      {
        "kernel": "onpair_shmem_4tpt_wpb8",
        "decode_ms": 1.845344,
        "decode_gib_s": 466.11418857379675,
        "decode_ns_iters": [
          1856320,
          1855392,
          1872896,
          1855296,
          1872032,
          1879040,
          1851488,
          1853440,
          1857536,
          1845344,
          1884160,
          1858560,
          1882144,
          1868800,
          1879040,
          1883136,
          1857536,
          1874944,
          1862656,
          1876992,
          1874112,
          1856576,
          1886208,
          1873920,
          1861536,
          1860608,
          1857536,
          1854464,
          1892352,
          1854464
        ],
        "applicable": true
      },
      {
        "kernel": "onpair_shmem_4tpt_wpb8_occ",
        "decode_ms": 1.87392,
        "decode_gib_s": 459.00626558205494,
        "decode_ns_iters": [
          1887136,
          1903616,
          1901568,
          1893376,
          1911808,
          1893376,
          1890304,
          1897472,
          1901568,
          1901568,
          1889280,
          1887232,
          1900544,
          1895424,
          1886176,
          1892352,
          1885152,
          1879040,
          1887232,
          1878016,
          1899520,
          1893376,
          1905504,
          1893376,
          1888256,
          1889280,
          1902592,
          1873920,
          1894400,
          1895392
        ],
        "applicable": true
      },
      {
        "kernel": "onpair_shmem_4tpt_b128",
        "decode_ms": 1.871872,
        "decode_gib_s": 459.50846062098503,
        "decode_ns_iters": [
          1885056,
          1888256,
          1890304,
          1879040,
          1892352,
          1888256,
          1897472,
          1879040,
          1895424,
          1897472,
          1892352,
          1900544,
          1903456,
          1884160,
          1886208,
          1884160,
          1896448,
          1887232,
          1871872,
          1897472,
          1896320,
          1901568,
          1897472,
          1887232,
          1898496,
          1891328,
          1890368,
          1884096,
          1902592,
          1883136
        ],
        "applicable": true
      },
      {
        "kernel": "onpair_shmem_4tpt_o6",
        "decode_ms": 1.881088,
        "decode_gib_s": 457.2571943468484,
        "decode_ns_iters": [
          1909760,
          1909760,
          1891328,
          1900544,
          1885184,
          1881088,
          1893376,
          1900544,
          1886208,
          1908736,
          1892352,
          1884288,
          1892352,
          1910592,
          1909760,
          1910784,
          1925120,
          1909760,
          1915904,
          1909760,
          1908736,
          1908736,
          1915840,
          1930240,
          1918976,
          1914944,
          1909760,
          1886176,
          1905824,
          1912832
        ],
        "applicable": true
      },
      {
        "kernel": "onpair_shmem_4tpt_b512o3",
        "decode_ms": 1.888256,
        "decode_gib_s": 455.52140239433874,
        "decode_ns_iters": [
          1898496,
          1890368,
          1895264,
          1894400,
          1916928,
          1895424,
          1896448,
          1897472,
          1899520,
          1903616,
          1904640,
          1891328,
          1900480,
          1895296,
          1896288,
          1898656,
          1898496,
          1898496,
          1905664,
          1907712,
          1898496,
          1912832,
          1888256,
          1902592,
          1896448,
          1903616,
          1892352,
          1896448,
          1904640,
          1903616
        ],
        "applicable": true
      },
      {
        "kernel": "onpair_shmem_4tpt_b128o12",
        "decode_ms": 1.903616,
        "decode_gib_s": 451.8458666030988,
        "decode_ns_iters": [
          1915904,
          1915808,
          1914880,
          1909760,
          1914880,
          1923040,
          1914880,
          1913856,
          1922048,
          1903616,
          1920000,
          1903616,
          1916928,
          1905504,
          1916928,
          1912832,
          1907872,
          1932288,
          1909760,
          1908736,
          1908736,
          1918976,
          1916928,
          1908736,
          1917952,
          1923040,
          1933312,
          1934336,
          1921024,
          1906688
        ],
        "applicable": true
      },
      {
        "kernel": "onpair_shmem_4tpt_b64",
        "decode_ms": 1.883136,
        "decode_gib_s": 456.75990539160443,
        "decode_ns_iters": [
          1893248,
          1898496,
          1902592,
          1892352,
          1898496,
          1892352,
          1883136,
          1896448,
          1897408,
          1886208,
          1890304,
          1887232,
          1887232,
          1903616,
          1895328,
          1885184,
          1901568,
          1912736,
          1893376,
          1886144,
          1897344,
          1900544,
          1902592,
          1891200,
          1887232,
          1885184,
          1908736,
          1892352,
          1893376,
          1892352
        ],
        "applicable": true
      },
      {
        "kernel": "onpair_shmem_4tpt_b64o24",
        "decode_ms": 1.891136,
        "decode_gib_s": 454.82769150369114,
        "decode_ns_iters": [
          1911968,
          1903616,
          1913856,
          1898496,
          1905664,
          1916928,
          1905664,
          1912704,
          1917856,
          1920000,
          1914784,
          1928192,
          1905664,
          1912832,
          1910688,
          1908736,
          1926144,
          1913920,
          1920000,
          1906688,
          1923072,
          1908608,
          1916896,
          1903616,
          1891136,
          1922048,
          1907712,
          1910784,
          1925952,
          1917056
        ],
        "applicable": true
      },
      {
        "kernel": "onpair_shmem_4tpt_split8read_b128o12",
        "decode_ms": 1.857408,
        "decode_gib_s": 463.08674303089276,
        "decode_ns_iters": [
          1872864,
          1860608,
          1869824,
          1859584,
          1883136,
          1879904,
          1903616,
          1866752,
          1857408,
          1863680,
          1878880,
          1873920,
          1876992,
          1872896,
          1879040,
          1862656,
          1857536,
          1869824,
          1874944,
          1884160,
          1870848,
          1874944,
          1862656,
          1876992,
          1879040,
          1876896,
          1878016,
          1878016,
          1875968,
          1890304
        ],
        "applicable": true
      },
      {
        "kernel": "onpair_shmem_4tpt_split8read_occ",
        "decode_ms": 1.835008,
        "decode_gib_s": 468.7396573745316,
        "decode_ns_iters": [
          1845344,
          1850368,
          1854432,
          1865824,
          1847296,
          1837056,
          1842176,
          1845216,
          1847296,
          1852416,
          1840160,
          1849344,
          1845248,
          1867904,
          1852416,
          1835008,
          1841152,
          1851392,
          1853440,
          1852512,
          1853248,
          1853408,
          1841056,
          1843104,
          1841152,
          1849248,
          1846240,
          1845152,
          1860608,
          1871872
        ],
        "applicable": true
      },
      {
        "kernel": "onpair_shmem_4tpt_split8",
        "decode_ms": 1.851392,
        "decode_gib_s": 464.591518813695,
        "decode_ns_iters": [
          1889280,
          1891328,
          1892352,
          1889184,
          1887168,
          1882112,
          1881088,
          1875968,
          1896448,
          1906688,
          1885184,
          1894400,
          1872896,
          1885088,
          1881088,
          1882112,
          1884160,
          1895424,
          1891328,
          1890304,
          1890464,
          1882112,
          1886144,
          1880896,
          1894400,
          1893184,
          1895328,
          1890304,
          1857536,
          1851392
        ],
        "applicable": true
      },
      {
        "kernel": "onpair_shmem_4tpt_split8_wpb8",
        "decode_ms": 1.787904,
        "decode_gib_s": 481.08904124579647,
        "decode_ns_iters": [
          1796960,
          1787904,
          1807360,
          1827840,
          1804288,
          1793024,
          1798144,
          1815488,
          1801216,
          1800192,
          1798144,
          1791904,
          1807328,
          1797120,
          1807360,
          1794048,
          1804288,
          1809408,
          1816576,
          1818624,
          1815552,
          1795264,
          1816576,
          1800192,
          1795904,
          1793024,
          1797184,
          1794176,
          1826816,
          1798208
        ],
        "applicable": true
      },
      {
        "kernel": "onpair_shmem_4tpt_split8_wpb8_occ",
        "decode_ms": 1.844224,
        "decode_gib_s": 466.3972604193007,
        "decode_ns_iters": [
          1847232,
          1864704,
          1866752,
          1846272,
          1844224,
          1868608,
          1872864,
          1851424,
          1862624,
          1850368,
          1848320,
          1844224,
          1848256,
          1865728,
          1860608,
          1875072,
          1874944,
          1874944,
          1867776,
          1874944,
          1866752,
          1867904,
          1875968,
          1857536,
          1864512,
          1849344,
          1885184,
          1888256,
          1887232,
          1892352
        ],
        "applicable": true
      },
      {
        "kernel": "onpair_shmem_4tpt_pdict",
        "decode_ms": 2.186176,
        "decode_gib_s": 393.4454596517043,
        "decode_ns_iters": [
          2222080,
          2210816,
          2213888,
          2204672,
          2199552,
          2199552,
          2199456,
          2213888,
          2206720,
          2186176,
          2203584,
          2212832,
          2211008,
          2206720,
          2200576,
          2223104,
          2212736,
          2216928,
          2216960,
          2211744,
          2196320,
          2204576,
          2210848,
          2211840,
          2212864,
          2223104,
          2212864,
          2208768,
          2201600,
          2238464
        ],
        "applicable": true
      },
      {
        "kernel": "onpair_shmem_4tpt_vdict",
        "decode_ms": 2.151424,
        "decode_gib_s": 399.8007929629513,
        "decode_ns_iters": [
          2151424,
          2171904,
          2168832,
          2178016,
          2162688,
          2175872,
          2163712,
          2154496,
          2158592,
          2166912,
          2165760,
          2156544,
          2173920,
          2157568,
          2177056,
          2161664,
          2167808,
          2177952,
          2191360,
          2193408,
          2171936,
          2177024,
          2193408,
          2185216,
          2181120,
          2165696,
          2171712,
          2186240,
          2178208,
          2195520
        ],
        "applicable": true
      },
      {
        "kernel": "onpair_shmem_4tpt_split8read",
        "decode_ms": 1.826752,
        "decode_gib_s": 470.8581248026686,
        "decode_ns_iters": [
          1836000,
          1844224,
          1849344,
          1843168,
          1833984,
          1826752,
          1838080,
          1843200,
          1851488,
          1835968,
          1835840,
          1827968,
          1828864,
          1843200,
          1832960,
          1862560,
          1846272,
          1843200,
          1847296,
          1846272,
          1847296,
          1842176,
          1851392,
          1836192,
          1826816,
          1844224,
          1843200,
          1853536,
          1844224,
          1854464
        ],
        "applicable": true
      },
      {
        "kernel": "onpair_shmem_4tpt_ldcs",
        "decode_ms": 2.269184,
        "decode_gib_s": 379.05300812958507,
        "decode_ns_iters": [
          2279488,
          2294784,
          2282528,
          2296704,
          2282496,
          2289664,
          2292736,
          2269184,
          2298816,
          2295808,
          2283648,
          2296832,
          2295744,
          2302976,
          2284544,
          2286592,
          2300928,
          2281472,
          2283520,
          2294784,
          2271200,
          2285568,
          2286592,
          2286752,
          2287552,
          2286592,
          2274304,
          2287616,
          2293760,
          2280448
        ],
        "applicable": true
      },
      {
        "kernel": "onpair_shmem_4tpt_lenbucket",
        "decode_ms": 0.0,
        "decode_gib_s": 0.0,
        "applicable": false,
        "reason": "length-bucket dict not built (set ONPAIR_DICT_REORDER=lenbucket)"
      },
      {
        "kernel": "onpair_shmem_4tpt_lenbucket_b128",
        "decode_ms": 0.0,
        "decode_gib_s": 0.0,
        "applicable": false,
        "reason": "length-bucket dict not built (set ONPAIR_DICT_REORDER=lenbucket)"
      },
      {
        "kernel": "onpair_shmem_4tpt_regcache",
        "decode_ms": 1.836032,
        "decode_gib_s": 468.47822979094286,
        "decode_ns_iters": [
          1836032,
          1851232,
          1844224,
          1851392,
          1844064,
          1863680,
          1836032,
          1852416,
          1856512,
          1857600,
          1858432,
          1862656,
          1865728,
          1863552,
          1859584,
          1846112,
          1850368,
          1850368,
          1859424,
          1848320,
          1846272,
          1836992,
          1842176,
          1843072,
          1839040,
          1849344,
          1852576,
          1856512,
          1841152,
          1837056
        ],
        "applicable": true
      },
      {
        "kernel": "onpair_shmem_4tpt_split4read",
        "decode_ms": 1.846272,
        "decode_gib_s": 465.8799035025849,
        "decode_ns_iters": [
          1858560,
          1849344,
          1861472,
          1859584,
          1866752,
          1865664,
          1858560,
          1868800,
          1856544,
          1847296,
          1870880,
          1861632,
          1848320,
          1862656,
          1846272,
          1861632,
          1854464,
          1848320,
          1866752,
          1847296,
          1857536,
          1849472,
          1852416,
          1859584,
          1862848,
          1869824,
          1851392,
          1865728,
          1863680,
          1857536
        ],
        "applicable": true
      },
      {
        "kernel": "onpair_shmem_4tpt_split4read_b128o12",
        "decode_ms": 1.841152,
        "decode_gib_s": 467.17545384602926,
        "decode_ns_iters": [
          1883136,
          1866752,
          1882112,
          1879040,
          1881088,
          1889280,
          1881088,
          1883136,
          1872064,
          1876992,
          1900544,
          1873920,
          1876992,
          1867776,
          1878208,
          1880128,
          1879040,
          1855488,
          1871712,
          1875968,
          1872896,
          1875808,
          1878016,
          1867776,
          1871872,
          1858560,
          1841152,
          1853440,
          1860608,
          1850368
        ],
        "applicable": true
      },
      {
        "kernel": "onpair_shmem_4tpt_cluster_dsmem",
        "decode_ms": 0.0,
        "decode_gib_s": 0.0,
        "applicable": false,
        "reason": "thread-block clusters require sm_90+ (device cc 8.x)"
      },
      {
        "kernel": "onpair_shmem_8tpt",
        "decode_ms": 1.800192,
        "decode_gib_s": 477.8051570052108,
        "decode_ns_iters": [
          1817600,
          1803424,
          1813504,
          1824608,
          1819584,
          1817600,
          1811456,
          1812480,
          1820672,
          1805312,
          1814528,
          1827680,
          1835008,
          1814528,
          1819648,
          1835136,
          1819648,
          1823744,
          1820672,
          1821696,
          1818624,
          1826816,
          1826688,
          1809568,
          1800192,
          1821536,
          1833984,
          1838080,
          1838080,
          1824768
        ],
        "applicable": true
      },
      {
        "kernel": "onpair_shmem_8tpt_b128",
        "decode_ms": 1.78688,
        "decode_gib_s": 481.36473697143873,
        "decode_ns_iters": [
          1806240,
          1807360,
          1812320,
          1803264,
          1806336,
          1813504,
          1813504,
          1814528,
          1805312,
          1804288,
          1802240,
          1805184,
          1807360,
          1816576,
          1813504,
          1800192,
          1831936,
          1812480,
          1816576,
          1818624,
          1803264,
          1798144,
          1801216,
          1804288,
          1807360,
          1794048,
          1812512,
          1797120,
          1786880,
          1787904
        ],
        "applicable": true
      },
      {
        "kernel": "onpair_shmem_4tpt_vwidth",
        "decode_ms": 2.096128,
        "decode_gib_s": 410.3475652247975,
        "decode_ns_iters": [
          2105344,
          2107392,
          2123776,
          2105344,
          2102432,
          2104192,
          2105344,
          2104320,
          2106368,
          2108416,
          2107392,
          2103296,
          2100416,
          2116608,
          2104384,
          2101248,
          2105344,
          2101248,
          2102272,
          2105344,
          2108352,
          2104320,
          2103296,
          2111488,
          2138112,
          2102272,
          2096128,
          2099136,
          2125824,
          2105344
        ],
        "applicable": true
      },
      {
        "kernel": "onpair_shmem_4tpt_vwidth_b128",
        "decode_ms": 3.26144,
        "decode_gib_s": 263.73044458874745,
        "decode_ns_iters": [
          3287008,
          3288064,
          3304448,
          3267680,
          3267584,
          3261440,
          3271680,
          3262400,
          3269632,
          3284992,
          3284992,
          3284992,
          3289088,
          3287040,
          3290112,
          3289088,
          3290112,
          3286016,
          3308544,
          3287936,
          3302496,
          3313664,
          3313664,
          3312640,
          3315712,
          3313664,
          3313664,
          3317760,
          3333120,
          3311616
        ],
        "applicable": true
      },
      {
        "kernel": "onpair_shmem_4tpt_vwidth4",
        "decode_ms": 1.903616,
        "decode_gib_s": 451.8458666030988,
        "decode_ns_iters": [
          1937408,
          1945600,
          1929152,
          1906688,
          1948672,
          1924096,
          1908704,
          1934176,
          1917952,
          1935360,
          1941504,
          1930240,
          1931264,
          1926144,
          1938432,
          1929248,
          1941504,
          1937408,
          1944576,
          1954688,
          1945600,
          1931264,
          1940480,
          1911808,
          1904576,
          1918976,
          1921024,
          1913920,
          1903616,
          1929216
        ],
        "applicable": true
      },
      {
        "kernel": "onpair_shmem_4tpt_vwidth4_b128",
        "decode_ms": 1.948512,
        "decode_gib_s": 441.43480830475994,
        "decode_ns_iters": [
          1952768,
          1971200,
          1959936,
          1960960,
          1959104,
          1952928,
          1977344,
          1965056,
          1975296,
          1981440,
          1959936,
          1972096,
          1971200,
          1983488,
          1988608,
          1971200,
          1979392,
          1965056,
          1969152,
          1960960,
          1993728,
          1948672,
          1948512,
          1985536,
          1965056,
          1965056,
          1966048,
          1979392,
          1967104,
          1984448
        ],
        "applicable": true
      },
      {
        "kernel": "onpair_shmem_4tpt_shdict8",
        "decode_ms": 2.326528,
        "decode_gib_s": 369.7101522954052,
        "decode_ns_iters": [
          2336768,
          2353152,
          2354176,
          2348032,
          2339648,
          2347008,
          2340864,
          2343936,
          2330624,
          2349056,
          2337792,
          2338816,
          2357248,
          2362368,
          2348032,
          2399232,
          2381792,
          2351104,
          2365440,
          2376768,
          2374624,
          2367488,
          2402304,
          2337792,
          2359200,
          2369536,
          2359296,
          2343936,
          2339840,
          2326528
        ],
        "applicable": true
      },
      {
        "kernel": "onpair_shmem_4tpt_ablate",
        "decode_ms": 1.885184,
        "decode_gib_s": 456.2636969120915,
        "decode_ns_iters": [
          1892352,
          1885184,
          1897472,
          1898496,
          1904608,
          1919168,
          1928192,
          1918080,
          1913856,
          1910784,
          1916928,
          1921088,
          1911808,
          1912832,
          1910784,
          1921984,
          1913856,
          1920000,
          1925120,
          1919136,
          1906560,
          1915904,
          1912832,
          1916928,
          1906688,
          1920000,
          1914880,
          1920000,
          1911712,
          1913824
        ],
        "applicable": true
      },
      {
        "kernel": "onpair_shmem_4tpt_ablate_nogather",
        "decode_ms": 1.90256,
        "decode_gib_s": 452.0966598685584,
        "decode_ns_iters": [
          1915904,
          1920000,
          1907712,
          1911808,
          1924096,
          1917952,
          1941504,
          1917888,
          1926112,
          1916928,
          1924032,
          1924096,
          1922048,
          1918976,
          1933152,
          1928192,
          1902560,
          1941504,
          1920000,
          1912832,
          1914880,
          1924960,
          1911808,
          1927168,
          1917888,
          1917952,
          1920000,
          1923072,
          1920128,
          1931168
        ],
        "applicable": true
      },
      {
        "kernel": "onpair_shmem_4tpt_ablate_noemit",
        "decode_ms": 1.974336,
        "decode_gib_s": 435.66091141503995,
        "decode_ns_iters": [
          1995776,
          1985536,
          1977344,
          1980416,
          1985696,
          1995776,
          1985376,
          1985536,
          1986560,
          1987616,
          1984512,
          1987584,
          1979392,
          1983488,
          1993632,
          1997824,
          1989632,
          1992704,
          1991680,
          1980416,
          1974336,
          1995616,
          1985536,
          1987584,
          1986560,
          1990592,
          1988480,
          1992704,
          1990656,
          1987584
        ],
        "applicable": true
      },
      {
        "kernel": "onpair_shmem_4tpt_ablate_nodrain",
        "decode_ms": 0.580608,
        "decode_gib_s": 1481.4487936775317,
        "decode_ns_iters": [
          587776,
          590848,
          584704,
          583712,
          586720,
          583680,
          585728,
          581632,
          596992,
          585728,
          585728,
          583648,
          584704,
          586752,
          583680,
          590848,
          586752,
          587776,
          586752,
          601088,
          582656,
          587712,
          580608,
          588832,
          586720,
          584704,
          584704,
          584704,
          581632,
          584704
        ],
        "applicable": true
      },
      {
        "kernel": "onpair_shmem_4tpt_ablate_noscan",
        "decode_ms": 1.705984,
        "decode_gib_s": 504.1905558314289,
        "decode_ns_iters": [
          1727456,
          1726496,
          1720320,
          1711104,
          1722368,
          1711040,
          1705984,
          1729536,
          1723552,
          1715168,
          1730656,
          1724416,
          1742848,
          1713152,
          1713152,
          1729632,
          1717248,
          1727488,
          1721344,
          1723392,
          1725440,
          1712032,
          1743872,
          1711104,
          1720320,
          1722560,
          1735520,
          1733536,
          1721344,
          1711296
        ],
        "applicable": true
      },
      {
        "kernel": "onpair_shmem_4tpt_ablate_cfree",
        "decode_ms": 1.878016,
        "decode_gib_s": 458.0051614041225,
        "decode_ns_iters": [
          1913984,
          1891328,
          1906560,
          1893376,
          1906688,
          1902592,
          1902592,
          1889280,
          1898496,
          1887232,
          1910784,
          1885184,
          1904640,
          1891328,
          1890304,
          1918976,
          1909760,
          1904640,
          1907712,
          1902592,
          1909696,
          1880064,
          1878016,
          1894400,
          1881088,
          1887232,
          1880064,
          1904640,
          1905696,
          1888256
        ],
        "applicable": true
      },
      {
        "kernel": "onpair_shmem_s8",
        "decode_ms": 0.0,
        "decode_gib_s": 0.0,
        "applicable": false,
        "reason": "dictionary entry longer than 8 bytes"
      },
      {
        "kernel": "onpair_shmem_s8_2tpt",
        "decode_ms": 0.0,
        "decode_gib_s": 0.0,
        "applicable": false,
        "reason": "dictionary entry longer than 8 bytes"
      },
      {
        "kernel": "onpair_shmem_s8_4tpt",
        "decode_ms": 0.0,
        "decode_gib_s": 0.0,
        "applicable": false,
        "reason": "dictionary entry longer than 8 bytes"
      },
      {
        "kernel": "onpair_shmem_s8_8tpt",
        "decode_ms": 0.0,
        "decode_gib_s": 0.0,
        "applicable": false,
        "reason": "dictionary entry longer than 8 bytes"
      },
      {
        "kernel": "onpair_shmem_s4l1",
        "decode_ms": 0.0,
        "decode_gib_s": 0.0,
        "applicable": false,
        "reason": "dictionary entry longer than 4 bytes"
      },
      {
        "kernel": "onpair_shmem_s4l1_2tpt",
        "decode_ms": 0.0,
        "decode_gib_s": 0.0,
        "applicable": false,
        "reason": "dictionary entry longer than 4 bytes"
      },
      {
        "kernel": "onpair_shmem_s4l1_4tpt",
        "decode_ms": 0.0,
        "decode_gib_s": 0.0,
        "applicable": false,
        "reason": "dictionary entry longer than 4 bytes"
      },
      {
        "kernel": "onpair_shmem_s4l1_8tpt",
        "decode_ms": 0.0,
        "decode_gib_s": 0.0,
        "applicable": false,
        "reason": "dictionary entry longer than 4 bytes"
      },
      {
        "kernel": "onpair_shmem_s4l1_16tpt",
        "decode_ms": 0.0,
        "decode_gib_s": 0.0,
        "applicable": false,
        "reason": "dictionary entry longer than 4 bytes"
      },
      {
        "kernel": "onpair_shmem_s4l1_32tpt",
        "decode_ms": 0.0,
        "decode_gib_s": 0.0,
        "applicable": false,
        "reason": "dictionary entry longer than 4 bytes"
      },
      {
        "kernel": "onpair_shmem_const1",
        "decode_ms": 0.0,
        "decode_gib_s": 0.0,
        "applicable": false,
        "reason": "not every dictionary entry is exactly 1 byte"
      },
      {
        "kernel": "onpair_shmem_const2",
        "decode_ms": 0.0,
        "decode_gib_s": 0.0,
        "applicable": false,
        "reason": "not every dictionary entry is exactly 2 bytes"
      }
    ],
    "nvcomp_zstd_hw": {
      "supported": false,
      "error": "failed to prepare nvCOMP zstd hardware decode: Other error: nvcomp get_decompress_temp_size failed: nvcomp: invalid value",
      "iterations": 30,
      "backend": "hardware",
      "zstd_level": -10,
      "values_per_frame": 2048,
      "raw_bytes": 923569389,
      "compressed_bytes": 0,
      "frames": 0,
      "compression_ratio": 0.0,
      "decode_ms": 0.0,
      "decode_gib_s": 0.0,
      "compressed_gib_s": 0.0
    },
    "nvcomp_zstd": [
      {
        "supported": true,
        "iterations": 30,
        "backend": "default",
        "zstd_level": -10,
        "values_per_frame": 2048,
        "raw_bytes": 923569389,
        "compressed_bytes": 107979862,
        "frames": 4883,
        "compression_ratio": 8.553163264831733,
        "decode_ms": 8.934399604797363,
        "decode_gib_s": 96.2729516528081,
        "compressed_gib_s": 11.255829997850752,
        "decode_ms_iters": [
          8.963104248046875,
          8.946687698364258,
          8.988672256469727,
          8.958975791931152,
          9.011199951171875,
          8.945664405822754,
          8.992959976196289,
          8.958944320678711,
          8.992768287658691,
          8.974335670471191,
          8.937312126159668,
          8.960991859436035,
          9.010175704956055,
          8.984576225280762,
          8.988672256469727,
          8.942591667175293,
          8.991680145263672,
          8.98969554901123,
          8.973312377929688,
          8.966143608093262,
          8.934399604797363,
          8.960000038146973,
          8.939519882202148,
          8.97935962677002,
          8.965120315551758,
          8.98969554901123,
          8.956928253173828,
          8.938400268554688,
          8.956928253173828,
          8.961024284362793
        ]
      },
      {
        "supported": true,
        "iterations": 30,
        "backend": "default",
        "zstd_level": 1,
        "values_per_frame": 2048,
        "raw_bytes": 923569389,
        "compressed_bytes": 92868260,
        "frames": 4883,
        "compression_ratio": 9.944941242573082,
        "decode_ms": 8.89958381652832,
        "decode_gib_s": 96.6495781074694,
        "compressed_gib_s": 9.718466479593095,
        "decode_ms_iters": [
          8.960000038146973,
          8.963071823120117,
          8.945504188537598,
          8.89958381652832,
          8.986623764038086,
          8.953791618347168,
          8.933343887329102,
          8.975359916687012,
          9.026432037353516,
          8.99891185760498,
          8.982527732849121,
          9.00499153137207,
          9.046175956726074,
          8.957792282104492,
          8.992768287658691,
          8.949631690979004,
          9.030655860900879,
          8.97548770904541,
          9.006175994873047,
          8.997823715209961,
          8.89958381652832,
          9.041919708251953,
          8.996864318847656,
          8.97219181060791,
          8.944640159606934,
          8.966143608093262,
          8.953856468200684,
          8.945664405822754,
          8.93455982208252,
          8.93552017211914
        ]
      },
      {
        "supported": true,
        "iterations": 30,
        "backend": "default",
        "zstd_level": 3,
        "values_per_frame": 2048,
        "raw_bytes": 923569389,
        "compressed_bytes": 90482979,
        "frames": 4883,
        "compression_ratio": 10.207106344277193,
        "decode_ms": 8.831168174743652,
        "decode_gib_s": 97.39832875784774,
        "compressed_gib_s": 9.542207700467033,
        "decode_ms_iters": [
          8.91385555267334,
          8.855551719665527,
          8.892416000366211,
          8.837120056152344,
          8.869791984558105,
          9.01734447479248,
          9.004032135009766,
          8.831168174743652,
          8.83801555633545,
          8.870783805847168,
          8.866751670837402,
          8.883199691772461,
          8.848383903503418,
          8.871935844421387,
          8.931327819824219,
          8.845312118530273,
          8.864768028259277,
          8.868864059448242,
          8.920063972473145,
          8.836095809936523,
          8.875007629394531,
          8.859519958496094,
          8.844287872314453,
          8.841216087341309,
          8.8340482711792,
          8.889344215393066,
          8.963168144226074,
          8.881152153015137,
          8.927231788635254,
          8.890239715576172
        ]
      }
    ]
  }
}
==PROF== Disconnected from process 22993
==PROF== Report: /home/ubuntu/work/ncu_costsurface_synthetic_url_b12.ncu-rep
