==PROF== Connected to process 24350 (/home/ubuntu/work/target/release/onpair-chunk-bench)
2026-06-26T04:05:39.161453Z  INFO vortex_cuda: vortex-cuda/src/lib.rs:111: Registering CUDA kernels
==PROF== Profiling "onpair_u64" - 0 (1/16): 0%....50%....100% - 43 passes
==PROF== Profiling "onpair_u64" - 1 (2/16): 0%....50%....100% - 43 passes
==PROF== Profiling "onpair_u64" - 2 (3/16): 0%....50%....100% - 43 passes
==PROF== Profiling "onpair_u64" - 3 (4/16): 0%....50%....100% - 43 passes
==PROF== Profiling "onpair_u64" - 4 (5/16): 0%....50%....100% - 43 passes
==PROF== Profiling "onpair_u64" - 5 (6/16): 0%....50%....100% - 43 passes
==PROF== Profiling "onpair_u64" - 6 (7/16): 0%....50%....100% - 43 passes
==PROF== Profiling "onpair_u64" - 7 (8/16): 0%....50%....100% - 43 passes
==PROF== Profiling "onpair_u64" - 8 (9/16): 0%....50%....100% - 43 passes
==PROF== Profiling "onpair_u64" - 9 (10/16): 0%....50%....100% - 43 passes
==PROF== Profiling "onpair_u64" - 10 (11/16): 0%....50%....100% - 43 passes
==PROF== Profiling "onpair_u64" - 11 (12/16): 0%....50%....100% - 43 passes
==PROF== Profiling "onpair_u64" - 12 (13/16): 0%....50%....100% - 43 passes
==PROF== Profiling "onpair_u64" - 13 (14/16): 0%....50%....100% - 43 passes
==PROF== Profiling "onpair_u64" - 14 (15/16): 0%....50%....100% - 43 passes
==PROF== Profiling "onpair_u64" - 15 (16/16): 0%....50%....100% - 43 passes
{
  "files": [
    "/home/ubuntu/work/vortex-bench/data/onpair-bench/synthetic/url/bits16_chunk1000mb_thr0.20/part_0000.vortex"
  ],
  "column": "url",
  "rows": 10000000,
  "in_memory_bytes": 95990217,
  "dict_bytes": 4693,
  "gpu": {
    "iterations": 30,
    "decoded_bytes": 923569389,
    "chunks": 1,
    "auto_kernel": "onpair_shmem_4tpt",
    "frac_le8": 0.16365105,
    "dict_mean_len": 5.034446,
    "dict_max_len": 16,
    "dict_entries_max": 929,
    "small_dict": true,
    "distinct_codes": 201,
    "access_top4096_frac": 1.0,
    "compressed_bytes": 158267128,
    "h2d_gib_s": 20.2065766830088,
    "whole_decompress_gib_s": 93.9601285879424,
    "best_kernel": "onpair_shmem_4tpt_ablate_nodrain",
    "auto_decode_ms": 1.859776,
    "best_decode_ms": 0.55808,
    "validated": false,
    "auto_decode_gib_s": 462.49710782348217,
    "best_decode_gib_s": 1541.2503963580928,
    "kernels": [
      {
        "kernel": "onpair",
        "decode_ms": 25.940128,
        "decode_gib_s": 33.15870381208313,
        "decode_ns_iters": [
          4477584362,
          4476779461,
          4476768017,
          4476180553,
          4478277683,
          4455646038,
          4479695797,
          4480579376,
          4478443146,
          4477466583,
          4484633923,
          4452562809,
          4454617023,
          4448112965,
          26161151,
          26058752,
          26080256,
          26151937,
          26086399,
          26125314,
          26047487,
          26108865,
          26005505,
          26111871,
          26002431,
          26039295,
          26045440,
          26075136,
          25940128,
          25950208
        ],
        "applicable": true
      },
      {
        "kernel": "onpair_shmem",
        "decode_ms": 2.444288,
        "decode_gib_s": 351.8983938061,
        "decode_ns_iters": [
          2470912,
          2482176,
          2492416,
          2465792,
          2446336,
          2444480,
          2454528,
          2461696,
          2467840,
          2453504,
          2501632,
          2503680,
          2459584,
          2481152,
          2465856,
          2475968,
          2463744,
          2449408,
          2456576,
          2470912,
          2459584,
          2452480,
          2456448,
          2444288,
          2451456,
          2454528,
          2461696,
          2504704,
          2467840,
          2457408
        ],
        "applicable": true
      },
      {
        "kernel": "onpair_shmem_2tpt",
        "decode_ms": 2.148352,
        "decode_gib_s": 400.3724814180937,
        "decode_ns_iters": [
          2151424,
          2153376,
          2150400,
          2153472,
          2164768,
          2177088,
          2159616,
          2155520,
          2162688,
          2169856,
          2165760,
          2161760,
          2189312,
          2163712,
          2154624,
          2172064,
          2158784,
          2170880,
          2179072,
          2163712,
          2165664,
          2179072,
          2157568,
          2151424,
          2171904,
          2177856,
          2176000,
          2150400,
          2148352,
          2170880
        ],
        "applicable": true
      },
      {
        "kernel": "onpair_shmem_4tpt",
        "decode_ms": 1.859776,
        "decode_gib_s": 462.49710782348217,
        "decode_ns_iters": [
          1865728,
          1868800,
          1862624,
          1869824,
          1879040,
          1883136,
          1873920,
          1899520,
          1886208,
          1882112,
          1870848,
          1883136,
          1885184,
          1881984,
          1888224,
          1897472,
          1875008,
          1880064,
          1871872,
          1876992,
          1885024,
          1885184,
          1863648,
          1872896,
          1861632,
          1860608,
          1885184,
          1882112,
          1863680,
          1859776
        ],
        "applicable": true
      },
      {
        "kernel": "onpair_shmem_4tpt_wpb8",
        "decode_ms": 1.800192,
        "decode_gib_s": 477.8051570052108,
        "decode_ns_iters": [
          1825792,
          1825728,
          1815456,
          1842176,
          1804448,
          1824768,
          1813408,
          1821696,
          1818624,
          1841152,
          1824768,
          1846272,
          1803264,
          1816576,
          1808384,
          1822720,
          1839104,
          1809408,
          1822720,
          1819648,
          1825664,
          1817600,
          1844224,
          1836032,
          1800192,
          1811552,
          1848320,
          1810432,
          1808224,
          1827840
        ],
        "applicable": true
      },
      {
        "kernel": "onpair_shmem_4tpt_wpb8_occ",
        "decode_ms": 1.849344,
        "decode_gib_s": 465.1060166196902,
        "decode_ns_iters": [
          1858528,
          1881088,
          1863680,
          1866752,
          1880064,
          1857536,
          1864672,
          1880064,
          1873920,
          1849344,
          1891328,
          1880064,
          1875968,
          1886208,
          1880064,
          1896448,
          1859584,
          1876960,
          1871872,
          1876832,
          1859584,
          1872896,
          1883136,
          1870848,
          1878016,
          1870848,
          1857536,
          1871968,
          1867776,
          1878016
        ],
        "applicable": true
      },
      {
        "kernel": "onpair_shmem_4tpt_b128",
        "decode_ms": 1.85456,
        "decode_gib_s": 463.79789340842274,
        "decode_ns_iters": [
          1860416,
          1879040,
          1871872,
          1889280,
          1885152,
          1884064,
          1866880,
          1869824,
          1880000,
          1879968,
          1882304,
          1889280,
          1888256,
          1880064,
          1883136,
          1881952,
          1876992,
          1867776,
          1883136,
          1875968,
          1869664,
          1863616,
          1863680,
          1872896,
          1876992,
          1862656,
          1865728,
          1854560,
          1865728,
          1859776
        ],
        "applicable": true
      },
      {
        "kernel": "onpair_shmem_4tpt_o6",
        "decode_ms": 1.876896,
        "decode_gib_s": 458.27846678746425,
        "decode_ns_iters": [
          1887072,
          1891328,
          1876896,
          1876992,
          1892352,
          1906560,
          1911808,
          1912832,
          1898496,
          1907712,
          1926144,
          1899520,
          1897472,
          1900448,
          1890304,
          1890304,
          1902560,
          1894208,
          1896448,
          1900544,
          1895328,
          1915904,
          1913856,
          1899520,
          1912832,
          1896448,
          1918976,
          1913856,
          1888256,
          1900544
        ],
        "applicable": true
      },
      {
        "kernel": "onpair_shmem_4tpt_b512o3",
        "decode_ms": 1.841024,
        "decode_gib_s": 467.2079349316057,
        "decode_ns_iters": [
          1883200,
          1874944,
          1879040,
          1872864,
          1890304,
          1871936,
          1870848,
          1900544,
          1894368,
          1867616,
          1863680,
          1884192,
          1870976,
          1871872,
          1872896,
          1872896,
          1879040,
          1866816,
          1859424,
          1841024,
          1850400,
          1843200,
          1860608,
          1849344,
          1853440,
          1865728,
          1868800,
          1876992,
          1860640,
          1874944
        ],
        "applicable": true
      },
      {
        "kernel": "onpair_shmem_4tpt_b128o12",
        "decode_ms": 1.883136,
        "decode_gib_s": 456.75990539160443,
        "decode_ns_iters": [
          1894240,
          1883136,
          1895424,
          1893376,
          1901472,
          1901568,
          1905664,
          1904640,
          1901568,
          1901568,
          1896448,
          1923072,
          1904544,
          1908736,
          1901568,
          1895424,
          1898496,
          1896448,
          1891328,
          1894400,
          1903616,
          1898496,
          1885184,
          1894400,
          1900384,
          1885184,
          1886208,
          1905664,
          1890304,
          1911808
        ],
        "applicable": true
      },
      {
        "kernel": "onpair_shmem_4tpt_b64",
        "decode_ms": 1.857536,
        "decode_gib_s": 463.054832422911,
        "decode_ns_iters": [
          1886208,
          1887328,
          1892416,
          1879040,
          1894432,
          1886208,
          1884160,
          1890304,
          1892480,
          1883136,
          1887232,
          1882112,
          1874080,
          1884096,
          1874816,
          1889216,
          1892352,
          1878944,
          1875968,
          1881280,
          1878016,
          1857536,
          1883072,
          1875968,
          1888256,
          1889280,
          1894400,
          1886208,
          1881088,
          1878848
        ],
        "applicable": true
      },
      {
        "kernel": "onpair_shmem_4tpt_b64o24",
        "decode_ms": 1.887232,
        "decode_gib_s": 455.76856539075453,
        "decode_ns_iters": [
          1894400,
          1902592,
          1898304,
          1887232,
          1891328,
          1892256,
          1891456,
          1902592,
          1907712,
          1894400,
          1915040,
          1891328,
          1898496,
          1891456,
          1901504,
          1900352,
          1900544,
          1910624,
          1901504,
          1899456,
          1901472,
          1901568,
          1912832,
          1896480,
          1892352,
          1898496,
          1926144,
          1902592,
          1890304,
          1911808
        ],
        "applicable": true
      },
      {
        "kernel": "onpair_shmem_4tpt_split8read_b128o12",
        "decode_ms": 1.816576,
        "decode_gib_s": 473.49575310888423,
        "decode_ns_iters": [
          1823744,
          1832960,
          1836928,
          1846432,
          1848320,
          1839936,
          1816576,
          1838016,
          1845248,
          1833984,
          1835008,
          1836032,
          1826816,
          1844224,
          1852416,
          1855520,
          1859584,
          1838080,
          1844224,
          1864704,
          1861632,
          1856352,
          1849248,
          1840320,
          1835200,
          1818624,
          1827840,
          1852416,
          1833856,
          1834912
        ],
        "applicable": true
      },
      {
        "kernel": "onpair_shmem_4tpt_split8read_occ",
        "decode_ms": 1.80736,
        "decode_gib_s": 475.9101790454167,
        "decode_ns_iters": [
          1807360,
          1807360,
          1825792,
          1827840,
          1822720,
          1846272,
          1835008,
          1817504,
          1829888,
          1839104,
          1829888,
          1841152,
          1831936,
          1833888,
          1830912,
          1834976,
          1839104,
          1839104,
          1823744,
          1835104,
          1849312,
          1841152,
          1838080,
          1847296,
          1833984,
          1835840,
          1851392,
          1842176,
          1831808,
          1822720
        ],
        "applicable": true
      },
      {
        "kernel": "onpair_shmem_4tpt_split8",
        "decode_ms": 1.860608,
        "decode_gib_s": 462.29029500008835,
        "decode_ns_iters": [
          1863840,
          1870816,
          1863488,
          1863776,
          1865728,
          1871872,
          1886208,
          1869824,
          1884160,
          1889280,
          1878016,
          1868800,
          1872864,
          1891328,
          1881088,
          1870848,
          1867776,
          1861632,
          1873920,
          1880064,
          1860608,
          1885184,
          1883008,
          1883136,
          1903776,
          1887232,
          1880064,
          1866752,
          1876800,
          1877824
        ],
        "applicable": true
      },
      {
        "kernel": "onpair_shmem_4tpt_split8_wpb8",
        "decode_ms": 1.816448,
        "decode_gib_s": 473.52911902764316,
        "decode_ns_iters": [
          1833856,
          1824768,
          1823744,
          1816448,
          1850368,
          1826816,
          1843200,
          1855328,
          1848320,
          1847296,
          1846272,
          1827936,
          1829888,
          1849344,
          1854464,
          1842176,
          1834112,
          1838080,
          1823744,
          1846272,
          1849568,
          1841152,
          1829888,
          1834848,
          1848320,
          1833984,
          1824768,
          1842176,
          1840096,
          1853440
        ],
        "applicable": true
      },
      {
        "kernel": "onpair_shmem_4tpt_split8_wpb8_occ",
        "decode_ms": 1.857376,
        "decode_gib_s": 463.0947213701073,
        "decode_ns_iters": [
          1872896,
          1866752,
          1869824,
          1871872,
          1880064,
          1879040,
          1873920,
          1870848,
          1857376,
          1860608,
          1875968,
          1881088,
          1857536,
          1867776,
          1875968,
          1873920,
          1872896,
          1869824,
          1877952,
          1875968,
          1876992,
          1878208,
          1889120,
          1869888,
          1891328,
          1886208,
          1875840,
          1880192,
          1869824,
          1883136
        ],
        "applicable": true
      },
      {
        "kernel": "onpair_shmem_4tpt_pdict",
        "decode_ms": 2.171808,
        "decode_gib_s": 396.0483713106888,
        "decode_ns_iters": [
          2182144,
          2196480,
          2201600,
          2203648,
          2198336,
          2219008,
          2198528,
          2202624,
          2214848,
          2178048,
          2188288,
          2190336,
          2205728,
          2201728,
          2214912,
          2216960,
          2191360,
          2212896,
          2218080,
          2213888,
          2207584,
          2222080,
          2184192,
          2217984,
          2194432,
          2200576,
          2197504,
          2171808,
          2201728,
          2204672
        ],
        "applicable": true
      },
      {
        "kernel": "onpair_shmem_4tpt_vdict",
        "decode_ms": 2.141184,
        "decode_gib_s": 401.7128005811385,
        "decode_ns_iters": [
          2176000,
          2174976,
          2154496,
          2153280,
          2183008,
          2164768,
          2172928,
          2147328,
          2172832,
          2142208,
          2162688,
          2183168,
          2152448,
          2177056,
          2165760,
          2171904,
          2165760,
          2169856,
          2164672,
          2160608,
          2154496,
          2156544,
          2143232,
          2161664,
          2159616,
          2141184,
          2170784,
          2160640,
          2185216,
          2154496
        ],
        "applicable": true
      },
      {
        "kernel": "onpair_shmem_4tpt_split8read",
        "decode_ms": 1.790976,
        "decode_gib_s": 480.2638456347402,
        "decode_ns_iters": [
          1798144,
          1796096,
          1797120,
          1801216,
          1804288,
          1793024,
          1793888,
          1803456,
          1808384,
          1806336,
          1796096,
          1800128,
          1790976,
          1804288,
          1813408,
          1805312,
          1799168,
          1796096,
          1798144,
          1801216,
          1812480,
          1803136,
          1794048,
          1806176,
          1802176,
          1806336,
          1804288,
          1807360,
          1805184,
          1799168
        ],
        "applicable": true
      },
      {
        "kernel": "onpair_shmem_4tpt_ldcs",
        "decode_ms": 2.2784,
        "decode_gib_s": 377.5197600068137,
        "decode_ns_iters": [
          2300928,
          2293696,
          2299904,
          2299072,
          2278400,
          2289664,
          2302976,
          2296768,
          2293760,
          2297856,
          2305024,
          2293760,
          2295712,
          2286400,
          2293760,
          2283648,
          2298880,
          2288736,
          2291712,
          2289664,
          2291584,
          2289664,
          2281472,
          2292736,
          2293760,
          2287616,
          2286560,
          2288640,
          2299904,
          2297856
        ],
        "applicable": true
      },
      {
        "kernel": "onpair_shmem_4tpt_lenbucket",
        "decode_ms": 0.0,
        "decode_gib_s": 0.0,
        "applicable": false,
        "reason": "length-bucket dict not built (set ONPAIR_DICT_REORDER=lenbucket)"
      },
      {
        "kernel": "onpair_shmem_4tpt_lenbucket_b128",
        "decode_ms": 0.0,
        "decode_gib_s": 0.0,
        "applicable": false,
        "reason": "length-bucket dict not built (set ONPAIR_DICT_REORDER=lenbucket)"
      },
      {
        "kernel": "onpair_shmem_4tpt_regcache",
        "decode_ms": 1.831936,
        "decode_gib_s": 469.52569369209647,
        "decode_ns_iters": [
          1847200,
          1840960,
          1837056,
          1837056,
          1843200,
          1842176,
          1844288,
          1846272,
          1843200,
          1840128,
          1844096,
          1844224,
          1836032,
          1837056,
          1831936,
          1844224,
          1844224,
          1847136,
          1843200,
          1845120,
          1844224,
          1848320,
          1837184,
          1841152,
          1848320,
          1843168,
          1845248,
          1836032,
          1841152,
          1845376
        ],
        "applicable": true
      },
      {
        "kernel": "onpair_shmem_4tpt_split4read",
        "decode_ms": 1.822592,
        "decode_gib_s": 471.93284135973624,
        "decode_ns_iters": [
          1833984,
          1843136,
          1855488,
          1840128,
          1850368,
          1832960,
          1853440,
          1838080,
          1843200,
          1838976,
          1832960,
          1835008,
          1849344,
          1851392,
          1851392,
          1839104,
          1828832,
          1828800,
          1837056,
          1828704,
          1837920,
          1837248,
          1822592,
          1840128,
          1831936,
          1839104,
          1826816,
          1825792,
          1823744,
          1840064
        ],
        "applicable": true
      },
      {
        "kernel": "onpair_shmem_4tpt_split4read_b128o12",
        "decode_ms": 1.83808,
        "decode_gib_s": 467.95624847641255,
        "decode_ns_iters": [
          1872832,
          1863680,
          1854432,
          1859584,
          1857536,
          1857536,
          1857440,
          1867776,
          1848320,
          1838080,
          1863680,
          1857600,
          1842176,
          1848320,
          1856512,
          1853440,
          1856512,
          1851392,
          1844224,
          1843200,
          1857504,
          1858560,
          1855392,
          1846272,
          1853408,
          1853440,
          1859584,
          1858432,
          1849344,
          1842176
        ],
        "applicable": true
      },
      {
        "kernel": "onpair_shmem_4tpt_cluster_dsmem",
        "decode_ms": 0.0,
        "decode_gib_s": 0.0,
        "applicable": false,
        "reason": "thread-block clusters require sm_90+ (device cc 8.x)"
      },
      {
        "kernel": "onpair_shmem_8tpt",
        "decode_ms": 1.794144,
        "decode_gib_s": 479.41582236404906,
        "decode_ns_iters": [
          1803200,
          1800192,
          1803264,
          1801216,
          1802240,
          1794144,
          1801216,
          1819648,
          1797120,
          1800096,
          1807360,
          1808384,
          1799168,
          1803264,
          1801216,
          1803072,
          1801216,
          1799168,
          1800192,
          1802048,
          1806336,
          1801056,
          1801056,
          1804160,
          1799168,
          1809408,
          1809536,
          1822720,
          1807360,
          1801056
        ],
        "applicable": true
      },
      {
        "kernel": "onpair_shmem_8tpt_b128",
        "decode_ms": 1.772512,
        "decode_gib_s": 485.26668434375864,
        "decode_ns_iters": [
          1799168,
          1783808,
          1784704,
          1780864,
          1801056,
          1780736,
          1774592,
          1777664,
          1788928,
          1787904,
          1792000,
          1794048,
          1782784,
          1784832,
          1779712,
          1781760,
          1784640,
          1791840,
          1814528,
          1797952,
          1791904,
          1793120,
          1793024,
          1778688,
          1772512,
          1784832,
          1784832,
          1778688,
          1792000,
          1783808
        ],
        "applicable": true
      },
      {
        "kernel": "onpair_shmem_4tpt_vwidth",
        "decode_ms": 2.133952,
        "decode_gib_s": 403.07421216574903,
        "decode_ns_iters": [
          2133952,
          2141024,
          2142208,
          2136064,
          2137024,
          2135040,
          2137088,
          2138112,
          2139136,
          2154496,
          2144256,
          2141184,
          2142208,
          2158592,
          2143232,
          2147328,
          2164736,
          2147200,
          2146304,
          2147328,
          2142208,
          2154368,
          2165760,
          2153408,
          2156544,
          2157568,
          2157568,
          2158592,
          2151424,
          2158592
        ],
        "applicable": true
      },
      {
        "kernel": "onpair_shmem_4tpt_vwidth_b128",
        "decode_ms": 3.643232,
        "decode_gib_s": 236.09284865732528,
        "decode_ns_iters": [
          3698688,
          3698688,
          3698688,
          3697664,
          3696640,
          3695616,
          3696640,
          3694592,
          3675136,
          3673088,
          3669184,
          3667968,
          3695616,
          3658752,
          3647456,
          3646464,
          3644416,
          3645440,
          3664896,
          3644416,
          3645440,
          3647488,
          3643232,
          3644480,
          3643392,
          3645600,
          3646464,
          3646464,
          3645344,
          3662848
        ],
        "applicable": true
      },
      {
        "kernel": "onpair_shmem_4tpt_vwidth4",
        "decode_ms": 1.90976,
        "decode_gib_s": 450.3922069786384,
        "decode_ns_iters": [
          1925120,
          1918976,
          1931264,
          1909760,
          1934336,
          1920000,
          1941504,
          1937408,
          1937408,
          1936384,
          1916928,
          1922048,
          1916992,
          1939424,
          1923072,
          1930240,
          1927168,
          1924096,
          1930048,
          1918976,
          1930240,
          1941504,
          1943552,
          1916928,
          1940480,
          1930240,
          1940480,
          1922048,
          1953792,
          1934336
        ],
        "applicable": true
      },
      {
        "kernel": "onpair_shmem_4tpt_vwidth4_b128",
        "decode_ms": 1.929216,
        "decode_gib_s": 445.8500350398941,
        "decode_ns_iters": [
          1946624,
          2002880,
          1960800,
          1938432,
          1941504,
          1952896,
          1959936,
          1951744,
          1968224,
          1979392,
          1964032,
          1951744,
          1953792,
          1983584,
          1983488,
          1958912,
          1960960,
          1943552,
          1974272,
          1952768,
          1977344,
          1940416,
          1957888,
          1970176,
          1967104,
          1957984,
          1931264,
          1966080,
          1929216,
          1960960
        ],
        "applicable": true
      },
      {
        "kernel": "onpair_shmem_4tpt_shdict8",
        "decode_ms": 2.311168,
        "decode_gib_s": 372.1672423638284,
        "decode_ns_iters": [
          2325504,
          2345984,
          2332672,
          2346112,
          2326528,
          2337792,
          2335744,
          2332672,
          2334752,
          2342912,
          2333696,
          2322432,
          2334720,
          2332672,
          2333696,
          2332672,
          2343936,
          2333696,
          2330624,
          2334720,
          2320384,
          2311168,
          2323456,
          2343072,
          2348032,
          2323424,
          2359296,
          2326688,
          2349056,
          2334720
        ],
        "applicable": true
      },
      {
        "kernel": "onpair_shmem_4tpt_ablate",
        "decode_ms": 1.882112,
        "decode_gib_s": 457.0084145893148,
        "decode_ns_iters": [
          1882112,
          1893376,
          1894400,
          1908736,
          1896352,
          1901568,
          1888256,
          1891200,
          1896448,
          1897312,
          1890304,
          1902592,
          1890304,
          1894400,
          1897472,
          1904512,
          1892352,
          1902592,
          1901568,
          1897472,
          1907712,
          1906688,
          1903584,
          1902592,
          1910784,
          1910784,
          1895424,
          1894400,
          1900544,
          1901568
        ],
        "applicable": true
      },
      {
        "kernel": "onpair_shmem_4tpt_ablate_nogather",
        "decode_ms": 1.8944,
        "decode_gib_s": 454.04403568387056,
        "decode_ns_iters": [
          1896448,
          1894400,
          1913888,
          1912832,
          1904640,
          1904640,
          1902592,
          1917920,
          1924096,
          1903616,
          1916928,
          1912832,
          1906688,
          1905568,
          1912832,
          1898496,
          1910784,
          1900480,
          1902592,
          1916928,
          1910912,
          1901568,
          1906688,
          1909760,
          1896576,
          1915904,
          1922048,
          1899520,
          1908736,
          1917952
        ],
        "applicable": true
      },
      {
        "kernel": "onpair_shmem_4tpt_ablate_noemit",
        "decode_ms": 1.961984,
        "decode_gib_s": 438.40368789935314,
        "decode_ns_iters": [
          1994752,
          1961984,
          1983488,
          1974272,
          1972416,
          1971008,
          1970016,
          1980384,
          1990528,
          1970176,
          1976320,
          1973248,
          1976320,
          1972064,
          1967936,
          1989632,
          1970144,
          1971104,
          1969152,
          1966080,
          1981440,
          1983488,
          1980416,
          1975296,
          1988608,
          1973248,
          1985344,
          1982464,
          1979392,
          1979296
        ],
        "applicable": true
      },
      {
        "kernel": "onpair_shmem_4tpt_ablate_nodrain",
        "decode_ms": 0.55808,
        "decode_gib_s": 1541.2503963580928,
        "decode_ns_iters": [
          577536,
          564224,
          564224,
          562176,
          564224,
          564224,
          565280,
          563200,
          570272,
          561152,
          569344,
          567296,
          563200,
          564224,
          561152,
          565248,
          566208,
          594944,
          560128,
          564224,
          562176,
          565248,
          562176,
          558944,
          563392,
          568224,
          564224,
          559104,
          568320,
          558080
        ],
        "applicable": true
      },
      {
        "kernel": "onpair_shmem_4tpt_ablate_noscan",
        "decode_ms": 1.650688,
        "decode_gib_s": 521.0803139051865,
        "decode_ns_iters": [
          1668096,
          1667072,
          1656832,
          1660064,
          1664000,
          1668096,
          1652736,
          1672064,
          1672192,
          1665024,
          1685472,
          1668096,
          1656832,
          1659904,
          1657856,
          1668992,
          1662976,
          1657952,
          1652704,
          1658880,
          1658880,
          1661952,
          1671168,
          1663904,
          1672192,
          1654784,
          1662976,
          1656832,
          1673216,
          1650688
        ],
        "applicable": true
      },
      {
        "kernel": "onpair_shmem_4tpt_ablate_cfree",
        "decode_ms": 1.875808,
        "decode_gib_s": 458.54427595975943,
        "decode_ns_iters": [
          1894400,
          1891360,
          1892352,
          1888256,
          1886208,
          1892288,
          1902592,
          1899488,
          1891328,
          1884160,
          1891328,
          1886144,
          1901568,
          1900544,
          1899520,
          1892352,
          1887232,
          1885088,
          1892352,
          1875808,
          1894400,
          1888256,
          1898400,
          1892352,
          1894400,
          1885184,
          1886208,
          1890304,
          1896448,
          1894400
        ],
        "applicable": true
      },
      {
        "kernel": "onpair_shmem_s8",
        "decode_ms": 0.0,
        "decode_gib_s": 0.0,
        "applicable": false,
        "reason": "dictionary entry longer than 8 bytes"
      },
      {
        "kernel": "onpair_shmem_s8_2tpt",
        "decode_ms": 0.0,
        "decode_gib_s": 0.0,
        "applicable": false,
        "reason": "dictionary entry longer than 8 bytes"
      },
      {
        "kernel": "onpair_shmem_s8_4tpt",
        "decode_ms": 0.0,
        "decode_gib_s": 0.0,
        "applicable": false,
        "reason": "dictionary entry longer than 8 bytes"
      },
      {
        "kernel": "onpair_shmem_s8_8tpt",
        "decode_ms": 0.0,
        "decode_gib_s": 0.0,
        "applicable": false,
        "reason": "dictionary entry longer than 8 bytes"
      },
      {
        "kernel": "onpair_shmem_s4l1",
        "decode_ms": 0.0,
        "decode_gib_s": 0.0,
        "applicable": false,
        "reason": "dictionary entry longer than 4 bytes"
      },
      {
        "kernel": "onpair_shmem_s4l1_2tpt",
        "decode_ms": 0.0,
        "decode_gib_s": 0.0,
        "applicable": false,
        "reason": "dictionary entry longer than 4 bytes"
      },
      {
        "kernel": "onpair_shmem_s4l1_4tpt",
        "decode_ms": 0.0,
        "decode_gib_s": 0.0,
        "applicable": false,
        "reason": "dictionary entry longer than 4 bytes"
      },
      {
        "kernel": "onpair_shmem_s4l1_8tpt",
        "decode_ms": 0.0,
        "decode_gib_s": 0.0,
        "applicable": false,
        "reason": "dictionary entry longer than 4 bytes"
      },
      {
        "kernel": "onpair_shmem_s4l1_16tpt",
        "decode_ms": 0.0,
        "decode_gib_s": 0.0,
        "applicable": false,
        "reason": "dictionary entry longer than 4 bytes"
      },
      {
        "kernel": "onpair_shmem_s4l1_32tpt",
        "decode_ms": 0.0,
        "decode_gib_s": 0.0,
        "applicable": false,
        "reason": "dictionary entry longer than 4 bytes"
      },
      {
        "kernel": "onpair_shmem_const1",
        "decode_ms": 0.0,
        "decode_gib_s": 0.0,
        "applicable": false,
        "reason": "not every dictionary entry is exactly 1 byte"
      },
      {
        "kernel": "onpair_shmem_const2",
        "decode_ms": 0.0,
        "decode_gib_s": 0.0,
        "applicable": false,
        "reason": "not every dictionary entry is exactly 2 bytes"
      }
    ],
    "nvcomp_zstd_hw": {
      "supported": false,
      "error": "failed to prepare nvCOMP zstd hardware decode: Other error: nvcomp get_decompress_temp_size failed: nvcomp: invalid value",
      "iterations": 30,
      "backend": "hardware",
      "zstd_level": -10,
      "values_per_frame": 2048,
      "raw_bytes": 923569389,
      "compressed_bytes": 0,
      "frames": 0,
      "compression_ratio": 0.0,
      "decode_ms": 0.0,
      "decode_gib_s": 0.0,
      "compressed_gib_s": 0.0
    },
    "nvcomp_zstd": [
      {
        "supported": true,
        "iterations": 30,
        "backend": "default",
        "zstd_level": -10,
        "values_per_frame": 2048,
        "raw_bytes": 923569389,
        "compressed_bytes": 107979862,
        "frames": 4883,
        "compression_ratio": 8.553163264831733,
        "decode_ms": 8.911968231201172,
        "decode_gib_s": 96.5152701272133,
        "compressed_gib_s": 11.284160858247343,
        "decode_ms_iters": [
          8.962047576904297,
          8.942591667175293,
          8.923135757446289,
          8.952832221984863,
          8.966143608093262,
          8.965120315551758,
          8.911968231201172,
          8.949760437011719,
          8.978431701660156,
          8.946687698364258,
          8.962976455688477,
          8.955904006958008,
          8.948736190795898,
          8.91494369506836,
          8.923135757446289,
          8.99891185760498,
          8.942591667175293,
          8.961024284362793,
          8.957951545715332,
          8.936448097229004,
          8.937567710876465,
          9.0,
          8.968192100524902,
          8.984576225280762,
          8.996735572814941,
          8.957823753356934,
          8.91801643371582,
          8.943615913391113,
          8.95910358428955,
          8.972288131713867
        ]
      },
      {
        "supported": true,
        "iterations": 30,
        "backend": "default",
        "zstd_level": 1,
        "values_per_frame": 2048,
        "raw_bytes": 923569389,
        "compressed_bytes": 92868260,
        "frames": 4883,
        "compression_ratio": 9.944941242573082,
        "decode_ms": 8.922112464904785,
        "decode_gib_s": 96.40553451695406,
        "compressed_gib_s": 9.693927009267155,
        "decode_ms_iters": [
          8.981504440307617,
          8.987648010253906,
          8.934399604797363,
          8.946687698364258,
          8.935423851013184,
          8.957951545715332,
          8.951807975769043,
          8.961024284362793,
          8.964192390441895,
          8.929344177246094,
          8.935423851013184,
          8.982463836669922,
          9.028608322143555,
          8.98755168914795,
          8.94262409210205,
          8.974335670471191,
          8.943615913391113,
          8.976384162902832,
          8.995840072631836,
          8.943424224853516,
          8.928256034851074,
          8.922112464904785,
          8.931232452392578,
          8.99788761138916,
          9.018367767333984,
          8.938495635986328,
          8.947711944580078,
          8.949888229370117,
          8.952735900878906,
          8.926207542419434
        ]
      },
      {
        "supported": true,
        "iterations": 30,
        "backend": "default",
        "zstd_level": 3,
        "values_per_frame": 2048,
        "raw_bytes": 923569389,
        "compressed_bytes": 90482979,
        "frames": 4883,
        "compression_ratio": 10.207106344277193,
        "decode_ms": 8.81663990020752,
        "decode_gib_s": 97.55882410251088,
        "compressed_gib_s": 9.557931583343313,
        "decode_ms_iters": [
          8.880127906799316,
          8.880127906799316,
          8.910847663879395,
          8.85536003112793,
          8.875007629394531,
          8.93337631225586,
          8.879103660583496,
          8.868672370910645,
          8.888319969177246,
          8.847359657287598,
          8.872960090637207,
          8.81663990020752,
          8.904800415039062,
          8.872960090637207,
          8.892383575439453,
          8.887295722961426,
          8.91494369506836,
          8.938495635986328,
          8.903679847717285,
          8.873984336853027,
          8.91494369506836,
          8.977408409118652,
          8.894463539123535,
          8.90777587890625,
          8.90777587890625,
          8.890368461608887,
          8.932160377502441,
          8.90060806274414,
          8.92518424987793,
          8.890175819396973
        ]
      }
    ]
  }
}
==PROF== Disconnected from process 24350
==PROF== Report: /home/ubuntu/work/ncu_costsurface_synthetic_url_b16.ncu-rep
