==PROF== Connected to process 45836 (/home/ubuntu/work/target/release/onpair-chunk-bench)
2026-06-26T05:25:42.783549Z  INFO vortex_cuda: vortex-cuda/src/lib.rs:111: Registering CUDA kernels
==PROF== Profiling "onpair_u64" - 0 (1/16): 0%
==WARNING== Launching the workload is taking more time than expected. If this continues to hang, terminate the profile and re-try by profiling the range of all related launches using '--replay-mode range'. See https://docs.nvidia.com/nsight-compute/ProfilingGuide/index.html#replay for more details.
....50%....100% - 43 passes
==PROF== Profiling "onpair_u64" - 1 (2/16): 0%....50%....100% - 43 passes
==PROF== Profiling "onpair_u64" - 2 (3/16): 0%....50%....100% - 43 passes
==PROF== Profiling "onpair_u64" - 3 (4/16): 0%....50%....100% - 43 passes
==PROF== Profiling "onpair_u64" - 4 (5/16): 0%....50%....100% - 43 passes
==PROF== Profiling "onpair_u64" - 5 (6/16): 0%....50%....100% - 43 passes
==PROF== Profiling "onpair_u64" - 6 (7/16): 0%....50%....100% - 43 passes
==PROF== Profiling "onpair_u64" - 7 (8/16): 0%....50%....100% - 43 passes
==PROF== Profiling "onpair_u64" - 8 (9/16): 0%....50%....100% - 43 passes
==PROF== Profiling "onpair_u64" - 9 (10/16): 0%....50%....100% - 43 passes
==PROF== Profiling "onpair_u64" - 10 (11/16): 0%....50%....100% - 43 passes
==PROF== Profiling "onpair_u64" - 11 (12/16): 0%....50%....100% - 43 passes
==PROF== Profiling "onpair_u64" - 12 (13/16): 0%....50%....100% - 43 passes
==PROF== Profiling "onpair_u64" - 13 (14/16): 0%....50%....100% - 43 passes
==PROF== Profiling "onpair_u64" - 14 (15/16): 0%....50%....100% - 43 passes
==PROF== Profiling "onpair_u64" - 15 (16/16): 0%....50%....100% - 43 passes
{
  "files": [
    "/home/ubuntu/work/vortex-bench/data/onpair-bench/wikipedia/text/bits12_chunk1000mb_thr0.20/part_0000.vortex"
  ],
  "column": "text",
  "rows": 156289,
  "in_memory_bytes": 323316124,
  "dict_bytes": 17155,
  "gpu": {
    "iterations": 30,
    "decoded_bytes": 703062420,
    "chunks": 1,
    "auto_kernel": "onpair_shmem_4tpt_split8read",
    "frac_le8": 0.9836795,
    "dict_mean_len": 4.184326,
    "dict_max_len": 15,
    "dict_entries_max": 4096,
    "small_dict": true,
    "distinct_codes": 4046,
    "access_top4096_frac": 1.0,
    "compressed_bytes": 430276711,
    "h2d_gib_s": 20.079589065587488,
    "whole_decompress_gib_s": 27.56745186841143,
    "best_kernel": "onpair_shmem_4tpt_ablate_noemit",
    "auto_decode_ms": 3.794944,
    "best_decode_ms": 1.774592,
    "validated": false,
    "auto_decode_gib_s": 172.5395429049253,
    "best_decode_gib_s": 368.97377149778026,
    "kernels": [
      {
        "kernel": "onpair",
        "decode_ms": 529.85549,
        "decode_gib_s": 1.2357669505505906,
        "decode_ns_iters": [
          239827896118,
          239828842163,
          239821914673,
          239812438965,
          239828109741,
          239825912476,
          239829971313,
          239822753906,
          239822845459,
          239848983765,
          239849029541,
          239820617676,
          239841186523,
          239834747314,
          529876888,
          530062199,
          529855490,
          529901564,
          529976308,
          529882133,
          529894412,
          529931247,
          529941499,
          529917121,
          529906631,
          529933274,
          529951692,
          529859424,
          529927194,
          529916942
        ],
        "applicable": true
      },
      {
        "kernel": "onpair_shmem",
        "decode_ms": 2.221056,
        "decode_gib_s": 294.80476994267093,
        "decode_ns_iters": [
          2223104,
          2224096,
          2223104,
          2221056,
          2225120,
          2237600,
          2227200,
          2224128,
          2225152,
          2225152,
          2241536,
          2224128,
          2224288,
          2223104,
          2228224,
          2235392,
          2225152,
          2223104,
          2237440,
          2247680,
          2260992,
          2243584,
          2246656,
          2245664,
          2239488,
          2243520,
          2262976,
          2275328,
          2275328,
          2277376
        ],
        "applicable": true
      },
      {
        "kernel": "onpair_shmem_2tpt",
        "decode_ms": 1.802272,
        "decode_gib_s": 363.30692765009326,
        "decode_ns_iters": [
          1807552,
          1809408,
          1808384,
          1807360,
          1809408,
          1804288,
          1802272,
          1809408,
          1808384,
          1810432,
          1809408,
          1809344,
          1811456,
          1812480,
          1810432,
          1810432,
          1810592,
          1810432,
          1808320,
          1815552,
          1809408,
          1809408,
          1808384,
          1818624,
          1814336,
          1811456,
          1814528,
          1831936,
          1830912,
          1830912
        ],
        "applicable": true
      },
      {
        "kernel": "onpair_shmem_4tpt",
        "decode_ms": 3.270656,
        "decode_gib_s": 200.19772886839488,
        "decode_ns_iters": [
          3527680,
          3529728,
          3528704,
          3540992,
          3529760,
          3522560,
          3418112,
          3417248,
          3416064,
          3417088,
          3409920,
          3357696,
          3347424,
          3342336,
          3339264,
          3338240,
          3323904,
          3291136,
          3295232,
          3294208,
          3293184,
          3305472,
          3293184,
          3292000,
          3292160,
          3293184,
          3293184,
          3293088,
          3273728,
          3270656
        ],
        "applicable": true
      },
      {
        "kernel": "onpair_shmem_4tpt_wpb8",
        "decode_ms": 3.698688,
        "decode_gib_s": 177.0297746416537,
        "decode_ns_iters": [
          3698688,
          3700736,
          3701760,
          3699712,
          3702784,
          3699712,
          3701792,
          3700736,
          3702624,
          3700928,
          3704832,
          3699712,
          3699712,
          3699712,
          3702592,
          3704736,
          3700736,
          3699872,
          3716096,
          3701760,
          3701760,
          3699712,
          3699712,
          3698688,
          3700736,
          3700736,
          3715072,
          3700608,
          3699872,
          3702784
        ],
        "applicable": true
      },
      {
        "kernel": "onpair_shmem_4tpt_wpb8_occ",
        "decode_ms": 3.892224,
        "decode_gib_s": 168.22718916223445,
        "decode_ns_iters": [
          3896224,
          3892224,
          3895392,
          3893248,
          3897344,
          3894304,
          3896320,
          3892224,
          3894272,
          3903488,
          3897344,
          3897344,
          3898368,
          3894112,
          3896320,
          3895296,
          3896192,
          3893408,
          3897216,
          3895328,
          3896320,
          3894368,
          3896320,
          3894272,
          3914656,
          3892288,
          3894272,
          3896320,
          3894272,
          3895296
        ],
        "applicable": true
      },
      {
        "kernel": "onpair_shmem_4tpt_b128",
        "decode_ms": 3.966976,
        "decode_gib_s": 165.05718792092236,
        "decode_ns_iters": [
          3966976,
          3973120,
          3968064,
          3971072,
          3976160,
          3987456,
          3968832,
          3970048,
          3968000,
          3968000,
          3969024,
          3968000,
          3974144,
          3970048,
          3968000,
          3972096,
          3968000,
          3967872,
          3987456,
          3971040,
          3971072,
          3974144,
          3973120,
          3972000,
          3987456,
          3973120,
          3966976,
          3969024,
          3968000,
          3970048
        ],
        "applicable": true
      },
      {
        "kernel": "onpair_shmem_4tpt_o6",
        "decode_ms": 4.10624,
        "decode_gib_s": 159.45923840539982,
        "decode_ns_iters": [
          4109312,
          4113408,
          4109280,
          4108288,
          4108288,
          4108288,
          4111168,
          4126720,
          4111360,
          4108288,
          4108288,
          4108288,
          4110176,
          4108288,
          4121600,
          4114432,
          4106240,
          4109312,
          4109312,
          4106272,
          4111360,
          4108224,
          4108288,
          4109120,
          4128896,
          4108288,
          4106240,
          4109312,
          4107264,
          4109312
        ],
        "applicable": true
      },
      {
        "kernel": "onpair_shmem_4tpt_b512o3",
        "decode_ms": 3.442688,
        "decode_gib_s": 190.1937971462383,
        "decode_ns_iters": [
          3442688,
          3443648,
          3452928,
          3443712,
          3443584,
          3442688,
          3442688,
          3449760,
          3447680,
          3446784,
          3457984,
          3442688,
          3445760,
          3442688,
          3444704,
          3444736,
          3444864,
          3446784,
          3445664,
          3442688,
          3446784,
          3446784,
          3443712,
          3443712,
          3445760,
          3445760,
          3464192,
          3444736,
          3446688,
          3443616
        ],
        "applicable": true
      },
      {
        "kernel": "onpair_shmem_4tpt_b128o12",
        "decode_ms": 4.236128,
        "decode_gib_s": 154.56990513737756,
        "decode_ns_iters": [
          4246336,
          4242432,
          4239360,
          4239360,
          4244320,
          4252672,
          4244480,
          4242432,
          4240256,
          4239520,
          4241408,
          4237408,
          4238240,
          4241408,
          4253696,
          4240384,
          4243456,
          4244512,
          4236128,
          4242432,
          4243456,
          4243456,
          4241408,
          4257792,
          4238336,
          4242432,
          4242432,
          4245504,
          4243456,
          4242432
        ],
        "applicable": true
      },
      {
        "kernel": "onpair_shmem_4tpt_b64",
        "decode_ms": 3.97824,
        "decode_gib_s": 164.58984453169967,
        "decode_ns_iters": [
          3983360,
          3981312,
          3983360,
          3980288,
          3979200,
          3982336,
          3984384,
          3978240,
          3983360,
          3978240,
          3980288,
          3983360,
          3978240,
          3982432,
          3983360,
          3983456,
          3980288,
          3985408,
          3979264,
          3981312,
          3981312,
          3981312,
          3981312,
          3981312,
          3980288,
          3980288,
          3982336,
          3984384,
          3984384,
          3980288
        ],
        "applicable": true
      },
      {
        "kernel": "onpair_shmem_4tpt_b64o24",
        "decode_ms": 4.29056,
        "decode_gib_s": 152.60896086053774,
        "decode_ns_iters": [
          4300800,
          4296704,
          4296544,
          4296704,
          4296704,
          4290560,
          4293632,
          4293760,
          4302848,
          4295680,
          4293600,
          4296896,
          4293632,
          4299776,
          4298624,
          4297728,
          4295680,
          4295680,
          4294656,
          4295584,
          4293632,
          4295680,
          4297728,
          4293632,
          4292608,
          4296512,
          4294656,
          4293632,
          4299776,
          4296704
        ],
        "applicable": true
      },
      {
        "kernel": "onpair_shmem_4tpt_split8read_b128o12",
        "decode_ms": 4.494208,
        "decode_gib_s": 145.69372470294851,
        "decode_ns_iters": [
          4499456,
          4495360,
          4516864,
          4496384,
          4497408,
          4496544,
          4495360,
          4495360,
          4496480,
          4515840,
          4494208,
          4499456,
          4499296,
          4497408,
          4497408,
          4495360,
          4499456,
          4496384,
          4499296,
          4500416,
          4494336,
          4496384,
          4496384,
          4495360,
          4499456,
          4496384,
          4514816,
          4496384,
          4497408,
          4496384
        ],
        "applicable": true
      },
      {
        "kernel": "onpair_shmem_4tpt_split8read_occ",
        "decode_ms": 4.178944,
        "decode_gib_s": 156.68501494870208,
        "decode_ns_iters": [
          4181952,
          4179968,
          4193280,
          4182912,
          4183040,
          4181920,
          4180992,
          4179008,
          4181856,
          4180128,
          4179968,
          4180992,
          4182016,
          4198400,
          4180992,
          4179968,
          4182016,
          4182016,
          4198272,
          4181984,
          4180960,
          4182016,
          4182016,
          4199296,
          4183040,
          4179968,
          4188160,
          4179968,
          4182912,
          4178944
        ],
        "applicable": true
      },
      {
        "kernel": "onpair_shmem_4tpt_split8",
        "decode_ms": 3.475264,
        "decode_gib_s": 188.4109820461953,
        "decode_ns_iters": [
          3478528,
          3476384,
          3475520,
          3477504,
          3476480,
          3478400,
          3476480,
          3477440,
          3477344,
          3475264,
          3476480,
          3477504,
          3478688,
          3481600,
          3476352,
          3477504,
          3490816,
          3477504,
          3477504,
          3477504,
          3475328,
          3475456,
          3477504,
          3477504,
          3481600,
          3475456,
          3477440,
          3477504,
          3478528,
          3478528
        ],
        "applicable": true
      },
      {
        "kernel": "onpair_shmem_4tpt_split8_wpb8",
        "decode_ms": 3.767296,
        "decode_gib_s": 173.80580212167797,
        "decode_ns_iters": [
          3771360,
          3772416,
          3771392,
          3769344,
          3769344,
          3769344,
          3770368,
          3793856,
          3790944,
          3785728,
          3770368,
          3772416,
          3770368,
          3778592,
          3777536,
          3768320,
          3770368,
          3770368,
          3772256,
          3769344,
          3769184,
          3769312,
          3769344,
          3767296,
          3771392,
          3772416,
          3771328,
          3768320,
          3770368,
          3767296
        ],
        "applicable": true
      },
      {
        "kernel": "onpair_shmem_4tpt_split8_wpb8_occ",
        "decode_ms": 3.982336,
        "decode_gib_s": 164.4205569569692,
        "decode_ns_iters": [
          3983360,
          3987456,
          3985248,
          3984384,
          3983360,
          3983360,
          3984384,
          3982336,
          3985408,
          3983360,
          3984384,
          3988288,
          3984256,
          3982336,
          3983360,
          3984352,
          3984384,
          4004864,
          3987264,
          3983200,
          3986432,
          3991552,
          3993600,
          4004800,
          3988480,
          3984384,
          3987328,
          3982336,
          3983360,
          3999744
        ],
        "applicable": true
      },
      {
        "kernel": "onpair_shmem_4tpt_pdict",
        "decode_ms": 2.604032,
        "decode_gib_s": 251.4477176585345,
        "decode_ns_iters": [
          2612224,
          2618368,
          2624672,
          2618368,
          2614272,
          2616320,
          2604032,
          2636800,
          2611200,
          2610176,
          2605920,
          2612224,
          2632704,
          2615296,
          2604032,
          2615296,
          2620576,
          2622464,
          2617216,
          2620416,
          2609152,
          2622464,
          2614272,
          2637824,
          2611200,
          2620416,
          2614272,
          2612224,
          2618368,
          2616320
        ],
        "applicable": true
      },
      {
        "kernel": "onpair_shmem_4tpt_vdict",
        "decode_ms": 2.288672,
        "decode_gib_s": 286.09512551811224,
        "decode_ns_iters": [
          2312192,
          2297856,
          2295808,
          2305024,
          2292736,
          2292736,
          2298880,
          2288672,
          2289664,
          2324480,
          2306048,
          2306048,
          2302976,
          2307072,
          2300928,
          2335744,
          2318336,
          2352128,
          2327552,
          2346080,
          2326528,
          2352128,
          2340864,
          2347872,
          2329440,
          2324480,
          2324480,
          2322432,
          2323456,
          2338816
        ],
        "applicable": true
      },
      {
        "kernel": "onpair_shmem_4tpt_split8read",
        "decode_ms": 3.794944,
        "decode_gib_s": 172.5395429049253,
        "decode_ns_iters": [
          3975296,
          3974176,
          3974144,
          3974144,
          3930048,
          3881984,
          3881920,
          3897344,
          3885920,
          3847296,
          3826752,
          3824640,
          3823616,
          3824640,
          3825664,
          3824640,
          3825664,
          3826752,
          3823712,
          3815424,
          3794944,
          3796992,
          3799904,
          3796960,
          3799040,
          3800064,
          3799040,
          3799040,
          3798016,
          3798016
        ],
        "applicable": true
      },
      {
        "kernel": "onpair_shmem_4tpt_ldcs",
        "decode_ms": 3.293024,
        "decode_gib_s": 198.83787761941272,
        "decode_ns_iters": [
          3296256,
          3311616,
          3296256,
          3298144,
          3299328,
          3296256,
          3298304,
          3293024,
          3294208,
          3295392,
          3298304,
          3297280,
          3296256,
          3298304,
          3295232,
          3295232,
          3313664,
          3296256,
          3299328,
          3294208,
          3297280,
          3299328,
          3296128,
          3295232,
          3297280,
          3297280,
          3296256,
          3297248,
          3295232,
          3293248
        ],
        "applicable": true
      },
      {
        "kernel": "onpair_shmem_4tpt_lenbucket",
        "decode_ms": 0.0,
        "decode_gib_s": 0.0,
        "applicable": false,
        "reason": "length-bucket dict not built (set ONPAIR_DICT_REORDER=lenbucket)"
      },
      {
        "kernel": "onpair_shmem_4tpt_lenbucket_b128",
        "decode_ms": 0.0,
        "decode_gib_s": 0.0,
        "applicable": false,
        "reason": "length-bucket dict not built (set ONPAIR_DICT_REORDER=lenbucket)"
      },
      {
        "kernel": "onpair_shmem_4tpt_regcache",
        "decode_ms": 3.36784,
        "decode_gib_s": 194.4207275612229,
        "decode_ns_iters": [
          3368864,
          3368960,
          3368960,
          3386368,
          3372032,
          3367936,
          3368960,
          3368960,
          3371008,
          3368896,
          3367936,
          3401696,
          3396608,
          3392512,
          3391488,
          3391488,
          3391584,
          3368960,
          3369984,
          3367936,
          3368896,
          3367904,
          3368960,
          3367840,
          3368896,
          3368768,
          3371008,
          3378176,
          3396512,
          3388416
        ],
        "applicable": true
      },
      {
        "kernel": "onpair_shmem_4tpt_split4read",
        "decode_ms": 2.368512,
        "decode_gib_s": 276.4511655882634,
        "decode_ns_iters": [
          2369536,
          2371584,
          2370560,
          2370560,
          2388992,
          2371584,
          2372608,
          2371584,
          2371552,
          2373696,
          2370560,
          2368512,
          2373440,
          2372608,
          2369536,
          2389824,
          2374656,
          2370752,
          2370560,
          2374656,
          2411520,
          2422784,
          2425728,
          2423808,
          2422752,
          2421760,
          2424832,
          2425856,
          2424704,
          2415680
        ],
        "applicable": true
      },
      {
        "kernel": "onpair_shmem_4tpt_split4read_b128o12",
        "decode_ms": 2.738176,
        "decode_gib_s": 239.12922438506104,
        "decode_ns_iters": [
          2772992,
          2754560,
          2739264,
          2738176,
          2739264,
          2739168,
          2739200,
          2739200,
          2754656,
          2756448,
          2755584,
          2761824,
          2753536,
          2754560,
          2771968,
          2756608,
          2755584,
          2757632,
          2755584,
          2756608,
          2757504,
          2756608,
          2757728,
          2758656,
          2755584,
          2756576,
          2757504,
          2756608,
          2754432,
          2771776
        ],
        "applicable": true
      },
      {
        "kernel": "onpair_shmem_4tpt_cluster_dsmem",
        "decode_ms": 0.0,
        "decode_gib_s": 0.0,
        "applicable": false,
        "reason": "thread-block clusters require sm_90+ (device cc 8.x)"
      },
      {
        "kernel": "onpair_shmem_8tpt",
        "decode_ms": 3.084288,
        "decode_gib_s": 212.29466998859667,
        "decode_ns_iters": [
          3164160,
          3165184,
          3151872,
          3145728,
          3146752,
          3152896,
          3144704,
          3146752,
          3117056,
          3108864,
          3105792,
          3104768,
          3108000,
          3105792,
          3104768,
          3104768,
          3116032,
          3106976,
          3101696,
          3103744,
          3102720,
          3087360,
          3084288,
          3084384,
          3087392,
          3084288,
          3084384,
          3087296,
          3084480,
          3085312
        ],
        "applicable": true
      },
      {
        "kernel": "onpair_shmem_8tpt_b128",
        "decode_ms": 3.36384,
        "decode_gib_s": 194.65191659228407,
        "decode_ns_iters": [
          3366912,
          3366912,
          3368960,
          3366912,
          3366912,
          3366912,
          3364864,
          3381248,
          3365824,
          3368768,
          3369984,
          3366912,
          3365888,
          3364864,
          3366912,
          3364864,
          3365888,
          3363840,
          3365888,
          3366912,
          3382272,
          3365888,
          3367936,
          3365888,
          3365888,
          3366912,
          3365888,
          3366912,
          3365856,
          3377152
        ],
        "applicable": true
      },
      {
        "kernel": "onpair_shmem_4tpt_vwidth",
        "decode_ms": 8.431616,
        "decode_gib_s": 77.65746247336085,
        "decode_ns_iters": [
          8435808,
          8431616,
          8434720,
          8436896,
          8438880,
          8432640,
          8455168,
          8434656,
          8436864,
          8453984,
          8435712,
          8435712,
          8435712,
          8441824,
          8441663,
          8439776,
          8440832,
          8436736,
          8434688,
          8439808,
          8437697,
          8443872,
          8440832,
          8435712,
          8439808,
          8434752,
          8437760,
          8438784,
          8454143,
          8440832
        ],
        "applicable": true
      },
      {
        "kernel": "onpair_shmem_4tpt_vwidth_b128",
        "decode_ms": 15.197184,
        "decode_gib_s": 43.08547577694584,
        "decode_ns_iters": [
          15203360,
          15202304,
          15198207,
          15200321,
          15198207,
          15200256,
          15201280,
          15198207,
          15203328,
          15199232,
          15199232,
          15199232,
          15198207,
          15199232,
          15197184,
          15214560,
          15202304,
          15201280,
          15201376,
          15202304,
          15200256,
          15198177,
          15206272,
          15197184,
          15200256,
          15202304,
          15200128,
          15200288,
          15199232,
          15197184
        ],
        "applicable": true
      },
      {
        "kernel": "onpair_shmem_4tpt_vwidth4",
        "decode_ms": 4.536256,
        "decode_gib_s": 144.34324321859015,
        "decode_ns_iters": [
          4536320,
          4536320,
          4540416,
          4538368,
          4539328,
          4539392,
          4548608,
          4537344,
          4536320,
          4542336,
          4537344,
          4537216,
          4536256,
          4540416,
          4538368,
          4538368,
          4539264,
          4542368,
          4537344,
          4540416,
          4539392,
          4538368,
          4539392,
          4537344,
          4539392,
          4540416,
          4546560,
          4538368,
          4537344,
          4553728
        ],
        "applicable": true
      },
      {
        "kernel": "onpair_shmem_4tpt_vwidth4_b128",
        "decode_ms": 5.026624,
        "decode_gib_s": 130.26196172814772,
        "decode_ns_iters": [
          5027840,
          5029888,
          5026816,
          5027840,
          5027840,
          5027840,
          5027840,
          5026816,
          5029888,
          5028736,
          5028800,
          5027840,
          5028864,
          5027840,
          5045248,
          5027840,
          5027840,
          5028864,
          5048320,
          5027840,
          5038080,
          5027840,
          5027840,
          5027840,
          5028864,
          5027808,
          5026624,
          5027840,
          5029888,
          5027840
        ],
        "applicable": true
      },
      {
        "kernel": "onpair_shmem_4tpt_shdict8",
        "decode_ms": 3.652608,
        "decode_gib_s": 179.26311914932808,
        "decode_ns_iters": [
          3660800,
          3670016,
          3665792,
          3665856,
          3652608,
          3661664,
          3664032,
          3668992,
          3667968,
          3668992,
          3665920,
          3677184,
          3685568,
          3659776,
          3671040,
          3665024,
          3670016,
          3662848,
          3663872,
          3665856,
          3671040,
          3685376,
          3663872,
          3666944,
          3659680,
          3667968,
          3670016,
          3663872,
          3662848,
          3674112
        ],
        "applicable": true
      },
      {
        "kernel": "onpair_shmem_4tpt_ablate",
        "decode_ms": 4.23424,
        "decode_gib_s": 154.6388261198678,
        "decode_ns_iters": [
          4243456,
          4243456,
          4242432,
          4240288,
          4240384,
          4242432,
          4239360,
          4240384,
          4241248,
          4241408,
          4240384,
          4240384,
          4240384,
          4235264,
          4238336,
          4239360,
          4240288,
          4238336,
          4234240,
          4236288,
          4240512,
          4235264,
          4237152,
          4237312,
          4237472,
          4249600,
          4234432,
          4237312,
          4240384,
          4235264
        ],
        "applicable": true
      },
      {
        "kernel": "onpair_shmem_4tpt_ablate_nogather",
        "decode_ms": 1.78672,
        "decode_gib_s": 366.46923027099314,
        "decode_ns_iters": [
          1788800,
          1787904,
          1788928,
          1788928,
          1787904,
          1792000,
          1822720,
          1788928,
          1794048,
          1786880,
          1789952,
          1787904,
          1786880,
          1789952,
          1787904,
          1794048,
          1788928,
          1788928,
          1789952,
          1788992,
          1787904,
          1788992,
          1815552,
          1786720,
          1788928,
          1790048,
          1790976,
          1790080,
          1790976,
          1788928
        ],
        "applicable": true
      },
      {
        "kernel": "onpair_shmem_4tpt_ablate_noemit",
        "decode_ms": 1.774592,
        "decode_gib_s": 368.97377149778026,
        "decode_ns_iters": [
          1785856,
          1778688,
          1781760,
          1778688,
          1787872,
          1784672,
          1808352,
          1782784,
          1783808,
          1782784,
          1801216,
          1782784,
          1781760,
          1783808,
          1774592,
          1779712,
          1783776,
          1784832,
          1781760,
          1779712,
          1778688,
          1781760,
          1782720,
          1778656,
          1811456,
          1781568,
          1781760,
          1789952,
          1781600,
          1785856
        ],
        "applicable": true
      },
      {
        "kernel": "onpair_shmem_4tpt_ablate_nodrain",
        "decode_ms": 4.261888,
        "decode_gib_s": 153.63564296147362,
        "decode_ns_iters": [
          4269056,
          4270016,
          4267008,
          4277248,
          4269056,
          4261888,
          4269056,
          4279296,
          4274176,
          4274176,
          4271104,
          4274304,
          4280320,
          4273152,
          4288512,
          4271104,
          4274176,
          4272288,
          4272960,
          4271104,
          4272128,
          4274048,
          4274144,
          4274144,
          4273984,
          4275200,
          4272128,
          4291584,
          4274176,
          4271104
        ],
        "applicable": true
      },
      {
        "kernel": "onpair_shmem_4tpt_ablate_noscan",
        "decode_ms": 4.084736,
        "decode_gib_s": 160.29870794827104,
        "decode_ns_iters": [
          4085760,
          4085760,
          4087808,
          4086784,
          4090752,
          4085760,
          4085760,
          4087808,
          4087808,
          4103168,
          4088832,
          4084736,
          4087936,
          4086784,
          4090880,
          4093856,
          4113408,
          4084736,
          4088832,
          4086784,
          4085824,
          4084736,
          4088832,
          4097024,
          4084736,
          4085760,
          4085760,
          4087936,
          4086656,
          4085696
        ],
        "applicable": true
      },
      {
        "kernel": "onpair_shmem_4tpt_ablate_cfree",
        "decode_ms": 4.49024,
        "decode_gib_s": 145.8224734334443,
        "decode_ns_iters": [
          4494336,
          4493312,
          4492160,
          4492288,
          4496192,
          4491296,
          4494336,
          4491264,
          4495360,
          4493312,
          4502528,
          4492288,
          4492288,
          4496384,
          4491264,
          4494336,
          4510816,
          4494336,
          4492160,
          4495328,
          4495296,
          4494336,
          4490240,
          4492288,
          4491168,
          4499456,
          4509696,
          4493312,
          4494240,
          4492288
        ],
        "applicable": true
      },
      {
        "kernel": "onpair_shmem_s8",
        "decode_ms": 0.0,
        "decode_gib_s": 0.0,
        "applicable": false,
        "reason": "dictionary entry longer than 8 bytes"
      },
      {
        "kernel": "onpair_shmem_s8_2tpt",
        "decode_ms": 0.0,
        "decode_gib_s": 0.0,
        "applicable": false,
        "reason": "dictionary entry longer than 8 bytes"
      },
      {
        "kernel": "onpair_shmem_s8_4tpt",
        "decode_ms": 0.0,
        "decode_gib_s": 0.0,
        "applicable": false,
        "reason": "dictionary entry longer than 8 bytes"
      },
      {
        "kernel": "onpair_shmem_s8_8tpt",
        "decode_ms": 0.0,
        "decode_gib_s": 0.0,
        "applicable": false,
        "reason": "dictionary entry longer than 8 bytes"
      },
      {
        "kernel": "onpair_shmem_s4l1",
        "decode_ms": 0.0,
        "decode_gib_s": 0.0,
        "applicable": false,
        "reason": "dictionary entry longer than 4 bytes"
      },
      {
        "kernel": "onpair_shmem_s4l1_2tpt",
        "decode_ms": 0.0,
        "decode_gib_s": 0.0,
        "applicable": false,
        "reason": "dictionary entry longer than 4 bytes"
      },
      {
        "kernel": "onpair_shmem_s4l1_4tpt",
        "decode_ms": 0.0,
        "decode_gib_s": 0.0,
        "applicable": false,
        "reason": "dictionary entry longer than 4 bytes"
      },
      {
        "kernel": "onpair_shmem_s4l1_8tpt",
        "decode_ms": 0.0,
        "decode_gib_s": 0.0,
        "applicable": false,
        "reason": "dictionary entry longer than 4 bytes"
      },
      {
        "kernel": "onpair_shmem_s4l1_16tpt",
        "decode_ms": 0.0,
        "decode_gib_s": 0.0,
        "applicable": false,
        "reason": "dictionary entry longer than 4 bytes"
      },
      {
        "kernel": "onpair_shmem_s4l1_32tpt",
        "decode_ms": 0.0,
        "decode_gib_s": 0.0,
        "applicable": false,
        "reason": "dictionary entry longer than 4 bytes"
      },
      {
        "kernel": "onpair_shmem_const1",
        "decode_ms": 0.0,
        "decode_gib_s": 0.0,
        "applicable": false,
        "reason": "not every dictionary entry is exactly 1 byte"
      },
      {
        "kernel": "onpair_shmem_const2",
        "decode_ms": 0.0,
        "decode_gib_s": 0.0,
        "applicable": false,
        "reason": "not every dictionary entry is exactly 2 bytes"
      }
    ],
    "nvcomp_zstd_hw": {
      "supported": false,
      "error": "failed to prepare nvCOMP zstd hardware decode: Other error: nvcomp get_decompress_temp_size failed: nvcomp: invalid value",
      "iterations": 30,
      "backend": "hardware",
      "zstd_level": -10,
      "values_per_frame": 2048,
      "raw_bytes": 703062420,
      "compressed_bytes": 0,
      "frames": 0,
      "compression_ratio": 0.0,
      "decode_ms": 0.0,
      "decode_gib_s": 0.0,
      "compressed_gib_s": 0.0
    },
    "nvcomp_zstd": [
      {
        "supported": true,
        "iterations": 30,
        "backend": "default",
        "zstd_level": -10,
        "values_per_frame": 2048,
        "raw_bytes": 703062420,
        "compressed_bytes": 525597151,
        "frames": 77,
        "compression_ratio": 1.33764503605538,
        "decode_ms": 227.727294921875,
        "decode_gib_s": 2.8752719489968013,
        "compressed_gib_s": 2.1495029484621524,
        "decode_ms_iters": [
          228.46975708007812,
          228.15846252441406,
          228.1728057861328,
          230.2545928955078,
          228.46566772460938,
          228.44320678710938,
          228.39097595214844,
          228.45050048828125,
          228.45350646972656,
          228.4832305908203,
          228.46759033203125,
          228.09292602539062,
          228.3970489501953,
          228.4892120361328,
          228.45849609375,
          228.18508911132812,
          231.05433654785156,
          230.16038513183594,
          228.4759979248047,
          228.11660766601562,
          228.16050720214844,
          228.3970489501953,
          228.42880249023438,
          228.0386505126953,
          228.45849609375,
          227.778564453125,
          228.09405517578125,
          228.1123809814453,
          228.2045440673828,
          227.727294921875
        ]
      },
      {
        "supported": true,
        "iterations": 30,
        "backend": "default",
        "zstd_level": 1,
        "values_per_frame": 2048,
        "raw_bytes": 703062420,
        "compressed_bytes": 290637826,
        "frames": 77,
        "compression_ratio": 2.4190327517795294,
        "decode_ms": 334.4895935058594,
        "decode_gib_s": 1.957543420848813,
        "compressed_gib_s": 0.8092256789035916,
        "decode_ms_iters": [
          335.035400390625,
          334.87359619140625,
          337.77764892578125,
          335.0670166015625,
          334.87872314453125,
          334.6769714355469,
          335.0650939941406,
          335.1336975097656,
          334.95758056640625,
          334.99444580078125,
          335.11407470703125,
          334.9165954589844,
          335.0794372558594,
          334.4895935058594,
          335.05291748046875,
          335.0681457519531,
          335.1982116699219,
          335.0179748535156,
          335.0169677734375,
          334.9995422363281,
          334.9718933105469,
          334.9780578613281,
          335.0650939941406,
          334.64935302734375,
          335.1357421875,
          335.00262451171875,
          335.0097961425781,
          334.97088623046875,
          335.0558776855469,
          335.07122802734375
        ]
      },
      {
        "supported": true,
        "iterations": 30,
        "backend": "default",
        "zstd_level": 3,
        "values_per_frame": 2048,
        "raw_bytes": 703062420,
        "compressed_bytes": 257022249,
        "frames": 77,
        "compression_ratio": 2.7354146294159927,
        "decode_ms": 413.8895263671875,
        "decode_gib_s": 1.5820112889952527,
        "compressed_gib_s": 0.5783442378287674,
        "decode_ms_iters": [
          414.3134765625,
          414.0205993652344,
          414.09637451171875,
          414.0205993652344,
          414.1024169921875,
          413.95916748046875,
          414.0308532714844,
          414.1189270019531,
          414.0216369628906,
          414.0308532714844,
          414.0041198730469,
          413.9786376953125,
          414.087158203125,
          413.9991149902344,
          414.0850830078125,
          413.9796447753906,
          414.02471923828125,
          414.0433349609375,
          414.087158203125,
          413.9315185546875,
          414.0758972167969,
          414.0339050292969,
          414.0831298828125,
          414.02880859375,
          414.0962219238281,
          414.1627502441406,
          414.06976318359375,
          414.1230163574219,
          413.8895263671875,
          413.96942138671875
        ]
      }
    ]
  }
}
==PROF== Disconnected from process 45836
==PROF== Report: /home/ubuntu/work/ncu_costsurface_wikipedia_text_b12.ncu-rep
