==PROF== Connected to process 57808 (/home/ubuntu/work/target/release/onpair-chunk-bench)
2026-06-26T06:31:19.497441Z  INFO vortex_cuda: vortex-cuda/src/lib.rs:111: Registering CUDA kernels
==PROF== Profiling "onpair_u64" - 0 (1/16): 0%
==WARNING== Launching the workload is taking more time than expected. If this continues to hang, terminate the profile and re-try by profiling the range of all related launches using '--replay-mode range'. See https://docs.nvidia.com/nsight-compute/ProfilingGuide/index.html#replay for more details.
....50%....100% - 43 passes
==PROF== Profiling "onpair_u64" - 1 (2/16): 0%....50%....100% - 43 passes
==PROF== Profiling "onpair_u64" - 2 (3/16): 0%....50%....100% - 43 passes
==PROF== Profiling "onpair_u64" - 3 (4/16): 0%....50%....100% - 43 passes
==PROF== Profiling "onpair_u64" - 4 (5/16): 0%....50%....100% - 43 passes
==PROF== Profiling "onpair_u64" - 5 (6/16): 0%....50%....100% - 43 passes
==PROF== Profiling "onpair_u64" - 6 (7/16): 0%....50%....100% - 43 passes
==PROF== Profiling "onpair_u64" - 7 (8/16): 0%....50%....100% - 43 passes
==PROF== Profiling "onpair_u64" - 8 (9/16): 0%....50%....100% - 43 passes
==PROF== Profiling "onpair_u64" - 9 (10/16): 0%....50%....100% - 43 passes
==PROF== Profiling "onpair_u64" - 10 (11/16): 0%....50%....100% - 43 passes
==PROF== Profiling "onpair_u64" - 11 (12/16): 0%....50%....100% - 43 passes
==PROF== Profiling "onpair_u64" - 12 (13/16): 0%....50%....100% - 43 passes
==PROF== Profiling "onpair_u64" - 13 (14/16): 0%....50%....100% - 43 passes
==PROF== Profiling "onpair_u64" - 14 (15/16): 0%....50%....100% - 43 passes
==PROF== Profiling "onpair_u64" - 15 (16/16): 0%....50%....100% - 43 passes
{
  "files": [
    "/home/ubuntu/work/vortex-bench/data/onpair-bench/wikipedia/text/bits16_chunk1000mb_thr0.20/part_0000.vortex"
  ],
  "column": "text",
  "rows": 156289,
  "in_memory_bytes": 250620454,
  "dict_bytes": 466510,
  "gpu": {
    "iterations": 30,
    "decoded_bytes": 703062420,
    "chunks": 1,
    "auto_kernel": "onpair_shmem_4tpt",
    "frac_le8": 0.82315296,
    "dict_mean_len": 7.1181335,
    "dict_max_len": 16,
    "dict_entries_max": 65536,
    "small_dict": false,
    "distinct_codes": 65415,
    "access_top4096_frac": 0.46528944,
    "compressed_bytes": 250051824,
    "h2d_gib_s": 20.215703170081017,
    "whole_decompress_gib_s": 45.61221355654015,
    "best_kernel": "onpair_shmem_4tpt_ablate_nogather",
    "auto_decode_ms": 2.835616,
    "best_decode_ms": 1.702016,
    "validated": false,
    "auto_decode_gib_s": 230.91204983671585,
    "best_decode_gib_s": 384.70725487292066,
    "kernels": [
      {
        "kernel": "onpair",
        "decode_ms": 518.3447,
        "decode_gib_s": 1.2632094108607437,
        "decode_ns_iters": [
          155582992554,
          155578430176,
          155499893188,
          155578109741,
          155497817993,
          155665054321,
          155582321167,
          155578308105,
          155578536987,
          155578857422,
          155508087158,
          155503524780,
          155677902222,
          155590026855,
          518344700,
          518413305,
          518427670,
          518427670,
          518391788,
          518392861,
          518409252,
          518393934,
          518419445,
          518377483,
          518440962,
          518485844,
          518392801,
          518399000,
          518448114,
          518379509
        ],
        "applicable": true
      },
      {
        "kernel": "onpair_shmem",
        "decode_ms": 2.533376,
        "decode_gib_s": 258.4606087330854,
        "decode_ns_iters": [
          2539360,
          2536384,
          2537472,
          2538496,
          2539360,
          2539520,
          2541568,
          2533376,
          2538496,
          2540544,
          2540544,
          2567136,
          2583552,
          2582528,
          2583552,
          2583552,
          2583552,
          2587488,
          2600960,
          2639872,
          2639872,
          2640768,
          2639872,
          2641920,
          2638848,
          2637984,
          2639872,
          2639872,
          2655136,
          2638848
        ],
        "applicable": true
      },
      {
        "kernel": "onpair_shmem_2tpt",
        "decode_ms": 2.516992,
        "decode_gib_s": 260.14302115771085,
        "decode_ns_iters": [
          2522112,
          2521984,
          2521984,
          2520064,
          2522112,
          2525184,
          2524160,
          2521088,
          2523136,
          2521088,
          2522112,
          2523136,
          2522112,
          2522112,
          2523136,
          2521088,
          2522112,
          2521088,
          2524160,
          2522112,
          2523136,
          2522112,
          2524064,
          2522112,
          2522112,
          2521088,
          2523040,
          2521088,
          2520928,
          2516992
        ],
        "applicable": true
      },
      {
        "kernel": "onpair_shmem_4tpt",
        "decode_ms": 2.835616,
        "decode_gib_s": 230.91204983671585,
        "decode_ns_iters": [
          2898944,
          2901920,
          2899840,
          2899968,
          2902016,
          2899840,
          2902016,
          2898944,
          2897920,
          2899968,
          2897920,
          2914304,
          2862080,
          2857984,
          2856960,
          2857984,
          2858976,
          2857984,
          2859072,
          2857984,
          2856960,
          2857984,
          2857056,
          2857984,
          2856960,
          2838528,
          2836480,
          2836480,
          2836480,
          2835616
        ],
        "applicable": true
      },
      {
        "kernel": "onpair_shmem_4tpt_wpb8",
        "decode_ms": 2.794496,
        "decode_gib_s": 234.30983730511295,
        "decode_ns_iters": [
          2831360,
          2835456,
          2814976,
          2813952,
          2813952,
          2806784,
          2795520,
          2796544,
          2794496,
          2796384,
          2796544,
          2813824,
          2821248,
          2812064,
          2797568,
          2796544,
          2795520,
          2794528,
          2795520,
          2794624,
          2806784,
          2797568,
          2797600,
          2795520,
          2798592,
          2795520,
          2795392,
          2795520,
          2796544,
          2795520
        ],
        "applicable": true
      },
      {
        "kernel": "onpair_shmem_4tpt_wpb8_occ",
        "decode_ms": 2.876416,
        "decode_gib_s": 227.63671983113323,
        "decode_ns_iters": [
          2876416,
          2878464,
          2877440,
          2880512,
          2877440,
          2877440,
          2877440,
          2879488,
          2877440,
          2888704,
          2878464,
          2878464,
          2877440,
          2895872,
          2916352,
          2898944,
          2896896,
          2898944,
          2898944,
          2898944,
          2899968,
          2897920,
          2899968,
          2900992,
          2898944,
          2900992,
          2898944,
          2898944,
          2918400,
          2899104
        ],
        "applicable": true
      },
      {
        "kernel": "onpair_shmem_4tpt_b128",
        "decode_ms": 2.929664,
        "decode_gib_s": 223.49931702399624,
        "decode_ns_iters": [
          2941952,
          2945024,
          2931712,
          2931712,
          2930688,
          2930688,
          2929664,
          2952128,
          2963456,
          2954240,
          2969600,
          2952192,
          2953216,
          2938752,
          2929664,
          2930688,
          2929664,
          2942976,
          2932736,
          2950144,
          2934784,
          2951168,
          2953216,
          2953184,
          2953216,
          2952192,
          2954240,
          2952192,
          2955264,
          2954240
        ],
        "applicable": true
      },
      {
        "kernel": "onpair_shmem_4tpt_o6",
        "decode_ms": 2.906112,
        "decode_gib_s": 225.31062227119565,
        "decode_ns_iters": [
          2928640,
          2907136,
          2906976,
          2908160,
          2908992,
          2906112,
          2906112,
          2926752,
          2928640,
          2929600,
          2930688,
          2928640,
          2945152,
          2918528,
          2915296,
          2906112,
          2906112,
          2907136,
          2908160,
          2909088,
          2929664,
          2938880,
          2927616,
          2943136,
          2930688,
          2930688,
          2918400,
          2907232,
          2906208,
          2908032
        ],
        "applicable": true
      },
      {
        "kernel": "onpair_shmem_4tpt_b512o3",
        "decode_ms": 2.830336,
        "decode_gib_s": 231.34281693402792,
        "decode_ns_iters": [
          2831488,
          2831360,
          2831360,
          2831232,
          2830336,
          2832352,
          2831360,
          2842624,
          2852864,
          2853888,
          2855936,
          2849792,
          2848768,
          2849792,
          2850816,
          2852864,
          2851840,
          2850816,
          2851840,
          2850784,
          2851840,
          2851840,
          2852864,
          2849792,
          2850752,
          2848768,
          2850816,
          2866176,
          2872320,
          2873280
        ],
        "applicable": true
      },
      {
        "kernel": "onpair_shmem_4tpt_b128o12",
        "decode_ms": 2.963456,
        "decode_gib_s": 220.95077609041232,
        "decode_ns_iters": [
          3009408,
          2993152,
          2966528,
          2966528,
          2982912,
          2967552,
          2967552,
          2965504,
          2965408,
          2965504,
          2966528,
          2983936,
          2965504,
          2966464,
          2978816,
          2990080,
          2990080,
          2988896,
          3005440,
          2987200,
          2978816,
          2966528,
          2966528,
          2976864,
          2964544,
          2980864,
          2963456,
          2985984,
          2989056,
          2987040
        ],
        "applicable": true
      },
      {
        "kernel": "onpair_shmem_4tpt_b64",
        "decode_ms": 2.956288,
        "decode_gib_s": 221.48650710275487,
        "decode_ns_iters": [
          2957504,
          2956288,
          2957280,
          2957312,
          2973696,
          2956288,
          2956288,
          2983936,
          3022848,
          3023872,
          3023872,
          3025760,
          3024896,
          3021824,
          3021824,
          3022848,
          3026944,
          3022848,
          3022848,
          3022752,
          3024896,
          3022688,
          3024896,
          3022976,
          3023872,
          3024896,
          3028992,
          3023008,
          3023872,
          3021824
        ],
        "applicable": true
      },
      {
        "kernel": "onpair_shmem_4tpt_b64o24",
        "decode_ms": 3.068928,
        "decode_gib_s": 213.3572058744255,
        "decode_ns_iters": [
          3069952,
          3074048,
          3072000,
          3072000,
          3079168,
          3086240,
          3070976,
          3069952,
          3070784,
          3090432,
          3070880,
          3070976,
          3073024,
          3093504,
          3092480,
          3095552,
          3094528,
          3110912,
          3092480,
          3073024,
          3080192,
          3086336,
          3070976,
          3070976,
          3069824,
          3089408,
          3068928,
          3070976,
          3069952,
          3072000
        ],
        "applicable": true
      },
      {
        "kernel": "onpair_shmem_4tpt_split8read_b128o12",
        "decode_ms": 3.258368,
        "decode_gib_s": 200.9527171607961,
        "decode_ns_iters": [
          3260416,
          3276800,
          3261344,
          3261440,
          3260416,
          3262464,
          3260512,
          3260416,
          3259392,
          3262464,
          3259392,
          3261344,
          3261440,
          3262464,
          3260416,
          3259392,
          3260416,
          3273728,
          3260416,
          3258496,
          3261440,
          3260416,
          3262464,
          3260416,
          3265536,
          3260320,
          3258368,
          3261440,
          3283872,
          3284864
        ],
        "applicable": true
      },
      {
        "kernel": "onpair_shmem_4tpt_split8read_occ",
        "decode_ms": 3.086336,
        "decode_gib_s": 212.1537976130236,
        "decode_ns_iters": [
          3154976,
          3155968,
          3133312,
          3133440,
          3136480,
          3134464,
          3134464,
          3132416,
          3136512,
          3133440,
          3151872,
          3134464,
          3133440,
          3132416,
          3134464,
          3135488,
          3133440,
          3134464,
          3133440,
          3133440,
          3132416,
          3133440,
          3132416,
          3136512,
          3134464,
          3132416,
          3110912,
          3086368,
          3086336,
          3087264
        ],
        "applicable": true
      },
      {
        "kernel": "onpair_shmem_4tpt_split8",
        "decode_ms": 2.839552,
        "decode_gib_s": 230.59197475861998,
        "decode_ns_iters": [
          2864128,
          2860000,
          2861056,
          2861056,
          2870272,
          2861056,
          2857984,
          2840576,
          2841600,
          2839552,
          2840576,
          2840576,
          2839648,
          2846720,
          2868352,
          2869248,
          2863104,
          2878464,
          2860032,
          2860992,
          2859008,
          2861056,
          2861056,
          2860032,
          2862080,
          2862080,
          2873344,
          2880640,
          2882464,
          2881536
        ],
        "applicable": true
      },
      {
        "kernel": "onpair_shmem_4tpt_split8_wpb8",
        "decode_ms": 2.813952,
        "decode_gib_s": 232.68979112287232,
        "decode_ns_iters": [
          2838528,
          2813952,
          2815104,
          2820096,
          2818048,
          2816000,
          2818048,
          2816928,
          2817856,
          2813952,
          2817856,
          2817024,
          2816832,
          2825216,
          2816000,
          2819072,
          2815808,
          2816000,
          2818048,
          2816000,
          2813952,
          2834432,
          2839392,
          2834272,
          2835456,
          2834496,
          2834432,
          2831360,
          2816992,
          2816928
        ],
        "applicable": true
      },
      {
        "kernel": "onpair_shmem_4tpt_split8_wpb8_occ",
        "decode_ms": 2.899808,
        "decode_gib_s": 225.8004333768956,
        "decode_ns_iters": [
          2902016,
          2900992,
          2900992,
          2902016,
          2900992,
          2899968,
          2903040,
          2900992,
          2905024,
          2920416,
          2921472,
          2923520,
          2921472,
          2929728,
          2920480,
          2908160,
          2903040,
          2903040,
          2903040,
          2899808,
          2902016,
          2903040,
          2923424,
          2939904,
          2920448,
          2922496,
          2920448,
          2923520,
          2923520,
          2921472
        ],
        "applicable": true
      },
      {
        "kernel": "onpair_shmem_4tpt_pdict",
        "decode_ms": 0.0,
        "decode_gib_s": 0.0,
        "applicable": false,
        "reason": "padded dict needs 1130752 B shared, over 102400 B cap"
      },
      {
        "kernel": "onpair_shmem_4tpt_vdict",
        "decode_ms": 0.0,
        "decode_gib_s": 0.0,
        "applicable": false,
        "reason": "packed dict needs 483168 B shared, over 102400 B cap"
      },
      {
        "kernel": "onpair_shmem_4tpt_split8read",
        "decode_ms": 3.008416,
        "decode_gib_s": 217.6487238167158,
        "decode_ns_iters": [
          3031040,
          3042304,
          3033920,
          3010560,
          3008512,
          3010560,
          3019584,
          3010560,
          3008512,
          3010560,
          3011584,
          3011584,
          3011584,
          3014656,
          3010560,
          3011584,
          3008416,
          3010560,
          3028992,
          3009568,
          3011520,
          3022848,
          3035328,
          3031040,
          3035136,
          3033088,
          3032064,
          3032064,
          3050560,
          3034112
        ],
        "applicable": true
      },
      {
        "kernel": "onpair_shmem_4tpt_ldcs",
        "decode_ms": 2.83648,
        "decode_gib_s": 230.84171335944163,
        "decode_ns_iters": [
          2870144,
          2860032,
          2857984,
          2875392,
          2877440,
          2859936,
          2861056,
          2860032,
          2844672,
          2837504,
          2838528,
          2839552,
          2838720,
          2837504,
          2838528,
          2839456,
          2839552,
          2838528,
          2838528,
          2841600,
          2840576,
          2839424,
          2837504,
          2838528,
          2837504,
          2836480,
          2837504,
          2838528,
          2839552,
          2839520
        ],
        "applicable": true
      },
      {
        "kernel": "onpair_shmem_4tpt_lenbucket",
        "decode_ms": 0.0,
        "decode_gib_s": 0.0,
        "applicable": false,
        "reason": "length-bucket dict not built (set ONPAIR_DICT_REORDER=lenbucket)"
      },
      {
        "kernel": "onpair_shmem_4tpt_lenbucket_b128",
        "decode_ms": 0.0,
        "decode_gib_s": 0.0,
        "applicable": false,
        "reason": "length-bucket dict not built (set ONPAIR_DICT_REORDER=lenbucket)"
      },
      {
        "kernel": "onpair_shmem_4tpt_regcache",
        "decode_ms": 3.021632,
        "decode_gib_s": 216.69677283990538,
        "decode_ns_iters": [
          3021728,
          3021824,
          3021824,
          3022816,
          3022720,
          3022848,
          3023872,
          3021632,
          3023872,
          3042304,
          3043328,
          3044352,
          3044352,
          3044352,
          3045376,
          3089408,
          3089408,
          3089408,
          3089408,
          3087360,
          3088416,
          3068992,
          3067904,
          3064832,
          3068928,
          3065792,
          3065856,
          3050496,
          3044416,
          3044352
        ],
        "applicable": true
      },
      {
        "kernel": "onpair_shmem_4tpt_split4read",
        "decode_ms": 3.554304,
        "decode_gib_s": 184.221131087771,
        "decode_ns_iters": [
          3554304,
          3555328,
          3554432,
          3554304,
          3555232,
          3558368,
          3597312,
          3609600,
          3613664,
          3609600,
          3610624,
          3612672,
          3609600,
          3609600,
          3609600,
          3611584,
          3628032,
          3611648,
          3611648,
          3611648,
          3610624,
          3609600,
          3610624,
          3609536,
          3608576,
          3608576,
          3608576,
          3609600,
          3611648,
          3610624
        ],
        "applicable": true
      },
      {
        "kernel": "onpair_shmem_4tpt_split4read_b128o12",
        "decode_ms": 3.80928,
        "decode_gib_s": 171.89020053915408,
        "decode_ns_iters": [
          3814400,
          3813376,
          3813376,
          3814400,
          3813376,
          3813376,
          3813280,
          3814400,
          3815424,
          3813280,
          3812352,
          3841952,
          3843040,
          3843072,
          3842048,
          3821568,
          3814400,
          3814304,
          3815424,
          3809280,
          3827712,
          3843072,
          3841024,
          3842048,
          3843072,
          3822656,
          3813376,
          3812352,
          3814400,
          3815424
        ],
        "applicable": true
      },
      {
        "kernel": "onpair_shmem_4tpt_cluster_dsmem",
        "decode_ms": 0.0,
        "decode_gib_s": 0.0,
        "applicable": false,
        "reason": "thread-block clusters require sm_90+ (device cc 8.x)"
      },
      {
        "kernel": "onpair_shmem_8tpt",
        "decode_ms": 2.930688,
        "decode_gib_s": 223.4212250194456,
        "decode_ns_iters": [
          2973728,
          2976768,
          2976768,
          2974720,
          2975840,
          2974720,
          2976768,
          2976768,
          2976768,
          2976768,
          2975744,
          2953216,
          2958336,
          2953216,
          2953344,
          2955264,
          2952192,
          2940960,
          2931584,
          2932736,
          2950144,
          2931712,
          2932736,
          2931712,
          2934784,
          2931712,
          2930688,
          2930688,
          2931712,
          2931712
        ],
        "applicable": true
      },
      {
        "kernel": "onpair_shmem_8tpt_b128",
        "decode_ms": 2.939904,
        "decode_gib_s": 222.72084500371065,
        "decode_ns_iters": [
          2960384,
          2962432,
          2960544,
          2962432,
          2964320,
          2961408,
          2959360,
          2970624,
          2961408,
          2977792,
          2962432,
          2962432,
          2961408,
          2962432,
          2962432,
          2961440,
          2962304,
          2964480,
          2962432,
          2963456,
          2962432,
          2961408,
          2961408,
          2954176,
          2957216,
          2939904,
          2940896,
          2939904,
          2939904,
          2941952
        ],
        "applicable": true
      },
      {
        "kernel": "onpair_shmem_4tpt_vwidth",
        "decode_ms": 10.30656,
        "decode_gib_s": 63.530208246960086,
        "decode_ns_iters": [
          10465279,
          10452992,
          10399616,
          10404864,
          10353664,
          10323904,
          10340352,
          10343424,
          10312704,
          10350400,
          10335232,
          10317952,
          10335072,
          10351616,
          10306560,
          10345631,
          10338304,
          10322943,
          10308608,
          10327039,
          10306560,
          10318847,
          10379264,
          10333120,
          10338272,
          10327039,
          10343552,
          10330113,
          10308608,
          10354624
        ],
        "applicable": true
      },
      {
        "kernel": "onpair_shmem_4tpt_vwidth_b128",
        "decode_ms": 12.9024,
        "decode_gib_s": 50.74853539727407,
        "decode_ns_iters": [
          12902400,
          12915713,
          12921856,
          12928896,
          12919776,
          12919809,
          12919809,
          12917760,
          12924927,
          12903391,
          12909568,
          12912639,
          12922880,
          12916735,
          12919712,
          12917760,
          12903424,
          12919809,
          12913664,
          12912639,
          12921024,
          12923872,
          12920831,
          12918720,
          12916735,
          12976128,
          13001728,
          12924927,
          12954432,
          13000703
        ],
        "applicable": true
      },
      {
        "kernel": "onpair_shmem_4tpt_vwidth4",
        "decode_ms": 3.226624,
        "decode_gib_s": 202.92971945593564,
        "decode_ns_iters": [
          3227648,
          3229696,
          3226624,
          3246080,
          3298304,
          3297280,
          3307520,
          3297280,
          3298176,
          3297248,
          3300352,
          3298304,
          3297280,
          3296256,
          3299232,
          3313664,
          3299328,
          3360768,
          3368000,
          3388416,
          3375104,
          3397632,
          3398656,
          3396608,
          3394560,
          3395584,
          3411968,
          3396416,
          3395584,
          3394560
        ],
        "applicable": true
      },
      {
        "kernel": "onpair_shmem_4tpt_vwidth4_b128",
        "decode_ms": 3.519488,
        "decode_gib_s": 186.04351062137133,
        "decode_ns_iters": [
          3547136,
          3549184,
          3548160,
          3549248,
          3548160,
          3527488,
          3520512,
          3521536,
          3519488,
          3519488,
          3526656,
          3564544,
          3549216,
          3548160,
          3547168,
          3548160,
          3547136,
          3549184,
          3547136,
          3548160,
          3547040,
          3547136,
          3548160,
          3549184,
          3548096,
          3548160,
          3551232,
          3547136,
          3548160,
          3548096
        ],
        "applicable": true
      },
      {
        "kernel": "onpair_shmem_4tpt_shdict8",
        "decode_ms": 0.0,
        "decode_gib_s": 0.0,
        "applicable": false,
        "reason": "dict_s8 + staging needs 606464 B shared, over 229376 B cap"
      },
      {
        "kernel": "onpair_shmem_4tpt_ablate",
        "decode_ms": 3.007488,
        "decode_gib_s": 217.71588219463848,
        "decode_ns_iters": [
          3094400,
          3080192,
          3080192,
          3079168,
          3078144,
          3078144,
          3047424,
          3032064,
          3048448,
          3033088,
          3031200,
          3032064,
          3040224,
          3058688,
          3053568,
          3055584,
          3057664,
          3072000,
          3044352,
          3009536,
          3008512,
          3010464,
          3008512,
          3010560,
          3007488,
          3031008,
          3031040,
          3049408,
          3033088,
          3034080
        ],
        "applicable": true
      },
      {
        "kernel": "onpair_shmem_4tpt_ablate_nogather",
        "decode_ms": 1.702016,
        "decode_gib_s": 384.70725487292066,
        "decode_ns_iters": [
          1702016,
          1704960,
          1711072,
          1709056,
          1705984,
          1707008,
          1712128,
          1704960,
          1708032,
          1707008,
          1707008,
          1717184,
          1710080,
          1723488,
          1714176,
          1715200,
          1711104,
          1711104,
          1719296,
          1733632,
          1714112,
          1713280,
          1717344,
          1718272,
          1715200,
          1705984,
          1721344,
          1735584,
          1715168,
          1708032
        ],
        "applicable": true
      },
      {
        "kernel": "onpair_shmem_4tpt_ablate_noemit",
        "decode_ms": 1.733504,
        "decode_gib_s": 377.71929174076837,
        "decode_ns_iters": [
          1744896,
          1742848,
          1744032,
          1747968,
          1746880,
          1754112,
          1748928,
          1750016,
          1752064,
          1766400,
          1746944,
          1741824,
          1741728,
          1753088,
          1751040,
          1744768,
          1741824,
          1752064,
          1746944,
          1742848,
          1761280,
          1744896,
          1735680,
          1738752,
          1733504,
          1743872,
          1739776,
          1741824,
          1738752,
          1739776
        ],
        "applicable": true
      },
      {
        "kernel": "onpair_shmem_4tpt_ablate_nodrain",
        "decode_ms": 2.761728,
        "decode_gib_s": 237.08993177814355,
        "decode_ns_iters": [
          2804736,
          2804736,
          2803808,
          2803712,
          2806816,
          2793472,
          2783232,
          2784256,
          2783232,
          2785120,
          2784256,
          2800640,
          2787328,
          2765824,
          2763776,
          2771968,
          2764800,
          2764800,
          2762688,
          2764800,
          2761728,
          2763776,
          2764800,
          2762624,
          2762784,
          2768896,
          2763776,
          2785280,
          2763776,
          2765824
        ],
        "applicable": true
      },
      {
        "kernel": "onpair_shmem_4tpt_ablate_noscan",
        "decode_ms": 2.819264,
        "decode_gib_s": 232.2513617418549,
        "decode_ns_iters": [
          2820096,
          2820096,
          2823168,
          2820096,
          2822144,
          2822144,
          2822144,
          2821120,
          2823168,
          2821952,
          2821120,
          2819264,
          2822144,
          2823168,
          2841536,
          2841600,
          2843648,
          2841504,
          2842624,
          2841600,
          2830336,
          2821024,
          2822112,
          2822144,
          2821952,
          2823168,
          2822144,
          2835456,
          2842624,
          2850752
        ],
        "applicable": true
      },
      {
        "kernel": "onpair_shmem_4tpt_ablate_cfree",
        "decode_ms": 2.960512,
        "decode_gib_s": 221.17049453263112,
        "decode_ns_iters": [
          2983936,
          2971648,
          2963456,
          2960512,
          2961504,
          2962528,
          2962432,
          2970624,
          3030016,
          3027968,
          3026944,
          3025920,
          3027968,
          3026944,
          3046400,
          3049472,
          3048448,
          3049472,
          3050496,
          3049472,
          3050496,
          3050496,
          3064960,
          3048448,
          3050496,
          3048448,
          3057824,
          3072000,
          3073024,
          3073024
        ],
        "applicable": true
      },
      {
        "kernel": "onpair_shmem_s8",
        "decode_ms": 0.0,
        "decode_gib_s": 0.0,
        "applicable": false,
        "reason": "dictionary entry longer than 8 bytes"
      },
      {
        "kernel": "onpair_shmem_s8_2tpt",
        "decode_ms": 0.0,
        "decode_gib_s": 0.0,
        "applicable": false,
        "reason": "dictionary entry longer than 8 bytes"
      },
      {
        "kernel": "onpair_shmem_s8_4tpt",
        "decode_ms": 0.0,
        "decode_gib_s": 0.0,
        "applicable": false,
        "reason": "dictionary entry longer than 8 bytes"
      },
      {
        "kernel": "onpair_shmem_s8_8tpt",
        "decode_ms": 0.0,
        "decode_gib_s": 0.0,
        "applicable": false,
        "reason": "dictionary entry longer than 8 bytes"
      },
      {
        "kernel": "onpair_shmem_s4l1",
        "decode_ms": 0.0,
        "decode_gib_s": 0.0,
        "applicable": false,
        "reason": "dictionary entry longer than 4 bytes"
      },
      {
        "kernel": "onpair_shmem_s4l1_2tpt",
        "decode_ms": 0.0,
        "decode_gib_s": 0.0,
        "applicable": false,
        "reason": "dictionary entry longer than 4 bytes"
      },
      {
        "kernel": "onpair_shmem_s4l1_4tpt",
        "decode_ms": 0.0,
        "decode_gib_s": 0.0,
        "applicable": false,
        "reason": "dictionary entry longer than 4 bytes"
      },
      {
        "kernel": "onpair_shmem_s4l1_8tpt",
        "decode_ms": 0.0,
        "decode_gib_s": 0.0,
        "applicable": false,
        "reason": "dictionary entry longer than 4 bytes"
      },
      {
        "kernel": "onpair_shmem_s4l1_16tpt",
        "decode_ms": 0.0,
        "decode_gib_s": 0.0,
        "applicable": false,
        "reason": "dictionary entry longer than 4 bytes"
      },
      {
        "kernel": "onpair_shmem_s4l1_32tpt",
        "decode_ms": 0.0,
        "decode_gib_s": 0.0,
        "applicable": false,
        "reason": "dictionary entry longer than 4 bytes"
      },
      {
        "kernel": "onpair_shmem_const1",
        "decode_ms": 0.0,
        "decode_gib_s": 0.0,
        "applicable": false,
        "reason": "not every dictionary entry is exactly 1 byte"
      },
      {
        "kernel": "onpair_shmem_const2",
        "decode_ms": 0.0,
        "decode_gib_s": 0.0,
        "applicable": false,
        "reason": "not every dictionary entry is exactly 2 bytes"
      }
    ],
    "nvcomp_zstd_hw": {
      "supported": false,
      "error": "failed to prepare nvCOMP zstd hardware decode: Other error: nvcomp get_decompress_temp_size failed: nvcomp: invalid value",
      "iterations": 30,
      "backend": "hardware",
      "zstd_level": -10,
      "values_per_frame": 2048,
      "raw_bytes": 703062420,
      "compressed_bytes": 0,
      "frames": 0,
      "compression_ratio": 0.0,
      "decode_ms": 0.0,
      "decode_gib_s": 0.0,
      "compressed_gib_s": 0.0
    },
    "nvcomp_zstd": [
      {
        "supported": true,
        "iterations": 30,
        "backend": "default",
        "zstd_level": -10,
        "values_per_frame": 2048,
        "raw_bytes": 703062420,
        "compressed_bytes": 525597151,
        "frames": 77,
        "compression_ratio": 1.33764503605538,
        "decode_ms": 227.85638427734375,
        "decode_gib_s": 2.8736429974803865,
        "compressed_gib_s": 2.148285172839691,
        "decode_ms_iters": [
          228.2557373046875,
          228.63565063476562,
          228.60902404785156,
          228.5137939453125,
          228.56600952148438,
          228.3304901123047,
          228.50863647460938,
          228.54757690429688,
          228.2608642578125,
          228.22808837890625,
          228.463623046875,
          228.51072692871094,
          231.61138916015625,
          228.5034942626953,
          231.62777709960938,
          228.45639038085938,
          228.4451904296875,
          228.0878143310547,
          231.23756408691406,
          227.85638427734375,
          228.24652099609375,
          228.11219787597656,
          228.527099609375,
          228.1060791015625,
          228.4892120361328,
          228.5137939453125,
          231.25914001464844,
          228.15750122070312,
          228.59674072265625,
          228.16665649414062
        ]
      },
      {
        "supported": true,
        "iterations": 30,
        "backend": "default",
        "zstd_level": 1,
        "values_per_frame": 2048,
        "raw_bytes": 703062420,
        "compressed_bytes": 290637826,
        "frames": 77,
        "compression_ratio": 2.4190327517795294,
        "decode_ms": 333.79022216796875,
        "decode_gib_s": 1.9616449483061664,
        "compressed_gib_s": 0.8109212026431261,
        "decode_ms_iters": [
          335.0742492675781,
          335.1562194824219,
          335.1255187988281,
          335.1234436035156,
          335.2985534667969,
          335.2156066894531,
          335.288330078125,
          335.3118591308594,
          333.79022216796875,
          335.0917053222656,
          335.1879577636719,
          335.0179748535156,
          335.05694580078125,
          335.0691833496094,
          335.11834716796875,
          335.0118408203125,
          335.2934265136719,
          334.58380126953125,
          335.10406494140625,
          335.07122802734375,
          334.7076721191406,
          335.012939453125,
          335.0775451660156,
          334.6360168457031,
          335.1971740722656,
          335.08148193359375,
          335.23712158203125,
          337.9466247558594,
          335.24224853515625,
          335.0456237792969
        ]
      },
      {
        "supported": true,
        "iterations": 30,
        "backend": "default",
        "zstd_level": 3,
        "values_per_frame": 2048,
        "raw_bytes": 703062420,
        "compressed_bytes": 257022249,
        "frames": 77,
        "compression_ratio": 2.7354146294159927,
        "decode_ms": 413.81683349609375,
        "decode_gib_s": 1.5822891920030355,
        "compressed_gib_s": 0.5784458323017934,
        "decode_ms_iters": [
          414.3012390136719,
          414.18548583984375,
          414.2274475097656,
          414.1803283691406,
          414.28070068359375,
          414.21722412109375,
          414.2940979003906,
          414.24896240234375,
          414.14862060546875,
          414.2049255371094,
          414.1967468261719,
          414.129150390625,
          414.1322326660156,
          414.1526184082031,
          414.244873046875,
          414.1158447265625,
          414.1086730957031,
          414.1382141113281,
          414.0861511230469,
          414.1988830566406,
          414.1905822753906,
          413.81683349609375,
          414.1507568359375,
          414.1710205078125,
          414.2684020996094,
          414.07489013671875,
          414.0902404785156,
          414.2774658203125,
          414.28070068359375,
          414.19879150390625
        ]
      }
    ]
  }
}
==PROF== Disconnected from process 57808
==PROF== Report: /home/ubuntu/work/ncu_costsurface_wikipedia_text_b16.ncu-rep
