==PROF== Connected to process 25601 (/home/ubuntu/work/target/release/onpair-chunk-bench)
2026-06-26T04:08:14.369536Z  INFO vortex_cuda: vortex-cuda/src/lib.rs:111: Registering CUDA kernels
==PROF== Profiling "onpair_u64" - 0 (1/16): 0%....50%....100% - 43 passes
==PROF== Profiling "onpair_u64" - 1 (2/16): 0%....50%....100% - 43 passes
==PROF== Profiling "onpair_u64" - 2 (3/16): 0%....50%....100% - 43 passes
==PROF== Profiling "onpair_u64" - 3 (4/16): 0%....50%....100% - 43 passes
==PROF== Profiling "onpair_u64" - 4 (5/16): 0%....50%....100% - 43 passes
==PROF== Profiling "onpair_u64" - 5 (6/16): 0%....50%....100% - 43 passes
==PROF== Profiling "onpair_u64" - 6 (7/16): 0%....50%....100% - 43 passes
==PROF== Profiling "onpair_u64" - 7 (8/16): 0%....50%....100% - 43 passes
==PROF== Profiling "onpair_u64" - 8 (9/16): 0%....50%....100% - 43 passes
==PROF== Profiling "onpair_u64" - 9 (10/16): 0%....50%....100% - 43 passes
==PROF== Profiling "onpair_u64" - 10 (11/16): 0%....50%....100% - 43 passes
==PROF== Profiling "onpair_u64" - 11 (12/16): 0%....50%....100% - 43 passes
==PROF== Profiling "onpair_u64" - 12 (13/16): 0%....50%....100% - 43 passes
==PROF== Profiling "onpair_u64" - 13 (14/16): 0%....50%....100% - 43 passes
==PROF== Profiling "onpair_u64" - 14 (15/16): 0%....50%....100% - 43 passes
==PROF== Profiling "onpair_u64" - 15 (16/16): 0%....50%....100% - 43 passes
{
  "files": [
    "/home/ubuntu/work/vortex-bench/data/onpair-bench/tpch-sf10/l_comment/bits12_chunk10mb_thr0.20/part_0000.vortex"
  ],
  "column": "l_comment",
  "rows": 1886817,
  "in_memory_bytes": 12336078,
  "dict_bytes": 160288,
  "gpu": {
    "iterations": 30,
    "decoded_bytes": 49999995,
    "chunks": 5,
    "auto_kernel": "onpair_shmem_4tpt",
    "frac_le8": 0.58679104,
    "dict_mean_len": 8.000852,
    "dict_max_len": 16,
    "dict_entries_max": 4020,
    "small_dict": true,
    "distinct_codes": 3783,
    "access_top4096_frac": 1.0,
    "compressed_bytes": 13313902,
    "h2d_gib_s": 20.002252253603753,
    "whole_decompress_gib_s": 44.697969530270825,
    "best_kernel": "onpair_shmem",
    "auto_decode_ms": 0.421888,
    "best_decode_ms": 0.379168,
    "validated": false,
    "auto_decode_gib_s": 110.37555956595365,
    "best_decode_gib_s": 122.81132393598894,
    "kernels": [
      {
        "kernel": "onpair",
        "decode_ms": 1.86384,
        "decode_gib_s": 24.98397076689043,
        "decode_ns_iters": [
          7154563070,
          1428014123,
          1898496,
          1883104,
          1871936,
          1885344,
          1911808,
          1909760,
          1885152,
          1879936,
          1863840,
          1885152,
          1896672,
          1893376,
          1902656,
          1867264,
          1892416,
          1895040,
          1893344,
          1883008,
          1908704,
          1889280,
          1885952,
          1930240,
          1871808,
          1882272,
          1899488,
          1868928,
          1907584,
          1872896
        ],
        "applicable": true
      },
      {
        "kernel": "onpair_shmem",
        "decode_ms": 0.379168,
        "decode_gib_s": 122.81132393598894,
        "decode_ns_iters": [
          399360,
          386432,
          401280,
          379168,
          388096,
          385088,
          403296,
          382048,
          384960,
          402688,
          386784,
          383008,
          399488,
          396352,
          396320,
          387808,
          382976,
          397568,
          381024,
          385984,
          385088,
          409696,
          396224,
          384128,
          398336,
          382784,
          399200,
          390144,
          386016,
          392992
        ],
        "applicable": true
      },
      {
        "kernel": "onpair_shmem_2tpt",
        "decode_ms": 0.385824,
        "decode_gib_s": 120.69265798436865,
        "decode_ns_iters": [
          401632,
          388096,
          393280,
          399360,
          388096,
          392192,
          413760,
          385824,
          389280,
          403424,
          388096,
          391040,
          404672,
          388096,
          392128,
          405600,
          388096,
          390144,
          400384,
          396512,
          390976,
          401344,
          390944,
          395456,
          391040,
          408480,
          388992,
          405472,
          412512,
          393280
        ],
        "applicable": true
      },
      {
        "kernel": "onpair_shmem_4tpt",
        "decode_ms": 0.421888,
        "decode_gib_s": 110.37555956595365,
        "decode_ns_iters": [
          426208,
          428000,
          437344,
          427232,
          431072,
          438208,
          427776,
          428032,
          441312,
          425920,
          425824,
          438272,
          428128,
          426912,
          435136,
          446432,
          426304,
          428160,
          441248,
          437088,
          426816,
          446720,
          435232,
          425856,
          437440,
          441344,
          424064,
          442240,
          421888,
          429696
        ],
        "applicable": true
      },
      {
        "kernel": "onpair_shmem_4tpt_wpb8",
        "decode_ms": 0.428256,
        "decode_gib_s": 108.73431796439758,
        "decode_ns_iters": [
          432096,
          447680,
          435232,
          429056,
          431936,
          454560,
          436416,
          430944,
          448352,
          442208,
          431392,
          442464,
          437248,
          430112,
          444320,
          430592,
          428256,
          439200,
          435072,
          429280,
          429760,
          445440,
          430432,
          432128,
          441216,
          431008,
          429056,
          451776,
          429856,
          432064
        ],
        "applicable": true
      },
      {
        "kernel": "onpair_shmem_4tpt_wpb8_occ",
        "decode_ms": 0.432128,
        "decode_gib_s": 107.76002497908271,
        "decode_ns_iters": [
          445376,
          434912,
          444288,
          440416,
          436064,
          446272,
          435136,
          438464,
          446432,
          432128,
          433152,
          438400,
          448384,
          433152,
          435328,
          451424,
          446144,
          436224,
          451264,
          434432,
          437248,
          445408,
          434432,
          433152,
          448512,
          432128,
          435232,
          435392,
          456672,
          438368
        ],
        "applicable": true
      },
      {
        "kernel": "onpair_shmem_4tpt_b128",
        "decode_ms": 0.435168,
        "decode_gib_s": 107.00723415821258,
        "decode_ns_iters": [
          440320,
          438336,
          450400,
          440288,
          440288,
          451584,
          448448,
          439104,
          451616,
          448512,
          440032,
          449536,
          439072,
          443040,
          448640,
          435168,
          439200,
          443168,
          448640,
          436064,
          439168,
          450624,
          455616,
          439232,
          454752,
          439008,
          443168,
          450432,
          439200,
          437248
        ],
        "applicable": true
      },
      {
        "kernel": "onpair_shmem_4tpt_o6",
        "decode_ms": 0.433152,
        "decode_gib_s": 107.50527314698087,
        "decode_ns_iters": [
          437408,
          438304,
          453280,
          436256,
          436960,
          439424,
          435200,
          434176,
          438304,
          436160,
          437056,
          440480,
          443392,
          438016,
          451456,
          451712,
          436416,
          452608,
          435200,
          440224,
          446464,
          433152,
          436224,
          437216,
          446464,
          436288,
          436320,
          450592,
          444416,
          439136
        ],
        "applicable": true
      },
      {
        "kernel": "onpair_shmem_4tpt_b512o3",
        "decode_ms": 0.43008,
        "decode_gib_s": 108.27316795517358,
        "decode_ns_iters": [
          435072,
          446400,
          437248,
          430080,
          447584,
          442368,
          434112,
          446560,
          448224,
          430080,
          446464,
          436384,
          432160,
          430080,
          430080,
          434016,
          430976,
          435840,
          438464,
          430240,
          440992,
          446208,
          431136,
          446400,
          431200,
          435200,
          443232,
          434368,
          432128,
          434848
        ],
        "applicable": true
      },
      {
        "kernel": "onpair_shmem_4tpt_b128o12",
        "decode_ms": 0.438432,
        "decode_gib_s": 106.2105961110527,
        "decode_ns_iters": [
          443104,
          457696,
          438432,
          442368,
          444416,
          460992,
          442368,
          441440,
          452576,
          443232,
          445312,
          454336,
          442368,
          446336,
          459872,
          442368,
          444352,
          457632,
          449280,
          444320,
          442528,
          457600,
          444352,
          445312,
          454368,
          443392,
          444256,
          456512,
          442240,
          442336
        ],
        "applicable": true
      },
      {
        "kernel": "onpair_shmem_4tpt_b64",
        "decode_ms": 0.436224,
        "decode_gib_s": 106.74819375862184,
        "decode_ns_iters": [
          440128,
          451584,
          440224,
          443392,
          450400,
          439296,
          440192,
          458656,
          436224,
          438176,
          439264,
          459776,
          438432,
          439328,
          453472,
          439136,
          442272,
          450560,
          441248,
          439904,
          453536,
          438272,
          439296,
          450176,
          450432,
          442368,
          440384,
          454496,
          439296,
          442304
        ],
        "applicable": true
      },
      {
        "kernel": "onpair_shmem_4tpt_b64o24",
        "decode_ms": 0.442304,
        "decode_gib_s": 105.28081155531277,
        "decode_ns_iters": [
          445632,
          453568,
          444320,
          442304,
          455680,
          480288,
          443392,
          443392,
          447456,
          446400,
          445248,
          442432,
          444704,
          447456,
          447424,
          442368,
          444640,
          473024,
          452480,
          442400,
          444448,
          455680,
          444416,
          443584,
          447360,
          444160,
          447488,
          452544,
          443392,
          443520
        ],
        "applicable": true
      },
      {
        "kernel": "onpair_shmem_4tpt_split8read_b128o12",
        "decode_ms": 0.466848,
        "decode_gib_s": 99.74579322212166,
        "decode_ns_iters": [
          480256,
          482304,
          483264,
          478048,
          466944,
          470080,
          479072,
          467072,
          469120,
          468928,
          469760,
          467104,
          468992,
          466944,
          472064,
          468992,
          470048,
          467968,
          473984,
          469088,
          468000,
          466848,
          472064,
          469120,
          469120,
          484192,
          473088,
          484352,
          479232,
          481280
        ],
        "applicable": true
      },
      {
        "kernel": "onpair_shmem_4tpt_split8read_occ",
        "decode_ms": 0.458784,
        "decode_gib_s": 101.49901494856196,
        "decode_ns_iters": [
          464896,
          464640,
          495616,
          460800,
          461632,
          461888,
          473088,
          460928,
          462848,
          458784,
          461984,
          463776,
          461632,
          463872,
          465856,
          464736,
          462784,
          462688,
          464864,
          461792,
          462688,
          462848,
          466912,
          460800,
          463872,
          471200,
          474112,
          475104,
          474112,
          473216
        ],
        "applicable": true
      },
      {
        "kernel": "onpair_shmem_4tpt_split8",
        "decode_ms": 0.43008,
        "decode_gib_s": 108.27316795517358,
        "decode_ns_iters": [
          447424,
          434304,
          438144,
          446368,
          434016,
          437248,
          449536,
          432064,
          435104,
          449376,
          440224,
          435840,
          434272,
          443392,
          433312,
          434304,
          443296,
          434016,
          432192,
          447424,
          435200,
          432192,
          450400,
          441504,
          436096,
          449632,
          430080,
          437376,
          432992,
          445408
        ],
        "applicable": true
      },
      {
        "kernel": "onpair_shmem_4tpt_split8_wpb8",
        "decode_ms": 0.43136,
        "decode_gib_s": 107.95188259032142,
        "decode_ns_iters": [
          436128,
          435840,
          435008,
          438496,
          447488,
          431360,
          434592,
          442272,
          437952,
          433920,
          438208,
          433920,
          437184,
          436224,
          435200,
          451552,
          447456,
          432928,
          434144,
          434208,
          435200,
          436032,
          435104,
          442400,
          436064,
          437920,
          439296,
          433216,
          445472,
          446560
        ],
        "applicable": true
      },
      {
        "kernel": "onpair_shmem_4tpt_split8_wpb8_occ",
        "decode_ms": 0.434176,
        "decode_gib_s": 107.2517229744644,
        "decode_ns_iters": [
          443200,
          443552,
          437472,
          439296,
          437280,
          442240,
          449184,
          434176,
          439072,
          442144,
          449536,
          439392,
          438560,
          448288,
          446400,
          440192,
          450560,
          439424,
          442464,
          454784,
          438272,
          439168,
          452480,
          436384,
          437088,
          442112,
          458912,
          438944,
          440256,
          454656
        ],
        "applicable": true
      },
      {
        "kernel": "onpair_shmem_4tpt_pdict",
        "decode_ms": 0.415008,
        "decode_gib_s": 112.2053648945588,
        "decode_ns_iters": [
          445440,
          418784,
          445184,
          416736,
          418816,
          438272,
          420960,
          418560,
          435040,
          443552,
          432672,
          416000,
          434176,
          416928,
          417760,
          434944,
          415648,
          441312,
          434336,
          415008,
          434112,
          417792,
          431072,
          419648,
          419104,
          434048,
          417856,
          420640,
          431232,
          415808
        ],
        "applicable": true
      },
      {
        "kernel": "onpair_shmem_4tpt_vdict",
        "decode_ms": 0.408416,
        "decode_gib_s": 114.01640502370391,
        "decode_ns_iters": [
          428032,
          420928,
          409728,
          408416,
          414752,
          421760,
          412768,
          410560,
          414432,
          425888,
          423872,
          408672,
          415872,
          426144,
          424864,
          410624,
          415904,
          411584,
          425088,
          423744,
          417696,
          408480,
          411648,
          423840,
          430208,
          413600,
          409696,
          410624,
          419680,
          418848
        ],
        "applicable": true
      },
      {
        "kernel": "onpair_shmem_4tpt_split8read",
        "decode_ms": 0.433344,
        "decode_gib_s": 107.4576412138187,
        "decode_ns_iters": [
          439136,
          435968,
          436256,
          437984,
          441472,
          436224,
          437216,
          436128,
          439200,
          438272,
          436192,
          450560,
          458752,
          445376,
          444416,
          435040,
          433344,
          436192,
          434176,
          437088,
          436192,
          441344,
          436224,
          436192,
          439104,
          440320,
          438176,
          435296,
          435232,
          440096
        ],
        "applicable": true
      },
      {
        "kernel": "onpair_shmem_4tpt_ldcs",
        "decode_ms": 0.424192,
        "decode_gib_s": 109.7760544144186,
        "decode_ns_iters": [
          430080,
          439456,
          429056,
          429024,
          449344,
          439264,
          426048,
          439200,
          427008,
          433056,
          437280,
          428032,
          427904,
          444256,
          424192,
          426816,
          428096,
          439104,
          430720,
          425984,
          438112,
          425056,
          430816,
          437216,
          428000,
          426880,
          443136,
          429888,
          426144,
          435264
        ],
        "applicable": true
      },
      {
        "kernel": "onpair_shmem_4tpt_lenbucket",
        "decode_ms": 0.0,
        "decode_gib_s": 0.0,
        "applicable": false,
        "reason": "length-bucket dict not built (set ONPAIR_DICT_REORDER=lenbucket)"
      },
      {
        "kernel": "onpair_shmem_4tpt_lenbucket_b128",
        "decode_ms": 0.0,
        "decode_gib_s": 0.0,
        "applicable": false,
        "reason": "length-bucket dict not built (set ONPAIR_DICT_REORDER=lenbucket)"
      },
      {
        "kernel": "onpair_shmem_4tpt_regcache",
        "decode_ms": 0.440256,
        "decode_gib_s": 105.77056093309587,
        "decode_ns_iters": [
          460736,
          445600,
          446656,
          456576,
          440256,
          444224,
          447424,
          455488,
          444256,
          444416,
          456544,
          451552,
          444288,
          459552,
          444256,
          445440,
          459904,
          445632,
          442400,
          460704,
          441312,
          443328,
          443456,
          467136,
          443392,
          444352,
          457632,
          444448,
          446496,
          454688
        ],
        "applicable": true
      },
      {
        "kernel": "onpair_shmem_4tpt_split4read",
        "decode_ms": 0.420864,
        "decode_gib_s": 110.64411323886351,
        "decode_ns_iters": [
          423104,
          422752,
          424896,
          427008,
          425984,
          422784,
          424032,
          422688,
          427008,
          421824,
          422048,
          421888,
          426976,
          422720,
          421888,
          421056,
          425728,
          423232,
          440320,
          434272,
          435264,
          439104,
          431104,
          430016,
          440320,
          423936,
          421824,
          422112,
          428032,
          420864
        ],
        "applicable": true
      },
      {
        "kernel": "onpair_shmem_4tpt_split4read_b128o12",
        "decode_ms": 0.45568,
        "decode_gib_s": 102.19040571050091,
        "decode_ns_iters": [
          458816,
          458624,
          458624,
          463712,
          458752,
          455680,
          458560,
          461728,
          459776,
          458528,
          469088,
          476992,
          468992,
          468864,
          470176,
          465920,
          462688,
          459424,
          461728,
          466880,
          458656,
          457728,
          457760,
          455840,
          460832,
          458624,
          458688,
          458752,
          463808,
          460640
        ],
        "applicable": true
      },
      {
        "kernel": "onpair_shmem_4tpt_cluster_dsmem",
        "decode_ms": 0.0,
        "decode_gib_s": 0.0,
        "applicable": false,
        "reason": "thread-block clusters require sm_90+ (device cc 8.x)"
      },
      {
        "kernel": "onpair_shmem_8tpt",
        "decode_ms": 0.423776,
        "decode_gib_s": 109.88381615325326,
        "decode_ns_iters": [
          431104,
          425056,
          426112,
          448480,
          427008,
          427712,
          436352,
          425920,
          428032,
          437376,
          426880,
          426176,
          445408,
          432000,
          426144,
          434240,
          449728,
          426144,
          424768,
          424960,
          438112,
          427008,
          423776,
          435328,
          424096,
          428096,
          437248,
          424992,
          424832,
          439264
        ],
        "applicable": true
      },
      {
        "kernel": "onpair_shmem_8tpt_b128",
        "decode_ms": 0.422912,
        "decode_gib_s": 110.10830639509177,
        "decode_ns_iters": [
          425984,
          442272,
          425984,
          429056,
          440256,
          437280,
          427008,
          438944,
          424960,
          430080,
          424736,
          443392,
          428032,
          426816,
          444224,
          430976,
          427072,
          437248,
          435392,
          430080,
          441152,
          425984,
          429056,
          441280,
          422912,
          428544,
          429952,
          438144,
          425984,
          427904
        ],
        "applicable": true
      },
      {
        "kernel": "onpair_shmem_4tpt_vwidth",
        "decode_ms": 0.744384,
        "decode_gib_s": 62.55658917193418,
        "decode_ns_iters": [
          748608,
          773920,
          745632,
          757472,
          770016,
          748352,
          750432,
          748544,
          763744,
          746464,
          748384,
          751616,
          763008,
          749376,
          751232,
          746528,
          762080,
          747520,
          748480,
          777120,
          748544,
          744384,
          750560,
          758784,
          750496,
          749568,
          747520,
          763072,
          746304,
          748512
        ],
        "applicable": true
      },
      {
        "kernel": "onpair_shmem_4tpt_vwidth_b128",
        "decode_ms": 1.00656,
        "decode_gib_s": 46.26264114822868,
        "decode_ns_iters": [
          1050528,
          1025024,
          1009952,
          1008640,
          1025952,
          1023008,
          1008640,
          1007616,
          1007520,
          1018880,
          1008480,
          1042304,
          1028800,
          1008672,
          1008800,
          1009664,
          1016672,
          1007616,
          1024128,
          1024096,
          1010528,
          1010816,
          1009472,
          1017664,
          1010624,
          1024192,
          1024128,
          1010656,
          1006560,
          1011712
        ],
        "applicable": true
      },
      {
        "kernel": "onpair_shmem_4tpt_vwidth4",
        "decode_ms": 0.48144,
        "decode_gib_s": 96.72259071568847,
        "decode_ns_iters": [
          484416,
          484352,
          486272,
          486400,
          486368,
          482464,
          484544,
          498688,
          499712,
          487456,
          501760,
          487296,
          488448,
          495680,
          483328,
          484224,
          489312,
          498368,
          485376,
          485376,
          493536,
          490496,
          487104,
          499008,
          485152,
          487424,
          495520,
          488192,
          481440,
          499552
        ],
        "applicable": true
      },
      {
        "kernel": "onpair_shmem_4tpt_vwidth4_b128",
        "decode_ms": 0.481312,
        "decode_gib_s": 96.74831309869909,
        "decode_ns_iters": [
          496384,
          493472,
          484256,
          495616,
          484256,
          487488,
          485632,
          497664,
          486240,
          482304,
          503552,
          484384,
          484416,
          498688,
          493568,
          482944,
          497568,
          485344,
          486528,
          494432,
          482144,
          487200,
          486336,
          500704,
          485504,
          484224,
          498432,
          489856,
          483168,
          481312
        ],
        "applicable": true
      },
      {
        "kernel": "onpair_shmem_4tpt_shdict8",
        "decode_ms": 0.4128,
        "decode_gib_s": 112.80553312539014,
        "decode_ns_iters": [
          416736,
          417888,
          437216,
          418976,
          434016,
          418784,
          435200,
          417888,
          433152,
          414528,
          418848,
          431072,
          423840,
          423872,
          415936,
          429792,
          416992,
          429152,
          412800,
          430080,
          413952,
          434080,
          416608,
          441280,
          421728,
          431104,
          414784,
          417696,
          434208,
          428160
        ],
        "applicable": true
      },
      {
        "kernel": "onpair_shmem_4tpt_ablate",
        "decode_ms": 0.438432,
        "decode_gib_s": 106.2105961110527,
        "decode_ns_iters": [
          457792,
          441376,
          444800,
          457792,
          448320,
          441088,
          443392,
          441280,
          450560,
          440352,
          441312,
          456576,
          441440,
          443552,
          443552,
          445472,
          441216,
          438432,
          442304,
          444416,
          443424,
          440224,
          441184,
          470016,
          449696,
          441344,
          441280,
          447616,
          442400,
          457664
        ],
        "applicable": true
      },
      {
        "kernel": "onpair_shmem_4tpt_ablate_nogather",
        "decode_ms": 0.386208,
        "decode_gib_s": 120.57265534158033,
        "decode_ns_iters": [
          396128,
          401280,
          389312,
          401472,
          415520,
          389216,
          399360,
          390944,
          391264,
          401568,
          387072,
          390144,
          390304,
          398368,
          386208,
          390016,
          402528,
          394080,
          392064,
          402592,
          390016,
          407488,
          401696,
          388096,
          403616,
          394080,
          387424,
          387360,
          405312,
          386912
        ],
        "applicable": true
      },
      {
        "kernel": "onpair_shmem_4tpt_ablate_noemit",
        "decode_ms": 0.385024,
        "decode_gib_s": 120.94343229035347,
        "decode_ns_iters": [
          393280,
          411776,
          392288,
          388224,
          402496,
          389056,
          397312,
          402240,
          391744,
          388064,
          402560,
          394048,
          388416,
          402720,
          399424,
          391072,
          385024,
          403456,
          389120,
          391104,
          405824,
          390112,
          403552,
          416672,
          389184,
          403616,
          404448,
          400288,
          403520,
          388032
        ],
        "applicable": true
      },
      {
        "kernel": "onpair_shmem_4tpt_ablate_nodrain",
        "decode_ms": 0.428032,
        "decode_gib_s": 108.79122139036579,
        "decode_ns_iters": [
          431200,
          432320,
          446816,
          437248,
          432096,
          430976,
          443392,
          429056,
          432000,
          442208,
          430240,
          431200,
          443584,
          438080,
          431136,
          446304,
          441248,
          431936,
          446464,
          428032,
          434112,
          431104,
          444384,
          431072,
          432832,
          445312,
          430784,
          431008,
          442368,
          436288
        ],
        "applicable": true
      },
      {
        "kernel": "onpair_shmem_4tpt_ablate_noscan",
        "decode_ms": 0.428992,
        "decode_gib_s": 108.54776796341436,
        "decode_ns_iters": [
          430080,
          432288,
          438112,
          432032,
          432864,
          445280,
          432064,
          429184,
          437152,
          436224,
          433088,
          430912,
          442464,
          430976,
          432128,
          444224,
          431040,
          431040,
          442368,
          437280,
          432128,
          442400,
          469984,
          428992,
          430080,
          439296,
          433216,
          431264,
          432128,
          440320
        ],
        "applicable": true
      },
      {
        "kernel": "onpair_shmem_4tpt_ablate_cfree",
        "decode_ms": 0.436256,
        "decode_gib_s": 106.74036362631357,
        "decode_ns_iters": [
          438336,
          441248,
          443392,
          450560,
          440128,
          441344,
          452416,
          449760,
          439328,
          450624,
          440128,
          443360,
          451584,
          438464,
          442368,
          454592,
          436256,
          439104,
          440288,
          455680,
          443424,
          443264,
          452512,
          440480,
          442336,
          453536,
          438464,
          438400,
          456704,
          441184
        ],
        "applicable": true
      },
      {
        "kernel": "onpair_shmem_s8",
        "decode_ms": 0.0,
        "decode_gib_s": 0.0,
        "applicable": false,
        "reason": "dictionary entry longer than 8 bytes"
      },
      {
        "kernel": "onpair_shmem_s8_2tpt",
        "decode_ms": 0.0,
        "decode_gib_s": 0.0,
        "applicable": false,
        "reason": "dictionary entry longer than 8 bytes"
      },
      {
        "kernel": "onpair_shmem_s8_4tpt",
        "decode_ms": 0.0,
        "decode_gib_s": 0.0,
        "applicable": false,
        "reason": "dictionary entry longer than 8 bytes"
      },
      {
        "kernel": "onpair_shmem_s8_8tpt",
        "decode_ms": 0.0,
        "decode_gib_s": 0.0,
        "applicable": false,
        "reason": "dictionary entry longer than 8 bytes"
      },
      {
        "kernel": "onpair_shmem_s4l1",
        "decode_ms": 0.0,
        "decode_gib_s": 0.0,
        "applicable": false,
        "reason": "dictionary entry longer than 4 bytes"
      },
      {
        "kernel": "onpair_shmem_s4l1_2tpt",
        "decode_ms": 0.0,
        "decode_gib_s": 0.0,
        "applicable": false,
        "reason": "dictionary entry longer than 4 bytes"
      },
      {
        "kernel": "onpair_shmem_s4l1_4tpt",
        "decode_ms": 0.0,
        "decode_gib_s": 0.0,
        "applicable": false,
        "reason": "dictionary entry longer than 4 bytes"
      },
      {
        "kernel": "onpair_shmem_s4l1_8tpt",
        "decode_ms": 0.0,
        "decode_gib_s": 0.0,
        "applicable": false,
        "reason": "dictionary entry longer than 4 bytes"
      },
      {
        "kernel": "onpair_shmem_s4l1_16tpt",
        "decode_ms": 0.0,
        "decode_gib_s": 0.0,
        "applicable": false,
        "reason": "dictionary entry longer than 4 bytes"
      },
      {
        "kernel": "onpair_shmem_s4l1_32tpt",
        "decode_ms": 0.0,
        "decode_gib_s": 0.0,
        "applicable": false,
        "reason": "dictionary entry longer than 4 bytes"
      },
      {
        "kernel": "onpair_shmem_const1",
        "decode_ms": 0.0,
        "decode_gib_s": 0.0,
        "applicable": false,
        "reason": "not every dictionary entry is exactly 1 byte"
      },
      {
        "kernel": "onpair_shmem_const2",
        "decode_ms": 0.0,
        "decode_gib_s": 0.0,
        "applicable": false,
        "reason": "not every dictionary entry is exactly 2 bytes"
      }
    ],
    "nvcomp_zstd_hw": {
      "supported": false,
      "error": "failed to prepare nvCOMP zstd hardware decode: Other error: nvcomp get_decompress_temp_size failed: nvcomp: invalid value",
      "iterations": 30,
      "backend": "hardware",
      "zstd_level": -10,
      "values_per_frame": 2048,
      "raw_bytes": 49999995,
      "compressed_bytes": 0,
      "frames": 0,
      "compression_ratio": 0.0,
      "decode_ms": 0.0,
      "decode_gib_s": 0.0,
      "compressed_gib_s": 0.0
    },
    "nvcomp_zstd": [
      {
        "supported": true,
        "iterations": 30,
        "backend": "default",
        "zstd_level": -10,
        "values_per_frame": 2048,
        "raw_bytes": 49999995,
        "compressed_bytes": 27957309,
        "frames": 922,
        "compression_ratio": 1.7884409046664684,
        "decode_ms": 1.7797119617462158,
        "decode_gib_s": 26.164977858816744,
        "compressed_gib_s": 14.63004888254685,
        "decode_ms_iters": [
          1.861631989479065,
          1.802240014076233,
          1.831936001777649,
          1.8176000118255615,
          1.8135039806365967,
          1.7889280319213867,
          1.8575359582901,
          1.8012160062789917,
          1.8677760362625122,
          1.7797119617462158,
          1.8421759605407715,
          1.8810880184173584,
          1.8554879426956177,
          1.7970880270004272,
          1.8882559537887573,
          1.8411519527435303,
          1.8431040048599243,
          1.807360053062439,
          1.8186240196228027,
          1.8350399732589722,
          1.84934401512146,
          1.8124799728393555,
          1.798143982887268,
          1.8205759525299072,
          1.8279999494552612,
          1.806272029876709,
          1.819648027420044,
          1.7960959672927856,
          1.8206720352172852,
          1.8308160305023193
        ]
      },
      {
        "supported": true,
        "iterations": 30,
        "backend": "default",
        "zstd_level": 1,
        "values_per_frame": 2048,
        "raw_bytes": 49999995,
        "compressed_bytes": 18645102,
        "frames": 922,
        "compression_ratio": 2.6816691590102324,
        "decode_ms": 1.9292160272598267,
        "decode_gib_s": 24.13733009480619,
        "compressed_gib_s": 9.000860532592675,
        "decode_ms_iters": [
          1.9752960205078125,
          1.9804160594940186,
          2.0294721126556396,
          1.9404799938201904,
          1.9671039581298828,
          2.0048959255218506,
          2.0090880393981934,
          1.9549440145492554,
          1.9292160272598267,
          1.9886080026626587,
          1.9896320104599,
          1.9322880506515503,
          1.9804160594940186,
          1.9496959447860718,
          1.9568639993667603,
          1.9568639993667603,
          2.0130879878997803,
          1.955839991569519,
          1.9660799503326416,
          1.9516160488128662,
          1.9363839626312256,
          1.958847999572754,
          1.9691519737243652,
          1.9814079999923706,
          1.9456000328063965,
          1.9466240406036377,
          1.9333120584487915,
          1.9537919759750366,
          2.023423910140991,
          1.9998719692230225
        ]
      },
      {
        "supported": true,
        "iterations": 30,
        "backend": "default",
        "zstd_level": 3,
        "values_per_frame": 2048,
        "raw_bytes": 49999995,
        "compressed_bytes": 17439439,
        "frames": 922,
        "compression_ratio": 2.867064416464314,
        "decode_ms": 1.9967999458312988,
        "decode_gib_s": 23.320375269128352,
        "compressed_gib_s": 8.133886052650055,
        "decode_ms_iters": [
          2.0140159130096436,
          2.031615972518921,
          2.052288055419922,
          2.0787200927734375,
          2.0797441005706787,
          2.016256093978882,
          2.0573439598083496,
          2.023423910140991,
          2.018239974975586,
          2.0449280738830566,
          2.0951039791107178,
          2.025376081466675,
          2.0050880908966064,
          2.0101120471954346,
          2.070528030395508,
          2.0060160160064697,
          2.0480000972747803,
          2.023263931274414,
          2.032543897628784,
          2.0060160160064697,
          2.037760019302368,
          2.0531198978424072,
          2.0387840270996094,
          2.0592000484466553,
          2.0643839836120605,
          2.085887908935547,
          1.9967999458312988,
          2.0253119468688965,
          2.0357120037078857,
          2.0736000537872314
        ]
      }
    ]
  }
}
==PROF== Disconnected from process 25601
==PROF== Report: /home/ubuntu/work/ncu_costsurface_tpch-sf10_l_comment_b12.ncu-rep
