==PROF== Connected to process 26723 (/home/ubuntu/work/target/release/onpair-chunk-bench)
2026-06-26T04:09:26.960523Z  INFO vortex_cuda: vortex-cuda/src/lib.rs:111: Registering CUDA kernels
==PROF== Profiling "onpair_u64" - 0 (1/16): 0%....50%....100% - 43 passes
==PROF== Profiling "onpair_u64" - 1 (2/16): 0%....50%....100% - 43 passes
==PROF== Profiling "onpair_u64" - 2 (3/16): 0%....50%....100% - 43 passes
==PROF== Profiling "onpair_u64" - 3 (4/16): 0%....50%....100% - 43 passes
==PROF== Profiling "onpair_u64" - 4 (5/16): 0%....50%....100% - 43 passes
==PROF== Profiling "onpair_u64" - 5 (6/16): 0%....50%....100% - 43 passes
==PROF== Profiling "onpair_u64" - 6 (7/16): 0%....50%....100% - 43 passes
==PROF== Profiling "onpair_u64" - 7 (8/16): 0%....50%....100% - 43 passes
==PROF== Profiling "onpair_u64" - 8 (9/16): 0%....50%....100% - 43 passes
==PROF== Profiling "onpair_u64" - 9 (10/16): 0%....50%....100% - 43 passes
==PROF== Profiling "onpair_u64" - 10 (11/16): 0%....50%....100% - 43 passes
==PROF== Profiling "onpair_u64" - 11 (12/16): 0%....50%....100% - 43 passes
==PROF== Profiling "onpair_u64" - 12 (13/16): 0%....50%....100% - 43 passes
==PROF== Profiling "onpair_u64" - 13 (14/16): 0%....50%....100% - 43 passes
==PROF== Profiling "onpair_u64" - 14 (15/16): 0%....50%....100% - 43 passes
==PROF== Profiling "onpair_u64" - 15 (16/16): 0%....50%....100% - 43 passes
{
  "files": [
    "/home/ubuntu/work/vortex-bench/data/onpair-bench/tpch-sf10/l_comment/bits16_chunk1000mb_thr0.20/part_0000.vortex"
  ],
  "column": "l_comment",
  "rows": 37734748,
  "in_memory_bytes": 238658819,
  "dict_bytes": 738600,
  "gpu": {
    "iterations": 30,
    "decoded_bytes": 999999977,
    "chunks": 1,
    "auto_kernel": "onpair_shmem_4tpt",
    "frac_le8": 0.33391374,
    "dict_mean_len": 11.298689,
    "dict_max_len": 16,
    "dict_entries_max": 65369,
    "small_dict": false,
    "distinct_codes": 65138,
    "access_top4096_frac": 0.42936966,
    "compressed_bytes": 192207505,
    "h2d_gib_s": 19.900427019382896,
    "whole_decompress_gib_s": 79.4354874794385,
    "best_kernel": "onpair_shmem_4tpt_ablate_nogather",
    "auto_decode_ms": 2.72912,
    "best_decode_ms": 2.04896,
    "validated": false,
    "auto_decode_gib_s": 341.25379360198866,
    "best_decode_gib_s": 454.53427748470403,
    "kernels": [
      {
        "kernel": "onpair",
        "decode_ms": 23.329793,
        "decode_gib_s": 39.91988069482911,
        "decode_ns_iters": [
          4345358372,
          4344739914,
          4341047287,
          4336917400,
          4350785732,
          4351151943,
          4350718975,
          4345789909,
          4323489666,
          4325647831,
          4355738640,
          4355026722,
          4349718571,
          4353613853,
          23378944,
          23358462,
          23404544,
          23414720,
          23373824,
          23410689,
          23379840,
          23366656,
          23386048,
          23407616,
          23450498,
          23329793,
          23348192,
          23408640,
          23374848,
          23400448
        ],
        "applicable": true
      },
      {
        "kernel": "onpair_shmem",
        "decode_ms": 2.402304,
        "decode_gib_s": 387.6788920948636,
        "decode_ns_iters": [
          2402304,
          2402304,
          2404160,
          2402304,
          2421568,
          2403328,
          2404288,
          2404352,
          2404352,
          2404352,
          2403328,
          2430976,
          2475008,
          2472960,
          2467840,
          2471936,
          2475008,
          2482176,
          2472960,
          2496512,
          2518016,
          2509824,
          2509824,
          2515968,
          2509824,
          2507776,
          2514912,
          2502656,
          2509824,
          2520032
        ],
        "applicable": true
      },
      {
        "kernel": "onpair_shmem_2tpt",
        "decode_ms": 2.43312,
        "decode_gib_s": 382.76885365089237,
        "decode_ns_iters": [
          2443264,
          2435072,
          2440192,
          2437248,
          2438144,
          2439040,
          2447360,
          2440192,
          2455616,
          2440096,
          2439168,
          2436096,
          2435136,
          2454528,
          2439168,
          2438144,
          2440000,
          2444288,
          2456448,
          2435072,
          2433120,
          2440000,
          2438144,
          2457600,
          2438144,
          2439168,
          2438144,
          2438144,
          2440192,
          2436128
        ],
        "applicable": true
      },
      {
        "kernel": "onpair_shmem_4tpt",
        "decode_ms": 2.72912,
        "decode_gib_s": 341.25379360198866,
        "decode_ns_iters": [
          2834432,
          2818048,
          2812032,
          2810880,
          2811904,
          2811904,
          2811904,
          2774048,
          2766848,
          2769920,
          2770944,
          2771968,
          2768896,
          2769920,
          2768896,
          2767712,
          2784352,
          2767872,
          2769920,
          2768896,
          2772896,
          2747392,
          2747392,
          2746208,
          2747264,
          2747392,
          2749600,
          2741248,
          2729120,
          2740224
        ],
        "applicable": true
      },
      {
        "kernel": "onpair_shmem_4tpt_wpb8",
        "decode_ms": 2.732032,
        "decode_gib_s": 340.89006029031117,
        "decode_ns_iters": [
          2734080,
          2734080,
          2751488,
          2738048,
          2734080,
          2735104,
          2734080,
          2734976,
          2736288,
          2732096,
          2735104,
          2733056,
          2743136,
          2735104,
          2735008,
          2734080,
          2732032,
          2733984,
          2735104,
          2735104,
          2734080,
          2734080,
          2734016,
          2772992,
          2756608,
          2756608,
          2753504,
          2755584,
          2753536,
          2753536
        ],
        "applicable": true
      },
      {
        "kernel": "onpair_shmem_4tpt_wpb8_occ",
        "decode_ms": 2.762752,
        "decode_gib_s": 337.0995851944219,
        "decode_ns_iters": [
          2764800,
          2763776,
          2763776,
          2763776,
          2764800,
          2765824,
          2763776,
          2764640,
          2767872,
          2766848,
          2763776,
          2764800,
          2778048,
          2762752,
          2763776,
          2762784,
          2773856,
          2764800,
          2762752,
          2763776,
          2763776,
          2763776,
          2764960,
          2764800,
          2763776,
          2762784,
          2804736,
          2822144,
          2822144,
          2822144
        ],
        "applicable": true
      },
      {
        "kernel": "onpair_shmem_4tpt_b128",
        "decode_ms": 2.770944,
        "decode_gib_s": 336.10298627293054,
        "decode_ns_iters": [
          2794400,
          2793472,
          2792448,
          2792448,
          2793472,
          2792448,
          2793472,
          2794336,
          2792448,
          2791360,
          2792448,
          2810848,
          2807808,
          2772064,
          2770944,
          2772992,
          2776064,
          2774016,
          2775040,
          2773088,
          2793472,
          2793504,
          2791424,
          2792480,
          2794496,
          2793504,
          2793472,
          2793600,
          2794592,
          2792448
        ],
        "applicable": true
      },
      {
        "kernel": "onpair_shmem_4tpt_o6",
        "decode_ms": 2.768896,
        "decode_gib_s": 336.35158315626853,
        "decode_ns_iters": [
          2792448,
          2790400,
          2790400,
          2791424,
          2791264,
          2790400,
          2791424,
          2790400,
          2787328,
          2768896,
          2768928,
          2786304,
          2768896,
          2770944,
          2775040,
          2790400,
          2791424,
          2788512,
          2790400,
          2789408,
          2790400,
          2792448,
          2790400,
          2790400,
          2790400,
          2791424,
          2790400,
          2790400,
          2774016,
          2769920
        ],
        "applicable": true
      },
      {
        "kernel": "onpair_shmem_4tpt_b512o3",
        "decode_ms": 2.735264,
        "decode_gib_s": 340.4872630923594,
        "decode_ns_iters": [
          2740224,
          2737152,
          2737152,
          2738080,
          2751392,
          2739200,
          2735264,
          2737024,
          2737152,
          2738176,
          2758656,
          2757632,
          2757792,
          2758464,
          2758656,
          2757632,
          2774016,
          2757632,
          2759680,
          2756736,
          2764800,
          2759584,
          2757632,
          2757632,
          2756608,
          2759680,
          2755648,
          2758656,
          2756608,
          2756608
        ],
        "applicable": true
      },
      {
        "kernel": "onpair_shmem_4tpt_b128o12",
        "decode_ms": 2.783168,
        "decode_gib_s": 334.6267825711776,
        "decode_ns_iters": [
          2783168,
          2783232,
          2783232,
          2783232,
          2783232,
          2804736,
          2803712,
          2805760,
          2801664,
          2803712,
          2802688,
          2795520,
          2800640,
          2801664,
          2784256,
          2783232,
          2783424,
          2783232,
          2797568,
          2803712,
          2802848,
          2805760,
          2802688,
          2803616,
          2802688,
          2825216,
          2824192,
          2824192,
          2825216,
          2824192
        ],
        "applicable": true
      },
      {
        "kernel": "onpair_shmem_4tpt_b64",
        "decode_ms": 2.853888,
        "decode_gib_s": 326.33465405617153,
        "decode_ns_iters": [
          2854912,
          2855936,
          2875392,
          2874368,
          2855776,
          2854912,
          2855040,
          2853888,
          2855936,
          2857024,
          2855936,
          2854912,
          2856960,
          2856960,
          2856960,
          2856864,
          2855936,
          2855808,
          2854912,
          2854912,
          2856832,
          2856832,
          2853888,
          2855872,
          2854912,
          2855936,
          2854912,
          2854912,
          2855776,
          2855936
        ],
        "applicable": true
      },
      {
        "kernel": "onpair_shmem_4tpt_b64o24",
        "decode_ms": 2.821984,
        "decode_gib_s": 330.0240374130609,
        "decode_ns_iters": [
          2844672,
          2821984,
          2822144,
          2823168,
          2824096,
          2823104,
          2823168,
          2847744,
          2865152,
          2866240,
          2868224,
          2865152,
          2867200,
          2865184,
          2866048,
          2866176,
          2867200,
          2866208,
          2865152,
          2866176,
          2866176,
          2865152,
          2864128,
          2865152,
          2865152,
          2866176,
          2866176,
          2865152,
          2867200,
          2865152
        ],
        "applicable": true
      },
      {
        "kernel": "onpair_shmem_4tpt_split8read_b128o12",
        "decode_ms": 3.623936,
        "decode_gib_s": 256.991997980941,
        "decode_ns_iters": [
          3675136,
          3653632,
          3652608,
          3655584,
          3654656,
          3649536,
          3625984,
          3625984,
          3624960,
          3627008,
          3624960,
          3625984,
          3625920,
          3627008,
          3624960,
          3623936,
          3625984,
          3629056,
          3636224,
          3625024,
          3624960,
          3634272,
          3668992,
          3660800,
          3652608,
          3654656,
          3650688,
          3624960,
          3645440,
          3624960
        ],
        "applicable": true
      },
      {
        "kernel": "onpair_shmem_4tpt_split8read_occ",
        "decode_ms": 3.542016,
        "decode_gib_s": 262.9357273358052,
        "decode_ns_iters": [
          3599392,
          3599360,
          3599360,
          3615744,
          3599360,
          3600384,
          3600384,
          3601280,
          3617792,
          3606496,
          3599360,
          3600384,
          3600384,
          3617792,
          3600320,
          3594240,
          3574784,
          3571712,
          3573728,
          3572544,
          3571712,
          3547136,
          3544064,
          3544064,
          3544096,
          3542016,
          3544064,
          3546112,
          3545088,
          3546016
        ],
        "applicable": true
      },
      {
        "kernel": "onpair_shmem_4tpt_split8",
        "decode_ms": 2.737152,
        "decode_gib_s": 340.252405856547,
        "decode_ns_iters": [
          2737152,
          2737152,
          2753536,
          2739168,
          2739200,
          2749440,
          2738176,
          2780000,
          2781248,
          2779136,
          2778272,
          2780160,
          2777088,
          2775040,
          2758592,
          2759680,
          2757632,
          2757472,
          2757632,
          2776064,
          2764800,
          2779136,
          2777152,
          2778144,
          2779136,
          2780160,
          2780064,
          2780160,
          2779136,
          2779136
        ],
        "applicable": true
      },
      {
        "kernel": "onpair_shmem_4tpt_split8_wpb8",
        "decode_ms": 2.742272,
        "decode_gib_s": 339.61713250730025,
        "decode_ns_iters": [
          2786304,
          2784256,
          2763776,
          2762752,
          2765824,
          2762752,
          2763776,
          2763776,
          2760704,
          2744320,
          2742272,
          2745344,
          2758656,
          2743296,
          2742272,
          2744160,
          2744320,
          2749440,
          2742272,
          2743136,
          2743296,
          2745280,
          2759680,
          2800640,
          2802688,
          2782208,
          2785280,
          2784256,
          2785280,
          2785280
        ],
        "applicable": true
      },
      {
        "kernel": "onpair_shmem_4tpt_split8_wpb8_occ",
        "decode_ms": 2.783232,
        "decode_gib_s": 334.61908787878957,
        "decode_ns_iters": [
          2805632,
          2806784,
          2806784,
          2804736,
          2785216,
          2784256,
          2784256,
          2800640,
          2800640,
          2785184,
          2784192,
          2785280,
          2784256,
          2784256,
          2784096,
          2785280,
          2784256,
          2797568,
          2806784,
          2804736,
          2805760,
          2805824,
          2803712,
          2804736,
          2787296,
          2787296,
          2783232,
          2785152,
          2784256,
          2786208
        ],
        "applicable": true
      },
      {
        "kernel": "onpair_shmem_4tpt_pdict",
        "decode_ms": 0.0,
        "decode_gib_s": 0.0,
        "applicable": false,
        "reason": "padded dict needs 1127920 B shared, over 102400 B cap"
      },
      {
        "kernel": "onpair_shmem_4tpt_vdict",
        "decode_ms": 0.0,
        "decode_gib_s": 0.0,
        "applicable": false,
        "reason": "packed dict needs 755264 B shared, over 102400 B cap"
      },
      {
        "kernel": "onpair_shmem_4tpt_split8read",
        "decode_ms": 3.452928,
        "decode_gib_s": 269.7196562439354,
        "decode_ns_iters": [
          3484672,
          3480576,
          3477504,
          3484672,
          3458048,
          3456000,
          3456000,
          3459072,
          3473408,
          3457024,
          3458048,
          3458048,
          3457024,
          3459072,
          3457024,
          3457024,
          3457024,
          3457920,
          3458048,
          3457024,
          3464192,
          3459072,
          3457024,
          3454048,
          3452928,
          3457152,
          3458048,
          3458048,
          3476480,
          3457024
        ],
        "applicable": true
      },
      {
        "kernel": "onpair_shmem_4tpt_ldcs",
        "decode_ms": 2.71984,
        "decode_gib_s": 342.4181397416978,
        "decode_ns_iters": [
          2719840,
          2720768,
          2722816,
          2724864,
          2720768,
          2722816,
          2739200,
          2722816,
          2723744,
          2723840,
          2722816,
          2721792,
          2721632,
          2732032,
          2743296,
          2742272,
          2757632,
          2741248,
          2743296,
          2742272,
          2740224,
          2743296,
          2743424,
          2740224,
          2742336,
          2740224,
          2741248,
          2759680,
          2741248,
          2739200
        ],
        "applicable": true
      },
      {
        "kernel": "onpair_shmem_4tpt_lenbucket",
        "decode_ms": 0.0,
        "decode_gib_s": 0.0,
        "applicable": false,
        "reason": "length-bucket dict not built (set ONPAIR_DICT_REORDER=lenbucket)"
      },
      {
        "kernel": "onpair_shmem_4tpt_lenbucket_b128",
        "decode_ms": 0.0,
        "decode_gib_s": 0.0,
        "applicable": false,
        "reason": "length-bucket dict not built (set ONPAIR_DICT_REORDER=lenbucket)"
      },
      {
        "kernel": "onpair_shmem_4tpt_regcache",
        "decode_ms": 2.805664,
        "decode_gib_s": 331.94372283889277,
        "decode_ns_iters": [
          2806784,
          2805664,
          2808832,
          2805760,
          2806784,
          2808896,
          2808832,
          2807744,
          2818048,
          2829312,
          2827264,
          2830272,
          2828288,
          2828288,
          2829312,
          2847776,
          2848768,
          2848768,
          2849792,
          2847744,
          2848768,
          2847744,
          2849728,
          2847712,
          2848768,
          2847744,
          2848896,
          2843712,
          2866176,
          2870272
        ],
        "applicable": true
      },
      {
        "kernel": "onpair_shmem_4tpt_split4read",
        "decode_ms": 3.915776,
        "decode_gib_s": 237.8385671690769,
        "decode_ns_iters": [
          3976192,
          3982336,
          3917632,
          3916768,
          3918656,
          3916800,
          3916800,
          3915936,
          3917824,
          3917696,
          3916800,
          3916736,
          3933184,
          3918848,
          3916672,
          3915776,
          3917792,
          3916800,
          3916800,
          3915776,
          3916672,
          3933184,
          3917792,
          3928064,
          3918848,
          3923968,
          3946496,
          3948544,
          3946496,
          3963776
        ],
        "applicable": true
      },
      {
        "kernel": "onpair_shmem_4tpt_split4read_b128o12",
        "decode_ms": 4.0192,
        "decode_gib_s": 231.718390026637,
        "decode_ns_iters": [
          4020224,
          4021248,
          4020224,
          4020224,
          4038656,
          4024320,
          4021248,
          4020224,
          4019200,
          4021248,
          4023168,
          4020224,
          4022176,
          4039680,
          4021248,
          4021248,
          4021248,
          4020224,
          4022272,
          4021280,
          4020160,
          4020224,
          4021120,
          4021248,
          4021248,
          4021376,
          4021248,
          4019200,
          4021248,
          4022272
        ],
        "applicable": true
      },
      {
        "kernel": "onpair_shmem_4tpt_cluster_dsmem",
        "decode_ms": 0.0,
        "decode_gib_s": 0.0,
        "applicable": false,
        "reason": "thread-block clusters require sm_90+ (device cc 8.x)"
      },
      {
        "kernel": "onpair_shmem_8tpt",
        "decode_ms": 2.765824,
        "decode_gib_s": 336.72516877251024,
        "decode_ns_iters": [
          2766752,
          2768896,
          2767872,
          2767872,
          2767872,
          2768768,
          2766848,
          2766848,
          2768896,
          2765824,
          2782208,
          2781184,
          2766848,
          2768896,
          2778304,
          2786304,
          2785280,
          2796352,
          2787328,
          2788352,
          2787328,
          2786304,
          2786304,
          2787328,
          2788352,
          2789376,
          2789376,
          2787328,
          2788352,
          2788352
        ],
        "applicable": true
      },
      {
        "kernel": "onpair_shmem_8tpt_b128",
        "decode_ms": 2.755584,
        "decode_gib_s": 337.97647003141964,
        "decode_ns_iters": [
          2795520,
          2779136,
          2757632,
          2755584,
          2757632,
          2757568,
          2756608,
          2756736,
          2768896,
          2777056,
          2775040,
          2775040,
          2776064,
          2775968,
          2776064,
          2777088,
          2794496,
          2797568,
          2795520,
          2792448,
          2808736,
          2789376,
          2772992,
          2769920,
          2783232,
          2772992,
          2771968,
          2771968,
          2771904,
          2771968
        ],
        "applicable": true
      },
      {
        "kernel": "onpair_shmem_4tpt_vwidth",
        "decode_ms": 8.92832,
        "decode_gib_s": 104.31106335739078,
        "decode_ns_iters": [
          9135104,
          9169920,
          9072480,
          9063425,
          9040897,
          9037823,
          8984576,
          8985760,
          8928320,
          8994816,
          8947712,
          8950784,
          8946592,
          8995840,
          8970239,
          8980608,
          8971264,
          8962017,
          8966143,
          8961920,
          8963072,
          8958976,
          8956928,
          8943712,
          8958048,
          8978432,
          8990720,
          8963999,
          8954880,
          8977409
        ],
        "applicable": true
      },
      {
        "kernel": "onpair_shmem_4tpt_vwidth_b128",
        "decode_ms": 10.906624,
        "decode_gib_s": 85.39054369116046,
        "decode_ns_iters": [
          10907648,
          10914816,
          10919936,
          10911744,
          10921984,
          10914816,
          10921984,
          10910720,
          10919903,
          10913792,
          10934240,
          10910528,
          10916959,
          10914720,
          10918912,
          10906624,
          10913824,
          10930176,
          10998688,
          10987520,
          10998784,
          11057216,
          11104449,
          10991680,
          11009024,
          11068416,
          11072512,
          11082753,
          11126688,
          11177984
        ],
        "applicable": true
      },
      {
        "kernel": "onpair_shmem_4tpt_vwidth4",
        "decode_ms": 3.10784,
        "decode_gib_s": 299.6687581069358,
        "decode_ns_iters": [
          3109888,
          3107840,
          3109888,
          3109920,
          3173248,
          3197952,
          3204096,
          3197952,
          3201024,
          3198976,
          3232768,
          3245216,
          3248128,
          3248128,
          3249088,
          3247072,
          3267584,
          3271680,
          3268608,
          3270592,
          3272512,
          3289024,
          3267584,
          3268608,
          3273632,
          3278688,
          3270656,
          3273728,
          3273728,
          3269600
        ],
        "applicable": true
      },
      {
        "kernel": "onpair_shmem_4tpt_vwidth4_b128",
        "decode_ms": 3.31264,
        "decode_gib_s": 281.14209609105103,
        "decode_ns_iters": [
          3366912,
          3345408,
          3340288,
          3339264,
          3340288,
          3341312,
          3342336,
          3368960,
          3369984,
          3364864,
          3384320,
          3366912,
          3355648,
          3341312,
          3341312,
          3341312,
          3342336,
          3342336,
          3324928,
          3328000,
          3313728,
          3312640,
          3315712,
          3313664,
          3363776,
          3364864,
          3369888,
          3366912,
          3365888,
          3354624
        ],
        "applicable": true
      },
      {
        "kernel": "onpair_shmem_4tpt_shdict8",
        "decode_ms": 0.0,
        "decode_gib_s": 0.0,
        "applicable": false,
        "reason": "dict_s8 + staging needs 604976 B shared, over 229376 B cap"
      },
      {
        "kernel": "onpair_shmem_4tpt_ablate",
        "decode_ms": 2.823168,
        "decode_gib_s": 329.8856296171745,
        "decode_ns_iters": [
          2868224,
          2867200,
          2866176,
          2867200,
          2845696,
          2845696,
          2845696,
          2845696,
          2844672,
          2846720,
          2837344,
          2825216,
          2825088,
          2825216,
          2823168,
          2824224,
          2826080,
          2840576,
          2844672,
          2845696,
          2845696,
          2845696,
          2843648,
          2843648,
          2846720,
          2846720,
          2853888,
          2845696,
          2847744,
          2843648
        ],
        "applicable": true
      },
      {
        "kernel": "onpair_shmem_4tpt_ablate_nogather",
        "decode_ms": 2.04896,
        "decode_gib_s": 454.53427748470403,
        "decode_ns_iters": [
          2059264,
          2050048,
          2056192,
          2057216,
          2055168,
          2071552,
          2059200,
          2061312,
          2056032,
          2054144,
          2054144,
          2054176,
          2053120,
          2052096,
          2048960,
          2049024,
          2056192,
          2055104,
          2064384,
          2051072,
          2051072,
          2049024,
          2056192,
          2050048,
          2052096,
          2052096,
          2057216,
          2050048,
          2051072,
          2054144
        ],
        "applicable": true
      },
      {
        "kernel": "onpair_shmem_4tpt_ablate_noemit",
        "decode_ms": 2.101248,
        "decode_gib_s": 443.2235286815546,
        "decode_ns_iters": [
          2110464,
          2130912,
          2120704,
          2112576,
          2112512,
          2110464,
          2113536,
          2116608,
          2110464,
          2105344,
          2101248,
          2119680,
          2116608,
          2107392,
          2113440,
          2128896,
          2115424,
          2105344,
          2109440,
          2116608,
          2109440,
          2110400,
          2114752,
          2110464,
          2109440,
          2116608,
          2124800,
          2115392,
          2112512,
          2112512
        ],
        "applicable": true
      },
      {
        "kernel": "onpair_shmem_4tpt_ablate_nodrain",
        "decode_ms": 2.425856,
        "decode_gib_s": 383.9150193560785,
        "decode_ns_iters": [
          2431008,
          2432000,
          2433024,
          2430976,
          2432864,
          2440192,
          2431872,
          2429952,
          2432000,
          2432000,
          2433024,
          2429952,
          2430912,
          2430976,
          2432000,
          2426880,
          2432000,
          2433024,
          2433024,
          2430976,
          2430976,
          2432000,
          2431936,
          2432000,
          2429952,
          2426752,
          2432000,
          2426880,
          2425856,
          2447360
        ],
        "applicable": true
      },
      {
        "kernel": "onpair_shmem_4tpt_ablate_noscan",
        "decode_ms": 2.47808,
        "decode_gib_s": 375.8242482870042,
        "decode_ns_iters": [
          2483200,
          2483200,
          2484224,
          2483200,
          2484352,
          2483200,
          2481312,
          2480992,
          2483136,
          2479104,
          2484224,
          2484224,
          2481152,
          2482176,
          2484224,
          2498560,
          2482176,
          2482176,
          2499584,
          2478080,
          2483200,
          2482176,
          2483168,
          2482176,
          2490368,
          2495360,
          2499584,
          2496512,
          2499584,
          2499584
        ],
        "applicable": true
      },
      {
        "kernel": "onpair_shmem_4tpt_ablate_cfree",
        "decode_ms": 2.731104,
        "decode_gib_s": 341.00589109571047,
        "decode_ns_iters": [
          2733024,
          2749376,
          2732032,
          2733952,
          2733952,
          2731104,
          2733056,
          2779136,
          2793568,
          2794496,
          2791424,
          2793472,
          2794336,
          2793472,
          2833408,
          2834432,
          2835456,
          2834432,
          2832384,
          2835264,
          2828288,
          2811904,
          2812896,
          2812928,
          2811904,
          2812928,
          2811968,
          2811904,
          2813952,
          2811904
        ],
        "applicable": true
      },
      {
        "kernel": "onpair_shmem_s8",
        "decode_ms": 0.0,
        "decode_gib_s": 0.0,
        "applicable": false,
        "reason": "dictionary entry longer than 8 bytes"
      },
      {
        "kernel": "onpair_shmem_s8_2tpt",
        "decode_ms": 0.0,
        "decode_gib_s": 0.0,
        "applicable": false,
        "reason": "dictionary entry longer than 8 bytes"
      },
      {
        "kernel": "onpair_shmem_s8_4tpt",
        "decode_ms": 0.0,
        "decode_gib_s": 0.0,
        "applicable": false,
        "reason": "dictionary entry longer than 8 bytes"
      },
      {
        "kernel": "onpair_shmem_s8_8tpt",
        "decode_ms": 0.0,
        "decode_gib_s": 0.0,
        "applicable": false,
        "reason": "dictionary entry longer than 8 bytes"
      },
      {
        "kernel": "onpair_shmem_s4l1",
        "decode_ms": 0.0,
        "decode_gib_s": 0.0,
        "applicable": false,
        "reason": "dictionary entry longer than 4 bytes"
      },
      {
        "kernel": "onpair_shmem_s4l1_2tpt",
        "decode_ms": 0.0,
        "decode_gib_s": 0.0,
        "applicable": false,
        "reason": "dictionary entry longer than 4 bytes"
      },
      {
        "kernel": "onpair_shmem_s4l1_4tpt",
        "decode_ms": 0.0,
        "decode_gib_s": 0.0,
        "applicable": false,
        "reason": "dictionary entry longer than 4 bytes"
      },
      {
        "kernel": "onpair_shmem_s4l1_8tpt",
        "decode_ms": 0.0,
        "decode_gib_s": 0.0,
        "applicable": false,
        "reason": "dictionary entry longer than 4 bytes"
      },
      {
        "kernel": "onpair_shmem_s4l1_16tpt",
        "decode_ms": 0.0,
        "decode_gib_s": 0.0,
        "applicable": false,
        "reason": "dictionary entry longer than 4 bytes"
      },
      {
        "kernel": "onpair_shmem_s4l1_32tpt",
        "decode_ms": 0.0,
        "decode_gib_s": 0.0,
        "applicable": false,
        "reason": "dictionary entry longer than 4 bytes"
      },
      {
        "kernel": "onpair_shmem_const1",
        "decode_ms": 0.0,
        "decode_gib_s": 0.0,
        "applicable": false,
        "reason": "not every dictionary entry is exactly 1 byte"
      },
      {
        "kernel": "onpair_shmem_const2",
        "decode_ms": 0.0,
        "decode_gib_s": 0.0,
        "applicable": false,
        "reason": "not every dictionary entry is exactly 2 bytes"
      }
    ],
    "nvcomp_zstd_hw": {
      "supported": false,
      "error": "failed to prepare nvCOMP zstd hardware decode: Other error: nvcomp get_decompress_temp_size failed: nvcomp: invalid value",
      "iterations": 30,
      "backend": "hardware",
      "zstd_level": -10,
      "values_per_frame": 2048,
      "raw_bytes": 999999977,
      "compressed_bytes": 0,
      "frames": 0,
      "compression_ratio": 0.0,
      "decode_ms": 0.0,
      "decode_gib_s": 0.0,
      "compressed_gib_s": 0.0
    },
    "nvcomp_zstd": [
      {
        "supported": true,
        "iterations": 30,
        "backend": "default",
        "zstd_level": -10,
        "values_per_frame": 2048,
        "raw_bytes": 999999977,
        "compressed_bytes": 558817887,
        "frames": 18426,
        "compression_ratio": 1.7894917114562583,
        "decode_ms": 14.840959548950195,
        "decode_gib_s": 62.75352682710723,
        "compressed_gib_s": 35.06779406988114,
        "decode_ms_iters": [
          14.878175735473633,
          14.94262409210205,
          14.899040222167969,
          14.864416122436523,
          14.909919738769531,
          14.909279823303223,
          14.868864059448242,
          14.97702407836914,
          14.89187240600586,
          14.877023696899414,
          14.906623840332031,
          14.869759559631348,
          14.876319885253906,
          14.88435173034668,
          14.915743827819824,
          14.915871620178223,
          14.903936386108398,
          14.873600006103516,
          14.901856422424316,
          14.840959548950195,
          14.89510440826416,
          14.877375602722168,
          14.906784057617188,
          14.868096351623535,
          14.880160331726074,
          14.866911888122559,
          14.90447998046875,
          14.987008094787598,
          14.889472007751465,
          14.874143600463867
        ]
      },
      {
        "supported": true,
        "iterations": 30,
        "backend": "default",
        "zstd_level": 1,
        "values_per_frame": 2048,
        "raw_bytes": 999999977,
        "compressed_bytes": 372856101,
        "frames": 18426,
        "compression_ratio": 2.6819997696644906,
        "decode_ms": 16.461503982543945,
        "decode_gib_s": 56.575787618351846,
        "compressed_gib_s": 21.094628067559192,
        "decode_ms_iters": [
          16.493120193481445,
          16.514591217041016,
          16.471328735351562,
          16.512895584106445,
          16.484928131103516,
          16.469696044921875,
          16.529024124145508,
          16.490751266479492,
          16.52239990234375,
          16.469215393066406,
          16.476640701293945,
          16.481952667236328,
          16.51593589782715,
          16.529279708862305,
          16.471519470214844,
          16.461503982543945,
          16.493183135986328,
          16.479839324951172,
          16.50444793701172,
          16.485824584960938,
          16.524288177490234,
          16.50115203857422,
          16.4649600982666,
          16.50601577758789,
          16.462848663330078,
          16.50307273864746,
          16.48182487487793,
          16.4770565032959,
          16.46451187133789,
          16.478527069091797
        ]
      },
      {
        "supported": true,
        "iterations": 30,
        "backend": "default",
        "zstd_level": 3,
        "values_per_frame": 2048,
        "raw_bytes": 999999977,
        "compressed_bytes": 348762789,
        "frames": 18426,
        "compression_ratio": 2.867278300724909,
        "decode_ms": 16.72643280029297,
        "decode_gib_s": 55.67968761269569,
        "compressed_gib_s": 19.41900358908958,
        "decode_ms_iters": [
          16.761951446533203,
          16.78937530517578,
          16.765344619750977,
          16.753664016723633,
          16.850143432617188,
          16.770912170410156,
          16.792800903320312,
          16.840927124023438,
          16.739103317260742,
          16.752864837646484,
          16.759967803955078,
          16.8088321685791,
          16.74496078491211,
          16.770015716552734,
          16.767839431762695,
          16.785247802734375,
          16.782047271728516,
          16.74355125427246,
          16.748640060424805,
          16.73232078552246,
          16.75801658630371,
          16.78019142150879,
          16.754623413085938,
          16.72643280029297,
          16.773088455200195,
          16.760000228881836,
          16.750431060791016,
          16.771936416625977,
          16.79100799560547,
          16.862112045288086
        ]
      }
    ]
  }
}
==PROF== Disconnected from process 26723
==PROF== Report: /home/ubuntu/work/ncu_costsurface_tpch-sf10_l_comment_b16.ncu-rep
