==PROF== Connected to process 28996 (/home/ubuntu/work/target/release/onpair-chunk-bench)
2026-06-26T04:18:00.614579Z  INFO vortex_cuda: vortex-cuda/src/lib.rs:111: Registering CUDA kernels
==PROF== Profiling "onpair_u64" - 0 (1/16): 0%....50%....100% - 43 passes
==PROF== Profiling "onpair_u64" - 1 (2/16): 0%....50%....100% - 43 passes
==PROF== Profiling "onpair_u64" - 2 (3/16): 0%....50%....100% - 43 passes
==PROF== Profiling "onpair_u64" - 3 (4/16): 0%....50%....100% - 43 passes
==PROF== Profiling "onpair_u64" - 4 (5/16): 0%....50%....100% - 43 passes
==PROF== Profiling "onpair_u64" - 5 (6/16): 0%....50%....100% - 43 passes
==PROF== Profiling "onpair_u64" - 6 (7/16): 0%....50%....100% - 43 passes
==PROF== Profiling "onpair_u64" - 7 (8/16): 0%....50%....100% - 43 passes
==PROF== Profiling "onpair_u64" - 8 (9/16): 0%....50%....100% - 43 passes
==PROF== Profiling "onpair_u64" - 9 (10/16): 0%....50%....100% - 43 passes
==PROF== Profiling "onpair_u64" - 10 (11/16): 0%....50%....100% - 43 passes
==PROF== Profiling "onpair_u64" - 11 (12/16): 0%....50%....100% - 43 passes
==PROF== Profiling "onpair_u64" - 12 (13/16): 0%....50%....100% - 43 passes
==PROF== Profiling "onpair_u64" - 13 (14/16): 0%....50%....100% - 43 passes
==PROF== Profiling "onpair_u64" - 14 (15/16): 0%....50%....100% - 43 passes
==PROF== Profiling "onpair_u64" - 15 (16/16): 0%....50%....100% - 43 passes
{
  "files": [
    "/home/ubuntu/work/vortex-bench/data/onpair-bench/tpch-sf10/ps_comment/bits12_chunk1000mb_thr0.20/part_0000.vortex"
  ],
  "column": "ps_comment",
  "rows": 8000000,
  "in_memory_bytes": 157701557,
  "dict_bytes": 38937,
  "gpu": {
    "iterations": 30,
    "decoded_bytes": 987934065,
    "chunks": 1,
    "auto_kernel": "onpair_shmem_4tpt",
    "frac_le8": 0.32173935,
    "dict_mean_len": 9.502197,
    "dict_max_len": 16,
    "dict_entries_max": 4096,
    "small_dict": true,
    "distinct_codes": 3871,
    "access_top4096_frac": 1.0,
    "compressed_bytes": 191779075,
    "h2d_gib_s": 20.1241547653757,
    "whole_decompress_gib_s": 83.50382031934693,
    "best_kernel": "onpair_shmem_4tpt_ablate_nogather",
    "auto_decode_ms": 2.143168,
    "best_decode_ms": 2.038784,
    "validated": false,
    "auto_decode_gib_s": 429.3108598887887,
    "best_decode_gib_s": 451.2912093513268,
    "kernels": [
      {
        "kernel": "onpair",
        "decode_ms": 36.212735,
        "decode_gib_s": 25.40778256505993,
        "decode_ns_iters": [
          5291282177,
          5290544033,
          5325223923,
          5272962093,
          5293303490,
          5304046154,
          5308942318,
          5317110062,
          5311244965,
          5318655968,
          5289397240,
          5287757874,
          5306021690,
          5335230350,
          36545601,
          36508672,
          36313087,
          36510721,
          36457475,
          36567871,
          36461506,
          36666367,
          36452349,
          36298752,
          36589570,
          36371455,
          36573187,
          36736000,
          36212735,
          36421631
        ],
        "applicable": true
      },
      {
        "kernel": "onpair_shmem",
        "decode_ms": 2.49328,
        "decode_gib_s": 369.0260608379867,
        "decode_ns_iters": [
          2493280,
          2513920,
          2494464,
          2502656,
          2503680,
          2516992,
          2509792,
          2513920,
          2507776,
          2500480,
          2498560,
          2506752,
          2502656,
          2503584,
          2499584,
          2520064,
          2507776,
          2502656,
          2535424,
          2504704,
          2504608,
          2527232,
          2497536,
          2518016,
          2507808,
          2500480,
          2496512,
          2506752,
          2509824,
          2505728
        ],
        "applicable": true
      },
      {
        "kernel": "onpair_shmem_2tpt",
        "decode_ms": 2.120704,
        "decode_gib_s": 433.858424827857,
        "decode_ns_iters": [
          2156544,
          2147328,
          2156416,
          2157568,
          2156448,
          2138112,
          2153536,
          2144256,
          2138208,
          2151424,
          2151424,
          2143232,
          2162688,
          2138048,
          2145280,
          2143232,
          2128896,
          2192384,
          2147328,
          2160640,
          2142176,
          2168832,
          2120704,
          2159584,
          2144256,
          2130944,
          2177920,
          2157568,
          2169856,
          2145216
        ],
        "applicable": true
      },
      {
        "kernel": "onpair_shmem_4tpt",
        "decode_ms": 2.143168,
        "decode_gib_s": 429.3108598887887,
        "decode_ns_iters": [
          2168832,
          2176000,
          2166752,
          2168832,
          2165760,
          2163776,
          2163616,
          2161664,
          2169856,
          2168736,
          2168928,
          2170848,
          2169792,
          2167872,
          2172928,
          2162784,
          2172928,
          2163520,
          2143168,
          2156544,
          2146304,
          2165632,
          2157568,
          2156544,
          2160640,
          2174976,
          2154496,
          2162688,
          2177024,
          2163712
        ],
        "applicable": true
      },
      {
        "kernel": "onpair_shmem_4tpt_wpb8",
        "decode_ms": 2.217984,
        "decode_gib_s": 414.82954654593334,
        "decode_ns_iters": [
          2243584,
          2238496,
          2243584,
          2226048,
          2224128,
          2224128,
          2217984,
          2219008,
          2227200,
          2226176,
          2224128,
          2223104,
          2226176,
          2244480,
          2225152,
          2224128,
          2225152,
          2220032,
          2220000,
          2224096,
          2223104,
          2225152,
          2226176,
          2224160,
          2225152,
          2226176,
          2229248,
          2224128,
          2231520,
          2226176
        ],
        "applicable": true
      },
      {
        "kernel": "onpair_shmem_4tpt_wpb8_occ",
        "decode_ms": 2.329504,
        "decode_gib_s": 394.97047309905264,
        "decode_ns_iters": [
          2334720,
          2329504,
          2334720,
          2335744,
          2337792,
          2335584,
          2336736,
          2335744,
          2334880,
          2336768,
          2330624,
          2331648,
          2352128,
          2351104,
          2353152,
          2351104,
          2350080,
          2351008,
          2352128,
          2350080,
          2335744,
          2337728,
          2333696,
          2336768,
          2335808,
          2335552,
          2335552,
          2333696,
          2352128,
          2349248
        ],
        "applicable": true
      },
      {
        "kernel": "onpair_shmem_4tpt_b128",
        "decode_ms": 2.35008,
        "decode_gib_s": 391.5123302041358,
        "decode_ns_iters": [
          2372608,
          2373632,
          2381888,
          2365472,
          2357248,
          2356160,
          2357248,
          2357248,
          2352128,
          2350080,
          2353152,
          2357248,
          2374656,
          2356224,
          2355200,
          2358208,
          2356224,
          2355360,
          2357216,
          2361344,
          2371584,
          2373632,
          2373632,
          2367488,
          2367488,
          2373632,
          2372608,
          2365440,
          2356224,
          2356224
        ],
        "applicable": true
      },
      {
        "kernel": "onpair_shmem_4tpt_o6",
        "decode_ms": 2.353088,
        "decode_gib_s": 391.01185207103833,
        "decode_ns_iters": [
          2354176,
          2353088,
          2374656,
          2357408,
          2373632,
          2358272,
          2358272,
          2362368,
          2358272,
          2359296,
          2358272,
          2360320,
          2359328,
          2359328,
          2358272,
          2360320,
          2360128,
          2354048,
          2354336,
          2364416,
          2360320,
          2358272,
          2358272,
          2360320,
          2359296,
          2355200,
          2360352,
          2373632,
          2358272,
          2356224
        ],
        "applicable": true
      },
      {
        "kernel": "onpair_shmem_4tpt_b512o3",
        "decode_ms": 2.157568,
        "decode_gib_s": 426.44556137564865,
        "decode_ns_iters": [
          2163712,
          2162688,
          2159488,
          2157568,
          2163712,
          2163584,
          2162688,
          2164576,
          2165760,
          2166784,
          2159616,
          2164736,
          2163712,
          2164736,
          2165568,
          2163712,
          2165760,
          2164736,
          2162688,
          2169856,
          2167808,
          2181120,
          2196480,
          2180096,
          2181120,
          2179072,
          2182016,
          2178048,
          2179072,
          2179904
        ],
        "applicable": true
      },
      {
        "kernel": "onpair_shmem_4tpt_b128o12",
        "decode_ms": 2.369376,
        "decode_gib_s": 388.32388652798693,
        "decode_ns_iters": [
          2396096,
          2405376,
          2407424,
          2405248,
          2408448,
          2399904,
          2384896,
          2384896,
          2390016,
          2389984,
          2393088,
          2395072,
          2377760,
          2372608,
          2373632,
          2373440,
          2375584,
          2369376,
          2369536,
          2374656,
          2373632,
          2374656,
          2374656,
          2390016,
          2375680,
          2375680,
          2374656,
          2369536,
          2375680,
          2373632
        ],
        "applicable": true
      },
      {
        "kernel": "onpair_shmem_4tpt_b64",
        "decode_ms": 2.352128,
        "decode_gib_s": 391.1714400602924,
        "decode_ns_iters": [
          2358272,
          2357248,
          2356224,
          2358272,
          2357248,
          2358272,
          2353152,
          2357248,
          2358272,
          2358272,
          2357248,
          2377728,
          2374656,
          2372608,
          2369536,
          2372608,
          2371584,
          2374656,
          2372608,
          2369504,
          2353152,
          2352128,
          2356352,
          2358272,
          2356224,
          2358272,
          2359360,
          2355200,
          2375680,
          2358400
        ],
        "applicable": true
      },
      {
        "kernel": "onpair_shmem_4tpt_b64o24",
        "decode_ms": 2.368512,
        "decode_gib_s": 388.4655416422359,
        "decode_ns_iters": [
          2374656,
          2375488,
          2374656,
          2373664,
          2376704,
          2369536,
          2375776,
          2374656,
          2383872,
          2374656,
          2374656,
          2373632,
          2395136,
          2375648,
          2368512,
          2370560,
          2374656,
          2375680,
          2374496,
          2388992,
          2391936,
          2391136,
          2398272,
          2408448,
          2391232,
          2386944,
          2383872,
          2377792,
          2374656,
          2376704
        ],
        "applicable": true
      },
      {
        "kernel": "onpair_shmem_4tpt_split8read_b128o12",
        "decode_ms": 3.099776,
        "decode_gib_s": 296.8231565655504,
        "decode_ns_iters": [
          3101696,
          3102720,
          3101696,
          3100832,
          3118080,
          3103744,
          3101536,
          3100672,
          3100704,
          3102720,
          3102720,
          3101696,
          3103648,
          3100704,
          3100672,
          3120128,
          3102688,
          3100736,
          3101696,
          3100672,
          3101696,
          3102720,
          3101696,
          3102624,
          3099776,
          3103680,
          3123200,
          3125248,
          3123200,
          3123008
        ],
        "applicable": true
      },
      {
        "kernel": "onpair_shmem_4tpt_split8read_occ",
        "decode_ms": 2.920448,
        "decode_gib_s": 315.0493680990504,
        "decode_ns_iters": [
          2924544,
          2935808,
          2924544,
          2920448,
          2924480,
          2925568,
          2923520,
          2921472,
          2923520,
          2923520,
          2925504,
          2921472,
          2926592,
          2945984,
          2944000,
          2946048,
          2946048,
          2948096,
          2945856,
          2946048,
          2962432,
          2944992,
          2949120,
          2942976,
          2946048,
          2945024,
          2955264,
          2952192,
          2945024,
          2944000
        ],
        "applicable": true
      },
      {
        "kernel": "onpair_shmem_4tpt_split8",
        "decode_ms": 2.23232,
        "decode_gib_s": 412.1655035864641,
        "decode_ns_iters": [
          2233376,
          2234336,
          2234368,
          2234368,
          2232320,
          2233344,
          2234368,
          2235392,
          2232320,
          2235392,
          2232320,
          2232320,
          2233344,
          2233344,
          2234368,
          2234368,
          2233344,
          2245632,
          2249728,
          2249728,
          2247680,
          2250752,
          2251776,
          2248704,
          2249600,
          2251680,
          2268064,
          2249728,
          2247584,
          2250752
        ],
        "applicable": true
      },
      {
        "kernel": "onpair_shmem_4tpt_split8_wpb8",
        "decode_ms": 2.308096,
        "decode_gib_s": 398.6338943294107,
        "decode_ns_iters": [
          2324480,
          2329600,
          2330432,
          2327552,
          2331648,
          2329600,
          2330624,
          2331648,
          2329600,
          2316224,
          2308096,
          2308096,
          2327552,
          2312192,
          2310144,
          2311072,
          2314240,
          2309120,
          2313216,
          2314240,
          2310144,
          2313216,
          2314144,
          2311168,
          2310208,
          2320384,
          2344960,
          2340864,
          2342912,
          2347008
        ],
        "applicable": true
      },
      {
        "kernel": "onpair_shmem_4tpt_split8_wpb8_occ",
        "decode_ms": 2.368512,
        "decode_gib_s": 388.4655416422359,
        "decode_ns_iters": [
          2418688,
          2406400,
          2402304,
          2403168,
          2401280,
          2403328,
          2399232,
          2401280,
          2398208,
          2382848,
          2408448,
          2384896,
          2385728,
          2385920,
          2383872,
          2385920,
          2386944,
          2390016,
          2383872,
          2404288,
          2386912,
          2385920,
          2386944,
          2379712,
          2378752,
          2369536,
          2368512,
          2368512,
          2369536,
          2371584
        ],
        "applicable": true
      },
      {
        "kernel": "onpair_shmem_4tpt_pdict",
        "decode_ms": 2.343936,
        "decode_gib_s": 392.53857484425157,
        "decode_ns_iters": [
          2343936,
          2354176,
          2346944,
          2352064,
          2352128,
          2348032,
          2355200,
          2346944,
          2364416,
          2358272,
          2365440,
          2367488,
          2378752,
          2363392,
          2365440,
          2356224,
          2367488,
          2369536,
          2366464,
          2362368,
          2362368,
          2356224,
          2352128,
          2352128,
          2357248,
          2355200,
          2366464,
          2355200,
          2370560,
          2354176
        ],
        "applicable": true
      },
      {
        "kernel": "onpair_shmem_4tpt_vdict",
        "decode_ms": 2.243776,
        "decode_gib_s": 410.06111883099544,
        "decode_ns_iters": [
          2253824,
          2256896,
          2256896,
          2271040,
          2254848,
          2264064,
          2250752,
          2257984,
          2260992,
          2248704,
          2270208,
          2253696,
          2267136,
          2243776,
          2259968,
          2254656,
          2252736,
          2268096,
          2259968,
          2254848,
          2249728,
          2269184,
          2267136,
          2255872,
          2259968,
          2253824,
          2258944,
          2253824,
          2253824,
          2248704
        ],
        "applicable": true
      },
      {
        "kernel": "onpair_shmem_4tpt_split8read",
        "decode_ms": 2.290688,
        "decode_gib_s": 401.66329808604905,
        "decode_ns_iters": [
          2299904,
          2297856,
          2299840,
          2294656,
          2298784,
          2296832,
          2299904,
          2298880,
          2298880,
          2298816,
          2297856,
          2297856,
          2313216,
          2290688,
          2294784,
          2296832,
          2298720,
          2296832,
          2297856,
          2298880,
          2294784,
          2297856,
          2298880,
          2298880,
          2314240,
          2327552,
          2328416,
          2328576,
          2328448,
          2331488
        ],
        "applicable": true
      },
      {
        "kernel": "onpair_shmem_4tpt_ldcs",
        "decode_ms": 2.128896,
        "decode_gib_s": 432.1889359396305,
        "decode_ns_iters": [
          2159616,
          2177024,
          2172928,
          2172928,
          2173952,
          2172928,
          2173952,
          2171904,
          2174976,
          2155520,
          2139136,
          2140256,
          2142208,
          2158592,
          2144256,
          2144256,
          2161472,
          2145280,
          2144256,
          2142304,
          2138144,
          2144128,
          2142208,
          2143232,
          2143392,
          2144064,
          2129920,
          2129920,
          2128896,
          2144096
        ],
        "applicable": true
      },
      {
        "kernel": "onpair_shmem_4tpt_lenbucket",
        "decode_ms": 0.0,
        "decode_gib_s": 0.0,
        "applicable": false,
        "reason": "length-bucket dict not built (set ONPAIR_DICT_REORDER=lenbucket)"
      },
      {
        "kernel": "onpair_shmem_4tpt_lenbucket_b128",
        "decode_ms": 0.0,
        "decode_gib_s": 0.0,
        "applicable": false,
        "reason": "length-bucket dict not built (set ONPAIR_DICT_REORDER=lenbucket)"
      },
      {
        "kernel": "onpair_shmem_4tpt_regcache",
        "decode_ms": 2.33664,
        "decode_gib_s": 393.7642499341514,
        "decode_ns_iters": [
          2359360,
          2360192,
          2348032,
          2336768,
          2336640,
          2336768,
          2341888,
          2340864,
          2343936,
          2342912,
          2357248,
          2385024,
          2375680,
          2374656,
          2391040,
          2374656,
          2374656,
          2374656,
          2359296,
          2359296,
          2355104,
          2357248,
          2359392,
          2366464,
          2358272,
          2358272,
          2343936,
          2342048,
          2343936,
          2343936
        ],
        "applicable": true
      },
      {
        "kernel": "onpair_shmem_4tpt_split4read",
        "decode_ms": 2.648064,
        "decode_gib_s": 347.4558382902133,
        "decode_ns_iters": [
          2648064,
          2651136,
          2649088,
          2649088,
          2649088,
          2649088,
          2650112,
          2648992,
          2663424,
          2688000,
          2686976,
          2689024,
          2691072,
          2688000,
          2686976,
          2685952,
          2689024,
          2697216,
          2690048,
          2689056,
          2689888,
          2687040,
          2691072,
          2707456,
          2690048,
          2690048,
          2689952,
          2688000,
          2687968,
          2689024
        ],
        "applicable": true
      },
      {
        "kernel": "onpair_shmem_4tpt_split4read_b128o12",
        "decode_ms": 3.514368,
        "decode_gib_s": 261.80675927112225,
        "decode_ns_iters": [
          3590144,
          3567520,
          3562496,
          3540864,
          3554240,
          3540064,
          3543040,
          3541984,
          3521536,
          3516416,
          3515392,
          3517440,
          3516416,
          3517440,
          3533824,
          3515392,
          3518464,
          3517472,
          3526656,
          3515392,
          3516416,
          3516416,
          3516416,
          3516352,
          3517440,
          3515392,
          3514368,
          3521536,
          3515392,
          3516416
        ],
        "applicable": true
      },
      {
        "kernel": "onpair_shmem_4tpt_cluster_dsmem",
        "decode_ms": 0.0,
        "decode_gib_s": 0.0,
        "applicable": false,
        "reason": "thread-block clusters require sm_90+ (device cc 8.x)"
      },
      {
        "kernel": "onpair_shmem_8tpt",
        "decode_ms": 2.207744,
        "decode_gib_s": 416.7536167989294,
        "decode_ns_iters": [
          2213888,
          2214784,
          2213888,
          2215872,
          2214912,
          2211008,
          2214912,
          2207744,
          2214912,
          2233344,
          2214784,
          2224128,
          2212864,
          2215968,
          2231296,
          2212864,
          2214912,
          2213888,
          2214912,
          2213888,
          2214016,
          2213888,
          2217984,
          2229248,
          2231296,
          2229248,
          2228224,
          2231296,
          2229248,
          2229248
        ],
        "applicable": true
      },
      {
        "kernel": "onpair_shmem_8tpt_b128",
        "decode_ms": 2.270208,
        "decode_gib_s": 405.28678295827325,
        "decode_ns_iters": [
          2275328,
          2275328,
          2274304,
          2273280,
          2275328,
          2275328,
          2275328,
          2274304,
          2270208,
          2270208,
          2291712,
          2275328,
          2276352,
          2277280,
          2274304,
          2275296,
          2276352,
          2275328,
          2275328,
          2293760,
          2274304,
          2277376,
          2275328,
          2283520,
          2291744,
          2291712,
          2286592,
          2291712,
          2289664,
          2290688
        ],
        "applicable": true
      },
      {
        "kernel": "onpair_shmem_4tpt_vwidth",
        "decode_ms": 6.385664,
        "decode_gib_s": 144.0860804712142,
        "decode_ns_iters": [
          6486016,
          6458368,
          6428672,
          6439936,
          6409280,
          6390752,
          6397952,
          6391808,
          6394880,
          6385664,
          6407168,
          6389728,
          6411264,
          6396928,
          6391808,
          6390784,
          6392832,
          6406144,
          6393856,
          6389760,
          6392832,
          6392832,
          6390784,
          6389760,
          6418528,
          6392832,
          6386592,
          6393856,
          6389760,
          6393856
        ],
        "applicable": true
      },
      {
        "kernel": "onpair_shmem_4tpt_vwidth_b128",
        "decode_ms": 11.154272,
        "decode_gib_s": 82.4872566283246,
        "decode_ns_iters": [
          11161600,
          11161473,
          11159776,
          11160576,
          11165696,
          11154272,
          11155455,
          11159551,
          11162625,
          11158529,
          11167648,
          11162625,
          11161600,
          11163647,
          11164672,
          11160576,
          11156480,
          11158529,
          11159551,
          11162625,
          11162560,
          11161503,
          11159551,
          11161600,
          11156480,
          11165696,
          11160576,
          11159521,
          11159551,
          11164672
        ],
        "applicable": true
      },
      {
        "kernel": "onpair_shmem_4tpt_vwidth4",
        "decode_ms": 2.727936,
        "decode_gib_s": 337.28258176369803,
        "decode_ns_iters": [
          2727936,
          2745280,
          2728960,
          2727936,
          2731008,
          2729984,
          2728960,
          2745312,
          2746368,
          2749440,
          2747392,
          2749312,
          2763776,
          2766848,
          2783072,
          2784192,
          2788352,
          2789376,
          2786304,
          2788352,
          2788288,
          2786304,
          2788352,
          2787424,
          2787328,
          2786304,
          2788352,
          2788352,
          2787328,
          2787200
        ],
        "applicable": true
      },
      {
        "kernel": "onpair_shmem_4tpt_vwidth4_b128",
        "decode_ms": 2.829312,
        "decode_gib_s": 325.19753811744187,
        "decode_ns_iters": [
          2851712,
          2851712,
          2833408,
          2832384,
          2830336,
          2830208,
          2829312,
          2832384,
          2831360,
          2850816,
          2851840,
          2850976,
          2850816,
          2860032,
          2849792,
          2852832,
          2852864,
          2862080,
          2849920,
          2864128,
          2874368,
          2848768,
          2872320,
          2872320,
          2871392,
          2870272,
          2870272,
          2870272,
          2873344,
          2871264
        ],
        "applicable": true
      },
      {
        "kernel": "onpair_shmem_4tpt_shdict8",
        "decode_ms": 2.811904,
        "decode_gib_s": 327.2107785209365,
        "decode_ns_iters": [
          2853888,
          2825216,
          2825216,
          2827264,
          2820032,
          2817024,
          2817184,
          2813952,
          2823168,
          2811904,
          2818048,
          2821152,
          2817024,
          2817920,
          2829312,
          2817184,
          2822144,
          2827264,
          2825056,
          2837504,
          2837568,
          2824192,
          2825248,
          2822144,
          2828320,
          2821120,
          2819168,
          2817888,
          2821120,
          2828160
        ],
        "applicable": true
      },
      {
        "kernel": "onpair_shmem_4tpt_ablate",
        "decode_ms": 2.368416,
        "decode_gib_s": 388.48128747911494,
        "decode_ns_iters": [
          2373632,
          2374656,
          2374656,
          2375680,
          2368416,
          2393088,
          2374656,
          2373632,
          2375712,
          2375520,
          2373632,
          2418688,
          2371584,
          2369536,
          2396160,
          2375680,
          2374656,
          2368640,
          2374656,
          2368512,
          2375712,
          2374656,
          2371584,
          2375680,
          2372608,
          2373632,
          2369536,
          2374656,
          2370560,
          2388992
        ],
        "applicable": true
      },
      {
        "kernel": "onpair_shmem_4tpt_ablate_nogather",
        "decode_ms": 2.038784,
        "decode_gib_s": 451.2912093513268,
        "decode_ns_iters": [
          2048000,
          2038784,
          2039968,
          2077696,
          2057216,
          2048032,
          2067456,
          2060288,
          2059264,
          2056192,
          2066432,
          2067456,
          2057248,
          2060288,
          2053120,
          2062336,
          2060288,
          2056192,
          2071552,
          2065408,
          2065280,
          2052096,
          2070528,
          2067456,
          2069504,
          2061312,
          2080768,
          2068352,
          2059424,
          2066400
        ],
        "applicable": true
      },
      {
        "kernel": "onpair_shmem_4tpt_ablate_noemit",
        "decode_ms": 2.112512,
        "decode_gib_s": 435.54086176368963,
        "decode_ns_iters": [
          2121728,
          2120704,
          2122752,
          2121728,
          2119680,
          2119680,
          2112512,
          2116704,
          2121728,
          2118656,
          2124736,
          2122752,
          2122752,
          2112512,
          2120704,
          2134976,
          2113536,
          2126656,
          2124800,
          2128896,
          2122688,
          2117632,
          2122752,
          2128064,
          2134176,
          2117632,
          2126848,
          2126848,
          2128896,
          2113536
        ],
        "applicable": true
      },
      {
        "kernel": "onpair_shmem_4tpt_ablate_nodrain",
        "decode_ms": 2.210816,
        "decode_gib_s": 416.1745242327428,
        "decode_ns_iters": [
          2216960,
          2214912,
          2215936,
          2214944,
          2214912,
          2215936,
          2215936,
          2214912,
          2212864,
          2215936,
          2215936,
          2216960,
          2214912,
          2213792,
          2215840,
          2216960,
          2225152,
          2210816,
          2216960,
          2230272,
          2215936,
          2214912,
          2210816,
          2214912,
          2214912,
          2216000,
          2215936,
          2215936,
          2215872,
          2214912
        ],
        "applicable": true
      },
      {
        "kernel": "onpair_shmem_4tpt_ablate_noscan",
        "decode_ms": 2.240384,
        "decode_gib_s": 410.6819620949513,
        "decode_ns_iters": [
          2245632,
          2246656,
          2246560,
          2246656,
          2248896,
          2243584,
          2240512,
          2240512,
          2247520,
          2245632,
          2244608,
          2245632,
          2245536,
          2245632,
          2241536,
          2246720,
          2263040,
          2244608,
          2247616,
          2245632,
          2245440,
          2248704,
          2243584,
          2241536,
          2240384,
          2244608,
          2244608,
          2244608,
          2244608,
          2245632
        ],
        "applicable": true
      },
      {
        "kernel": "onpair_shmem_4tpt_ablate_cfree",
        "decode_ms": 2.356224,
        "decode_gib_s": 390.49143755692813,
        "decode_ns_iters": [
          2361344,
          2357184,
          2357248,
          2364416,
          2364416,
          2363392,
          2362368,
          2361344,
          2362368,
          2356224,
          2363392,
          2379776,
          2362368,
          2362272,
          2362368,
          2362368,
          2361344,
          2362304,
          2363392,
          2361344,
          2364416,
          2360320,
          2364416,
          2362368,
          2361344,
          2362368,
          2378592,
          2361312,
          2360320,
          2361344
        ],
        "applicable": true
      },
      {
        "kernel": "onpair_shmem_s8",
        "decode_ms": 0.0,
        "decode_gib_s": 0.0,
        "applicable": false,
        "reason": "dictionary entry longer than 8 bytes"
      },
      {
        "kernel": "onpair_shmem_s8_2tpt",
        "decode_ms": 0.0,
        "decode_gib_s": 0.0,
        "applicable": false,
        "reason": "dictionary entry longer than 8 bytes"
      },
      {
        "kernel": "onpair_shmem_s8_4tpt",
        "decode_ms": 0.0,
        "decode_gib_s": 0.0,
        "applicable": false,
        "reason": "dictionary entry longer than 8 bytes"
      },
      {
        "kernel": "onpair_shmem_s8_8tpt",
        "decode_ms": 0.0,
        "decode_gib_s": 0.0,
        "applicable": false,
        "reason": "dictionary entry longer than 8 bytes"
      },
      {
        "kernel": "onpair_shmem_s4l1",
        "decode_ms": 0.0,
        "decode_gib_s": 0.0,
        "applicable": false,
        "reason": "dictionary entry longer than 4 bytes"
      },
      {
        "kernel": "onpair_shmem_s4l1_2tpt",
        "decode_ms": 0.0,
        "decode_gib_s": 0.0,
        "applicable": false,
        "reason": "dictionary entry longer than 4 bytes"
      },
      {
        "kernel": "onpair_shmem_s4l1_4tpt",
        "decode_ms": 0.0,
        "decode_gib_s": 0.0,
        "applicable": false,
        "reason": "dictionary entry longer than 4 bytes"
      },
      {
        "kernel": "onpair_shmem_s4l1_8tpt",
        "decode_ms": 0.0,
        "decode_gib_s": 0.0,
        "applicable": false,
        "reason": "dictionary entry longer than 4 bytes"
      },
      {
        "kernel": "onpair_shmem_s4l1_16tpt",
        "decode_ms": 0.0,
        "decode_gib_s": 0.0,
        "applicable": false,
        "reason": "dictionary entry longer than 4 bytes"
      },
      {
        "kernel": "onpair_shmem_s4l1_32tpt",
        "decode_ms": 0.0,
        "decode_gib_s": 0.0,
        "applicable": false,
        "reason": "dictionary entry longer than 4 bytes"
      },
      {
        "kernel": "onpair_shmem_const1",
        "decode_ms": 0.0,
        "decode_gib_s": 0.0,
        "applicable": false,
        "reason": "not every dictionary entry is exactly 1 byte"
      },
      {
        "kernel": "onpair_shmem_const2",
        "decode_ms": 0.0,
        "decode_gib_s": 0.0,
        "applicable": false,
        "reason": "not every dictionary entry is exactly 2 bytes"
      }
    ],
    "nvcomp_zstd_hw": {
      "supported": false,
      "error": "failed to prepare nvCOMP zstd hardware decode: Other error: nvcomp get_decompress_temp_size failed: nvcomp: invalid value",
      "iterations": 30,
      "backend": "hardware",
      "zstd_level": -10,
      "values_per_frame": 2048,
      "raw_bytes": 987934065,
      "compressed_bytes": 0,
      "frames": 0,
      "compression_ratio": 0.0,
      "decode_ms": 0.0,
      "decode_gib_s": 0.0,
      "compressed_gib_s": 0.0
    },
    "nvcomp_zstd": [
      {
        "supported": true,
        "iterations": 30,
        "backend": "default",
        "zstd_level": -10,
        "values_per_frame": 2048,
        "raw_bytes": 987934065,
        "compressed_bytes": 307442005,
        "frames": 3907,
        "compression_ratio": 3.2133997597367996,
        "decode_ms": 16.40959930419922,
        "decode_gib_s": 56.06994295897802,
        "compressed_gib_s": 17.448791669658476,
        "decode_ms_iters": [
          16.42086410522461,
          16.40959930419922,
          16.533504486083984,
          16.495616912841797,
          16.487424850463867,
          16.468992233276367,
          16.471040725708008,
          16.483200073242188,
          16.4454402923584,
          16.47222328186035,
          16.472959518432617,
          16.449535369873047,
          16.480255126953125,
          16.472063064575195,
          16.409696578979492,
          16.471040725708008,
          16.45465660095215,
          16.43622398376465,
          16.485376358032227,
          16.452608108520508,
          16.41779136657715,
          16.481088638305664,
          16.43929672241211,
          16.445600509643555,
          16.47100830078125,
          16.522239685058594,
          16.538623809814453,
          16.450559616088867,
          16.4270076751709,
          16.44748878479004
        ]
      },
      {
        "supported": true,
        "iterations": 30,
        "backend": "default",
        "zstd_level": 1,
        "values_per_frame": 2048,
        "raw_bytes": 987934065,
        "compressed_bytes": 252616707,
        "frames": 3907,
        "compression_ratio": 3.910802562239084,
        "decode_ms": 16.910335540771484,
        "decode_gib_s": 54.40964165068006,
        "compressed_gib_s": 13.912653677798671,
        "decode_ms_iters": [
          16.920576095581055,
          16.954368591308594,
          16.952320098876953,
          16.932863235473633,
          16.912384033203125,
          16.945152282714844,
          16.966655731201172,
          16.961536407470703,
          16.968896865844727,
          16.963584899902344,
          16.942079544067383,
          16.912384033203125,
          17.027040481567383,
          16.910335540771484,
          16.99839973449707,
          16.917503356933594,
          16.947200775146484,
          16.926719665527344,
          16.9748477935791,
          16.954303741455078,
          16.942079544067383,
          16.947200775146484,
          16.925695419311523,
          16.951168060302734,
          16.951295852661133,
          16.976896286010742,
          16.957279205322266,
          16.933887481689453,
          16.96460723876953,
          17.043455123901367
        ]
      },
      {
        "supported": true,
        "iterations": 30,
        "backend": "default",
        "zstd_level": 3,
        "values_per_frame": 2048,
        "raw_bytes": 987934065,
        "compressed_bytes": 237244314,
        "frames": 3907,
        "compression_ratio": 4.164205448565566,
        "decode_ms": 16.553983688354492,
        "decode_gib_s": 55.58089909279077,
        "compressed_gib_s": 13.347299930155126,
        "decode_ms_iters": [
          16.578624725341797,
          16.59391975402832,
          16.61747169494629,
          16.59596824645996,
          16.666624069213867,
          16.619552612304688,
          16.575456619262695,
          16.60313606262207,
          16.65433692932129,
          16.637760162353516,
          16.665599822998047,
          16.63916778564453,
          16.582656860351562,
          16.615488052368164,
          16.6461124420166,
          16.693248748779297,
          16.62259292602539,
          16.61337661743164,
          16.642047882080078,
          16.5784969329834,
          16.555007934570312,
          16.60006332397461,
          16.570560455322266,
          16.60723114013672,
          16.59699249267578,
          16.681983947753906,
          16.553983688354492,
          16.56220817565918,
          16.662336349487305,
          16.752639770507812
        ]
      }
    ]
  }
}
==PROF== Disconnected from process 28996
==PROF== Report: /home/ubuntu/work/ncu_costsurface_tpch-sf10_ps_comment_b12.ncu-rep
