==PROF== Connected to process 41720 (/home/ubuntu/work/target/release/onpair-chunk-bench)
2026-06-26T05:06:05.116649Z  INFO vortex_cuda: vortex-cuda/src/lib.rs:111: Registering CUDA kernels
==PROF== Profiling "onpair_u64" - 0 (1/16): 0%
==WARNING== Launching the workload is taking more time than expected. If this continues to hang, terminate the profile and re-try by profiling the range of all related launches using '--replay-mode range'. See https://docs.nvidia.com/nsight-compute/ProfilingGuide/index.html#replay for more details.
....50%....100% - 43 passes
==PROF== Profiling "onpair_u64" - 1 (2/16): 0%....50%....100% - 43 passes
==PROF== Profiling "onpair_u64" - 2 (3/16): 0%....50%....100% - 43 passes
==PROF== Profiling "onpair_u64" - 3 (4/16): 0%....50%....100% - 43 passes
==PROF== Profiling "onpair_u64" - 4 (5/16): 0%....50%....100% - 43 passes
==PROF== Profiling "onpair_u64" - 5 (6/16): 0%....50%....100% - 43 passes
==PROF== Profiling "onpair_u64" - 6 (7/16): 0%....50%....100% - 43 passes
==PROF== Profiling "onpair_u64" - 7 (8/16): 0%....50%....100% - 43 passes
==PROF== Profiling "onpair_u64" - 8 (9/16): 0%....50%....100% - 43 passes
==PROF== Profiling "onpair_u64" - 9 (10/16): 0%....50%....100% - 43 passes
==PROF== Profiling "onpair_u64" - 10 (11/16): 0%....50%....100% - 43 passes
==PROF== Profiling "onpair_u64" - 11 (12/16): 0%....50%....100% - 43 passes
==PROF== Profiling "onpair_u64" - 12 (13/16): 0%....50%....100% - 43 passes
==PROF== Profiling "onpair_u64" - 13 (14/16): 0%....50%....100% - 43 passes
==PROF== Profiling "onpair_u64" - 14 (15/16): 0%....50%....100% - 43 passes
==PROF== Profiling "onpair_u64" - 15 (16/16): 0%....50%....100% - 43 passes
{
  "files": [
    "/home/ubuntu/work/vortex-bench/data/onpair-bench/fineweb/text/bits16_chunk1000mb_thr0.20/part_0000.vortex"
  ],
  "column": "text",
  "rows": 324253,
  "in_memory_bytes": 349541220,
  "dict_bytes": 474592,
  "gpu": {
    "iterations": 30,
    "decoded_bytes": 999998604,
    "chunks": 1,
    "auto_kernel": "onpair_shmem_4tpt",
    "frac_le8": 0.8180995,
    "dict_mean_len": 7.241455,
    "dict_max_len": 16,
    "dict_entries_max": 65536,
    "small_dict": false,
    "distinct_codes": 65459,
    "access_top4096_frac": 0.45789513,
    "compressed_bytes": 348405710,
    "h2d_gib_s": 20.02487650358287,
    "whole_decompress_gib_s": 45.8669628942223,
    "best_kernel": "onpair_shmem_4tpt_ablate_noemit",
    "auto_decode_ms": 4.101088,
    "best_decode_ms": 2.382848,
    "validated": false,
    "auto_decode_gib_s": 227.09126809499438,
    "best_decode_gib_s": 390.84376111659844,
    "kernels": [
      {
        "kernel": "onpair",
        "decode_ms": 171.319291,
        "decode_gib_s": 5.4361728270820615,
        "decode_ns_iters": [
          68845397949,
          68900611877,
          68871063232,
          68873779297,
          68876045227,
          68872024536,
          68879814148,
          68875045776,
          68876953125,
          68878326416,
          68880065918,
          68877288818,
          68878822327,
          68904251099,
          171393022,
          171360061,
          171325311,
          171346933,
          171338752,
          171343714,
          171344891,
          171334654,
          171342850,
          171319291,
          171364352,
          171343878,
          171337724,
          171388924,
          171356156,
          171341822
        ],
        "applicable": true
      },
      {
        "kernel": "onpair_shmem",
        "decode_ms": 3.602432,
        "decode_gib_s": 258.52570554813093,
        "decode_ns_iters": [
          3603456,
          3602432,
          3612672,
          3603456,
          3604480,
          3621920,
          3606528,
          3632128,
          3680224,
          3679232,
          3678208,
          3682304,
          3698688,
          3787840,
          3788800,
          3788800,
          3790848,
          3792896,
          3816448,
          3817472,
          3816480,
          3816448,
          3814400,
          3817376,
          3817472,
          3816448,
          3815328,
          3817472,
          3817504,
          3818496
        ],
        "applicable": true
      },
      {
        "kernel": "onpair_shmem_2tpt",
        "decode_ms": 3.620864,
        "decode_gib_s": 257.20968102893795,
        "decode_ns_iters": [
          3678112,
          3646464,
          3621888,
          3622912,
          3624960,
          3623936,
          3624000,
          3621888,
          3621888,
          3633152,
          3621728,
          3623936,
          3621888,
          3623936,
          3622912,
          3620864,
          3629056,
          3655680,
          3650560,
          3650560,
          3648608,
          3646432,
          3621920,
          3639296,
          3622912,
          3622912,
          3622912,
          3624992,
          3668992,
          3648576
        ],
        "applicable": true
      },
      {
        "kernel": "onpair_shmem_4tpt",
        "decode_ms": 4.101088,
        "decode_gib_s": 227.09126809499438,
        "decode_ns_iters": [
          4196352,
          4196352,
          4196352,
          4196352,
          4177920,
          4167648,
          4167680,
          4165600,
          4166656,
          4107264,
          4104192,
          4104192,
          4125632,
          4104192,
          4103168,
          4104288,
          4102240,
          4103168,
          4104192,
          4119552,
          4101120,
          4101120,
          4102144,
          4102976,
          4101088,
          4105216,
          4122496,
          4105216,
          4102144,
          4103168
        ],
        "applicable": true
      },
      {
        "kernel": "onpair_shmem_4tpt_wpb8",
        "decode_ms": 4.033536,
        "decode_gib_s": 230.89449914148886,
        "decode_ns_iters": [
          4045824,
          4037632,
          4038592,
          4046848,
          4038656,
          4035584,
          4035584,
          4033536,
          4036608,
          4052992,
          4051968,
          4064288,
          4066304,
          4065280,
          4068352,
          4065280,
          4063232,
          4063232,
          4068224,
          4064256,
          4065280,
          4065248,
          4070400,
          4070400,
          4066304,
          4065280,
          4070336,
          4066304,
          4066304,
          4065280
        ],
        "applicable": true
      },
      {
        "kernel": "onpair_shmem_4tpt_wpb8_occ",
        "decode_ms": 4.15024,
        "decode_gib_s": 224.40178748437785,
        "decode_ns_iters": [
          4183136,
          4177920,
          4153184,
          4150240,
          4152224,
          4151296,
          4152192,
          4151296,
          4151424,
          4153344,
          4170752,
          4184032,
          4178112,
          4182016,
          4184064,
          4153216,
          4151296,
          4152256,
          4151232,
          4160512,
          4186080,
          4183040,
          4183040,
          4182016,
          4185024,
          4182016,
          4180992,
          4183040,
          4184224,
          4184032
        ],
        "applicable": true
      },
      {
        "kernel": "onpair_shmem_4tpt_b128",
        "decode_ms": 4.247552,
        "decode_gib_s": 219.26071169679958,
        "decode_ns_iters": [
          4251648,
          4250624,
          4259840,
          4249600,
          4248576,
          4267008,
          4248576,
          4251648,
          4250624,
          4248576,
          4248576,
          4250624,
          4267008,
          4248576,
          4251648,
          4250528,
          4251456,
          4250624,
          4249600,
          4267008,
          4249568,
          4249600,
          4248576,
          4248576,
          4250464,
          4247552,
          4251648,
          4252576,
          4249600,
          4247552
        ],
        "applicable": true
      },
      {
        "kernel": "onpair_shmem_4tpt_o6",
        "decode_ms": 4.20352,
        "decode_gib_s": 221.55747432845905,
        "decode_ns_iters": [
          4231168,
          4204544,
          4207616,
          4204576,
          4205568,
          4206592,
          4237312,
          4264960,
          4238272,
          4234240,
          4203520,
          4206496,
          4204512,
          4206592,
          4270080,
          4330688,
          4332544,
          4332544,
          4332576,
          4331392,
          4333568,
          4333568,
          4333664,
          4334592,
          4332544,
          4332544,
          4331616,
          4331456,
          4329472,
          4333408
        ],
        "applicable": true
      },
      {
        "kernel": "onpair_shmem_4tpt_b512o3",
        "decode_ms": 4.178816,
        "decode_gib_s": 222.86726060423916,
        "decode_ns_iters": [
          4219776,
          4213728,
          4206592,
          4210592,
          4210624,
          4212736,
          4228000,
          4211712,
          4209664,
          4209664,
          4208544,
          4210688,
          4208640,
          4208640,
          4207616,
          4207616,
          4208640,
          4208640,
          4208640,
          4227072,
          4208640,
          4210688,
          4208640,
          4209504,
          4211584,
          4209600,
          4210688,
          4198400,
          4178944,
          4178816
        ],
        "applicable": true
      },
      {
        "kernel": "onpair_shmem_4tpt_b128o12",
        "decode_ms": 4.298752,
        "decode_gib_s": 216.64922156224975,
        "decode_ns_iters": [
          4298752,
          4298752,
          4300832,
          4299744,
          4299776,
          4300704,
          4300800,
          4303840,
          4301824,
          4381696,
          4363264,
          4364288,
          4364288,
          4388864,
          4398080,
          4401152,
          4398048,
          4373504,
          4349888,
          4331520,
          4335616,
          4331520,
          4330496,
          4329472,
          4337664,
          4333568,
          4347904,
          4364288,
          4365312,
          4373344
        ],
        "applicable": true
      },
      {
        "kernel": "onpair_shmem_4tpt_b64",
        "decode_ms": 4.25264,
        "decode_gib_s": 218.99838088555916,
        "decode_ns_iters": [
          4289536,
          4288512,
          4285632,
          4305920,
          4319072,
          4324352,
          4318208,
          4324352,
          4287392,
          4302784,
          4286464,
          4288512,
          4262944,
          4253888,
          4252640,
          4254624,
          4259840,
          4286464,
          4305920,
          4288704,
          4289536,
          4288512,
          4288512,
          4287360,
          4287488,
          4285440,
          4286464,
          4287424,
          4285440,
          4287488
        ],
        "applicable": true
      },
      {
        "kernel": "onpair_shmem_4tpt_b64o24",
        "decode_ms": 4.330496,
        "decode_gib_s": 215.06110951012639,
        "decode_ns_iters": [
          4362240,
          4365184,
          4364288,
          4366528,
          4364416,
          4364288,
          4365472,
          4368384,
          4364288,
          4364160,
          4365312,
          4359168,
          4331520,
          4332544,
          4331520,
          4331360,
          4334592,
          4333568,
          4333568,
          4330496,
          4331424,
          4331520,
          4333568,
          4334592,
          4334592,
          4335616,
          4333664,
          4331520,
          4341760,
          4337664
        ],
        "applicable": true
      },
      {
        "kernel": "onpair_shmem_4tpt_split8read_b128o12",
        "decode_ms": 4.683776,
        "decode_gib_s": 198.83984086539672,
        "decode_ns_iters": [
          4754432,
          4770688,
          4771840,
          4757440,
          4757504,
          4754336,
          4757504,
          4756480,
          4754432,
          4755456,
          4761600,
          4758400,
          4755456,
          4726784,
          4720768,
          4722688,
          4733952,
          4696064,
          4684800,
          4686848,
          4687872,
          4685824,
          4684800,
          4683776,
          4703232,
          4720640,
          4755616,
          4759552,
          4758528,
          4753408
        ],
        "applicable": true
      },
      {
        "kernel": "onpair_shmem_4tpt_split8read_occ",
        "decode_ms": 4.581376,
        "decode_gib_s": 203.28418241357278,
        "decode_ns_iters": [
          4586496,
          4586496,
          4590592,
          4588544,
          4586496,
          4588448,
          4588544,
          4587520,
          4584448,
          4585472,
          4581440,
          4584288,
          4583424,
          4583424,
          4584320,
          4581376,
          4582400,
          4588544,
          4585472,
          4587520,
          4597760,
          4586592,
          4588544,
          4609024,
          4588544,
          4587488,
          4597632,
          4588512,
          4588544,
          4586496
        ],
        "applicable": true
      },
      {
        "kernel": "onpair_shmem_4tpt_split8",
        "decode_ms": 4.190208,
        "decode_gib_s": 222.2613470474889,
        "decode_ns_iters": [
          4191232,
          4195328,
          4191232,
          4190208,
          4190208,
          4192256,
          4207456,
          4191232,
          4193280,
          4193248,
          4193280,
          4190208,
          4192096,
          4190208,
          4192256,
          4193088,
          4192256,
          4213760,
          4225984,
          4229120,
          4225024,
          4224000,
          4222976,
          4221952,
          4224000,
          4222976,
          4239360,
          4222976,
          4225024,
          4226048
        ],
        "applicable": true
      },
      {
        "kernel": "onpair_shmem_4tpt_split8_wpb8",
        "decode_ms": 4.127744,
        "decode_gib_s": 225.62476609236532,
        "decode_ns_iters": [
          4159488,
          4160512,
          4161344,
          4155392,
          4131648,
          4134816,
          4146240,
          4128768,
          4128768,
          4127744,
          4129792,
          4129792,
          4133888,
          4154368,
          4158464,
          4162560,
          4161536,
          4167680,
          4162560,
          4161440,
          4161536,
          4158464,
          4161696,
          4161536,
          4159488,
          4160512,
          4136000,
          4131840,
          4129792,
          4130880
        ],
        "applicable": true
      },
      {
        "kernel": "onpair_shmem_4tpt_split8_wpb8_occ",
        "decode_ms": 4.183008,
        "decode_gib_s": 222.64391425719586,
        "decode_ns_iters": [
          4216832,
          4214784,
          4216832,
          4212736,
          4185088,
          4183008,
          4186048,
          4185088,
          4185088,
          4185088,
          4186144,
          4183040,
          4221824,
          4248576,
          4247488,
          4247552,
          4263936,
          4245504,
          4248576,
          4247552,
          4247488,
          4231168,
          4216832,
          4217856,
          4215808,
          4214784,
          4185984,
          4186112,
          4190080,
          4186240
        ],
        "applicable": true
      },
      {
        "kernel": "onpair_shmem_4tpt_pdict",
        "decode_ms": 0.0,
        "decode_gib_s": 0.0,
        "applicable": false,
        "reason": "padded dict needs 1130752 B shared, over 102400 B cap"
      },
      {
        "kernel": "onpair_shmem_4tpt_vdict",
        "decode_ms": 0.0,
        "decode_gib_s": 0.0,
        "applicable": false,
        "reason": "packed dict needs 491248 B shared, over 102400 B cap"
      },
      {
        "kernel": "onpair_shmem_4tpt_split8read",
        "decode_ms": 4.520096,
        "decode_gib_s": 206.04015368017946,
        "decode_ns_iters": [
          4626592,
          4625440,
          4610048,
          4589536,
          4590592,
          4606976,
          4568064,
          4521984,
          4523168,
          4541440,
          4520096,
          4524032,
          4523008,
          4520960,
          4523008,
          4523008,
          4528128,
          4521984,
          4521984,
          4521984,
          4541440,
          4522112,
          4521984,
          4520960,
          4521984,
          4523008,
          4524032,
          4520960,
          4523008,
          4521984
        ],
        "applicable": true
      },
      {
        "kernel": "onpair_shmem_4tpt_ldcs",
        "decode_ms": 4.097024,
        "decode_gib_s": 227.3165288973568,
        "decode_ns_iters": [
          4099168,
          4102080,
          4101152,
          4098048,
          4097024,
          4099072,
          4100032,
          4100000,
          4101120,
          4113408,
          4099072,
          4101120,
          4101216,
          4099072,
          4103104,
          4099168,
          4098048,
          4099072,
          4098048,
          4101120,
          4100096,
          4102144,
          4101120,
          4097216,
          4099072,
          4101120,
          4097024,
          4100096,
          4100000,
          4099072
        ],
        "applicable": true
      },
      {
        "kernel": "onpair_shmem_4tpt_lenbucket",
        "decode_ms": 0.0,
        "decode_gib_s": 0.0,
        "applicable": false,
        "reason": "length-bucket dict not built (set ONPAIR_DICT_REORDER=lenbucket)"
      },
      {
        "kernel": "onpair_shmem_4tpt_lenbucket_b128",
        "decode_ms": 0.0,
        "decode_gib_s": 0.0,
        "applicable": false,
        "reason": "length-bucket dict not built (set ONPAIR_DICT_REORDER=lenbucket)"
      },
      {
        "kernel": "onpair_shmem_4tpt_regcache",
        "decode_ms": 4.36624,
        "decode_gib_s": 213.30052275852088,
        "decode_ns_iters": [
          4369408,
          4369408,
          4367360,
          4368384,
          4368384,
          4367360,
          4373504,
          4369408,
          4368288,
          4369504,
          4368384,
          4366336,
          4366336,
          4380672,
          4366368,
          4367360,
          4367360,
          4367296,
          4369408,
          4368384,
          4368384,
          4366240,
          4368320,
          4368384,
          4366336,
          4368384,
          4370432,
          4369408,
          4366336,
          4370432
        ],
        "applicable": true
      },
      {
        "kernel": "onpair_shmem_4tpt_split4read",
        "decode_ms": 5.18144,
        "decode_gib_s": 179.74178500362143,
        "decode_ns_iters": [
          5183488,
          5183488,
          5181440,
          5200992,
          5185536,
          5184512,
          5183456,
          5185536,
          5196800,
          5185536,
          5186560,
          5187584,
          5184352,
          5192704,
          5223424,
          5222400,
          5223424,
          5199776,
          5200896,
          5184512,
          5186560,
          5216256,
          5222400,
          5224448,
          5219328,
          5184512,
          5186560,
          5194752,
          5216256,
          5263360
        ],
        "applicable": true
      },
      {
        "kernel": "onpair_shmem_4tpt_split4read_b128o12",
        "decode_ms": 5.434368,
        "decode_gib_s": 171.3761884526709,
        "decode_ns_iters": [
          5437376,
          5434368,
          5441536,
          5472256,
          5519360,
          5520384,
          5520384,
          5520384,
          5518336,
          5522432,
          5504000,
          5487520,
          5476352,
          5476352,
          5476352,
          5476352,
          5476352,
          5478400,
          5479424,
          5476256,
          5478400,
          5515264,
          5535744,
          5521408,
          5559296,
          5605376,
          5628896,
          5604256,
          5611520,
          5604352
        ],
        "applicable": true
      },
      {
        "kernel": "onpair_shmem_4tpt_cluster_dsmem",
        "decode_ms": 0.0,
        "decode_gib_s": 0.0,
        "applicable": false,
        "reason": "thread-block clusters require sm_90+ (device cc 8.x)"
      },
      {
        "kernel": "onpair_shmem_8tpt",
        "decode_ms": 4.194304,
        "decode_gib_s": 222.04429495076286,
        "decode_ns_iters": [
          4292544,
          4292608,
          4289536,
          4291520,
          4266016,
          4258880,
          4260800,
          4258816,
          4252672,
          4230144,
          4227072,
          4250624,
          4228128,
          4204544,
          4194304,
          4195328,
          4212896,
          4195328,
          4197376,
          4197376,
          4198336,
          4195328,
          4215808,
          4228096,
          4228096,
          4227072,
          4239360,
          4197376,
          4200320,
          4197376
        ],
        "applicable": true
      },
      {
        "kernel": "onpair_shmem_8tpt_b128",
        "decode_ms": 4.241216,
        "decode_gib_s": 219.58826772537978,
        "decode_ns_iters": [
          4279296,
          4275200,
          4278272,
          4265984,
          4242432,
          4245504,
          4245504,
          4245504,
          4250624,
          4276224,
          4279296,
          4275040,
          4269056,
          4246528,
          4244480,
          4259840,
          4243456,
          4268032,
          4276224,
          4277248,
          4274080,
          4264960,
          4243456,
          4241216,
          4245504,
          4245504,
          4267008,
          4277248,
          4275200,
          4276224
        ],
        "applicable": true
      },
      {
        "kernel": "onpair_shmem_4tpt_vwidth",
        "decode_ms": 15.116352,
        "decode_gib_s": 61.610187066903734,
        "decode_ns_iters": [
          15367168,
          15263745,
          15180800,
          15172608,
          15176704,
          15179777,
          15147008,
          15195136,
          15214528,
          15203328,
          15184896,
          15155200,
          15165536,
          15144960,
          15167328,
          15184896,
          15178880,
          15149056,
          15191040,
          15186944,
          15169536,
          15141888,
          15144960,
          15154175,
          15165440,
          15116352,
          15197184,
          15136736,
          15168512,
          15203328
        ],
        "applicable": true
      },
      {
        "kernel": "onpair_shmem_4tpt_vwidth_b128",
        "decode_ms": 18.660353,
        "decode_gib_s": 49.90909199248076,
        "decode_ns_iters": [
          18704385,
          18685952,
          18667521,
          18665472,
          18692097,
          18670591,
          18682975,
          18679807,
          18677760,
          18689057,
          18700289,
          18707456,
          18699264,
          18687999,
          18676801,
          18672640,
          18685952,
          18703360,
          18676737,
          18660353,
          18697215,
          18696193,
          18704385,
          18709503,
          18674688,
          18679807,
          18667521,
          18677760,
          18674849,
          18693250
        ],
        "applicable": true
      },
      {
        "kernel": "onpair_shmem_4tpt_vwidth4",
        "decode_ms": 4.370432,
        "decode_gib_s": 213.09593067439656,
        "decode_ns_iters": [
          4373504,
          4370432,
          4372480,
          4469760,
          4461568,
          4461568,
          4461472,
          4534272,
          4563968,
          4561920,
          4562912,
          4558848,
          4560896,
          4559872,
          4570112,
          4561920,
          4561920,
          4561920,
          4562944,
          4560896,
          4557824,
          4574080,
          4557824,
          4558848,
          4593536,
          4596736,
          4594688,
          4595712,
          4595712,
          4592640
        ],
        "applicable": true
      },
      {
        "kernel": "onpair_shmem_4tpt_vwidth4_b128",
        "decode_ms": 4.722528,
        "decode_gib_s": 197.20820596281578,
        "decode_ns_iters": [
          4726784,
          4723680,
          4722528,
          4727648,
          4775936,
          4794368,
          4794368,
          4793344,
          4820864,
          4833280,
          4832256,
          4832256,
          4803584,
          4796256,
          4794208,
          4795328,
          4795392,
          4795392,
          4795392,
          4796416,
          4768768,
          4757600,
          4757568,
          4759552,
          4807680,
          4832256,
          4832256,
          4832256,
          4834304,
          4834304
        ],
        "applicable": true
      },
      {
        "kernel": "onpair_shmem_4tpt_shdict8",
        "decode_ms": 0.0,
        "decode_gib_s": 0.0,
        "applicable": false,
        "reason": "dict_s8 + staging needs 606464 B shared, over 229376 B cap"
      },
      {
        "kernel": "onpair_shmem_4tpt_ablate",
        "decode_ms": 4.33152,
        "decode_gib_s": 215.01026764026585,
        "decode_ns_iters": [
          4446208,
          4432896,
          4431872,
          4434944,
          4418560,
          4402048,
          4398080,
          4397056,
          4397056,
          4373504,
          4364288,
          4364288,
          4364288,
          4341760,
          4334592,
          4350976,
          4332544,
          4331520,
          4333568,
          4332512,
          4332544,
          4333568,
          4363264,
          4366336,
          4366336,
          4367328,
          4349856,
          4331520,
          4349952,
          4332544
        ],
        "applicable": true
      },
      {
        "kernel": "onpair_shmem_4tpt_ablate_nogather",
        "decode_ms": 2.443264,
        "decode_gib_s": 381.17914170927264,
        "decode_ns_iters": [
          2443264,
          2445312,
          2460672,
          2446368,
          2446336,
          2449408,
          2444288,
          2470912,
          2481152,
          2479264,
          2482176,
          2481152,
          2481152,
          2498560,
          2494464,
          2537568,
          2549760,
          2533216,
          2539520,
          2536448,
          2546688,
          2535424,
          2537472,
          2536448,
          2536448,
          2535424,
          2539520,
          2536448,
          2536448,
          2535424
        ],
        "applicable": true
      },
      {
        "kernel": "onpair_shmem_4tpt_ablate_noemit",
        "decode_ms": 2.382848,
        "decode_gib_s": 390.84376111659844,
        "decode_ns_iters": [
          2514944,
          2514944,
          2516832,
          2513920,
          2506752,
          2475008,
          2474080,
          2475008,
          2475136,
          2476032,
          2473984,
          2492384,
          2444288,
          2434048,
          2433024,
          2439168,
          2441216,
          2447360,
          2439168,
          2437120,
          2402304,
          2400256,
          2401280,
          2396160,
          2401280,
          2401280,
          2401280,
          2396160,
          2382848,
          2382848
        ],
        "applicable": true
      },
      {
        "kernel": "onpair_shmem_4tpt_ablate_nodrain",
        "decode_ms": 3.987456,
        "decode_gib_s": 233.56277147363244,
        "decode_ns_iters": [
          4049920,
          4048896,
          4049888,
          4046848,
          4047872,
          4049728,
          4021248,
          4020224,
          4020224,
          4037632,
          4016128,
          3991552,
          3989504,
          3989504,
          3989504,
          4012192,
          3990528,
          3987456,
          3991488,
          3989504,
          3990528,
          4008864,
          3991552,
          3987456,
          3989504,
          3989504,
          3990528,
          4009984,
          3991552,
          3989504
        ],
        "applicable": true
      },
      {
        "kernel": "onpair_shmem_4tpt_ablate_noscan",
        "decode_ms": 4.068352,
        "decode_gib_s": 228.91855829809327,
        "decode_ns_iters": [
          4068352,
          4070240,
          4083712,
          4101120,
          4100096,
          4099936,
          4111360,
          4099072,
          4101120,
          4101024,
          4103168,
          4103200,
          4131840,
          4131840,
          4129792,
          4130816,
          4129792,
          4130816,
          4133888,
          4131840,
          4131744,
          4103296,
          4099072,
          4099072,
          4111360,
          4094816,
          4069376,
          4070272,
          4070304,
          4088832
        ],
        "applicable": true
      },
      {
        "kernel": "onpair_shmem_4tpt_ablate_cfree",
        "decode_ms": 4.256768,
        "decode_gib_s": 218.78600724520678,
        "decode_ns_iters": [
          4256768,
          4261888,
          4267008,
          4338688,
          4321344,
          4326400,
          4319232,
          4345856,
          4354048,
          4352960,
          4353024,
          4352192,
          4352000,
          4352000,
          4370432,
          4354048,
          4355072,
          4352000,
          4352000,
          4356096,
          4373504,
          4385792,
          4386848,
          4402176,
          4385856,
          4384768,
          4384768,
          4384768,
          4384800,
          4385696
        ],
        "applicable": true
      },
      {
        "kernel": "onpair_shmem_s8",
        "decode_ms": 0.0,
        "decode_gib_s": 0.0,
        "applicable": false,
        "reason": "dictionary entry longer than 8 bytes"
      },
      {
        "kernel": "onpair_shmem_s8_2tpt",
        "decode_ms": 0.0,
        "decode_gib_s": 0.0,
        "applicable": false,
        "reason": "dictionary entry longer than 8 bytes"
      },
      {
        "kernel": "onpair_shmem_s8_4tpt",
        "decode_ms": 0.0,
        "decode_gib_s": 0.0,
        "applicable": false,
        "reason": "dictionary entry longer than 8 bytes"
      },
      {
        "kernel": "onpair_shmem_s8_8tpt",
        "decode_ms": 0.0,
        "decode_gib_s": 0.0,
        "applicable": false,
        "reason": "dictionary entry longer than 8 bytes"
      },
      {
        "kernel": "onpair_shmem_s4l1",
        "decode_ms": 0.0,
        "decode_gib_s": 0.0,
        "applicable": false,
        "reason": "dictionary entry longer than 4 bytes"
      },
      {
        "kernel": "onpair_shmem_s4l1_2tpt",
        "decode_ms": 0.0,
        "decode_gib_s": 0.0,
        "applicable": false,
        "reason": "dictionary entry longer than 4 bytes"
      },
      {
        "kernel": "onpair_shmem_s4l1_4tpt",
        "decode_ms": 0.0,
        "decode_gib_s": 0.0,
        "applicable": false,
        "reason": "dictionary entry longer than 4 bytes"
      },
      {
        "kernel": "onpair_shmem_s4l1_8tpt",
        "decode_ms": 0.0,
        "decode_gib_s": 0.0,
        "applicable": false,
        "reason": "dictionary entry longer than 4 bytes"
      },
      {
        "kernel": "onpair_shmem_s4l1_16tpt",
        "decode_ms": 0.0,
        "decode_gib_s": 0.0,
        "applicable": false,
        "reason": "dictionary entry longer than 4 bytes"
      },
      {
        "kernel": "onpair_shmem_s4l1_32tpt",
        "decode_ms": 0.0,
        "decode_gib_s": 0.0,
        "applicable": false,
        "reason": "dictionary entry longer than 4 bytes"
      },
      {
        "kernel": "onpair_shmem_const1",
        "decode_ms": 0.0,
        "decode_gib_s": 0.0,
        "applicable": false,
        "reason": "not every dictionary entry is exactly 1 byte"
      },
      {
        "kernel": "onpair_shmem_const2",
        "decode_ms": 0.0,
        "decode_gib_s": 0.0,
        "applicable": false,
        "reason": "not every dictionary entry is exactly 2 bytes"
      }
    ],
    "nvcomp_zstd_hw": {
      "supported": false,
      "error": "failed to prepare nvCOMP zstd hardware decode: Other error: nvcomp get_decompress_temp_size failed: nvcomp: invalid value",
      "iterations": 30,
      "backend": "hardware",
      "zstd_level": -10,
      "values_per_frame": 2048,
      "raw_bytes": 999998604,
      "compressed_bytes": 0,
      "frames": 0,
      "compression_ratio": 0.0,
      "decode_ms": 0.0,
      "decode_gib_s": 0.0,
      "compressed_gib_s": 0.0
    },
    "nvcomp_zstd": [
      {
        "supported": true,
        "iterations": 30,
        "backend": "default",
        "zstd_level": -10,
        "values_per_frame": 2048,
        "raw_bytes": 999998604,
        "compressed_bytes": 797640407,
        "frames": 159,
        "compression_ratio": 1.2536960204424548,
        "decode_ms": 40.77382278442383,
        "decode_gib_s": 22.84115667577145,
        "compressed_gib_s": 18.219054941013805,
        "decode_ms_iters": [
          40.978431701660156,
          40.98361587524414,
          40.9804801940918,
          40.89664077758789,
          40.78899383544922,
          41.20268630981445,
          40.89958572387695,
          40.834049224853516,
          40.91187286376953,
          41.179134368896484,
          41.204734802246094,
          40.93030548095703,
          41.0511360168457,
          40.88524627685547,
          40.967166900634766,
          41.543521881103516,
          41.60512161254883,
          41.48521423339844,
          40.89548873901367,
          40.7828483581543,
          40.85452651977539,
          41.05830383300781,
          41.278465270996094,
          40.802303314208984,
          41.296897888183594,
          40.77382278442383,
          40.839168548583984,
          40.9936637878418,
          40.9661750793457,
          41.35424041748047
        ]
      },
      {
        "supported": true,
        "iterations": 30,
        "backend": "default",
        "zstd_level": 1,
        "values_per_frame": 2048,
        "raw_bytes": 999998604,
        "compressed_bytes": 440195533,
        "frames": 159,
        "compression_ratio": 2.2717145655360387,
        "decode_ms": 62.038143157958984,
        "decode_gib_s": 15.012075266628665,
        "compressed_gib_s": 6.608257698557469,
        "decode_ms_iters": [
          62.710784912109375,
          63.13267135620117,
          63.308799743652344,
          62.14659118652344,
          62.58892822265625,
          62.62579345703125,
          62.23769760131836,
          62.83366394042969,
          62.11907196044922,
          62.77734375,
          63.457279205322266,
          62.2611198425293,
          62.18239974975586,
          62.46092987060547,
          62.729248046875,
          62.38409423828125,
          62.8100471496582,
          62.64223861694336,
          63.26067352294922,
          62.903297424316406,
          62.79987335205078,
          62.038143157958984,
          62.44249725341797,
          63.62409591674805,
          62.95552062988281,
          62.198753356933594,
          62.79792022705078,
          62.18342590332031,
          62.654335021972656,
          62.5153923034668
        ]
      },
      {
        "supported": true,
        "iterations": 30,
        "backend": "default",
        "zstd_level": 3,
        "values_per_frame": 2048,
        "raw_bytes": 999998604,
        "compressed_bytes": 389169897,
        "frames": 159,
        "compression_ratio": 2.5695682315325636,
        "decode_ms": 81.7940444946289,
        "decode_gib_s": 11.386174632192452,
        "compressed_gib_s": 4.431162594737332,
        "decode_ms_iters": [
          83.18566131591797,
          82.80985260009766,
          82.5506591796875,
          83.30131530761719,
          82.41766357421875,
          83.29011535644531,
          82.58560180664062,
          83.30643463134766,
          81.797119140625,
          82.90099334716797,
          82.71257781982422,
          82.56511688232422,
          82.49766540527344,
          83.29011535644531,
          82.18521881103516,
          83.28479766845703,
          82.408447265625,
          82.87935638427734,
          82.59677124023438,
          82.90611267089844,
          82.84671783447266,
          82.54054260253906,
          81.7940444946289,
          82.61222076416016,
          82.58252716064453,
          82.482177734375,
          82.52006530761719,
          82.587646484375,
          82.4299545288086,
          83.38841247558594
        ]
      }
    ]
  }
}
==PROF== Disconnected from process 41720
==PROF== Report: /home/ubuntu/work/ncu_costsurface_fineweb_text_b16.ncu-rep
