==PROF== Connected to process 33928 (/home/ubuntu/work/target/release/onpair-chunk-bench)
2026-08-12T23:30:45.236608Z  INFO vortex_cuda: vortex-cuda/src/lib.rs:111: Registering CUDA kernels
==WARNING== Unable to access the following 6 metrics: ctc__rx_bytes_data_user.sum, ctc__rx_bytes_data_user.sum.pct_of_peak_sustained_elapsed, ctc__rx_bytes_data_user.sum.per_second, ctc__tx_bytes_data_user.sum, ctc__tx_bytes_data_user.sum.pct_of_peak_sustained_elapsed, ctc__tx_bytes_data_user.sum.per_second.


==PROF== Profiling "onpair_shmem_4tpt": 0%....50%....100% - 40 passes
==PROF== Profiling "onpair_shmem_4tpt": 0%....50%....100% - 40 passes
==PROF== Profiling "onpair_shmem_4tpt": 0%....50%....100% - 40 passes
==PROF== Profiling "onpair_shmem_4tpt": 0%....50%....100% - 40 passes
==PROF== Profiling "onpair_shmem_4tpt": 0%....50%....100% - 40 passes
==PROF== Profiling "onpair_shmem_4tpt": 0%....50%....100% - 40 passes
==PROF== Profiling "onpair_shmem_4tpt": 0%....50%....100% - 40 passes
==PROF== Profiling "onpair_shmem_4tpt": 0%....50%....100% - 40 passes
==PROF== Profiling "onpair_shmem_4tpt": 0%....50%....100% - 40 passes
==PROF== Profiling "onpair_shmem_4tpt": 0%....50%....100% - 40 passes
==PROF== Profiling "onpair_shmem_4tpt": 0%....50%....100% - 40 passes
==PROF== Profiling "onpair_shmem_4tpt": 0%....50%....100% - 40 passes
==PROF== Profiling "onpair_shmem_4tpt": 0%....50%....100% - 40 passes
==PROF== Profiling "onpair_shmem_4tpt": 0%....50%....100% - 40 passes
==PROF== Profiling "onpair_shmem_4tpt": 0%....50%....100% - 40 passes
==PROF== Profiling "onpair_shmem_4tpt": 0%....50%....100% - 40 passes
{
  "files": [
    "/home/ubuntu/work/vortex-bench/data/onpair-bench/clickbench/Referer/bits12_chunk1000mb_thr0.20/part_0000.vortex"
  ],
  "column": "Referer",
  "rows": 12527778,
  "in_memory_bytes": 405887015,
  "dict_bytes": 19368,
  "gpu": {
    "iterations": 30,
    "decoded_bytes": 999999983,
    "chunks": 1,
    "auto_kernel": "onpair_shmem_4tpt_split8read_b128o12",
    "frac_le8": 0.8749092,
    "dict_mean_len": 3.9706864,
    "dict_max_len": 16,
    "dict_entries_max": 4096,
    "small_dict": true,
    "distinct_codes": 4019,
    "access_top4096_frac": 1.0,
    "compressed_bytes": 503714724,
    "h2d_gib_s": 10.203082355260756,
    "whole_decompress_gib_s": 19.739246374506113,
    "best_kernel": "onpair_shmem_4tpt_split8read_b128o12",
    "auto_decode_ms": 1.202912,
    "best_decode_ms": 1.202912,
    "validated": false,
    "auto_decode_gib_s": 774.22335032238,
    "best_decode_gib_s": 774.22335032238,
    "kernels": [
      {
        "kernel": "onpair_shmem",
        "decode_ms": 1.909472,
        "decode_gib_s": 487.7382641814044,
        "decode_ns_iters": [
          1911584,
          1912416,
          1919872,
          1910048,
          1911456,
          1911680,
          1911840,
          1915936,
          1932864,
          1917760,
          1913056,
          1913280,
          1918976,
          1911008,
          1909472,
          1933376,
          1910048,
          1913504,
          1912480,
          1925312,
          1915744,
          1918112,
          1918592,
          1919872,
          1910624,
          1919840,
          1911584,
          1924736,
          1911584,
          1912192
        ],
        "applicable": true
      },
      {
        "kernel": "onpair_shmem_2tpt",
        "decode_ms": 1.370784,
        "decode_gib_s": 679.4086878625624,
        "decode_ns_iters": [
          1371040,
          1372960,
          1370848,
          1378944,
          1380672,
          1371552,
          1373920,
          1376064,
          1371392,
          1370784,
          1370880,
          1371296,
          1377696,
          1372384,
          1372128,
          1373568,
          1371616,
          1373440,
          1371200,
          1371296,
          1380768,
          1373280,
          1373504,
          1374080,
          1376416,
          1373568,
          1380704,
          1372896,
          1379744,
          1374080
        ],
        "applicable": true
      },
      {
        "kernel": "onpair_shmem_4tpt",
        "decode_ms": 1.46512,
        "decode_gib_s": 635.6629892315952,
        "decode_ns_iters": [
          3324706316,
          3343439102,
          3324363708,
          3336411715,
          3333337307,
          3321422577,
          3344646454,
          3326334953,
          3339334726,
          3357396126,
          3348225117,
          3340823650,
          3327770710,
          3345473289,
          1489600,
          1470464,
          1568416,
          1472672,
          1472992,
          1465536,
          1468640,
          1466816,
          1465120,
          1469088,
          1467424,
          1465696,
          1465472,
          1467904,
          1490880,
          1492704
        ],
        "applicable": true
      },
      {
        "kernel": "onpair_shmem_4tpt_wpb8",
        "decode_ms": 1.40208,
        "decode_gib_s": 664.2435230393378,
        "decode_ns_iters": [
          1411328,
          1411296,
          1411104,
          1409696,
          1405856,
          1404000,
          1406464,
          1407648,
          1409376,
          1403360,
          1403104,
          1410432,
          1412096,
          1426656,
          1410464,
          1411520,
          1411808,
          1403840,
          1406240,
          1411008,
          1416064,
          1408608,
          1416992,
          1412416,
          1411840,
          1404352,
          1402656,
          1402080,
          1403392,
          1422720
        ],
        "applicable": true
      },
      {
        "kernel": "onpair_shmem_4tpt_wpb8_occ",
        "decode_ms": 1.335008,
        "decode_gib_s": 697.6157137507752,
        "decode_ns_iters": [
          1343744,
          1343840,
          1336224,
          1336000,
          1338240,
          1338016,
          1336480,
          1338304,
          1337216,
          1335840,
          1336800,
          1336992,
          1339968,
          1337568,
          1335008,
          1344192,
          1344224,
          1344096,
          1343072,
          1336000,
          1337248,
          1343328,
          1335008,
          1337376,
          1339968,
          1349088,
          1358176,
          1342624,
          1336960,
          1350912
        ],
        "applicable": true
      },
      {
        "kernel": "onpair_shmem_4tpt_b128",
        "decode_ms": 1.313216,
        "decode_gib_s": 709.1922111693696,
        "decode_ns_iters": [
          1315040,
          1313696,
          1333376,
          1335872,
          1322656,
          1320832,
          1325952,
          1313824,
          1321344,
          1316512,
          1314048,
          1334272,
          1313600,
          1315040,
          1314112,
          1339296,
          1320768,
          1320640,
          1320672,
          1320352,
          1315552,
          1320960,
          1334496,
          1334336,
          1322656,
          1318720,
          1316928,
          1325056,
          1315232,
          1313216
        ],
        "applicable": true
      },
      {
        "kernel": "onpair_shmem_4tpt_o6",
        "decode_ms": 1.300512,
        "decode_gib_s": 716.1199272155849,
        "decode_ns_iters": [
          1317984,
          1324288,
          1306176,
          1311712,
          1312480,
          1304000,
          1305728,
          1304832,
          1305856,
          1327296,
          1311776,
          1305248,
          1311008,
          1309472,
          1320736,
          1311424,
          1303392,
          1313152,
          1312672,
          1300512,
          1307872,
          1306048,
          1303456,
          1303008,
          1305312,
          1312384,
          1312672,
          1304384,
          1306528,
          1304608
        ],
        "applicable": true
      },
      {
        "kernel": "onpair_shmem_4tpt_b512o3",
        "decode_ms": 1.303104,
        "decode_gib_s": 714.6954953580026,
        "decode_ns_iters": [
          1305952,
          1310848,
          1307744,
          1303776,
          1314112,
          1312352,
          1327360,
          1306432,
          1318464,
          1303104,
          1312640,
          1304928,
          1303904,
          1313120,
          1307008,
          1306272,
          1305536,
          1312576,
          1312288,
          1310720,
          1312512,
          1308096,
          1314240,
          1313568,
          1313248,
          1313024,
          1304640,
          1307936,
          1308000,
          1317248
        ],
        "applicable": true
      },
      {
        "kernel": "onpair_shmem_4tpt_b128o12",
        "decode_ms": 1.30752,
        "decode_gib_s": 712.2816926570873,
        "decode_ns_iters": [
          1316704,
          1323840,
          1321888,
          1308160,
          1330816,
          1328800,
          1330080,
          1307520,
          1315808,
          1315840,
          1316640,
          1333920,
          1314528,
          1330016,
          1314432,
          1314848,
          1315648,
          1316320,
          1315552,
          1318016,
          1317824,
          1316160,
          1316224,
          1317280,
          1316672,
          1315456,
          1316608,
          1317280,
          1316000,
          1331168
        ],
        "applicable": true
      },
      {
        "kernel": "onpair_shmem_4tpt_b64",
        "decode_ms": 1.316672,
        "decode_gib_s": 707.3307238120008,
        "decode_ns_iters": [
          1324160,
          1324928,
          1323904,
          1325216,
          1326912,
          1323904,
          1325600,
          1324416,
          1326368,
          1324352,
          1325952,
          1339040,
          1332288,
          1339968,
          1326784,
          1316672,
          1319904,
          1325312,
          1325184,
          1317376,
          1329056,
          1325216,
          1328288,
          1338944,
          1318784,
          1318208,
          1326528,
          1317088,
          1318144,
          1319648
        ],
        "applicable": true
      },
      {
        "kernel": "onpair_shmem_4tpt_b64o24",
        "decode_ms": 1.312128,
        "decode_gib_s": 709.780264412462,
        "decode_ns_iters": [
          1313760,
          1319328,
          1313248,
          1313024,
          1312864,
          1320480,
          1318912,
          1316640,
          1315136,
          1314432,
          1312736,
          1317760,
          1314752,
          1318144,
          1315232,
          1316192,
          1312672,
          1314784,
          1314272,
          1312320,
          1312800,
          1327104,
          1321408,
          1321184,
          1314080,
          1317760,
          1313312,
          1312128,
          1323360,
          1322976
        ],
        "applicable": true
      },
      {
        "kernel": "onpair_shmem_4tpt_split8read_b128o12",
        "decode_ms": 1.202912,
        "decode_gib_s": 774.22335032238,
        "decode_ns_iters": [
          1203648,
          1204192,
          1213792,
          1203392,
          1203744,
          1210528,
          1206432,
          1205856,
          1204544,
          1211680,
          1245408,
          1206016,
          1212576,
          1222624,
          1206272,
          1204608,
          1205376,
          1204384,
          1227296,
          1202912,
          1205728,
          1204352,
          1206816,
          1206656,
          1203936,
          1212160,
          1208416,
          1219168,
          1214304,
          1220160
        ],
        "applicable": true
      },
      {
        "kernel": "onpair_shmem_4tpt_split8read_occ",
        "decode_ms": 1.357088,
        "decode_gib_s": 686.2654144631703,
        "decode_ns_iters": [
          1362080,
          1357888,
          1364096,
          1361216,
          1359520,
          1366432,
          1360704,
          1366784,
          1359968,
          1361408,
          1359488,
          1362944,
          1360256,
          1358400,
          1357088,
          1359104,
          1358880,
          1366656,
          1366592,
          1362080,
          1358816,
          1360800,
          1360352,
          1360288,
          1379776,
          1376096,
          1362976,
          1360384,
          1358336,
          1367200
        ],
        "applicable": true
      },
      {
        "kernel": "onpair_shmem_4tpt_split8",
        "decode_ms": 1.55312,
        "decode_gib_s": 599.6462338924196,
        "decode_ns_iters": [
          1554176,
          1562848,
          1560224,
          1556480,
          1562336,
          1554304,
          1562496,
          1553408,
          1568736,
          1560672,
          1561216,
          1554944,
          1559584,
          1554560,
          1554976,
          1555072,
          1553120,
          1554080,
          1569376,
          1557024,
          1577760,
          1554464,
          1556032,
          1554144,
          1576896,
          1554240,
          1556096,
          1558208,
          1564096,
          1554816
        ],
        "applicable": true
      },
      {
        "kernel": "onpair_shmem_4tpt_split8_wpb8",
        "decode_ms": 1.551488,
        "decode_gib_s": 600.2769978130639,
        "decode_ns_iters": [
          1560992,
          1563616,
          1554368,
          1559744,
          1554208,
          1561824,
          1560864,
          1561024,
          1559008,
          1555808,
          1551488,
          1552064,
          1553536,
          1556768,
          1556896,
          1559200,
          1560480,
          1562560,
          1559776,
          1560288,
          1568704,
          1552576,
          1558592,
          1557024,
          1553472,
          1557632,
          1556576,
          1557152,
          1560448,
          1561184
        ],
        "applicable": true
      },
      {
        "kernel": "onpair_shmem_4tpt_split8_wpb8_occ",
        "decode_ms": 1.484384,
        "decode_gib_s": 627.4134986519626,
        "decode_ns_iters": [
          1495264,
          1484512,
          1493440,
          1508992,
          1494464,
          1496512,
          1487232,
          1487328,
          1486112,
          1484384,
          1485664,
          1485824,
          1487328,
          1488672,
          1484672,
          1499584,
          1493152,
          1488064,
          1487552,
          1509664,
          1494272,
          1490176,
          1493568,
          1493184,
          1494176,
          1486144,
          1486592,
          1486016,
          1507104,
          1486688
        ],
        "applicable": true
      },
      {
        "kernel": "onpair_shmem_4tpt_pdict",
        "decode_ms": 1.792896,
        "decode_gib_s": 519.4515235590881,
        "decode_ns_iters": [
          1800256,
          1796928,
          1808704,
          1802368,
          1803840,
          1809280,
          1801760,
          1805504,
          1797280,
          1798912,
          1806720,
          1800672,
          1800480,
          1797728,
          1816000,
          1799488,
          1813056,
          1802656,
          1818016,
          1812416,
          1819488,
          1794784,
          1801312,
          1792896,
          1823424,
          1794464,
          1806656,
          1805408,
          1795680,
          1804352
        ],
        "applicable": true
      },
      {
        "kernel": "onpair_shmem_4tpt_vdict",
        "decode_ms": 2.539904,
        "decode_gib_s": 366.67628334889616,
        "decode_ns_iters": [
          2553856,
          2560160,
          2547360,
          2543328,
          2543840,
          2542560,
          2546304,
          2543296,
          2555040,
          2548160,
          2550816,
          2545696,
          2544224,
          2552256,
          2550496,
          2544928,
          2545376,
          2550560,
          2553600,
          2547520,
          2549824,
          2549248,
          2546848,
          2551904,
          2550080,
          2539904,
          2542816,
          2545568,
          2548640,
          2541856
        ],
        "applicable": true
      },
      {
        "kernel": "onpair_shmem_4tpt_split8read",
        "decode_ms": 1.464992,
        "decode_gib_s": 635.7185286902554,
        "decode_ns_iters": [
          1467808,
          1482656,
          1476032,
          1472960,
          1467968,
          1464992,
          1466656,
          1467712,
          1467456,
          1468128,
          1469376,
          1472000,
          1480704,
          1478144,
          1473760,
          1471584,
          1471744,
          1469184,
          1467616,
          1475040,
          1473568,
          1474272,
          1468960,
          1493984,
          1476192,
          1468672,
          1467744,
          1474400,
          1482176,
          1474496
        ],
        "applicable": true
      },
      {
        "kernel": "onpair_shmem_4tpt_ldcs",
        "decode_ms": 1.460448,
        "decode_gib_s": 637.6964868197941,
        "decode_ns_iters": [
          1461344,
          1461408,
          1466720,
          1460896,
          1475680,
          1468096,
          1469536,
          1461696,
          1460448,
          1465344,
          1466432,
          1463296,
          1476160,
          1468224,
          1465888,
          1468640,
          1469696,
          1469056,
          1468832,
          1475232,
          1462784,
          1468096,
          1471744,
          1461536,
          1461376,
          1470080,
          1460832,
          1462240,
          1475424,
          1465216
        ],
        "applicable": true
      },
      {
        "kernel": "onpair_shmem_4tpt_lenbucket",
        "decode_ms": 0.0,
        "decode_gib_s": 0.0,
        "applicable": false,
        "reason": "length-bucket dict not built (set ONPAIR_DICT_REORDER=lenbucket)"
      },
      {
        "kernel": "onpair_shmem_4tpt_lenbucket_b128",
        "decode_ms": 0.0,
        "decode_gib_s": 0.0,
        "applicable": false,
        "reason": "length-bucket dict not built (set ONPAIR_DICT_REORDER=lenbucket)"
      },
      {
        "kernel": "onpair_shmem_4tpt_regcache",
        "decode_ms": 1.55136,
        "decode_gib_s": 600.3265256181638,
        "decode_ns_iters": [
          1574208,
          1554208,
          1553568,
          1561536,
          1554624,
          1555008,
          1553088,
          1553024,
          1578432,
          1553760,
          1554912,
          1554816,
          1553024,
          1554592,
          1562880,
          1562784,
          1555040,
          1560224,
          1551360,
          1561088,
          1554336,
          1552384,
          1555424,
          1576736,
          1572416,
          1554720,
          1554560,
          1553760,
          1581216,
          1567712
        ],
        "applicable": true
      },
      {
        "kernel": "onpair_shmem_4tpt_split4read",
        "decode_ms": 1.520192,
        "decode_gib_s": 612.6348242741672,
        "decode_ns_iters": [
          1536928,
          1529728,
          1533376,
          1523616,
          1523872,
          1529664,
          1523168,
          1520192,
          1522624,
          1523328,
          1523616,
          1531520,
          1522720,
          1547552,
          1539456,
          1530368,
          1525376,
          1524128,
          1521920,
          1523104,
          1540896,
          1523552,
          1522528,
          1530624,
          1523360,
          1537216,
          1535392,
          1524288,
          1538688,
          1531360
        ],
        "applicable": true
      },
      {
        "kernel": "onpair_shmem_4tpt_split4read_b128o12",
        "decode_ms": 1.315232,
        "decode_gib_s": 708.1051546670053,
        "decode_ns_iters": [
          1324992,
          1320736,
          1323360,
          1323456,
          1317312,
          1324800,
          1324096,
          1323712,
          1324896,
          1316288,
          1328544,
          1340512,
          1339168,
          1338592,
          1328768,
          1316384,
          1316704,
          1323840,
          1315488,
          1315232,
          1330048,
          1337920,
          1333184,
          1316384,
          1329056,
          1317120,
          1316416,
          1330304,
          1337344,
          1322528
        ],
        "applicable": true
      },
      {
        "kernel": "onpair_shmem_4tpt_cluster_dsmem",
        "decode_ms": 5.58032,
        "decode_gib_s": 166.89411338113132,
        "decode_ns_iters": [
          5599680,
          5586496,
          5632416,
          5625632,
          5596736,
          5592096,
          5601056,
          5606336,
          5595840,
          5601280,
          5589664,
          5589440,
          5587904,
          5581440,
          5590400,
          5614400,
          5607424,
          5620032,
          5587680,
          5585088,
          5612864,
          5628192,
          5597216,
          5613472,
          5593600,
          5605312,
          5580320,
          5614880,
          5598336,
          5593120
        ],
        "applicable": true
      },
      {
        "kernel": "onpair_shmem_8tpt",
        "decode_ms": 1.3296,
        "decode_gib_s": 700.4531880136844,
        "decode_ns_iters": [
          1339584,
          1338720,
          1337600,
          1341408,
          1330976,
          1334720,
          1330784,
          1331776,
          1332256,
          1329600,
          1330368,
          1352032,
          1343840,
          1346592,
          1339136,
          1338080,
          1352000,
          1332544,
          1337504,
          1330208,
          1345152,
          1351840,
          1344992,
          1350528,
          1337696,
          1344960,
          1332192,
          1338336,
          1345216,
          1338720
        ],
        "applicable": true
      },
      {
        "kernel": "onpair_shmem_8tpt_b128",
        "decode_ms": 1.332224,
        "decode_gib_s": 699.0735482794145,
        "decode_ns_iters": [
          1332224,
          1339648,
          1338560,
          1340896,
          1342560,
          1356352,
          1355456,
          1339936,
          1334720,
          1332352,
          1333920,
          1342400,
          1334528,
          1334880,
          1334816,
          1340896,
          1340608,
          1342304,
          1336480,
          1333632,
          1354240,
          1337888,
          1345888,
          1334144,
          1333600,
          1334304,
          1334240,
          1335136,
          1334944,
          1340160
        ],
        "applicable": true
      },
      {
        "kernel": "onpair_shmem_4tpt_vwidth",
        "decode_ms": 4.404928,
        "decode_gib_s": 211.42741919572688,
        "decode_ns_iters": [
          4413216,
          4427840,
          4413184,
          4405312,
          4425120,
          4408768,
          4411648,
          4409408,
          4410080,
          4407424,
          4408448,
          4406848,
          4407424,
          4407328,
          4407872,
          4406080,
          4407744,
          4408224,
          4408160,
          4406560,
          4405728,
          4406976,
          4405984,
          4413376,
          4404928,
          4407488,
          4406880,
          4407744,
          4406944,
          4413600
        ],
        "applicable": true
      },
      {
        "kernel": "onpair_shmem_4tpt_vwidth_b128",
        "decode_ms": 5.446368,
        "decode_gib_s": 170.99883055698675,
        "decode_ns_iters": [
          5447968,
          5447712,
          5447168,
          5448640,
          5455136,
          5448832,
          5467744,
          5465824,
          5462304,
          5452896,
          5449728,
          5450400,
          5448960,
          5449408,
          5448064,
          5447936,
          5446464,
          5448608,
          5448960,
          5446368,
          5448128,
          5463296,
          5456288,
          5453728,
          5451904,
          5456480,
          5450688,
          5452416,
          5451328,
          5448736
        ],
        "applicable": true
      },
      {
        "kernel": "onpair_shmem_4tpt_vwidth4",
        "decode_ms": 1.715712,
        "decode_gib_s": 542.8198664944903,
        "decode_ns_iters": [
          1718752,
          1719776,
          1716992,
          1717696,
          1727328,
          1718336,
          1735456,
          1740768,
          1719648,
          1720352,
          1718176,
          1717760,
          1722304,
          1720288,
          1718368,
          1723136,
          1720640,
          1718592,
          1726080,
          1720672,
          1728288,
          1733024,
          1726624,
          1716992,
          1726400,
          1715712,
          1724544,
          1718368,
          1719424,
          1738880
        ],
        "applicable": true
      },
      {
        "kernel": "onpair_shmem_4tpt_vwidth4_b128",
        "decode_ms": 1.27424,
        "decode_gib_s": 730.8847303357254,
        "decode_ns_iters": [
          1277568,
          1275360,
          1278496,
          1274528,
          1280096,
          1276960,
          1280896,
          1278496,
          1282976,
          1296640,
          1281824,
          1283488,
          1280768,
          1279296,
          1283104,
          1277120,
          1277568,
          1282464,
          1282304,
          1281632,
          1284864,
          1283968,
          1283296,
          1274304,
          1283392,
          1274240,
          1289984,
          1284128,
          1282976,
          1281216
        ],
        "applicable": true
      },
      {
        "kernel": "onpair_shmem_4tpt_shdict8",
        "decode_ms": 2.337024,
        "decode_gib_s": 398.5079138181699,
        "decode_ns_iters": [
          2348832,
          2342368,
          2345952,
          2337024,
          2337408,
          2338688,
          2342816,
          2345920,
          2345440,
          2344896,
          2347168,
          2344192,
          2358528,
          2361824,
          2348224,
          2365344,
          2355520,
          2351424,
          2343840,
          2363008,
          2363616,
          2347968,
          2349728,
          2343520,
          2349568,
          2346016,
          2363456,
          2357056,
          2340640,
          2344416
        ],
        "applicable": true
      },
      {
        "kernel": "onpair_shmem_4tpt_ablate",
        "decode_ms": 1.3064,
        "decode_gib_s": 712.8923444450357,
        "decode_ns_iters": [
          1319296,
          1314048,
          1322656,
          1306400,
          1307488,
          1308064,
          1316512,
          1312832,
          1307264,
          1307872,
          1310656,
          1314144,
          1315712,
          1315232,
          1317856,
          1335136,
          1315072,
          1315904,
          1317472,
          1308352,
          1330624,
          1310176,
          1316032,
          1333312,
          1322016,
          1315776,
          1307712,
          1315168,
          1329216,
          1308384
        ],
        "applicable": true
      },
      {
        "kernel": "onpair_shmem_4tpt_ablate_nogather",
        "decode_ms": 0.971808,
        "decode_gib_s": 958.3400823856099,
        "decode_ns_iters": [
          979520,
          994752,
          973664,
          973056,
          982048,
          974624,
          975488,
          998688,
          973344,
          980896,
          974208,
          972928,
          973120,
          997568,
          974976,
          974880,
          988640,
          973824,
          985408,
          973504,
          982016,
          971808,
          973312,
          979808,
          980256,
          972448,
          980032,
          979840,
          980736,
          981664
        ],
        "applicable": true
      },
      {
        "kernel": "onpair_shmem_4tpt_ablate_noemit",
        "decode_ms": 0.467328,
        "decode_gib_s": 1992.8670201293196,
        "decode_ns_iters": [
          493344,
          493376,
          493760,
          493696,
          499488,
          500736,
          496416,
          501344,
          495744,
          494656,
          493856,
          501696,
          467328,
          518240,
          502336,
          503648,
          495712,
          501248,
          494144,
          508512,
          495488,
          469504,
          503744,
          468608,
          501440,
          505184,
          502496,
          498112,
          495776,
          492928
        ],
        "applicable": true
      },
      {
        "kernel": "onpair_shmem_4tpt_ablate_nodrain",
        "decode_ms": 1.193376,
        "decode_gib_s": 780.4099954942908,
        "decode_ns_iters": [
          1209024,
          1196384,
          1196032,
          1204096,
          1195936,
          1205120,
          1203296,
          1211520,
          1202784,
          1202944,
          1197888,
          1201216,
          1199424,
          1207840,
          1193376,
          1203456,
          1198016,
          1202976,
          1201312,
          1200384,
          1203392,
          1201184,
          1197376,
          1201760,
          1197824,
          1193664,
          1200224,
          1201312,
          1197952,
          1194272
        ],
        "applicable": true
      },
      {
        "kernel": "onpair_shmem_4tpt_ablate_noscan",
        "decode_ms": 0.875936,
        "decode_gib_s": 1063.2312849146454,
        "decode_ns_iters": [
          884640,
          885216,
          877664,
          897312,
          878848,
          879520,
          879168,
          884992,
          878112,
          877568,
          879712,
          888736,
          884864,
          878304,
          879360,
          875936,
          885664,
          885600,
          884448,
          882368,
          878784,
          886208,
          902944,
          885984,
          885152,
          900320,
          878560,
          891424,
          887168,
          878272
        ],
        "applicable": true
      },
      {
        "kernel": "onpair_shmem_4tpt_ablate_cfree",
        "decode_ms": 1.248224,
        "decode_gib_s": 746.1181316678695,
        "decode_ns_iters": [
          1254080,
          1275968,
          1266976,
          1265312,
          1252128,
          1251232,
          1258944,
          1250336,
          1251712,
          1257216,
          1253120,
          1266528,
          1248224,
          1253664,
          1250048,
          1250304,
          1250656,
          1249088,
          1249792,
          1262496,
          1274016,
          1249920,
          1250144,
          1265152,
          1250304,
          1252160,
          1250720,
          1257440,
          1258432,
          1250400
        ],
        "applicable": true
      },
      {
        "kernel": "onpair_shmem_s8",
        "decode_ms": 0.0,
        "decode_gib_s": 0.0,
        "applicable": false,
        "reason": "dictionary entry longer than 8 bytes"
      },
      {
        "kernel": "onpair_shmem_s8_2tpt",
        "decode_ms": 0.0,
        "decode_gib_s": 0.0,
        "applicable": false,
        "reason": "dictionary entry longer than 8 bytes"
      },
      {
        "kernel": "onpair_shmem_s8_4tpt",
        "decode_ms": 0.0,
        "decode_gib_s": 0.0,
        "applicable": false,
        "reason": "dictionary entry longer than 8 bytes"
      },
      {
        "kernel": "onpair_shmem_s8_8tpt",
        "decode_ms": 0.0,
        "decode_gib_s": 0.0,
        "applicable": false,
        "reason": "dictionary entry longer than 8 bytes"
      },
      {
        "kernel": "onpair_shmem_s4l1",
        "decode_ms": 0.0,
        "decode_gib_s": 0.0,
        "applicable": false,
        "reason": "dictionary entry longer than 4 bytes"
      },
      {
        "kernel": "onpair_shmem_s4l1_2tpt",
        "decode_ms": 0.0,
        "decode_gib_s": 0.0,
        "applicable": false,
        "reason": "dictionary entry longer than 4 bytes"
      },
      {
        "kernel": "onpair_shmem_s4l1_4tpt",
        "decode_ms": 0.0,
        "decode_gib_s": 0.0,
        "applicable": false,
        "reason": "dictionary entry longer than 4 bytes"
      },
      {
        "kernel": "onpair_shmem_s4l1_8tpt",
        "decode_ms": 0.0,
        "decode_gib_s": 0.0,
        "applicable": false,
        "reason": "dictionary entry longer than 4 bytes"
      },
      {
        "kernel": "onpair_shmem_s4l1_16tpt",
        "decode_ms": 0.0,
        "decode_gib_s": 0.0,
        "applicable": false,
        "reason": "dictionary entry longer than 4 bytes"
      },
      {
        "kernel": "onpair_shmem_s4l1_32tpt",
        "decode_ms": 0.0,
        "decode_gib_s": 0.0,
        "applicable": false,
        "reason": "dictionary entry longer than 4 bytes"
      },
      {
        "kernel": "onpair_shmem_const1",
        "decode_ms": 0.0,
        "decode_gib_s": 0.0,
        "applicable": false,
        "reason": "not every dictionary entry is exactly 1 byte"
      },
      {
        "kernel": "onpair_shmem_const2",
        "decode_ms": 0.0,
        "decode_gib_s": 0.0,
        "applicable": false,
        "reason": "not every dictionary entry is exactly 2 bytes"
      }
    ]
  }
}
==PROF== Disconnected from process 33928
==PROF== Report: /home/ubuntu/work/shdict_ncu_clickbench_Referer_b12_onpair_shmem_4tpt.ncu-rep
