==PROF== Connected to process 38608 (/home/ubuntu/work/target/release/onpair-chunk-bench)
2026-08-12T23:35:43.827774Z  INFO vortex_cuda: vortex-cuda/src/lib.rs:111: Registering CUDA kernels
==WARNING== Unable to access the following 6 metrics: ctc__rx_bytes_data_user.sum, ctc__rx_bytes_data_user.sum.pct_of_peak_sustained_elapsed, ctc__rx_bytes_data_user.sum.per_second, ctc__tx_bytes_data_user.sum, ctc__tx_bytes_data_user.sum.pct_of_peak_sustained_elapsed, ctc__tx_bytes_data_user.sum.per_second.


==PROF== Profiling "onpair_shmem_4tpt": 0%....50%....100% - 40 passes
==PROF== Profiling "onpair_shmem_4tpt": 0%....50%....100% - 40 passes
==PROF== Profiling "onpair_shmem_4tpt": 0%....50%....100% - 40 passes
==PROF== Profiling "onpair_shmem_4tpt": 0%....50%....100% - 40 passes
==PROF== Profiling "onpair_shmem_4tpt": 0%....50%....100% - 40 passes
==PROF== Profiling "onpair_shmem_4tpt": 0%....50%....100% - 40 passes
==PROF== Profiling "onpair_shmem_4tpt": 0%....50%....100% - 40 passes
==PROF== Profiling "onpair_shmem_4tpt": 0%....50%....100% - 40 passes
==PROF== Profiling "onpair_shmem_4tpt": 0%....50%....100% - 40 passes
==PROF== Profiling "onpair_shmem_4tpt": 0%....50%....100% - 40 passes
==PROF== Profiling "onpair_shmem_4tpt": 0%....50%....100% - 40 passes
==PROF== Profiling "onpair_shmem_4tpt": 0%....50%....100% - 40 passes
==PROF== Profiling "onpair_shmem_4tpt": 0%....50%....100% - 40 passes
==PROF== Profiling "onpair_shmem_4tpt": 0%....50%....100% - 40 passes
==PROF== Profiling "onpair_shmem_4tpt": 0%....50%....100% - 40 passes
==PROF== Profiling "onpair_shmem_4tpt": 0%....50%....100% - 40 passes
{
  "files": [
    "/home/ubuntu/work/vortex-bench/data/onpair-bench/synthetic/url/bits12_chunk1000mb_thr0.20/part_0000.vortex"
  ],
  "column": "url",
  "rows": 10000000,
  "in_memory_bytes": 95281937,
  "dict_bytes": 4033,
  "gpu": {
    "iterations": 30,
    "decoded_bytes": 923569389,
    "chunks": 1,
    "auto_kernel": "onpair_shmem_4tpt_b128o12",
    "frac_le8": 0.16665792,
    "dict_mean_len": 11.688075,
    "dict_max_len": 16,
    "dict_entries_max": 863,
    "small_dict": true,
    "distinct_codes": 160,
    "access_top4096_frac": 1.0,
    "compressed_bytes": 158041096,
    "h2d_gib_s": 9.607963572136322,
    "whole_decompress_gib_s": 53.940700990444576,
    "best_kernel": "onpair_shmem_4tpt_b64o24",
    "auto_decode_ms": 0.626752,
    "best_decode_ms": 0.603296,
    "validated": false,
    "auto_decode_gib_s": 1372.3785822773991,
    "best_decode_gib_s": 1425.7363237938332,
    "kernels": [
      {
        "kernel": "onpair_shmem",
        "decode_ms": 0.758368,
        "decode_gib_s": 1134.2000469422817,
        "decode_ns_iters": [
          783200,
          765920,
          760896,
          767040,
          766784,
          759264,
          760096,
          760000,
          764416,
          772768,
          758368,
          760544,
          760992,
          759840,
          768544,
          760384,
          760032,
          759872,
          765728,
          759040,
          761088,
          760352,
          765024,
          767040,
          784288,
          768480,
          767648,
          768160,
          768064,
          767680
        ],
        "applicable": true
      },
      {
        "kernel": "onpair_shmem_2tpt",
        "decode_ms": 0.646208,
        "decode_gib_s": 1331.0590726198443,
        "decode_ns_iters": [
          648448,
          653312,
          664160,
          672640,
          647040,
          655456,
          670784,
          653408,
          648064,
          646208,
          648928,
          646560,
          648512,
          649856,
          668384,
          648032,
          649408,
          669376,
          653440,
          647936,
          651648,
          648224,
          648096,
          649536,
          648416,
          648608,
          648064,
          671040,
          656160,
          648608
        ],
        "applicable": true
      },
      {
        "kernel": "onpair_shmem_4tpt",
        "decode_ms": 0.676192,
        "decode_gib_s": 1272.0366718321488,
        "decode_ns_iters": [
          2894290686,
          2926892281,
          2908298969,
          2907613277,
          2905441761,
          2898103476,
          2882387877,
          2884486198,
          2892704487,
          2885929823,
          2896711349,
          2899712086,
          2931587696,
          2897165775,
          706656,
          682368,
          724000,
          683616,
          682368,
          684480,
          682464,
          693728,
          683200,
          677504,
          684352,
          700352,
          677920,
          676832,
          676192,
          687744
        ],
        "applicable": true
      },
      {
        "kernel": "onpair_shmem_4tpt_wpb8",
        "decode_ms": 0.635616,
        "decode_gib_s": 1353.240039897555,
        "decode_ns_iters": [
          635616,
          637504,
          652224,
          646144,
          644288,
          638336,
          640416,
          645664,
          644384,
          644128,
          650912,
          643968,
          645152,
          638560,
          636032,
          637696,
          636576,
          638016,
          635872,
          651616,
          644192,
          642080,
          645280,
          638560,
          643712,
          642048,
          636928,
          637920,
          651968,
          636736
        ],
        "applicable": true
      },
      {
        "kernel": "onpair_shmem_4tpt_wpb8_occ",
        "decode_ms": 0.60544,
        "decode_gib_s": 1420.6874689474175,
        "decode_ns_iters": [
          628832,
          629760,
          636960,
          636576,
          636928,
          636864,
          629376,
          628256,
          628672,
          628000,
          630240,
          642560,
          632672,
          631872,
          638560,
          630848,
          629248,
          642528,
          652256,
          636608,
          636128,
          628096,
          652128,
          636736,
          605440,
          629248,
          630400,
          628704,
          627808,
          636768
        ],
        "applicable": true
      },
      {
        "kernel": "onpair_shmem_4tpt_b128",
        "decode_ms": 0.626656,
        "decode_gib_s": 1372.5888225749445,
        "decode_ns_iters": [
          634592,
          628864,
          628064,
          626848,
          629312,
          627872,
          628896,
          628064,
          635072,
          636160,
          634912,
          628352,
          631104,
          628800,
          643648,
          651456,
          627488,
          644288,
          642880,
          626656,
          653408,
          629952,
          630112,
          628768,
          636864,
          635680,
          636384,
          636096,
          635360,
          655552
        ],
        "applicable": true
      },
      {
        "kernel": "onpair_shmem_4tpt_o6",
        "decode_ms": 0.626432,
        "decode_gib_s": 1373.0796338621342,
        "decode_ns_iters": [
          649856,
          628704,
          634976,
          636640,
          650784,
          651392,
          631552,
          630240,
          636000,
          632864,
          648544,
          627200,
          636672,
          634656,
          637216,
          626432,
          634528,
          629952,
          628448,
          628512,
          651328,
          648736,
          627488,
          628928,
          634752,
          629152,
          628800,
          628032,
          642080,
          642848
        ],
        "applicable": true
      },
      {
        "kernel": "onpair_shmem_4tpt_b512o3",
        "decode_ms": 0.628352,
        "decode_gib_s": 1368.8840350623925,
        "decode_ns_iters": [
          642432,
          643616,
          629408,
          631680,
          629088,
          637472,
          628352,
          631232,
          628928,
          629504,
          651168,
          630240,
          630368,
          633568,
          651360,
          631424,
          631328,
          635680,
          632000,
          639296,
          640576,
          629280,
          631104,
          629760,
          652928,
          637344,
          629312,
          630912,
          644384,
          651968
        ],
        "applicable": true
      },
      {
        "kernel": "onpair_shmem_4tpt_b128o12",
        "decode_ms": 0.626752,
        "decode_gib_s": 1372.3785822773991,
        "decode_ns_iters": [
          626752,
          634240,
          635456,
          633856,
          630656,
          633792,
          637632,
          635648,
          634816,
          640160,
          635136,
          630144,
          626944,
          630592,
          631360,
          627392,
          627296,
          628416,
          628768,
          650880,
          634816,
          634976,
          636640,
          628704,
          630048,
          648704,
          630688,
          632768,
          628384,
          640832
        ],
        "applicable": true
      },
      {
        "kernel": "onpair_shmem_4tpt_b64",
        "decode_ms": 0.62736,
        "decode_gib_s": 1371.0485545771558,
        "decode_ns_iters": [
          627360,
          627872,
          635040,
          636704,
          636224,
          637408,
          635968,
          635744,
          635712,
          631136,
          634880,
          637280,
          637120,
          637568,
          634304,
          631776,
          633504,
          630848,
          646656,
          634592,
          637696,
          636704,
          637632,
          644000,
          649952,
          634528,
          637632,
          636320,
          648864,
          639520
        ],
        "applicable": true
      },
      {
        "kernel": "onpair_shmem_4tpt_b64o24",
        "decode_ms": 0.603296,
        "decode_gib_s": 1425.7363237938332,
        "decode_ns_iters": [
          603296,
          649280,
          629728,
          636032,
          632704,
          635168,
          625760,
          631392,
          627232,
          635328,
          635936,
          636096,
          636864,
          636192,
          642880,
          636832,
          629792,
          636704,
          648512,
          644896,
          628256,
          629760,
          626912,
          636352,
          632160,
          631456,
          627392,
          628064,
          643712,
          634944
        ],
        "applicable": true
      },
      {
        "kernel": "onpair_shmem_4tpt_split8read_b128o12",
        "decode_ms": 0.636096,
        "decode_gib_s": 1352.2188807971195,
        "decode_ns_iters": [
          658560,
          659424,
          674944,
          665696,
          667968,
          657408,
          675136,
          679936,
          658944,
          658272,
          671584,
          677728,
          636096,
          659904,
          666944,
          668160,
          666592,
          666848,
          657536,
          673600,
          662880,
          658464,
          668096,
          666752,
          675136,
          666464,
          659936,
          665088,
          660000,
          660512
        ],
        "applicable": true
      },
      {
        "kernel": "onpair_shmem_4tpt_split8read_occ",
        "decode_ms": 0.629696,
        "decode_gib_s": 1365.9623392867738,
        "decode_ns_iters": [
          663040,
          657792,
          657408,
          678912,
          681152,
          657056,
          659488,
          658208,
          675648,
          665120,
          659296,
          674688,
          658528,
          661792,
          629696,
          658336,
          659520,
          659232,
          666912,
          665024,
          662304,
          630336,
          659168,
          656896,
          672416,
          659008,
          658560,
          658112,
          664992,
          665632
        ],
        "applicable": true
      },
      {
        "kernel": "onpair_shmem_4tpt_split8",
        "decode_ms": 0.726656,
        "decode_gib_s": 1183.697679781801,
        "decode_ns_iters": [
          729280,
          729184,
          727040,
          729760,
          730144,
          730656,
          730272,
          731552,
          733920,
          729472,
          732000,
          731712,
          728288,
          735712,
          735360,
          737856,
          745952,
          737216,
          727936,
          726656,
          737536,
          731392,
          731616,
          728064,
          730944,
          737952,
          737632,
          736192,
          728960,
          730080
        ],
        "applicable": true
      },
      {
        "kernel": "onpair_shmem_4tpt_split8_wpb8",
        "decode_ms": 0.706528,
        "decode_gib_s": 1217.4195802565848,
        "decode_ns_iters": [
          722304,
          711424,
          708800,
          723648,
          711328,
          717824,
          706528,
          709280,
          717984,
          724256,
          718144,
          713792,
          719488,
          720960,
          711488,
          727776,
          713952,
          711072,
          723456,
          712320,
          713920,
          711456,
          709440,
          718528,
          713376,
          710752,
          709312,
          710240,
          712000,
          727936
        ],
        "applicable": true
      },
      {
        "kernel": "onpair_shmem_4tpt_split8_wpb8_occ",
        "decode_ms": 0.699264,
        "decode_gib_s": 1230.0662141902405,
        "decode_ns_iters": [
          706816,
          700864,
          699264,
          715424,
          708896,
          700352,
          708768,
          703808,
          722464,
          707008,
          708256,
          700480,
          715136,
          725536,
          700960,
          716224,
          714784,
          700192,
          699904,
          721344,
          723840,
          700672,
          706688,
          702336,
          703456,
          700672,
          707136,
          701088,
          701952,
          720800
        ],
        "applicable": true
      },
      {
        "kernel": "onpair_shmem_4tpt_pdict",
        "decode_ms": 0.777856,
        "decode_gib_s": 1105.7843883694725,
        "decode_ns_iters": [
          790208,
          782080,
          780928,
          781632,
          779968,
          789472,
          789568,
          779136,
          779328,
          787808,
          780160,
          778368,
          781408,
          786368,
          781824,
          777856,
          791808,
          792768,
          780352,
          795904,
          790496,
          778912,
          791584,
          779136,
          796768,
          783168,
          784320,
          800832,
          789856,
          796544
        ],
        "applicable": true
      },
      {
        "kernel": "onpair_shmem_4tpt_vdict",
        "decode_ms": 1.177888,
        "decode_gib_s": 730.2400747775038,
        "decode_ns_iters": [
          1182304,
          1185888,
          1185088,
          1189152,
          1193440,
          1187648,
          1188928,
          1197376,
          1193920,
          1186720,
          1186976,
          1183104,
          1182528,
          1205920,
          1208864,
          1187840,
          1190176,
          1177888,
          1182816,
          1188800,
          1186848,
          1190624,
          1185472,
          1186048,
          1189824,
          1181792,
          1190272,
          1189728,
          1189312,
          1189824
        ],
        "applicable": true
      },
      {
        "kernel": "onpair_shmem_4tpt_split8read",
        "decode_ms": 0.6688,
        "decode_gib_s": 1286.09602452082,
        "decode_ns_iters": [
          690048,
          693312,
          678432,
          671776,
          692832,
          678144,
          671680,
          676096,
          678208,
          678720,
          671040,
          678144,
          678176,
          670976,
          668800,
          670048,
          684864,
          671040,
          670720,
          670208,
          685952,
          670688,
          669408,
          669600,
          678848,
          672672,
          679040,
          671232,
          671680,
          674432
        ],
        "applicable": true
      },
      {
        "kernel": "onpair_shmem_4tpt_ldcs",
        "decode_ms": 0.656256,
        "decode_gib_s": 1310.6790965713449,
        "decode_ns_iters": [
          665504,
          659200,
          666624,
          672160,
          658592,
          658944,
          665088,
          658592,
          665984,
          664352,
          666560,
          658784,
          665216,
          659424,
          657344,
          658656,
          656256,
          659936,
          672928,
          680320,
          665920,
          663872,
          659456,
          672320,
          660160,
          665760,
          656832,
          665696,
          672256,
          665888
        ],
        "applicable": true
      },
      {
        "kernel": "onpair_shmem_4tpt_lenbucket",
        "decode_ms": 0.0,
        "decode_gib_s": 0.0,
        "applicable": false,
        "reason": "length-bucket dict not built (set ONPAIR_DICT_REORDER=lenbucket)"
      },
      {
        "kernel": "onpair_shmem_4tpt_lenbucket_b128",
        "decode_ms": 0.0,
        "decode_gib_s": 0.0,
        "applicable": false,
        "reason": "length-bucket dict not built (set ONPAIR_DICT_REORDER=lenbucket)"
      },
      {
        "kernel": "onpair_shmem_4tpt_regcache",
        "decode_ms": 0.723232,
        "decode_gib_s": 1189.301664195617,
        "decode_ns_iters": [
          729216,
          729632,
          739712,
          726272,
          723776,
          737984,
          728832,
          724768,
          729664,
          736096,
          727424,
          730176,
          750144,
          738400,
          729472,
          726784,
          728576,
          725856,
          726560,
          723232,
          734592,
          725024,
          730432,
          728192,
          729760,
          731008,
          725632,
          729024,
          733728,
          726592
        ],
        "applicable": true
      },
      {
        "kernel": "onpair_shmem_4tpt_split4read",
        "decode_ms": 0.753024,
        "decode_gib_s": 1142.249146374517,
        "decode_ns_iters": [
          756992,
          754848,
          753024,
          764288,
          756736,
          754848,
          759328,
          761728,
          754144,
          756192,
          755456,
          755200,
          754816,
          754880,
          753824,
          767616,
          762048,
          755712,
          759776,
          755904,
          764832,
          762720,
          757408,
          756896,
          754176,
          755232,
          761440,
          754688,
          762880,
          761792
        ],
        "applicable": true
      },
      {
        "kernel": "onpair_shmem_4tpt_split4read_b128o12",
        "decode_ms": 0.731808,
        "decode_gib_s": 1175.3643321739096,
        "decode_ns_iters": [
          741440,
          756064,
          739616,
          739392,
          745376,
          732768,
          746304,
          733504,
          732480,
          735424,
          739968,
          732160,
          754816,
          739840,
          739520,
          756416,
          732448,
          732992,
          734304,
          731808,
          733440,
          733920,
          748000,
          740512,
          733856,
          733280,
          742432,
          741760,
          739424,
          735424
        ],
        "applicable": true
      },
      {
        "kernel": "onpair_shmem_4tpt_cluster_dsmem",
        "decode_ms": 2.041824,
        "decode_gib_s": 421.2610985077677,
        "decode_ns_iters": [
          2058496,
          2062368,
          2064832,
          2059968,
          2041824,
          2098432,
          2062976,
          2055648,
          2061632,
          2057056,
          2052480,
          2049504,
          2066368,
          2048672,
          2057632,
          2066208,
          2056448,
          2070464,
          2042240,
          2046368,
          2082048,
          2055680,
          2077888,
          2050688,
          2047104,
          2055872,
          2058304,
          2069664,
          2071488,
          2055296
        ],
        "applicable": true
      },
      {
        "kernel": "onpair_shmem_8tpt",
        "decode_ms": 0.63168,
        "decode_gib_s": 1361.6720826993483,
        "decode_ns_iters": [
          651776,
          633536,
          641120,
          642112,
          652032,
          641728,
          635552,
          647232,
          646016,
          633280,
          642752,
          641184,
          640160,
          640448,
          640544,
          632128,
          640416,
          631680,
          648416,
          633952,
          641280,
          641312,
          655584,
          646112,
          639936,
          640672,
          633472,
          634304,
          636992,
          640320
        ],
        "applicable": true
      },
      {
        "kernel": "onpair_shmem_8tpt_b128",
        "decode_ms": 0.605376,
        "decode_gib_s": 1420.83766320357,
        "decode_ns_iters": [
          631488,
          634240,
          630976,
          628512,
          640096,
          631040,
          632064,
          639392,
          630304,
          638080,
          632704,
          645088,
          632032,
          632096,
          631584,
          643808,
          644320,
          630720,
          637472,
          629536,
          638976,
          631360,
          654880,
          638304,
          638272,
          630624,
          605376,
          631360,
          634048,
          640416
        ],
        "applicable": true
      },
      {
        "kernel": "onpair_shmem_4tpt_vwidth",
        "decode_ms": 1.330848,
        "decode_gib_s": 646.3104886504879,
        "decode_ns_iters": [
          1332896,
          1346592,
          1333248,
          1332704,
          1340320,
          1330848,
          1338592,
          1331072,
          1331904,
          1333984,
          1334272,
          1335008,
          1341440,
          1340928,
          1334848,
          1340768,
          1334656,
          1333792,
          1332672,
          1332928,
          1340640,
          1340096,
          1333472,
          1339744,
          1333024,
          1333248,
          1332704,
          1355776,
          1347424,
          1336064
        ],
        "applicable": true
      },
      {
        "kernel": "onpair_shmem_4tpt_vwidth_b128",
        "decode_ms": 1.580032,
        "decode_gib_s": 544.382025933351,
        "decode_ns_iters": [
          1601088,
          1587680,
          1588320,
          1586784,
          1588960,
          1586848,
          1589088,
          1587808,
          1587680,
          1601824,
          1588192,
          1590336,
          1587808,
          1586880,
          1588160,
          1587904,
          1588608,
          1582976,
          1593344,
          1580512,
          1582688,
          1580032,
          1590400,
          1594144,
          1587040,
          1587616,
          1580544,
          1580608,
          1586656,
          1581440
        ],
        "applicable": true
      },
      {
        "kernel": "onpair_shmem_4tpt_vwidth4",
        "decode_ms": 0.7808,
        "decode_gib_s": 1101.615037396932,
        "decode_ns_iters": [
          782976,
          796832,
          795776,
          788000,
          783392,
          796000,
          782240,
          789088,
          784288,
          788608,
          782336,
          797152,
          783264,
          784576,
          786528,
          781088,
          788736,
          780800,
          783904,
          781344,
          782880,
          801760,
          789120,
          782496,
          782592,
          781920,
          787456,
          790976,
          788544,
          785056
        ],
        "applicable": true
      },
      {
        "kernel": "onpair_shmem_4tpt_vwidth4_b128",
        "decode_ms": 0.648032,
        "decode_gib_s": 1327.3125728351752,
        "decode_ns_iters": [
          658432,
          656992,
          649472,
          650368,
          663424,
          657344,
          648992,
          655008,
          652288,
          675264,
          650720,
          657856,
          648544,
          661824,
          648064,
          648576,
          652448,
          653184,
          660448,
          670208,
          649088,
          648032,
          648480,
          649984,
          648352,
          648576,
          649280,
          648544,
          655616,
          658016
        ],
        "applicable": true
      },
      {
        "kernel": "onpair_shmem_4tpt_shdict8",
        "decode_ms": 0.945248,
        "decode_gib_s": 909.9633336431544,
        "decode_ns_iters": [
          955424,
          953888,
          945248,
          948512,
          948384,
          948000,
          948288,
          948352,
          959168,
          952128,
          971168,
          957824,
          968928,
          959712,
          949888,
          952160,
          952320,
          951808,
          947584,
          948608,
          951904,
          952768,
          951136,
          964608,
          948800,
          948800,
          982560,
          945632,
          947328,
          950688
        ],
        "applicable": true
      },
      {
        "kernel": "onpair_shmem_4tpt_ablate",
        "decode_ms": 0.589824,
        "decode_gib_s": 1458.3011562763204,
        "decode_ns_iters": [
          625856,
          651776,
          634720,
          628896,
          631008,
          626816,
          637600,
          626816,
          629088,
          640768,
          601984,
          627904,
          627360,
          637152,
          647392,
          628480,
          637248,
          631264,
          602176,
          596736,
          589824,
          629056,
          633760,
          634720,
          628736,
          627872,
          628736,
          636160,
          628320,
          627520
        ],
        "applicable": true
      },
      {
        "kernel": "onpair_shmem_4tpt_ablate_nogather",
        "decode_ms": 0.502624,
        "decode_gib_s": 1711.3011340475675,
        "decode_ns_iters": [
          535840,
          535776,
          536224,
          536864,
          543648,
          545088,
          545312,
          537536,
          506208,
          542304,
          537120,
          544992,
          558368,
          558688,
          543488,
          542976,
          544992,
          544160,
          518208,
          502624,
          544736,
          543872,
          545216,
          543456,
          544928,
          544512,
          543904,
          547520,
          545024,
          513024
        ],
        "applicable": true
      },
      {
        "kernel": "onpair_shmem_4tpt_ablate_noemit",
        "decode_ms": 0.235648,
        "decode_gib_s": 3650.109575296732,
        "decode_ns_iters": [
          287456,
          292064,
          279712,
          279104,
          278656,
          277568,
          278624,
          278528,
          282848,
          272960,
          270592,
          238112,
          237248,
          238144,
          235648,
          239616,
          289824,
          278048,
          273184,
          268256,
          271008,
          256672,
          241792,
          279904,
          253056,
          269472,
          277376,
          277824,
          276416,
          277312
        ],
        "applicable": true
      },
      {
        "kernel": "onpair_shmem_4tpt_ablate_nodrain",
        "decode_ms": 0.5384,
        "decode_gib_s": 1597.5873350659815,
        "decode_ns_iters": [
          564480,
          563456,
          562912,
          567424,
          565632,
          562848,
          564480,
          564032,
          538400,
          565312,
          562720,
          564704,
          562464,
          562080,
          576960,
          571232,
          566208,
          561888,
          563616,
          570656,
          570080,
          561856,
          569920,
          561952,
          572448,
          569408,
          563232,
          587936,
          584576,
          572288
        ],
        "applicable": true
      },
      {
        "kernel": "onpair_shmem_4tpt_ablate_noscan",
        "decode_ms": 0.272384,
        "decode_gib_s": 3157.8250602073704,
        "decode_ns_iters": [
          304864,
          305920,
          304704,
          299104,
          303872,
          306720,
          314176,
          301248,
          298656,
          319104,
          297248,
          297408,
          320864,
          297856,
          305536,
          306560,
          297600,
          305408,
          303808,
          319328,
          297472,
          300640,
          300768,
          310624,
          299104,
          303968,
          299392,
          298464,
          306912,
          272384
        ],
        "applicable": true
      },
      {
        "kernel": "onpair_shmem_4tpt_ablate_cfree",
        "decode_ms": 0.436384,
        "decode_gib_s": 1971.064523904461,
        "decode_ns_iters": [
          469472,
          494016,
          474880,
          474880,
          476064,
          444416,
          437120,
          436384,
          485024,
          468768,
          468672,
          477728,
          469664,
          458368,
          469248,
          465632,
          468576,
          467296,
          441312,
          484928,
          468864,
          467296,
          470496,
          486048,
          472960,
          468576,
          468544,
          469664,
          472416,
          439136
        ],
        "applicable": true
      },
      {
        "kernel": "onpair_shmem_s8",
        "decode_ms": 0.0,
        "decode_gib_s": 0.0,
        "applicable": false,
        "reason": "dictionary entry longer than 8 bytes"
      },
      {
        "kernel": "onpair_shmem_s8_2tpt",
        "decode_ms": 0.0,
        "decode_gib_s": 0.0,
        "applicable": false,
        "reason": "dictionary entry longer than 8 bytes"
      },
      {
        "kernel": "onpair_shmem_s8_4tpt",
        "decode_ms": 0.0,
        "decode_gib_s": 0.0,
        "applicable": false,
        "reason": "dictionary entry longer than 8 bytes"
      },
      {
        "kernel": "onpair_shmem_s8_8tpt",
        "decode_ms": 0.0,
        "decode_gib_s": 0.0,
        "applicable": false,
        "reason": "dictionary entry longer than 8 bytes"
      },
      {
        "kernel": "onpair_shmem_s4l1",
        "decode_ms": 0.0,
        "decode_gib_s": 0.0,
        "applicable": false,
        "reason": "dictionary entry longer than 4 bytes"
      },
      {
        "kernel": "onpair_shmem_s4l1_2tpt",
        "decode_ms": 0.0,
        "decode_gib_s": 0.0,
        "applicable": false,
        "reason": "dictionary entry longer than 4 bytes"
      },
      {
        "kernel": "onpair_shmem_s4l1_4tpt",
        "decode_ms": 0.0,
        "decode_gib_s": 0.0,
        "applicable": false,
        "reason": "dictionary entry longer than 4 bytes"
      },
      {
        "kernel": "onpair_shmem_s4l1_8tpt",
        "decode_ms": 0.0,
        "decode_gib_s": 0.0,
        "applicable": false,
        "reason": "dictionary entry longer than 4 bytes"
      },
      {
        "kernel": "onpair_shmem_s4l1_16tpt",
        "decode_ms": 0.0,
        "decode_gib_s": 0.0,
        "applicable": false,
        "reason": "dictionary entry longer than 4 bytes"
      },
      {
        "kernel": "onpair_shmem_s4l1_32tpt",
        "decode_ms": 0.0,
        "decode_gib_s": 0.0,
        "applicable": false,
        "reason": "dictionary entry longer than 4 bytes"
      },
      {
        "kernel": "onpair_shmem_const1",
        "decode_ms": 0.0,
        "decode_gib_s": 0.0,
        "applicable": false,
        "reason": "not every dictionary entry is exactly 1 byte"
      },
      {
        "kernel": "onpair_shmem_const2",
        "decode_ms": 0.0,
        "decode_gib_s": 0.0,
        "applicable": false,
        "reason": "not every dictionary entry is exactly 2 bytes"
      }
    ]
  }
}
==PROF== Disconnected from process 38608
==PROF== Report: /home/ubuntu/work/shdict_ncu_synthetic_url_b12_onpair_shmem_4tpt.ncu-rep
