==PROF== Connected to process 31244 (/home/ubuntu/work/target/release/onpair-chunk-bench)
2026-08-12T23:28:11.669106Z  INFO vortex_cuda: vortex-cuda/src/lib.rs:111: Registering CUDA kernels
==WARNING== Unable to access the following 6 metrics: ctc__rx_bytes_data_user.sum, ctc__rx_bytes_data_user.sum.pct_of_peak_sustained_elapsed, ctc__rx_bytes_data_user.sum.per_second, ctc__tx_bytes_data_user.sum, ctc__tx_bytes_data_user.sum.pct_of_peak_sustained_elapsed, ctc__tx_bytes_data_user.sum.per_second.


==PROF== Profiling "onpair_shmem_4tpt": 0%....50%....100% - 40 passes
==PROF== Profiling "onpair_shmem_4tpt": 0%....50%....100% - 40 passes
==PROF== Profiling "onpair_shmem_4tpt": 0%....50%....100% - 40 passes
==PROF== Profiling "onpair_shmem_4tpt": 0%....50%....100% - 40 passes
==PROF== Profiling "onpair_shmem_4tpt": 0%....50%....100% - 40 passes
==PROF== Profiling "onpair_shmem_4tpt": 0%....50%....100% - 40 passes
==PROF== Profiling "onpair_shmem_4tpt": 0%....50%....100% - 40 passes
==PROF== Profiling "onpair_shmem_4tpt": 0%....50%....100% - 40 passes
==PROF== Profiling "onpair_shmem_4tpt": 0%....50%....100% - 40 passes
==PROF== Profiling "onpair_shmem_4tpt": 0%....50%....100% - 40 passes
==PROF== Profiling "onpair_shmem_4tpt": 0%....50%....100% - 40 passes
==PROF== Profiling "onpair_shmem_4tpt": 0%....50%....100% - 40 passes
==PROF== Profiling "onpair_shmem_4tpt": 0%....50%....100% - 40 passes
==PROF== Profiling "onpair_shmem_4tpt": 0%....50%....100% - 40 passes
==PROF== Profiling "onpair_shmem_4tpt": 0%....50%....100% - 40 passes
==PROF== Profiling "onpair_shmem_4tpt": 0%....50%....100% - 40 passes
{
  "files": [
    "/home/ubuntu/work/vortex-bench/data/onpair-bench/clickbench/MobilePhoneModel/bits12_chunk1000mb_thr0.20/part_0000.vortex"
  ],
  "column": "MobilePhoneModel",
  "rows": 99997497,
  "in_memory_bytes": 32271400,
  "dict_bytes": 2129,
  "gpu": {
    "iterations": 30,
    "decoded_bytes": 23280516,
    "chunks": 1,
    "auto_kernel": "onpair_shmem_4tpt_split8read_b128o12",
    "frac_le8": 0.99056983,
    "dict_mean_len": 4.1830564,
    "dict_max_len": 16,
    "dict_entries_max": 665,
    "small_dict": true,
    "distinct_codes": 209,
    "access_top4096_frac": 1.0,
    "compressed_bytes": 11133674,
    "h2d_gib_s": 9.871715867693421,
    "whole_decompress_gib_s": 19.589034506523088,
    "best_kernel": "onpair_shmem_4tpt_split4read_b128o12",
    "auto_decode_ms": 0.056448,
    "best_decode_ms": 0.051584,
    "validated": false,
    "auto_decode_gib_s": 384.0998812977757,
    "best_decode_gib_s": 420.3177361099729,
    "kernels": [
      {
        "kernel": "onpair_shmem",
        "decode_ms": 0.071008,
        "decode_gib_s": 305.34123055848414,
        "decode_ns_iters": [
          108416,
          114720,
          72256,
          114432,
          73728,
          73280,
          111552,
          102272,
          111104,
          71008,
          94336,
          73728,
          117728,
          86048,
          72224,
          135680,
          74816,
          95360,
          75776,
          94720,
          74112,
          71328,
          78336,
          71584,
          71168,
          71392,
          75968,
          72608,
          71616,
          79872
        ],
        "applicable": true
      },
      {
        "kernel": "onpair_shmem_2tpt",
        "decode_ms": 0.060128,
        "decode_gib_s": 360.5919055930156,
        "decode_ns_iters": [
          82496,
          62144,
          60960,
          69792,
          66048,
          61120,
          62400,
          69920,
          63200,
          63168,
          62560,
          75296,
          63456,
          61184,
          60544,
          63424,
          60128,
          61728,
          74176,
          62688,
          65216,
          68864,
          64800,
          62272,
          66112,
          67520,
          79904,
          68320,
          69920,
          67936
        ],
        "applicable": true
      },
      {
        "kernel": "onpair_shmem_4tpt",
        "decode_ms": 0.06,
        "decode_gib_s": 361.3611683249474,
        "decode_ns_iters": [
          2558667898,
          2563040972,
          2562771082,
          2560724735,
          2562830448,
          2566706657,
          2540235519,
          2549369097,
          2553889751,
          2553394079,
          2571065187,
          2565608025,
          2559313774,
          2563067436,
          122304,
          64992,
          126720,
          84480,
          62816,
          80160,
          60768,
          66432,
          62592,
          60768,
          60000,
          62368,
          68864,
          65248,
          62624,
          60960
        ],
        "applicable": true
      },
      {
        "kernel": "onpair_shmem_4tpt_wpb8",
        "decode_ms": 0.058272,
        "decode_gib_s": 372.0769855075652,
        "decode_ns_iters": [
          62016,
          60448,
          59136,
          59904,
          67520,
          62144,
          60480,
          60672,
          62656,
          63456,
          60480,
          60960,
          62976,
          58944,
          58496,
          66592,
          70816,
          59392,
          59712,
          65760,
          62976,
          59680,
          67808,
          61088,
          59136,
          58496,
          58272,
          63456,
          65280,
          61888
        ],
        "applicable": true
      },
      {
        "kernel": "onpair_shmem_4tpt_wpb8_occ",
        "decode_ms": 0.057216,
        "decode_gib_s": 378.9441781931075,
        "decode_ns_iters": [
          63840,
          59424,
          61312,
          65728,
          61440,
          58752,
          59520,
          57216,
          62368,
          65152,
          63168,
          61312,
          58624,
          66560,
          60928,
          58720,
          58432,
          59776,
          66432,
          59840,
          61024,
          57984,
          65312,
          60064,
          58720,
          57920,
          64416,
          62464,
          58464,
          61568
        ],
        "applicable": true
      },
      {
        "kernel": "onpair_shmem_4tpt_b128",
        "decode_ms": 0.058624,
        "decode_gib_s": 369.8428988041901,
        "decode_ns_iters": [
          61984,
          60768,
          58816,
          72800,
          62784,
          59360,
          59552,
          67040,
          60128,
          58624,
          60768,
          62400,
          63840,
          62624,
          58944,
          58816,
          64672,
          66144,
          63744,
          63616,
          66176,
          64480,
          65184,
          63424,
          62432,
          63104,
          62848,
          70528,
          62144,
          70336
        ],
        "applicable": true
      },
      {
        "kernel": "onpair_shmem_4tpt_o6",
        "decode_ms": 0.061728,
        "decode_gib_s": 351.24530358179175,
        "decode_ns_iters": [
          63232,
          70432,
          66208,
          62784,
          64896,
          64736,
          62688,
          62240,
          64064,
          63168,
          64192,
          62016,
          70944,
          62656,
          63200,
          62656,
          63424,
          61728,
          62432,
          64704,
          63968,
          65728,
          62368,
          64736,
          61760,
          63424,
          62208,
          71424,
          64032,
          70080
        ],
        "applicable": true
      },
      {
        "kernel": "onpair_shmem_4tpt_b512o3",
        "decode_ms": 0.061504,
        "decode_gib_s": 352.5245528664289,
        "decode_ns_iters": [
          64160,
          73184,
          63392,
          64960,
          64800,
          62464,
          61792,
          62528,
          62848,
          63008,
          70688,
          64768,
          63872,
          61504,
          63712,
          62496,
          63168,
          62528,
          71456,
          62912,
          63264,
          65056,
          62336,
          63328,
          62304,
          62848,
          63456,
          64704,
          63392,
          69248
        ],
        "applicable": true
      },
      {
        "kernel": "onpair_shmem_4tpt_b128o12",
        "decode_ms": 0.061728,
        "decode_gib_s": 351.24530358179175,
        "decode_ns_iters": [
          63328,
          73664,
          63040,
          69088,
          63040,
          62304,
          63136,
          61984,
          63776,
          62688,
          64128,
          62560,
          63968,
          65088,
          63424,
          63616,
          63648,
          63008,
          63744,
          61728,
          71712,
          62656,
          62464,
          62368,
          61792,
          62944,
          62848,
          63520,
          63424,
          65920
        ],
        "applicable": true
      },
      {
        "kernel": "onpair_shmem_4tpt_b64",
        "decode_ms": 0.061824,
        "decode_gib_s": 350.69989161970824,
        "decode_ns_iters": [
          62880,
          65952,
          64832,
          63488,
          63264,
          64096,
          64384,
          61856,
          64512,
          72480,
          64800,
          65280,
          65632,
          64000,
          63072,
          63200,
          62528,
          63680,
          64224,
          61824,
          66016,
          64416,
          62816,
          62272,
          64384,
          64000,
          76000,
          65312,
          74368,
          65440
        ],
        "applicable": true
      },
      {
        "kernel": "onpair_shmem_4tpt_b64o24",
        "decode_ms": 0.061152,
        "decode_gib_s": 354.5537365825622,
        "decode_ns_iters": [
          74272,
          63808,
          64320,
          65376,
          64736,
          63648,
          61152,
          66528,
          62432,
          64992,
          62880,
          63488,
          62752,
          62784,
          62880,
          61312,
          62336,
          70048,
          63712,
          63904,
          65024,
          64992,
          62752,
          62240,
          63616,
          63936,
          62528,
          62944,
          64736,
          64448
        ],
        "applicable": true
      },
      {
        "kernel": "onpair_shmem_4tpt_split8read_b128o12",
        "decode_ms": 0.056448,
        "decode_gib_s": 384.0998812977757,
        "decode_ns_iters": [
          61536,
          56800,
          59552,
          59200,
          58080,
          57248,
          57376,
          71104,
          59584,
          58016,
          60832,
          58528,
          57312,
          57472,
          56448,
          60608,
          59456,
          58688,
          59040,
          57376,
          59040,
          57440,
          57952,
          56864,
          61504,
          58432,
          59872,
          62336,
          59776,
          58976
        ],
        "applicable": true
      },
      {
        "kernel": "onpair_shmem_4tpt_split8read_occ",
        "decode_ms": 0.057536,
        "decode_gib_s": 376.83659099514813,
        "decode_ns_iters": [
          59520,
          59712,
          59136,
          60256,
          61184,
          67616,
          61344,
          87424,
          59456,
          59424,
          59648,
          59680,
          60160,
          62720,
          60288,
          65888,
          60128,
          59808,
          58784,
          59296,
          61312,
          67360,
          60256,
          70560,
          60736,
          57536,
          60256,
          60096,
          59040,
          69856
        ],
        "applicable": true
      },
      {
        "kernel": "onpair_shmem_4tpt_split8",
        "decode_ms": 0.059904,
        "decode_gib_s": 361.9402727613655,
        "decode_ns_iters": [
          60864,
          62304,
          61696,
          63328,
          63360,
          70016,
          63776,
          61312,
          63136,
          62016,
          62496,
          61824,
          61888,
          63168,
          63552,
          62976,
          64544,
          63264,
          61280,
          61056,
          64256,
          63488,
          64288,
          61952,
          62112,
          59904,
          62304,
          62208,
          71680,
          63648
        ],
        "applicable": true
      },
      {
        "kernel": "onpair_shmem_4tpt_split8_wpb8",
        "decode_ms": 0.058976,
        "decode_gib_s": 367.63548052592313,
        "decode_ns_iters": [
          59360,
          60544,
          72256,
          62016,
          65888,
          60288,
          60768,
          62080,
          60320,
          59584,
          60640,
          77280,
          69760,
          59840,
          60416,
          63904,
          60480,
          60224,
          60768,
          62336,
          60768,
          62464,
          59328,
          60032,
          58976,
          60224,
          59424,
          68160,
          61568,
          63776
        ],
        "applicable": true
      },
      {
        "kernel": "onpair_shmem_4tpt_split8_wpb8_occ",
        "decode_ms": 0.057984,
        "decode_gib_s": 373.9250500051194,
        "decode_ns_iters": [
          61696,
          61728,
          59008,
          60928,
          60160,
          59520,
          59840,
          60064,
          57984,
          67648,
          60352,
          69248,
          60480,
          61248,
          58912,
          59552,
          59840,
          58848,
          60960,
          58848,
          62432,
          59072,
          58720,
          59840,
          60480,
          60704,
          67584,
          62112,
          58912,
          61536
        ],
        "applicable": true
      },
      {
        "kernel": "onpair_shmem_4tpt_pdict",
        "decode_ms": 0.06704,
        "decode_gib_s": 323.41393346504833,
        "decode_ns_iters": [
          75904,
          68128,
          74848,
          68640,
          69376,
          68032,
          69280,
          67552,
          67104,
          69792,
          67648,
          69216,
          68384,
          70272,
          68544,
          69088,
          68352,
          68288,
          67936,
          74304,
          68960,
          68384,
          68704,
          67040,
          69536,
          67072,
          69792,
          68960,
          69728,
          68640
        ],
        "applicable": true
      },
      {
        "kernel": "onpair_shmem_4tpt_vdict",
        "decode_ms": 0.06944,
        "decode_gib_s": 312.236032538837,
        "decode_ns_iters": [
          70368,
          75008,
          72384,
          71232,
          74688,
          71968,
          73888,
          69440,
          71296,
          69920,
          71488,
          70304,
          82208,
          71872,
          79360,
          73440,
          70272,
          70464,
          71136,
          71648,
          71744,
          72704,
          71776,
          72256,
          70336,
          70464,
          70880,
          72288,
          71392,
          79712
        ],
        "applicable": true
      },
      {
        "kernel": "onpair_shmem_4tpt_split8read",
        "decode_ms": 0.058016,
        "decode_gib_s": 373.71880342486287,
        "decode_ns_iters": [
          60800,
          62112,
          71776,
          61984,
          71040,
          61056,
          61984,
          62816,
          60704,
          59648,
          69856,
          61472,
          70016,
          60000,
          60128,
          59072,
          58016,
          66816,
          70208,
          61408,
          67008,
          59680,
          60192,
          59040,
          58144,
          60320,
          59008,
          61248,
          60416,
          60736
        ],
        "applicable": true
      },
      {
        "kernel": "onpair_shmem_4tpt_ldcs",
        "decode_ms": 0.063104,
        "decode_gib_s": 343.58630355439976,
        "decode_ns_iters": [
          76160,
          65824,
          75776,
          64064,
          64960,
          64448,
          65088,
          66016,
          64000,
          67840,
          64352,
          67328,
          64576,
          64256,
          64352,
          63104,
          66528,
          66240,
          65856,
          70432,
          64864,
          64416,
          65568,
          64544,
          66848,
          65216,
          66176,
          65280,
          67104,
          66560
        ],
        "applicable": true
      },
      {
        "kernel": "onpair_shmem_4tpt_lenbucket",
        "decode_ms": 0.0,
        "decode_gib_s": 0.0,
        "applicable": false,
        "reason": "length-bucket dict not built (set ONPAIR_DICT_REORDER=lenbucket)"
      },
      {
        "kernel": "onpair_shmem_4tpt_lenbucket_b128",
        "decode_ms": 0.0,
        "decode_gib_s": 0.0,
        "applicable": false,
        "reason": "length-bucket dict not built (set ONPAIR_DICT_REORDER=lenbucket)"
      },
      {
        "kernel": "onpair_shmem_4tpt_regcache",
        "decode_ms": 0.066464,
        "decode_gib_s": 326.2167504137103,
        "decode_ns_iters": [
          70176,
          68544,
          70848,
          66464,
          70624,
          68960,
          68864,
          68000,
          76480,
          67776,
          74528,
          67232,
          67232,
          68544,
          68928,
          68480,
          67168,
          69472,
          69184,
          69184,
          68800,
          67264,
          69696,
          67360,
          68000,
          76096,
          67136,
          69184,
          70208,
          68768
        ],
        "applicable": true
      },
      {
        "kernel": "onpair_shmem_4tpt_split4read",
        "decode_ms": 0.06,
        "decode_gib_s": 361.3611683249474,
        "decode_ns_iters": [
          61696,
          72992,
          61984,
          60800,
          61888,
          62240,
          61856,
          70208,
          61888,
          63936,
          63264,
          62080,
          62304,
          61280,
          61440,
          61664,
          63168,
          62656,
          62464,
          61120,
          61472,
          61248,
          61856,
          60000,
          64000,
          60928,
          62528,
          62432,
          62112,
          63520
        ],
        "applicable": true
      },
      {
        "kernel": "onpair_shmem_4tpt_split4read_b128o12",
        "decode_ms": 0.051584,
        "decode_gib_s": 420.3177361099729,
        "decode_ns_iters": [
          59328,
          51584,
          54016,
          66688,
          57312,
          61280,
          58432,
          58912,
          58976,
          57024,
          58816,
          57952,
          58016,
          59328,
          58720,
          57536,
          60544,
          58976,
          57344,
          56864,
          55936,
          57472,
          60032,
          59392,
          58272,
          58112,
          57152,
          57728,
          58272,
          57632
        ],
        "applicable": true
      },
      {
        "kernel": "onpair_shmem_4tpt_cluster_dsmem",
        "decode_ms": 0.120544,
        "decode_gib_s": 179.86519527721697,
        "decode_ns_iters": [
          159744,
          154688,
          157280,
          171328,
          162816,
          158368,
          165504,
          157088,
          159200,
          129568,
          153568,
          157248,
          161120,
          158400,
          166816,
          162208,
          176736,
          155680,
          127264,
          120544,
          121472,
          148352,
          165632,
          149888,
          157632,
          161696,
          161472,
          156832,
          128128,
          121760
        ],
        "applicable": true
      },
      {
        "kernel": "onpair_shmem_8tpt",
        "decode_ms": 0.058496,
        "decode_gib_s": 370.65218304665007,
        "decode_ns_iters": [
          59680,
          59328,
          86624,
          75136,
          63200,
          60192,
          76544,
          63296,
          58944,
          58496,
          78016,
          68576,
          62016,
          64192,
          61216,
          58784,
          60416,
          66208,
          62112,
          67744,
          60224,
          73376,
          63424,
          58656,
          59872,
          70368,
          61984,
          59808,
          61600,
          59712
        ],
        "applicable": true
      },
      {
        "kernel": "onpair_shmem_8tpt_b128",
        "decode_ms": 0.061664,
        "decode_gib_s": 351.60985501259796,
        "decode_ns_iters": [
          63488,
          73696,
          62720,
          68768,
          62464,
          63968,
          64416,
          61664,
          62752,
          63456,
          64704,
          64192,
          64736,
          64960,
          63936,
          64160,
          63168,
          62560,
          62976,
          62144,
          70624,
          63456,
          63840,
          67232,
          66496,
          63040,
          73216,
          65216,
          68672,
          63392
        ],
        "applicable": true
      },
      {
        "kernel": "onpair_shmem_4tpt_vwidth",
        "decode_ms": 0.087168,
        "decode_gib_s": 248.7342843646389,
        "decode_ns_iters": [
          116832,
          119904,
          123488,
          145664,
          125856,
          118688,
          95968,
          126816,
          95136,
          87168,
          136064,
          115264,
          134080,
          90432,
          118848,
          123872,
          121056,
          136928,
          94688,
          123456,
          126976,
          129248,
          137728,
          123520,
          126464,
          123392,
          127200,
          140768,
          127296,
          128480
        ],
        "applicable": true
      },
      {
        "kernel": "onpair_shmem_4tpt_vwidth_b128",
        "decode_ms": 0.11088,
        "decode_gib_s": 195.54175775159487,
        "decode_ns_iters": [
          117728,
          166208,
          149056,
          155712,
          143136,
          163552,
          155712,
          150368,
          166592,
          144320,
          147424,
          144096,
          119040,
          121952,
          153632,
          146784,
          151392,
          153856,
          167072,
          128576,
          150752,
          154720,
          142304,
          141088,
          142048,
          148480,
          149632,
          162528,
          118912,
          110880
        ],
        "applicable": true
      },
      {
        "kernel": "onpair_shmem_4tpt_vwidth4",
        "decode_ms": 0.0592,
        "decode_gib_s": 366.2444273563656,
        "decode_ns_iters": [
          60288,
          68480,
          68544,
          63680,
          75808,
          60992,
          71904,
          76480,
          65760,
          64832,
          73248,
          66272,
          65856,
          59200,
          70528,
          69600,
          66144,
          71488,
          67296,
          65376,
          70720,
          61440,
          61344,
          64768,
          71552,
          65056,
          71168,
          71488,
          64608,
          64704
        ],
        "applicable": true
      },
      {
        "kernel": "onpair_shmem_4tpt_vwidth4_b128",
        "decode_ms": 0.057696,
        "decode_gib_s": 375.7915643978238,
        "decode_ns_iters": [
          62336,
          58912,
          58048,
          57696,
          67328,
          63072,
          73024,
          61376,
          70240,
          62048,
          63744,
          62272,
          62208,
          63168,
          62464,
          64800,
          61728,
          65056,
          61248,
          62976,
          66528,
          63264,
          62944,
          72480,
          62848,
          61472,
          62848,
          61568,
          60576,
          61984
        ],
        "applicable": true
      },
      {
        "kernel": "onpair_shmem_4tpt_shdict8",
        "decode_ms": 0.077472,
        "decode_gib_s": 279.8645975255169,
        "decode_ns_iters": [
          77600,
          81664,
          81536,
          79328,
          78464,
          78496,
          79136,
          79808,
          81024,
          80448,
          77472,
          80864,
          78464,
          77632,
          79584,
          86592,
          78720,
          80032,
          78944,
          78624,
          80992,
          79872,
          79936,
          78592,
          80256,
          80320,
          79776,
          79744,
          80416,
          80672
        ],
        "applicable": true
      },
      {
        "kernel": "onpair_shmem_4tpt_ablate",
        "decode_ms": 0.060736,
        "decode_gib_s": 356.9821868331277,
        "decode_ns_iters": [
          62944,
          62976,
          65824,
          64032,
          66080,
          61632,
          60736,
          62496,
          63808,
          64288,
          68608,
          62432,
          62048,
          64608,
          62304,
          62464,
          63328,
          62112,
          62464,
          65440,
          63584,
          68928,
          64832,
          64256,
          62016,
          63264,
          63744,
          72576,
          63104,
          64512
        ],
        "applicable": true
      },
      {
        "kernel": "onpair_shmem_4tpt_ablate_nogather",
        "decode_ms": 0.059104,
        "decode_gib_s": 366.8393018999872,
        "decode_ns_iters": [
          62368,
          68032,
          59648,
          60192,
          64160,
          60000,
          61888,
          60896,
          61632,
          60800,
          62304,
          61344,
          73952,
          60704,
          59744,
          60992,
          60096,
          59744,
          61280,
          60896,
          61120,
          62464,
          61504,
          59744,
          61120,
          59104,
          59808,
          68768,
          60992,
          66880
        ],
        "applicable": true
      },
      {
        "kernel": "onpair_shmem_4tpt_ablate_noemit",
        "decode_ms": 0.051968,
        "decode_gib_s": 417.21194003034253,
        "decode_ns_iters": [
          54432,
          52064,
          57760,
          51968,
          60896,
          52928,
          54944,
          52320,
          52864,
          52512,
          73312,
          54720,
          53408,
          55840,
          56512,
          52000,
          58880,
          52640,
          52736,
          67552,
          56224,
          61888,
          53536,
          52384,
          53952,
          53536,
          52256,
          66624,
          54912,
          54176
        ],
        "applicable": true
      },
      {
        "kernel": "onpair_shmem_4tpt_ablate_nodrain",
        "decode_ms": 0.059296,
        "decode_gib_s": 365.65147901202175,
        "decode_ns_iters": [
          60128,
          60768,
          63232,
          61440,
          69408,
          60512,
          60768,
          59968,
          61152,
          60384,
          60928,
          60704,
          59968,
          62912,
          59488,
          60704,
          65024,
          61856,
          59840,
          63136,
          60160,
          67456,
          60352,
          61600,
          61600,
          59616,
          60160,
          59296,
          60448,
          60576
        ],
        "applicable": true
      },
      {
        "kernel": "onpair_shmem_4tpt_ablate_noscan",
        "decode_ms": 0.051584,
        "decode_gib_s": 420.3177361099729,
        "decode_ns_iters": [
          54720,
          51584,
          64352,
          54112,
          61312,
          54560,
          52032,
          63232,
          53728,
          53376,
          51680,
          55136,
          52544,
          58656,
          52608,
          53888,
          52512,
          52576,
          54656,
          60096,
          56320,
          52480,
          54240,
          52864,
          52960,
          55104,
          57600,
          64928,
          52800,
          55328
        ],
        "applicable": true
      },
      {
        "kernel": "onpair_shmem_4tpt_ablate_cfree",
        "decode_ms": 0.060512,
        "decode_gib_s": 358.303643897026,
        "decode_ns_iters": [
          63712,
          61056,
          70976,
          60512,
          70176,
          64832,
          61600,
          62496,
          62592,
          62240,
          62656,
          63744,
          61984,
          64768,
          62752,
          61376,
          61280,
          60800,
          62496,
          70176,
          64096,
          67552,
          63136,
          61120,
          62816,
          62336,
          62144,
          62912,
          63936,
          63264
        ],
        "applicable": true
      },
      {
        "kernel": "onpair_shmem_s8",
        "decode_ms": 0.0,
        "decode_gib_s": 0.0,
        "applicable": false,
        "reason": "dictionary entry longer than 8 bytes"
      },
      {
        "kernel": "onpair_shmem_s8_2tpt",
        "decode_ms": 0.0,
        "decode_gib_s": 0.0,
        "applicable": false,
        "reason": "dictionary entry longer than 8 bytes"
      },
      {
        "kernel": "onpair_shmem_s8_4tpt",
        "decode_ms": 0.0,
        "decode_gib_s": 0.0,
        "applicable": false,
        "reason": "dictionary entry longer than 8 bytes"
      },
      {
        "kernel": "onpair_shmem_s8_8tpt",
        "decode_ms": 0.0,
        "decode_gib_s": 0.0,
        "applicable": false,
        "reason": "dictionary entry longer than 8 bytes"
      },
      {
        "kernel": "onpair_shmem_s4l1",
        "decode_ms": 0.0,
        "decode_gib_s": 0.0,
        "applicable": false,
        "reason": "dictionary entry longer than 4 bytes"
      },
      {
        "kernel": "onpair_shmem_s4l1_2tpt",
        "decode_ms": 0.0,
        "decode_gib_s": 0.0,
        "applicable": false,
        "reason": "dictionary entry longer than 4 bytes"
      },
      {
        "kernel": "onpair_shmem_s4l1_4tpt",
        "decode_ms": 0.0,
        "decode_gib_s": 0.0,
        "applicable": false,
        "reason": "dictionary entry longer than 4 bytes"
      },
      {
        "kernel": "onpair_shmem_s4l1_8tpt",
        "decode_ms": 0.0,
        "decode_gib_s": 0.0,
        "applicable": false,
        "reason": "dictionary entry longer than 4 bytes"
      },
      {
        "kernel": "onpair_shmem_s4l1_16tpt",
        "decode_ms": 0.0,
        "decode_gib_s": 0.0,
        "applicable": false,
        "reason": "dictionary entry longer than 4 bytes"
      },
      {
        "kernel": "onpair_shmem_s4l1_32tpt",
        "decode_ms": 0.0,
        "decode_gib_s": 0.0,
        "applicable": false,
        "reason": "dictionary entry longer than 4 bytes"
      },
      {
        "kernel": "onpair_shmem_const1",
        "decode_ms": 0.0,
        "decode_gib_s": 0.0,
        "applicable": false,
        "reason": "not every dictionary entry is exactly 1 byte"
      },
      {
        "kernel": "onpair_shmem_const2",
        "decode_ms": 0.0,
        "decode_gib_s": 0.0,
        "applicable": false,
        "reason": "not every dictionary entry is exactly 2 bytes"
      }
    ]
  }
}
==PROF== Disconnected from process 31244
==PROF== Report: /home/ubuntu/work/shdict_ncu_clickbench_MobilePhoneModel_b12_onpair_shmem_4tpt.ncu-rep
