==PROF== Connected to process 30249 (/home/ubuntu/work/target/release/onpair-chunk-bench)
2026-08-12T23:27:21.379201Z  INFO vortex_cuda: vortex-cuda/src/lib.rs:111: Registering CUDA kernels
==WARNING== Unable to access the following 6 metrics: ctc__rx_bytes_data_user.sum, ctc__rx_bytes_data_user.sum.pct_of_peak_sustained_elapsed, ctc__rx_bytes_data_user.sum.per_second, ctc__tx_bytes_data_user.sum, ctc__tx_bytes_data_user.sum.pct_of_peak_sustained_elapsed, ctc__tx_bytes_data_user.sum.per_second.


==PROF== Profiling "onpair_shmem_4tpt_split8read": 0%....50%....100% - 40 passes
==PROF== Profiling "onpair_shmem_4tpt_split8read": 0%....50%....100% - 40 passes
==PROF== Profiling "onpair_shmem_4tpt_split8read": 0%....50%....100% - 40 passes
==PROF== Profiling "onpair_shmem_4tpt_split8read": 0%....50%....100% - 40 passes
==PROF== Profiling "onpair_shmem_4tpt_split8read": 0%....50%....100% - 40 passes
==PROF== Profiling "onpair_shmem_4tpt_split8read": 0%....50%....100% - 40 passes
==PROF== Profiling "onpair_shmem_4tpt_split8read": 0%....50%....100% - 40 passes
==PROF== Profiling "onpair_shmem_4tpt_split8read": 0%....50%....100% - 40 passes
==PROF== Profiling "onpair_shmem_4tpt_split8read": 0%....50%....100% - 40 passes
==PROF== Profiling "onpair_shmem_4tpt_split8read": 0%....50%....100% - 40 passes
==PROF== Profiling "onpair_shmem_4tpt_split8read": 0%....50%....100% - 40 passes
==PROF== Profiling "onpair_shmem_4tpt_split8read": 0%....50%....100% - 40 passes
==PROF== Profiling "onpair_shmem_4tpt_split8read": 0%....50%....100% - 40 passes
==PROF== Profiling "onpair_shmem_4tpt_split8read": 0%....50%....100% - 40 passes
==PROF== Profiling "onpair_shmem_4tpt_split8read": 0%....50%....100% - 40 passes
==PROF== Profiling "onpair_shmem_4tpt_split8read": 0%....50%....100% - 40 passes
{
  "files": [
    "/home/ubuntu/work/vortex-bench/data/onpair-bench/clickbench/MobilePhoneModel/bits12_chunk1000mb_thr0.20/part_0000.vortex"
  ],
  "column": "MobilePhoneModel",
  "rows": 99997497,
  "in_memory_bytes": 32271400,
  "dict_bytes": 2129,
  "gpu": {
    "iterations": 30,
    "decoded_bytes": 23280516,
    "chunks": 1,
    "auto_kernel": "onpair_shmem_4tpt_split8read_b128o12",
    "frac_le8": 0.99056983,
    "dict_mean_len": 4.1830564,
    "dict_max_len": 16,
    "dict_entries_max": 665,
    "small_dict": true,
    "distinct_codes": 209,
    "access_top4096_frac": 1.0,
    "compressed_bytes": 11133674,
    "h2d_gib_s": 9.984379438368673,
    "whole_decompress_gib_s": 19.903447713930998,
    "best_kernel": "onpair_shmem_4tpt_split8read_b128o12",
    "auto_decode_ms": 0.050816,
    "best_decode_ms": 0.050816,
    "validated": false,
    "auto_decode_gib_s": 426.67014521994724,
    "best_decode_gib_s": 426.67014521994724,
    "kernels": [
      {
        "kernel": "onpair_shmem",
        "decode_ms": 0.066304,
        "decode_gib_s": 327.00395299675495,
        "decode_ns_iters": [
          75936,
          77248,
          73888,
          71072,
          74784,
          72800,
          72800,
          72704,
          72992,
          70752,
          74464,
          73952,
          71552,
          72640,
          71680,
          72416,
          72992,
          72480,
          77216,
          71456,
          68128,
          66304,
          67360,
          68704,
          68192,
          72960,
          73856,
          73856,
          74048,
          73952
        ],
        "applicable": true
      },
      {
        "kernel": "onpair_shmem_2tpt",
        "decode_ms": 0.058176,
        "decode_gib_s": 372.69097393249524,
        "decode_ns_iters": [
          64736,
          65248,
          67104,
          63840,
          67584,
          65088,
          63616,
          64032,
          63392,
          69504,
          63968,
          65792,
          63616,
          66496,
          64320,
          63456,
          59488,
          84096,
          60576,
          59264,
          79104,
          63808,
          60672,
          59328,
          58848,
          58176,
          65120,
          70144,
          59360,
          64480
        ],
        "applicable": true
      },
      {
        "kernel": "onpair_shmem_4tpt",
        "decode_ms": 0.058048,
        "decode_gib_s": 373.5127842388513,
        "decode_ns_iters": [
          66400,
          66304,
          68992,
          59616,
          60480,
          59200,
          60704,
          58048,
          64864,
          68416,
          65888,
          64416,
          65408,
          64064,
          58688,
          63520,
          64672,
          67168,
          64960,
          61856,
          72384,
          58688,
          59264,
          64832,
          60640,
          64608,
          63296,
          66304,
          59552,
          60320
        ],
        "applicable": true
      },
      {
        "kernel": "onpair_shmem_4tpt_wpb8",
        "decode_ms": 0.055648,
        "decode_gib_s": 389.6217312301761,
        "decode_ns_iters": [
          64384,
          62272,
          61920,
          60256,
          64000,
          63776,
          64736,
          60416,
          61792,
          61088,
          64288,
          61920,
          63424,
          61280,
          63264,
          63840,
          62400,
          61568,
          61120,
          60896,
          70304,
          63680,
          62240,
          58848,
          56640,
          58656,
          55648,
          58176,
          55872,
          58048
        ],
        "applicable": true
      },
      {
        "kernel": "onpair_shmem_4tpt_wpb8_occ",
        "decode_ms": 0.055776,
        "decode_gib_s": 388.72759071100194,
        "decode_ns_iters": [
          58624,
          57120,
          59840,
          55776,
          57888,
          57728,
          58176,
          56832,
          58752,
          67264,
          58528,
          58208,
          59712,
          59520,
          57440,
          57952,
          58304,
          58720,
          57600,
          63232,
          62144,
          60352,
          60608,
          58528,
          61504,
          61472,
          57184,
          57152,
          56480,
          60192
        ],
        "applicable": true
      },
      {
        "kernel": "onpair_shmem_4tpt_b128",
        "decode_ms": 0.055328,
        "decode_gib_s": 391.87518253862135,
        "decode_ns_iters": [
          66560,
          63232,
          61824,
          73696,
          62304,
          64640,
          63968,
          61440,
          62304,
          61056,
          62112,
          60896,
          62848,
          63872,
          64544,
          61088,
          55904,
          56224,
          62112,
          55328,
          63232,
          58752,
          57248,
          72160,
          55328,
          56736,
          56160,
          58016,
          60768,
          61856
        ],
        "applicable": true
      },
      {
        "kernel": "onpair_shmem_4tpt_o6",
        "decode_ms": 0.06032,
        "decode_gib_s": 359.4441329492182,
        "decode_ns_iters": [
          62624,
          63776,
          61440,
          73664,
          62240,
          61952,
          62720,
          61280,
          61760,
          61664,
          63072,
          61344,
          62112,
          62752,
          62464,
          62048,
          60960,
          62272,
          69920,
          60704,
          69344,
          61472,
          62272,
          62624,
          60448,
          61440,
          62368,
          65120,
          60320,
          71328
        ],
        "applicable": true
      },
      {
        "kernel": "onpair_shmem_4tpt_b512o3",
        "decode_ms": 0.057504,
        "decode_gib_s": 377.04629416209036,
        "decode_ns_iters": [
          64480,
          61440,
          62720,
          62240,
          59552,
          70464,
          58944,
          61024,
          63008,
          63072,
          64064,
          62048,
          62720,
          63552,
          64384,
          61472,
          71200,
          63584,
          63648,
          60960,
          61984,
          57792,
          59072,
          59296,
          57504,
          58464,
          62720,
          62752,
          62528,
          58080
        ],
        "applicable": true
      },
      {
        "kernel": "onpair_shmem_4tpt_b128o12",
        "decode_ms": 0.057184,
        "decode_gib_s": 379.1562342525329,
        "decode_ns_iters": [
          61472,
          61728,
          60032,
          61408,
          64768,
          60928,
          74176,
          57184,
          62720,
          61600,
          64640,
          61472,
          61536,
          64416,
          60288,
          63168,
          61376,
          57696,
          59904,
          61856,
          60512,
          59936,
          62560,
          62208,
          64160,
          61248,
          62016,
          61184,
          60064,
          61536
        ],
        "applicable": true
      },
      {
        "kernel": "onpair_shmem_4tpt_b64",
        "decode_ms": 0.0568,
        "decode_gib_s": 381.71954400522606,
        "decode_ns_iters": [
          62112,
          65504,
          62880,
          64480,
          61408,
          62560,
          62912,
          60672,
          57344,
          66624,
          63200,
          63232,
          64640,
          62368,
          62016,
          63168,
          62304,
          62368,
          63296,
          61376,
          69920,
          62848,
          63648,
          58752,
          63680,
          56800,
          57568,
          63776,
          62240,
          65120
        ],
        "applicable": true
      },
      {
        "kernel": "onpair_shmem_4tpt_b64o24",
        "decode_ms": 0.056448,
        "decode_gib_s": 384.0998812977757,
        "decode_ns_iters": [
          73120,
          58272,
          56896,
          57696,
          58976,
          56480,
          58816,
          62784,
          63872,
          57920,
          59360,
          58560,
          64480,
          59072,
          57440,
          57952,
          61504,
          60960,
          56544,
          70304,
          61856,
          56576,
          64704,
          61472,
          56480,
          56448,
          61696,
          63872,
          68160,
          61568
        ],
        "applicable": true
      },
      {
        "kernel": "onpair_shmem_4tpt_split8read_b128o12",
        "decode_ms": 0.050816,
        "decode_gib_s": 426.67014521994724,
        "decode_ns_iters": [
          54912,
          52768,
          55264,
          52256,
          61888,
          57024,
          63328,
          55776,
          53920,
          52800,
          52736,
          54912,
          52704,
          54528,
          52224,
          52704,
          53728,
          52032,
          57184,
          51872,
          53344,
          56544,
          64320,
          57440,
          50816,
          51872,
          50816,
          50816,
          52544,
          54272
        ],
        "applicable": true
      },
      {
        "kernel": "onpair_shmem_4tpt_split8read_occ",
        "decode_ms": 0.05152,
        "decode_gib_s": 420.8398699436499,
        "decode_ns_iters": [
          70912,
          53248,
          51840,
          51648,
          54656,
          51520,
          57088,
          70112,
          59456,
          63232,
          58176,
          53888,
          52928,
          54080,
          54016,
          58304,
          55232,
          54016,
          54080,
          54368,
          54080,
          53536,
          53760,
          53440,
          54688,
          52864,
          56000,
          52928,
          54176,
          53536
        ],
        "applicable": true
      },
      {
        "kernel": "onpair_shmem_4tpt_split8",
        "decode_ms": 0.058848,
        "decode_gib_s": 368.43512268041127,
        "decode_ns_iters": [
          60096,
          60416,
          61088,
          60352,
          71360,
          61984,
          59456,
          59040,
          59552,
          63392,
          62080,
          62944,
          61440,
          62496,
          60576,
          61344,
          59584,
          58848,
          59264,
          72032,
          63008,
          66720,
          60864,
          60768,
          61600,
          61920,
          59072,
          61600,
          61888,
          60512
        ],
        "applicable": true
      },
      {
        "kernel": "onpair_shmem_4tpt_split8_wpb8",
        "decode_ms": 0.053312,
        "decode_gib_s": 406.6939919623507,
        "decode_ns_iters": [
          55232,
          54496,
          61760,
          56000,
          55840,
          56352,
          56128,
          55776,
          53760,
          55168,
          54656,
          55360,
          63744,
          58560,
          58912,
          56320,
          54464,
          55008,
          54208,
          55296,
          56256,
          55328,
          56256,
          53312,
          60832,
          54016,
          54400,
          55040,
          54624,
          55072
        ],
        "applicable": true
      },
      {
        "kernel": "onpair_shmem_4tpt_split8_wpb8_occ",
        "decode_ms": 0.05312,
        "decode_gib_s": 408.16397024655197,
        "decode_ns_iters": [
          61376,
          58304,
          62560,
          58784,
          60032,
          58368,
          58016,
          58752,
          68800,
          64672,
          67840,
          59040,
          59680,
          58976,
          58976,
          57984,
          59072,
          59360,
          59168,
          59904,
          59072,
          57472,
          58912,
          58464,
          53120,
          54528,
          58176,
          59936,
          61152,
          62240
        ],
        "applicable": true
      },
      {
        "kernel": "onpair_shmem_4tpt_pdict",
        "decode_ms": 0.061568,
        "decode_gib_s": 352.1581032272746,
        "decode_ns_iters": [
          74144,
          69280,
          68224,
          62176,
          64032,
          63584,
          62784,
          62496,
          64768,
          62912,
          61760,
          61568,
          62496,
          68448,
          66240,
          61984,
          68064,
          62624,
          64800,
          62784,
          63424,
          62944,
          62624,
          63392,
          63712,
          68864,
          69536,
          63648,
          62016,
          69632
        ],
        "applicable": true
      },
      {
        "kernel": "onpair_shmem_4tpt_vdict",
        "decode_ms": 0.064288,
        "decode_gib_s": 337.2584323590226,
        "decode_ns_iters": [
          65344,
          65728,
          66560,
          65920,
          67872,
          66720,
          65312,
          64480,
          71648,
          69728,
          73216,
          64288,
          66048,
          66848,
          66560,
          66240,
          65440,
          73120,
          66848,
          66880,
          67456,
          70048,
          71424,
          70176,
          70976,
          70656,
          70976,
          72096,
          65728,
          70976
        ],
        "applicable": true
      },
      {
        "kernel": "onpair_shmem_4tpt_split8read",
        "decode_ms": 0.059584,
        "decode_gib_s": 363.884098071577,
        "decode_ns_iters": [
          2555508137,
          2545654297,
          2546023607,
          2558486462,
          2548804998,
          2550595522,
          2547145844,
          2567085505,
          2545258522,
          2542117596,
          2558769941,
          2543548107,
          2539062977,
          2555051088,
          130624,
          67456,
          141216,
          59584,
          62816,
          60896,
          60256,
          60800,
          63264,
          60736,
          62528,
          60896,
          60640,
          60160,
          61088,
          61280
        ],
        "applicable": true
      },
      {
        "kernel": "onpair_shmem_4tpt_ldcs",
        "decode_ms": 0.064384,
        "decode_gib_s": 336.7555619330399,
        "decode_ns_iters": [
          65792,
          66464,
          66112,
          64800,
          66976,
          64640,
          65120,
          65536,
          67808,
          67040,
          67264,
          66720,
          66752,
          66848,
          65088,
          64384,
          72064,
          66304,
          66240,
          66720,
          66784,
          65088,
          66880,
          64608,
          66560,
          69088,
          65952,
          72896,
          66432,
          66208
        ],
        "applicable": true
      },
      {
        "kernel": "onpair_shmem_4tpt_lenbucket",
        "decode_ms": 0.0,
        "decode_gib_s": 0.0,
        "applicable": false,
        "reason": "length-bucket dict not built (set ONPAIR_DICT_REORDER=lenbucket)"
      },
      {
        "kernel": "onpair_shmem_4tpt_lenbucket_b128",
        "decode_ms": 0.0,
        "decode_gib_s": 0.0,
        "applicable": false,
        "reason": "length-bucket dict not built (set ONPAIR_DICT_REORDER=lenbucket)"
      },
      {
        "kernel": "onpair_shmem_4tpt_regcache",
        "decode_ms": 0.06688,
        "decode_gib_s": 324.18765100922315,
        "decode_ns_iters": [
          83936,
          69472,
          79648,
          67872,
          74112,
          68096,
          68736,
          66880,
          69312,
          69248,
          67040,
          69184,
          68288,
          69056,
          68224,
          68512,
          66880,
          75488,
          67424,
          73472,
          68608,
          68960,
          67488,
          69024,
          69216,
          67776,
          70272,
          69472,
          69824,
          67456
        ],
        "applicable": true
      },
      {
        "kernel": "onpair_shmem_4tpt_split4read",
        "decode_ms": 0.059584,
        "decode_gib_s": 363.884098071577,
        "decode_ns_iters": [
          61248,
          61920,
          60352,
          59616,
          61568,
          81376,
          64032,
          74944,
          61184,
          59584,
          61792,
          62560,
          62464,
          73536,
          62208,
          69344,
          61152,
          61984,
          62048,
          60640,
          62528,
          61664,
          63168,
          61088,
          63328,
          60416,
          62624,
          62688,
          60256,
          62720
        ],
        "applicable": true
      },
      {
        "kernel": "onpair_shmem_4tpt_split4read_b128o12",
        "decode_ms": 0.056544,
        "decode_gib_s": 383.44775925822086,
        "decode_ns_iters": [
          60800,
          73024,
          57856,
          58176,
          58752,
          59456,
          59456,
          66848,
          59488,
          63008,
          58144,
          58080,
          56960,
          58112,
          56576,
          58368,
          59200,
          60352,
          61280,
          57760,
          57664,
          58592,
          59008,
          57632,
          60992,
          58016,
          60416,
          58176,
          56544,
          58656
        ],
        "applicable": true
      },
      {
        "kernel": "onpair_shmem_4tpt_cluster_dsmem",
        "decode_ms": 0.1216,
        "decode_gib_s": 178.3032080550727,
        "decode_ns_iters": [
          163168,
          159616,
          128384,
          157152,
          163456,
          129504,
          121600,
          157088,
          158880,
          158368,
          153728,
          177248,
          162304,
          128832,
          159872,
          128704,
          163296,
          177536,
          162304,
          159712,
          160512,
          161920,
          158912,
          173152,
          128864,
          156864,
          162048,
          130784,
          123872,
          163040
        ],
        "applicable": true
      },
      {
        "kernel": "onpair_shmem_8tpt",
        "decode_ms": 0.061536,
        "decode_gib_s": 352.3412327661343,
        "decode_ns_iters": [
          63264,
          70112,
          64992,
          69632,
          66304,
          63392,
          63296,
          64384,
          64608,
          64256,
          77568,
          65696,
          62688,
          65472,
          62688,
          62752,
          62048,
          64672,
          62912,
          63584,
          64608,
          70944,
          64064,
          61632,
          64480,
          61536,
          63648,
          64096,
          64704,
          63424
        ],
        "applicable": true
      },
      {
        "kernel": "onpair_shmem_8tpt_b128",
        "decode_ms": 0.0568,
        "decode_gib_s": 381.71954400522606,
        "decode_ns_iters": [
          62336,
          63680,
          62304,
          62656,
          65184,
          63232,
          65152,
          63840,
          64032,
          63712,
          60032,
          64032,
          64192,
          65504,
          56800,
          61632,
          63840,
          63840,
          64640,
          63360,
          64544,
          57856,
          62848,
          62016,
          63520,
          64256,
          63328,
          65952,
          62112,
          64928
        ],
        "applicable": true
      },
      {
        "kernel": "onpair_shmem_4tpt_vwidth",
        "decode_ms": 0.089504,
        "decode_gib_s": 242.24247072194362,
        "decode_ns_iters": [
          127360,
          137504,
          121888,
          134112,
          97056,
          97280,
          129952,
          91104,
          122720,
          136640,
          128672,
          129984,
          126528,
          95104,
          129696,
          128672,
          129728,
          96576,
          129184,
          129408,
          130272,
          145728,
          131456,
          128576,
          128992,
          130592,
          129888,
          97856,
          89728,
          89504
        ],
        "applicable": true
      },
      {
        "kernel": "onpair_shmem_4tpt_vwidth_b128",
        "decode_ms": 0.112288,
        "decode_gib_s": 193.08982348511722,
        "decode_ns_iters": [
          153984,
          154720,
          171456,
          155168,
          155584,
          154560,
          151936,
          165536,
          124096,
          113184,
          112608,
          112288,
          153856,
          149600,
          150528,
          149280,
          149632,
          155712,
          153920,
          152544,
          169152,
          122592,
          167488,
          154592,
          171424,
          155296,
          147072,
          156256,
          155744,
          155008
        ],
        "applicable": true
      },
      {
        "kernel": "onpair_shmem_4tpt_vwidth4",
        "decode_ms": 0.0632,
        "decode_gib_s": 343.0644003084943,
        "decode_ns_iters": [
          70016,
          69184,
          69024,
          68032,
          68576,
          68192,
          78304,
          68160,
          77536,
          69312,
          69440,
          69888,
          63200,
          70880,
          70368,
          67968,
          69472,
          68288,
          67168,
          67744,
          69952,
          68672,
          79744,
          67424,
          74912,
          69248,
          69408,
          70336,
          67712,
          68352
        ],
        "applicable": true
      },
      {
        "kernel": "onpair_shmem_4tpt_vwidth4_b128",
        "decode_ms": 0.05792,
        "decode_gib_s": 374.33822685595374,
        "decode_ns_iters": [
          64768,
          63904,
          63936,
          57920,
          59936,
          61536,
          62144,
          61504,
          60480,
          62464,
          61568,
          62144,
          62080,
          62976,
          61952,
          61920,
          61344,
          71168,
          62848,
          61152,
          62784,
          62656,
          61856,
          60416,
          62432,
          61184,
          64288,
          61344,
          69120,
          62400
        ],
        "applicable": true
      },
      {
        "kernel": "onpair_shmem_4tpt_shdict8",
        "decode_ms": 0.07344,
        "decode_gib_s": 295.2297126837805,
        "decode_ns_iters": [
          82176,
          116800,
          116288,
          76640,
          100448,
          91872,
          113920,
          117120,
          80928,
          116192,
          84800,
          135840,
          83296,
          124320,
          76160,
          113728,
          113312,
          90656,
          80064,
          80992,
          73440,
          93312,
          114560,
          104384,
          74400,
          123040,
          80416,
          113568,
          112000,
          74560
        ],
        "applicable": true
      },
      {
        "kernel": "onpair_shmem_4tpt_ablate",
        "decode_ms": 0.059552,
        "decode_gib_s": 364.0796295589878,
        "decode_ns_iters": [
          62496,
          66560,
          66720,
          62784,
          74656,
          62336,
          63520,
          61664,
          61376,
          63680,
          66688,
          64288,
          62656,
          65920,
          61248,
          62400,
          64032,
          61952,
          59552,
          70048,
          63936,
          63584,
          65440,
          61728,
          62592,
          61376,
          62016,
          62848,
          62816,
          62880
        ],
        "applicable": true
      },
      {
        "kernel": "onpair_shmem_4tpt_ablate_nogather",
        "decode_ms": 0.057568,
        "decode_gib_s": 376.62712096124307,
        "decode_ns_iters": [
          59776,
          60416,
          76256,
          60064,
          74272,
          59328,
          60320,
          59392,
          61568,
          60672,
          60256,
          62144,
          65504,
          63008,
          60960,
          59360,
          58624,
          60192,
          59200,
          59264,
          61376,
          58816,
          62240,
          60160,
          57568,
          58208,
          60256,
          60352,
          65088,
          59200
        ],
        "applicable": true
      },
      {
        "kernel": "onpair_shmem_4tpt_ablate_noemit",
        "decode_ms": 0.04992,
        "decode_gib_s": 434.3283273136387,
        "decode_ns_iters": [
          50976,
          71968,
          50240,
          50048,
          54496,
          49952,
          53344,
          50560,
          53216,
          52192,
          54816,
          54528,
          53920,
          62880,
          55104,
          50912,
          66272,
          55040,
          61472,
          51648,
          54176,
          50016,
          53312,
          52704,
          54496,
          54464,
          54400,
          54304,
          49920,
          53920
        ],
        "applicable": true
      },
      {
        "kernel": "onpair_shmem_4tpt_ablate_nodrain",
        "decode_ms": 0.059136,
        "decode_gib_s": 366.64079578424037,
        "decode_ns_iters": [
          61152,
          60352,
          66848,
          62080,
          60832,
          74464,
          61408,
          62752,
          60544,
          59424,
          61088,
          60960,
          59616,
          60672,
          59904,
          60416,
          63488,
          60512,
          62560,
          60032,
          59136,
          60000,
          61472,
          61312,
          60416,
          63456,
          60288,
          60544,
          59744,
          59264
        ],
        "applicable": true
      },
      {
        "kernel": "onpair_shmem_4tpt_ablate_noscan",
        "decode_ms": 0.047648,
        "decode_gib_s": 455.0384087369216,
        "decode_ns_iters": [
          53984,
          49376,
          69472,
          52896,
          51424,
          47648,
          50304,
          52672,
          52672,
          54400,
          51136,
          64544,
          51936,
          59392,
          53344,
          53504,
          53024,
          64224,
          54464,
          52736,
          56416,
          51680,
          55552,
          53344,
          52192,
          52800,
          64832,
          59584,
          61824,
          55360
        ],
        "applicable": true
      },
      {
        "kernel": "onpair_shmem_4tpt_ablate_cfree",
        "decode_ms": 0.059168,
        "decode_gib_s": 366.4425043857633,
        "decode_ns_iters": [
          59168,
          78624,
          62496,
          77440,
          62944,
          59584,
          63360,
          60800,
          62784,
          69696,
          63744,
          60448,
          61664,
          61088,
          61536,
          60992,
          60512,
          59808,
          70272,
          60512,
          68384,
          61952,
          62848,
          59936,
          60288,
          60192,
          60736,
          65216,
          61856,
          63968
        ],
        "applicable": true
      },
      {
        "kernel": "onpair_shmem_s8",
        "decode_ms": 0.0,
        "decode_gib_s": 0.0,
        "applicable": false,
        "reason": "dictionary entry longer than 8 bytes"
      },
      {
        "kernel": "onpair_shmem_s8_2tpt",
        "decode_ms": 0.0,
        "decode_gib_s": 0.0,
        "applicable": false,
        "reason": "dictionary entry longer than 8 bytes"
      },
      {
        "kernel": "onpair_shmem_s8_4tpt",
        "decode_ms": 0.0,
        "decode_gib_s": 0.0,
        "applicable": false,
        "reason": "dictionary entry longer than 8 bytes"
      },
      {
        "kernel": "onpair_shmem_s8_8tpt",
        "decode_ms": 0.0,
        "decode_gib_s": 0.0,
        "applicable": false,
        "reason": "dictionary entry longer than 8 bytes"
      },
      {
        "kernel": "onpair_shmem_s4l1",
        "decode_ms": 0.0,
        "decode_gib_s": 0.0,
        "applicable": false,
        "reason": "dictionary entry longer than 4 bytes"
      },
      {
        "kernel": "onpair_shmem_s4l1_2tpt",
        "decode_ms": 0.0,
        "decode_gib_s": 0.0,
        "applicable": false,
        "reason": "dictionary entry longer than 4 bytes"
      },
      {
        "kernel": "onpair_shmem_s4l1_4tpt",
        "decode_ms": 0.0,
        "decode_gib_s": 0.0,
        "applicable": false,
        "reason": "dictionary entry longer than 4 bytes"
      },
      {
        "kernel": "onpair_shmem_s4l1_8tpt",
        "decode_ms": 0.0,
        "decode_gib_s": 0.0,
        "applicable": false,
        "reason": "dictionary entry longer than 4 bytes"
      },
      {
        "kernel": "onpair_shmem_s4l1_16tpt",
        "decode_ms": 0.0,
        "decode_gib_s": 0.0,
        "applicable": false,
        "reason": "dictionary entry longer than 4 bytes"
      },
      {
        "kernel": "onpair_shmem_s4l1_32tpt",
        "decode_ms": 0.0,
        "decode_gib_s": 0.0,
        "applicable": false,
        "reason": "dictionary entry longer than 4 bytes"
      },
      {
        "kernel": "onpair_shmem_const1",
        "decode_ms": 0.0,
        "decode_gib_s": 0.0,
        "applicable": false,
        "reason": "not every dictionary entry is exactly 1 byte"
      },
      {
        "kernel": "onpair_shmem_const2",
        "decode_ms": 0.0,
        "decode_gib_s": 0.0,
        "applicable": false,
        "reason": "not every dictionary entry is exactly 2 bytes"
      }
    ]
  }
}
==PROF== Disconnected from process 30249
==PROF== Report: /home/ubuntu/work/shdict_ncu_clickbench_MobilePhoneModel_b12_split8read.ncu-rep
