==PROF== Connected to process 32885 (/home/ubuntu/work/target/release/onpair-chunk-bench)
2026-08-12T23:29:39.366125Z  INFO vortex_cuda: vortex-cuda/src/lib.rs:111: Registering CUDA kernels
==WARNING== Unable to access the following 6 metrics: ctc__rx_bytes_data_user.sum, ctc__rx_bytes_data_user.sum.pct_of_peak_sustained_elapsed, ctc__rx_bytes_data_user.sum.per_second, ctc__tx_bytes_data_user.sum, ctc__tx_bytes_data_user.sum.pct_of_peak_sustained_elapsed, ctc__tx_bytes_data_user.sum.per_second.


==PROF== Profiling "onpair_shmem_4tpt_split8read": 0%....50%....100% - 40 passes
==PROF== Profiling "onpair_shmem_4tpt_split8read": 0%....50%....100% - 40 passes
==PROF== Profiling "onpair_shmem_4tpt_split8read": 0%....50%....100% - 40 passes
==PROF== Profiling "onpair_shmem_4tpt_split8read": 0%....50%....100% - 40 passes
==PROF== Profiling "onpair_shmem_4tpt_split8read": 0%....50%....100% - 40 passes
==PROF== Profiling "onpair_shmem_4tpt_split8read": 0%....50%....100% - 40 passes
==PROF== Profiling "onpair_shmem_4tpt_split8read": 0%....50%....100% - 40 passes
==PROF== Profiling "onpair_shmem_4tpt_split8read": 0%....50%....100% - 40 passes
==PROF== Profiling "onpair_shmem_4tpt_split8read": 0%....50%....100% - 40 passes
==PROF== Profiling "onpair_shmem_4tpt_split8read": 0%....50%....100% - 40 passes
==PROF== Profiling "onpair_shmem_4tpt_split8read": 0%....50%....100% - 40 passes
==PROF== Profiling "onpair_shmem_4tpt_split8read": 0%....50%....100% - 40 passes
==PROF== Profiling "onpair_shmem_4tpt_split8read": 0%....50%....100% - 40 passes
==PROF== Profiling "onpair_shmem_4tpt_split8read": 0%....50%....100% - 40 passes
==PROF== Profiling "onpair_shmem_4tpt_split8read": 0%....50%....100% - 40 passes
==PROF== Profiling "onpair_shmem_4tpt_split8read": 0%....50%....100% - 40 passes
{
  "files": [
    "/home/ubuntu/work/vortex-bench/data/onpair-bench/clickbench/Referer/bits12_chunk1000mb_thr0.20/part_0000.vortex"
  ],
  "column": "Referer",
  "rows": 12527778,
  "in_memory_bytes": 405887015,
  "dict_bytes": 19368,
  "gpu": {
    "iterations": 30,
    "decoded_bytes": 999999983,
    "chunks": 1,
    "auto_kernel": "onpair_shmem_4tpt_split8read_b128o12",
    "frac_le8": 0.8749092,
    "dict_mean_len": 3.9706864,
    "dict_max_len": 16,
    "dict_entries_max": 4096,
    "small_dict": true,
    "distinct_codes": 4019,
    "access_top4096_frac": 1.0,
    "compressed_bytes": 503714724,
    "h2d_gib_s": 10.017743627868553,
    "whole_decompress_gib_s": 19.391471998052165,
    "best_kernel": "onpair_shmem_4tpt_split8read_b128o12",
    "auto_decode_ms": 1.198432,
    "best_decode_ms": 1.198432,
    "validated": false,
    "auto_decode_gib_s": 777.1175659386555,
    "best_decode_gib_s": 777.1175659386555,
    "kernels": [
      {
        "kernel": "onpair_shmem",
        "decode_ms": 1.910656,
        "decode_gib_s": 487.43602133664814,
        "decode_ns_iters": [
          1914496,
          1912224,
          1917760,
          1917120,
          1919680,
          1913152,
          1920704,
          1955488,
          1910656,
          1920512,
          1920800,
          1935520,
          1915744,
          1921472,
          1927648,
          1915840,
          1919136,
          1915424,
          1935168,
          1919392,
          1919744,
          1921376,
          1919616,
          1919776,
          1920288,
          1919680,
          1920160,
          1933792,
          1920192,
          1920320
        ],
        "applicable": true
      },
      {
        "kernel": "onpair_shmem_2tpt",
        "decode_ms": 1.371008,
        "decode_gib_s": 679.2976837356126,
        "decode_ns_iters": [
          1380512,
          1379488,
          1371008,
          1380192,
          1380032,
          1374112,
          1381472,
          1372064,
          1375136,
          1373184,
          1372640,
          1380096,
          1372640,
          1380128,
          1373088,
          1373472,
          1371904,
          1373632,
          1372576,
          1375136,
          1374080,
          1379872,
          1380320,
          1376672,
          1373888,
          1372736,
          1373984,
          1373216,
          1375072,
          1373536
        ],
        "applicable": true
      },
      {
        "kernel": "onpair_shmem_4tpt",
        "decode_ms": 1.457856,
        "decode_gib_s": 638.8302814427452,
        "decode_ns_iters": [
          1460288,
          1462112,
          1460032,
          1459616,
          1461632,
          1458848,
          1460864,
          1468704,
          1460864,
          1472544,
          1480448,
          1468800,
          1467008,
          1460128,
          1468448,
          1459168,
          1481248,
          1468032,
          1461248,
          1467552,
          1468160,
          1457856,
          1461760,
          1460224,
          1461184,
          1461664,
          1461536,
          1461280,
          1460000,
          1475520
        ],
        "applicable": true
      },
      {
        "kernel": "onpair_shmem_4tpt_wpb8",
        "decode_ms": 1.396992,
        "decode_gib_s": 666.6627717145085,
        "decode_ns_iters": [
          1401024,
          1398112,
          1399488,
          1407936,
          1400640,
          1396992,
          1423328,
          1413216,
          1398048,
          1398336,
          1404896,
          1406048,
          1398720,
          1398432,
          1406272,
          1402528,
          1398752,
          1397344,
          1404448,
          1397184,
          1404544,
          1397888,
          1398624,
          1406816,
          1399328,
          1406336,
          1398560,
          1397728,
          1397696,
          1420320
        ],
        "applicable": true
      },
      {
        "kernel": "onpair_shmem_4tpt_wpb8_occ",
        "decode_ms": 1.33024,
        "decode_gib_s": 700.1161886449022,
        "decode_ns_iters": [
          1331392,
          1338080,
          1339328,
          1338496,
          1331328,
          1331936,
          1334208,
          1331744,
          1331616,
          1335648,
          1331712,
          1332896,
          1337280,
          1332512,
          1330240,
          1331104,
          1331648,
          1331904,
          1338592,
          1331520,
          1333600,
          1331264,
          1338080,
          1338368,
          1337504,
          1355104,
          1338656,
          1332736,
          1331488,
          1335520
        ],
        "applicable": true
      },
      {
        "kernel": "onpair_shmem_4tpt_b128",
        "decode_ms": 1.307008,
        "decode_gib_s": 712.5607179014931,
        "decode_ns_iters": [
          1308000,
          1309472,
          1328096,
          1314560,
          1316576,
          1329088,
          1315680,
          1313696,
          1315232,
          1314208,
          1316640,
          1312928,
          1308192,
          1309664,
          1307008,
          1307072,
          1309632,
          1313952,
          1308960,
          1309504,
          1319328,
          1310528,
          1328800,
          1321760,
          1323680,
          1309408,
          1332512,
          1317216,
          1318496,
          1332288
        ],
        "applicable": true
      },
      {
        "kernel": "onpair_shmem_4tpt_o6",
        "decode_ms": 1.299296,
        "decode_gib_s": 716.7901377230398,
        "decode_ns_iters": [
          1302080,
          1320960,
          1305152,
          1312928,
          1301024,
          1301888,
          1299648,
          1306240,
          1301120,
          1299296,
          1307744,
          1299648,
          1300576,
          1303328,
          1299776,
          1305792,
          1305568,
          1306496,
          1308928,
          1307968,
          1308576,
          1307328,
          1308448,
          1305856,
          1306400,
          1307552,
          1307712,
          1308896,
          1304128,
          1299904
        ],
        "applicable": true
      },
      {
        "kernel": "onpair_shmem_4tpt_b512o3",
        "decode_ms": 1.297984,
        "decode_gib_s": 717.514667964316,
        "decode_ns_iters": [
          1307104,
          1306240,
          1309280,
          1302176,
          1300096,
          1300352,
          1300768,
          1300032,
          1297984,
          1306080,
          1306720,
          1299584,
          1298496,
          1305440,
          1299360,
          1299520,
          1306048,
          1316160,
          1298592,
          1313248,
          1300448,
          1300352,
          1308928,
          1301536,
          1298976,
          1298912,
          1307232,
          1299264,
          1301632,
          1300832
        ],
        "applicable": true
      },
      {
        "kernel": "onpair_shmem_4tpt_b128o12",
        "decode_ms": 1.301984,
        "decode_gib_s": 715.3102947371049,
        "decode_ns_iters": [
          1311136,
          1303072,
          1310592,
          1309632,
          1309632,
          1312544,
          1309600,
          1302656,
          1303072,
          1302848,
          1303776,
          1309504,
          1307872,
          1302816,
          1307328,
          1310848,
          1302784,
          1302656,
          1302432,
          1302976,
          1306976,
          1302080,
          1302784,
          1324416,
          1325120,
          1301984,
          1303936,
          1303520,
          1309216,
          1303168
        ],
        "applicable": true
      },
      {
        "kernel": "onpair_shmem_4tpt_b64",
        "decode_ms": 1.310912,
        "decode_gib_s": 710.4386555184442,
        "decode_ns_iters": [
          1313216,
          1312064,
          1318432,
          1320832,
          1314144,
          1311232,
          1320032,
          1311872,
          1319456,
          1318400,
          1311904,
          1312768,
          1319520,
          1316288,
          1313376,
          1334016,
          1310912,
          1332000,
          1312064,
          1319744,
          1312384,
          1311456,
          1312896,
          1312704,
          1311456,
          1312832,
          1311968,
          1318048,
          1314048,
          1326464
        ],
        "applicable": true
      },
      {
        "kernel": "onpair_shmem_4tpt_b64o24",
        "decode_ms": 1.307296,
        "decode_gib_s": 712.4037393084617,
        "decode_ns_iters": [
          1320544,
          1308128,
          1324096,
          1308704,
          1317728,
          1311232,
          1307296,
          1307936,
          1309536,
          1308576,
          1331232,
          1320096,
          1312448,
          1314560,
          1324032,
          1316096,
          1307520,
          1309888,
          1316224,
          1310208,
          1309152,
          1323264,
          1332512,
          1310784,
          1309344,
          1309472,
          1308064,
          1316608,
          1308544,
          1329280
        ],
        "applicable": true
      },
      {
        "kernel": "onpair_shmem_4tpt_split8read_b128o12",
        "decode_ms": 1.198432,
        "decode_gib_s": 777.1175659386555,
        "decode_ns_iters": [
          1199616,
          1198624,
          1209024,
          1206272,
          1200992,
          1200448,
          1220704,
          1207456,
          1207616,
          1201568,
          1200096,
          1200736,
          1201120,
          1204288,
          1199456,
          1199264,
          1200512,
          1207392,
          1198944,
          1200096,
          1198432,
          1199264,
          1206240,
          1199936,
          1206464,
          1210336,
          1199840,
          1199200,
          1200288,
          1201952
        ],
        "applicable": true
      },
      {
        "kernel": "onpair_shmem_4tpt_split8read_occ",
        "decode_ms": 1.352448,
        "decode_gib_s": 688.6198647068093,
        "decode_ns_iters": [
          1362272,
          1365280,
          1361888,
          1354592,
          1362112,
          1362592,
          1354400,
          1363328,
          1357696,
          1368448,
          1354656,
          1362688,
          1361248,
          1352864,
          1357824,
          1354304,
          1360544,
          1354688,
          1352736,
          1354048,
          1355328,
          1352448,
          1354016,
          1358464,
          1363392,
          1359712,
          1362368,
          1360512,
          1355712,
          1362880
        ],
        "applicable": true
      },
      {
        "kernel": "onpair_shmem_4tpt_split8",
        "decode_ms": 1.548256,
        "decode_gib_s": 601.5300820943014,
        "decode_ns_iters": [
          1556512,
          1551616,
          1550752,
          1548352,
          1557600,
          1566528,
          1549216,
          1550048,
          1557856,
          1549440,
          1551104,
          1562080,
          1548864,
          1558240,
          1550336,
          1549856,
          1555104,
          1553376,
          1555616,
          1548256,
          1549376,
          1548768,
          1549760,
          1556960,
          1550912,
          1570912,
          1555648,
          1552288,
          1550528,
          1549248
        ],
        "applicable": true
      },
      {
        "kernel": "onpair_shmem_4tpt_split8_wpb8",
        "decode_ms": 1.54864,
        "decode_gib_s": 601.3809269959414,
        "decode_ns_iters": [
          1549920,
          1548640,
          1550368,
          1549120,
          1552096,
          1557600,
          1549600,
          1564032,
          1550816,
          1549760,
          1550112,
          1564288,
          1566688,
          1550208,
          1551072,
          1551776,
          1550816,
          1564320,
          1551040,
          1551200,
          1548992,
          1549056,
          1550304,
          1566944,
          1548768,
          1548800,
          1549376,
          1551200,
          1556224,
          1549440
        ],
        "applicable": true
      },
      {
        "kernel": "onpair_shmem_4tpt_split8_wpb8_occ",
        "decode_ms": 1.480576,
        "decode_gib_s": 629.0271885961914,
        "decode_ns_iters": [
          1481984,
          1480576,
          1482560,
          1501664,
          1483712,
          1487968,
          1481632,
          1487616,
          1481248,
          1503136,
          1502240,
          1488448,
          1488576,
          1481152,
          1499936,
          1487968,
          1488288,
          1501472,
          1487872,
          1480864,
          1494560,
          1487936,
          1484096,
          1481504,
          1481024,
          1482144,
          1488160,
          1488192,
          1481248,
          1481344
        ],
        "applicable": true
      },
      {
        "kernel": "onpair_shmem_4tpt_pdict",
        "decode_ms": 1.789056,
        "decode_gib_s": 520.5664656573045,
        "decode_ns_iters": [
          1791136,
          1798368,
          1798144,
          1791296,
          1818976,
          1801184,
          1789056,
          1818144,
          1811456,
          1793856,
          1793888,
          1798688,
          1792320,
          1791872,
          1796320,
          1816928,
          1798016,
          1815712,
          1790496,
          1790016,
          1811776,
          1806240,
          1817536,
          1797792,
          1792288,
          1791104,
          1792448,
          1804384,
          1798720,
          1792864
        ],
        "applicable": true
      },
      {
        "kernel": "onpair_shmem_4tpt_vdict",
        "decode_ms": 2.534144,
        "decode_gib_s": 367.50972272412093,
        "decode_ns_iters": [
          2551104,
          2559072,
          2535776,
          2537888,
          2537120,
          2537792,
          2563008,
          2536960,
          2538752,
          2536480,
          2535712,
          2546496,
          2552672,
          2554272,
          2534144,
          2539264,
          2542496,
          2536224,
          2537536,
          2561920,
          2536896,
          2550368,
          2545696,
          2536960,
          2537344,
          2551808,
          2542080,
          2541760,
          2535296,
          2539872
        ],
        "applicable": true
      },
      {
        "kernel": "onpair_shmem_4tpt_split8read",
        "decode_ms": 1.464256,
        "decode_gib_s": 636.0380690145677,
        "decode_ns_iters": [
          3389278650,
          3396334171,
          3383859158,
          3383347750,
          3385174751,
          3387513161,
          3388389587,
          3378834724,
          3389517307,
          3391538858,
          3386507988,
          3385618210,
          3397363186,
          3384780407,
          1480032,
          1469568,
          1473952,
          1472768,
          1472736,
          1473952,
          1489664,
          1464256,
          1470880,
          1468160,
          1472800,
          1472864,
          1469536,
          1477440,
          1469888,
          1464384
        ],
        "applicable": true
      },
      {
        "kernel": "onpair_shmem_4tpt_ldcs",
        "decode_ms": 1.456512,
        "decode_gib_s": 639.4197636428637,
        "decode_ns_iters": [
          1472128,
          1466464,
          1465504,
          1464736,
          1466176,
          1461440,
          1465248,
          1464960,
          1463808,
          1480960,
          1457472,
          1460576,
          1466944,
          1463712,
          1464576,
          1456512,
          1465088,
          1464736,
          1465152,
          1464736,
          1467360,
          1479904,
          1464384,
          1471328,
          1471328,
          1481696,
          1457280,
          1457344,
          1457024,
          1459648
        ],
        "applicable": true
      },
      {
        "kernel": "onpair_shmem_4tpt_lenbucket",
        "decode_ms": 0.0,
        "decode_gib_s": 0.0,
        "applicable": false,
        "reason": "length-bucket dict not built (set ONPAIR_DICT_REORDER=lenbucket)"
      },
      {
        "kernel": "onpair_shmem_4tpt_lenbucket_b128",
        "decode_ms": 0.0,
        "decode_gib_s": 0.0,
        "applicable": false,
        "reason": "length-bucket dict not built (set ONPAIR_DICT_REORDER=lenbucket)"
      },
      {
        "kernel": "onpair_shmem_4tpt_regcache",
        "decode_ms": 1.548928,
        "decode_gib_s": 601.2691092052017,
        "decode_ns_iters": [
          1552928,
          1551072,
          1555456,
          1556000,
          1569984,
          1565088,
          1556576,
          1557952,
          1557664,
          1550464,
          1573216,
          1570432,
          1557568,
          1557056,
          1552288,
          1549888,
          1557056,
          1550656,
          1558240,
          1556544,
          1558880,
          1548928,
          1557472,
          1556896,
          1554880,
          1557344,
          1559840,
          1559808,
          1557760,
          1551744
        ],
        "applicable": true
      },
      {
        "kernel": "onpair_shmem_4tpt_split4read",
        "decode_ms": 1.520736,
        "decode_gib_s": 612.4156716109795,
        "decode_ns_iters": [
          1522592,
          1526016,
          1520736,
          1541824,
          1528192,
          1525472,
          1527360,
          1521888,
          1525504,
          1541856,
          1527616,
          1526432,
          1526976,
          1525376,
          1530016,
          1526784,
          1522752,
          1533728,
          1529120,
          1521984,
          1521376,
          1526560,
          1528864,
          1528736,
          1525408,
          1541056,
          1526752,
          1527904,
          1527040,
          1525536
        ],
        "applicable": true
      },
      {
        "kernel": "onpair_shmem_4tpt_split4read_b128o12",
        "decode_ms": 1.31248,
        "decode_gib_s": 709.5899052046467,
        "decode_ns_iters": [
          1320352,
          1322176,
          1319104,
          1320448,
          1319552,
          1319808,
          1320672,
          1319616,
          1331488,
          1338656,
          1336960,
          1320512,
          1320704,
          1320672,
          1319808,
          1320832,
          1320608,
          1321920,
          1318560,
          1322112,
          1321376,
          1320352,
          1312480,
          1319648,
          1320480,
          1314272,
          1312928,
          1320384,
          1321440,
          1320160
        ],
        "applicable": true
      },
      {
        "kernel": "onpair_shmem_4tpt_cluster_dsmem",
        "decode_ms": 5.583616,
        "decode_gib_s": 166.79559604080845,
        "decode_ns_iters": [
          5602656,
          5597952,
          5603744,
          5598688,
          5608640,
          5604000,
          5600384,
          5602080,
          5622688,
          5604800,
          5614560,
          5616064,
          5610944,
          5591040,
          5615712,
          5613280,
          5605600,
          5591392,
          5617408,
          5598336,
          5613152,
          5608064,
          5612416,
          5611680,
          5615872,
          5619872,
          5609600,
          5583616,
          5621376,
          5619904
        ],
        "applicable": true
      },
      {
        "kernel": "onpair_shmem_8tpt",
        "decode_ms": 1.331424,
        "decode_gib_s": 699.4935939137306,
        "decode_ns_iters": [
          1333728,
          1335200,
          1336192,
          1342496,
          1331424,
          1335104,
          1350432,
          1338464,
          1350784,
          1334080,
          1332832,
          1352640,
          1349888,
          1337856,
          1337216,
          1337088,
          1334336,
          1334496,
          1346880,
          1347552,
          1334176,
          1334176,
          1335648,
          1334048,
          1333760,
          1334304,
          1335072,
          1334656,
          1334432,
          1335552
        ],
        "applicable": true
      },
      {
        "kernel": "onpair_shmem_8tpt_b128",
        "decode_ms": 1.329824,
        "decode_gib_s": 700.3352013371656,
        "decode_ns_iters": [
          1336096,
          1336896,
          1335328,
          1335328,
          1336864,
          1336416,
          1337760,
          1336928,
          1336768,
          1338432,
          1338112,
          1330528,
          1333280,
          1329824,
          1337632,
          1338144,
          1349504,
          1348352,
          1335712,
          1334624,
          1330688,
          1329824,
          1334144,
          1335936,
          1336192,
          1336704,
          1340960,
          1341600,
          1351392,
          1335040
        ],
        "applicable": true
      },
      {
        "kernel": "onpair_shmem_4tpt_vwidth",
        "decode_ms": 4.40176,
        "decode_gib_s": 211.57958607079775,
        "decode_ns_iters": [
          4402016,
          4406176,
          4404992,
          4403488,
          4409696,
          4410976,
          4409824,
          4409696,
          4425056,
          4411136,
          4409472,
          4401824,
          4410400,
          4409568,
          4409088,
          4402592,
          4411424,
          4409056,
          4421952,
          4402944,
          4420096,
          4410944,
          4410400,
          4408672,
          4411200,
          4401760,
          4403456,
          4409792,
          4402208,
          4402624
        ],
        "applicable": true
      },
      {
        "kernel": "onpair_shmem_4tpt_vwidth_b128",
        "decode_ms": 5.434528,
        "decode_gib_s": 171.37137922244483,
        "decode_ns_iters": [
          5457312,
          5456384,
          5450560,
          5456512,
          5457792,
          5459552,
          5474272,
          5463232,
          5460320,
          5459264,
          5472608,
          5457888,
          5460160,
          5462528,
          5460032,
          5434528,
          5464960,
          5478656,
          5463104,
          5460736,
          5459872,
          5461216,
          5463264,
          5460000,
          5458176,
          5458016,
          5466208,
          5463936,
          5465056,
          5462400
        ],
        "applicable": true
      },
      {
        "kernel": "onpair_shmem_4tpt_vwidth4",
        "decode_ms": 1.713952,
        "decode_gib_s": 543.3772700653196,
        "decode_ns_iters": [
          1722784,
          1739296,
          1721696,
          1715904,
          1724000,
          1727776,
          1728736,
          1727104,
          1722784,
          1716032,
          1722464,
          1723936,
          1737152,
          1723392,
          1723552,
          1728864,
          1714080,
          1724256,
          1722144,
          1724992,
          1724768,
          1739008,
          1715936,
          1713952,
          1734144,
          1721376,
          1722912,
          1726880,
          1716768,
          1740224
        ],
        "applicable": true
      },
      {
        "kernel": "onpair_shmem_4tpt_vwidth4_b128",
        "decode_ms": 1.27024,
        "decode_gib_s": 733.1862945451212,
        "decode_ns_iters": [
          1278560,
          1270240,
          1275936,
          1290208,
          1279200,
          1294240,
          1270880,
          1273536,
          1279392,
          1279072,
          1279712,
          1278848,
          1291680,
          1279392,
          1278944,
          1279264,
          1272064,
          1285472,
          1294656,
          1288768,
          1299072,
          1282272,
          1283808,
          1281120,
          1279360,
          1293760,
          1291520,
          1280064,
          1271968,
          1280096
        ],
        "applicable": true
      },
      {
        "kernel": "onpair_shmem_4tpt_shdict8",
        "decode_ms": 2.333824,
        "decode_gib_s": 399.0543240548536,
        "decode_ns_iters": [
          2346272,
          2348480,
          2364800,
          2353504,
          2346880,
          2364320,
          2364032,
          2356224,
          2348096,
          2345632,
          2343168,
          2345408,
          2343872,
          2356608,
          2357120,
          2347104,
          2343776,
          2344128,
          2342336,
          2333824,
          2337312,
          2350976,
          2348928,
          2343840,
          2342240,
          2343808,
          2348672,
          2347936,
          2344544,
          2335680
        ],
        "applicable": true
      },
      {
        "kernel": "onpair_shmem_4tpt_ablate",
        "decode_ms": 1.302496,
        "decode_gib_s": 715.0291123988056,
        "decode_ns_iters": [
          1305120,
          1311136,
          1302496,
          1309088,
          1312576,
          1306912,
          1311712,
          1304896,
          1309728,
          1312736,
          1304576,
          1312928,
          1310784,
          1324160,
          1306368,
          1312032,
          1327456,
          1314688,
          1312608,
          1314048,
          1312992,
          1315008,
          1312608,
          1312224,
          1309568,
          1311456,
          1310624,
          1311808,
          1309760,
          1312224
        ],
        "applicable": true
      },
      {
        "kernel": "onpair_shmem_4tpt_ablate_nogather",
        "decode_ms": 0.96848,
        "decode_gib_s": 961.6332384592297,
        "decode_ns_iters": [
          975584,
          970624,
          976608,
          992192,
          970880,
          969152,
          972288,
          969152,
          977632,
          976608,
          978176,
          977536,
          971040,
          969984,
          990816,
          976448,
          968480,
          976320,
          975872,
          975776,
          970208,
          968512,
          992160,
          975936,
          991840,
          992416,
          977664,
          976896,
          977472,
          976640
        ],
        "applicable": true
      },
      {
        "kernel": "onpair_shmem_4tpt_ablate_noemit",
        "decode_ms": 0.45776,
        "decode_gib_s": 2034.5214933218167,
        "decode_ns_iters": [
          497728,
          498624,
          499104,
          498880,
          498272,
          497216,
          497792,
          497568,
          466656,
          497600,
          498016,
          490560,
          489920,
          490464,
          489600,
          499840,
          497888,
          497312,
          490272,
          497088,
          497952,
          510912,
          497888,
          498336,
          498112,
          471680,
          459424,
          457760,
          495008,
          493312
        ],
        "applicable": true
      },
      {
        "kernel": "onpair_shmem_4tpt_ablate_nodrain",
        "decode_ms": 1.191584,
        "decode_gib_s": 781.5836389066947,
        "decode_ns_iters": [
          1198624,
          1209696,
          1199520,
          1200672,
          1198816,
          1194848,
          1216416,
          1200512,
          1191584,
          1194400,
          1191808,
          1192512,
          1212096,
          1197984,
          1192128,
          1194080,
          1201696,
          1213952,
          1208000,
          1191616,
          1199392,
          1199328,
          1213952,
          1198912,
          1198688,
          1194080,
          1200256,
          1198400,
          1194528,
          1199360
        ],
        "applicable": true
      },
      {
        "kernel": "onpair_shmem_4tpt_ablate_noscan",
        "decode_ms": 0.874208,
        "decode_gib_s": 1065.3329170895195,
        "decode_ns_iters": [
          881600,
          881184,
          882016,
          882560,
          883104,
          876096,
          884512,
          880032,
          874720,
          882496,
          880896,
          875776,
          877312,
          896192,
          882656,
          879808,
          874784,
          881248,
          882112,
          880960,
          874560,
          881696,
          877248,
          894560,
          881504,
          882400,
          874848,
          876672,
          874208,
          898176
        ],
        "applicable": true
      },
      {
        "kernel": "onpair_shmem_4tpt_ablate_cfree",
        "decode_ms": 1.250208,
        "decode_gib_s": 744.9340899938207,
        "decode_ns_iters": [
          1254176,
          1250208,
          1254592,
          1254784,
          1255200,
          1254784,
          1253920,
          1253376,
          1254720,
          1252960,
          1253408,
          1253888,
          1270272,
          1254944,
          1253568,
          1253056,
          1253984,
          1254304,
          1254624,
          1266208,
          1273664,
          1266720,
          1254080,
          1268896,
          1267488,
          1268544,
          1253536,
          1254272,
          1254304,
          1254944
        ],
        "applicable": true
      },
      {
        "kernel": "onpair_shmem_s8",
        "decode_ms": 0.0,
        "decode_gib_s": 0.0,
        "applicable": false,
        "reason": "dictionary entry longer than 8 bytes"
      },
      {
        "kernel": "onpair_shmem_s8_2tpt",
        "decode_ms": 0.0,
        "decode_gib_s": 0.0,
        "applicable": false,
        "reason": "dictionary entry longer than 8 bytes"
      },
      {
        "kernel": "onpair_shmem_s8_4tpt",
        "decode_ms": 0.0,
        "decode_gib_s": 0.0,
        "applicable": false,
        "reason": "dictionary entry longer than 8 bytes"
      },
      {
        "kernel": "onpair_shmem_s8_8tpt",
        "decode_ms": 0.0,
        "decode_gib_s": 0.0,
        "applicable": false,
        "reason": "dictionary entry longer than 8 bytes"
      },
      {
        "kernel": "onpair_shmem_s4l1",
        "decode_ms": 0.0,
        "decode_gib_s": 0.0,
        "applicable": false,
        "reason": "dictionary entry longer than 4 bytes"
      },
      {
        "kernel": "onpair_shmem_s4l1_2tpt",
        "decode_ms": 0.0,
        "decode_gib_s": 0.0,
        "applicable": false,
        "reason": "dictionary entry longer than 4 bytes"
      },
      {
        "kernel": "onpair_shmem_s4l1_4tpt",
        "decode_ms": 0.0,
        "decode_gib_s": 0.0,
        "applicable": false,
        "reason": "dictionary entry longer than 4 bytes"
      },
      {
        "kernel": "onpair_shmem_s4l1_8tpt",
        "decode_ms": 0.0,
        "decode_gib_s": 0.0,
        "applicable": false,
        "reason": "dictionary entry longer than 4 bytes"
      },
      {
        "kernel": "onpair_shmem_s4l1_16tpt",
        "decode_ms": 0.0,
        "decode_gib_s": 0.0,
        "applicable": false,
        "reason": "dictionary entry longer than 4 bytes"
      },
      {
        "kernel": "onpair_shmem_s4l1_32tpt",
        "decode_ms": 0.0,
        "decode_gib_s": 0.0,
        "applicable": false,
        "reason": "dictionary entry longer than 4 bytes"
      },
      {
        "kernel": "onpair_shmem_const1",
        "decode_ms": 0.0,
        "decode_gib_s": 0.0,
        "applicable": false,
        "reason": "not every dictionary entry is exactly 1 byte"
      },
      {
        "kernel": "onpair_shmem_const2",
        "decode_ms": 0.0,
        "decode_gib_s": 0.0,
        "applicable": false,
        "reason": "not every dictionary entry is exactly 2 bytes"
      }
    ]
  }
}
==PROF== Disconnected from process 32885
==PROF== Report: /home/ubuntu/work/shdict_ncu_clickbench_Referer_b12_split8read.ncu-rep
