==PROF== Connected to process 35435 (/home/ubuntu/work/target/release/onpair-chunk-bench)
2026-08-12T23:32:22.816844Z  INFO vortex_cuda: vortex-cuda/src/lib.rs:111: Registering CUDA kernels
==WARNING== Unable to access the following 6 metrics: ctc__rx_bytes_data_user.sum, ctc__rx_bytes_data_user.sum.pct_of_peak_sustained_elapsed, ctc__rx_bytes_data_user.sum.per_second, ctc__tx_bytes_data_user.sum, ctc__tx_bytes_data_user.sum.pct_of_peak_sustained_elapsed, ctc__tx_bytes_data_user.sum.per_second.


==PROF== Profiling "onpair_shmem_4tpt_split8read": 0%....50%....100% - 40 passes
==PROF== Profiling "onpair_shmem_4tpt_split8read": 0%....50%....100% - 40 passes
==PROF== Profiling "onpair_shmem_4tpt_split8read": 0%....50%....100% - 40 passes
==PROF== Profiling "onpair_shmem_4tpt_split8read": 0%....50%....100% - 40 passes
==PROF== Profiling "onpair_shmem_4tpt_split8read": 0%....50%....100% - 40 passes
==PROF== Profiling "onpair_shmem_4tpt_split8read": 0%....50%....100% - 40 passes
==PROF== Profiling "onpair_shmem_4tpt_split8read": 0%....50%....100% - 40 passes
==PROF== Profiling "onpair_shmem_4tpt_split8read": 0%....50%....100% - 40 passes
==PROF== Profiling "onpair_shmem_4tpt_split8read": 0%....50%....100% - 40 passes
==PROF== Profiling "onpair_shmem_4tpt_split8read": 0%....50%....100% - 40 passes
==PROF== Profiling "onpair_shmem_4tpt_split8read": 0%....50%....100% - 40 passes
==PROF== Profiling "onpair_shmem_4tpt_split8read": 0%....50%....100% - 40 passes
==PROF== Profiling "onpair_shmem_4tpt_split8read": 0%....50%....100% - 40 passes
==PROF== Profiling "onpair_shmem_4tpt_split8read": 0%....50%....100% - 40 passes
==PROF== Profiling "onpair_shmem_4tpt_split8read": 0%....50%....100% - 40 passes
==PROF== Profiling "onpair_shmem_4tpt_split8read": 0%....50%....100% - 40 passes
{
  "files": [
    "/home/ubuntu/work/vortex-bench/data/onpair-bench/clickbench/URL/bits12_chunk1000mb_thr0.20/part_0000.vortex"
  ],
  "column": "URL",
  "rows": 12254692,
  "in_memory_bytes": 346517476,
  "dict_bytes": 21407,
  "gpu": {
    "iterations": 30,
    "decoded_bytes": 999999995,
    "chunks": 1,
    "auto_kernel": "onpair_shmem_4tpt_split8read_b128o12",
    "frac_le8": 0.81388074,
    "dict_mean_len": 4.682053,
    "dict_max_len": 16,
    "dict_entries_max": 4096,
    "small_dict": true,
    "distinct_codes": 4011,
    "access_top4096_frac": 1.0,
    "compressed_bytes": 427188561,
    "h2d_gib_s": 10.140101318269956,
    "whole_decompress_gib_s": 23.08496825587613,
    "best_kernel": "onpair_shmem_4tpt_split8read_b128o12",
    "auto_decode_ms": 1.107904,
    "best_decode_ms": 1.107904,
    "validated": false,
    "auto_decode_gib_s": 840.6166689161386,
    "best_decode_gib_s": 840.6166689161386,
    "kernels": [
      {
        "kernel": "onpair_shmem",
        "decode_ms": 1.643904,
        "decode_gib_s": 566.5309957022221,
        "decode_ns_iters": [
          1661760,
          1644928,
          1651648,
          1644416,
          1652096,
          1645056,
          1654176,
          1650304,
          1646112,
          1643904,
          1652928,
          1647040,
          1653856,
          1653664,
          1649024,
          1653536,
          1657152,
          1653792,
          1653824,
          1646176,
          1648928,
          1644544,
          1646816,
          1647776,
          1650528,
          1644992,
          1651808,
          1645408,
          1653056,
          1652736
        ],
        "applicable": true
      },
      {
        "kernel": "onpair_shmem_2tpt",
        "decode_ms": 1.213984,
        "decode_gib_s": 767.1621454309659,
        "decode_ns_iters": [
          1214656,
          1214304,
          1221632,
          1214880,
          1219360,
          1233984,
          1214688,
          1215392,
          1214528,
          1216512,
          1218560,
          1216992,
          1219008,
          1217792,
          1216224,
          1215936,
          1215680,
          1216416,
          1223840,
          1215776,
          1217792,
          1215360,
          1216224,
          1216288,
          1220192,
          1214208,
          1215104,
          1237760,
          1213984,
          1215232
        ],
        "applicable": true
      },
      {
        "kernel": "onpair_shmem_4tpt",
        "decode_ms": 1.2768,
        "decode_gib_s": 729.4193060454775,
        "decode_ns_iters": [
          1288128,
          1281472,
          1283360,
          1281248,
          1281600,
          1281088,
          1290176,
          1289344,
          1288416,
          1287104,
          1281952,
          1296448,
          1279168,
          1282848,
          1287328,
          1281088,
          1279872,
          1288544,
          1281600,
          1280576,
          1288960,
          1297120,
          1288000,
          1289216,
          1294688,
          1304576,
          1276800,
          1285600,
          1289632,
          1278848
        ],
        "applicable": true
      },
      {
        "kernel": "onpair_shmem_4tpt_wpb8",
        "decode_ms": 1.241216,
        "decode_gib_s": 750.3307804273113,
        "decode_ns_iters": [
          1249632,
          1259648,
          1251072,
          1249696,
          1242816,
          1242048,
          1252064,
          1241216,
          1247872,
          1246112,
          1249664,
          1249888,
          1250432,
          1264960,
          1248672,
          1250464,
          1245920,
          1242816,
          1256704,
          1243776,
          1251616,
          1243360,
          1251680,
          1243072,
          1242912,
          1242816,
          1253216,
          1242656,
          1245152,
          1251968
        ],
        "applicable": true
      },
      {
        "kernel": "onpair_shmem_4tpt_wpb8_occ",
        "decode_ms": 1.17376,
        "decode_gib_s": 793.4522985609203,
        "decode_ns_iters": [
          1198592,
          1187776,
          1184896,
          1208352,
          1196512,
          1200064,
          1186656,
          1185536,
          1188128,
          1186432,
          1195520,
          1198464,
          1186816,
          1187936,
          1188448,
          1186976,
          1184864,
          1192704,
          1193824,
          1187040,
          1173760,
          1186656,
          1194048,
          1200512,
          1193184,
          1186720,
          1188352,
          1197024,
          1186688,
          1187648
        ],
        "applicable": true
      },
      {
        "kernel": "onpair_shmem_4tpt_b128",
        "decode_ms": 1.168544,
        "decode_gib_s": 796.9940113156763,
        "decode_ns_iters": [
          1177376,
          1189600,
          1171200,
          1181312,
          1169760,
          1171552,
          1170112,
          1172160,
          1177184,
          1181984,
          1168960,
          1171616,
          1176480,
          1177504,
          1171936,
          1177184,
          1177600,
          1185632,
          1169152,
          1175872,
          1170592,
          1170016,
          1171584,
          1183936,
          1171936,
          1168544,
          1181984,
          1176928,
          1182528,
          1182560
        ],
        "applicable": true
      },
      {
        "kernel": "onpair_shmem_4tpt_o6",
        "decode_ms": 1.160096,
        "decode_gib_s": 802.7978460048699,
        "decode_ns_iters": [
          1161376,
          1161344,
          1176640,
          1168832,
          1170080,
          1162656,
          1162624,
          1162816,
          1164128,
          1164160,
          1164544,
          1176960,
          1162336,
          1160096,
          1175360,
          1161952,
          1162816,
          1177216,
          1162496,
          1175680,
          1184448,
          1168672,
          1161952,
          1162272,
          1170624,
          1162208,
          1175360,
          1164416,
          1170176,
          1175904
        ],
        "applicable": true
      },
      {
        "kernel": "onpair_shmem_4tpt_b512o3",
        "decode_ms": 1.161152,
        "decode_gib_s": 802.067748200809,
        "decode_ns_iters": [
          1163424,
          1181760,
          1169824,
          1169696,
          1169056,
          1162080,
          1163328,
          1183200,
          1164352,
          1169696,
          1168864,
          1168768,
          1161664,
          1164192,
          1168768,
          1162560,
          1169920,
          1168512,
          1163264,
          1162624,
          1162400,
          1168608,
          1179520,
          1168544,
          1168992,
          1186336,
          1170496,
          1161952,
          1174496,
          1161152
        ],
        "applicable": true
      },
      {
        "kernel": "onpair_shmem_4tpt_b128o12",
        "decode_ms": 1.141152,
        "decode_gib_s": 816.1249070753639,
        "decode_ns_iters": [
          1166784,
          1166112,
          1171136,
          1179328,
          1173760,
          1172480,
          1173472,
          1171200,
          1167040,
          1165984,
          1165632,
          1172320,
          1141152,
          1164672,
          1165088,
          1186592,
          1164736,
          1172448,
          1171232,
          1172768,
          1166848,
          1177408,
          1164608,
          1165408,
          1183040,
          1163232,
          1167936,
          1179584,
          1165792,
          1178208
        ],
        "applicable": true
      },
      {
        "kernel": "onpair_shmem_4tpt_b64",
        "decode_ms": 1.172544,
        "decode_gib_s": 794.275157229806,
        "decode_ns_iters": [
          1172960,
          1182144,
          1174624,
          1175040,
          1176640,
          1174496,
          1175392,
          1183008,
          1189280,
          1173088,
          1196160,
          1180288,
          1180640,
          1197248,
          1172544,
          1176192,
          1179712,
          1180416,
          1180608,
          1181792,
          1182912,
          1182080,
          1182656,
          1175264,
          1172800,
          1182368,
          1195104,
          1180064,
          1182144,
          1180288
        ],
        "applicable": true
      },
      {
        "kernel": "onpair_shmem_4tpt_b64o24",
        "decode_ms": 1.147488,
        "decode_gib_s": 811.6185702672843,
        "decode_ns_iters": [
          1179168,
          1177504,
          1177824,
          1177536,
          1177376,
          1176928,
          1180160,
          1179776,
          1147488,
          1185888,
          1170656,
          1170400,
          1170976,
          1171296,
          1179712,
          1176864,
          1171808,
          1169472,
          1173824,
          1169856,
          1177024,
          1176736,
          1177376,
          1177056,
          1195200,
          1170336,
          1170944,
          1171200,
          1170080,
          1171424
        ],
        "applicable": true
      },
      {
        "kernel": "onpair_shmem_4tpt_split8read_b128o12",
        "decode_ms": 1.107904,
        "decode_gib_s": 840.6166689161386,
        "decode_ns_iters": [
          1109856,
          1109536,
          1121632,
          1107904,
          1109984,
          1116576,
          1132960,
          1114816,
          1109952,
          1110688,
          1114272,
          1109440,
          1115776,
          1115232,
          1115840,
          1117792,
          1116544,
          1108416,
          1108800,
          1114176,
          1110176,
          1116224,
          1118912,
          1110944,
          1110048,
          1111008,
          1110528,
          1109504,
          1109504,
          1119520
        ],
        "applicable": true
      },
      {
        "kernel": "onpair_shmem_4tpt_split8read_occ",
        "decode_ms": 1.215136,
        "decode_gib_s": 766.4348434733772,
        "decode_ns_iters": [
          1229856,
          1216064,
          1215136,
          1237504,
          1240160,
          1224320,
          1225184,
          1224064,
          1218272,
          1218368,
          1215552,
          1217440,
          1220544,
          1225824,
          1215392,
          1216608,
          1225344,
          1230336,
          1225024,
          1224672,
          1224288,
          1216352,
          1215808,
          1216288,
          1217056,
          1223488,
          1224384,
          1217696,
          1216000,
          1215680
        ],
        "applicable": true
      },
      {
        "kernel": "onpair_shmem_4tpt_split8",
        "decode_ms": 1.36176,
        "decode_gib_s": 683.9109460983327,
        "decode_ns_iters": [
          1392064,
          1391488,
          1361760,
          1407328,
          1386912,
          1383712,
          1392064,
          1392576,
          1392576,
          1392352,
          1405600,
          1384320,
          1390944,
          1392768,
          1391168,
          1386336,
          1385024,
          1386304,
          1397760,
          1392000,
          1386784,
          1386336,
          1383968,
          1384896,
          1383296,
          1405664,
          1407168,
          1390752,
          1387360,
          1386432
        ],
        "applicable": true
      },
      {
        "kernel": "onpair_shmem_4tpt_split8_wpb8",
        "decode_ms": 1.3928,
        "decode_gib_s": 668.669277684424,
        "decode_ns_iters": [
          1402560,
          1402400,
          1400832,
          1408992,
          1397664,
          1394432,
          1396896,
          1394688,
          1397248,
          1396192,
          1393984,
          1396576,
          1400512,
          1418592,
          1394176,
          1392800,
          1395136,
          1393824,
          1394080,
          1416192,
          1401696,
          1416768,
          1393632,
          1395712,
          1402624,
          1393856,
          1393120,
          1412960,
          1394240,
          1395232
        ],
        "applicable": true
      },
      {
        "kernel": "onpair_shmem_4tpt_split8_wpb8_occ",
        "decode_ms": 1.335776,
        "decode_gib_s": 697.214630266501,
        "decode_ns_iters": [
          1350144,
          1337824,
          1337632,
          1344064,
          1339264,
          1341504,
          1338464,
          1337344,
          1337952,
          1338368,
          1352896,
          1335776,
          1344768,
          1338432,
          1338144,
          1343872,
          1351072,
          1344672,
          1347136,
          1337984,
          1343712,
          1337792,
          1346720,
          1338688,
          1353184,
          1338592,
          1338432,
          1338912,
          1343968,
          1363744
        ],
        "applicable": true
      },
      {
        "kernel": "onpair_shmem_4tpt_pdict",
        "decode_ms": 1.563904,
        "decode_gib_s": 595.5113421021148,
        "decode_ns_iters": [
          1577312,
          1573792,
          1576544,
          1563904,
          1568704,
          1575392,
          1570720,
          1576064,
          1575360,
          1567392,
          1593184,
          1581440,
          1592288,
          1579424,
          1567040,
          1567392,
          1575040,
          1572032,
          1571808,
          1584640,
          1575744,
          1576544,
          1572768,
          1587872,
          1576192,
          1577984,
          1574976,
          1574272,
          1575584,
          1575392
        ],
        "applicable": true
      },
      {
        "kernel": "onpair_shmem_4tpt_vdict",
        "decode_ms": 2.298432,
        "decode_gib_s": 405.1990965836125,
        "decode_ns_iters": [
          2326400,
          2309184,
          2307808,
          2308992,
          2311360,
          2324448,
          2311168,
          2321280,
          2308768,
          2304928,
          2302080,
          2325440,
          2309664,
          2309664,
          2301888,
          2301952,
          2309824,
          2309088,
          2323936,
          2301824,
          2314240,
          2308768,
          2302176,
          2298432,
          2308768,
          2307296,
          2340992,
          2310432,
          2299264,
          2309856
        ],
        "applicable": true
      },
      {
        "kernel": "onpair_shmem_4tpt_split8read",
        "decode_ms": 1.306176,
        "decode_gib_s": 713.0146090257864,
        "decode_ns_iters": [
          3298579693,
          3306942463,
          3275762558,
          3288725615,
          3293751001,
          3305507183,
          3320408821,
          3295884371,
          3278986216,
          3294558764,
          3283806801,
          3298618555,
          3300722361,
          3291690588,
          1341856,
          1323648,
          1314624,
          1315200,
          1310848,
          1313664,
          1329152,
          1306176,
          1313984,
          1306304,
          1306656,
          1314816,
          1326432,
          1307296,
          1315456,
          1309024
        ],
        "applicable": true
      },
      {
        "kernel": "onpair_shmem_4tpt_ldcs",
        "decode_ms": 1.282336,
        "decode_gib_s": 726.2703144564807,
        "decode_ns_iters": [
          1285440,
          1282336,
          1307072,
          1290144,
          1285472,
          1291232,
          1284256,
          1293312,
          1284480,
          1292000,
          1291168,
          1291520,
          1283040,
          1293120,
          1291936,
          1292608,
          1291008,
          1283968,
          1291296,
          1285888,
          1292736,
          1285088,
          1292160,
          1290752,
          1291968,
          1284512,
          1289440,
          1305312,
          1291744,
          1287040
        ],
        "applicable": true
      },
      {
        "kernel": "onpair_shmem_4tpt_lenbucket",
        "decode_ms": 0.0,
        "decode_gib_s": 0.0,
        "applicable": false,
        "reason": "length-bucket dict not built (set ONPAIR_DICT_REORDER=lenbucket)"
      },
      {
        "kernel": "onpair_shmem_4tpt_lenbucket_b128",
        "decode_ms": 0.0,
        "decode_gib_s": 0.0,
        "applicable": false,
        "reason": "length-bucket dict not built (set ONPAIR_DICT_REORDER=lenbucket)"
      },
      {
        "kernel": "onpair_shmem_4tpt_regcache",
        "decode_ms": 1.36256,
        "decode_gib_s": 683.5094013906657,
        "decode_ns_iters": [
          1365152,
          1370592,
          1371744,
          1366816,
          1362560,
          1362976,
          1372096,
          1363712,
          1364128,
          1381920,
          1367904,
          1387936,
          1369632,
          1363104,
          1371168,
          1386400,
          1368288,
          1382272,
          1364608,
          1366976,
          1370944,
          1370624,
          1383456,
          1371456,
          1383904,
          1370240,
          1368416,
          1371584,
          1370464,
          1363968
        ],
        "applicable": true
      },
      {
        "kernel": "onpair_shmem_4tpt_split4read",
        "decode_ms": 1.345152,
        "decode_gib_s": 692.3548936914682,
        "decode_ns_iters": [
          1352736,
          1368672,
          1354944,
          1360224,
          1348480,
          1346496,
          1353568,
          1356768,
          1365696,
          1369056,
          1347712,
          1352736,
          1345920,
          1354688,
          1369824,
          1346848,
          1345248,
          1355296,
          1352704,
          1348032,
          1345152,
          1354528,
          1352992,
          1346112,
          1355584,
          1370272,
          1354432,
          1348352,
          1346816,
          1349344
        ],
        "applicable": true
      },
      {
        "kernel": "onpair_shmem_4tpt_split4read_b128o12",
        "decode_ms": 1.198496,
        "decode_gib_s": 777.0760769822057,
        "decode_ns_iters": [
          1202720,
          1208704,
          1207680,
          1208448,
          1206912,
          1202432,
          1207232,
          1207392,
          1198496,
          1208032,
          1199616,
          1207264,
          1202304,
          1208352,
          1223296,
          1207424,
          1208640,
          1206976,
          1206304,
          1208800,
          1207488,
          1224448,
          1208288,
          1200192,
          1217696,
          1203040,
          1199680,
          1202304,
          1208192,
          1203488
        ],
        "applicable": true
      },
      {
        "kernel": "onpair_shmem_4tpt_cluster_dsmem",
        "decode_ms": 4.767744,
        "decode_gib_s": 195.3382081669791,
        "decode_ns_iters": [
          4783488,
          4775520,
          4791232,
          4791072,
          4800000,
          4791264,
          4802176,
          4780032,
          4774912,
          4775040,
          4786464,
          4787168,
          4808384,
          4769984,
          4775744,
          4777984,
          4784672,
          4771328,
          4810080,
          4767744,
          4794368,
          4808768,
          4784864,
          4785920,
          4777600,
          4777472,
          4775264,
          4782848,
          4783744,
          4809024
        ],
        "applicable": true
      },
      {
        "kernel": "onpair_shmem_8tpt",
        "decode_ms": 1.18192,
        "decode_gib_s": 787.9742875650345,
        "decode_ns_iters": [
          1181920,
          1183616,
          1190656,
          1194048,
          1189152,
          1205728,
          1212032,
          1186208,
          1192064,
          1198304,
          1182176,
          1191872,
          1189632,
          1187296,
          1185440,
          1183296,
          1191616,
          1191424,
          1206080,
          1186144,
          1191424,
          1205568,
          1184032,
          1183008,
          1182720,
          1182688,
          1184000,
          1199392,
          1191232,
          1185248
        ],
        "applicable": true
      },
      {
        "kernel": "onpair_shmem_8tpt_b128",
        "decode_ms": 1.18448,
        "decode_gib_s": 786.2712497964218,
        "decode_ns_iters": [
          1189824,
          1186560,
          1194400,
          1184480,
          1186912,
          1184960,
          1194464,
          1186048,
          1189696,
          1194016,
          1186944,
          1187232,
          1195040,
          1187296,
          1193504,
          1194400,
          1193632,
          1193600,
          1194496,
          1186624,
          1194944,
          1185888,
          1185024,
          1188832,
          1200640,
          1192640,
          1194240,
          1192224,
          1188192,
          1193280
        ],
        "applicable": true
      },
      {
        "kernel": "onpair_shmem_4tpt_vwidth",
        "decode_ms": 3.736576,
        "decode_gib_s": 249.2449156550986,
        "decode_ns_iters": [
          3745792,
          3742880,
          3761920,
          3739872,
          3740448,
          3747232,
          3758592,
          3758688,
          3744416,
          3743520,
          3739648,
          3751520,
          3749664,
          3745024,
          3745952,
          3759840,
          3753216,
          3736576,
          3742816,
          3741056,
          3761344,
          3744512,
          3742848,
          3751040,
          3745728,
          3744640,
          3744000,
          3757536,
          3751072,
          3744192
        ],
        "applicable": true
      },
      {
        "kernel": "onpair_shmem_4tpt_vwidth_b128",
        "decode_ms": 4.62032,
        "decode_gib_s": 201.5710102241545,
        "decode_ns_iters": [
          4623456,
          4627360,
          4630112,
          4626848,
          4621888,
          4624576,
          4643424,
          4620960,
          4621152,
          4627392,
          4625216,
          4628032,
          4642272,
          4627584,
          4627808,
          4623008,
          4621568,
          4621856,
          4628320,
          4620320,
          4629088,
          4627520,
          4623008,
          4627488,
          4637376,
          4627840,
          4620608,
          4630656,
          4624416,
          4621536
        ],
        "applicable": true
      },
      {
        "kernel": "onpair_shmem_4tpt_vwidth4",
        "decode_ms": 1.517824,
        "decode_gib_s": 613.5906204928012,
        "decode_ns_iters": [
          1543136,
          1543520,
          1517824,
          1520352,
          1527744,
          1527552,
          1525888,
          1528768,
          1542272,
          1520928,
          1521120,
          1520384,
          1521984,
          1527104,
          1521152,
          1521792,
          1528800,
          1528256,
          1526848,
          1527904,
          1541984,
          1524128,
          1521664,
          1527040,
          1519936,
          1519424,
          1520032,
          1542912,
          1538272,
          1543936
        ],
        "applicable": true
      },
      {
        "kernel": "onpair_shmem_4tpt_vwidth4_b128",
        "decode_ms": 1.142976,
        "decode_gib_s": 814.8225071732614,
        "decode_ns_iters": [
          1166784,
          1145408,
          1152224,
          1167456,
          1148128,
          1182144,
          1144864,
          1143616,
          1148064,
          1143552,
          1146816,
          1150464,
          1145312,
          1145216,
          1142976,
          1146656,
          1149984,
          1159808,
          1145376,
          1158560,
          1146624,
          1153024,
          1145984,
          1145632,
          1144288,
          1169408,
          1153184,
          1148352,
          1150176,
          1147136
        ],
        "applicable": true
      },
      {
        "kernel": "onpair_shmem_4tpt_shdict8",
        "decode_ms": 2.03328,
        "decode_gib_s": 458.03950757341124,
        "decode_ns_iters": [
          2037536,
          2037888,
          2050176,
          2040576,
          2038944,
          2047040,
          2033280,
          2041280,
          2036192,
          2040832,
          2035712,
          2048960,
          2040640,
          2037120,
          2042656,
          2054624,
          2045376,
          2043104,
          2044416,
          2044800,
          2043616,
          2059040,
          2038688,
          2041248,
          2041568,
          2040576,
          2057472,
          2042688,
          2039680,
          2045056
        ],
        "applicable": true
      },
      {
        "kernel": "onpair_shmem_4tpt_ablate",
        "decode_ms": 1.168768,
        "decode_gib_s": 796.841263585986,
        "decode_ns_iters": [
          1195200,
          1177216,
          1191392,
          1184704,
          1170752,
          1173632,
          1178240,
          1171904,
          1169888,
          1171136,
          1185728,
          1178944,
          1171648,
          1185184,
          1169824,
          1168768,
          1192288,
          1191168,
          1177952,
          1176352,
          1193792,
          1177696,
          1169952,
          1169600,
          1178272,
          1181568,
          1171008,
          1177088,
          1171360,
          1170048
        ],
        "applicable": true
      },
      {
        "kernel": "onpair_shmem_4tpt_ablate_nogather",
        "decode_ms": 0.881792,
        "decode_gib_s": 1056.1703553206034,
        "decode_ns_iters": [
          883840,
          907008,
          890240,
          883968,
          890208,
          889952,
          883680,
          907872,
          886400,
          898944,
          884544,
          884992,
          891808,
          892384,
          883968,
          901920,
          882912,
          887904,
          898112,
          883872,
          903072,
          890816,
          883488,
          885440,
          891072,
          885184,
          881792,
          885120,
          883040,
          897920
        ],
        "applicable": true
      },
      {
        "kernel": "onpair_shmem_4tpt_ablate_noemit",
        "decode_ms": 0.401952,
        "decode_gib_s": 2316.9994674957848,
        "decode_ns_iters": [
          441728,
          450784,
          445536,
          444000,
          443712,
          432064,
          460320,
          446048,
          446464,
          443072,
          450400,
          447104,
          442848,
          445600,
          452224,
          417856,
          446976,
          451744,
          448544,
          445216,
          445856,
          447072,
          468672,
          464672,
          417952,
          401952,
          408192,
          404544,
          451712,
          448160
        ],
        "applicable": true
      },
      {
        "kernel": "onpair_shmem_4tpt_ablate_nodrain",
        "decode_ms": 1.057888,
        "decode_gib_s": 880.360274394705,
        "decode_ns_iters": [
          1073920,
          1061440,
          1073536,
          1065312,
          1059552,
          1061120,
          1059168,
          1060992,
          1076448,
          1060288,
          1058944,
          1060224,
          1059520,
          1060288,
          1060224,
          1057888,
          1060224,
          1060928,
          1060256,
          1060000,
          1064576,
          1081344,
          1061152,
          1059456,
          1060128,
          1060000,
          1074368,
          1067072,
          1072768,
          1061696
        ],
        "applicable": true
      },
      {
        "kernel": "onpair_shmem_4tpt_ablate_noscan",
        "decode_ms": 0.748256,
        "decode_gib_s": 1244.6576705818138,
        "decode_ns_iters": [
          762592,
          749792,
          759328,
          750816,
          751296,
          749504,
          750336,
          753056,
          752352,
          753472,
          750336,
          751648,
          751232,
          750848,
          749888,
          750816,
          751104,
          748256,
          751328,
          750656,
          751136,
          749024,
          750592,
          749536,
          766464,
          750688,
          748352,
          748768,
          758688,
          755808
        ],
        "applicable": true
      },
      {
        "kernel": "onpair_shmem_4tpt_ablate_cfree",
        "decode_ms": 1.085216,
        "decode_gib_s": 858.1909683960296,
        "decode_ns_iters": [
          1087264,
          1089952,
          1085920,
          1086272,
          1087520,
          1089824,
          1101376,
          1086752,
          1087104,
          1099904,
          1086464,
          1087584,
          1086560,
          1087072,
          1085280,
          1090080,
          1086816,
          1098912,
          1085888,
          1095072,
          1085216,
          1094592,
          1088608,
          1086272,
          1094560,
          1102368,
          1085408,
          1086560,
          1095008,
          1099968
        ],
        "applicable": true
      },
      {
        "kernel": "onpair_shmem_s8",
        "decode_ms": 0.0,
        "decode_gib_s": 0.0,
        "applicable": false,
        "reason": "dictionary entry longer than 8 bytes"
      },
      {
        "kernel": "onpair_shmem_s8_2tpt",
        "decode_ms": 0.0,
        "decode_gib_s": 0.0,
        "applicable": false,
        "reason": "dictionary entry longer than 8 bytes"
      },
      {
        "kernel": "onpair_shmem_s8_4tpt",
        "decode_ms": 0.0,
        "decode_gib_s": 0.0,
        "applicable": false,
        "reason": "dictionary entry longer than 8 bytes"
      },
      {
        "kernel": "onpair_shmem_s8_8tpt",
        "decode_ms": 0.0,
        "decode_gib_s": 0.0,
        "applicable": false,
        "reason": "dictionary entry longer than 8 bytes"
      },
      {
        "kernel": "onpair_shmem_s4l1",
        "decode_ms": 0.0,
        "decode_gib_s": 0.0,
        "applicable": false,
        "reason": "dictionary entry longer than 4 bytes"
      },
      {
        "kernel": "onpair_shmem_s4l1_2tpt",
        "decode_ms": 0.0,
        "decode_gib_s": 0.0,
        "applicable": false,
        "reason": "dictionary entry longer than 4 bytes"
      },
      {
        "kernel": "onpair_shmem_s4l1_4tpt",
        "decode_ms": 0.0,
        "decode_gib_s": 0.0,
        "applicable": false,
        "reason": "dictionary entry longer than 4 bytes"
      },
      {
        "kernel": "onpair_shmem_s4l1_8tpt",
        "decode_ms": 0.0,
        "decode_gib_s": 0.0,
        "applicable": false,
        "reason": "dictionary entry longer than 4 bytes"
      },
      {
        "kernel": "onpair_shmem_s4l1_16tpt",
        "decode_ms": 0.0,
        "decode_gib_s": 0.0,
        "applicable": false,
        "reason": "dictionary entry longer than 4 bytes"
      },
      {
        "kernel": "onpair_shmem_s4l1_32tpt",
        "decode_ms": 0.0,
        "decode_gib_s": 0.0,
        "applicable": false,
        "reason": "dictionary entry longer than 4 bytes"
      },
      {
        "kernel": "onpair_shmem_const1",
        "decode_ms": 0.0,
        "decode_gib_s": 0.0,
        "applicable": false,
        "reason": "not every dictionary entry is exactly 1 byte"
      },
      {
        "kernel": "onpair_shmem_const2",
        "decode_ms": 0.0,
        "decode_gib_s": 0.0,
        "applicable": false,
        "reason": "not every dictionary entry is exactly 2 bytes"
      }
    ]
  }
}
==PROF== Disconnected from process 35435
==PROF== Report: /home/ubuntu/work/shdict_ncu_clickbench_URL_b12_split8read.ncu-rep
