==PROF== Connected to process 37608 (/home/ubuntu/work/target/release/onpair-chunk-bench)
2026-08-12T23:34:48.552007Z  INFO vortex_cuda: vortex-cuda/src/lib.rs:111: Registering CUDA kernels
==WARNING== Unable to access the following 6 metrics: ctc__rx_bytes_data_user.sum, ctc__rx_bytes_data_user.sum.pct_of_peak_sustained_elapsed, ctc__rx_bytes_data_user.sum.per_second, ctc__tx_bytes_data_user.sum, ctc__tx_bytes_data_user.sum.pct_of_peak_sustained_elapsed, ctc__tx_bytes_data_user.sum.per_second.


==PROF== Profiling "onpair_shmem_4tpt_split8read": 0%....50%....100% - 40 passes
==PROF== Profiling "onpair_shmem_4tpt_split8read": 0%....50%....100% - 40 passes
==PROF== Profiling "onpair_shmem_4tpt_split8read": 0%....50%....100% - 40 passes
==PROF== Profiling "onpair_shmem_4tpt_split8read": 0%....50%....100% - 40 passes
==PROF== Profiling "onpair_shmem_4tpt_split8read": 0%....50%....100% - 40 passes
==PROF== Profiling "onpair_shmem_4tpt_split8read": 0%....50%....100% - 40 passes
==PROF== Profiling "onpair_shmem_4tpt_split8read": 0%....50%....100% - 40 passes
==PROF== Profiling "onpair_shmem_4tpt_split8read": 0%....50%....100% - 40 passes
==PROF== Profiling "onpair_shmem_4tpt_split8read": 0%....50%....100% - 40 passes
==PROF== Profiling "onpair_shmem_4tpt_split8read": 0%....50%....100% - 40 passes
==PROF== Profiling "onpair_shmem_4tpt_split8read": 0%....50%....100% - 40 passes
==PROF== Profiling "onpair_shmem_4tpt_split8read": 0%....50%....100% - 40 passes
==PROF== Profiling "onpair_shmem_4tpt_split8read": 0%....50%....100% - 40 passes
==PROF== Profiling "onpair_shmem_4tpt_split8read": 0%....50%....100% - 40 passes
==PROF== Profiling "onpair_shmem_4tpt_split8read": 0%....50%....100% - 40 passes
==PROF== Profiling "onpair_shmem_4tpt_split8read": 0%....50%....100% - 40 passes
{
  "files": [
    "/home/ubuntu/work/vortex-bench/data/onpair-bench/synthetic/url/bits12_chunk1000mb_thr0.20/part_0000.vortex"
  ],
  "column": "url",
  "rows": 10000000,
  "in_memory_bytes": 95281937,
  "dict_bytes": 4033,
  "gpu": {
    "iterations": 30,
    "decoded_bytes": 923569389,
    "chunks": 1,
    "auto_kernel": "onpair_shmem_4tpt_b128o12",
    "frac_le8": 0.16665792,
    "dict_mean_len": 11.688075,
    "dict_max_len": 16,
    "dict_entries_max": 863,
    "small_dict": true,
    "distinct_codes": 160,
    "access_top4096_frac": 1.0,
    "compressed_bytes": 158041096,
    "h2d_gib_s": 10.006339616527447,
    "whole_decompress_gib_s": 56.20417732292802,
    "best_kernel": "onpair_shmem_4tpt_b64",
    "auto_decode_ms": 0.594464,
    "best_decode_ms": 0.587456,
    "validated": false,
    "auto_decode_gib_s": 1446.9186043217494,
    "best_decode_gib_s": 1464.1794810156412,
    "kernels": [
      {
        "kernel": "onpair_shmem",
        "decode_ms": 0.762208,
        "decode_gib_s": 1128.4859529151156,
        "decode_ns_iters": [
          768864,
          786112,
          771072,
          763104,
          765600,
          769792,
          768928,
          768512,
          769344,
          762624,
          769952,
          785888,
          783968,
          764864,
          762336,
          786432,
          770368,
          769920,
          776768,
          764256,
          766432,
          762976,
          763328,
          762208,
          769536,
          769312,
          772032,
          762592,
          768864,
          767136
        ],
        "applicable": true
      },
      {
        "kernel": "onpair_shmem_2tpt",
        "decode_ms": 0.64896,
        "decode_gib_s": 1325.4145420357563,
        "decode_ns_iters": [
          674624,
          656736,
          657696,
          656352,
          658688,
          653152,
          662016,
          653184,
          650848,
          649888,
          649984,
          649632,
          657824,
          656320,
          658304,
          653376,
          657344,
          656064,
          649472,
          649024,
          656544,
          648960,
          650912,
          650080,
          651040,
          656032,
          670464,
          656064,
          650240,
          650016
        ],
        "applicable": true
      },
      {
        "kernel": "onpair_shmem_4tpt",
        "decode_ms": 0.642496,
        "decode_gib_s": 1338.749223652014,
        "decode_ns_iters": [
          643008,
          695104,
          682528,
          682080,
          678912,
          681568,
          679296,
          676608,
          676320,
          689120,
          659040,
          643744,
          697120,
          680608,
          679392,
          684064,
          683712,
          683136,
          689568,
          675680,
          683072,
          653184,
          642496,
          694944,
          670080,
          672128,
          686656,
          682688,
          698976,
          682560
        ],
        "applicable": true
      },
      {
        "kernel": "onpair_shmem_4tpt_wpb8",
        "decode_ms": 0.596576,
        "decode_gib_s": 1441.796219089478,
        "decode_ns_iters": [
          635360,
          643840,
          637408,
          643520,
          637920,
          636384,
          657952,
          643296,
          656544,
          643264,
          645600,
          642720,
          643456,
          643520,
          636864,
          639040,
          639968,
          636352,
          634912,
          610720,
          596576,
          643264,
          644864,
          654816,
          651360,
          656864,
          636864,
          643008,
          635872,
          611712
        ],
        "applicable": true
      },
      {
        "kernel": "onpair_shmem_4tpt_wpb8_occ",
        "decode_ms": 0.59488,
        "decode_gib_s": 1445.906773129916,
        "decode_ns_iters": [
          668416,
          629472,
          628800,
          632352,
          636064,
          635424,
          601280,
          595872,
          629600,
          648800,
          648896,
          637216,
          635904,
          636000,
          648896,
          643744,
          635008,
          631264,
          603168,
          634688,
          630944,
          648672,
          629728,
          596800,
          629568,
          602240,
          594880,
          595872,
          653888,
          636544
        ],
        "applicable": true
      },
      {
        "kernel": "onpair_shmem_4tpt_b128",
        "decode_ms": 0.600384,
        "decode_gib_s": 1432.6514717239706,
        "decode_ns_iters": [
          627776,
          634400,
          649344,
          635520,
          629408,
          635744,
          603200,
          629312,
          634816,
          630624,
          628224,
          629824,
          635712,
          628768,
          634976,
          601408,
          632896,
          633344,
          635136,
          600384,
          634432,
          634688,
          637280,
          634432,
          603776,
          628000,
          627136,
          651264,
          635520,
          649280
        ],
        "applicable": true
      },
      {
        "kernel": "onpair_shmem_4tpt_o6",
        "decode_ms": 0.601536,
        "decode_gib_s": 1429.9078046858783,
        "decode_ns_iters": [
          636512,
          601600,
          632352,
          645440,
          635968,
          635744,
          635744,
          633536,
          627904,
          626528,
          602816,
          633760,
          627520,
          635744,
          634176,
          633824,
          634304,
          634912,
          601536,
          605760,
          631520,
          632416,
          632480,
          632608,
          635296,
          635168,
          635488,
          635456,
          604448,
          635040
        ],
        "applicable": true
      },
      {
        "kernel": "onpair_shmem_4tpt_b512o3",
        "decode_ms": 0.596448,
        "decode_gib_s": 1442.105634019268,
        "decode_ns_iters": [
          646816,
          635136,
          628064,
          635072,
          635264,
          597888,
          636064,
          637120,
          635968,
          631328,
          633824,
          637248,
          628512,
          642016,
          604576,
          596448,
          636512,
          635104,
          630688,
          628256,
          636192,
          629632,
          635712,
          648512,
          631168,
          627616,
          634944,
          635872,
          635840,
          628288
        ],
        "applicable": true
      },
      {
        "kernel": "onpair_shmem_4tpt_b128o12",
        "decode_ms": 0.594464,
        "decode_gib_s": 1446.9186043217494,
        "decode_ns_iters": [
          625824,
          626688,
          634720,
          641152,
          633664,
          632704,
          634368,
          627840,
          629856,
          625696,
          627904,
          603616,
          630240,
          640000,
          634816,
          649120,
          628416,
          633792,
          632416,
          634176,
          646400,
          634752,
          652640,
          603232,
          594464,
          647104,
          627872,
          641632,
          628512,
          647040
        ],
        "applicable": true
      },
      {
        "kernel": "onpair_shmem_4tpt_b64",
        "decode_ms": 0.587456,
        "decode_gib_s": 1464.1794810156412,
        "decode_ns_iters": [
          628416,
          646560,
          602272,
          587456,
          650176,
          634208,
          649632,
          635232,
          635872,
          632896,
          634112,
          648960,
          633120,
          602720,
          649600,
          601952,
          634848,
          647776,
          634080,
          633312,
          635904,
          627648,
          627520,
          630080,
          633184,
          602144,
          631968,
          633664,
          634528,
          635904
        ],
        "applicable": true
      },
      {
        "kernel": "onpair_shmem_4tpt_b64o24",
        "decode_ms": 0.593568,
        "decode_gib_s": 1449.1027501474548,
        "decode_ns_iters": [
          626688,
          647360,
          601216,
          594656,
          635424,
          652800,
          635104,
          634048,
          634912,
          634368,
          634752,
          635488,
          634592,
          636672,
          634400,
          631488,
          648992,
          601984,
          603872,
          593568,
          634944,
          633344,
          650400,
          649024,
          601312,
          626176,
          631616,
          635232,
          636864,
          634368
        ],
        "applicable": true
      },
      {
        "kernel": "onpair_shmem_4tpt_split8read_b128o12",
        "decode_ms": 0.633312,
        "decode_gib_s": 1358.163150547478,
        "decode_ns_iters": [
          665664,
          681088,
          634144,
          664640,
          666016,
          666016,
          635904,
          665248,
          666432,
          665312,
          663712,
          678432,
          679392,
          633312,
          667488,
          666752,
          664416,
          666592,
          679232,
          665376,
          665696,
          664768,
          663136,
          660096,
          665024,
          665792,
          659328,
          659200,
          664896,
          678336
        ],
        "applicable": true
      },
      {
        "kernel": "onpair_shmem_4tpt_split8read_occ",
        "decode_ms": 0.656896,
        "decode_gib_s": 1309.4021294078887,
        "decode_ns_iters": [
          679392,
          658976,
          679264,
          660864,
          664288,
          665152,
          665856,
          657088,
          665568,
          663808,
          660192,
          658016,
          659104,
          665664,
          664128,
          656960,
          656896,
          663872,
          664128,
          665856,
          665920,
          665120,
          664256,
          659456,
          678272,
          681600,
          659616,
          659008,
          658400,
          657760
        ],
        "applicable": true
      },
      {
        "kernel": "onpair_shmem_4tpt_split8",
        "decode_ms": 0.727488,
        "decode_gib_s": 1182.3439303459636,
        "decode_ns_iters": [
          736864,
          735936,
          740768,
          731744,
          736736,
          728960,
          733824,
          733984,
          729024,
          748384,
          735872,
          728544,
          734976,
          728480,
          750496,
          751040,
          727488,
          728320,
          736192,
          734880,
          730208,
          735104,
          735200,
          751360,
          734848,
          735392,
          734432,
          735456,
          734976,
          736512
        ],
        "applicable": true
      },
      {
        "kernel": "onpair_shmem_4tpt_split8_wpb8",
        "decode_ms": 0.708576,
        "decode_gib_s": 1213.9008676550216,
        "decode_ns_iters": [
          715392,
          717568,
          716768,
          716864,
          717376,
          714816,
          715968,
          714944,
          715520,
          715488,
          714432,
          716480,
          716544,
          715936,
          715776,
          715104,
          714336,
          730656,
          714816,
          708576,
          717120,
          713984,
          717184,
          711744,
          717152,
          714976,
          717280,
          716736,
          710464,
          732384
        ],
        "applicable": true
      },
      {
        "kernel": "onpair_shmem_4tpt_split8_wpb8_occ",
        "decode_ms": 0.698656,
        "decode_gib_s": 1231.1366698339732,
        "decode_ns_iters": [
          705792,
          699200,
          708480,
          700352,
          700864,
          720544,
          707328,
          706752,
          707488,
          705952,
          723232,
          706528,
          702016,
          701024,
          706144,
          708128,
          706592,
          706368,
          720512,
          722272,
          698880,
          698656,
          717024,
          700736,
          706592,
          707136,
          705408,
          705632,
          721216,
          720736
        ],
        "applicable": true
      },
      {
        "kernel": "onpair_shmem_4tpt_pdict",
        "decode_ms": 0.780032,
        "decode_gib_s": 1102.6996600133384,
        "decode_ns_iters": [
          787232,
          791648,
          806016,
          803008,
          784992,
          780960,
          783136,
          787456,
          787296,
          798560,
          786432,
          804768,
          781152,
          783072,
          784064,
          795776,
          788352,
          786944,
          781152,
          786240,
          783840,
          793184,
          798560,
          780032,
          781280,
          782496,
          791968,
          780352,
          783616,
          787936
        ],
        "applicable": true
      },
      {
        "kernel": "onpair_shmem_4tpt_vdict",
        "decode_ms": 1.176224,
        "decode_gib_s": 731.2731428703413,
        "decode_ns_iters": [
          1188128,
          1189088,
          1190528,
          1188192,
          1188096,
          1186816,
          1187040,
          1186432,
          1182048,
          1189280,
          1182752,
          1183008,
          1189632,
          1180032,
          1180896,
          1192896,
          1186144,
          1186624,
          1189184,
          1199040,
          1197344,
          1189344,
          1186464,
          1188896,
          1190496,
          1194592,
          1176224,
          1183936,
          1185856,
          1182304
        ],
        "applicable": true
      },
      {
        "kernel": "onpair_shmem_4tpt_split8read",
        "decode_ms": 0.672544,
        "decode_gib_s": 1278.9364282478534,
        "decode_ns_iters": [
          2915431023,
          2922831535,
          2911324024,
          2925291538,
          2931999683,
          2903592587,
          2930632353,
          2920691729,
          2931118250,
          2933162451,
          2925384760,
          2945628166,
          2927255869,
          2933766365,
          700000,
          675936,
          677696,
          682112,
          678848,
          681632,
          695744,
          679584,
          679744,
          695936,
          680736,
          680480,
          685984,
          673088,
          672544,
          679904
        ],
        "applicable": true
      },
      {
        "kernel": "onpair_shmem_4tpt_ldcs",
        "decode_ms": 0.62768,
        "decode_gib_s": 1370.3495749418882,
        "decode_ns_iters": [
          660896,
          659008,
          660352,
          664768,
          659264,
          661280,
          668800,
          669056,
          668672,
          666144,
          668320,
          664576,
          667808,
          680896,
          668544,
          668416,
          666752,
          668256,
          667520,
          669152,
          667904,
          667264,
          667104,
          669760,
          665024,
          669472,
          669600,
          627680,
          666400,
          668640
        ],
        "applicable": true
      },
      {
        "kernel": "onpair_shmem_4tpt_lenbucket",
        "decode_ms": 0.0,
        "decode_gib_s": 0.0,
        "applicable": false,
        "reason": "length-bucket dict not built (set ONPAIR_DICT_REORDER=lenbucket)"
      },
      {
        "kernel": "onpair_shmem_4tpt_lenbucket_b128",
        "decode_ms": 0.0,
        "decode_gib_s": 0.0,
        "applicable": false,
        "reason": "length-bucket dict not built (set ONPAIR_DICT_REORDER=lenbucket)"
      },
      {
        "kernel": "onpair_shmem_4tpt_regcache",
        "decode_ms": 0.724384,
        "decode_gib_s": 1187.4102978524159,
        "decode_ns_iters": [
          726336,
          724992,
          749248,
          747232,
          740928,
          724384,
          735552,
          739648,
          729408,
          729664,
          727616,
          749120,
          756160,
          734432,
          740128,
          737376,
          751840,
          749824,
          730208,
          735072,
          732064,
          741056,
          733280,
          732320,
          729792,
          747360,
          737696,
          738592,
          734944,
          753536
        ],
        "applicable": true
      },
      {
        "kernel": "onpair_shmem_4tpt_split4read",
        "decode_ms": 0.755712,
        "decode_gib_s": 1138.1862683132256,
        "decode_ns_iters": [
          775424,
          760096,
          764320,
          771936,
          766272,
          757344,
          765536,
          764640,
          757632,
          758560,
          761408,
          764960,
          757184,
          765568,
          764128,
          765440,
          763616,
          765184,
          755712,
          756704,
          758208,
          764928,
          765312,
          765408,
          757568,
          764352,
          763520,
          763712,
          770656,
          778784
        ],
        "applicable": true
      },
      {
        "kernel": "onpair_shmem_4tpt_split4read_b128o12",
        "decode_ms": 0.734464,
        "decode_gib_s": 1171.1139296133294,
        "decode_ns_iters": [
          735712,
          736256,
          742784,
          736768,
          735040,
          743360,
          759328,
          756160,
          744672,
          742240,
          744000,
          757568,
          745696,
          743072,
          758080,
          758912,
          735456,
          743520,
          737024,
          742432,
          744608,
          753792,
          742848,
          735328,
          743008,
          735456,
          734464,
          738624,
          740544,
          742464
        ],
        "applicable": true
      },
      {
        "kernel": "onpair_shmem_4tpt_cluster_dsmem",
        "decode_ms": 2.038624,
        "decode_gib_s": 421.92234624900146,
        "decode_ns_iters": [
          2045984,
          2078304,
          2059200,
          2057216,
          2060256,
          2051968,
          2053440,
          2071744,
          2054816,
          2088000,
          2059648,
          2064320,
          2064768,
          2090368,
          2043808,
          2062880,
          2062912,
          2052096,
          2051904,
          2064960,
          2073728,
          2075104,
          2050944,
          2053024,
          2053504,
          2038624,
          2052352,
          2053248,
          2061376,
          2068352
        ],
        "applicable": true
      },
      {
        "kernel": "onpair_shmem_8tpt",
        "decode_ms": 0.610144,
        "decode_gib_s": 1409.7344580943586,
        "decode_ns_iters": [
          641472,
          656960,
          643072,
          650208,
          643456,
          643456,
          645312,
          643392,
          615648,
          637536,
          641280,
          645024,
          645472,
          635584,
          637696,
          636960,
          643040,
          639072,
          635776,
          637504,
          640352,
          643328,
          640128,
          641568,
          644544,
          644512,
          644288,
          640832,
          653504,
          610144
        ],
        "applicable": true
      },
      {
        "kernel": "onpair_shmem_8tpt_b128",
        "decode_ms": 0.60064,
        "decode_gib_s": 1432.040858416896,
        "decode_ns_iters": [
          628288,
          635200,
          632640,
          652096,
          657472,
          640512,
          641600,
          638432,
          604768,
          600640,
          641664,
          605856,
          639232,
          652576,
          639520,
          633120,
          635840,
          641280,
          640704,
          637376,
          632672,
          633696,
          641376,
          640544,
          608160,
          640448,
          640224,
          655168,
          639488,
          641536
        ],
        "applicable": true
      },
      {
        "kernel": "onpair_shmem_4tpt_vwidth",
        "decode_ms": 1.3328,
        "decode_gib_s": 645.363911464229,
        "decode_ns_iters": [
          1341056,
          1335776,
          1339456,
          1340256,
          1334976,
          1334944,
          1332800,
          1334080,
          1341792,
          1341728,
          1342496,
          1357152,
          1342048,
          1353280,
          1332992,
          1333024,
          1342208,
          1340768,
          1353856,
          1345984,
          1334720,
          1342592,
          1335392,
          1342272,
          1347840,
          1341856,
          1340416,
          1336992,
          1341280,
          1337088
        ],
        "applicable": true
      },
      {
        "kernel": "onpair_shmem_4tpt_vwidth_b128",
        "decode_ms": 1.579872,
        "decode_gib_s": 544.4371576934868,
        "decode_ns_iters": [
          1587232,
          1583648,
          1589184,
          1589568,
          1588512,
          1590656,
          1591072,
          1588960,
          1590848,
          1585184,
          1608512,
          1583008,
          1579872,
          1581824,
          1589888,
          1591136,
          1588736,
          1589600,
          1586400,
          1588544,
          1600928,
          1589952,
          1605248,
          1590880,
          1588832,
          1588160,
          1583744,
          1581728,
          1590656,
          1590592
        ],
        "applicable": true
      },
      {
        "kernel": "onpair_shmem_4tpt_vwidth4",
        "decode_ms": 0.78304,
        "decode_gib_s": 1098.4637070897074,
        "decode_ns_iters": [
          784512,
          791360,
          784896,
          790624,
          790240,
          792224,
          792256,
          789568,
          803392,
          790784,
          806208,
          796512,
          783040,
          789664,
          804768,
          787520,
          791040,
          791232,
          784224,
          792448,
          784896,
          791808,
          795008,
          808512,
          790752,
          790848,
          785888,
          787328,
          783200,
          793568
        ],
        "applicable": true
      },
      {
        "kernel": "onpair_shmem_4tpt_vwidth4_b128",
        "decode_ms": 0.615232,
        "decode_gib_s": 1398.0758822680298,
        "decode_ns_iters": [
          658080,
          659776,
          657344,
          660608,
          676864,
          674592,
          625728,
          615232,
          616096,
          658784,
          659424,
          653184,
          653152,
          657888,
          652160,
          659520,
          649696,
          659072,
          656896,
          658336,
          661056,
          659360,
          652160,
          655712,
          655040,
          664960,
          624736,
          658496,
          676352,
          654272
        ],
        "applicable": true
      },
      {
        "kernel": "onpair_shmem_4tpt_shdict8",
        "decode_ms": 0.946368,
        "decode_gib_s": 908.8864175453148,
        "decode_ns_iters": [
          956864,
          971936,
          950240,
          966240,
          956512,
          961088,
          946368,
          952672,
          953632,
          961504,
          953216,
          954368,
          958368,
          957024,
          956576,
          949888,
          969248,
          954912,
          959936,
          956448,
          960928,
          973952,
          955328,
          955456,
          958368,
          948992,
          946496,
          956224,
          973536,
          950496
        ],
        "applicable": true
      },
      {
        "kernel": "onpair_shmem_4tpt_ablate",
        "decode_ms": 0.59616,
        "decode_gib_s": 1442.8023034076832,
        "decode_ns_iters": [
          628416,
          644096,
          637280,
          653344,
          636256,
          635808,
          631744,
          629824,
          638816,
          649120,
          651776,
          631680,
          629984,
          639712,
          632672,
          605120,
          596160,
          639680,
          650528,
          637760,
          630560,
          635840,
          637024,
          635808,
          636736,
          636928,
          637088,
          635808,
          637056,
          640224
        ],
        "applicable": true
      },
      {
        "kernel": "onpair_shmem_4tpt_ablate_nogather",
        "decode_ms": 0.503296,
        "decode_gib_s": 1709.0162075588212,
        "decode_ns_iters": [
          543968,
          545888,
          554656,
          512512,
          503296,
          538432,
          544064,
          538400,
          539136,
          545632,
          545408,
          547008,
          556224,
          546976,
          538848,
          545920,
          546816,
          519616,
          504800,
          549088,
          545440,
          538304,
          538976,
          543488,
          539424,
          557440,
          546784,
          540352,
          548288,
          538528
        ],
        "applicable": true
      },
      {
        "kernel": "onpair_shmem_4tpt_ablate_noemit",
        "decode_ms": 0.235168,
        "decode_gib_s": 3657.5597921465696,
        "decode_ns_iters": [
          278368,
          279264,
          280352,
          278176,
          292736,
          279296,
          295040,
          282304,
          284256,
          278720,
          293376,
          277248,
          258528,
          238880,
          235520,
          236544,
          235168,
          276000,
          281024,
          292064,
          277856,
          280512,
          279264,
          295232,
          279296,
          280704,
          280800,
          278624,
          281280,
          297088
        ],
        "applicable": true
      },
      {
        "kernel": "onpair_shmem_4tpt_ablate_nodrain",
        "decode_ms": 0.538752,
        "decode_gib_s": 1596.5435324593216,
        "decode_ns_iters": [
          571968,
          566016,
          567424,
          565344,
          572480,
          565664,
          538752,
          574464,
          573536,
          571968,
          575072,
          572192,
          571872,
          572384,
          573760,
          541760,
          574464,
          572256,
          575680,
          566848,
          574400,
          565920,
          565696,
          574784,
          573568,
          573344,
          573248,
          575232,
          572448,
          540928
        ],
        "applicable": true
      },
      {
        "kernel": "onpair_shmem_4tpt_ablate_noscan",
        "decode_ms": 0.26176,
        "decode_gib_s": 3285.991065095983,
        "decode_ns_iters": [
          304640,
          307808,
          307488,
          308704,
          307744,
          273216,
          266400,
          263456,
          325536,
          301024,
          302208,
          306528,
          308032,
          321344,
          307072,
          307136,
          308544,
          306432,
          326176,
          307104,
          306592,
          302656,
          309440,
          308864,
          275488,
          261760,
          262752,
          262464,
          288160,
          307456
        ],
        "applicable": true
      },
      {
        "kernel": "onpair_shmem_4tpt_ablate_cfree",
        "decode_ms": 0.434528,
        "decode_gib_s": 1979.4835343166017,
        "decode_ns_iters": [
          478048,
          479008,
          478944,
          480160,
          480512,
          478176,
          478784,
          482368,
          443552,
          434528,
          477664,
          478752,
          478336,
          477344,
          478112,
          478752,
          478752,
          479040,
          478688,
          478176,
          478304,
          480032,
          479712,
          478880,
          443968,
          478240,
          477984,
          497952,
          494912,
          494176
        ],
        "applicable": true
      },
      {
        "kernel": "onpair_shmem_s8",
        "decode_ms": 0.0,
        "decode_gib_s": 0.0,
        "applicable": false,
        "reason": "dictionary entry longer than 8 bytes"
      },
      {
        "kernel": "onpair_shmem_s8_2tpt",
        "decode_ms": 0.0,
        "decode_gib_s": 0.0,
        "applicable": false,
        "reason": "dictionary entry longer than 8 bytes"
      },
      {
        "kernel": "onpair_shmem_s8_4tpt",
        "decode_ms": 0.0,
        "decode_gib_s": 0.0,
        "applicable": false,
        "reason": "dictionary entry longer than 8 bytes"
      },
      {
        "kernel": "onpair_shmem_s8_8tpt",
        "decode_ms": 0.0,
        "decode_gib_s": 0.0,
        "applicable": false,
        "reason": "dictionary entry longer than 8 bytes"
      },
      {
        "kernel": "onpair_shmem_s4l1",
        "decode_ms": 0.0,
        "decode_gib_s": 0.0,
        "applicable": false,
        "reason": "dictionary entry longer than 4 bytes"
      },
      {
        "kernel": "onpair_shmem_s4l1_2tpt",
        "decode_ms": 0.0,
        "decode_gib_s": 0.0,
        "applicable": false,
        "reason": "dictionary entry longer than 4 bytes"
      },
      {
        "kernel": "onpair_shmem_s4l1_4tpt",
        "decode_ms": 0.0,
        "decode_gib_s": 0.0,
        "applicable": false,
        "reason": "dictionary entry longer than 4 bytes"
      },
      {
        "kernel": "onpair_shmem_s4l1_8tpt",
        "decode_ms": 0.0,
        "decode_gib_s": 0.0,
        "applicable": false,
        "reason": "dictionary entry longer than 4 bytes"
      },
      {
        "kernel": "onpair_shmem_s4l1_16tpt",
        "decode_ms": 0.0,
        "decode_gib_s": 0.0,
        "applicable": false,
        "reason": "dictionary entry longer than 4 bytes"
      },
      {
        "kernel": "onpair_shmem_s4l1_32tpt",
        "decode_ms": 0.0,
        "decode_gib_s": 0.0,
        "applicable": false,
        "reason": "dictionary entry longer than 4 bytes"
      },
      {
        "kernel": "onpair_shmem_const1",
        "decode_ms": 0.0,
        "decode_gib_s": 0.0,
        "applicable": false,
        "reason": "not every dictionary entry is exactly 1 byte"
      },
      {
        "kernel": "onpair_shmem_const2",
        "decode_ms": 0.0,
        "decode_gib_s": 0.0,
        "applicable": false,
        "reason": "not every dictionary entry is exactly 2 bytes"
      }
    ]
  }
}
==PROF== Disconnected from process 37608
==PROF== Report: /home/ubuntu/work/shdict_ncu_synthetic_url_b12_split8read.ncu-rep
