==PROF== Connected to process 36480 (/home/ubuntu/work/target/release/onpair-chunk-bench)
2026-08-12T23:33:26.426769Z  INFO vortex_cuda: vortex-cuda/src/lib.rs:111: Registering CUDA kernels
==WARNING== Unable to access the following 6 metrics: ctc__rx_bytes_data_user.sum, ctc__rx_bytes_data_user.sum.pct_of_peak_sustained_elapsed, ctc__rx_bytes_data_user.sum.per_second, ctc__tx_bytes_data_user.sum, ctc__tx_bytes_data_user.sum.pct_of_peak_sustained_elapsed, ctc__tx_bytes_data_user.sum.per_second.


==PROF== Profiling "onpair_shmem_4tpt": 0%....50%....100% - 40 passes
==PROF== Profiling "onpair_shmem_4tpt": 0%....50%....100% - 40 passes
==PROF== Profiling "onpair_shmem_4tpt": 0%....50%....100% - 40 passes
==PROF== Profiling "onpair_shmem_4tpt": 0%....50%....100% - 40 passes
==PROF== Profiling "onpair_shmem_4tpt": 0%....50%....100% - 40 passes
==PROF== Profiling "onpair_shmem_4tpt": 0%....50%....100% - 40 passes
==PROF== Profiling "onpair_shmem_4tpt": 0%....50%....100% - 40 passes
==PROF== Profiling "onpair_shmem_4tpt": 0%....50%....100% - 40 passes
==PROF== Profiling "onpair_shmem_4tpt": 0%....50%....100% - 40 passes
==PROF== Profiling "onpair_shmem_4tpt": 0%....50%....100% - 40 passes
==PROF== Profiling "onpair_shmem_4tpt": 0%....50%....100% - 40 passes
==PROF== Profiling "onpair_shmem_4tpt": 0%....50%....100% - 40 passes
==PROF== Profiling "onpair_shmem_4tpt": 0%....50%....100% - 40 passes
==PROF== Profiling "onpair_shmem_4tpt": 0%....50%....100% - 40 passes
==PROF== Profiling "onpair_shmem_4tpt": 0%....50%....100% - 40 passes
==PROF== Profiling "onpair_shmem_4tpt": 0%....50%....100% - 40 passes
{
  "files": [
    "/home/ubuntu/work/vortex-bench/data/onpair-bench/clickbench/URL/bits12_chunk1000mb_thr0.20/part_0000.vortex"
  ],
  "column": "URL",
  "rows": 12254692,
  "in_memory_bytes": 346517476,
  "dict_bytes": 21407,
  "gpu": {
    "iterations": 30,
    "decoded_bytes": 999999995,
    "chunks": 1,
    "auto_kernel": "onpair_shmem_4tpt_split8read_b128o12",
    "frac_le8": 0.81388074,
    "dict_mean_len": 4.682053,
    "dict_max_len": 16,
    "dict_entries_max": 4096,
    "small_dict": true,
    "distinct_codes": 4011,
    "access_top4096_frac": 1.0,
    "compressed_bytes": 427188561,
    "h2d_gib_s": 9.945930935654502,
    "whole_decompress_gib_s": 22.654286356511758,
    "best_kernel": "onpair_shmem_4tpt_split8read_b128o12",
    "auto_decode_ms": 1.108896,
    "best_decode_ms": 1.108896,
    "validated": false,
    "auto_decode_gib_s": 839.864667163436,
    "best_decode_gib_s": 839.864667163436,
    "kernels": [
      {
        "kernel": "onpair_shmem",
        "decode_ms": 1.65312,
        "decode_gib_s": 563.372634750572,
        "decode_ns_iters": [
          1671872,
          1655264,
          1653440,
          1655552,
          1653120,
          1662976,
          1665600,
          1664416,
          1660832,
          1654944,
          1657408,
          1655968,
          1656320,
          1656480,
          1682144,
          1670432,
          1655616,
          1657056,
          1654336,
          1656992,
          1658624,
          1664832,
          1661824,
          1660320,
          1665632,
          1665152,
          1681568,
          1668384,
          1677984,
          1665792
        ],
        "applicable": true
      },
      {
        "kernel": "onpair_shmem_2tpt",
        "decode_ms": 1.223296,
        "decode_gib_s": 761.3223373238085,
        "decode_ns_iters": [
          1246496,
          1234240,
          1232096,
          1235328,
          1235136,
          1233824,
          1227968,
          1234080,
          1249344,
          1233632,
          1232544,
          1249600,
          1233984,
          1236288,
          1233376,
          1228128,
          1232992,
          1251168,
          1232896,
          1228896,
          1235040,
          1234272,
          1235392,
          1233856,
          1233280,
          1223296,
          1232992,
          1235168,
          1224992,
          1234592
        ],
        "applicable": true
      },
      {
        "kernel": "onpair_shmem_4tpt",
        "decode_ms": 1.281376,
        "decode_gib_s": 726.8144322656781,
        "decode_ns_iters": [
          3231072664,
          3233191490,
          3227148533,
          3248551369,
          3231193542,
          3229057074,
          3226977587,
          3233173609,
          3229416609,
          3262686968,
          3247543573,
          3223289490,
          3243185043,
          3228797436,
          1305952,
          1287872,
          1321888,
          1282720,
          1282720,
          1284128,
          1281984,
          1301568,
          1290976,
          1282432,
          1303776,
          1281376,
          1291168,
          1291232,
          1281888,
          1286464
        ],
        "applicable": true
      },
      {
        "kernel": "onpair_shmem_4tpt_wpb8",
        "decode_ms": 1.241728,
        "decode_gib_s": 750.0213975676362,
        "decode_ns_iters": [
          1241856,
          1243968,
          1251616,
          1242048,
          1242336,
          1245504,
          1247808,
          1243104,
          1242464,
          1244256,
          1242848,
          1243840,
          1263520,
          1243968,
          1250816,
          1250432,
          1264864,
          1251712,
          1256224,
          1248928,
          1244480,
          1266464,
          1249152,
          1251392,
          1264704,
          1266240,
          1242624,
          1242496,
          1241728,
          1250336
        ],
        "applicable": true
      },
      {
        "kernel": "onpair_shmem_4tpt_wpb8_occ",
        "decode_ms": 1.186432,
        "decode_gib_s": 784.9776219445074,
        "decode_ns_iters": [
          1187648,
          1195712,
          1195552,
          1187264,
          1189600,
          1188352,
          1190592,
          1196192,
          1188864,
          1194432,
          1209312,
          1187392,
          1204512,
          1188096,
          1186432,
          1206656,
          1189312,
          1196960,
          1193632,
          1187264,
          1196160,
          1210400,
          1195968,
          1190848,
          1189312,
          1189376,
          1194304,
          1189856,
          1187808,
          1189888
        ],
        "applicable": true
      },
      {
        "kernel": "onpair_shmem_4tpt_b128",
        "decode_ms": 1.169888,
        "decode_gib_s": 796.0784023418188,
        "decode_ns_iters": [
          1170720,
          1182112,
          1171808,
          1170336,
          1172864,
          1172032,
          1171520,
          1178976,
          1171264,
          1170880,
          1169888,
          1179808,
          1179680,
          1201632,
          1170272,
          1173024,
          1172288,
          1170432,
          1178912,
          1176320,
          1173312,
          1173696,
          1183456,
          1177696,
          1171776,
          1178016,
          1170624,
          1172096,
          1171744,
          1176832
        ],
        "applicable": true
      },
      {
        "kernel": "onpair_shmem_4tpt_o6",
        "decode_ms": 1.160736,
        "decode_gib_s": 802.3552039041313,
        "decode_ns_iters": [
          1165888,
          1163840,
          1163136,
          1160832,
          1161824,
          1162272,
          1162592,
          1163808,
          1170848,
          1163968,
          1163104,
          1173312,
          1162112,
          1160736,
          1172000,
          1162240,
          1183776,
          1168640,
          1171840,
          1178400,
          1169696,
          1163616,
          1163232,
          1162112,
          1161824,
          1174176,
          1164192,
          1184224,
          1163264,
          1162560
        ],
        "applicable": true
      },
      {
        "kernel": "onpair_shmem_4tpt_b512o3",
        "decode_ms": 1.161568,
        "decode_gib_s": 801.780498394296,
        "decode_ns_iters": [
          1163552,
          1161728,
          1162528,
          1162048,
          1162560,
          1161568,
          1162944,
          1163584,
          1161760,
          1164096,
          1169056,
          1162272,
          1162688,
          1163392,
          1178944,
          1169504,
          1170592,
          1174176,
          1162752,
          1168288,
          1185888,
          1162752,
          1168704,
          1161952,
          1161600,
          1162752,
          1170208,
          1162368,
          1162464,
          1164032
        ],
        "applicable": true
      },
      {
        "kernel": "onpair_shmem_4tpt_b128o12",
        "decode_ms": 1.164576,
        "decode_gib_s": 799.7095680821737,
        "decode_ns_iters": [
          1167648,
          1171840,
          1164576,
          1166624,
          1177728,
          1190400,
          1168448,
          1173184,
          1170848,
          1184640,
          1183520,
          1167840,
          1166944,
          1175104,
          1168128,
          1168224,
          1176448,
          1166368,
          1175296,
          1168800,
          1168800,
          1166400,
          1176096,
          1167328,
          1176992,
          1182752,
          1166976,
          1166080,
          1166848,
          1167264
        ],
        "applicable": true
      },
      {
        "kernel": "onpair_shmem_4tpt_b64",
        "decode_ms": 1.173728,
        "decode_gib_s": 793.4739308927328,
        "decode_ns_iters": [
          1174304,
          1173728,
          1180896,
          1173824,
          1176032,
          1176896,
          1178976,
          1177184,
          1175584,
          1174560,
          1174912,
          1185216,
          1176768,
          1175648,
          1174272,
          1176224,
          1174592,
          1175840,
          1174176,
          1175136,
          1178144,
          1195744,
          1175648,
          1176448,
          1175648,
          1190496,
          1174592,
          1175840,
          1174752,
          1177184
        ],
        "applicable": true
      },
      {
        "kernel": "onpair_shmem_4tpt_b64o24",
        "decode_ms": 1.169792,
        "decode_gib_s": 796.1437332097207,
        "decode_ns_iters": [
          1171808,
          1169920,
          1179104,
          1184672,
          1169792,
          1172032,
          1175680,
          1177408,
          1172192,
          1172448,
          1179328,
          1186848,
          1170336,
          1180768,
          1179072,
          1178848,
          1178592,
          1178784,
          1180064,
          1175008,
          1178944,
          1178496,
          1172832,
          1173856,
          1176768,
          1171072,
          1191840,
          1170944,
          1171136,
          1185600
        ],
        "applicable": true
      },
      {
        "kernel": "onpair_shmem_4tpt_split8read_b128o12",
        "decode_ms": 1.108896,
        "decode_gib_s": 839.864667163436,
        "decode_ns_iters": [
          1131264,
          1111584,
          1134432,
          1109920,
          1111840,
          1118592,
          1110848,
          1119584,
          1133152,
          1119584,
          1109792,
          1117472,
          1109600,
          1117376,
          1112192,
          1117376,
          1122272,
          1111744,
          1113632,
          1117824,
          1117216,
          1108896,
          1110688,
          1123488,
          1111104,
          1113312,
          1117120,
          1118464,
          1111072,
          1111808
        ],
        "applicable": true
      },
      {
        "kernel": "onpair_shmem_4tpt_split8read_occ",
        "decode_ms": 1.216096,
        "decode_gib_s": 765.8298110995066,
        "decode_ns_iters": [
          1218304,
          1228928,
          1216128,
          1226080,
          1219744,
          1227424,
          1226624,
          1225664,
          1217184,
          1234624,
          1216704,
          1217632,
          1223648,
          1216832,
          1229824,
          1216096,
          1224160,
          1220736,
          1224960,
          1216160,
          1217760,
          1223584,
          1216224,
          1216768,
          1225984,
          1239360,
          1218880,
          1217376,
          1225568,
          1224288
        ],
        "applicable": true
      },
      {
        "kernel": "onpair_shmem_4tpt_split8",
        "decode_ms": 1.384288,
        "decode_gib_s": 672.7809313949595,
        "decode_ns_iters": [
          1393216,
          1399488,
          1385856,
          1388704,
          1387872,
          1385600,
          1393280,
          1387168,
          1392672,
          1384832,
          1400096,
          1387424,
          1385728,
          1387456,
          1387264,
          1397760,
          1394656,
          1397536,
          1395712,
          1388384,
          1387680,
          1387968,
          1387296,
          1386240,
          1389312,
          1384288,
          1386016,
          1388320,
          1396384,
          1386592
        ],
        "applicable": true
      },
      {
        "kernel": "onpair_shmem_4tpt_split8_wpb8",
        "decode_ms": 1.367712,
        "decode_gib_s": 680.9347069842669,
        "decode_ns_iters": [
          1402496,
          1397280,
          1398976,
          1405280,
          1395520,
          1404096,
          1394816,
          1402624,
          1402912,
          1419104,
          1403776,
          1395648,
          1405248,
          1401664,
          1404032,
          1397216,
          1397280,
          1402688,
          1409472,
          1367712,
          1390208,
          1392032,
          1396160,
          1402976,
          1401888,
          1394848,
          1398816,
          1397312,
          1397568,
          1394912
        ],
        "applicable": true
      },
      {
        "kernel": "onpair_shmem_4tpt_split8_wpb8_occ",
        "decode_ms": 1.337856,
        "decode_gib_s": 696.1306522965593,
        "decode_ns_iters": [
          1342240,
          1355904,
          1338752,
          1352192,
          1345824,
          1339456,
          1340864,
          1362272,
          1345728,
          1347040,
          1337856,
          1347648,
          1340032,
          1340576,
          1353184,
          1340128,
          1340160,
          1346816,
          1343200,
          1339072,
          1339360,
          1352256,
          1338528,
          1340480,
          1339040,
          1358304,
          1339136,
          1340032,
          1339232,
          1347744
        ],
        "applicable": true
      },
      {
        "kernel": "onpair_shmem_4tpt_pdict",
        "decode_ms": 1.563424,
        "decode_gib_s": 595.6941750663068,
        "decode_ns_iters": [
          1567008,
          1573216,
          1572704,
          1585184,
          1570144,
          1576736,
          1563424,
          1574624,
          1569856,
          1571456,
          1572000,
          1572864,
          1591840,
          1575424,
          1587776,
          1572960,
          1566496,
          1582048,
          1576544,
          1575456,
          1570336,
          1574976,
          1598048,
          1573408,
          1568576,
          1572800,
          1571584,
          1572864,
          1576736,
          1576160
        ],
        "applicable": true
      },
      {
        "kernel": "onpair_shmem_4tpt_vdict",
        "decode_ms": 2.30128,
        "decode_gib_s": 404.6976334730522,
        "decode_ns_iters": [
          2303680,
          2309024,
          2308256,
          2310368,
          2306560,
          2305472,
          2306784,
          2304224,
          2307712,
          2301280,
          2315200,
          2305472,
          2302624,
          2305856,
          2311008,
          2309952,
          2304608,
          2304288,
          2324192,
          2302944,
          2310240,
          2305632,
          2302080,
          2315712,
          2306400,
          2309024,
          2312640,
          2312448,
          2310208,
          2318144
        ],
        "applicable": true
      },
      {
        "kernel": "onpair_shmem_4tpt_split8read",
        "decode_ms": 1.301312,
        "decode_gib_s": 715.6796909264386,
        "decode_ns_iters": [
          1310464,
          1302176,
          1306176,
          1306752,
          1302624,
          1302240,
          1317056,
          1307776,
          1317888,
          1310528,
          1303968,
          1301760,
          1302432,
          1309952,
          1302624,
          1302912,
          1303104,
          1301312,
          1302496,
          1302720,
          1302176,
          1314176,
          1319072,
          1303872,
          1303392,
          1304608,
          1306976,
          1309888,
          1304128,
          1301664
        ],
        "applicable": true
      },
      {
        "kernel": "onpair_shmem_4tpt_ldcs",
        "decode_ms": 1.277888,
        "decode_gib_s": 728.798274934005,
        "decode_ns_iters": [
          1279008,
          1280160,
          1280704,
          1291296,
          1279520,
          1280096,
          1278912,
          1287648,
          1278816,
          1284288,
          1278912,
          1292928,
          1278304,
          1287392,
          1279584,
          1285728,
          1277888,
          1279680,
          1280320,
          1279872,
          1286048,
          1280480,
          1287552,
          1280032,
          1278016,
          1280032,
          1285248,
          1282016,
          1279296,
          1297984
        ],
        "applicable": true
      },
      {
        "kernel": "onpair_shmem_4tpt_lenbucket",
        "decode_ms": 0.0,
        "decode_gib_s": 0.0,
        "applicable": false,
        "reason": "length-bucket dict not built (set ONPAIR_DICT_REORDER=lenbucket)"
      },
      {
        "kernel": "onpair_shmem_4tpt_lenbucket_b128",
        "decode_ms": 0.0,
        "decode_gib_s": 0.0,
        "applicable": false,
        "reason": "length-bucket dict not built (set ONPAIR_DICT_REORDER=lenbucket)"
      },
      {
        "kernel": "onpair_shmem_4tpt_regcache",
        "decode_ms": 1.358592,
        "decode_gib_s": 685.5057073491273,
        "decode_ns_iters": [
          1372288,
          1360640,
          1367072,
          1366880,
          1365056,
          1367328,
          1368096,
          1365952,
          1366816,
          1362912,
          1360416,
          1364416,
          1381472,
          1358592,
          1383488,
          1368096,
          1366112,
          1367328,
          1365152,
          1366304,
          1380672,
          1367648,
          1380992,
          1361888,
          1360128,
          1359648,
          1366240,
          1369664,
          1368192,
          1363360
        ],
        "applicable": true
      },
      {
        "kernel": "onpair_shmem_4tpt_split4read",
        "decode_ms": 1.340416,
        "decode_gib_s": 694.801143793319,
        "decode_ns_iters": [
          1365120,
          1340832,
          1350656,
          1344832,
          1349984,
          1341312,
          1351040,
          1363008,
          1341792,
          1349184,
          1349312,
          1349344,
          1348192,
          1349600,
          1347808,
          1343008,
          1346336,
          1349312,
          1348864,
          1349216,
          1350176,
          1348576,
          1358112,
          1342400,
          1340416,
          1341344,
          1342144,
          1343392,
          1354144,
          1342016
        ],
        "applicable": true
      },
      {
        "kernel": "onpair_shmem_4tpt_split4read_b128o12",
        "decode_ms": 1.193792,
        "decode_gib_s": 780.1380558412736,
        "decode_ns_iters": [
          1199168,
          1213760,
          1195872,
          1194144,
          1196704,
          1201344,
          1203392,
          1210240,
          1195968,
          1193920,
          1195328,
          1193792,
          1195296,
          1195136,
          1197504,
          1200576,
          1203392,
          1196960,
          1196768,
          1209696,
          1196896,
          1204352,
          1195488,
          1195136,
          1196928,
          1196704,
          1197376,
          1196800,
          1219392,
          1195360
        ],
        "applicable": true
      },
      {
        "kernel": "onpair_shmem_4tpt_cluster_dsmem",
        "decode_ms": 4.745984,
        "decode_gib_s": 196.23381999578288,
        "decode_ns_iters": [
          4785824,
          4796736,
          4797440,
          4803328,
          4787456,
          4795200,
          4790880,
          4776032,
          4786176,
          4804192,
          4794784,
          4782784,
          4777856,
          4800160,
          4802688,
          4750048,
          4771776,
          4784736,
          4778816,
          4796640,
          4788608,
          4745984,
          4800352,
          4782560,
          4794272,
          4784352,
          4781824,
          4789696,
          4776064,
          4803872
        ],
        "applicable": true
      },
      {
        "kernel": "onpair_shmem_8tpt",
        "decode_ms": 1.178112,
        "decode_gib_s": 790.5212492181266,
        "decode_ns_iters": [
          1178336,
          1187392,
          1179712,
          1193024,
          1189664,
          1179584,
          1178624,
          1188096,
          1193120,
          1181344,
          1187712,
          1178336,
          1178688,
          1183808,
          1200608,
          1178624,
          1191488,
          1181696,
          1185440,
          1194432,
          1179904,
          1178112,
          1195616,
          1179392,
          1178304,
          1178784,
          1179360,
          1180064,
          1178944,
          1179392
        ],
        "applicable": true
      },
      {
        "kernel": "onpair_shmem_8tpt_b128",
        "decode_ms": 1.179168,
        "decode_gib_s": 789.8133005295816,
        "decode_ns_iters": [
          1191168,
          1180352,
          1179296,
          1179168,
          1181696,
          1180416,
          1188736,
          1179584,
          1180704,
          1181440,
          1188736,
          1182464,
          1202208,
          1180480,
          1182624,
          1183424,
          1182208,
          1188608,
          1194656,
          1182016,
          1184640,
          1181472,
          1182208,
          1181952,
          1181184,
          1184832,
          1181344,
          1181312,
          1188128,
          1180928
        ],
        "applicable": true
      },
      {
        "kernel": "onpair_shmem_4tpt_vwidth",
        "decode_ms": 3.732704,
        "decode_gib_s": 249.50346182254626,
        "decode_ns_iters": [
          3741696,
          3743232,
          3732704,
          3734304,
          3740992,
          3737920,
          3742112,
          3741824,
          3741696,
          3743008,
          3733344,
          3734432,
          3742400,
          3743328,
          3735008,
          3739680,
          3733376,
          3733088,
          3732704,
          3747424,
          3751328,
          3739296,
          3741024,
          3733856,
          3746944,
          3755264,
          3733280,
          3735040,
          3735008,
          3734080
        ],
        "applicable": true
      },
      {
        "kernel": "onpair_shmem_4tpt_vwidth_b128",
        "decode_ms": 4.616128,
        "decode_gib_s": 201.75406097033394,
        "decode_ns_iters": [
          4619776,
          4619712,
          4618560,
          4622400,
          4632128,
          4625248,
          4619808,
          4626304,
          4624640,
          4618048,
          4617312,
          4646144,
          4624192,
          4617760,
          4637024,
          4618816,
          4624736,
          4616864,
          4617376,
          4616960,
          4616640,
          4636256,
          4625216,
          4640064,
          4624512,
          4618048,
          4624064,
          4616928,
          4616128,
          4618112
        ],
        "applicable": true
      },
      {
        "kernel": "onpair_shmem_4tpt_vwidth4",
        "decode_ms": 1.514624,
        "decode_gib_s": 614.8869752221447,
        "decode_ns_iters": [
          1529280,
          1528224,
          1536224,
          1529792,
          1516896,
          1514720,
          1516544,
          1518368,
          1523744,
          1515552,
          1515648,
          1517600,
          1521792,
          1519872,
          1515904,
          1525056,
          1522752,
          1516192,
          1514688,
          1514624,
          1524992,
          1522912,
          1524320,
          1524000,
          1523328,
          1535072,
          1524352,
          1523040,
          1516288,
          1516160
        ],
        "applicable": true
      },
      {
        "kernel": "onpair_shmem_4tpt_vwidth4_b128",
        "decode_ms": 1.13952,
        "decode_gib_s": 817.2937464536521,
        "decode_ns_iters": [
          1139520,
          1161152,
          1156064,
          1140960,
          1154336,
          1150368,
          1141600,
          1163840,
          1161024,
          1142496,
          1149024,
          1143968,
          1141056,
          1141440,
          1142304,
          1141280,
          1141408,
          1140512,
          1143040,
          1148672,
          1142016,
          1145440,
          1149440,
          1141696,
          1155648,
          1148416,
          1154208,
          1149952,
          1140768,
          1142464
        ],
        "applicable": true
      },
      {
        "kernel": "onpair_shmem_4tpt_shdict8",
        "decode_ms": 2.031264,
        "decode_gib_s": 458.4941051280708,
        "decode_ns_iters": [
          2039808,
          2033504,
          2043264,
          2036608,
          2040032,
          2043424,
          2033376,
          2048000,
          2039648,
          2039488,
          2034976,
          2033952,
          2032352,
          2048256,
          2046112,
          2038944,
          2042848,
          2037152,
          2041856,
          2038784,
          2054464,
          2040992,
          2038528,
          2034912,
          2038240,
          2046112,
          2031264,
          2037952,
          2036896,
          2044736
        ],
        "applicable": true
      },
      {
        "kernel": "onpair_shmem_4tpt_ablate",
        "decode_ms": 1.165952,
        "decode_gib_s": 798.7657896370224,
        "decode_ns_iters": [
          1168640,
          1167648,
          1166848,
          1171520,
          1172928,
          1168224,
          1166944,
          1186784,
          1168544,
          1176736,
          1166400,
          1168832,
          1168256,
          1166688,
          1166784,
          1165952,
          1168960,
          1175744,
          1166688,
          1188448,
          1166752,
          1165984,
          1174080,
          1174432,
          1173568,
          1166752,
          1191136,
          1174880,
          1174176,
          1173952
        ],
        "applicable": true
      },
      {
        "kernel": "onpair_shmem_4tpt_ablate_nogather",
        "decode_ms": 0.8792,
        "decode_gib_s": 1059.2840877603112,
        "decode_ns_iters": [
          885504,
          886944,
          887296,
          888320,
          889024,
          902784,
          884352,
          901984,
          879424,
          887392,
          888096,
          887680,
          898016,
          887616,
          887552,
          887616,
          880096,
          887648,
          886720,
          886208,
          887424,
          900800,
          887200,
          900960,
          887808,
          886272,
          885920,
          886592,
          879200,
          887200
        ],
        "applicable": true
      },
      {
        "kernel": "onpair_shmem_4tpt_ablate_noemit",
        "decode_ms": 0.4384,
        "decode_gib_s": 2124.367176001062,
        "decode_ns_iters": [
          460544,
          462176,
          462624,
          460992,
          449216,
          446528,
          444128,
          449216,
          446624,
          447616,
          454016,
          440288,
          444288,
          449056,
          441216,
          460896,
          461472,
          459584,
          438496,
          438400,
          441824,
          441888,
          444480,
          441824,
          440480,
          440800,
          439712,
          441088,
          441792,
          454624
        ],
        "applicable": true
      },
      {
        "kernel": "onpair_shmem_4tpt_ablate_nodrain",
        "decode_ms": 1.054464,
        "decode_gib_s": 883.2189339407184,
        "decode_ns_iters": [
          1062880,
          1056320,
          1062912,
          1057568,
          1055936,
          1057344,
          1080672,
          1054752,
          1054656,
          1059168,
          1074720,
          1056800,
          1055904,
          1055936,
          1054464,
          1056704,
          1055744,
          1055232,
          1063008,
          1063200,
          1057504,
          1056768,
          1069312,
          1055712,
          1057472,
          1058176,
          1061184,
          1054560,
          1076672,
          1064288
        ],
        "applicable": true
      },
      {
        "kernel": "onpair_shmem_4tpt_ablate_noscan",
        "decode_ms": 0.7448,
        "decode_gib_s": 1250.4330960779614,
        "decode_ns_iters": [
          768320,
          744800,
          753120,
          747360,
          755392,
          747264,
          747712,
          748512,
          744800,
          746176,
          745760,
          754144,
          758112,
          754080,
          745440,
          754432,
          750848,
          754368,
          748672,
          751680,
          752832,
          752448,
          747488,
          747744,
          755072,
          746304,
          766912,
          748416,
          747296,
          761248
        ],
        "applicable": true
      },
      {
        "kernel": "onpair_shmem_4tpt_ablate_cfree",
        "decode_ms": 1.082272,
        "decode_gib_s": 860.5254224066276,
        "decode_ns_iters": [
          1106944,
          1091168,
          1085152,
          1089632,
          1085760,
          1083584,
          1091424,
          1082272,
          1082976,
          1083936,
          1084416,
          1083584,
          1083424,
          1085248,
          1109440,
          1083808,
          1083456,
          1092544,
          1088864,
          1084384,
          1084160,
          1082720,
          1083424,
          1092160,
          1091072,
          1091264,
          1090496,
          1092960,
          1086272,
          1088544
        ],
        "applicable": true
      },
      {
        "kernel": "onpair_shmem_s8",
        "decode_ms": 0.0,
        "decode_gib_s": 0.0,
        "applicable": false,
        "reason": "dictionary entry longer than 8 bytes"
      },
      {
        "kernel": "onpair_shmem_s8_2tpt",
        "decode_ms": 0.0,
        "decode_gib_s": 0.0,
        "applicable": false,
        "reason": "dictionary entry longer than 8 bytes"
      },
      {
        "kernel": "onpair_shmem_s8_4tpt",
        "decode_ms": 0.0,
        "decode_gib_s": 0.0,
        "applicable": false,
        "reason": "dictionary entry longer than 8 bytes"
      },
      {
        "kernel": "onpair_shmem_s8_8tpt",
        "decode_ms": 0.0,
        "decode_gib_s": 0.0,
        "applicable": false,
        "reason": "dictionary entry longer than 8 bytes"
      },
      {
        "kernel": "onpair_shmem_s4l1",
        "decode_ms": 0.0,
        "decode_gib_s": 0.0,
        "applicable": false,
        "reason": "dictionary entry longer than 4 bytes"
      },
      {
        "kernel": "onpair_shmem_s4l1_2tpt",
        "decode_ms": 0.0,
        "decode_gib_s": 0.0,
        "applicable": false,
        "reason": "dictionary entry longer than 4 bytes"
      },
      {
        "kernel": "onpair_shmem_s4l1_4tpt",
        "decode_ms": 0.0,
        "decode_gib_s": 0.0,
        "applicable": false,
        "reason": "dictionary entry longer than 4 bytes"
      },
      {
        "kernel": "onpair_shmem_s4l1_8tpt",
        "decode_ms": 0.0,
        "decode_gib_s": 0.0,
        "applicable": false,
        "reason": "dictionary entry longer than 4 bytes"
      },
      {
        "kernel": "onpair_shmem_s4l1_16tpt",
        "decode_ms": 0.0,
        "decode_gib_s": 0.0,
        "applicable": false,
        "reason": "dictionary entry longer than 4 bytes"
      },
      {
        "kernel": "onpair_shmem_s4l1_32tpt",
        "decode_ms": 0.0,
        "decode_gib_s": 0.0,
        "applicable": false,
        "reason": "dictionary entry longer than 4 bytes"
      },
      {
        "kernel": "onpair_shmem_const1",
        "decode_ms": 0.0,
        "decode_gib_s": 0.0,
        "applicable": false,
        "reason": "not every dictionary entry is exactly 1 byte"
      },
      {
        "kernel": "onpair_shmem_const2",
        "decode_ms": 0.0,
        "decode_gib_s": 0.0,
        "applicable": false,
        "reason": "not every dictionary entry is exactly 2 bytes"
      }
    ]
  }
}
==PROF== Disconnected from process 36480
==PROF== Report: /home/ubuntu/work/shdict_ncu_clickbench_URL_b12_onpair_shmem_4tpt.ncu-rep
