==PROF== Connected to process 17784 (/home/ubuntu/work/target/release/onpair-chunk-bench)
2026-07-06T03:20:54.492382Z  INFO vortex_cuda: vortex-cuda/src/lib.rs:111: Registering CUDA kernels
==PROF== Profiling "onpair_shmem_4tpt": 0%....50%....100% - 43 passes
==PROF== Profiling "onpair_shmem_4tpt": 0%....50%....100% - 43 passes
==PROF== Profiling "onpair_shmem_4tpt": 0%....50%....100% - 43 passes
==PROF== Profiling "onpair_shmem_4tpt": 0%....50%....100% - 43 passes
==PROF== Profiling "onpair_shmem_4tpt": 0%....50%....100% - 43 passes
==PROF== Profiling "onpair_shmem_4tpt": 0%....50%....100% - 43 passes
==PROF== Profiling "onpair_shmem_4tpt": 0%....50%....100% - 43 passes
==PROF== Profiling "onpair_shmem_4tpt": 0%....50%....100% - 43 passes
==PROF== Profiling "onpair_shmem_4tpt": 0%....50%....100% - 43 passes
==PROF== Profiling "onpair_shmem_4tpt": 0%....50%....100% - 43 passes
==PROF== Profiling "onpair_shmem_4tpt": 0%....50%....100% - 43 passes
==PROF== Profiling "onpair_shmem_4tpt": 0%....50%....100% - 43 passes
==PROF== Profiling "onpair_shmem_4tpt": 0%....50%....100% - 43 passes
==PROF== Profiling "onpair_shmem_4tpt": 0%....50%....100% - 43 passes
==PROF== Profiling "onpair_shmem_4tpt": 0%....50%....100% - 43 passes
==PROF== Profiling "onpair_shmem_4tpt": 0%....50%....100% - 43 passes
{
  "files": [
    "/home/ubuntu/work/vortex-bench/data/onpair-bench/tpch-sf10/ps_comment/bits12_chunk1000mb_thr0.20/part_0000.vortex"
  ],
  "column": "ps_comment",
  "rows": 8000000,
  "in_memory_bytes": 157683213,
  "dict_bytes": 39025,
  "gpu": {
    "iterations": 30,
    "decoded_bytes": 987934065,
    "chunks": 1,
    "auto_kernel": "onpair_shmem_4tpt",
    "frac_le8": 0.3259341,
    "dict_mean_len": 10.306386,
    "dict_max_len": 16,
    "dict_entries_max": 4096,
    "small_dict": true,
    "distinct_codes": 3870,
    "access_top4096_frac": 1.0,
    "compressed_bytes": 191756123,
    "h2d_gib_s": 20.031273625635286,
    "whole_decompress_gib_s": 84.0025532476501,
    "best_kernel": "onpair_shmem_4tpt_wpb8",
    "auto_decode_ms": 2.037664,
    "best_decode_ms": 1.942368,
    "validated": false,
    "auto_decode_gib_s": 451.5392611176993,
    "best_decode_gib_s": 473.69257368641547,
    "kernels": [
      {
        "kernel": "onpair_shmem",
        "decode_ms": 2.433024,
        "decode_gib_s": 378.1653189471766,
        "decode_ns_iters": [
          2441216,
          2440192,
          2451456,
          2449408,
          2456576,
          2501824,
          2439168,
          2458624,
          2448384,
          2455552,
          2446336,
          2437120,
          2446336,
          2433024,
          2471936,
          2488320,
          2531328,
          2542592,
          2514944,
          2497536,
          2453440,
          2439168,
          2438144,
          2442240,
          2489472,
          2461536,
          2453504,
          2449408,
          2522112,
          2501632
        ],
        "applicable": true
      },
      {
        "kernel": "onpair_shmem_2tpt",
        "decode_ms": 2.126848,
        "decode_gib_s": 432.60510246436775,
        "decode_ns_iters": [
          2126848,
          2141184,
          2140160,
          2145280,
          2137280,
          2147328,
          2142208,
          2134016,
          2178048,
          2155520,
          2136160,
          2138976,
          2157568,
          2172928,
          2150400,
          2152640,
          2127872,
          2144160,
          2174976,
          2155520,
          2144160,
          2169856,
          2180096,
          2146304,
          2128960,
          2144256,
          2183168,
          2149376,
          2176000,
          2167808
        ],
        "applicable": true
      },
      {
        "kernel": "onpair_shmem_4tpt",
        "decode_ms": 2.037664,
        "decode_gib_s": 451.5392611176993,
        "decode_ns_iters": [
          1954531193,
          1948992610,
          1953663945,
          1957123041,
          1950829625,
          1951891422,
          1948955655,
          1949062109,
          1950186491,
          1947547555,
          1955554366,
          1949614167,
          1947064161,
          1948876858,
          2052096,
          2044928,
          2038784,
          2050048,
          2045952,
          2048000,
          2037664,
          2057216,
          2043904,
          2044928,
          2038880,
          2040832,
          2037760,
          2049024,
          2044928,
          2041856
        ],
        "applicable": true
      },
      {
        "kernel": "onpair_shmem_4tpt_wpb8",
        "decode_ms": 1.942368,
        "decode_gib_s": 473.69257368641547,
        "decode_ns_iters": [
          1944384,
          1947648,
          1942368,
          1945600,
          1943552,
          1943552,
          1949696,
          1959936,
          1945600,
          1954816,
          1944576,
          1943552,
          1945600,
          1945568,
          1947648,
          1946624,
          1948672,
          1971200,
          1952768,
          1950720,
          1949696,
          1951744,
          1952768,
          1951744,
          1950720,
          1955840,
          1965056,
          1948672,
          1957952,
          1953792
        ],
        "applicable": true
      },
      {
        "kernel": "onpair_shmem_4tpt_wpb8_occ",
        "decode_ms": 2.057216,
        "decode_gib_s": 447.24778388177793,
        "decode_ns_iters": [
          2073600,
          2074656,
          2068480,
          2074624,
          2077696,
          2071552,
          2058240,
          2081792,
          2057216,
          2061312,
          2067424,
          2066432,
          2060288,
          2065344,
          2080768,
          2079744,
          2076736,
          2064384,
          2071552,
          2073600,
          2073600,
          2070528,
          2067456,
          2072576,
          2078720,
          2068480,
          2066432,
          2072576,
          2074624,
          2061312
        ],
        "applicable": true
      },
      {
        "kernel": "onpair_shmem_4tpt_b128",
        "decode_ms": 2.074624,
        "decode_gib_s": 443.4949643724046,
        "decode_ns_iters": [
          2082720,
          2081760,
          2091008,
          2083840,
          2081696,
          2074624,
          2077696,
          2092032,
          2083840,
          2092032,
          2085888,
          2102336,
          2082816,
          2083840,
          2084864,
          2082816,
          2096128,
          2096960,
          2098176,
          2086912,
          2080768,
          2086912,
          2081792,
          2080736,
          2083712,
          2092032,
          2083904,
          2099200,
          2083680,
          2088960
        ],
        "applicable": true
      },
      {
        "kernel": "onpair_shmem_4tpt_o6",
        "decode_ms": 2.210816,
        "decode_gib_s": 416.1745242327428,
        "decode_ns_iters": [
          2217856,
          2226304,
          2216960,
          2225120,
          2223072,
          2234368,
          2223104,
          2221984,
          2231296,
          2227200,
          2222080,
          2226176,
          2228032,
          2222976,
          2232320,
          2224064,
          2222080,
          2223104,
          2223104,
          2221056,
          2226176,
          2210816,
          2223104,
          2246656,
          2221056,
          2230272,
          2221056,
          2215936,
          2230240,
          2226176
        ],
        "applicable": true
      },
      {
        "kernel": "onpair_shmem_4tpt_b512o3",
        "decode_ms": 2.046976,
        "decode_gib_s": 449.4851414799859,
        "decode_ns_iters": [
          2062336,
          2054144,
          2056192,
          2050048,
          2055136,
          2059136,
          2060288,
          2049024,
          2052096,
          2055168,
          2049024,
          2046976,
          2055168,
          2060288,
          2055168,
          2057216,
          2057216,
          2063360,
          2052096,
          2070528,
          2058240,
          2054208,
          2056192,
          2052192,
          2056192,
          2056192,
          2058240,
          2056192,
          2067456,
          2054144
        ],
        "applicable": true
      },
      {
        "kernel": "onpair_shmem_4tpt_b128o12",
        "decode_ms": 2.207744,
        "decode_gib_s": 416.7536167989294,
        "decode_ns_iters": [
          2245632,
          2243584,
          2246592,
          2239488,
          2239680,
          2244544,
          2243584,
          2239488,
          2241536,
          2238464,
          2244608,
          2242560,
          2242560,
          2234368,
          2231296,
          2243584,
          2237440,
          2235392,
          2232320,
          2243584,
          2241536,
          2231296,
          2207744,
          2238464,
          2246656,
          2222080,
          2238464,
          2241536,
          2238464,
          2233344
        ],
        "applicable": true
      },
      {
        "kernel": "onpair_shmem_4tpt_b64",
        "decode_ms": 2.175968,
        "decode_gib_s": 422.8395348489204,
        "decode_ns_iters": [
          2177024,
          2185216,
          2186240,
          2191360,
          2181120,
          2187264,
          2185216,
          2178048,
          2187264,
          2183168,
          2183168,
          2184160,
          2201600,
          2184192,
          2183168,
          2176000,
          2176000,
          2175968,
          2189312,
          2184160,
          2183168,
          2178048,
          2180096,
          2184192,
          2176000,
          2180096,
          2182144,
          2181120,
          2186240,
          2185216
        ],
        "applicable": true
      },
      {
        "kernel": "onpair_shmem_4tpt_b64o24",
        "decode_ms": 2.21184,
        "decode_gib_s": 415.9818508418943,
        "decode_ns_iters": [
          2254720,
          2229248,
          2246656,
          2250688,
          2247680,
          2250752,
          2252800,
          2244768,
          2237440,
          2251776,
          2224128,
          2261088,
          2255872,
          2233344,
          2250752,
          2237440,
          2248704,
          2232288,
          2228224,
          2238464,
          2249728,
          2246656,
          2221920,
          2252800,
          2243584,
          2237440,
          2247680,
          2245632,
          2211840,
          2218944
        ],
        "applicable": true
      },
      {
        "kernel": "onpair_shmem_4tpt_split8read_b128o12",
        "decode_ms": 3.19488,
        "decode_gib_s": 287.98743519823455,
        "decode_ns_iters": [
          3237728,
          3207168,
          3195840,
          3196768,
          3197952,
          3197952,
          3196928,
          3196928,
          3212288,
          3195904,
          3195904,
          3195904,
          3197952,
          3197952,
          3196928,
          3196928,
          3194880,
          3198976,
          3196736,
          3204096,
          3196928,
          3196928,
          3195968,
          3196928,
          3212224,
          3197952,
          3200000,
          3195904,
          3195904,
          3199840
        ],
        "applicable": true
      },
      {
        "kernel": "onpair_shmem_4tpt_split8read_occ",
        "decode_ms": 3.026944,
        "decode_gib_s": 303.9650872187049,
        "decode_ns_iters": [
          3030016,
          3030016,
          3032064,
          3031200,
          3028992,
          3028992,
          3031040,
          3032064,
          3030016,
          3027968,
          3030048,
          3031040,
          3033088,
          3027776,
          3028032,
          3027968,
          3028960,
          3032096,
          3031040,
          3029152,
          3031040,
          3028992,
          3031040,
          3030016,
          3046400,
          3026944,
          3031040,
          3030016,
          3028064,
          3044416
        ],
        "applicable": true
      },
      {
        "kernel": "onpair_shmem_4tpt_split8",
        "decode_ms": 2.015232,
        "decode_gib_s": 456.56544604598156,
        "decode_ns_iters": [
          2030432,
          2015232,
          2032640,
          2027424,
          2033664,
          2035712,
          2031648,
          2036864,
          2029664,
          2029568,
          2041856,
          2016224,
          2024448,
          2030592,
          2024448,
          2049024,
          2046976,
          2029440,
          2034688,
          2037760,
          2027392,
          2031712,
          2025472,
          2023552,
          2029568,
          2056160,
          2051072,
          2038752,
          2031616,
          2034688
        ],
        "applicable": true
      },
      {
        "kernel": "onpair_shmem_4tpt_split8_wpb8",
        "decode_ms": 2.069504,
        "decode_gib_s": 444.592181008655,
        "decode_ns_iters": [
          2087936,
          2080768,
          2086912,
          2080704,
          2084000,
          2082816,
          2069504,
          2078656,
          2080800,
          2079744,
          2085888,
          2087936,
          2087936,
          2077696,
          2085888,
          2084864,
          2082848,
          2085888,
          2083840,
          2084992,
          2083840,
          2084672,
          2086752,
          2071584,
          2082848,
          2078592,
          2074688,
          2082688,
          2080768,
          2079744
        ],
        "applicable": true
      },
      {
        "kernel": "onpair_shmem_4tpt_split8_wpb8_occ",
        "decode_ms": 2.056064,
        "decode_gib_s": 447.49837406137914,
        "decode_ns_iters": [
          2061312,
          2056064,
          2061184,
          2080640,
          2062336,
          2061312,
          2063360,
          2075648,
          2064384,
          2064256,
          2065408,
          2067456,
          2068480,
          2075648,
          2092064,
          2115584,
          2151584,
          2150240,
          2151424,
          2152448,
          2151424,
          2151424,
          2164896,
          2153472,
          2151424,
          2154496,
          2152416,
          2152576,
          2161664,
          2148352
        ],
        "applicable": true
      },
      {
        "kernel": "onpair_shmem_4tpt_pdict",
        "decode_ms": 2.337792,
        "decode_gib_s": 393.5702136743284,
        "decode_ns_iters": [
          2363392,
          2353152,
          2355200,
          2372608,
          2349056,
          2360320,
          2363392,
          2337920,
          2340864,
          2346048,
          2355200,
          2353152,
          2345984,
          2365536,
          2362368,
          2358272,
          2380800,
          2342816,
          2363488,
          2356320,
          2337792,
          2353152,
          2350080,
          2350080,
          2358272,
          2371680,
          2355200,
          2367488,
          2358272,
          2356224
        ],
        "applicable": true
      },
      {
        "kernel": "onpair_shmem_4tpt_vdict",
        "decode_ms": 2.238432,
        "decode_gib_s": 411.0400927819722,
        "decode_ns_iters": [
          2257952,
          2253664,
          2255872,
          2253856,
          2251776,
          2258848,
          2263136,
          2252800,
          2250752,
          2258944,
          2257920,
          2272256,
          2258944,
          2258944,
          2238432,
          2245696,
          2252832,
          2253792,
          2250752,
          2266112,
          2268160,
          2256960,
          2252800,
          2248672,
          2256896,
          2260800,
          2247680,
          2251776,
          2258944,
          2277216
        ],
        "applicable": true
      },
      {
        "kernel": "onpair_shmem_4tpt_split8read",
        "decode_ms": 2.41952,
        "decode_gib_s": 380.2759625736243,
        "decode_ns_iters": [
          2421760,
          2419712,
          2422784,
          2419520,
          2421760,
          2422752,
          2419712,
          2419712,
          2421760,
          2420736,
          2439360,
          2420736,
          2420736,
          2420576,
          2419680,
          2445312,
          2436096,
          2435104,
          2438144,
          2438016,
          2436096,
          2436096,
          2438144,
          2437120,
          2436096,
          2437120,
          2435072,
          2436224,
          2442240,
          2449408
        ],
        "applicable": true
      },
      {
        "kernel": "onpair_shmem_4tpt_ldcs",
        "decode_ms": 2.18112,
        "decode_gib_s": 421.8407501495266,
        "decode_ns_iters": [
          2197504,
          2201536,
          2223104,
          2210816,
          2203648,
          2198528,
          2210816,
          2221088,
          2198336,
          2213888,
          2213728,
          2196480,
          2197504,
          2211840,
          2202784,
          2210816,
          2201568,
          2204672,
          2197376,
          2198528,
          2211776,
          2193408,
          2202624,
          2190336,
          2181120,
          2203648,
          2200576,
          2198688,
          2204672,
          2221056
        ],
        "applicable": true
      },
      {
        "kernel": "onpair_shmem_4tpt_lenbucket",
        "decode_ms": 0.0,
        "decode_gib_s": 0.0,
        "applicable": false,
        "reason": "length-bucket dict not built (set ONPAIR_DICT_REORDER=lenbucket)"
      },
      {
        "kernel": "onpair_shmem_4tpt_lenbucket_b128",
        "decode_ms": 0.0,
        "decode_gib_s": 0.0,
        "applicable": false,
        "reason": "length-bucket dict not built (set ONPAIR_DICT_REORDER=lenbucket)"
      },
      {
        "kernel": "onpair_shmem_4tpt_regcache",
        "decode_ms": 1.990656,
        "decode_gib_s": 462.2020564909937,
        "decode_ns_iters": [
          1994752,
          1995776,
          1990656,
          1994752,
          1993728,
          2004992,
          1992704,
          1995776,
          2000832,
          2006016,
          2007040,
          2018464,
          1992672,
          1997824,
          2000896,
          2001920,
          2000896,
          1996896,
          2013184,
          2006016,
          2013216,
          2010112,
          2007040,
          2034688,
          2063232,
          2086720,
          2079744,
          2085888,
          2084864,
          2084864
        ],
        "applicable": true
      },
      {
        "kernel": "onpair_shmem_4tpt_split4read",
        "decode_ms": 2.596768,
        "decode_gib_s": 354.31940664939475,
        "decode_ns_iters": [
          2623488,
          2622464,
          2619392,
          2623488,
          2618528,
          2620352,
          2617344,
          2619552,
          2618368,
          2606080,
          2599936,
          2605056,
          2601984,
          2598912,
          2599008,
          2596768,
          2600064,
          2597888,
          2596864,
          2597888,
          2598848,
          2597024,
          2598912,
          2600960,
          2596864,
          2598912,
          2596864,
          2597888,
          2600960,
          2596864
        ],
        "applicable": true
      },
      {
        "kernel": "onpair_shmem_4tpt_split4read_b128o12",
        "decode_ms": 3.453824,
        "decode_gib_s": 266.396115426303,
        "decode_ns_iters": [
          3528704,
          3532800,
          3528704,
          3531776,
          3534912,
          3504128,
          3504128,
          3503104,
          3504064,
          3496960,
          3479552,
          3478528,
          3479552,
          3477568,
          3478528,
          3456192,
          3469312,
          3456000,
          3453952,
          3453952,
          3455840,
          3453824,
          3454976,
          3456000,
          3454976,
          3453824,
          3456000,
          3473408,
          3454976,
          3454816
        ],
        "applicable": true
      },
      {
        "kernel": "onpair_shmem_4tpt_cluster_dsmem",
        "decode_ms": 0.0,
        "decode_gib_s": 0.0,
        "applicable": false,
        "reason": "thread-block clusters require sm_90+ (device cc 8.x)"
      },
      {
        "kernel": "onpair_shmem_8tpt",
        "decode_ms": 2.006016,
        "decode_gib_s": 458.66299020852057,
        "decode_ns_iters": [
          2015232,
          2032640,
          2010112,
          2016256,
          2011136,
          2011136,
          2012160,
          2017280,
          2011136,
          2013184,
          2018304,
          2017120,
          2017280,
          2012160,
          2013184,
          2015232,
          2016256,
          2014208,
          2006016,
          2013184,
          2012160,
          2014208,
          2018304,
          2008032,
          2031616,
          2013184,
          2014176,
          2013120,
          2017280,
          2015232
        ],
        "applicable": true
      },
      {
        "kernel": "onpair_shmem_8tpt_b128",
        "decode_ms": 1.972224,
        "decode_gib_s": 466.52170187876,
        "decode_ns_iters": [
          1979264,
          1996800,
          1973088,
          1977344,
          1978368,
          1980416,
          1979296,
          1979392,
          1995776,
          1979392,
          1984416,
          1981312,
          1981440,
          1973216,
          1980512,
          1997824,
          1980416,
          1983488,
          1979392,
          1982464,
          1979392,
          1980416,
          1986560,
          1972224,
          1978208,
          1978368,
          1979392,
          1979392,
          1982336,
          1996832
        ],
        "applicable": true
      },
      {
        "kernel": "onpair_shmem_4tpt_vwidth",
        "decode_ms": 4.670464,
        "decode_gib_s": 197.0008326723288,
        "decode_ns_iters": [
          4707424,
          4705280,
          4708352,
          4733952,
          4761600,
          4755456,
          4739936,
          4755456,
          4775936,
          4774880,
          4780032,
          4765696,
          4751360,
          4753408,
          4750336,
          4723712,
          4708352,
          4706304,
          4710400,
          4697024,
          4684800,
          4695040,
          4681728,
          4673536,
          4673728,
          4672480,
          4670464,
          4682752,
          4717536,
          4728832
        ],
        "applicable": true
      },
      {
        "kernel": "onpair_shmem_4tpt_vwidth_b128",
        "decode_ms": 8.36096,
        "decode_gib_s": 110.0454130824852,
        "decode_ns_iters": [
          8409119,
          8370176,
          8360960,
          8376320,
          8417153,
          8415231,
          8414208,
          8419297,
          8462336,
          8482816,
          8483713,
          8480736,
          8469504,
          8424448,
          8417280,
          8412160,
          8415231,
          8450912,
          8473600,
          8481792,
          8480769,
          8474624,
          8439776,
          8417280,
          8418305,
          8412160,
          8423423,
          8416256,
          8416256,
          8417408
        ],
        "applicable": true
      },
      {
        "kernel": "onpair_shmem_4tpt_vwidth4",
        "decode_ms": 3.034112,
        "decode_gib_s": 303.2469786765075,
        "decode_ns_iters": [
          3123104,
          3100672,
          3077120,
          3095552,
          3080192,
          3086336,
          3077120,
          3072864,
          3055616,
          3055616,
          3056640,
          3055616,
          3056576,
          3049472,
          3037184,
          3042304,
          3035136,
          3036160,
          3034112,
          3036000,
          3059616,
          3056640,
          3053568,
          3056640,
          3055616,
          3056640,
          3038208,
          3034112,
          3036160,
          3038208
        ],
        "applicable": true
      },
      {
        "kernel": "onpair_shmem_4tpt_vwidth4_b128",
        "decode_ms": 3.096576,
        "decode_gib_s": 297.1298934584959,
        "decode_ns_iters": [
          3102720,
          3100672,
          3099648,
          3101568,
          3101696,
          3101696,
          3103744,
          3096576,
          3099648,
          3098624,
          3099648,
          3100672,
          3131392,
          3145728,
          3146752,
          3143680,
          3148800,
          3140608,
          3160064,
          3167232,
          3164160,
          3166208,
          3166240,
          3163136,
          3147872,
          3144704,
          3145568,
          3143680,
          3144704,
          3144704
        ],
        "applicable": true
      },
      {
        "kernel": "onpair_shmem_4tpt_shdict8",
        "decode_ms": 2.798528,
        "decode_gib_s": 328.7747333477226,
        "decode_ns_iters": [
          2807808,
          2817024,
          2808832,
          2822304,
          2808832,
          2810880,
          2823296,
          2807808,
          2814976,
          2810880,
          2814976,
          2817024,
          2812768,
          2819072,
          2820992,
          2820096,
          2806784,
          2807808,
          2811904,
          2799616,
          2842624,
          2804800,
          2807616,
          2809856,
          2798528,
          2819072,
          2811744,
          2812928,
          2816864,
          2809856
        ],
        "applicable": true
      },
      {
        "kernel": "onpair_shmem_4tpt_ablate",
        "decode_ms": 2.238464,
        "decode_gib_s": 411.0342167513686,
        "decode_ns_iters": [
          2255872,
          2259968,
          2241536,
          2249728,
          2242560,
          2250752,
          2240512,
          2246656,
          2254848,
          2243584,
          2239488,
          2247680,
          2266112,
          2253792,
          2247872,
          2242560,
          2241344,
          2264064,
          2243584,
          2245632,
          2250752,
          2241536,
          2254848,
          2238464,
          2247680,
          2242560,
          2239488,
          2251776,
          2248704,
          2263040
        ],
        "applicable": true
      },
      {
        "kernel": "onpair_shmem_4tpt_ablate_nogather",
        "decode_ms": 2.039776,
        "decode_gib_s": 451.071733840449,
        "decode_ns_iters": [
          2057216,
          2059264,
          2053120,
          2054144,
          2041856,
          2054976,
          2057216,
          2048000,
          2058240,
          2063520,
          2049024,
          2057184,
          2074624,
          2067456,
          2054144,
          2064384,
          2054112,
          2062208,
          2039776,
          2062336,
          2064384,
          2073760,
          2053952,
          2067456,
          2062336,
          2057216,
          2058240,
          2060288,
          2064288,
          2051072
        ],
        "applicable": true
      },
      {
        "kernel": "onpair_shmem_4tpt_ablate_noemit",
        "decode_ms": 2.097248,
        "decode_gib_s": 438.71077572425173,
        "decode_ns_iters": [
          2118784,
          2114560,
          2117632,
          2100224,
          2126848,
          2124800,
          2108416,
          2106336,
          2107520,
          2127872,
          2104448,
          2124800,
          2097248,
          2117632,
          2111584,
          2116608,
          2111488,
          2120704,
          2103296,
          2110464,
          2109600,
          2103296,
          2100224,
          2110464,
          2110464,
          2114624,
          2120704,
          2098176,
          2102432,
          2105344
        ],
        "applicable": true
      },
      {
        "kernel": "onpair_shmem_4tpt_ablate_nodrain",
        "decode_ms": 1.74592,
        "decode_gib_s": 526.9916702747752,
        "decode_ns_iters": [
          1751040,
          1747968,
          1766400,
          1758208,
          1749056,
          1748896,
          1750016,
          1749888,
          1748992,
          1745952,
          1751040,
          1749856,
          1764352,
          1747968,
          1747968,
          1748992,
          1748832,
          1748992,
          1747968,
          1747968,
          1747968,
          1747904,
          1754208,
          1749952,
          1747808,
          1747968,
          1747968,
          1748096,
          1747968,
          1745920
        ],
        "applicable": true
      },
      {
        "kernel": "onpair_shmem_4tpt_ablate_noscan",
        "decode_ms": 1.960864,
        "decode_gib_s": 469.22443217180563,
        "decode_ns_iters": [
          1965056,
          1967104,
          1963008,
          1964032,
          1964032,
          1970176,
          1964032,
          1963008,
          1962880,
          1964960,
          1966080,
          1965056,
          1961984,
          1968128,
          1967104,
          1961984,
          1965952,
          1967104,
          1963008,
          1960864,
          1968128,
          1974272,
          1966272,
          1964032,
          1963008,
          1968320,
          1964032,
          1964032,
          1963008,
          1964032
        ],
        "applicable": true
      },
      {
        "kernel": "onpair_shmem_4tpt_ablate_cfree",
        "decode_ms": 2.076672,
        "decode_gib_s": 443.0575926126685,
        "decode_ns_iters": [
          2103296,
          2077536,
          2084864,
          2076672,
          2093056,
          2096992,
          2093056,
          2093056,
          2085920,
          2085888,
          2087936,
          2086912,
          2111488,
          2104160,
          2096128,
          2108256,
          2117632,
          2098176,
          2098176,
          2101248,
          2098016,
          2113728,
          2102112,
          2097152,
          2098176,
          2096128,
          2102272,
          2095104,
          2102208,
          2095104
        ],
        "applicable": true
      },
      {
        "kernel": "onpair_shmem_s8",
        "decode_ms": 0.0,
        "decode_gib_s": 0.0,
        "applicable": false,
        "reason": "dictionary entry longer than 8 bytes"
      },
      {
        "kernel": "onpair_shmem_s8_2tpt",
        "decode_ms": 0.0,
        "decode_gib_s": 0.0,
        "applicable": false,
        "reason": "dictionary entry longer than 8 bytes"
      },
      {
        "kernel": "onpair_shmem_s8_4tpt",
        "decode_ms": 0.0,
        "decode_gib_s": 0.0,
        "applicable": false,
        "reason": "dictionary entry longer than 8 bytes"
      },
      {
        "kernel": "onpair_shmem_s8_8tpt",
        "decode_ms": 0.0,
        "decode_gib_s": 0.0,
        "applicable": false,
        "reason": "dictionary entry longer than 8 bytes"
      },
      {
        "kernel": "onpair_shmem_s4l1",
        "decode_ms": 0.0,
        "decode_gib_s": 0.0,
        "applicable": false,
        "reason": "dictionary entry longer than 4 bytes"
      },
      {
        "kernel": "onpair_shmem_s4l1_2tpt",
        "decode_ms": 0.0,
        "decode_gib_s": 0.0,
        "applicable": false,
        "reason": "dictionary entry longer than 4 bytes"
      },
      {
        "kernel": "onpair_shmem_s4l1_4tpt",
        "decode_ms": 0.0,
        "decode_gib_s": 0.0,
        "applicable": false,
        "reason": "dictionary entry longer than 4 bytes"
      },
      {
        "kernel": "onpair_shmem_s4l1_8tpt",
        "decode_ms": 0.0,
        "decode_gib_s": 0.0,
        "applicable": false,
        "reason": "dictionary entry longer than 4 bytes"
      },
      {
        "kernel": "onpair_shmem_s4l1_16tpt",
        "decode_ms": 0.0,
        "decode_gib_s": 0.0,
        "applicable": false,
        "reason": "dictionary entry longer than 4 bytes"
      },
      {
        "kernel": "onpair_shmem_s4l1_32tpt",
        "decode_ms": 0.0,
        "decode_gib_s": 0.0,
        "applicable": false,
        "reason": "dictionary entry longer than 4 bytes"
      },
      {
        "kernel": "onpair_shmem_const1",
        "decode_ms": 0.0,
        "decode_gib_s": 0.0,
        "applicable": false,
        "reason": "not every dictionary entry is exactly 1 byte"
      },
      {
        "kernel": "onpair_shmem_const2",
        "decode_ms": 0.0,
        "decode_gib_s": 0.0,
        "applicable": false,
        "reason": "not every dictionary entry is exactly 2 bytes"
      }
    ]
  }
}
==PROF== Disconnected from process 17784
==PROF== Report: /home/ubuntu/work/ncu_costsurface_tpch-sf10_ps_comment_b12.ncu-rep
