==PROF== Connected to process 31037 (/home/ubuntu/work/target/release/onpair-chunk-bench)
2026-07-06T03:36:02.114480Z  INFO vortex_cuda: vortex-cuda/src/lib.rs:111: Registering CUDA kernels
==PROF== Profiling "onpair_shmem_4tpt": 0%....50%....100% - 43 passes
==PROF== Profiling "onpair_shmem_4tpt": 0%....50%....100% - 43 passes
==PROF== Profiling "onpair_shmem_4tpt": 0%....50%....100% - 43 passes
==PROF== Profiling "onpair_shmem_4tpt": 0%....50%....100% - 43 passes
==PROF== Profiling "onpair_shmem_4tpt": 0%....50%....100% - 43 passes
==PROF== Profiling "onpair_shmem_4tpt": 0%....50%....100% - 43 passes
==PROF== Profiling "onpair_shmem_4tpt": 0%....50%....100% - 43 passes
==PROF== Profiling "onpair_shmem_4tpt": 0%....50%....100% - 43 passes
==PROF== Profiling "onpair_shmem_4tpt": 0%....50%....100% - 43 passes
==PROF== Profiling "onpair_shmem_4tpt": 0%....50%....100% - 43 passes
==PROF== Profiling "onpair_shmem_4tpt": 0%....50%....100% - 43 passes
==PROF== Profiling "onpair_shmem_4tpt": 0%....50%....100% - 43 passes
==PROF== Profiling "onpair_shmem_4tpt": 0%....50%....100% - 43 passes
==PROF== Profiling "onpair_shmem_4tpt": 0%....50%....100% - 43 passes
==PROF== Profiling "onpair_shmem_4tpt": 0%....50%....100% - 43 passes
==PROF== Profiling "onpair_shmem_4tpt": 0%....50%....100% - 43 passes
{
  "files": [
    "/home/ubuntu/work/vortex-bench/data/onpair-bench/wikipedia/text/bits16_chunk1000mb_thr0.20/part_0000.vortex"
  ],
  "column": "text",
  "rows": 156289,
  "in_memory_bytes": 251552602,
  "dict_bytes": 465726,
  "gpu": {
    "iterations": 30,
    "decoded_bytes": 703062420,
    "chunks": 1,
    "auto_kernel": "onpair_shmem_4tpt",
    "frac_le8": 0.82466465,
    "dict_mean_len": 5.614325,
    "dict_max_len": 16,
    "dict_entries_max": 65536,
    "small_dict": false,
    "distinct_codes": 65384,
    "access_top4096_frac": 0.46466982,
    "compressed_bytes": 250984324,
    "h2d_gib_s": 20.090107345863373,
    "whole_decompress_gib_s": 44.49998051874624,
    "best_kernel": "onpair_shmem_2tpt",
    "auto_decode_ms": 3.079168,
    "best_decode_ms": 2.717696,
    "validated": false,
    "auto_decode_gib_s": 212.64767077008753,
    "best_decode_gib_s": 240.93125320484296,
    "kernels": [
      {
        "kernel": "onpair_shmem",
        "decode_ms": 2.72368,
        "decode_gib_s": 240.40192060366448,
        "decode_ns_iters": [
          2723840,
          2726912,
          2724000,
          2724864,
          2726784,
          2734080,
          2725728,
          2724864,
          2742272,
          2723680,
          2725888,
          2724864,
          2723840,
          2724864,
          2723840,
          2784256,
          2806784,
          2802816,
          2802688,
          2809728,
          2808832,
          2807808,
          2849792,
          2848768,
          2849792,
          2849792,
          2847744,
          2849792,
          2840576,
          2828288
        ],
        "applicable": true
      },
      {
        "kernel": "onpair_shmem_2tpt",
        "decode_ms": 2.717696,
        "decode_gib_s": 240.93125320484296,
        "decode_ns_iters": [
          2740224,
          2739200,
          2739200,
          2722784,
          2721792,
          2717696,
          2718720,
          2718720,
          2733056,
          2719744,
          2718720,
          2718720,
          2719744,
          2718752,
          2717696,
          2729920,
          2718720,
          2720768,
          2741152,
          2717792,
          2718720,
          2719744,
          2719744,
          2718720,
          2719616,
          2719744,
          2718560,
          2720768,
          2735104,
          2720768
        ],
        "applicable": true
      },
      {
        "kernel": "onpair_shmem_4tpt",
        "decode_ms": 3.079168,
        "decode_gib_s": 212.64767077008753,
        "decode_ns_iters": [
          2104363918,
          2126826525,
          2119358301,
          2123344898,
          2121513844,
          2120229959,
          2122827768,
          2109233141,
          2124428272,
          2121952057,
          2137810946,
          2115227461,
          2125997066,
          2123318434,
          3102592,
          3079168,
          3082336,
          3082080,
          3098624,
          3079168,
          3080192,
          3082048,
          3092512,
          3080192,
          3081216,
          3081216,
          3098624,
          3081216,
          3081216,
          3080192
        ],
        "applicable": true
      },
      {
        "kernel": "onpair_shmem_4tpt_wpb8",
        "decode_ms": 3.060736,
        "decode_gib_s": 213.9282522601717,
        "decode_ns_iters": [
          3079168,
          3082240,
          3085216,
          3082240,
          3084288,
          3083264,
          3067904,
          3060736,
          3063808,
          3064832,
          3065856,
          3063808,
          3064832,
          3062784,
          3065856,
          3062784,
          3062784,
          3062784,
          3073024,
          3084288,
          3083264,
          3085312,
          3082240,
          3097600,
          3086336,
          3081376,
          3081024,
          3084352,
          3085312,
          3083264
        ],
        "applicable": true
      },
      {
        "kernel": "onpair_shmem_4tpt_wpb8_occ",
        "decode_ms": 3.163136,
        "decode_gib_s": 207.00276659295992,
        "decode_ns_iters": [
          3188736,
          3189696,
          3186688,
          3189760,
          3190784,
          3198976,
          3187712,
          3190784,
          3187712,
          3190624,
          3207168,
          3180544,
          3166208,
          3165312,
          3168256,
          3164160,
          3166016,
          3167232,
          3164160,
          3163136,
          3166208,
          3164352,
          3166208,
          3166304,
          3180544,
          3165024,
          3164160,
          3167040,
          3167232,
          3167232
        ],
        "applicable": true
      },
      {
        "kernel": "onpair_shmem_4tpt_b128",
        "decode_ms": 3.223552,
        "decode_gib_s": 203.1231086422024,
        "decode_ns_iters": [
          3226720,
          3225536,
          3225600,
          3225600,
          3225600,
          3225568,
          3226464,
          3227648,
          3224576,
          3225600,
          3227648,
          3244032,
          3225440,
          3226624,
          3230720,
          3225600,
          3225568,
          3224576,
          3244992,
          3223552,
          3226624,
          3227648,
          3225600,
          3243872,
          3225600,
          3225696,
          3226560,
          3224576,
          3227648,
          3226592
        ],
        "applicable": true
      },
      {
        "kernel": "onpair_shmem_4tpt_o6",
        "decode_ms": 3.19488,
        "decode_gib_s": 204.94600833514528,
        "decode_ns_iters": [
          3197856,
          3195808,
          3198976,
          3197952,
          3195904,
          3196928,
          3196928,
          3196928,
          3197888,
          3197984,
          3195904,
          3196928,
          3196864,
          3197952,
          3195904,
          3201024,
          3200000,
          3221504,
          3219456,
          3221504,
          3221504,
          3219456,
          3220544,
          3226656,
          3221504,
          3219328,
          3220480,
          3221504,
          3210208,
          3194880
        ],
        "applicable": true
      },
      {
        "kernel": "onpair_shmem_4tpt_b512o3",
        "decode_ms": 3.096576,
        "decode_gib_s": 211.45223082197526,
        "decode_ns_iters": [
          3099648,
          3096608,
          3097600,
          3115008,
          3106912,
          3097600,
          3098624,
          3098624,
          3099648,
          3097600,
          3118080,
          3097600,
          3098624,
          3098624,
          3097600,
          3100672,
          3097632,
          3117952,
          3096576,
          3097600,
          3099648,
          3097600,
          3096576,
          3098624,
          3115072,
          3098624,
          3098624,
          3098624,
          3096576,
          3100672
        ],
        "applicable": true
      },
      {
        "kernel": "onpair_shmem_4tpt_b128o12",
        "decode_ms": 3.260576,
        "decode_gib_s": 200.81663580600144,
        "decode_ns_iters": [
          3262432,
          3262464,
          3276800,
          3263648,
          3262464,
          3263488,
          3262464,
          3261440,
          3262304,
          3261440,
          3264512,
          3279904,
          3263456,
          3264512,
          3260576,
          3262464,
          3271680,
          3261440,
          3262464,
          3262464,
          3262432,
          3263488,
          3266400,
          3266720,
          3303424,
          3293184,
          3305280,
          3286016,
          3304448,
          3274752
        ],
        "applicable": true
      },
      {
        "kernel": "onpair_shmem_4tpt_b64",
        "decode_ms": 3.226496,
        "decode_gib_s": 202.93776998632228,
        "decode_ns_iters": [
          3237760,
          3230592,
          3230528,
          3246208,
          3269472,
          3255296,
          3251200,
          3251200,
          3251200,
          3251200,
          3253120,
          3270656,
          3253248,
          3247104,
          3261440,
          3253248,
          3253248,
          3247104,
          3248128,
          3252224,
          3269632,
          3251200,
          3251392,
          3251232,
          3251200,
          3250176,
          3239936,
          3228672,
          3228800,
          3226496
        ],
        "applicable": true
      },
      {
        "kernel": "onpair_shmem_4tpt_b64o24",
        "decode_ms": 3.276704,
        "decode_gib_s": 199.8282124689288,
        "decode_ns_iters": [
          3276704,
          3276800,
          3276704,
          3277824,
          3276800,
          3276800,
          3276800,
          3283968,
          3276896,
          3282816,
          3278848,
          3303424,
          3300352,
          3318784,
          3296448,
          3318784,
          3301376,
          3353600,
          3348480,
          3355616,
          3350528,
          3349504,
          3346432,
          3372032,
          3374080,
          3375968,
          3392480,
          3375104,
          3375104,
          3375104
        ],
        "applicable": true
      },
      {
        "kernel": "onpair_shmem_4tpt_split8read_b128o12",
        "decode_ms": 3.643392,
        "decode_gib_s": 179.71656717415772,
        "decode_ns_iters": [
          3674112,
          3666944,
          3653632,
          3644416,
          3664896,
          3643392,
          3646464,
          3671968,
          3672064,
          3670016,
          3671904,
          3673088,
          3648512,
          3643392,
          3645440,
          3645440,
          3643392,
          3663872,
          3673088,
          3689472,
          3673088,
          3672064,
          3670848,
          3672064,
          3672064,
          3670144,
          3671136,
          3695616,
          3671872,
          3673088
        ],
        "applicable": true
      },
      {
        "kernel": "onpair_shmem_4tpt_split8read_occ",
        "decode_ms": 3.49184,
        "decode_gib_s": 187.51658240634993,
        "decode_ns_iters": [
          3510272,
          3493888,
          3495936,
          3491840,
          3494912,
          3495936,
          3492864,
          3494048,
          3494720,
          3492864,
          3495936,
          3507168,
          3537920,
          3522560,
          3520512,
          3520512,
          3519584,
          3520512,
          3519488,
          3537920,
          3520512,
          3517440,
          3497984,
          3492864,
          3498816,
          3494784,
          3493888,
          3496896,
          3502080,
          3512320
        ],
        "applicable": true
      },
      {
        "kernel": "onpair_shmem_4tpt_split8",
        "decode_ms": 3.156896,
        "decode_gib_s": 207.41193346559052,
        "decode_ns_iters": [
          3180544,
          3163200,
          3159040,
          3176448,
          3156992,
          3160064,
          3157888,
          3157152,
          3156992,
          3157888,
          3156896,
          3157888,
          3159040,
          3178496,
          3181568,
          3181568,
          3181568,
          3182592,
          3179616,
          3159040,
          3158016,
          3159040,
          3158016,
          3159040,
          3165120,
          3179520,
          3209216,
          3182464,
          3181568,
          3182592
        ],
        "applicable": true
      },
      {
        "kernel": "onpair_shmem_4tpt_split8_wpb8",
        "decode_ms": 3.081216,
        "decode_gib_s": 212.50632967951253,
        "decode_ns_iters": [
          3126176,
          3128320,
          3127296,
          3126272,
          3127136,
          3124064,
          3104768,
          3104768,
          3103744,
          3104768,
          3106688,
          3105792,
          3103744,
          3103776,
          3104704,
          3102784,
          3109888,
          3086400,
          3082240,
          3083264,
          3083264,
          3083264,
          3082240,
          3081216,
          3082144,
          3083264,
          3083104,
          3100672,
          3082176,
          3081280
        ],
        "applicable": true
      },
      {
        "kernel": "onpair_shmem_4tpt_split8_wpb8_occ",
        "decode_ms": 3.212256,
        "decode_gib_s": 203.83739748942452,
        "decode_ns_iters": [
          3219456,
          3212256,
          3214336,
          3214432,
          3212288,
          3212288,
          3216384,
          3213312,
          3214336,
          3214240,
          3213184,
          3213312,
          3214336,
          3222528,
          3214336,
          3215360,
          3212288,
          3214144,
          3214336,
          3214336,
          3213312,
          3214272,
          3214176,
          3214144,
          3214304,
          3213312,
          3212288,
          3213312,
          3213152,
          3213312
        ],
        "applicable": true
      },
      {
        "kernel": "onpair_shmem_4tpt_pdict",
        "decode_ms": 0.0,
        "decode_gib_s": 0.0,
        "applicable": false,
        "reason": "padded dict needs 1130752 B shared, over 102400 B cap"
      },
      {
        "kernel": "onpair_shmem_4tpt_vdict",
        "decode_ms": 0.0,
        "decode_gib_s": 0.0,
        "applicable": false,
        "reason": "packed dict needs 482384 B shared, over 102400 B cap"
      },
      {
        "kernel": "onpair_shmem_4tpt_split8read",
        "decode_ms": 3.377152,
        "decode_gib_s": 193.88464099625628,
        "decode_ns_iters": [
          3403776,
          3403776,
          3402816,
          3402752,
          3402752,
          3402752,
          3403776,
          3403776,
          3402752,
          3400704,
          3403776,
          3388352,
          3377152,
          3377152,
          3380224,
          3379200,
          3378176,
          3402656,
          3400704,
          3425280,
          3400704,
          3401600,
          3402752,
          3402656,
          3419136,
          3400704,
          3403648,
          3402752,
          3381184,
          3399680
        ],
        "applicable": true
      },
      {
        "kernel": "onpair_shmem_4tpt_ldcs",
        "decode_ms": 3.08128,
        "decode_gib_s": 212.50191579791155,
        "decode_ns_iters": [
          3104768,
          3117056,
          3081280,
          3083264,
          3082240,
          3083264,
          3084288,
          3083136,
          3126400,
          3126272,
          3127360,
          3126272,
          3126272,
          3124224,
          3127296,
          3130368,
          3129344,
          3127296,
          3129344,
          3127296,
          3126272,
          3128448,
          3126272,
          3126272,
          3129344,
          3130176,
          3103616,
          3121152,
          3103744,
          3105792
        ],
        "applicable": true
      },
      {
        "kernel": "onpair_shmem_4tpt_lenbucket",
        "decode_ms": 0.0,
        "decode_gib_s": 0.0,
        "applicable": false,
        "reason": "length-bucket dict not built (set ONPAIR_DICT_REORDER=lenbucket)"
      },
      {
        "kernel": "onpair_shmem_4tpt_lenbucket_b128",
        "decode_ms": 0.0,
        "decode_gib_s": 0.0,
        "applicable": false,
        "reason": "length-bucket dict not built (set ONPAIR_DICT_REORDER=lenbucket)"
      },
      {
        "kernel": "onpair_shmem_4tpt_regcache",
        "decode_ms": 3.288064,
        "decode_gib_s": 199.13782186410876,
        "decode_ns_iters": [
          3291136,
          3289088,
          3289120,
          3289088,
          3292064,
          3290112,
          3288064,
          3289088,
          3289088,
          3288960,
          3295168,
          3320832,
          3336192,
          3335168,
          3338240,
          3339264,
          3336192,
          3337216,
          3336192,
          3337216,
          3337216,
          3336288,
          3336192,
          3351424,
          3338240,
          3337216,
          3336192,
          3336192,
          3338304,
          3336192
        ],
        "applicable": true
      },
      {
        "kernel": "onpair_shmem_4tpt_split4read",
        "decode_ms": 3.766272,
        "decode_gib_s": 173.8530576415588,
        "decode_ns_iters": [
          3766272,
          3767232,
          3767296,
          3768320,
          3771392,
          3767296,
          3801088,
          3823616,
          3824640,
          3825664,
          3823616,
          3802112,
          3793920,
          3793984,
          3794944,
          3795008,
          3810304,
          3824640,
          3823552,
          3822592,
          3823616,
          3825504,
          3824640,
          3822592,
          3822624,
          3824640,
          3824640,
          3822592,
          3832832,
          3824640
        ],
        "applicable": true
      },
      {
        "kernel": "onpair_shmem_4tpt_split4read_b128o12",
        "decode_ms": 4.044896,
        "decode_gib_s": 161.87756202131996,
        "decode_ns_iters": [
          4047872,
          4046848,
          4047872,
          4048896,
          4046848,
          4046848,
          4048896,
          4046848,
          4050784,
          4046848,
          4047872,
          4049920,
          4047840,
          4062208,
          4047776,
          4047872,
          4049920,
          4063232,
          4046848,
          4047872,
          4044896,
          4063232,
          4082688,
          4110496,
          4110336,
          4111200,
          4108288,
          4081664,
          4079552,
          4077568
        ],
        "applicable": true
      },
      {
        "kernel": "onpair_shmem_4tpt_cluster_dsmem",
        "decode_ms": 0.0,
        "decode_gib_s": 0.0,
        "applicable": false,
        "reason": "thread-block clusters require sm_90+ (device cc 8.x)"
      },
      {
        "kernel": "onpair_shmem_8tpt",
        "decode_ms": 3.190784,
        "decode_gib_s": 205.20909692094133,
        "decode_ns_iters": [
          3264704,
          3262464,
          3264512,
          3264512,
          3279872,
          3262464,
          3237888,
          3239776,
          3238016,
          3237888,
          3237888,
          3243008,
          3216384,
          3215360,
          3214304,
          3214336,
          3216384,
          3206112,
          3206144,
          3191808,
          3191808,
          3190784,
          3192672,
          3190784,
          3191968,
          3191648,
          3196928,
          3192672,
          3190784,
          3206016
        ],
        "applicable": true
      },
      {
        "kernel": "onpair_shmem_8tpt_b128",
        "decode_ms": 3.23072,
        "decode_gib_s": 202.67243930448598,
        "decode_ns_iters": [
          3271744,
          3255296,
          3254272,
          3253344,
          3255296,
          3254272,
          3255296,
          3253248,
          3253248,
          3260416,
          3252160,
          3254272,
          3255200,
          3252352,
          3254272,
          3253248,
          3253248,
          3254272,
          3275776,
          3255296,
          3254432,
          3258368,
          3254272,
          3254144,
          3253248,
          3255296,
          3237888,
          3246912,
          3231744,
          3230720
        ],
        "applicable": true
      },
      {
        "kernel": "onpair_shmem_4tpt_vwidth",
        "decode_ms": 10.608576,
        "decode_gib_s": 61.72156405438288,
        "decode_ns_iters": [
          10677248,
          10639360,
          10668032,
          10640384,
          10652672,
          10637312,
          10638336,
          10654720,
          10656768,
          10619904,
          10632192,
          10617856,
          10652672,
          10666976,
          10649600,
          10647551,
          10629120,
          10631168,
          10656768,
          10672128,
          10608576,
          10619904,
          10611712,
          10636288,
          10620927,
          10643456,
          10650560,
          10633216,
          10653696,
          10670080
        ],
        "applicable": true
      },
      {
        "kernel": "onpair_shmem_4tpt_vwidth_b128",
        "decode_ms": 13.359104,
        "decode_gib_s": 49.01360922931575,
        "decode_ns_iters": [
          13377536,
          13365120,
          13369344,
          13378560,
          13379584,
          13383680,
          13375488,
          13375488,
          13374336,
          13376512,
          13377536,
          13378560,
          13385728,
          13362176,
          13376512,
          13383680,
          13384704,
          13389824,
          13374464,
          13376512,
          13384672,
          13382656,
          13383680,
          13371392,
          13381632,
          13376512,
          13392895,
          13382656,
          13359104,
          13378560
        ],
        "applicable": true
      },
      {
        "kernel": "onpair_shmem_4tpt_vwidth4",
        "decode_ms": 3.122176,
        "decode_gib_s": 209.71844736164422,
        "decode_ns_iters": [
          3125248,
          3122176,
          3124224,
          3124224,
          3132448,
          3259392,
          3258368,
          3258368,
          3260416,
          3258528,
          3291136,
          3307392,
          3323904,
          3309568,
          3328000,
          3308544,
          3333216,
          3332096,
          3332096,
          3331072,
          3330048,
          3334080,
          3315712,
          3306496,
          3314688,
          3304448,
          3305472,
          3306432,
          3307520,
          3305472
        ],
        "applicable": true
      },
      {
        "kernel": "onpair_shmem_4tpt_vwidth4_b128",
        "decode_ms": 3.426304,
        "decode_gib_s": 191.10327137048813,
        "decode_ns_iters": [
          3453952,
          3430400,
          3427264,
          3426304,
          3428352,
          3443712,
          3429376,
          3426304,
          3427328,
          3429504,
          3426304,
          3426304,
          3446784,
          3452928,
          3453952,
          3453952,
          3452928,
          3458048,
          3453952,
          3453952,
          3453952,
          3458048,
          3452928,
          3436416,
          3442688,
          3430304,
          3426304,
          3427328,
          3431424,
          3452928
        ],
        "applicable": true
      },
      {
        "kernel": "onpair_shmem_4tpt_shdict8",
        "decode_ms": 0.0,
        "decode_gib_s": 0.0,
        "applicable": false,
        "reason": "dict_s8 + staging needs 606464 B shared, over 229376 B cap"
      },
      {
        "kernel": "onpair_shmem_4tpt_ablate",
        "decode_ms": 3.307392,
        "decode_gib_s": 197.97408444774277,
        "decode_ns_iters": [
          3461024,
          3458048,
          3439616,
          3457024,
          3432384,
          3434496,
          3433344,
          3423232,
          3380288,
          3379200,
          3381248,
          3379200,
          3381248,
          3357696,
          3343360,
          3329024,
          3330944,
          3330048,
          3327936,
          3329024,
          3330144,
          3330048,
          3327136,
          3331072,
          3343360,
          3307392,
          3309600,
          3311616,
          3308544,
          3315712
        ],
        "applicable": true
      },
      {
        "kernel": "onpair_shmem_4tpt_ablate_nogather",
        "decode_ms": 1.902592,
        "decode_gib_s": 344.15045533135265,
        "decode_ns_iters": [
          1904640,
          1903616,
          1902592,
          1905600,
          1904640,
          1903616,
          1904640,
          1920000,
          1909696,
          1930240,
          1930240,
          1931264,
          1926240,
          1925120,
          1932128,
          1931456,
          1931264,
          1930240,
          1944576,
          1945600,
          1945504,
          1939456,
          1941504,
          1946624,
          1943552,
          1946624,
          1958912,
          1946624,
          1946624,
          1945600
        ],
        "applicable": true
      },
      {
        "kernel": "onpair_shmem_4tpt_ablate_noemit",
        "decode_ms": 1.855488,
        "decode_gib_s": 352.88716666978655,
        "decode_ns_iters": [
          1930112,
          1930240,
          1929216,
          1928192,
          1928192,
          1913856,
          1910784,
          1915008,
          1914912,
          1914880,
          1933120,
          1914880,
          1914880,
          1915904,
          1898496,
          1883136,
          1887232,
          1887232,
          1887232,
          1887232,
          1898496,
          1886400,
          1887232,
          1888128,
          1865728,
          1856448,
          1855584,
          1855488,
          1860608,
          1861632
        ],
        "applicable": true
      },
      {
        "kernel": "onpair_shmem_4tpt_ablate_nodrain",
        "decode_ms": 3.116096,
        "decode_gib_s": 210.1276414814527,
        "decode_ns_iters": [
          3117056,
          3119104,
          3121152,
          3117152,
          3123200,
          3120128,
          3117056,
          3118080,
          3118080,
          3119104,
          3120128,
          3117248,
          3119104,
          3120128,
          3117056,
          3118080,
          3119008,
          3116960,
          3117056,
          3118976,
          3119104,
          3116096,
          3119104,
          3118080,
          3127296,
          3118080,
          3118080,
          3121152,
          3139584,
          3123264
        ],
        "applicable": true
      },
      {
        "kernel": "onpair_shmem_4tpt_ablate_noscan",
        "decode_ms": 3.162016,
        "decode_gib_s": 207.07608788500403,
        "decode_ns_iters": [
          3167264,
          3168256,
          3168256,
          3167232,
          3166208,
          3168256,
          3169280,
          3169152,
          3168128,
          3168256,
          3184480,
          3168096,
          3166208,
          3184640,
          3166208,
          3169280,
          3184640,
          3168256,
          3167232,
          3187872,
          3167232,
          3168256,
          3171328,
          3169280,
          3168256,
          3167232,
          3168256,
          3194880,
          3165184,
          3162016
        ],
        "applicable": true
      },
      {
        "kernel": "onpair_shmem_4tpt_ablate_cfree",
        "decode_ms": 3.300352,
        "decode_gib_s": 198.39638411593333,
        "decode_ns_iters": [
          3302400,
          3303424,
          3304320,
          3302336,
          3300352,
          3303424,
          3302400,
          3301376,
          3342336,
          3350528,
          3352576,
          3347456,
          3351552,
          3358720,
          3353632,
          3353600,
          3356672,
          3354624,
          3355648,
          3328864,
          3306496,
          3304608,
          3306496,
          3306656,
          3307456,
          3308352,
          3305472,
          3306496,
          3305472,
          3307520
        ],
        "applicable": true
      },
      {
        "kernel": "onpair_shmem_s8",
        "decode_ms": 0.0,
        "decode_gib_s": 0.0,
        "applicable": false,
        "reason": "dictionary entry longer than 8 bytes"
      },
      {
        "kernel": "onpair_shmem_s8_2tpt",
        "decode_ms": 0.0,
        "decode_gib_s": 0.0,
        "applicable": false,
        "reason": "dictionary entry longer than 8 bytes"
      },
      {
        "kernel": "onpair_shmem_s8_4tpt",
        "decode_ms": 0.0,
        "decode_gib_s": 0.0,
        "applicable": false,
        "reason": "dictionary entry longer than 8 bytes"
      },
      {
        "kernel": "onpair_shmem_s8_8tpt",
        "decode_ms": 0.0,
        "decode_gib_s": 0.0,
        "applicable": false,
        "reason": "dictionary entry longer than 8 bytes"
      },
      {
        "kernel": "onpair_shmem_s4l1",
        "decode_ms": 0.0,
        "decode_gib_s": 0.0,
        "applicable": false,
        "reason": "dictionary entry longer than 4 bytes"
      },
      {
        "kernel": "onpair_shmem_s4l1_2tpt",
        "decode_ms": 0.0,
        "decode_gib_s": 0.0,
        "applicable": false,
        "reason": "dictionary entry longer than 4 bytes"
      },
      {
        "kernel": "onpair_shmem_s4l1_4tpt",
        "decode_ms": 0.0,
        "decode_gib_s": 0.0,
        "applicable": false,
        "reason": "dictionary entry longer than 4 bytes"
      },
      {
        "kernel": "onpair_shmem_s4l1_8tpt",
        "decode_ms": 0.0,
        "decode_gib_s": 0.0,
        "applicable": false,
        "reason": "dictionary entry longer than 4 bytes"
      },
      {
        "kernel": "onpair_shmem_s4l1_16tpt",
        "decode_ms": 0.0,
        "decode_gib_s": 0.0,
        "applicable": false,
        "reason": "dictionary entry longer than 4 bytes"
      },
      {
        "kernel": "onpair_shmem_s4l1_32tpt",
        "decode_ms": 0.0,
        "decode_gib_s": 0.0,
        "applicable": false,
        "reason": "dictionary entry longer than 4 bytes"
      },
      {
        "kernel": "onpair_shmem_const1",
        "decode_ms": 0.0,
        "decode_gib_s": 0.0,
        "applicable": false,
        "reason": "not every dictionary entry is exactly 1 byte"
      },
      {
        "kernel": "onpair_shmem_const2",
        "decode_ms": 0.0,
        "decode_gib_s": 0.0,
        "applicable": false,
        "reason": "not every dictionary entry is exactly 2 bytes"
      }
    ]
  }
}
==PROF== Disconnected from process 31037
==PROF== Report: /home/ubuntu/work/ncu_costsurface_wikipedia_text_b16.ncu-rep
