==PROF== Connected to process 15665 (/home/ubuntu/work/target/release/onpair-chunk-bench)
2026-07-06T03:19:00.133567Z  INFO vortex_cuda: vortex-cuda/src/lib.rs:111: Registering CUDA kernels
==PROF== Profiling "onpair_shmem_4tpt": 0%....50%....100% - 43 passes
==PROF== Profiling "onpair_shmem_4tpt": 0%....50%....100% - 43 passes
==PROF== Profiling "onpair_shmem_4tpt": 0%....50%....100% - 43 passes
==PROF== Profiling "onpair_shmem_4tpt": 0%....50%....100% - 43 passes
==PROF== Profiling "onpair_shmem_4tpt": 0%....50%....100% - 43 passes
==PROF== Profiling "onpair_shmem_4tpt": 0%....50%....100% - 43 passes
==PROF== Profiling "onpair_shmem_4tpt": 0%....50%....100% - 43 passes
==PROF== Profiling "onpair_shmem_4tpt": 0%....50%....100% - 43 passes
==PROF== Profiling "onpair_shmem_4tpt": 0%....50%....100% - 43 passes
==PROF== Profiling "onpair_shmem_4tpt": 0%....50%....100% - 43 passes
==PROF== Profiling "onpair_shmem_4tpt": 0%....50%....100% - 43 passes
==PROF== Profiling "onpair_shmem_4tpt": 0%....50%....100% - 43 passes
==PROF== Profiling "onpair_shmem_4tpt": 0%....50%....100% - 43 passes
==PROF== Profiling "onpair_shmem_4tpt": 0%....50%....100% - 43 passes
==PROF== Profiling "onpair_shmem_4tpt": 0%....50%....100% - 43 passes
==PROF== Profiling "onpair_shmem_4tpt": 0%....50%....100% - 43 passes
{
  "files": [
    "/home/ubuntu/work/vortex-bench/data/onpair-bench/tpch-sf10/l_comment/bits12_chunk10mb_thr0.20/part_0000.vortex"
  ],
  "column": "l_comment",
  "rows": 1886817,
  "in_memory_bytes": 12306519,
  "dict_bytes": 160585,
  "gpu": {
    "iterations": 30,
    "decoded_bytes": 49999995,
    "chunks": 5,
    "auto_kernel": "onpair_shmem_4tpt",
    "frac_le8": 0.5854203,
    "dict_mean_len": 7.63759,
    "dict_max_len": 16,
    "dict_entries_max": 4035,
    "small_dict": true,
    "distinct_codes": 3800,
    "access_top4096_frac": 1.0,
    "compressed_bytes": 13274136,
    "h2d_gib_s": 20.05228432615201,
    "whole_decompress_gib_s": 39.39972982026977,
    "best_kernel": "onpair_shmem",
    "auto_decode_ms": 0.565376,
    "best_decode_ms": 0.381056,
    "validated": false,
    "auto_decode_gib_s": 82.36310716082934,
    "best_decode_gib_s": 122.20283652313847,
    "kernels": [
      {
        "kernel": "onpair_shmem",
        "decode_ms": 0.381056,
        "decode_gib_s": 122.20283652313847,
        "decode_ns_iters": [
          385184,
          396256,
          383104,
          386176,
          399488,
          383104,
          393376,
          388160,
          387168,
          394400,
          384896,
          384000,
          400320,
          399328,
          383936,
          394240,
          381888,
          401248,
          384032,
          383904,
          393216,
          398432,
          385120,
          398336,
          381056,
          390976,
          398080,
          381952,
          383904,
          397440
        ],
        "applicable": true
      },
      {
        "kernel": "onpair_shmem_2tpt",
        "decode_ms": 0.381984,
        "decode_gib_s": 121.90595437023816,
        "decode_ns_iters": [
          404544,
          397312,
          392192,
          398176,
          388128,
          397472,
          404480,
          388032,
          397312,
          386048,
          397472,
          395264,
          381984,
          387808,
          402656,
          396416,
          385120,
          395520,
          386112,
          391552,
          397344,
          387104,
          408448,
          404544,
          387072,
          398336,
          385248,
          400256,
          384128,
          401120
        ],
        "applicable": true
      },
      {
        "kernel": "onpair_shmem_4tpt",
        "decode_ms": 0.565376,
        "decode_gib_s": 82.36310716082934,
        "decode_ns_iters": [
          6546469807,
          1318849548,
          580384,
          581728,
          576288,
          594784,
          596864,
          582624,
          583680,
          587712,
          595968,
          589024,
          584800,
          582656,
          594976,
          584736,
          585568,
          581696,
          571264,
          570368,
          568160,
          570368,
          567424,
          565376,
          569120,
          571264,
          570400,
          572320,
          570368,
          570272
        ],
        "applicable": true
      },
      {
        "kernel": "onpair_shmem_4tpt_wpb8",
        "decode_ms": 0.570304,
        "decode_gib_s": 81.65140709895257,
        "decode_ns_iters": [
          573312,
          570432,
          589824,
          570304,
          571488,
          579456,
          580576,
          580512,
          592800,
          580416,
          580736,
          606080,
          595968,
          584704,
          591872,
          603200,
          588672,
          587680,
          583680,
          595968,
          583552,
          582656,
          583424,
          593920,
          583584,
          581472,
          583744,
          597952,
          584704,
          581664
        ],
        "applicable": true
      },
      {
        "kernel": "onpair_shmem_4tpt_wpb8_occ",
        "decode_ms": 0.572288,
        "decode_gib_s": 81.3683391477037,
        "decode_ns_iters": [
          586496,
          603232,
          586752,
          588896,
          594976,
          602848,
          589760,
          588800,
          599168,
          603136,
          585824,
          588736,
          589824,
          601024,
          589664,
          588576,
          620384,
          581632,
          574464,
          573440,
          582656,
          575456,
          572288,
          583584,
          574464,
          575392,
          576512,
          599040,
          606112,
          591808
        ],
        "applicable": true
      },
      {
        "kernel": "onpair_shmem_4tpt_b128",
        "decode_ms": 0.575648,
        "decode_gib_s": 80.89340026224542,
        "decode_ns_iters": [
          600064,
          603136,
          602080,
          590976,
          612256,
          591040,
          609280,
          593760,
          587744,
          592032,
          594080,
          579648,
          577408,
          587776,
          580640,
          587616,
          580640,
          588736,
          576544,
          578464,
          584800,
          575648,
          578560,
          590688,
          585536,
          597728,
          608256,
          584704,
          591744,
          654208
        ],
        "applicable": true
      },
      {
        "kernel": "onpair_shmem_4tpt_o6",
        "decode_ms": 0.575488,
        "decode_gib_s": 80.91589064265642,
        "decode_ns_iters": [
          592896,
          596992,
          586880,
          609856,
          590720,
          593728,
          590592,
          606336,
          588704,
          594720,
          582656,
          578560,
          577344,
          583584,
          575488,
          580576,
          579360,
          581536,
          630976,
          598912,
          593920,
          588768,
          613376,
          589792,
          585728,
          594848,
          604224,
          601952,
          593792,
          578560
        ],
        "applicable": true
      },
      {
        "kernel": "onpair_shmem_4tpt_b512o3",
        "decode_ms": 0.548864,
        "decode_gib_s": 84.84091518875542,
        "decode_ns_iters": [
          609184,
          616448,
          596992,
          570368,
          570176,
          571360,
          574176,
          573440,
          572416,
          573408,
          573120,
          571328,
          580512,
          603040,
          631040,
          589824,
          548864,
          554080,
          572416,
          571520,
          571264,
          572288,
          571552,
          571680,
          570368,
          570272,
          571328,
          570016,
          571520,
          569408
        ],
        "applicable": true
      },
      {
        "kernel": "onpair_shmem_4tpt_b128o12",
        "decode_ms": 0.577408,
        "decode_gib_s": 80.6468287141173,
        "decode_ns_iters": [
          593920,
          591744,
          614336,
          595008,
          586752,
          598944,
          604192,
          577536,
          584320,
          584768,
          578560,
          578560,
          586752,
          584672,
          577408,
          577536,
          580608,
          580608,
          579616,
          580416,
          578496,
          580576,
          583648,
          580512,
          582528,
          580608,
          578592,
          578400,
          581312,
          580352
        ],
        "applicable": true
      },
      {
        "kernel": "onpair_shmem_4tpt_b64",
        "decode_ms": 0.574464,
        "decode_gib_s": 81.06012574184118,
        "decode_ns_iters": [
          589984,
          600096,
          594848,
          578560,
          578496,
          584864,
          577408,
          578560,
          585856,
          579648,
          578464,
          577120,
          581536,
          574464,
          578400,
          577504,
          575488,
          576608,
          576704,
          575328,
          577472,
          582752,
          577344,
          576416,
          577536,
          574560,
          578560,
          576352,
          576608,
          577344
        ],
        "applicable": true
      },
      {
        "kernel": "onpair_shmem_4tpt_b64o24",
        "decode_ms": 0.566272,
        "decode_gib_s": 82.23278578873942,
        "decode_ns_iters": [
          615360,
          590720,
          600992,
          591872,
          603040,
          601024,
          583392,
          585888,
          593024,
          579520,
          579648,
          599904,
          581472,
          581536,
          582688,
          586688,
          581536,
          580448,
          583776,
          575168,
          566272,
          583552,
          577376,
          581472,
          582464,
          582464,
          582688,
          581632,
          582656,
          590848
        ],
        "applicable": true
      },
      {
        "kernel": "onpair_shmem_4tpt_split8read_b128o12",
        "decode_ms": 0.60512,
        "decode_gib_s": 76.9535366111863,
        "decode_ns_iters": [
          605120,
          619520,
          625376,
          622528,
          609248,
          609280,
          617248,
          619552,
          625280,
          605376,
          611296,
          629760,
          621632,
          610272,
          607296,
          621472,
          624512,
          610240,
          610208,
          623584,
          622592,
          609120,
          606368,
          621536,
          621440,
          621568,
          610304,
          609280,
          638880,
          609280
        ],
        "applicable": true
      },
      {
        "kernel": "onpair_shmem_4tpt_split8read_occ",
        "decode_ms": 0.451744,
        "decode_gib_s": 103.08078042909493,
        "decode_ns_iters": [
          609312,
          612288,
          620544,
          605344,
          593984,
          594816,
          635872,
          619520,
          612352,
          607808,
          610336,
          661568,
          762752,
          763904,
          740288,
          740448,
          751392,
          759520,
          751616,
          737120,
          734368,
          750688,
          762688,
          742656,
          741536,
          740352,
          796672,
          466944,
          454528,
          451744
        ],
        "applicable": true
      },
      {
        "kernel": "onpair_shmem_4tpt_split8",
        "decode_ms": 0.417792,
        "decode_gib_s": 111.45767289503162,
        "decode_ns_iters": [
          438176,
          431136,
          421600,
          437184,
          427968,
          421920,
          435200,
          432256,
          418816,
          419648,
          437312,
          434176,
          422784,
          420736,
          431200,
          420800,
          424928,
          424032,
          420928,
          432224,
          430080,
          420992,
          433152,
          417792,
          431072,
          419840,
          434176,
          428928,
          420768,
          426016
        ],
        "applicable": true
      },
      {
        "kernel": "onpair_shmem_4tpt_split8_wpb8",
        "decode_ms": 0.416768,
        "decode_gib_s": 111.73152467118649,
        "decode_ns_iters": [
          424768,
          434176,
          420800,
          419904,
          431072,
          422976,
          420992,
          428864,
          420704,
          423904,
          433120,
          420864,
          431168,
          433152,
          416768,
          419936,
          418784,
          434016,
          419680,
          420704,
          437376,
          419840,
          426848,
          448512,
          433824,
          420832,
          442368,
          425984,
          419840,
          429024
        ],
        "applicable": true
      },
      {
        "kernel": "onpair_shmem_4tpt_split8_wpb8_occ",
        "decode_ms": 0.421888,
        "decode_gib_s": 110.37555956595365,
        "decode_ns_iters": [
          425856,
          438080,
          426016,
          424896,
          433152,
          421888,
          432128,
          424960,
          447392,
          424096,
          423776,
          439136,
          424928,
          423744,
          437184,
          427936,
          423104,
          438368,
          423808,
          432128,
          436160,
          421952,
          433056,
          427008,
          436160,
          431136,
          425856,
          435200,
          439232,
          424832
        ],
        "applicable": true
      },
      {
        "kernel": "onpair_shmem_4tpt_pdict",
        "decode_ms": 0.41264,
        "decode_gib_s": 112.8492731537443,
        "decode_ns_iters": [
          412640,
          428256,
          413952,
          425120,
          432064,
          416864,
          433248,
          417664,
          414848,
          427008,
          422784,
          428128,
          416832,
          412672,
          432064,
          415872,
          429056,
          413696,
          425984,
          425952,
          416640,
          416800,
          430112,
          416800,
          435232,
          427168,
          437248,
          417760,
          416928,
          440256
        ],
        "applicable": true
      },
      {
        "kernel": "onpair_shmem_4tpt_vdict",
        "decode_ms": 0.394048,
        "decode_gib_s": 118.1737353676736,
        "decode_ns_iters": [
          405504,
          397280,
          396288,
          408576,
          397312,
          405504,
          399296,
          410400,
          409568,
          411456,
          398272,
          407488,
          410400,
          399392,
          397056,
          398336,
          408512,
          412352,
          394304,
          396128,
          395296,
          409440,
          406432,
          396192,
          397312,
          419840,
          411296,
          407104,
          394048,
          396224
        ],
        "applicable": true
      },
      {
        "kernel": "onpair_shmem_4tpt_split8read",
        "decode_ms": 0.43008,
        "decode_gib_s": 108.27316795517358,
        "decode_ns_iters": [
          445440,
          452448,
          448352,
          446496,
          442048,
          437248,
          436128,
          433440,
          434912,
          447328,
          433056,
          432192,
          432128,
          439360,
          431104,
          431136,
          431072,
          438336,
          431200,
          433088,
          433888,
          432032,
          438272,
          440128,
          432128,
          432128,
          434208,
          431072,
          430080,
          436096
        ],
        "applicable": true
      },
      {
        "kernel": "onpair_shmem_4tpt_ldcs",
        "decode_ms": 0.410752,
        "decode_gib_s": 113.36797891224157,
        "decode_ns_iters": [
          415808,
          428960,
          426912,
          414752,
          416384,
          431936,
          429600,
          415648,
          425984,
          423904,
          422176,
          425952,
          414720,
          413728,
          428352,
          410752,
          414720,
          414720,
          430016,
          413696,
          426848,
          424000,
          414720,
          421088,
          425920,
          413696,
          415584,
          431104,
          414784,
          416768
        ],
        "applicable": true
      },
      {
        "kernel": "onpair_shmem_4tpt_lenbucket",
        "decode_ms": 0.0,
        "decode_gib_s": 0.0,
        "applicable": false,
        "reason": "length-bucket dict not built (set ONPAIR_DICT_REORDER=lenbucket)"
      },
      {
        "kernel": "onpair_shmem_4tpt_lenbucket_b128",
        "decode_ms": 0.0,
        "decode_gib_s": 0.0,
        "applicable": false,
        "reason": "length-bucket dict not built (set ONPAIR_DICT_REORDER=lenbucket)"
      },
      {
        "kernel": "onpair_shmem_4tpt_regcache",
        "decode_ms": 0.424928,
        "decode_gib_s": 109.58591590613246,
        "decode_ns_iters": [
          427008,
          427008,
          431200,
          437152,
          429056,
          436192,
          425984,
          429792,
          427712,
          431296,
          436928,
          428000,
          443360,
          428032,
          430080,
          431776,
          438240,
          427136,
          434240,
          428672,
          432064,
          437248,
          426848,
          429056,
          444256,
          440320,
          424928,
          426944,
          443360,
          430208
        ],
        "applicable": true
      },
      {
        "kernel": "onpair_shmem_4tpt_split4read",
        "decode_ms": 0.424,
        "decode_gib_s": 109.82576432585154,
        "decode_ns_iters": [
          431104,
          429056,
          428896,
          424000,
          429024,
          433152,
          425760,
          427936,
          431104,
          424864,
          426848,
          425920,
          445440,
          428032,
          441312,
          440320,
          440352,
          435200,
          438208,
          435296,
          444608,
          439296,
          428960,
          428320,
          432096,
          425792,
          426880,
          425952,
          434176,
          425024
        ],
        "applicable": true
      },
      {
        "kernel": "onpair_shmem_4tpt_split4read_b128o12",
        "decode_ms": 0.464736,
        "decode_gib_s": 100.19908953505012,
        "decode_ns_iters": [
          476192,
          467808,
          479296,
          466944,
          469824,
          468992,
          467840,
          482304,
          471136,
          481280,
          479328,
          482304,
          483104,
          481248,
          464736,
          467904,
          470112,
          466784,
          468992,
          467968,
          478304,
          468928,
          468064,
          467104,
          479232,
          469856,
          470016,
          466080,
          467968,
          467968
        ],
        "applicable": true
      },
      {
        "kernel": "onpair_shmem_4tpt_cluster_dsmem",
        "decode_ms": 0.0,
        "decode_gib_s": 0.0,
        "applicable": false,
        "reason": "thread-block clusters require sm_90+ (device cc 8.x)"
      },
      {
        "kernel": "onpair_shmem_8tpt",
        "decode_ms": 0.410624,
        "decode_gib_s": 113.40331805778779,
        "decode_ns_iters": [
          429024,
          414528,
          426144,
          410624,
          422752,
          415712,
          425824,
          413504,
          412544,
          428000,
          414848,
          413504,
          437024,
          422976,
          413696,
          430144,
          417856,
          422912,
          427008,
          411648,
          412672,
          414816,
          428928,
          413568,
          412800,
          424960,
          416768,
          413856,
          424960,
          415584
        ],
        "applicable": true
      },
      {
        "kernel": "onpair_shmem_8tpt_b128",
        "decode_ms": 0.41168,
        "decode_gib_s": 113.11242730800878,
        "decode_ns_iters": [
          430144,
          425824,
          426112,
          428032,
          431936,
          414560,
          423904,
          425920,
          411680,
          416768,
          429056,
          413568,
          413504,
          418784,
          441216,
          423872,
          416448,
          428000,
          432256,
          426112,
          415648,
          430016,
          414592,
          422016,
          429024,
          414720,
          414496,
          430208,
          414592,
          412704
        ],
        "applicable": true
      },
      {
        "kernel": "onpair_shmem_4tpt_vwidth",
        "decode_ms": 0.730112,
        "decode_gib_s": 63.77942572394517,
        "decode_ns_iters": [
          732448,
          736032,
          761792,
          752512,
          739168,
          735168,
          730112,
          730112,
          745472,
          747520,
          768000,
          765792,
          766976,
          778080,
          744448,
          737120,
          765920,
          737952,
          731136,
          735136,
          733184,
          739136,
          753664,
          750592,
          735200,
          733184,
          738208,
          733184,
          735072,
          755488
        ],
        "applicable": true
      },
      {
        "kernel": "onpair_shmem_4tpt_vwidth_b128",
        "decode_ms": 0.99088,
        "decode_gib_s": 46.994715883014145,
        "decode_ns_iters": [
          1018848,
          1008608,
          1004576,
          991296,
          992256,
          993440,
          992416,
          1022176,
          1013696,
          1005568,
          1006592,
          993056,
          993280,
          994432,
          1002432,
          1011488,
          1005216,
          1012736,
          1007616,
          991520,
          996352,
          992288,
          1003392,
          1010688,
          994112,
          990880,
          1008512,
          993280,
          991168,
          993248
        ],
        "applicable": true
      },
      {
        "kernel": "onpair_shmem_4tpt_vwidth4",
        "decode_ms": 0.482464,
        "decode_gib_s": 96.51730299910678,
        "decode_ns_iters": [
          486432,
          493696,
          497408,
          483136,
          487424,
          490496,
          496608,
          488480,
          487232,
          496640,
          487680,
          486592,
          498464,
          485376,
          495392,
          496544,
          484256,
          486176,
          500768,
          482464,
          485344,
          485312,
          504800,
          484992,
          498592,
          488512,
          499520,
          489312,
          485408,
          497440
        ],
        "applicable": true
      },
      {
        "kernel": "onpair_shmem_4tpt_vwidth4_b128",
        "decode_ms": 0.480256,
        "decode_gib_s": 96.96104593000618,
        "decode_ns_iters": [
          497568,
          484288,
          484352,
          488320,
          483168,
          484288,
          495616,
          487296,
          484352,
          497696,
          480256,
          492384,
          482400,
          497344,
          482208,
          483328,
          503808,
          484352,
          487200,
          498688,
          483360,
          485248,
          501760,
          483328,
          492416,
          485280,
          481120,
          481984,
          488288,
          483328
        ],
        "applicable": true
      },
      {
        "kernel": "onpair_shmem_4tpt_shdict8",
        "decode_ms": 0.412512,
        "decode_gib_s": 112.88428960651098,
        "decode_ns_iters": [
          423008,
          416896,
          431136,
          419808,
          416992,
          415840,
          428192,
          425984,
          417952,
          415744,
          430080,
          415744,
          435200,
          417728,
          417024,
          428160,
          415744,
          441344,
          415872,
          433088,
          412512,
          417536,
          432096,
          414688,
          439456,
          423872,
          414720,
          416768,
          433376,
          416832
        ],
        "applicable": true
      },
      {
        "kernel": "onpair_shmem_4tpt_ablate",
        "decode_ms": 0.425952,
        "decode_gib_s": 109.32246843344097,
        "decode_ns_iters": [
          427936,
          439296,
          428032,
          428032,
          442240,
          428000,
          427328,
          437248,
          434240,
          428032,
          438144,
          430240,
          436064,
          438304,
          435936,
          428032,
          430080,
          429056,
          444512,
          425984,
          427008,
          444416,
          429056,
          428896,
          436288,
          431200,
          425952,
          440256,
          426816,
          435200
        ],
        "applicable": true
      },
      {
        "kernel": "onpair_shmem_4tpt_ablate_nogather",
        "decode_ms": 0.380096,
        "decode_gib_s": 122.51148150509621,
        "decode_ns_iters": [
          390304,
          402336,
          386048,
          386240,
          399488,
          385056,
          385696,
          385920,
          395232,
          394080,
          387296,
          399456,
          386144,
          386048,
          400416,
          385248,
          387136,
          396096,
          388064,
          385024,
          396416,
          380096,
          396288,
          387104,
          398208,
          387904,
          396288,
          403296,
          388032,
          396384
        ],
        "applicable": true
      },
      {
        "kernel": "onpair_shmem_4tpt_ablate_noemit",
        "decode_ms": 0.381952,
        "decode_gib_s": 121.91616767070482,
        "decode_ns_iters": [
          398432,
          389920,
          400480,
          403456,
          388320,
          396352,
          384000,
          393056,
          396224,
          382976,
          384288,
          387328,
          395328,
          386080,
          385984,
          398176,
          391168,
          387072,
          397440,
          382304,
          395424,
          395168,
          384032,
          394240,
          399968,
          381952,
          390912,
          401472,
          409344,
          387072
        ],
        "applicable": true
      },
      {
        "kernel": "onpair_shmem_4tpt_ablate_nodrain",
        "decode_ms": 0.412672,
        "decode_gib_s": 112.84052243467222,
        "decode_ns_iters": [
          420800,
          414592,
          429024,
          415744,
          418752,
          433024,
          413728,
          415744,
          428032,
          423072,
          418720,
          431040,
          423872,
          427008,
          419872,
          433152,
          412672,
          424000,
          416576,
          428000,
          415808,
          415744,
          432000,
          414720,
          420864,
          428064,
          419840,
          415808,
          425984,
          415616
        ],
        "applicable": true
      },
      {
        "kernel": "onpair_shmem_4tpt_ablate_noscan",
        "decode_ms": 0.411488,
        "decode_gib_s": 113.16520548390488,
        "decode_ns_iters": [
          415616,
          430944,
          427072,
          415584,
          430816,
          422912,
          423936,
          414592,
          429984,
          421888,
          413600,
          428160,
          425920,
          414464,
          427872,
          420800,
          413696,
          425792,
          414560,
          422816,
          428960,
          411488,
          414816,
          418688,
          423936,
          415648,
          416448,
          426688,
          417888,
          414592
        ],
        "applicable": true
      },
      {
        "kernel": "onpair_shmem_4tpt_ablate_cfree",
        "decode_ms": 0.422912,
        "decode_gib_s": 110.10830639509177,
        "decode_ns_iters": [
          425984,
          434176,
          429056,
          423936,
          440448,
          426784,
          426624,
          435328,
          431104,
          423936,
          437120,
          422912,
          435136,
          425792,
          436352,
          425856,
          426880,
          442048,
          427008,
          427136,
          441024,
          431008,
          424000,
          442112,
          428992,
          434016,
          440320,
          433152,
          426048,
          427136
        ],
        "applicable": true
      },
      {
        "kernel": "onpair_shmem_s8",
        "decode_ms": 0.0,
        "decode_gib_s": 0.0,
        "applicable": false,
        "reason": "dictionary entry longer than 8 bytes"
      },
      {
        "kernel": "onpair_shmem_s8_2tpt",
        "decode_ms": 0.0,
        "decode_gib_s": 0.0,
        "applicable": false,
        "reason": "dictionary entry longer than 8 bytes"
      },
      {
        "kernel": "onpair_shmem_s8_4tpt",
        "decode_ms": 0.0,
        "decode_gib_s": 0.0,
        "applicable": false,
        "reason": "dictionary entry longer than 8 bytes"
      },
      {
        "kernel": "onpair_shmem_s8_8tpt",
        "decode_ms": 0.0,
        "decode_gib_s": 0.0,
        "applicable": false,
        "reason": "dictionary entry longer than 8 bytes"
      },
      {
        "kernel": "onpair_shmem_s4l1",
        "decode_ms": 0.0,
        "decode_gib_s": 0.0,
        "applicable": false,
        "reason": "dictionary entry longer than 4 bytes"
      },
      {
        "kernel": "onpair_shmem_s4l1_2tpt",
        "decode_ms": 0.0,
        "decode_gib_s": 0.0,
        "applicable": false,
        "reason": "dictionary entry longer than 4 bytes"
      },
      {
        "kernel": "onpair_shmem_s4l1_4tpt",
        "decode_ms": 0.0,
        "decode_gib_s": 0.0,
        "applicable": false,
        "reason": "dictionary entry longer than 4 bytes"
      },
      {
        "kernel": "onpair_shmem_s4l1_8tpt",
        "decode_ms": 0.0,
        "decode_gib_s": 0.0,
        "applicable": false,
        "reason": "dictionary entry longer than 4 bytes"
      },
      {
        "kernel": "onpair_shmem_s4l1_16tpt",
        "decode_ms": 0.0,
        "decode_gib_s": 0.0,
        "applicable": false,
        "reason": "dictionary entry longer than 4 bytes"
      },
      {
        "kernel": "onpair_shmem_s4l1_32tpt",
        "decode_ms": 0.0,
        "decode_gib_s": 0.0,
        "applicable": false,
        "reason": "dictionary entry longer than 4 bytes"
      },
      {
        "kernel": "onpair_shmem_const1",
        "decode_ms": 0.0,
        "decode_gib_s": 0.0,
        "applicable": false,
        "reason": "not every dictionary entry is exactly 1 byte"
      },
      {
        "kernel": "onpair_shmem_const2",
        "decode_ms": 0.0,
        "decode_gib_s": 0.0,
        "applicable": false,
        "reason": "not every dictionary entry is exactly 2 bytes"
      }
    ]
  }
}
==PROF== Disconnected from process 15665
==PROF== Report: /home/ubuntu/work/ncu_costsurface_tpch-sf10_l_comment_b12.ncu-rep
