==PROF== Connected to process 20958 (/home/ubuntu/work/target/release/onpair-chunk-bench)
2026-07-06T03:23:55.205255Z  INFO vortex_cuda: vortex-cuda/src/lib.rs:111: Registering CUDA kernels
==PROF== Profiling "onpair_shmem_4tpt": 0%....50%....100% - 43 passes
==PROF== Profiling "onpair_shmem_4tpt": 0%....50%....100% - 43 passes
==PROF== Profiling "onpair_shmem_4tpt": 0%....50%....100% - 43 passes
==PROF== Profiling "onpair_shmem_4tpt": 0%....50%....100% - 43 passes
==PROF== Profiling "onpair_shmem_4tpt": 0%....50%....100% - 43 passes
==PROF== Profiling "onpair_shmem_4tpt": 0%....50%....100% - 43 passes
==PROF== Profiling "onpair_shmem_4tpt": 0%....50%....100% - 43 passes
==PROF== Profiling "onpair_shmem_4tpt": 0%....50%....100% - 43 passes
==PROF== Profiling "onpair_shmem_4tpt": 0%....50%....100% - 43 passes
==PROF== Profiling "onpair_shmem_4tpt": 0%....50%....100% - 43 passes
==PROF== Profiling "onpair_shmem_4tpt": 0%....50%....100% - 43 passes
==PROF== Profiling "onpair_shmem_4tpt": 0%....50%....100% - 43 passes
==PROF== Profiling "onpair_shmem_4tpt": 0%....50%....100% - 43 passes
==PROF== Profiling "onpair_shmem_4tpt": 0%....50%....100% - 43 passes
==PROF== Profiling "onpair_shmem_4tpt": 0%....50%....100% - 43 passes
==PROF== Profiling "onpair_shmem_4tpt": 0%....50%....100% - 43 passes
{
  "files": [
    "/home/ubuntu/work/vortex-bench/data/onpair-bench/tpch-sf10/l_shipinstruct/bits16_chunk1000mb_thr0.20/part_0000.vortex"
  ],
  "column": "l_shipinstruct",
  "rows": 59986052,
  "in_memory_bytes": 64498914,
  "dict_bytes": 436,
  "gpu": {
    "iterations": 30,
    "decoded_bytes": 719788494,
    "chunks": 1,
    "auto_kernel": "onpair_shmem_4tpt",
    "frac_le8": 0.40003875,
    "dict_mean_len": 9.599654,
    "dict_max_len": 16,
    "dict_entries_max": 296,
    "small_dict": true,
    "distinct_codes": 5,
    "access_top4096_frac": 1.0,
    "compressed_bytes": 149962074,
    "h2d_gib_s": 20.00116966840221,
    "whole_decompress_gib_s": 78.60674829554394,
    "best_kernel": "onpair_shmem_8tpt_b128",
    "auto_decode_ms": 1.545216,
    "best_decode_ms": 1.453056,
    "validated": false,
    "auto_decode_gib_s": 433.82625691856543,
    "best_decode_gib_s": 461.34166433411923,
    "kernels": [
      {
        "kernel": "onpair_shmem",
        "decode_ms": 2.031616,
        "decode_gib_s": 329.9616036744532,
        "decode_ns_iters": [
          2032640,
          2037760,
          2056192,
          2041856,
          2038784,
          2031616,
          2037760,
          2056192,
          2034816,
          2034688,
          2034688,
          2034656,
          2065280,
          2039808,
          2033504,
          2038784,
          2040640,
          2056192,
          2040832,
          2038784,
          2036704,
          2037760,
          2034688,
          2033728,
          2034848,
          2032640,
          2039904,
          2037696,
          2040832,
          2035584
        ],
        "applicable": true
      },
      {
        "kernel": "onpair_shmem_2tpt",
        "decode_ms": 1.734496,
        "decode_gib_s": 386.48418526804204,
        "decode_ns_iters": [
          1738720,
          1738752,
          1734496,
          1748992,
          1752064,
          1748992,
          1742752,
          1737728,
          1756160,
          1737728,
          1745920,
          1734656,
          1735680,
          1752064,
          1746944,
          1742848,
          1737728,
          1738848,
          1750048,
          1735680,
          1754016,
          1746944,
          1747968,
          1756096,
          1743872,
          1764320,
          1736704,
          1750016,
          1760256,
          1777600
        ],
        "applicable": true
      },
      {
        "kernel": "onpair_shmem_4tpt",
        "decode_ms": 1.545216,
        "decode_gib_s": 433.82625691856543,
        "decode_ns_iters": [
          1794100165,
          1800990701,
          1799006224,
          1788770318,
          1788284898,
          1800427437,
          1800340414,
          1798286319,
          1797995448,
          1800884247,
          1801607132,
          1802401781,
          1803730965,
          1809808373,
          1545216,
          1560576,
          1580032,
          1549312,
          1560576,
          1548288,
          1554432,
          1557504,
          1552480,
          1555456,
          1558528,
          1557504,
          1556480,
          1550336,
          1565696,
          1553408
        ],
        "applicable": true
      },
      {
        "kernel": "onpair_shmem_4tpt_wpb8",
        "decode_ms": 1.494016,
        "decode_gib_s": 448.69350355730995,
        "decode_ns_iters": [
          1497184,
          1508256,
          1499136,
          1505280,
          1501184,
          1525760,
          1509440,
          1504256,
          1528832,
          1500160,
          1507296,
          1518592,
          1504256,
          1504256,
          1503200,
          1497088,
          1494016,
          1508224,
          1519584,
          1499136,
          1504224,
          1511424,
          1521504,
          1515520,
          1500032,
          1498112,
          1508352,
          1496064,
          1497088,
          1506304
        ],
        "applicable": true
      },
      {
        "kernel": "onpair_shmem_4tpt_wpb8_occ",
        "decode_ms": 1.528992,
        "decode_gib_s": 438.4295492786607,
        "decode_ns_iters": [
          1545216,
          1545088,
          1543168,
          1541120,
          1541120,
          1538048,
          1548288,
          1533952,
          1540096,
          1541184,
          1544192,
          1560576,
          1546240,
          1539040,
          1543168,
          1547264,
          1538880,
          1543168,
          1566688,
          1548288,
          1548288,
          1531904,
          1540096,
          1548352,
          1548288,
          1539072,
          1528992,
          1550336,
          1557504,
          1546240
        ],
        "applicable": true
      },
      {
        "kernel": "onpair_shmem_4tpt_b128",
        "decode_ms": 1.523712,
        "decode_gib_s": 439.94880489927095,
        "decode_ns_iters": [
          1534976,
          1528832,
          1533888,
          1534976,
          1553408,
          1536000,
          1528864,
          1537024,
          1532928,
          1529856,
          1527808,
          1530880,
          1542144,
          1534976,
          1532928,
          1534976,
          1540256,
          1556480,
          1524608,
          1529792,
          1528832,
          1526784,
          1533952,
          1524736,
          1528832,
          1532000,
          1523712,
          1538048,
          1529664,
          1528960
        ],
        "applicable": true
      },
      {
        "kernel": "onpair_shmem_4tpt_o6",
        "decode_ms": 1.536,
        "decode_gib_s": 436.42921446007676,
        "decode_ns_iters": [
          1551360,
          1551520,
          1555456,
          1536000,
          1543072,
          1540096,
          1568768,
          1549312,
          1550336,
          1543168,
          1545216,
          1541120,
          1557504,
          1567584,
          1545376,
          1546240,
          1539072,
          1540096,
          1552384,
          1542144,
          1550336,
          1536992,
          1550336,
          1559552,
          1548288,
          1547264,
          1559552,
          1552384,
          1549312,
          1541120
        ],
        "applicable": true
      },
      {
        "kernel": "onpair_shmem_4tpt_b512o3",
        "decode_ms": 1.533952,
        "decode_gib_s": 437.011896989396,
        "decode_ns_iters": [
          1548288,
          1534784,
          1551360,
          1542144,
          1538048,
          1550336,
          1559552,
          1544192,
          1533952,
          1545216,
          1539072,
          1539072,
          1543168,
          1538048,
          1543232,
          1539072,
          1537024,
          1536960,
          1543168,
          1546240,
          1542144,
          1533952,
          1548288,
          1540096,
          1553408,
          1548384,
          1566720,
          1534976,
          1544192,
          1545216
        ],
        "applicable": true
      },
      {
        "kernel": "onpair_shmem_4tpt_b128o12",
        "decode_ms": 1.534944,
        "decode_gib_s": 436.7294659679297,
        "decode_ns_iters": [
          1551200,
          1546240,
          1546240,
          1546176,
          1537024,
          1545216,
          1553408,
          1544192,
          1549312,
          1569792,
          1538080,
          1539072,
          1550336,
          1540064,
          1542144,
          1545216,
          1554432,
          1556480,
          1556608,
          1541952,
          1547264,
          1537024,
          1546240,
          1547392,
          1534944,
          1547264,
          1556544,
          1538048,
          1543168,
          1538048
        ],
        "applicable": true
      },
      {
        "kernel": "onpair_shmem_4tpt_b64",
        "decode_ms": 1.508352,
        "decode_gib_s": 444.4289352953939,
        "decode_ns_iters": [
          1519616,
          1519616,
          1509376,
          1514496,
          1519616,
          1509376,
          1521664,
          1525760,
          1518592,
          1515520,
          1529856,
          1518592,
          1519616,
          1519616,
          1508352,
          1510400,
          1515520,
          1510304,
          1523712,
          1518592,
          1523712,
          1517568,
          1527808,
          1515520,
          1528832,
          1510400,
          1513472,
          1520576,
          1522688,
          1514496
        ],
        "applicable": true
      },
      {
        "kernel": "onpair_shmem_4tpt_b64o24",
        "decode_ms": 1.523712,
        "decode_gib_s": 439.94880489927095,
        "decode_ns_iters": [
          1540160,
          1547264,
          1532928,
          1530848,
          1543168,
          1531904,
          1525760,
          1528832,
          1536000,
          1537024,
          1542144,
          1529856,
          1539072,
          1530976,
          1526784,
          1523712,
          1538048,
          1539072,
          1538048,
          1530880,
          1537024,
          1527936,
          1527808,
          1527776,
          1534976,
          1525632,
          1548288,
          1527808,
          1530880,
          1552384
        ],
        "applicable": true
      },
      {
        "kernel": "onpair_shmem_4tpt_split8read_b128o12",
        "decode_ms": 1.532928,
        "decode_gib_s": 437.3038221042853,
        "decode_ns_iters": [
          1547264,
          1541152,
          1539072,
          1548288,
          1542144,
          1550336,
          1549312,
          1541984,
          1546240,
          1541120,
          1545216,
          1534976,
          1547264,
          1551520,
          1545152,
          1545056,
          1533952,
          1544064,
          1532928,
          1546240,
          1545216,
          1546240,
          1554496,
          1542144,
          1552512,
          1544160,
          1553312,
          1548288,
          1542112,
          1541120
        ],
        "applicable": true
      },
      {
        "kernel": "onpair_shmem_4tpt_split8read_occ",
        "decode_ms": 1.542144,
        "decode_gib_s": 434.69045264947886,
        "decode_ns_iters": [
          1549312,
          1550176,
          1547264,
          1542144,
          1565696,
          1551360,
          1554432,
          1556480,
          1552384,
          1553408,
          1558528,
          1545216,
          1543168,
          1548288,
          1551328,
          1548288,
          1547264,
          1556480,
          1569696,
          1556480,
          1560576,
          1545216,
          1542144,
          1557504,
          1563648,
          1559360,
          1555456,
          1563648,
          1546240,
          1579008
        ],
        "applicable": true
      },
      {
        "kernel": "onpair_shmem_4tpt_split8",
        "decode_ms": 1.529856,
        "decode_gib_s": 438.18194222899274,
        "decode_ns_iters": [
          1539072,
          1531904,
          1531904,
          1541120,
          1529856,
          1537024,
          1546240,
          1537024,
          1529856,
          1538048,
          1530880,
          1553248,
          1531904,
          1534880,
          1556416,
          1545216,
          1530880,
          1539072,
          1531904,
          1546048,
          1544320,
          1545216,
          1531904,
          1536032,
          1541120,
          1536000,
          1540960,
          1541120,
          1537024,
          1535872
        ],
        "applicable": true
      },
      {
        "kernel": "onpair_shmem_4tpt_split8_wpb8",
        "decode_ms": 1.482752,
        "decode_gib_s": 452.1020868025657,
        "decode_ns_iters": [
          1506304,
          1492992,
          1511424,
          1504064,
          1506304,
          1504256,
          1496064,
          1492992,
          1496064,
          1508352,
          1482752,
          1484800,
          1486848,
          1488896,
          1492992,
          1494016,
          1508288,
          1503232,
          1512448,
          1487872,
          1494016,
          1510400,
          1487872,
          1492992,
          1499136,
          1490816,
          1488896,
          1508352,
          1489920,
          1495040
        ],
        "applicable": true
      },
      {
        "kernel": "onpair_shmem_4tpt_split8_wpb8_occ",
        "decode_ms": 1.517536,
        "decode_gib_s": 441.7392888278616,
        "decode_ns_iters": [
          1529856,
          1536000,
          1550336,
          1530848,
          1542144,
          1524736,
          1517536,
          1537952,
          1538048,
          1534976,
          1530880,
          1527808,
          1531872,
          1528832,
          1528832,
          1537888,
          1526784,
          1530944,
          1551296,
          1538048,
          1541120,
          1526784,
          1541056,
          1542144,
          1535968,
          1532928,
          1529856,
          1534976,
          1530880,
          1529696
        ],
        "applicable": true
      },
      {
        "kernel": "onpair_shmem_4tpt_pdict",
        "decode_ms": 1.755168,
        "decode_gib_s": 381.93225572177585,
        "decode_ns_iters": [
          1755168,
          1762304,
          1780736,
          1767424,
          1775616,
          1773568,
          1766400,
          1772544,
          1798144,
          1785856,
          1775616,
          1773568,
          1772544,
          1773568,
          1775712,
          1766336,
          1767264,
          1778688,
          1766304,
          1767424,
          1762208,
          1778688,
          1764352,
          1792000,
          1780736,
          1760096,
          1766304,
          1778496,
          1769280,
          1767232
        ],
        "applicable": true
      },
      {
        "kernel": "onpair_shmem_4tpt_vdict",
        "decode_ms": 1.728512,
        "decode_gib_s": 387.8221692476985,
        "decode_ns_iters": [
          1740800,
          1751008,
          1737728,
          1728512,
          1731584,
          1736704,
          1742848,
          1755008,
          1730432,
          1738752,
          1744864,
          1745920,
          1738560,
          1742848,
          1747968,
          1730560,
          1755136,
          1756160,
          1737728,
          1750016,
          1744704,
          1751040,
          1745920,
          1741760,
          1752064,
          1753088,
          1760320,
          1744896,
          1743872,
          1732608
        ],
        "applicable": true
      },
      {
        "kernel": "onpair_shmem_4tpt_split8read",
        "decode_ms": 1.54624,
        "decode_gib_s": 433.5389547616656,
        "decode_ns_iters": [
          1574912,
          1562624,
          1562624,
          1572864,
          1571840,
          1570816,
          1560672,
          1546240,
          1553440,
          1556480,
          1580032,
          1558432,
          1569792,
          1564672,
          1580032,
          1572864,
          1563840,
          1554432,
          1567744,
          1564672,
          1583104,
          1556672,
          1571872,
          1566688,
          1560576,
          1564576,
          1565568,
          1570816,
          1562624,
          1568768
        ],
        "applicable": true
      },
      {
        "kernel": "onpair_shmem_4tpt_ldcs",
        "decode_ms": 1.84832,
        "decode_gib_s": 362.6835577230555,
        "decode_ns_iters": [
          1859584,
          1875968,
          1855680,
          1875936,
          1868896,
          1868800,
          1859584,
          1871872,
          1877888,
          1866752,
          1873920,
          1888256,
          1875968,
          1854464,
          1856320,
          1860608,
          1862656,
          1851232,
          1848320,
          1850368,
          1861824,
          1876032,
          1861632,
          1858560,
          1871968,
          1862656,
          1861632,
          1859584,
          1859584,
          1872800
        ],
        "applicable": true
      },
      {
        "kernel": "onpair_shmem_4tpt_lenbucket",
        "decode_ms": 0.0,
        "decode_gib_s": 0.0,
        "applicable": false,
        "reason": "length-bucket dict not built (set ONPAIR_DICT_REORDER=lenbucket)"
      },
      {
        "kernel": "onpair_shmem_4tpt_lenbucket_b128",
        "decode_ms": 0.0,
        "decode_gib_s": 0.0,
        "applicable": false,
        "reason": "length-bucket dict not built (set ONPAIR_DICT_REORDER=lenbucket)"
      },
      {
        "kernel": "onpair_shmem_4tpt_regcache",
        "decode_ms": 1.502272,
        "decode_gib_s": 446.2276294909829,
        "decode_ns_iters": [
          1502272,
          1524736,
          1521664,
          1511552,
          1515520,
          1508352,
          1504256,
          1527936,
          1515520,
          1532832,
          1536000,
          1523712,
          1521568,
          1532928,
          1518528,
          1527808,
          1525760,
          1527808,
          1529856,
          1529856,
          1524736,
          1525760,
          1528832,
          1539072,
          1522688,
          1523776,
          1541120,
          1517568,
          1505440,
          1523712
        ],
        "applicable": true
      },
      {
        "kernel": "onpair_shmem_4tpt_split4read",
        "decode_ms": 1.548288,
        "decode_gib_s": 432.9654905357904,
        "decode_ns_iters": [
          1555456,
          1565696,
          1566592,
          1565696,
          1568832,
          1562624,
          1575936,
          1556544,
          1560576,
          1552224,
          1548288,
          1572864,
          1559488,
          1559488,
          1558528,
          1557408,
          1556480,
          1572864,
          1562752,
          1556480,
          1568704,
          1581056,
          1569792,
          1567744,
          1572672,
          1556480,
          1556480,
          1559552,
          1559552,
          1562624
        ],
        "applicable": true
      },
      {
        "kernel": "onpair_shmem_4tpt_split4read_b128o12",
        "decode_ms": 1.536,
        "decode_gib_s": 436.42921446007676,
        "decode_ns_iters": [
          1546240,
          1549312,
          1548192,
          1539072,
          1538080,
          1543168,
          1536000,
          1536000,
          1541120,
          1544192,
          1538048,
          1546240,
          1542144,
          1544192,
          1569792,
          1547264,
          1544192,
          1548288,
          1540096,
          1555456,
          1547264,
          1545216,
          1541120,
          1540096,
          1536192,
          1540160,
          1549312,
          1558528,
          1546240,
          1540032
        ],
        "applicable": true
      },
      {
        "kernel": "onpair_shmem_4tpt_cluster_dsmem",
        "decode_ms": 0.0,
        "decode_gib_s": 0.0,
        "applicable": false,
        "reason": "thread-block clusters require sm_90+ (device cc 8.x)"
      },
      {
        "kernel": "onpair_shmem_8tpt",
        "decode_ms": 1.4592,
        "decode_gib_s": 459.3991731158702,
        "decode_ns_iters": [
          1463296,
          1470464,
          1474560,
          1465376,
          1472512,
          1464192,
          1470336,
          1465536,
          1460416,
          1467392,
          1480704,
          1472512,
          1465344,
          1463296,
          1463296,
          1485824,
          1461248,
          1473536,
          1472512,
          1465344,
          1466272,
          1471488,
          1459200,
          1485824,
          1476608,
          1467392,
          1472512,
          1469440,
          1468416,
          1464320
        ],
        "applicable": true
      },
      {
        "kernel": "onpair_shmem_8tpt_b128",
        "decode_ms": 1.453056,
        "decode_gib_s": 461.34166433411923,
        "decode_ns_iters": [
          1477632,
          1460288,
          1459200,
          1453056,
          1468416,
          1479584,
          1457152,
          1456128,
          1459200,
          1468416,
          1454080,
          1464320,
          1454080,
          1476608,
          1472448,
          1470464,
          1467392,
          1464320,
          1459040,
          1467392,
          1461248,
          1481728,
          1463296,
          1463296,
          1467392,
          1462240,
          1469440,
          1459200,
          1460224,
          1479680
        ],
        "applicable": true
      },
      {
        "kernel": "onpair_shmem_4tpt_vwidth",
        "decode_ms": 1.679424,
        "decode_gib_s": 399.15785019785227,
        "decode_ns_iters": [
          1679552,
          1683456,
          1691648,
          1685504,
          1679424,
          1698816,
          1682432,
          1690624,
          1690624,
          1688384,
          1687552,
          1683456,
          1703936,
          1681408,
          1683456,
          1686528,
          1686528,
          1691648,
          1687552,
          1683456,
          1689600,
          1683392,
          1689600,
          1687552,
          1685504,
          1699840,
          1688576,
          1683456,
          1687552,
          1682496
        ],
        "applicable": true
      },
      {
        "kernel": "onpair_shmem_4tpt_vwidth_b128",
        "decode_ms": 2.623488,
        "decode_gib_s": 255.5206173653845,
        "decode_ns_iters": [
          2623488,
          2638848,
          2652160,
          2634752,
          2641920,
          2649088,
          2656256,
          2651168,
          2643968,
          2650112,
          2644992,
          2650272,
          2655232,
          2675520,
          2659328,
          2648064,
          2658304,
          2654240,
          2654208,
          2652160,
          2655232,
          2667584,
          2668544,
          2666496,
          2655232,
          2669568,
          2652160,
          2662368,
          2658304,
          2655232
        ],
        "applicable": true
      },
      {
        "kernel": "onpair_shmem_4tpt_vwidth4",
        "decode_ms": 1.55648,
        "decode_gib_s": 430.6867247961284,
        "decode_ns_iters": [
          1561600,
          1560576,
          1562752,
          1568768,
          1567744,
          1565696,
          1622048,
          1657856,
          1651712,
          1689600,
          1594368,
          1592320,
          1658880,
          1613824,
          1569728,
          1590272,
          1658880,
          1601536,
          1693696,
          1688576,
          1693696,
          1648512,
          1564672,
          1556480,
          1572832,
          1565696,
          1569792,
          1573888,
          1638592,
          1702912
        ],
        "applicable": true
      },
      {
        "kernel": "onpair_shmem_4tpt_vwidth4_b128",
        "decode_ms": 1.620992,
        "decode_gib_s": 413.5463181870595,
        "decode_ns_iters": [
          1642496,
          1629312,
          1633280,
          1631232,
          1644384,
          1632256,
          1633280,
          1637376,
          1647616,
          1633280,
          1637376,
          1634176,
          1620992,
          1632288,
          1625088,
          1645600,
          1620992,
          1629184,
          1646592,
          1639424,
          1636352,
          1632256,
          1638400,
          1633280,
          1632256,
          1638560,
          1633280,
          1633280,
          1642496,
          1640320
        ],
        "applicable": true
      },
      {
        "kernel": "onpair_shmem_4tpt_shdict8",
        "decode_ms": 1.850368,
        "decode_gib_s": 362.2821370725596,
        "decode_ns_iters": [
          1873920,
          1858560,
          1861440,
          1858560,
          1874944,
          1864704,
          1856672,
          1867776,
          1862656,
          1867776,
          1850368,
          1873920,
          1896448,
          1851360,
          1886208,
          1853440,
          1888256,
          1868800,
          1867776,
          1870912,
          1880064,
          1878016,
          1900512,
          1882112,
          1875072,
          1865728,
          1881216,
          1864768,
          1880064,
          1870848
        ],
        "applicable": true
      },
      {
        "kernel": "onpair_shmem_4tpt_ablate",
        "decode_ms": 1.52896,
        "decode_gib_s": 438.4387252842965,
        "decode_ns_iters": [
          1538048,
          1548288,
          1547264,
          1528960,
          1564672,
          1551360,
          1549312,
          1544192,
          1554432,
          1551360,
          1550336,
          1551360,
          1549312,
          1539104,
          1548288,
          1556480,
          1551360,
          1549312,
          1545216,
          1548096,
          1536000,
          1547264,
          1535808,
          1543104,
          1554432,
          1549312,
          1550176,
          1544192,
          1543168,
          1547264
        ],
        "applicable": true
      },
      {
        "kernel": "onpair_shmem_4tpt_ablate_nogather",
        "decode_ms": 1.540064,
        "decode_gib_s": 435.27754262853875,
        "decode_ns_iters": [
          1545184,
          1566624,
          1552192,
          1545216,
          1551360,
          1553408,
          1552384,
          1540096,
          1565600,
          1548288,
          1558464,
          1540064,
          1555456,
          1545216,
          1552320,
          1563680,
          1540192,
          1550336,
          1545216,
          1540096,
          1548288,
          1552384,
          1579008,
          1553408,
          1543040,
          1551328,
          1551360,
          1550336,
          1547296,
          1565600
        ],
        "applicable": true
      },
      {
        "kernel": "onpair_shmem_4tpt_ablate_noemit",
        "decode_ms": 1.5872,
        "decode_gib_s": 422.3508527033001,
        "decode_ns_iters": [
          1593344,
          1588224,
          1598464,
          1595392,
          1592320,
          1595392,
          1603552,
          1592448,
          1587200,
          1595392,
          1617920,
          1590336,
          1602560,
          1588128,
          1609728,
          1604608,
          1591360,
          1605632,
          1620992,
          1595392,
          1602624,
          1610752,
          1600512,
          1597248,
          1605632,
          1601408,
          1601536,
          1602560,
          1592352,
          1599584
        ],
        "applicable": true
      },
      {
        "kernel": "onpair_shmem_4tpt_ablate_nodrain",
        "decode_ms": 0.533504,
        "decode_gib_s": 1256.5140531480138,
        "decode_ns_iters": [
          548864,
          543744,
          539648,
          536576,
          535552,
          540672,
          538624,
          536544,
          543712,
          539648,
          540672,
          537440,
          539488,
          542688,
          538624,
          539648,
          536576,
          538624,
          546624,
          538624,
          543744,
          540544,
          547840,
          537600,
          540672,
          556032,
          542720,
          539488,
          539584,
          533504
        ],
        "applicable": true
      },
      {
        "kernel": "onpair_shmem_4tpt_ablate_noscan",
        "decode_ms": 1.568768,
        "decode_gib_s": 427.3131995366287,
        "decode_ns_iters": [
          1591296,
          1574912,
          1572864,
          1585152,
          1581056,
          1571840,
          1583104,
          1585152,
          1568768,
          1581056,
          1579008,
          1571840,
          1582080,
          1593184,
          1582080,
          1571840,
          1571840,
          1577984,
          1608704,
          1585152,
          1585152,
          1572864,
          1583104,
          1583104,
          1590272,
          1582080,
          1574912,
          1569760,
          1581056,
          1595392
        ],
        "applicable": true
      },
      {
        "kernel": "onpair_shmem_4tpt_ablate_cfree",
        "decode_ms": 1.539072,
        "decode_gib_s": 435.55809826354965,
        "decode_ns_iters": [
          1543168,
          1553408,
          1568608,
          1547264,
          1545216,
          1563648,
          1543296,
          1552384,
          1544192,
          1549312,
          1552384,
          1549152,
          1539072,
          1548288,
          1545216,
          1562624,
          1547264,
          1549312,
          1546080,
          1544192,
          1550336,
          1548288,
          1543168,
          1544192,
          1548288,
          1549312,
          1546240,
          1545216,
          1568768,
          1552352
        ],
        "applicable": true
      },
      {
        "kernel": "onpair_shmem_s8",
        "decode_ms": 0.0,
        "decode_gib_s": 0.0,
        "applicable": false,
        "reason": "dictionary entry longer than 8 bytes"
      },
      {
        "kernel": "onpair_shmem_s8_2tpt",
        "decode_ms": 0.0,
        "decode_gib_s": 0.0,
        "applicable": false,
        "reason": "dictionary entry longer than 8 bytes"
      },
      {
        "kernel": "onpair_shmem_s8_4tpt",
        "decode_ms": 0.0,
        "decode_gib_s": 0.0,
        "applicable": false,
        "reason": "dictionary entry longer than 8 bytes"
      },
      {
        "kernel": "onpair_shmem_s8_8tpt",
        "decode_ms": 0.0,
        "decode_gib_s": 0.0,
        "applicable": false,
        "reason": "dictionary entry longer than 8 bytes"
      },
      {
        "kernel": "onpair_shmem_s4l1",
        "decode_ms": 0.0,
        "decode_gib_s": 0.0,
        "applicable": false,
        "reason": "dictionary entry longer than 4 bytes"
      },
      {
        "kernel": "onpair_shmem_s4l1_2tpt",
        "decode_ms": 0.0,
        "decode_gib_s": 0.0,
        "applicable": false,
        "reason": "dictionary entry longer than 4 bytes"
      },
      {
        "kernel": "onpair_shmem_s4l1_4tpt",
        "decode_ms": 0.0,
        "decode_gib_s": 0.0,
        "applicable": false,
        "reason": "dictionary entry longer than 4 bytes"
      },
      {
        "kernel": "onpair_shmem_s4l1_8tpt",
        "decode_ms": 0.0,
        "decode_gib_s": 0.0,
        "applicable": false,
        "reason": "dictionary entry longer than 4 bytes"
      },
      {
        "kernel": "onpair_shmem_s4l1_16tpt",
        "decode_ms": 0.0,
        "decode_gib_s": 0.0,
        "applicable": false,
        "reason": "dictionary entry longer than 4 bytes"
      },
      {
        "kernel": "onpair_shmem_s4l1_32tpt",
        "decode_ms": 0.0,
        "decode_gib_s": 0.0,
        "applicable": false,
        "reason": "dictionary entry longer than 4 bytes"
      },
      {
        "kernel": "onpair_shmem_const1",
        "decode_ms": 0.0,
        "decode_gib_s": 0.0,
        "applicable": false,
        "reason": "not every dictionary entry is exactly 1 byte"
      },
      {
        "kernel": "onpair_shmem_const2",
        "decode_ms": 0.0,
        "decode_gib_s": 0.0,
        "applicable": false,
        "reason": "not every dictionary entry is exactly 2 bytes"
      }
    ]
  }
}
==PROF== Disconnected from process 20958
==PROF== Report: /home/ubuntu/work/ncu_costsurface_tpch-sf10_l_shipinstruct_b16.ncu-rep
