==PROF== Connected to process 16738 (/home/ubuntu/work/target/release/onpair-chunk-bench)
2026-07-06T03:19:58.694403Z  INFO vortex_cuda: vortex-cuda/src/lib.rs:111: Registering CUDA kernels
==PROF== Profiling "onpair_shmem_4tpt": 0%....50%....100% - 43 passes
==PROF== Profiling "onpair_shmem_4tpt": 0%....50%....100% - 43 passes
==PROF== Profiling "onpair_shmem_4tpt": 0%....50%....100% - 43 passes
==PROF== Profiling "onpair_shmem_4tpt": 0%....50%....100% - 43 passes
==PROF== Profiling "onpair_shmem_4tpt": 0%....50%....100% - 43 passes
==PROF== Profiling "onpair_shmem_4tpt": 0%....50%....100% - 43 passes
==PROF== Profiling "onpair_shmem_4tpt": 0%....50%....100% - 43 passes
==PROF== Profiling "onpair_shmem_4tpt": 0%....50%....100% - 43 passes
==PROF== Profiling "onpair_shmem_4tpt": 0%....50%....100% - 43 passes
==PROF== Profiling "onpair_shmem_4tpt": 0%....50%....100% - 43 passes
==PROF== Profiling "onpair_shmem_4tpt": 0%....50%....100% - 43 passes
==PROF== Profiling "onpair_shmem_4tpt": 0%....50%....100% - 43 passes
==PROF== Profiling "onpair_shmem_4tpt": 0%....50%....100% - 43 passes
==PROF== Profiling "onpair_shmem_4tpt": 0%....50%....100% - 43 passes
==PROF== Profiling "onpair_shmem_4tpt": 0%....50%....100% - 43 passes
==PROF== Profiling "onpair_shmem_4tpt": 0%....50%....100% - 43 passes
{
  "files": [
    "/home/ubuntu/work/vortex-bench/data/onpair-bench/tpch-sf10/l_comment/bits16_chunk1000mb_thr0.20/part_0000.vortex"
  ],
  "column": "l_comment",
  "rows": 37734748,
  "in_memory_bytes": 238622504,
  "dict_bytes": 739216,
  "gpu": {
    "iterations": 30,
    "decoded_bytes": 999999977,
    "chunks": 1,
    "auto_kernel": "onpair_shmem_4tpt",
    "frac_le8": 0.33375916,
    "dict_mean_len": 10.45132,
    "dict_max_len": 16,
    "dict_entries_max": 65536,
    "small_dict": false,
    "distinct_codes": 65305,
    "access_top4096_frac": 0.4279154,
    "compressed_bytes": 192168154,
    "h2d_gib_s": 20.014464854039314,
    "whole_decompress_gib_s": 78.11863673146908,
    "best_kernel": "onpair_shmem",
    "auto_decode_ms": 2.97984,
    "best_decode_ms": 2.51392,
    "validated": false,
    "auto_decode_gib_s": 312.54112744142617,
    "best_decode_gib_s": 370.46626511386967,
    "kernels": [
      {
        "kernel": "onpair_shmem",
        "decode_ms": 2.51392,
        "decode_gib_s": 370.46626511386967,
        "decode_ns_iters": [
          2514944,
          2515968,
          2515968,
          2515904,
          2514944,
          2513920,
          2515872,
          2515968,
          2514944,
          2515872,
          2516864,
          2514848,
          2536448,
          2549760,
          2549632,
          2549760,
          2549760,
          2558976,
          2579456,
          2623488,
          2608128,
          2608128,
          2609152,
          2609152,
          2625536,
          2619392,
          2650976,
          2647008,
          2644992,
          2647936
        ],
        "applicable": true
      },
      {
        "kernel": "onpair_shmem_2tpt",
        "decode_ms": 2.521088,
        "decode_gib_s": 369.41294916919173,
        "decode_ns_iters": [
          2554880,
          2544640,
          2541568,
          2542432,
          2543456,
          2544640,
          2543584,
          2554880,
          2534400,
          2524160,
          2525184,
          2524160,
          2524128,
          2525184,
          2540544,
          2525184,
          2524160,
          2524320,
          2525120,
          2525184,
          2525152,
          2524160,
          2521088,
          2521088,
          2541568,
          2525184,
          2524160,
          2523136,
          2525184,
          2524320
        ],
        "applicable": true
      },
      {
        "kernel": "onpair_shmem_4tpt",
        "decode_ms": 2.97984,
        "decode_gib_s": 312.54112744142617,
        "decode_ns_iters": [
          2015237093,
          2008986473,
          2012329817,
          2000298023,
          2018698215,
          2023614407,
          2009635925,
          2007339001,
          1999041557,
          1998719931,
          2005044222,
          2002210855,
          2010570765,
          2021641254,
          3005344,
          2980864,
          2979840,
          2987904,
          2997248,
          2979840,
          2982816,
          2982048,
          2979872,
          2983840,
          2981888,
          2997248,
          2981888,
          2982912,
          2981888,
          2982976
        ],
        "applicable": true
      },
      {
        "kernel": "onpair_shmem_4tpt_wpb8",
        "decode_ms": 3.022848,
        "decode_gib_s": 308.09440408351963,
        "decode_ns_iters": [
          3024896,
          3027968,
          3022848,
          3026944,
          3026112,
          3026944,
          3028992,
          3049472,
          3049472,
          3047424,
          3050336,
          3027872,
          3026880,
          3026912,
          3026016,
          3024896,
          3027968,
          3025920,
          3025920,
          3028992,
          3038208,
          3051520,
          3045376,
          3047424,
          3049472,
          3049472,
          3067904,
          3047424,
          3049472,
          3048384
        ],
        "applicable": true
      },
      {
        "kernel": "onpair_shmem_4tpt_wpb8_occ",
        "decode_ms": 3.042304,
        "decode_gib_s": 306.1240931856446,
        "decode_ns_iters": [
          3072000,
          3065856,
          3066688,
          3053568,
          3043328,
          3056640,
          3043328,
          3044352,
          3045376,
          3043264,
          3044320,
          3042304,
          3046400,
          3065856,
          3064832,
          3067904,
          3063808,
          3066752,
          3066880,
          3063808,
          3065888,
          3065856,
          3064832,
          3065856,
          3065856,
          3082240,
          3093504,
          3088384,
          3087360,
          3088384
        ],
        "applicable": true
      },
      {
        "kernel": "onpair_shmem_4tpt_b128",
        "decode_ms": 3.078144,
        "decode_gib_s": 302.55977407004326,
        "decode_ns_iters": [
          3090432,
          3080192,
          3079168,
          3078144,
          3081216,
          3080192,
          3080128,
          3080192,
          3089408,
          3081216,
          3082240,
          3090432,
          3104768,
          3100672,
          3102560,
          3105792,
          3101792,
          3107840,
          3124256,
          3123200,
          3123232,
          3124224,
          3123200,
          3118080,
          3102880,
          3103744,
          3100672,
          3101696,
          3102720,
          3102848
        ],
        "applicable": true
      },
      {
        "kernel": "onpair_shmem_4tpt_o6",
        "decode_ms": 3.071872,
        "decode_gib_s": 303.1775260151007,
        "decode_ns_iters": [
          3118080,
          3118080,
          3119104,
          3108864,
          3074048,
          3073888,
          3072896,
          3081216,
          3091456,
          3074048,
          3072992,
          3074048,
          3090432,
          3073920,
          3074048,
          3073024,
          3090432,
          3073024,
          3076096,
          3072896,
          3073024,
          3074912,
          3072000,
          3074048,
          3073984,
          3074048,
          3074048,
          3072128,
          3076096,
          3071872
        ],
        "applicable": true
      },
      {
        "kernel": "onpair_shmem_4tpt_b512o3",
        "decode_ms": 2.99008,
        "decode_gib_s": 311.47078111457193,
        "decode_ns_iters": [
          3012608,
          3013632,
          3003392,
          2997248,
          2991104,
          2994176,
          2990080,
          2993152,
          2998272,
          3012608,
          3016704,
          3015616,
          3015776,
          3013632,
          3012608,
          3013632,
          3033088,
          3013632,
          3012768,
          3014656,
          3014656,
          3013632,
          3017728,
          3014656,
          3016704,
          3012608,
          3014816,
          3009536,
          2991104,
          2993152
        ],
        "applicable": true
      },
      {
        "kernel": "onpair_shmem_4tpt_b128o12",
        "decode_ms": 3.07104,
        "decode_gib_s": 303.2596622626404,
        "decode_ns_iters": [
          3071040,
          3071072,
          3088384,
          3073024,
          3072000,
          3073024,
          3088480,
          3072000,
          3094528,
          3095552,
          3111936,
          3093504,
          3092480,
          3093504,
          3117056,
          3117056,
          3118080,
          3118080,
          3120160,
          3118080,
          3136512,
          3137536,
          3139584,
          3140736,
          3140608,
          3140608,
          3139584,
          3156992,
          3139584,
          3139584
        ],
        "applicable": true
      },
      {
        "kernel": "onpair_shmem_4tpt_b64",
        "decode_ms": 3.100544,
        "decode_gib_s": 300.3739192848285,
        "decode_ns_iters": [
          3115968,
          3101696,
          3100544,
          3101632,
          3101696,
          3100672,
          3100672,
          3103744,
          3101600,
          3100672,
          3103744,
          3116032,
          3120128,
          3126240,
          3124224,
          3124224,
          3126272,
          3123200,
          3139744,
          3124224,
          3123200,
          3125248,
          3124224,
          3124224,
          3136320,
          3123200,
          3124224,
          3124192,
          3142656,
          3124224
        ],
        "applicable": true
      },
      {
        "kernel": "onpair_shmem_4tpt_b64o24",
        "decode_ms": 3.11296,
        "decode_gib_s": 299.17588186004934,
        "decode_ns_iters": [
          3115008,
          3115968,
          3113984,
          3117056,
          3112960,
          3138560,
          3116032,
          3115008,
          3114912,
          3114144,
          3127200,
          3145728,
          3135488,
          3137536,
          3138560,
          3155008,
          3138560,
          3136512,
          3136512,
          3138560,
          3136512,
          3146592,
          3137536,
          3137536,
          3137536,
          3135488,
          3138368,
          3137472,
          3146752,
          3113984
        ],
        "applicable": true
      },
      {
        "kernel": "onpair_shmem_4tpt_split8read_b128o12",
        "decode_ms": 3.99872,
        "decode_gib_s": 232.90516795250963,
        "decode_ns_iters": [
          4000768,
          4012224,
          4032512,
          4042752,
          4030464,
          4029440,
          4009984,
          4007936,
          4018208,
          3998720,
          4000768,
          4026304,
          4031488,
          4029344,
          4029344,
          4030464,
          4029440,
          4032512,
          4050944,
          4031488,
          4029312,
          4029440,
          4030464,
          4029440,
          4029440,
          4028512,
          4029440,
          4028416,
          4030464,
          4030368
        ],
        "applicable": true
      },
      {
        "kernel": "onpair_shmem_4tpt_split8read_occ",
        "decode_ms": 3.970112,
        "decode_gib_s": 234.583445805826,
        "decode_ns_iters": [
          4000768,
          4001792,
          3999872,
          4002816,
          4000576,
          4002816,
          4000768,
          4001792,
          3999648,
          4001632,
          4000768,
          4000768,
          4001632,
          4000768,
          4001696,
          3999744,
          4000832,
          3971072,
          3971072,
          3971072,
          3972064,
          3973120,
          4002784,
          4002816,
          4000768,
          4003840,
          3989504,
          3973120,
          3970112,
          3972096
        ],
        "applicable": true
      },
      {
        "kernel": "onpair_shmem_4tpt_split8",
        "decode_ms": 3.015776,
        "decode_gib_s": 308.8168860005051,
        "decode_ns_iters": [
          3062784,
          3060736,
          3060864,
          3060736,
          3061632,
          3060736,
          3053568,
          3040256,
          3040256,
          3039232,
          3034112,
          3039424,
          3098624,
          3115008,
          3108864,
          3108704,
          3107840,
          3109728,
          3072992,
          3062880,
          3065664,
          3059712,
          3061760,
          3060736,
          3035136,
          3017728,
          3017728,
          3016704,
          3017888,
          3015776
        ],
        "applicable": true
      },
      {
        "kernel": "onpair_shmem_4tpt_split8_wpb8",
        "decode_ms": 3.070976,
        "decode_gib_s": 303.265982278943,
        "decode_ns_iters": [
          3096576,
          3097600,
          3093504,
          3095552,
          3094688,
          3110912,
          3094528,
          3096576,
          3102720,
          3093600,
          3095584,
          3100672,
          3095552,
          3094528,
          3096448,
          3095552,
          3089408,
          3096576,
          3093504,
          3095552,
          3095552,
          3097600,
          3097600,
          3074048,
          3090432,
          3073024,
          3073024,
          3075072,
          3070976,
          3074048
        ],
        "applicable": true
      },
      {
        "kernel": "onpair_shmem_4tpt_split8_wpb8_occ",
        "decode_ms": 3.042304,
        "decode_gib_s": 306.1240931856446,
        "decode_ns_iters": [
          3065856,
          3068928,
          3067904,
          3066880,
          3068928,
          3066880,
          3066880,
          3068928,
          3066880,
          3064832,
          3060736,
          3068800,
          3089408,
          3089248,
          3086336,
          3089312,
          3042304,
          3088384,
          3089408,
          3084384,
          3088384,
          3092480,
          3110912,
          3110912,
          3111936,
          3110848,
          3110912,
          3109888,
          3111936,
          3110848
        ],
        "applicable": true
      },
      {
        "kernel": "onpair_shmem_4tpt_pdict",
        "decode_ms": 0.0,
        "decode_gib_s": 0.0,
        "applicable": false,
        "reason": "padded dict needs 1130752 B shared, over 102400 B cap"
      },
      {
        "kernel": "onpair_shmem_4tpt_vdict",
        "decode_ms": 0.0,
        "decode_gib_s": 0.0,
        "applicable": false,
        "reason": "packed dict needs 755872 B shared, over 102400 B cap"
      },
      {
        "kernel": "onpair_shmem_4tpt_split8read",
        "decode_ms": 3.78784,
        "decode_gib_s": 245.87167176941455,
        "decode_ns_iters": [
          3876704,
          3878784,
          3876864,
          3879936,
          3877888,
          3877888,
          3838016,
          3819520,
          3818496,
          3818592,
          3819552,
          3792896,
          3790848,
          3790752,
          3794944,
          3792896,
          3789824,
          3792960,
          3791872,
          3794976,
          3793760,
          3813376,
          3818496,
          3817472,
          3820544,
          3824640,
          3794048,
          3790848,
          3790848,
          3787840
        ],
        "applicable": true
      },
      {
        "kernel": "onpair_shmem_4tpt_ldcs",
        "decode_ms": 2.972704,
        "decode_gib_s": 313.2913849461835,
        "decode_ns_iters": [
          2978816,
          2976768,
          2973696,
          2972704,
          2980864,
          2988896,
          3021824,
          3022848,
          3025920,
          3022848,
          3025856,
          3026944,
          3025920,
          3020800,
          3024896,
          3022848,
          3022848,
          3027968,
          3023712,
          3023872,
          3023872,
          3020800,
          3025952,
          3041376,
          3012768,
          3001504,
          2999296,
          3003392,
          3001248,
          2999456
        ],
        "applicable": true
      },
      {
        "kernel": "onpair_shmem_4tpt_lenbucket",
        "decode_ms": 0.0,
        "decode_gib_s": 0.0,
        "applicable": false,
        "reason": "length-bucket dict not built (set ONPAIR_DICT_REORDER=lenbucket)"
      },
      {
        "kernel": "onpair_shmem_4tpt_lenbucket_b128",
        "decode_ms": 0.0,
        "decode_gib_s": 0.0,
        "applicable": false,
        "reason": "length-bucket dict not built (set ONPAIR_DICT_REORDER=lenbucket)"
      },
      {
        "kernel": "onpair_shmem_4tpt_regcache",
        "decode_ms": 3.08224,
        "decode_gib_s": 302.1577012805814,
        "decode_ns_iters": [
          3127296,
          3128320,
          3128288,
          3128320,
          3126400,
          3132256,
          3128384,
          3127200,
          3128320,
          3145728,
          3127296,
          3128352,
          3126272,
          3127296,
          3127424,
          3126272,
          3125248,
          3104768,
          3103744,
          3105792,
          3104704,
          3105792,
          3103744,
          3099648,
          3083328,
          3083264,
          3082240,
          3100672,
          3085312,
          3083264
        ],
        "applicable": true
      },
      {
        "kernel": "onpair_shmem_4tpt_split4read",
        "decode_ms": 3.913728,
        "decode_gib_s": 237.9630248180403,
        "decode_ns_iters": [
          3913728,
          3914752,
          3971072,
          3973120,
          3970048,
          3970048,
          3970048,
          3970048,
          3970048,
          3971072,
          3970048,
          3982336,
          3999808,
          4000768,
          4000768,
          3996704,
          3982240,
          3965952,
          3995648,
          3965952,
          3966976,
          3968000,
          3964928,
          3965952,
          3973120,
          3972160,
          4021248,
          4030464,
          4031488,
          4031360
        ],
        "applicable": true
      },
      {
        "kernel": "onpair_shmem_4tpt_split4read_b128o12",
        "decode_ms": 4.112384,
        "decode_gib_s": 226.4677990175673,
        "decode_ns_iters": [
          4126720,
          4112384,
          4112384,
          4113472,
          4114432,
          4115456,
          4127744,
          4116480,
          4124672,
          4146176,
          4145024,
          4148224,
          4135808,
          4115456,
          4114432,
          4115456,
          4113408,
          4114432,
          4116576,
          4127904,
          4117504,
          4114432,
          4145152,
          4145312,
          4148096,
          4145152,
          4147200,
          4147200,
          4148224,
          4144160
        ],
        "applicable": true
      },
      {
        "kernel": "onpair_shmem_4tpt_cluster_dsmem",
        "decode_ms": 0.0,
        "decode_gib_s": 0.0,
        "applicable": false,
        "reason": "thread-block clusters require sm_90+ (device cc 8.x)"
      },
      {
        "kernel": "onpair_shmem_8tpt",
        "decode_ms": 3.049472,
        "decode_gib_s": 305.40452681482543,
        "decode_ns_iters": [
          3097440,
          3094560,
          3094528,
          3094528,
          3095552,
          3082240,
          3070976,
          3072000,
          3073920,
          3072000,
          3073024,
          3062784,
          3051488,
          3049600,
          3049472,
          3051488,
          3050496,
          3057664,
          3095552,
          3093504,
          3093504,
          3096576,
          3094528,
          3094528,
          3118080,
          3116032,
          3117056,
          3132288,
          3116864,
          3116032
        ],
        "applicable": true
      },
      {
        "kernel": "onpair_shmem_8tpt_b128",
        "decode_ms": 3.096576,
        "decode_gib_s": 300.75882303391205,
        "decode_ns_iters": [
          3143680,
          3143680,
          3142656,
          3141632,
          3143808,
          3143680,
          3143680,
          3142656,
          3143680,
          3137696,
          3119872,
          3123200,
          3120096,
          3120288,
          3121152,
          3132416,
          3100672,
          3097600,
          3097600,
          3097600,
          3096576,
          3098624,
          3158016,
          3142656,
          3143680,
          3160064,
          3141568,
          3143680,
          3144896,
          3143680
        ],
        "applicable": true
      },
      {
        "kernel": "onpair_shmem_4tpt_vwidth",
        "decode_ms": 9.114624,
        "decode_gib_s": 102.17893280019662,
        "decode_ns_iters": [
          9279488,
          9235457,
          9194496,
          9171968,
          9131008,
          9164800,
          9156608,
          9162592,
          9128960,
          9136128,
          9138176,
          9159680,
          9161728,
          9153536,
          9137152,
          9114624,
          9143297,
          9168896,
          9121791,
          9123840,
          9132992,
          9153536,
          9146368,
          9145376,
          9147393,
          9148415,
          9142240,
          9153504,
          9143297,
          9134080
        ],
        "applicable": true
      },
      {
        "kernel": "onpair_shmem_4tpt_vwidth_b128",
        "decode_ms": 11.066368,
        "decode_gib_s": 84.1579236471315,
        "decode_ns_iters": [
          11068416,
          11073536,
          11067392,
          11084800,
          11070464,
          11072512,
          11070464,
          11066368,
          11069312,
          11070464,
          11071488,
          11083776,
          11071488,
          11069568,
          11069440,
          11092992,
          11067392,
          11073536,
          11072512,
          11074560,
          11072512,
          11069440,
          11072512,
          11067520,
          11071648,
          11072512,
          11075584,
          11076608,
          11069440,
          11091936
        ],
        "applicable": true
      },
      {
        "kernel": "onpair_shmem_4tpt_vwidth4",
        "decode_ms": 3.170304,
        "decode_gib_s": 293.7644318005653,
        "decode_ns_iters": [
          3171328,
          3171328,
          3173376,
          3170464,
          3170304,
          3173344,
          3172352,
          3235840,
          3218432,
          3223552,
          3216384,
          3224512,
          3259488,
          3309568,
          3306496,
          3306496,
          3309472,
          3309440,
          3294208,
          3286016,
          3286016,
          3283968,
          3283040,
          3284992,
          3302400,
          3305664,
          3305472,
          3308544,
          3307520,
          3308384
        ],
        "applicable": true
      },
      {
        "kernel": "onpair_shmem_4tpt_vwidth4_b128",
        "decode_ms": 3.362816,
        "decode_gib_s": 276.94722315911997,
        "decode_ns_iters": [
          3388384,
          3390464,
          3390464,
          3387392,
          3363840,
          3365888,
          3362816,
          3363840,
          3365760,
          3390464,
          3390464,
          3388416,
          3388416,
          3388416,
          3388416,
          3389440,
          3389440,
          3389408,
          3390464,
          3388416,
          3389536,
          3391488,
          3388448,
          3391648,
          3408832,
          3391488,
          3389440,
          3390464,
          3390464,
          3392512
        ],
        "applicable": true
      },
      {
        "kernel": "onpair_shmem_4tpt_shdict8",
        "decode_ms": 0.0,
        "decode_gib_s": 0.0,
        "applicable": false,
        "reason": "dict_s8 + staging needs 606464 B shared, over 229376 B cap"
      },
      {
        "kernel": "onpair_shmem_4tpt_ablate",
        "decode_ms": 3.095552,
        "decode_gib_s": 300.8583132168541,
        "decode_ns_iters": [
          3119104,
          3118080,
          3118080,
          3120128,
          3120128,
          3103744,
          3097600,
          3095552,
          3097600,
          3096576,
          3096672,
          3095552,
          3096576,
          3098624,
          3095552,
          3099648,
          3097600,
          3106816,
          3122176,
          3120128,
          3119104,
          3121152,
          3138560,
          3119104,
          3122176,
          3120128,
          3118080,
          3120256,
          3121152,
          3120128
        ],
        "applicable": true
      },
      {
        "kernel": "onpair_shmem_4tpt_ablate_nogather",
        "decode_ms": 2.072416,
        "decode_gib_s": 449.38977174228495,
        "decode_ns_iters": [
          2102272,
          2111488,
          2106368,
          2102272,
          2101248,
          2104320,
          2129920,
          2092928,
          2082816,
          2093024,
          2086912,
          2093056,
          2089984,
          2098176,
          2087936,
          2101312,
          2096192,
          2095040,
          2080800,
          2084864,
          2091008,
          2087936,
          2098176,
          2093056,
          2093184,
          2092032,
          2072416,
          2080768,
          2089984,
          2105344
        ],
        "applicable": true
      },
      {
        "kernel": "onpair_shmem_4tpt_ablate_noemit",
        "decode_ms": 2.123776,
        "decode_gib_s": 438.52202548435395,
        "decode_ns_iters": [
          2129920,
          2149376,
          2128896,
          2127872,
          2134016,
          2142080,
          2130944,
          2134016,
          2136064,
          2138112,
          2138112,
          2134016,
          2149376,
          2134016,
          2124800,
          2146272,
          2138112,
          2126848,
          2135040,
          2127872,
          2137152,
          2129920,
          2127872,
          2130944,
          2123776,
          2130944,
          2128896,
          2131968,
          2126848,
          2129920
        ],
        "applicable": true
      },
      {
        "kernel": "onpair_shmem_4tpt_ablate_nodrain",
        "decode_ms": 2.743296,
        "decode_gib_s": 339.49036239438226,
        "decode_ns_iters": [
          2757536,
          2743488,
          2744320,
          2745216,
          2744320,
          2745344,
          2745344,
          2744320,
          2743296,
          2744320,
          2743296,
          2744224,
          2743456,
          2743296,
          2760704,
          2745344,
          2744320,
          2747392,
          2744320,
          2744320,
          2745344,
          2743296,
          2743296,
          2744192,
          2745344,
          2744320,
          2743424,
          2744320,
          2760704,
          2744320
        ],
        "applicable": true
      },
      {
        "kernel": "onpair_shmem_4tpt_ablate_noscan",
        "decode_ms": 2.770944,
        "decode_gib_s": 336.10298627293054,
        "decode_ns_iters": [
          2775040,
          2776064,
          2776064,
          2775040,
          2774016,
          2790560,
          2793472,
          2775040,
          2776096,
          2780032,
          2775040,
          2770944,
          2776128,
          2777088,
          2777088,
          2774016,
          2776064,
          2777088,
          2775008,
          2777088,
          2777088,
          2778112,
          2775040,
          2777088,
          2777024,
          2775040,
          2775040,
          2774016,
          2775040,
          2774016
        ],
        "applicable": true
      },
      {
        "kernel": "onpair_shmem_4tpt_ablate_cfree",
        "decode_ms": 3.004416,
        "decode_gib_s": 309.9845538018235,
        "decode_ns_iters": [
          3004416,
          3004416,
          3005312,
          3005376,
          3009376,
          3048448,
          3049472,
          3048448,
          3049472,
          3051520,
          3066880,
          3025920,
          3025920,
          3024928,
          3025920,
          3028992,
          3024896,
          3059712,
          3072000,
          3086336,
          3069952,
          3069952,
          3079136,
          3054592,
          3048448,
          3049472,
          3047296,
          3063776,
          3049472,
          3038240
        ],
        "applicable": true
      },
      {
        "kernel": "onpair_shmem_s8",
        "decode_ms": 0.0,
        "decode_gib_s": 0.0,
        "applicable": false,
        "reason": "dictionary entry longer than 8 bytes"
      },
      {
        "kernel": "onpair_shmem_s8_2tpt",
        "decode_ms": 0.0,
        "decode_gib_s": 0.0,
        "applicable": false,
        "reason": "dictionary entry longer than 8 bytes"
      },
      {
        "kernel": "onpair_shmem_s8_4tpt",
        "decode_ms": 0.0,
        "decode_gib_s": 0.0,
        "applicable": false,
        "reason": "dictionary entry longer than 8 bytes"
      },
      {
        "kernel": "onpair_shmem_s8_8tpt",
        "decode_ms": 0.0,
        "decode_gib_s": 0.0,
        "applicable": false,
        "reason": "dictionary entry longer than 8 bytes"
      },
      {
        "kernel": "onpair_shmem_s4l1",
        "decode_ms": 0.0,
        "decode_gib_s": 0.0,
        "applicable": false,
        "reason": "dictionary entry longer than 4 bytes"
      },
      {
        "kernel": "onpair_shmem_s4l1_2tpt",
        "decode_ms": 0.0,
        "decode_gib_s": 0.0,
        "applicable": false,
        "reason": "dictionary entry longer than 4 bytes"
      },
      {
        "kernel": "onpair_shmem_s4l1_4tpt",
        "decode_ms": 0.0,
        "decode_gib_s": 0.0,
        "applicable": false,
        "reason": "dictionary entry longer than 4 bytes"
      },
      {
        "kernel": "onpair_shmem_s4l1_8tpt",
        "decode_ms": 0.0,
        "decode_gib_s": 0.0,
        "applicable": false,
        "reason": "dictionary entry longer than 4 bytes"
      },
      {
        "kernel": "onpair_shmem_s4l1_16tpt",
        "decode_ms": 0.0,
        "decode_gib_s": 0.0,
        "applicable": false,
        "reason": "dictionary entry longer than 4 bytes"
      },
      {
        "kernel": "onpair_shmem_s4l1_32tpt",
        "decode_ms": 0.0,
        "decode_gib_s": 0.0,
        "applicable": false,
        "reason": "dictionary entry longer than 4 bytes"
      },
      {
        "kernel": "onpair_shmem_const1",
        "decode_ms": 0.0,
        "decode_gib_s": 0.0,
        "applicable": false,
        "reason": "not every dictionary entry is exactly 1 byte"
      },
      {
        "kernel": "onpair_shmem_const2",
        "decode_ms": 0.0,
        "decode_gib_s": 0.0,
        "applicable": false,
        "reason": "not every dictionary entry is exactly 2 bytes"
      }
    ]
  }
}
==PROF== Disconnected from process 16738
==PROF== Report: /home/ubuntu/work/ncu_costsurface_tpch-sf10_l_comment_b16.ncu-rep
