==PROF== Connected to process 28796 (/home/ubuntu/work/target/release/onpair-chunk-bench)
2026-07-06T03:33:23.107335Z  INFO vortex_cuda: vortex-cuda/src/lib.rs:111: Registering CUDA kernels
==PROF== Profiling "onpair_shmem_4tpt": 0%....50%....100% - 43 passes
==PROF== Profiling "onpair_shmem_4tpt": 0%....50%....100% - 43 passes
==PROF== Profiling "onpair_shmem_4tpt": 0%....50%....100% - 43 passes
==PROF== Profiling "onpair_shmem_4tpt": 0%....50%....100% - 43 passes
==PROF== Profiling "onpair_shmem_4tpt": 0%....50%....100% - 43 passes
==PROF== Profiling "onpair_shmem_4tpt": 0%....50%....100% - 43 passes
==PROF== Profiling "onpair_shmem_4tpt": 0%....50%....100% - 43 passes
==PROF== Profiling "onpair_shmem_4tpt": 0%....50%....100% - 43 passes
==PROF== Profiling "onpair_shmem_4tpt": 0%....50%....100% - 43 passes
==PROF== Profiling "onpair_shmem_4tpt": 0%....50%....100% - 43 passes
==PROF== Profiling "onpair_shmem_4tpt": 0%....50%....100% - 43 passes
==PROF== Profiling "onpair_shmem_4tpt": 0%....50%....100% - 43 passes
==PROF== Profiling "onpair_shmem_4tpt": 0%....50%....100% - 43 passes
==PROF== Profiling "onpair_shmem_4tpt": 0%....50%....100% - 43 passes
==PROF== Profiling "onpair_shmem_4tpt": 0%....50%....100% - 43 passes
==PROF== Profiling "onpair_shmem_4tpt": 0%....50%....100% - 43 passes
{
  "files": [
    "/home/ubuntu/work/vortex-bench/data/onpair-bench/fineweb/text/bits16_chunk1000mb_thr0.20/part_0000.vortex"
  ],
  "column": "text",
  "rows": 324253,
  "in_memory_bytes": 347701198,
  "dict_bytes": 475298,
  "gpu": {
    "iterations": 30,
    "decoded_bytes": 999998604,
    "chunks": 1,
    "auto_kernel": "onpair_shmem_4tpt",
    "frac_le8": 0.81575924,
    "dict_mean_len": 5.779921,
    "dict_max_len": 16,
    "dict_entries_max": 65536,
    "small_dict": false,
    "distinct_codes": 65452,
    "access_top4096_frac": 0.46221095,
    "compressed_bytes": 346565840,
    "h2d_gib_s": 20.048678994545917,
    "whole_decompress_gib_s": 46.68683965528653,
    "best_kernel": "onpair_shmem",
    "auto_decode_ms": 3.849216,
    "best_decode_ms": 3.544224,
    "validated": false,
    "auto_decode_gib_s": 241.95089973884663,
    "best_decode_gib_s": 262.7715614163113,
    "kernels": [
      {
        "kernel": "onpair_shmem",
        "decode_ms": 3.544224,
        "decode_gib_s": 262.7715614163113,
        "decode_ns_iters": [
          3544224,
          3545088,
          3559424,
          3545088,
          3546112,
          3545088,
          3558400,
          3612672,
          3610624,
          3621888,
          3633152,
          3618880,
          3698848,
          3696736,
          3697664,
          3698688,
          3697664,
          3742720,
          3770368,
          3753792,
          3756032,
          3752960,
          3754880,
          3753984,
          3757952,
          3753984,
          3753984,
          3752960,
          3753024,
          3753984
        ],
        "applicable": true
      },
      {
        "kernel": "onpair_shmem_2tpt",
        "decode_ms": 3.549184,
        "decode_gib_s": 262.40433702202097,
        "decode_ns_iters": [
          3567616,
          3550176,
          3549184,
          3549280,
          3550208,
          3565568,
          3556192,
          3576832,
          3582976,
          3576832,
          3574784,
          3569664,
          3551232,
          3549184,
          3549184,
          3550208,
          3562496,
          3592192,
          3574784,
          3575840,
          3575808,
          3574784,
          3574784,
          3575776,
          3574784,
          3576800,
          3574784,
          3603456,
          3600384,
          3604480
        ],
        "applicable": true
      },
      {
        "kernel": "onpair_shmem_4tpt",
        "decode_ms": 3.849216,
        "decode_gib_s": 241.95089973884663,
        "decode_ns_iters": [
          2386305809,
          2384707451,
          2386495590,
          2384285688,
          2382040024,
          2388285398,
          2386299849,
          2372272253,
          2391481400,
          2387267590,
          2394568682,
          2386977673,
          2389748573,
          2384865284,
          3876672,
          3860480,
          3853312,
          3853312,
          3851264,
          3853312,
          3849216,
          3851264,
          3850240,
          3852288,
          3851264,
          3888128,
          3910656,
          3910656,
          3920736,
          3919872
        ],
        "applicable": true
      },
      {
        "kernel": "onpair_shmem_4tpt_wpb8",
        "decode_ms": 3.89328,
        "decode_gib_s": 239.21250834493392,
        "decode_ns_iters": [
          3923936,
          3938304,
          3921920,
          3918848,
          3919872,
          3922944,
          3917824,
          3923968,
          3922880,
          3922944,
          3943424,
          3919936,
          3921792,
          3921920,
          3932160,
          3947520,
          3946368,
          3945472,
          3939328,
          3922944,
          3933152,
          3918848,
          3897344,
          3893280,
          3896320,
          3897312,
          3900416,
          3922944,
          3923968,
          3920896
        ],
        "applicable": true
      },
      {
        "kernel": "onpair_shmem_4tpt_wpb8_occ",
        "decode_ms": 3.968,
        "decode_gib_s": 234.70798248214825,
        "decode_ns_iters": [
          3969024,
          3970048,
          3968000,
          3969024,
          3989504,
          3997696,
          3999808,
          3997696,
          3997696,
          4004864,
          4028416,
          4027392,
          4028352,
          4027392,
          4024320,
          4027552,
          4027392,
          4026368,
          4042752,
          4075520,
          4058112,
          4060160,
          4060256,
          4030464,
          4026368,
          4026368,
          4027392,
          4029440,
          4059136,
          4059136
        ],
        "applicable": true
      },
      {
        "kernel": "onpair_shmem_4tpt_b128",
        "decode_ms": 4.072448,
        "decode_gib_s": 228.68831584569392,
        "decode_ns_iters": [
          4090048,
          4096000,
          4077568,
          4075520,
          4078592,
          4077568,
          4079456,
          4075520,
          4076544,
          4078592,
          4075680,
          4077568,
          4093856,
          4076544,
          4092928,
          4108160,
          4107264,
          4107264,
          4107264,
          4100096,
          4077568,
          4073472,
          4077568,
          4076448,
          4077568,
          4072448,
          4076640,
          4076544,
          4108288,
          4140032
        ],
        "applicable": true
      },
      {
        "kernel": "onpair_shmem_4tpt_o6",
        "decode_ms": 4.054944,
        "decode_gib_s": 229.67549600911,
        "decode_ns_iters": [
          4119552,
          4058112,
          4057088,
          4058112,
          4059136,
          4065280,
          4088832,
          4088832,
          4090880,
          4089856,
          4087808,
          4109312,
          4083712,
          4085760,
          4087808,
          4058112,
          4059072,
          4057088,
          4059136,
          4057088,
          4056928,
          4054944,
          4057088,
          4057088,
          4073472,
          4088832,
          4089984,
          4084704,
          4088832,
          4060160
        ],
        "applicable": true
      },
      {
        "kernel": "onpair_shmem_4tpt_b512o3",
        "decode_ms": 3.979264,
        "decode_gib_s": 234.04360064805059,
        "decode_ns_iters": [
          3982144,
          3985280,
          4014080,
          4014176,
          4015104,
          4015232,
          4084736,
          4012032,
          4014080,
          4011008,
          4014080,
          4015104,
          4016064,
          4014080,
          4014080,
          4013056,
          4091904,
          3984384,
          3981312,
          3988480,
          3983296,
          4007904,
          3982336,
          3979264,
          3985408,
          3984384,
          3983232,
          3982400,
          3981312,
          3984384
        ],
        "applicable": true
      },
      {
        "kernel": "onpair_shmem_4tpt_b128o12",
        "decode_ms": 4.10832,
        "decode_gib_s": 226.69151246474576,
        "decode_ns_iters": [
          4173824,
          4173824,
          4165632,
          4110496,
          4110336,
          4109312,
          4109504,
          4140960,
          4137984,
          4142080,
          4141056,
          4142080,
          4141056,
          4143104,
          4141056,
          4139008,
          4139008,
          4109312,
          4110336,
          4111456,
          4108320,
          4124544,
          4144064,
          4143104,
          4141056,
          4140032,
          4171776,
          4170944,
          4173824,
          4172704
        ],
        "applicable": true
      },
      {
        "kernel": "onpair_shmem_4tpt_b64",
        "decode_ms": 4.172768,
        "decode_gib_s": 223.19028388090697,
        "decode_ns_iters": [
          4239232,
          4238336,
          4237312,
          4206592,
          4204544,
          4206592,
          4215808,
          4205568,
          4222976,
          4205568,
          4206592,
          4205568,
          4205568,
          4225952,
          4206592,
          4206592,
          4196352,
          4174848,
          4172768,
          4172800,
          4174848,
          4212736,
          4207488,
          4205600,
          4205568,
          4203520,
          4197376,
          4173728,
          4173824,
          4173824
        ],
        "applicable": true
      },
      {
        "kernel": "onpair_shmem_4tpt_b64o24",
        "decode_ms": 4.215616,
        "decode_gib_s": 220.9217524767826,
        "decode_ns_iters": [
          4249760,
          4249600,
          4249696,
          4247552,
          4250624,
          4264960,
          4249600,
          4249600,
          4249600,
          4249600,
          4249600,
          4244480,
          4218880,
          4215808,
          4217664,
          4216832,
          4238304,
          4250624,
          4248448,
          4252672,
          4243456,
          4235232,
          4215616,
          4216832,
          4217856,
          4235264,
          4248576,
          4247552,
          4265120,
          4245504
        ],
        "applicable": true
      },
      {
        "kernel": "onpair_shmem_4tpt_split8read_b128o12",
        "decode_ms": 4.509696,
        "decode_gib_s": 206.51531156183574,
        "decode_ns_iters": [
          4545376,
          4546400,
          4510720,
          4531072,
          4511744,
          4511744,
          4538304,
          4547584,
          4542624,
          4545536,
          4545536,
          4544512,
          4545536,
          4545536,
          4532224,
          4511552,
          4510720,
          4510720,
          4529152,
          4509696,
          4511552,
          4511744,
          4510720,
          4511744,
          4510720,
          4510624,
          4509696,
          4512640,
          4510720,
          4530176
        ],
        "applicable": true
      },
      {
        "kernel": "onpair_shmem_4tpt_split8read_occ",
        "decode_ms": 4.343808,
        "decode_gib_s": 214.40203491709678,
        "decode_ns_iters": [
          4343808,
          4344832,
          4344832,
          4343808,
          4379648,
          4393984,
          4378624,
          4379648,
          4354944,
          4344832,
          4345792,
          4347904,
          4349952,
          4378624,
          4381696,
          4378624,
          4378528,
          4344000,
          4343808,
          4344832,
          4343808,
          4343808,
          4375552,
          4378624,
          4378624,
          4374528,
          4345856,
          4344704,
          4344832,
          4345856
        ],
        "applicable": true
      },
      {
        "kernel": "onpair_shmem_4tpt_split8",
        "decode_ms": 3.99248,
        "decode_gib_s": 233.26886408677424,
        "decode_ns_iters": [
          4055040,
          4051968,
          4049920,
          4022272,
          4021248,
          4031488,
          4022272,
          4023296,
          4024192,
          4023296,
          4022272,
          4024320,
          4044736,
          4054016,
          4052992,
          4055040,
          4052992,
          4026368,
          4022272,
          4023136,
          4024320,
          4018016,
          3994528,
          3992576,
          3992480,
          3994624,
          4002784,
          3994624,
          3994624,
          3992768
        ],
        "applicable": true
      },
      {
        "kernel": "onpair_shmem_4tpt_split8_wpb8",
        "decode_ms": 3.951616,
        "decode_gib_s": 235.68111741858633,
        "decode_ns_iters": [
          3954752,
          3955712,
          3953664,
          3960832,
          3963904,
          4011008,
          4011008,
          4008960,
          4014080,
          3951616,
          3956704,
          3954688,
          3954688,
          3966976,
          4026368,
          4012032,
          4011008,
          4008960,
          4011008,
          4027392,
          4011936,
          4010144,
          4008864,
          3990528,
          3997504,
          3982400,
          3982336,
          3984384,
          3984384,
          3979264
        ],
        "applicable": true
      },
      {
        "kernel": "onpair_shmem_4tpt_split8_wpb8_occ",
        "decode_ms": 4.026304,
        "decode_gib_s": 231.30922913152222,
        "decode_ns_iters": [
          4050944,
          4027392,
          4026304,
          4028416,
          4028416,
          4078592,
          4088832,
          4089856,
          4088832,
          4113408,
          4088832,
          4090880,
          4088864,
          4091744,
          4088832,
          4089856,
          4090816,
          4098048,
          4088832,
          4088832,
          4090880,
          4088832,
          4089952,
          4088832,
          4094976,
          4119488,
          4119552,
          4119488,
          4116480,
          4086848
        ],
        "applicable": true
      },
      {
        "kernel": "onpair_shmem_4tpt_pdict",
        "decode_ms": 0.0,
        "decode_gib_s": 0.0,
        "applicable": false,
        "reason": "padded dict needs 1130752 B shared, over 102400 B cap"
      },
      {
        "kernel": "onpair_shmem_4tpt_vdict",
        "decode_ms": 0.0,
        "decode_gib_s": 0.0,
        "applicable": false,
        "reason": "packed dict needs 491968 B shared, over 102400 B cap"
      },
      {
        "kernel": "onpair_shmem_4tpt_split8read",
        "decode_ms": 4.318208,
        "decode_gib_s": 215.673092748002,
        "decode_ns_iters": [
          4319040,
          4318208,
          4318208,
          4320256,
          4318208,
          4326400,
          4319232,
          4319072,
          4319232,
          4324384,
          4320256,
          4320256,
          4322304,
          4328448,
          4351872,
          4386816,
          4384768,
          4387744,
          4380672,
          4354048,
          4352000,
          4352864,
          4353024,
          4377600,
          4386816,
          4402048,
          4385792,
          4375584,
          4353024,
          4353024
        ],
        "applicable": true
      },
      {
        "kernel": "onpair_shmem_4tpt_ldcs",
        "decode_ms": 4.02832,
        "decode_gib_s": 231.19346886274286,
        "decode_ns_iters": [
          4034560,
          4029504,
          4031488,
          4028320,
          4030464,
          4028416,
          4031488,
          4030464,
          4029440,
          4054016,
          4092032,
          4091904,
          4090880,
          4091904,
          4089856,
          4091904,
          4092928,
          4090880,
          4090880,
          4090880,
          4093824,
          4093920,
          4092832,
          4105216,
          4124672,
          4123648,
          4123648,
          4123648,
          4132864,
          4092928
        ],
        "applicable": true
      },
      {
        "kernel": "onpair_shmem_4tpt_lenbucket",
        "decode_ms": 0.0,
        "decode_gib_s": 0.0,
        "applicable": false,
        "reason": "length-bucket dict not built (set ONPAIR_DICT_REORDER=lenbucket)"
      },
      {
        "kernel": "onpair_shmem_4tpt_lenbucket_b128",
        "decode_ms": 0.0,
        "decode_gib_s": 0.0,
        "applicable": false,
        "reason": "length-bucket dict not built (set ONPAIR_DICT_REORDER=lenbucket)"
      },
      {
        "kernel": "onpair_shmem_4tpt_regcache",
        "decode_ms": 4.232192,
        "decode_gib_s": 220.05648006734202,
        "decode_ns_iters": [
          4283392,
          4264960,
          4281344,
          4264992,
          4265984,
          4264128,
          4265984,
          4264960,
          4265984,
          4265024,
          4264960,
          4264800,
          4264960,
          4285440,
          4236288,
          4233216,
          4232192,
          4234240,
          4233216,
          4232192,
          4252576,
          4232192,
          4232192,
          4234240,
          4234240,
          4233216,
          4235264,
          4253696,
          4234272,
          4234240
        ],
        "applicable": true
      },
      {
        "kernel": "onpair_shmem_4tpt_split4read",
        "decode_ms": 5.123968,
        "decode_gib_s": 181.75782410997968,
        "decode_ns_iters": [
          5203968,
          5221376,
          5202944,
          5180416,
          5161984,
          5164032,
          5181440,
          5181440,
          5204992,
          5202944,
          5189760,
          5125120,
          5124224,
          5126144,
          5126144,
          5126144,
          5123968,
          5126144,
          5181440,
          5202944,
          5203968,
          5203872,
          5166080,
          5165056,
          5164032,
          5154816,
          5126144,
          5126080,
          5124096,
          5127168
        ],
        "applicable": true
      },
      {
        "kernel": "onpair_shmem_4tpt_split4read_b128o12",
        "decode_ms": 5.34016,
        "decode_gib_s": 174.39950759699417,
        "decode_ns_iters": [
          5343232,
          5382144,
          5382144,
          5384064,
          5364736,
          5343168,
          5343232,
          5340160,
          5378048,
          5384192,
          5384192,
          5381120,
          5385184,
          5382144,
          5383136,
          5411840,
          5424128,
          5436416,
          5419008,
          5381120,
          5385152,
          5383168,
          5414816,
          5424128,
          5425152,
          5425152,
          5385216,
          5384192,
          5383264,
          5384224
        ],
        "applicable": true
      },
      {
        "kernel": "onpair_shmem_4tpt_cluster_dsmem",
        "decode_ms": 0.0,
        "decode_gib_s": 0.0,
        "applicable": false,
        "reason": "thread-block clusters require sm_90+ (device cc 8.x)"
      },
      {
        "kernel": "onpair_shmem_8tpt",
        "decode_ms": 4.045824,
        "decode_gib_s": 230.19322503627552,
        "decode_ns_iters": [
          4075584,
          4075520,
          4045824,
          4068352,
          4046848,
          4047872,
          4054016,
          4077568,
          4076544,
          4077568,
          4078688,
          4087808,
          4078592,
          4079616,
          4076544,
          4077568,
          4076544,
          4077568,
          4094976,
          4075520,
          4077568,
          4076544,
          4077568,
          4078592,
          4076544,
          4094976,
          4108160,
          4107264,
          4108256,
          4116480
        ],
        "applicable": true
      },
      {
        "kernel": "onpair_shmem_8tpt_b128",
        "decode_ms": 4.103168,
        "decode_gib_s": 226.97614976748804,
        "decode_ns_iters": [
          4103168,
          4105216,
          4115456,
          4135936,
          4135936,
          4134944,
          4134912,
          4135936,
          4135776,
          4133888,
          4134912,
          4135936,
          4135040,
          4136960,
          4134816,
          4135936,
          4135936,
          4135936,
          4135936,
          4134912,
          4137984,
          4166656,
          4167840,
          4166528,
          4167584,
          4155392,
          4134912,
          4134912,
          4133920,
          4133024
        ],
        "applicable": true
      },
      {
        "kernel": "onpair_shmem_4tpt_vwidth",
        "decode_ms": 14.967808,
        "decode_gib_s": 62.221620860527096,
        "decode_ns_iters": [
          15346656,
          15138879,
          15041537,
          15024096,
          15011840,
          15017152,
          14977024,
          14967808,
          15115264,
          15133536,
          15005697,
          15027200,
          15109120,
          15132672,
          15029248,
          15226880,
          15159296,
          15174656,
          15013728,
          15196064,
          15157248,
          15087616,
          15034400,
          14967935,
          14989152,
          15130720,
          15090688,
          15003584,
          14991360,
          15012864
        ],
        "applicable": true
      },
      {
        "kernel": "onpair_shmem_4tpt_vwidth_b128",
        "decode_ms": 18.748257,
        "decode_gib_s": 49.6750857687285,
        "decode_ns_iters": [
          18756449,
          18779136,
          18749440,
          18768895,
          18768895,
          18751487,
          18748257,
          18762752,
          18767871,
          18765824,
          18792449,
          18769920,
          18753536,
          18757759,
          18768895,
          18753536,
          18773921,
          18749440,
          18771969,
          18765824,
          18761728,
          18757600,
          18846720,
          19058688,
          18994177,
          18777087,
          18784257,
          19005440,
          18763777,
          19073119
        ],
        "applicable": true
      },
      {
        "kernel": "onpair_shmem_4tpt_vwidth4",
        "decode_ms": 4.494336,
        "decode_gib_s": 207.2211055179596,
        "decode_ns_iters": [
          4512768,
          4494336,
          4580352,
          4600832,
          4599808,
          4599808,
          4661248,
          4706304,
          4702208,
          4720640,
          4718592,
          4739072,
          4736000,
          4739072,
          4724736,
          4703232,
          4704256,
          4702208,
          4707328,
          4669440,
          4666496,
          4666368,
          4673536,
          4703232,
          4704256,
          4721792,
          4705408,
          4738048,
          4739072,
          4743168
        ],
        "applicable": true
      },
      {
        "kernel": "onpair_shmem_4tpt_vwidth4_b128",
        "decode_ms": 4.872064,
        "decode_gib_s": 191.15538599024242,
        "decode_ns_iters": [
          4926496,
          4912192,
          4915200,
          4915200,
          4918272,
          4918272,
          4930560,
          4917248,
          4912128,
          4911104,
          4916128,
          4875136,
          4877248,
          4876288,
          4877216,
          4877312,
          4892672,
          4879360,
          4872064,
          4879360,
          4877312,
          4873216,
          4897856,
          4917280,
          4912128,
          4918272,
          4886464,
          4895744,
          4873216,
          4878208
        ],
        "applicable": true
      },
      {
        "kernel": "onpair_shmem_4tpt_shdict8",
        "decode_ms": 0.0,
        "decode_gib_s": 0.0,
        "applicable": false,
        "reason": "dict_s8 + staging needs 606464 B shared, over 229376 B cap"
      },
      {
        "kernel": "onpair_shmem_4tpt_ablate",
        "decode_ms": 4.169728,
        "decode_gib_s": 223.35300395833116,
        "decode_ns_iters": [
          4235168,
          4236096,
          4223136,
          4203520,
          4204544,
          4204448,
          4204544,
          4177920,
          4171776,
          4172800,
          4170752,
          4172736,
          4172800,
          4173824,
          4172800,
          4170752,
          4192256,
          4169728,
          4170752,
          4170752,
          4170752,
          4171904,
          4170912,
          4171776,
          4170752,
          4184896,
          4171776,
          4188160,
          4172800,
          4170752
        ],
        "applicable": true
      },
      {
        "kernel": "onpair_shmem_4tpt_ablate_nogather",
        "decode_ms": 2.403328,
        "decode_gib_s": 387.5131794283445,
        "decode_ns_iters": [
          2408544,
          2411584,
          2405376,
          2411520,
          2405376,
          2403328,
          2431104,
          2413568,
          2412544,
          2410496,
          2412544,
          2412512,
          2409440,
          2419840,
          2409472,
          2410496,
          2413568,
          2414592,
          2416448,
          2410496,
          2413664,
          2418688,
          2422784,
          2418688,
          2417664,
          2436128,
          2413568,
          2414496,
          2413568,
          2410496
        ],
        "applicable": true
      },
      {
        "kernel": "onpair_shmem_4tpt_ablate_noemit",
        "decode_ms": 2.442208,
        "decode_gib_s": 381.3439618939764,
        "decode_ns_iters": [
          2463744,
          2458624,
          2455616,
          2465728,
          2463840,
          2456576,
          2462720,
          2476928,
          2459520,
          2457600,
          2459648,
          2459648,
          2460672,
          2464768,
          2454400,
          2475008,
          2455552,
          2459648,
          2459648,
          2448384,
          2479104,
          2457536,
          2459648,
          2468864,
          2458624,
          2461696,
          2452480,
          2447360,
          2442208,
          2452480
        ],
        "applicable": true
      },
      {
        "kernel": "onpair_shmem_4tpt_ablate_nodrain",
        "decode_ms": 3.75808,
        "decode_gib_s": 247.81837387420288,
        "decode_ns_iters": [
          3843008,
          3816448,
          3813376,
          3814400,
          3813536,
          3812352,
          3814400,
          3814400,
          3814240,
          3814400,
          3812352,
          3814400,
          3814560,
          3816448,
          3814400,
          3814400,
          3763136,
          3760128,
          3758080,
          3760128,
          3760128,
          3798016,
          3814400,
          3813376,
          3813376,
          3813280,
          3813504,
          3813376,
          3813376,
          3813376
        ],
        "applicable": true
      },
      {
        "kernel": "onpair_shmem_4tpt_ablate_noscan",
        "decode_ms": 3.901472,
        "decode_gib_s": 238.71022898259025,
        "decode_ns_iters": [
          3901472,
          3901568,
          3902464,
          3903520,
          3904512,
          3917824,
          3904480,
          3902464,
          3902464,
          3959808,
          3959808,
          3962880,
          3960832,
          3983360,
          3991360,
          3990528,
          3992576,
          3992416,
          3992576,
          3991552,
          3993440,
          3990528,
          3991552,
          3991552,
          3991584,
          3991488,
          3990528,
          3991552,
          3963904,
          3960864
        ],
        "applicable": true
      },
      {
        "kernel": "onpair_shmem_4tpt_ablate_cfree",
        "decode_ms": 4.090912,
        "decode_gib_s": 227.65614965297817,
        "decode_ns_iters": [
          4129792,
          4092928,
          4090912,
          4110336,
          4094976,
          4128768,
          4153344,
          4153344,
          4154368,
          4154368,
          4216896,
          4216832,
          4217696,
          4214784,
          4235264,
          4248576,
          4250624,
          4248576,
          4248512,
          4248576,
          4248576,
          4276224,
          4247552,
          4248576,
          4248576,
          4248576,
          4249600,
          4247552,
          4265088,
          4245504
        ],
        "applicable": true
      },
      {
        "kernel": "onpair_shmem_s8",
        "decode_ms": 0.0,
        "decode_gib_s": 0.0,
        "applicable": false,
        "reason": "dictionary entry longer than 8 bytes"
      },
      {
        "kernel": "onpair_shmem_s8_2tpt",
        "decode_ms": 0.0,
        "decode_gib_s": 0.0,
        "applicable": false,
        "reason": "dictionary entry longer than 8 bytes"
      },
      {
        "kernel": "onpair_shmem_s8_4tpt",
        "decode_ms": 0.0,
        "decode_gib_s": 0.0,
        "applicable": false,
        "reason": "dictionary entry longer than 8 bytes"
      },
      {
        "kernel": "onpair_shmem_s8_8tpt",
        "decode_ms": 0.0,
        "decode_gib_s": 0.0,
        "applicable": false,
        "reason": "dictionary entry longer than 8 bytes"
      },
      {
        "kernel": "onpair_shmem_s4l1",
        "decode_ms": 0.0,
        "decode_gib_s": 0.0,
        "applicable": false,
        "reason": "dictionary entry longer than 4 bytes"
      },
      {
        "kernel": "onpair_shmem_s4l1_2tpt",
        "decode_ms": 0.0,
        "decode_gib_s": 0.0,
        "applicable": false,
        "reason": "dictionary entry longer than 4 bytes"
      },
      {
        "kernel": "onpair_shmem_s4l1_4tpt",
        "decode_ms": 0.0,
        "decode_gib_s": 0.0,
        "applicable": false,
        "reason": "dictionary entry longer than 4 bytes"
      },
      {
        "kernel": "onpair_shmem_s4l1_8tpt",
        "decode_ms": 0.0,
        "decode_gib_s": 0.0,
        "applicable": false,
        "reason": "dictionary entry longer than 4 bytes"
      },
      {
        "kernel": "onpair_shmem_s4l1_16tpt",
        "decode_ms": 0.0,
        "decode_gib_s": 0.0,
        "applicable": false,
        "reason": "dictionary entry longer than 4 bytes"
      },
      {
        "kernel": "onpair_shmem_s4l1_32tpt",
        "decode_ms": 0.0,
        "decode_gib_s": 0.0,
        "applicable": false,
        "reason": "dictionary entry longer than 4 bytes"
      },
      {
        "kernel": "onpair_shmem_const1",
        "decode_ms": 0.0,
        "decode_gib_s": 0.0,
        "applicable": false,
        "reason": "not every dictionary entry is exactly 1 byte"
      },
      {
        "kernel": "onpair_shmem_const2",
        "decode_ms": 0.0,
        "decode_gib_s": 0.0,
        "applicable": false,
        "reason": "not every dictionary entry is exactly 2 bytes"
      }
    ]
  }
}
==PROF== Disconnected from process 28796
==PROF== Report: /home/ubuntu/work/ncu_costsurface_fineweb_text_b16.ncu-rep
