==PROF== Connected to process 26102 (/home/ubuntu/work/target/release/onpair-chunk-bench)
2026-07-06T03:30:14.721400Z  INFO vortex_cuda: vortex-cuda/src/lib.rs:111: Registering CUDA kernels
==PROF== Profiling "onpair_shmem_4tpt": 0%....50%....100% - 43 passes
==PROF== Profiling "onpair_shmem_4tpt": 0%....50%....100% - 43 passes
==PROF== Profiling "onpair_shmem_4tpt": 0%....50%....100% - 43 passes
==PROF== Profiling "onpair_shmem_4tpt": 0%....50%....100% - 43 passes
==PROF== Profiling "onpair_shmem_4tpt": 0%....50%....100% - 43 passes
==PROF== Profiling "onpair_shmem_4tpt": 0%....50%....100% - 43 passes
==PROF== Profiling "onpair_shmem_4tpt": 0%....50%....100% - 43 passes
==PROF== Profiling "onpair_shmem_4tpt": 0%....50%....100% - 43 passes
==PROF== Profiling "onpair_shmem_4tpt": 0%....50%....100% - 43 passes
==PROF== Profiling "onpair_shmem_4tpt": 0%....50%....100% - 43 passes
==PROF== Profiling "onpair_shmem_4tpt": 0%....50%....100% - 43 passes
==PROF== Profiling "onpair_shmem_4tpt": 0%....50%....100% - 43 passes
==PROF== Profiling "onpair_shmem_4tpt": 0%....50%....100% - 43 passes
==PROF== Profiling "onpair_shmem_4tpt": 0%....50%....100% - 43 passes
==PROF== Profiling "onpair_shmem_4tpt": 0%....50%....100% - 43 passes
==PROF== Profiling "onpair_shmem_4tpt": 0%....50%....100% - 43 passes
{
  "files": [
    "/home/ubuntu/work/vortex-bench/data/onpair-bench/clickbench/URL/bits16_chunk1000mb_thr0.20/part_0000.vortex"
  ],
  "column": "URL",
  "rows": 12254692,
  "in_memory_bytes": 258597874,
  "dict_bytes": 486433,
  "gpu": {
    "iterations": 30,
    "decoded_bytes": 999999995,
    "chunks": 1,
    "auto_kernel": "onpair_shmem_4tpt",
    "frac_le8": 0.5071678,
    "dict_mean_len": 8.567156,
    "dict_max_len": 16,
    "dict_entries_max": 65536,
    "small_dict": false,
    "distinct_codes": 64434,
    "access_top4096_frac": 0.53869516,
    "compressed_bytes": 234001703,
    "h2d_gib_s": 20.00963423869325,
    "whole_decompress_gib_s": 70.86028242531835,
    "best_kernel": "onpair_shmem_4tpt_wpb8",
    "auto_decode_ms": 2.251776,
    "best_decode_ms": 2.210816,
    "validated": false,
    "auto_decode_gib_s": 413.5946781379967,
    "best_decode_gib_s": 421.2573863943746,
    "kernels": [
      {
        "kernel": "onpair_shmem",
        "decode_ms": 2.492416,
        "decode_gib_s": 373.66257075819834,
        "decode_ns_iters": [
          2505728,
          2500608,
          2507680,
          2499584,
          2511872,
          2504704,
          2526048,
          2502656,
          2499584,
          2527232,
          2499584,
          2513056,
          2521952,
          2504704,
          2495424,
          2503680,
          2492416,
          2505888,
          2500672,
          2504704,
          2498560,
          2513920,
          2508672,
          2508800,
          2521152,
          2504704,
          2500736,
          2504704,
          2500608,
          2495488
        ],
        "applicable": true
      },
      {
        "kernel": "onpair_shmem_2tpt",
        "decode_ms": 2.2272,
        "decode_gib_s": 418.1584814829677,
        "decode_ns_iters": [
          2231232,
          2231296,
          2228224,
          2229248,
          2243584,
          2228224,
          2227200,
          2230272,
          2230272,
          2255872,
          2238464,
          2238464,
          2234368,
          2233216,
          2252800,
          2236416,
          2235360,
          2239488,
          2238368,
          2246656,
          2229248,
          2235392,
          2235392,
          2232224,
          2253952,
          2231296,
          2236288,
          2237440,
          2235520,
          2249728
        ],
        "applicable": true
      },
      {
        "kernel": "onpair_shmem_4tpt",
        "decode_ms": 2.251776,
        "decode_gib_s": 413.5946781379967,
        "decode_ns_iters": [
          2060101509,
          2060210228,
          2063927174,
          2054597616,
          2057380915,
          2060732365,
          2060403824,
          2061420679,
          2059794188,
          2056255341,
          2063139915,
          2060315609,
          2061094999,
          2057937860,
          2274304,
          2257920,
          2261920,
          2253824,
          2252800,
          2251776,
          2262944,
          2278400,
          2255872,
          2257728,
          2258944,
          2263040,
          2257920,
          2259968,
          2274304,
          2257920
        ],
        "applicable": true
      },
      {
        "kernel": "onpair_shmem_4tpt_wpb8",
        "decode_ms": 2.210816,
        "decode_gib_s": 421.2573863943746,
        "decode_ns_iters": [
          2216864,
          2215936,
          2210816,
          2216960,
          2213888,
          2233344,
          2232320,
          2228224,
          2228224,
          2225152,
          2246656,
          2228256,
          2230272,
          2231296,
          2247584,
          2259968,
          2242560,
          2242560,
          2238464,
          2243584,
          2244416,
          2240512,
          2244608,
          2241536,
          2243584,
          2241536,
          2245632,
          2243584,
          2238528,
          2246656
        ],
        "applicable": true
      },
      {
        "kernel": "onpair_shmem_4tpt_wpb8_occ",
        "decode_ms": 2.28352,
        "decode_gib_s": 407.8451557064819,
        "decode_ns_iters": [
          2296832,
          2315264,
          2299904,
          2312192,
          2292736,
          2291712,
          2290688,
          2296832,
          2307072,
          2301984,
          2286592,
          2284576,
          2288640,
          2287616,
          2306048,
          2286592,
          2285568,
          2283520,
          2286496,
          2287616,
          2285568,
          2293760,
          2284544,
          2289664,
          2283520,
          2302976,
          2286432,
          2285568,
          2284448,
          2286592
        ],
        "applicable": true
      },
      {
        "kernel": "onpair_shmem_4tpt_b128",
        "decode_ms": 2.305056,
        "decode_gib_s": 404.03468287055307,
        "decode_ns_iters": [
          2305056,
          2314240,
          2315264,
          2311104,
          2316288,
          2312352,
          2315264,
          2330624,
          2321408,
          2324480,
          2323392,
          2322432,
          2321408,
          2321536,
          2322432,
          2331648,
          2324480,
          2345984,
          2331648,
          2330624,
          2330624,
          2330624,
          2326528,
          2326528,
          2320384,
          2315264,
          2318336,
          2336768,
          2321408,
          2337792
        ],
        "applicable": true
      },
      {
        "kernel": "onpair_shmem_4tpt_o6",
        "decode_ms": 2.351104,
        "decode_gib_s": 396.12138380899603,
        "decode_ns_iters": [
          2376576,
          2374656,
          2372608,
          2373632,
          2376704,
          2373632,
          2384896,
          2371584,
          2366464,
          2369536,
          2364416,
          2384896,
          2363392,
          2359232,
          2376704,
          2369536,
          2366464,
          2361344,
          2364416,
          2365440,
          2374656,
          2370560,
          2368512,
          2352128,
          2352128,
          2359296,
          2376704,
          2351104,
          2368512,
          2352128
        ],
        "applicable": true
      },
      {
        "kernel": "onpair_shmem_4tpt_b512o3",
        "decode_ms": 2.286592,
        "decode_gib_s": 407.29722222366985,
        "decode_ns_iters": [
          2316288,
          2321408,
          2307072,
          2315264,
          2316288,
          2316288,
          2315424,
          2305024,
          2310144,
          2300864,
          2298880,
          2307072,
          2304000,
          2309120,
          2305024,
          2298944,
          2298880,
          2301952,
          2297856,
          2297856,
          2292544,
          2291712,
          2304000,
          2291712,
          2295808,
          2288672,
          2291712,
          2294784,
          2286592,
          2298784
        ],
        "applicable": true
      },
      {
        "kernel": "onpair_shmem_4tpt_b128o12",
        "decode_ms": 2.375648,
        "decode_gib_s": 392.0288569513941,
        "decode_ns_iters": [
          2384896,
          2387136,
          2375648,
          2383872,
          2383872,
          2382784,
          2386944,
          2470880,
          2381824,
          2383872,
          2386080,
          2388992,
          2377728,
          2382848,
          2398208,
          2383872,
          2411712,
          2386976,
          2395136,
          2388992,
          2396160,
          2397184,
          2414592,
          2429952,
          2408448,
          2410656,
          2407488,
          2403296,
          2412544,
          2410496
        ],
        "applicable": true
      },
      {
        "kernel": "onpair_shmem_4tpt_b64",
        "decode_ms": 2.301952,
        "decode_gib_s": 404.579491648334,
        "decode_ns_iters": [
          2316288,
          2316288,
          2318208,
          2315136,
          2317312,
          2316288,
          2301952,
          2311168,
          2310144,
          2310144,
          2321280,
          2312192,
          2307072,
          2325504,
          2326368,
          2325344,
          2322432,
          2319200,
          2325344,
          2326528,
          2324544,
          2336768,
          2341888,
          2331584,
          2332672,
          2332672,
          2334656,
          2332672,
          2335744,
          2336768
        ],
        "applicable": true
      },
      {
        "kernel": "onpair_shmem_4tpt_b64o24",
        "decode_ms": 2.434048,
        "decode_gib_s": 382.6229268933339,
        "decode_ns_iters": [
          2451552,
          2454368,
          2458624,
          2458624,
          2448576,
          2456576,
          2447360,
          2456576,
          2455392,
          2452480,
          2465920,
          2445312,
          2456576,
          2445312,
          2443264,
          2442240,
          2438144,
          2446336,
          2447264,
          2446304,
          2441216,
          2445312,
          2440192,
          2434048,
          2447360,
          2440192,
          2450432,
          2444288,
          2471936,
          2444288
        ],
        "applicable": true
      },
      {
        "kernel": "onpair_shmem_4tpt_split8read_b128o12",
        "decode_ms": 2.524096,
        "decode_gib_s": 368.97272130650566,
        "decode_ns_iters": [
          2539520,
          2534400,
          2533376,
          2529344,
          2527232,
          2524096,
          2529280,
          2535424,
          2533376,
          2527328,
          2533376,
          2539520,
          2528256,
          2539520,
          2555008,
          2537312,
          2533376,
          2540416,
          2545600,
          2546688,
          2548736,
          2567168,
          2549760,
          2548736,
          2547712,
          2564096,
          2567168,
          2569216,
          2566144,
          2565120
        ],
        "applicable": true
      },
      {
        "kernel": "onpair_shmem_4tpt_split8read_occ",
        "decode_ms": 2.451456,
        "decode_gib_s": 379.9058885653529,
        "decode_ns_iters": [
          2483200,
          2480128,
          2462720,
          2462592,
          2464768,
          2462720,
          2460672,
          2466944,
          2463744,
          2464768,
          2463744,
          2464800,
          2478080,
          2457504,
          2459648,
          2462720,
          2454432,
          2454528,
          2453504,
          2455488,
          2468832,
          2451456,
          2453376,
          2458624,
          2463744,
          2463744,
          2464768,
          2461760,
          2466816,
          2461696
        ],
        "applicable": true
      },
      {
        "kernel": "onpair_shmem_4tpt_split8",
        "decode_ms": 2.300928,
        "decode_gib_s": 404.75954482663764,
        "decode_ns_iters": [
          2300928,
          2304000,
          2301952,
          2302976,
          2300928,
          2304960,
          2305152,
          2336864,
          2308096,
          2324544,
          2310144,
          2302976,
          2308096,
          2309120,
          2310144,
          2321280,
          2319392,
          2317280,
          2315264,
          2318336,
          2317312,
          2312192,
          2315136,
          2337664,
          2334720,
          2333696,
          2354048,
          2334720,
          2340864,
          2335744
        ],
        "applicable": true
      },
      {
        "kernel": "onpair_shmem_4tpt_split8_wpb8",
        "decode_ms": 2.285568,
        "decode_gib_s": 407.4797030579994,
        "decode_ns_iters": [
          2293760,
          2298880,
          2298880,
          2315264,
          2299904,
          2299904,
          2299040,
          2292736,
          2294784,
          2290752,
          2288672,
          2285568,
          2285568,
          2291712,
          2290688,
          2297856,
          2315264,
          2301952,
          2297856,
          2292736,
          2293760,
          2297856,
          2297856,
          2306048,
          2296832,
          2296832,
          2298880,
          2301952,
          2296832,
          2314144
        ],
        "applicable": true
      },
      {
        "kernel": "onpair_shmem_4tpt_split8_wpb8_occ",
        "decode_ms": 2.317312,
        "decode_gib_s": 401.89778931747895,
        "decode_ns_iters": [
          2320384,
          2325504,
          2321408,
          2324480,
          2325504,
          2322432,
          2322432,
          2348032,
          2337792,
          2338816,
          2338848,
          2347008,
          2340864,
          2341888,
          2344896,
          2343936,
          2338816,
          2344832,
          2341888,
          2343936,
          2342912,
          2345984,
          2339840,
          2326528,
          2324480,
          2317312,
          2318336,
          2324384,
          2324480,
          2322432
        ],
        "applicable": true
      },
      {
        "kernel": "onpair_shmem_4tpt_pdict",
        "decode_ms": 0.0,
        "decode_gib_s": 0.0,
        "applicable": false,
        "reason": "padded dict needs 1130752 B shared, over 102400 B cap"
      },
      {
        "kernel": "onpair_shmem_4tpt_vdict",
        "decode_ms": 0.0,
        "decode_gib_s": 0.0,
        "applicable": false,
        "reason": "packed dict needs 503104 B shared, over 102400 B cap"
      },
      {
        "kernel": "onpair_shmem_4tpt_split8read",
        "decode_ms": 2.421792,
        "decode_gib_s": 384.5592726207972,
        "decode_ns_iters": [
          2458624,
          2461696,
          2455488,
          2463744,
          2458624,
          2462720,
          2457600,
          2453504,
          2438144,
          2439168,
          2444192,
          2439104,
          2441216,
          2439168,
          2442080,
          2442240,
          2441216,
          2438080,
          2440032,
          2435072,
          2436000,
          2436096,
          2429888,
          2425920,
          2427904,
          2428928,
          2421792,
          2428928,
          2424832,
          2430912
        ],
        "applicable": true
      },
      {
        "kernel": "onpair_shmem_4tpt_ldcs",
        "decode_ms": 2.256896,
        "decode_gib_s": 412.6563962002971,
        "decode_ns_iters": [
          2309120,
          2316384,
          2326528,
          2330624,
          2290688,
          2283520,
          2291712,
          2297856,
          2308064,
          2313216,
          2306048,
          2295808,
          2338816,
          2272096,
          2293824,
          2288640,
          2296896,
          2286592,
          2286592,
          2287424,
          2284544,
          2283520,
          2256896,
          2275232,
          2273280,
          2285568,
          2282496,
          2272256,
          2264064,
          2277376
        ],
        "applicable": true
      },
      {
        "kernel": "onpair_shmem_4tpt_lenbucket",
        "decode_ms": 0.0,
        "decode_gib_s": 0.0,
        "applicable": false,
        "reason": "length-bucket dict not built (set ONPAIR_DICT_REORDER=lenbucket)"
      },
      {
        "kernel": "onpair_shmem_4tpt_lenbucket_b128",
        "decode_ms": 0.0,
        "decode_gib_s": 0.0,
        "applicable": false,
        "reason": "length-bucket dict not built (set ONPAIR_DICT_REORDER=lenbucket)"
      },
      {
        "kernel": "onpair_shmem_4tpt_regcache",
        "decode_ms": 2.31936,
        "decode_gib_s": 401.54291268232,
        "decode_ns_iters": [
          2319360,
          2321408,
          2329536,
          2323584,
          2325504,
          2335744,
          2362368,
          2363200,
          2361344,
          2358272,
          2361344,
          2366464,
          2363392,
          2360320,
          2358272,
          2359296,
          2362368,
          2362368,
          2359264,
          2359296,
          2375680,
          2405344,
          2414592,
          2411520,
          2405376,
          2407264,
          2405376,
          2414592,
          2411520,
          2414592
        ],
        "applicable": true
      },
      {
        "kernel": "onpair_shmem_4tpt_split4read",
        "decode_ms": 2.56192,
        "decode_gib_s": 363.5252349639589,
        "decode_ns_iters": [
          2625632,
          2622464,
          2622464,
          2622464,
          2621440,
          2601984,
          2601984,
          2599936,
          2601984,
          2600992,
          2603008,
          2566144,
          2562048,
          2563072,
          2561920,
          2564096,
          2566144,
          2564928,
          2582528,
          2601984,
          2604032,
          2603008,
          2593824,
          2603008,
          2601984,
          2621440,
          2603008,
          2603008,
          2603968,
          2604032
        ],
        "applicable": true
      },
      {
        "kernel": "onpair_shmem_4tpt_split4read_b128o12",
        "decode_ms": 2.884448,
        "decode_gib_s": 322.8772264082645,
        "decode_ns_iters": [
          2926720,
          2890752,
          2885632,
          2884608,
          2887680,
          2884448,
          2900992,
          2884608,
          2886656,
          2885632,
          2887680,
          2888672,
          2889760,
          2886656,
          2894848,
          2885472,
          2886656,
          2885632,
          2885696,
          2886656,
          2886656,
          2885632,
          2903040,
          2884608,
          2884608,
          2884608,
          2887648,
          2888640,
          2884512,
          2885568
        ],
        "applicable": true
      },
      {
        "kernel": "onpair_shmem_4tpt_cluster_dsmem",
        "decode_ms": 0.0,
        "decode_gib_s": 0.0,
        "applicable": false,
        "reason": "thread-block clusters require sm_90+ (device cc 8.x)"
      },
      {
        "kernel": "onpair_shmem_8tpt",
        "decode_ms": 2.2824,
        "decode_gib_s": 408.0452900275437,
        "decode_ns_iters": [
          2315264,
          2301056,
          2295808,
          2295808,
          2291712,
          2292736,
          2282400,
          2295808,
          2297856,
          2291712,
          2287712,
          2310144,
          2290688,
          2307072,
          2292736,
          2294752,
          2288640,
          2284544,
          2291712,
          2288640,
          2289664,
          2292736,
          2297696,
          2293760,
          2303872,
          2290688,
          2291712,
          2289664,
          2289664,
          2291712
        ],
        "applicable": true
      },
      {
        "kernel": "onpair_shmem_8tpt_b128",
        "decode_ms": 2.257952,
        "decode_gib_s": 412.4634048725861,
        "decode_ns_iters": [
          2277376,
          2275232,
          2265088,
          2263040,
          2268032,
          2268160,
          2271264,
          2277376,
          2271232,
          2273216,
          2257952,
          2275328,
          2275328,
          2280448,
          2272256,
          2278400,
          2275200,
          2275328,
          2293760,
          2290560,
          2300928,
          2281472,
          2286592,
          2288448,
          2285568,
          2294624,
          2289664,
          2283520,
          2282496,
          2283520
        ],
        "applicable": true
      },
      {
        "kernel": "onpair_shmem_4tpt_vwidth",
        "decode_ms": 5.879808,
        "decode_gib_s": 158.39336419809385,
        "decode_ns_iters": [
          5879808,
          5893120,
          5906432,
          5932864,
          5932032,
          5931008,
          5923840,
          5936128,
          5925888,
          5942304,
          5935040,
          5929056,
          5941248,
          5929984,
          5938176,
          5956608,
          5980160,
          5980160,
          5966848,
          5942272,
          5944320,
          5929984,
          5956608,
          5970944,
          5972992,
          5966848,
          5972992,
          5963680,
          5981184,
          6011904
        ],
        "applicable": true
      },
      {
        "kernel": "onpair_shmem_4tpt_vwidth_b128",
        "decode_ms": 9.801729,
        "decode_gib_s": 95.01615173801129,
        "decode_ns_iters": [
          9881601,
          9880576,
          9879552,
          9827328,
          9801729,
          9805825,
          9810816,
          9803776,
          9808864,
          9862144,
          9880576,
          9828352,
          9805825,
          9854976,
          9881601,
          9844736,
          9805695,
          9862112,
          9879552,
          9878464,
          9883648,
          9940992,
          9959424,
          9891840,
          9882623,
          9881601,
          9899008,
          9881601,
          9887744,
          9811968
        ],
        "applicable": true
      },
      {
        "kernel": "onpair_shmem_4tpt_vwidth4",
        "decode_ms": 2.511872,
        "decode_gib_s": 370.768323369529,
        "decode_ns_iters": [
          2513920,
          2515968,
          2519040,
          2516992,
          2519040,
          2516992,
          2519040,
          2511872,
          2514944,
          2537472,
          2609152,
          2592768,
          2590720,
          2588672,
          2589568,
          2592704,
          2591744,
          2611200,
          2611200,
          2611200,
          2610176,
          2608128,
          2611232,
          2630688,
          2613248,
          2610176,
          2610176,
          2611200,
          2613248,
          2609152
        ],
        "applicable": true
      },
      {
        "kernel": "onpair_shmem_4tpt_vwidth4_b128",
        "decode_ms": 2.766848,
        "decode_gib_s": 336.6005541174888,
        "decode_ns_iters": [
          2791424,
          2790400,
          2793472,
          2792448,
          2792448,
          2788352,
          2769984,
          2768896,
          2770944,
          2771968,
          2767872,
          2768896,
          2770944,
          2768896,
          2774016,
          2766848,
          2767872,
          2788352,
          2784256,
          2769920,
          2770944,
          2768896,
          2769760,
          2769920,
          2771936,
          2768896,
          2769856,
          2767872,
          2770944,
          2769920
        ],
        "applicable": true
      },
      {
        "kernel": "onpair_shmem_4tpt_shdict8",
        "decode_ms": 0.0,
        "decode_gib_s": 0.0,
        "applicable": false,
        "reason": "dict_s8 + staging needs 606464 B shared, over 229376 B cap"
      },
      {
        "kernel": "onpair_shmem_4tpt_ablate",
        "decode_ms": 2.4024,
        "decode_gib_s": 387.6634074087852,
        "decode_ns_iters": [
          2436096,
          2440192,
          2434048,
          2429952,
          2432000,
          2422784,
          2428000,
          2432000,
          2426880,
          2427904,
          2419712,
          2421600,
          2422784,
          2419712,
          2421760,
          2413568,
          2414592,
          2438112,
          2413568,
          2420736,
          2406400,
          2412544,
          2414592,
          2411520,
          2424672,
          2413472,
          2416640,
          2405216,
          2410496,
          2402400
        ],
        "applicable": true
      },
      {
        "kernel": "onpair_shmem_4tpt_ablate_nogather",
        "decode_ms": 2.051072,
        "decode_gib_s": 454.06624923886903,
        "decode_ns_iters": [
          2063360,
          2053952,
          2053120,
          2072576,
          2064384,
          2055168,
          2057216,
          2056192,
          2056384,
          2059200,
          2055168,
          2055168,
          2073600,
          2061312,
          2055168,
          2053120,
          2053120,
          2055168,
          2061312,
          2052096,
          2051072,
          2071552,
          2064384,
          2054144,
          2052096,
          2052096,
          2057216,
          2057216,
          2055168,
          2054144
        ],
        "applicable": true
      },
      {
        "kernel": "onpair_shmem_4tpt_ablate_noemit",
        "decode_ms": 2.100224,
        "decode_gib_s": 443.43963784761326,
        "decode_ns_iters": [
          2104448,
          2106368,
          2105344,
          2102272,
          2127872,
          2106368,
          2107392,
          2104320,
          2106368,
          2104160,
          2102272,
          2103328,
          2105344,
          2106368,
          2105408,
          2121600,
          2105376,
          2106368,
          2103296,
          2105504,
          2109440,
          2100416,
          2106496,
          2103136,
          2103296,
          2106368,
          2105344,
          2100224,
          2103264,
          2101248
        ],
        "applicable": true
      },
      {
        "kernel": "onpair_shmem_4tpt_ablate_nodrain",
        "decode_ms": 1.844224,
        "decode_gib_s": 504.9942794144668,
        "decode_ns_iters": [
          1845120,
          1847168,
          1846464,
          1844224,
          1845184,
          1846272,
          1844224,
          1845248,
          1844224,
          1845248,
          1845120,
          1857536,
          1845248,
          1845120,
          1846272,
          1845248,
          1848320,
          1844224,
          1858720,
          1858400,
          1857536,
          1856448,
          1852416,
          1857536,
          1856512,
          1857536,
          1862656,
          1858560,
          1857536,
          1851392
        ],
        "applicable": true
      },
      {
        "kernel": "onpair_shmem_4tpt_ablate_noscan",
        "decode_ms": 2.40624,
        "decode_gib_s": 387.044754454612,
        "decode_ns_iters": [
          2417664,
          2420672,
          2414528,
          2418688,
          2417664,
          2413376,
          2414592,
          2421760,
          2432000,
          2415616,
          2417664,
          2408448,
          2422784,
          2411520,
          2410496,
          2414592,
          2413568,
          2410496,
          2413440,
          2410496,
          2434048,
          2409504,
          2406240,
          2412544,
          2413568,
          2410496,
          2414592,
          2414432,
          2412544,
          2417664
        ],
        "applicable": true
      },
      {
        "kernel": "onpair_shmem_4tpt_ablate_cfree",
        "decode_ms": 2.33984,
        "decode_gib_s": 398.0283138842252,
        "decode_ns_iters": [
          2345984,
          2348032,
          2344960,
          2343936,
          2344960,
          2339840,
          2344960,
          2342912,
          2348032,
          2348032,
          2349056,
          2381664,
          2381696,
          2378752,
          2371584,
          2373632,
          2376768,
          2378816,
          2378752,
          2404352,
          2396160,
          2396320,
          2415616,
          2398208,
          2401312,
          2397184,
          2397184,
          2394112,
          2397184,
          2411520
        ],
        "applicable": true
      },
      {
        "kernel": "onpair_shmem_s8",
        "decode_ms": 0.0,
        "decode_gib_s": 0.0,
        "applicable": false,
        "reason": "dictionary entry longer than 8 bytes"
      },
      {
        "kernel": "onpair_shmem_s8_2tpt",
        "decode_ms": 0.0,
        "decode_gib_s": 0.0,
        "applicable": false,
        "reason": "dictionary entry longer than 8 bytes"
      },
      {
        "kernel": "onpair_shmem_s8_4tpt",
        "decode_ms": 0.0,
        "decode_gib_s": 0.0,
        "applicable": false,
        "reason": "dictionary entry longer than 8 bytes"
      },
      {
        "kernel": "onpair_shmem_s8_8tpt",
        "decode_ms": 0.0,
        "decode_gib_s": 0.0,
        "applicable": false,
        "reason": "dictionary entry longer than 8 bytes"
      },
      {
        "kernel": "onpair_shmem_s4l1",
        "decode_ms": 0.0,
        "decode_gib_s": 0.0,
        "applicable": false,
        "reason": "dictionary entry longer than 4 bytes"
      },
      {
        "kernel": "onpair_shmem_s4l1_2tpt",
        "decode_ms": 0.0,
        "decode_gib_s": 0.0,
        "applicable": false,
        "reason": "dictionary entry longer than 4 bytes"
      },
      {
        "kernel": "onpair_shmem_s4l1_4tpt",
        "decode_ms": 0.0,
        "decode_gib_s": 0.0,
        "applicable": false,
        "reason": "dictionary entry longer than 4 bytes"
      },
      {
        "kernel": "onpair_shmem_s4l1_8tpt",
        "decode_ms": 0.0,
        "decode_gib_s": 0.0,
        "applicable": false,
        "reason": "dictionary entry longer than 4 bytes"
      },
      {
        "kernel": "onpair_shmem_s4l1_16tpt",
        "decode_ms": 0.0,
        "decode_gib_s": 0.0,
        "applicable": false,
        "reason": "dictionary entry longer than 4 bytes"
      },
      {
        "kernel": "onpair_shmem_s4l1_32tpt",
        "decode_ms": 0.0,
        "decode_gib_s": 0.0,
        "applicable": false,
        "reason": "dictionary entry longer than 4 bytes"
      },
      {
        "kernel": "onpair_shmem_const1",
        "decode_ms": 0.0,
        "decode_gib_s": 0.0,
        "applicable": false,
        "reason": "not every dictionary entry is exactly 1 byte"
      },
      {
        "kernel": "onpair_shmem_const2",
        "decode_ms": 0.0,
        "decode_gib_s": 0.0,
        "applicable": false,
        "reason": "not every dictionary entry is exactly 2 bytes"
      }
    ]
  }
}
==PROF== Disconnected from process 26102
==PROF== Report: /home/ubuntu/work/ncu_costsurface_clickbench_URL_b16.ncu-rep
