==PROF== Connected to process 22023 (/home/ubuntu/work/target/release/onpair-chunk-bench)
2026-07-06T03:24:45.199267Z  INFO vortex_cuda: vortex-cuda/src/lib.rs:111: Registering CUDA kernels
==PROF== Profiling "onpair_shmem_4tpt": 0%....50%....100% - 43 passes
==PROF== Profiling "onpair_shmem_4tpt": 0%....50%....100% - 43 passes
==PROF== Profiling "onpair_shmem_4tpt": 0%....50%....100% - 43 passes
==PROF== Profiling "onpair_shmem_4tpt": 0%....50%....100% - 43 passes
==PROF== Profiling "onpair_shmem_4tpt": 0%....50%....100% - 43 passes
==PROF== Profiling "onpair_shmem_4tpt": 0%....50%....100% - 43 passes
==PROF== Profiling "onpair_shmem_4tpt": 0%....50%....100% - 43 passes
==PROF== Profiling "onpair_shmem_4tpt": 0%....50%....100% - 43 passes
==PROF== Profiling "onpair_shmem_4tpt": 0%....50%....100% - 43 passes
==PROF== Profiling "onpair_shmem_4tpt": 0%....50%....100% - 43 passes
==PROF== Profiling "onpair_shmem_4tpt": 0%....50%....100% - 43 passes
==PROF== Profiling "onpair_shmem_4tpt": 0%....50%....100% - 43 passes
==PROF== Profiling "onpair_shmem_4tpt": 0%....50%....100% - 43 passes
==PROF== Profiling "onpair_shmem_4tpt": 0%....50%....100% - 43 passes
==PROF== Profiling "onpair_shmem_4tpt": 0%....50%....100% - 43 passes
==PROF== Profiling "onpair_shmem_4tpt": 0%....50%....100% - 43 passes
{
  "files": [
    "/home/ubuntu/work/vortex-bench/data/onpair-bench/synthetic/url/bits12_chunk1000mb_thr0.20/part_0000.vortex"
  ],
  "column": "url",
  "rows": 10000000,
  "in_memory_bytes": 100775111,
  "dict_bytes": 3968,
  "gpu": {
    "iterations": 30,
    "decoded_bytes": 923569389,
    "chunks": 1,
    "auto_kernel": "onpair_shmem_4tpt",
    "frac_le8": 0.21202607,
    "dict_mean_len": 11.06706,
    "dict_max_len": 16,
    "dict_entries_max": 851,
    "small_dict": true,
    "distinct_codes": 168,
    "access_top4096_frac": 1.0,
    "compressed_bytes": 166909023,
    "h2d_gib_s": 20.016403843277644,
    "whole_decompress_gib_s": 89.36045928201537,
    "best_kernel": "onpair_shmem_4tpt_split8_wpb8",
    "auto_decode_ms": 1.859584,
    "best_decode_ms": 1.793024,
    "validated": false,
    "auto_decode_gib_s": 462.54486014050696,
    "best_decode_gib_s": 479.71528613087406,
    "kernels": [
      {
        "kernel": "onpair_shmem",
        "decode_ms": 2.480128,
        "decode_gib_s": 346.81315690138746,
        "decode_ns_iters": [
          2523136,
          2512960,
          2496512,
          2507616,
          2509824,
          2497536,
          2507776,
          2486272,
          2508800,
          2497536,
          2521024,
          2486272,
          2511872,
          2500608,
          2489344,
          2483200,
          2480128,
          2482176,
          2480128,
          2526208,
          2484224,
          2502656,
          2519040,
          2481152,
          2521088,
          2486272,
          2524160,
          2490368,
          2513920,
          2482176
        ],
        "applicable": true
      },
      {
        "kernel": "onpair_shmem_2tpt",
        "decode_ms": 2.157568,
        "decode_gib_s": 398.6622999597345,
        "decode_ns_iters": [
          2174976,
          2169856,
          2160640,
          2177024,
          2178048,
          2193408,
          2185216,
          2184096,
          2172928,
          2159616,
          2184192,
          2172832,
          2172928,
          2166784,
          2176064,
          2192544,
          2187264,
          2179072,
          2177024,
          2191360,
          2174912,
          2175872,
          2186240,
          2195456,
          2171904,
          2169856,
          2170880,
          2186240,
          2182144,
          2157568
        ],
        "applicable": true
      },
      {
        "kernel": "onpair_shmem_4tpt",
        "decode_ms": 1.859584,
        "decode_gib_s": 462.54486014050696,
        "decode_ns_iters": [
          1825922012,
          1828634620,
          1832214475,
          1830628276,
          1834174395,
          1837854743,
          1837316990,
          1823549151,
          1840138078,
          1843153000,
          1838402629,
          1835844636,
          1838667750,
          1839449048,
          1870720,
          1909696,
          1893376,
          1894400,
          1888288,
          1884160,
          1892352,
          1892352,
          1866816,
          1896448,
          1895424,
          1871840,
          1864704,
          1859584,
          1873920,
          1868992
        ],
        "applicable": true
      },
      {
        "kernel": "onpair_shmem_4tpt_wpb8",
        "decode_ms": 1.80224,
        "decode_gib_s": 477.262196599523,
        "decode_ns_iters": [
          1802240,
          1836032,
          1832960,
          1811296,
          1832832,
          1813504,
          1813504,
          1828864,
          1810432,
          1805312,
          1819648,
          1825792,
          1817408,
          1810432,
          1810432,
          1823776,
          1831936,
          1817792,
          1803264,
          1818624,
          1813504,
          1819648,
          1817792,
          1816576,
          1810432,
          1811456,
          1810432,
          1819648,
          1813504,
          1822592
        ],
        "applicable": true
      },
      {
        "kernel": "onpair_shmem_4tpt_wpb8_occ",
        "decode_ms": 1.8584,
        "decode_gib_s": 462.83955079612804,
        "decode_ns_iters": [
          1874944,
          1868800,
          1893376,
          1887232,
          1879040,
          1863680,
          1885184,
          1880064,
          1893376,
          1885184,
          1876992,
          1893376,
          1900544,
          1885184,
          1891232,
          1896448,
          1892352,
          1878048,
          1882112,
          1886208,
          1897344,
          1866848,
          1867776,
          1875968,
          1895424,
          1879008,
          1887232,
          1868800,
          1858400,
          1876992
        ],
        "applicable": true
      },
      {
        "kernel": "onpair_shmem_4tpt_b128",
        "decode_ms": 1.8688,
        "decode_gib_s": 460.2638169946085,
        "decode_ns_iters": [
          1892480,
          1896448,
          1898496,
          1902432,
          1893376,
          1902592,
          1886208,
          1899456,
          1881088,
          1893376,
          1895424,
          1887232,
          1901568,
          1896448,
          1896448,
          1901568,
          1898496,
          1890304,
          1899520,
          1887232,
          1868800,
          1906560,
          1888256,
          1902592,
          1901536,
          1886208,
          1902592,
          1900544,
          1896448,
          1899520
        ],
        "applicable": true
      },
      {
        "kernel": "onpair_shmem_4tpt_o6",
        "decode_ms": 1.887136,
        "decode_gib_s": 455.79175067378526,
        "decode_ns_iters": [
          1915904,
          1926144,
          1911808,
          1901568,
          1923072,
          1930240,
          1909760,
          1915904,
          1907712,
          1907712,
          1922176,
          1900544,
          1907648,
          1910784,
          1917952,
          1908736,
          1923072,
          1923008,
          1913856,
          1913856,
          1916928,
          1913856,
          1887136,
          1894400,
          1906688,
          1919904,
          1905664,
          1898432,
          1911808,
          1909760
        ],
        "applicable": true
      },
      {
        "kernel": "onpair_shmem_4tpt_b512o3",
        "decode_ms": 1.850208,
        "decode_gib_s": 464.8888239589951,
        "decode_ns_iters": [
          1888160,
          1887232,
          1892352,
          1891328,
          1883136,
          1858560,
          1856480,
          1882112,
          1856512,
          1858560,
          1850368,
          1858560,
          1868800,
          1852416,
          1850208,
          1857536,
          1869824,
          1858560,
          1867776,
          1855488,
          1858560,
          1871872,
          1884160,
          1882112,
          1902592,
          1895360,
          1898496,
          1886144,
          1871776,
          1857536
        ],
        "applicable": true
      },
      {
        "kernel": "onpair_shmem_4tpt_b128o12",
        "decode_ms": 1.897632,
        "decode_gib_s": 453.27071908543087,
        "decode_ns_iters": [
          1904640,
          1905632,
          1911840,
          1907520,
          1917952,
          1927104,
          1913856,
          1905664,
          1906688,
          1912832,
          1931264,
          1918976,
          1922048,
          1897632,
          1915904,
          1913856,
          1914048,
          1911872,
          1924096,
          1917952,
          1918016,
          1915904,
          1913888,
          1920864,
          1906688,
          1921024,
          1926048,
          1915776,
          1933280,
          1925024
        ],
        "applicable": true
      },
      {
        "kernel": "onpair_shmem_4tpt_b64",
        "decode_ms": 1.879968,
        "decode_gib_s": 457.5296075249815,
        "decode_ns_iters": [
          1901568,
          1888352,
          1887200,
          1899520,
          1891168,
          1892352,
          1892352,
          1894400,
          1904640,
          1895424,
          1905664,
          1894400,
          1894560,
          1892352,
          1898400,
          1879968,
          1901568,
          1897472,
          1893376,
          1894400,
          1893216,
          1895392,
          1889280,
          1892352,
          1908896,
          1886208,
          1888160,
          1884160,
          1902592,
          1906688
        ],
        "applicable": true
      },
      {
        "kernel": "onpair_shmem_4tpt_b64o24",
        "decode_ms": 1.891232,
        "decode_gib_s": 454.804604194263,
        "decode_ns_iters": [
          1916928,
          1916928,
          1926144,
          1928192,
          1913824,
          1921024,
          1927168,
          1924160,
          1924096,
          1910784,
          1898496,
          1892352,
          1891232,
          1913696,
          1891232,
          1894400,
          1897472,
          1920992,
          1931264,
          1909760,
          1914880,
          1906688,
          1903776,
          1923072,
          1911808,
          1915904,
          1927168,
          1913856,
          1906688,
          1910784
        ],
        "applicable": true
      },
      {
        "kernel": "onpair_shmem_4tpt_split8read_b128o12",
        "decode_ms": 1.845248,
        "decode_gib_s": 466.13843841018894,
        "decode_ns_iters": [
          1872896,
          1856512,
          1873920,
          1864704,
          1845248,
          1879040,
          1853248,
          1876992,
          1880064,
          1871872,
          1848320,
          1857536,
          1852416,
          1865536,
          1856480,
          1860608,
          1871872,
          1860608,
          1876032,
          1860608,
          1855616,
          1848320,
          1875968,
          1895424,
          1879040,
          1856512,
          1877920,
          1866752,
          1878016,
          1859584
        ],
        "applicable": true
      },
      {
        "kernel": "onpair_shmem_4tpt_split8read_occ",
        "decode_ms": 1.82272,
        "decode_gib_s": 471.8997000085172,
        "decode_ns_iters": [
          1851392,
          1835008,
          1854464,
          1844224,
          1849344,
          1835008,
          1845248,
          1829888,
          1848320,
          1846272,
          1852416,
          1847296,
          1838080,
          1828736,
          1842176,
          1830912,
          1848320,
          1848192,
          1853440,
          1845248,
          1841152,
          1847296,
          1852416,
          1822720,
          1848320,
          1836032,
          1831936,
          1846272,
          1834944,
          1835008
        ],
        "applicable": true
      },
      {
        "kernel": "onpair_shmem_4tpt_split8",
        "decode_ms": 1.843264,
        "decode_gib_s": 466.6401672248383,
        "decode_ns_iters": [
          1888224,
          1895360,
          1888128,
          1890304,
          1883136,
          1875968,
          1896640,
          1884992,
          1898496,
          1878016,
          1880064,
          1888416,
          1889280,
          1915904,
          1885184,
          1867776,
          1882112,
          1885184,
          1885120,
          1871872,
          1886208,
          1865632,
          1869824,
          1880064,
          1877824,
          1897472,
          1897312,
          1892352,
          1843264,
          1854464
        ],
        "applicable": true
      },
      {
        "kernel": "onpair_shmem_4tpt_split8_wpb8",
        "decode_ms": 1.793024,
        "decode_gib_s": 479.71528613087406,
        "decode_ns_iters": [
          1827840,
          1823744,
          1808576,
          1804288,
          1795968,
          1795072,
          1793024,
          1808192,
          1795072,
          1795072,
          1801184,
          1800160,
          1806368,
          1808384,
          1805248,
          1799168,
          1824768,
          1817632,
          1809408,
          1827712,
          1802240,
          1803264,
          1801216,
          1801216,
          1801216,
          1818560,
          1801120,
          1815552,
          1823744,
          1825792
        ],
        "applicable": true
      },
      {
        "kernel": "onpair_shmem_4tpt_split8_wpb8_occ",
        "decode_ms": 1.854464,
        "decode_gib_s": 463.8219028244951,
        "decode_ns_iters": [
          1872896,
          1867840,
          1855488,
          1862656,
          1876992,
          1856512,
          1894400,
          1880032,
          1866752,
          1885184,
          1878016,
          1854464,
          1854464,
          1874944,
          1891328,
          1891328,
          1896448,
          1869824,
          1883136,
          1871872,
          1865728,
          1861632,
          1857536,
          1860608,
          1883136,
          1876992,
          1892224,
          1879040,
          1878016,
          1863680
        ],
        "applicable": true
      },
      {
        "kernel": "onpair_shmem_4tpt_pdict",
        "decode_ms": 2.208704,
        "decode_gib_s": 389.4324550503482,
        "decode_ns_iters": [
          2210944,
          2233344,
          2228224,
          2227200,
          2227328,
          2210656,
          2262208,
          2222080,
          2234368,
          2230272,
          2216960,
          2247680,
          2229248,
          2216960,
          2208768,
          2220032,
          2237440,
          2232224,
          2234368,
          2243584,
          2230272,
          2228224,
          2208704,
          2238336,
          2230272,
          2213888,
          2257920,
          2226176,
          2216960,
          2211840
        ],
        "applicable": true
      },
      {
        "kernel": "onpair_shmem_4tpt_vdict",
        "decode_ms": 2.183168,
        "decode_gib_s": 393.98755441611655,
        "decode_ns_iters": [
          2199552,
          2204672,
          2199552,
          2208672,
          2207744,
          2187392,
          2226176,
          2187264,
          2204672,
          2200576,
          2207744,
          2209792,
          2206720,
          2213888,
          2222080,
          2185216,
          2187232,
          2210816,
          2212864,
          2201600,
          2192512,
          2183168,
          2200576,
          2226176,
          2204672,
          2207744,
          2211936,
          2237440,
          2187264,
          2189312
        ],
        "applicable": true
      },
      {
        "kernel": "onpair_shmem_4tpt_split8read",
        "decode_ms": 1.825792,
        "decode_gib_s": 471.10570163497505,
        "decode_ns_iters": [
          1851392,
          1830912,
          1839104,
          1846272,
          1833056,
          1848320,
          1840128,
          1847488,
          1825792,
          1848512,
          1836032,
          1857536,
          1842176,
          1835040,
          1844224,
          1845248,
          1839104,
          1851264,
          1831936,
          1850368,
          1845248,
          1849344,
          1849280,
          1832000,
          1846272,
          1833984,
          1840960,
          1833984,
          1859584,
          1840128
        ],
        "applicable": true
      },
      {
        "kernel": "onpair_shmem_4tpt_ldcs",
        "decode_ms": 2.274304,
        "decode_gib_s": 378.19966952506104,
        "decode_ns_iters": [
          2274304,
          2321408,
          2279424,
          2300928,
          2288640,
          2288640,
          2286592,
          2305920,
          2298816,
          2297856,
          2287616,
          2294816,
          2291712,
          2296832,
          2309120,
          2315264,
          2302912,
          2287616,
          2311328,
          2284544,
          2300928,
          2298912,
          2291712,
          2306944,
          2310144,
          2304000,
          2324480,
          2275232,
          2298880,
          2278400
        ],
        "applicable": true
      },
      {
        "kernel": "onpair_shmem_4tpt_lenbucket",
        "decode_ms": 0.0,
        "decode_gib_s": 0.0,
        "applicable": false,
        "reason": "length-bucket dict not built (set ONPAIR_DICT_REORDER=lenbucket)"
      },
      {
        "kernel": "onpair_shmem_4tpt_lenbucket_b128",
        "decode_ms": 0.0,
        "decode_gib_s": 0.0,
        "applicable": false,
        "reason": "length-bucket dict not built (set ONPAIR_DICT_REORDER=lenbucket)"
      },
      {
        "kernel": "onpair_shmem_4tpt_regcache",
        "decode_ms": 1.850368,
        "decode_gib_s": 464.848625354267,
        "decode_ns_iters": [
          1855456,
          1850368,
          1855488,
          1864704,
          1857536,
          1868800,
          1855488,
          1866752,
          1863680,
          1869824,
          1865728,
          1858560,
          1859584,
          1862784,
          1868672,
          1857536,
          1857536,
          1858560,
          1862656,
          1865728,
          1857536,
          1865728,
          1860608,
          1860608,
          1863680,
          1862656,
          1855488,
          1857536,
          1865728,
          1852416
        ],
        "applicable": true
      },
      {
        "kernel": "onpair_shmem_4tpt_split4read",
        "decode_ms": 1.814528,
        "decode_gib_s": 474.0301726947859,
        "decode_ns_iters": [
          1830912,
          1822720,
          1827840,
          1828928,
          1816672,
          1814528,
          1824768,
          1825696,
          1842176,
          1825792,
          1842176,
          1828864,
          1823744,
          1823744,
          1827840,
          1823744,
          1817600,
          1831936,
          1820608,
          1823744,
          1829888,
          1819648,
          1822720,
          1841152,
          1840128,
          1835008,
          1840128,
          1831936,
          1832960,
          1827840
        ],
        "applicable": true
      },
      {
        "kernel": "onpair_shmem_4tpt_split4read_b128o12",
        "decode_ms": 1.854464,
        "decode_gib_s": 463.8219028244951,
        "decode_ns_iters": [
          1882112,
          1882112,
          1865728,
          1871840,
          1884160,
          1876992,
          1886208,
          1894400,
          1892352,
          1881120,
          1880064,
          1854464,
          1865920,
          1863680,
          1880064,
          1882976,
          1872896,
          1893376,
          1878016,
          1855488,
          1876992,
          1866688,
          1885088,
          1874944,
          1881952,
          1874944,
          1874784,
          1875968,
          1871936,
          1878016
        ],
        "applicable": true
      },
      {
        "kernel": "onpair_shmem_4tpt_cluster_dsmem",
        "decode_ms": 0.0,
        "decode_gib_s": 0.0,
        "applicable": false,
        "reason": "thread-block clusters require sm_90+ (device cc 8.x)"
      },
      {
        "kernel": "onpair_shmem_8tpt",
        "decode_ms": 1.814528,
        "decode_gib_s": 474.0301726947859,
        "decode_ns_iters": [
          1825792,
          1831936,
          1825792,
          1823744,
          1830912,
          1840992,
          1837056,
          1827840,
          1833984,
          1829888,
          1836032,
          1838080,
          1820672,
          1817504,
          1835008,
          1824768,
          1819648,
          1816512,
          1814528,
          1834112,
          1822560,
          1828736,
          1826816,
          1826816,
          1831936,
          1838080,
          1819648,
          1831936,
          1830912,
          1836096
        ],
        "applicable": true
      },
      {
        "kernel": "onpair_shmem_8tpt_b128",
        "decode_ms": 1.80032,
        "decode_gib_s": 477.77118578892885,
        "decode_ns_iters": [
          1822720,
          1814528,
          1816576,
          1835008,
          1815552,
          1819648,
          1820672,
          1812480,
          1817792,
          1819520,
          1817472,
          1800320,
          1815520,
          1823744,
          1817600,
          1810432,
          1803264,
          1811488,
          1821696,
          1811456,
          1813504,
          1808384,
          1804288,
          1803072,
          1801216,
          1812480,
          1807456,
          1838080,
          1840960,
          1827648
        ],
        "applicable": true
      },
      {
        "kernel": "onpair_shmem_4tpt_vwidth",
        "decode_ms": 2.137088,
        "decode_gib_s": 402.48273407530456,
        "decode_ns_iters": [
          2146304,
          2144256,
          2148320,
          2139040,
          2146304,
          2141280,
          2162688,
          2146144,
          2149376,
          2154496,
          2158592,
          2146304,
          2146400,
          2137088,
          2145280,
          2146304,
          2149376,
          2167648,
          2158592,
          2151424,
          2158592,
          2153472,
          2153440,
          2162560,
          2159616,
          2178048,
          2163616,
          2162688,
          2161536,
          2163552
        ],
        "applicable": true
      },
      {
        "kernel": "onpair_shmem_4tpt_vwidth_b128",
        "decode_ms": 3.74784,
        "decode_gib_s": 229.50313279102747,
        "decode_ns_iters": [
          3857280,
          3856384,
          3856384,
          3856384,
          3857280,
          3854336,
          3805056,
          3804224,
          3803232,
          3802112,
          3777568,
          3779584,
          3776576,
          3777536,
          3778720,
          3776672,
          3780608,
          3773440,
          3776512,
          3781632,
          3775488,
          3776512,
          3784704,
          3783680,
          3784704,
          3750912,
          3768288,
          3750912,
          3750752,
          3747840
        ],
        "applicable": true
      },
      {
        "kernel": "onpair_shmem_4tpt_vwidth4",
        "decode_ms": 1.908544,
        "decode_gib_s": 450.67916757461416,
        "decode_ns_iters": [
          1923968,
          1918976,
          1908544,
          1951776,
          1939424,
          1946624,
          1949696,
          1945600,
          1943456,
          1946624,
          1947616,
          1951584,
          1912832,
          1933312,
          1935360,
          1934336,
          1939456,
          1915968,
          1928192,
          1913856,
          1916896,
          1916928,
          1939392,
          1913856,
          1943552,
          1925120,
          1914880,
          1926144,
          1942400,
          1948672
        ],
        "applicable": true
      },
      {
        "kernel": "onpair_shmem_4tpt_vwidth4_b128",
        "decode_ms": 1.963008,
        "decode_gib_s": 438.17499531307277,
        "decode_ns_iters": [
          1969152,
          1972224,
          1979392,
          2002912,
          2006080,
          1986560,
          1986720,
          1964160,
          1989632,
          1976320,
          1975296,
          1970208,
          2014208,
          1963008,
          1990464,
          1983488,
          1993824,
          1972224,
          1978368,
          1997824,
          1998848,
          1978368,
          1978368,
          1966048,
          1975296,
          1980416,
          1990624,
          1966080,
          1999872,
          2001920
        ],
        "applicable": true
      },
      {
        "kernel": "onpair_shmem_4tpt_shdict8",
        "decode_ms": 2.332672,
        "decode_gib_s": 368.73637665283604,
        "decode_ns_iters": [
          2351104,
          2354176,
          2381824,
          2332672,
          2371392,
          2380608,
          2407424,
          2340864,
          2363392,
          2348896,
          2371584,
          2366592,
          2363392,
          2362368,
          2378816,
          2373632,
          2345984,
          2409472,
          2394944,
          2341024,
          2370432,
          2354208,
          2362368,
          2377536,
          2382848,
          2338816,
          2380896,
          2365248,
          2360192,
          2359296
        ],
        "applicable": true
      },
      {
        "kernel": "onpair_shmem_4tpt_ablate",
        "decode_ms": 1.888256,
        "decode_gib_s": 455.52140239433874,
        "decode_ns_iters": [
          1902560,
          1888256,
          1918784,
          1918976,
          1922048,
          1905504,
          1912832,
          1908896,
          1907712,
          1907712,
          1911840,
          1918976,
          1891328,
          1904640,
          1917952,
          1916928,
          1892352,
          1905664,
          1893248,
          1900544,
          1923072,
          1890304,
          1923072,
          1894368,
          1902592,
          1908544,
          1928192,
          1911808,
          1911808,
          1908800
        ],
        "applicable": true
      },
      {
        "kernel": "onpair_shmem_4tpt_ablate_nogather",
        "decode_ms": 1.908832,
        "decode_gib_s": 450.6111701813069,
        "decode_ns_iters": [
          1924096,
          1927200,
          1914880,
          1919968,
          1932288,
          1930240,
          1912832,
          1912832,
          1917952,
          1916928,
          1925120,
          1924096,
          1930240,
          1914880,
          1934336,
          1927168,
          1923072,
          1937408,
          1925120,
          1922048,
          1930240,
          1920000,
          1914880,
          1921024,
          1912800,
          1940480,
          1917952,
          1921024,
          1934336,
          1908832
        ],
        "applicable": true
      },
      {
        "kernel": "onpair_shmem_4tpt_ablate_noemit",
        "decode_ms": 1.978368,
        "decode_gib_s": 434.7730155357974,
        "decode_ns_iters": [
          1980416,
          1991680,
          1998848,
          1998848,
          1994752,
          1987616,
          1981472,
          1991680,
          1987584,
          1993728,
          1978368,
          1986560,
          2007040,
          2008064,
          1990592,
          1988608,
          1991680,
          2001920,
          1988608,
          1991680,
          1990496,
          1993728,
          2010080,
          1996800,
          1991680,
          2006016,
          1993728,
          1996800,
          2000896,
          1989632
        ],
        "applicable": true
      },
      {
        "kernel": "onpair_shmem_4tpt_ablate_nodrain",
        "decode_ms": 0.582624,
        "decode_gib_s": 1476.322673284184,
        "decode_ns_iters": [
          586624,
          588896,
          587936,
          587872,
          594880,
          585728,
          584736,
          586752,
          585728,
          586752,
          591872,
          592896,
          582624,
          588672,
          588800,
          590848,
          589824,
          587648,
          588704,
          590848,
          590848,
          593856,
          587776,
          588928,
          595968,
          588800,
          607136,
          588800,
          586752,
          584704
        ],
        "applicable": true
      },
      {
        "kernel": "onpair_shmem_4tpt_ablate_noscan",
        "decode_ms": 1.73568,
        "decode_gib_s": 495.56428673460806,
        "decode_ns_iters": [
          1774528,
          1763328,
          1739776,
          1747968,
          1754112,
          1747968,
          1743872,
          1752064,
          1749856,
          1736608,
          1751040,
          1745888,
          1738752,
          1735680,
          1743840,
          1739776,
          1742848,
          1765440,
          1751040,
          1767424,
          1750880,
          1756160,
          1735680,
          1742784,
          1743872,
          1738752,
          1742848,
          1756000,
          1754112,
          1742848
        ],
        "applicable": true
      },
      {
        "kernel": "onpair_shmem_4tpt_ablate_cfree",
        "decode_ms": 1.888256,
        "decode_gib_s": 455.52140239433874,
        "decode_ns_iters": [
          1913856,
          1892352,
          1894400,
          1902560,
          1912832,
          1894400,
          1888256,
          1906688,
          1904576,
          1912832,
          1903616,
          1914720,
          1909760,
          1913856,
          1899520,
          1902528,
          1901600,
          1889280,
          1914880,
          1899520,
          1909760,
          1911808,
          1923072,
          1907712,
          1894528,
          1913856,
          1901568,
          1917952,
          1934336,
          1921024
        ],
        "applicable": true
      },
      {
        "kernel": "onpair_shmem_s8",
        "decode_ms": 0.0,
        "decode_gib_s": 0.0,
        "applicable": false,
        "reason": "dictionary entry longer than 8 bytes"
      },
      {
        "kernel": "onpair_shmem_s8_2tpt",
        "decode_ms": 0.0,
        "decode_gib_s": 0.0,
        "applicable": false,
        "reason": "dictionary entry longer than 8 bytes"
      },
      {
        "kernel": "onpair_shmem_s8_4tpt",
        "decode_ms": 0.0,
        "decode_gib_s": 0.0,
        "applicable": false,
        "reason": "dictionary entry longer than 8 bytes"
      },
      {
        "kernel": "onpair_shmem_s8_8tpt",
        "decode_ms": 0.0,
        "decode_gib_s": 0.0,
        "applicable": false,
        "reason": "dictionary entry longer than 8 bytes"
      },
      {
        "kernel": "onpair_shmem_s4l1",
        "decode_ms": 0.0,
        "decode_gib_s": 0.0,
        "applicable": false,
        "reason": "dictionary entry longer than 4 bytes"
      },
      {
        "kernel": "onpair_shmem_s4l1_2tpt",
        "decode_ms": 0.0,
        "decode_gib_s": 0.0,
        "applicable": false,
        "reason": "dictionary entry longer than 4 bytes"
      },
      {
        "kernel": "onpair_shmem_s4l1_4tpt",
        "decode_ms": 0.0,
        "decode_gib_s": 0.0,
        "applicable": false,
        "reason": "dictionary entry longer than 4 bytes"
      },
      {
        "kernel": "onpair_shmem_s4l1_8tpt",
        "decode_ms": 0.0,
        "decode_gib_s": 0.0,
        "applicable": false,
        "reason": "dictionary entry longer than 4 bytes"
      },
      {
        "kernel": "onpair_shmem_s4l1_16tpt",
        "decode_ms": 0.0,
        "decode_gib_s": 0.0,
        "applicable": false,
        "reason": "dictionary entry longer than 4 bytes"
      },
      {
        "kernel": "onpair_shmem_s4l1_32tpt",
        "decode_ms": 0.0,
        "decode_gib_s": 0.0,
        "applicable": false,
        "reason": "dictionary entry longer than 4 bytes"
      },
      {
        "kernel": "onpair_shmem_const1",
        "decode_ms": 0.0,
        "decode_gib_s": 0.0,
        "applicable": false,
        "reason": "not every dictionary entry is exactly 1 byte"
      },
      {
        "kernel": "onpair_shmem_const2",
        "decode_ms": 0.0,
        "decode_gib_s": 0.0,
        "applicable": false,
        "reason": "not every dictionary entry is exactly 2 bytes"
      }
    ]
  }
}
==PROF== Disconnected from process 22023
==PROF== Report: /home/ubuntu/work/ncu_costsurface_synthetic_url_b12.ncu-rep
