==PROF== Connected to process 29928 (/home/ubuntu/work/target/release/onpair-chunk-bench)
2026-07-06T03:34:43.773403Z  INFO vortex_cuda: vortex-cuda/src/lib.rs:111: Registering CUDA kernels
==PROF== Profiling "onpair_shmem_4tpt_split8read": 0%....50%....100% - 43 passes
==PROF== Profiling "onpair_shmem_4tpt_split8read": 0%....50%....100% - 43 passes
==PROF== Profiling "onpair_shmem_4tpt_split8read": 0%....50%....100% - 43 passes
==PROF== Profiling "onpair_shmem_4tpt_split8read": 0%....50%....100% - 43 passes
==PROF== Profiling "onpair_shmem_4tpt_split8read": 0%....50%....100% - 43 passes
==PROF== Profiling "onpair_shmem_4tpt_split8read": 0%....50%....100% - 43 passes
==PROF== Profiling "onpair_shmem_4tpt_split8read": 0%....50%....100% - 43 passes
==PROF== Profiling "onpair_shmem_4tpt_split8read": 0%....50%....100% - 43 passes
==PROF== Profiling "onpair_shmem_4tpt_split8read": 0%....50%....100% - 43 passes
==PROF== Profiling "onpair_shmem_4tpt_split8read": 0%....50%....100% - 43 passes
==PROF== Profiling "onpair_shmem_4tpt_split8read": 0%....50%....100% - 43 passes
==PROF== Profiling "onpair_shmem_4tpt_split8read": 0%....50%....100% - 43 passes
==PROF== Profiling "onpair_shmem_4tpt_split8read": 0%....50%....100% - 43 passes
==PROF== Profiling "onpair_shmem_4tpt_split8read": 0%....50%....100% - 43 passes
==PROF== Profiling "onpair_shmem_4tpt_split8read": 0%....50%....100% - 43 passes
==PROF== Profiling "onpair_shmem_4tpt_split8read": 0%....50%....100% - 43 passes
{
  "files": [
    "/home/ubuntu/work/vortex-bench/data/onpair-bench/wikipedia/text/bits12_chunk1000mb_thr0.20/part_0000.vortex"
  ],
  "column": "text",
  "rows": 156289,
  "in_memory_bytes": 325085862,
  "dict_bytes": 17235,
  "gpu": {
    "iterations": 30,
    "decoded_bytes": 703062420,
    "chunks": 1,
    "auto_kernel": "onpair_shmem_4tpt_split8read",
    "frac_le8": 0.9824474,
    "dict_mean_len": 3.250297,
    "dict_max_len": 16,
    "dict_entries_max": 4096,
    "small_dict": true,
    "distinct_codes": 4048,
    "access_top4096_frac": 1.0,
    "compressed_bytes": 432635589,
    "h2d_gib_s": 19.959714111426063,
    "whole_decompress_gib_s": 28.29881804225324,
    "best_kernel": "onpair_shmem_2tpt",
    "auto_decode_ms": 2.951168,
    "best_decode_ms": 1.809248,
    "validated": false,
    "auto_decode_gib_s": 221.87076544262774,
    "best_decode_gib_s": 361.906108565431,
    "kernels": [
      {
        "kernel": "onpair_shmem",
        "decode_ms": 2.228224,
        "decode_gib_s": 293.85640900995094,
        "decode_ns_iters": [
          2228224,
          2230272,
          2245632,
          2229248,
          2230272,
          2230272,
          2232192,
          2245632,
          2229248,
          2233344,
          2231392,
          2231296,
          2248768,
          2231264,
          2248704,
          2254848,
          2254656,
          2254848,
          2256768,
          2254848,
          2256896,
          2256896,
          2254848,
          2256896,
          2264064,
          2260992,
          2255872,
          2264064,
          2260992,
          2262016
        ],
        "applicable": true
      },
      {
        "kernel": "onpair_shmem_2tpt",
        "decode_ms": 1.809248,
        "decode_gib_s": 361.906108565431,
        "decode_ns_iters": [
          1817600,
          1812480,
          1816512,
          1813376,
          1811456,
          1810368,
          1809248,
          1811456,
          1813504,
          1812480,
          1814528,
          1814528,
          1810560,
          1812480,
          1813504,
          1814528,
          1829888,
          1832096,
          1830912,
          1840128,
          1839104,
          1839104,
          1838080,
          1841152,
          1842176,
          1833984,
          1835008,
          1819648,
          1822720,
          1822720
        ],
        "applicable": true
      },
      {
        "kernel": "onpair_shmem_4tpt",
        "decode_ms": 3.871648,
        "decode_gib_s": 169.1212380644596,
        "decode_ns_iters": [
          4257792,
          4260864,
          4260960,
          4258848,
          4259840,
          4111360,
          4090880,
          3991552,
          3993600,
          3989504,
          3990528,
          3991552,
          3947520,
          3930112,
          3931136,
          3929088,
          3918848,
          3901440,
          3899392,
          3901440,
          3898368,
          3873792,
          3888000,
          3872768,
          3872768,
          3872768,
          3872768,
          3871648,
          3872768,
          3874816
        ],
        "applicable": true
      },
      {
        "kernel": "onpair_shmem_4tpt_wpb8",
        "decode_ms": 4.0704,
        "decode_gib_s": 160.86328201400082,
        "decode_ns_iters": [
          4072448,
          4073472,
          4074464,
          4073472,
          4072480,
          4073472,
          4072448,
          4072448,
          4072448,
          4073472,
          4072384,
          4072480,
          4073472,
          4072320,
          4074464,
          4073472,
          4087808,
          4071424,
          4072448,
          4072448,
          4074496,
          4070400,
          4071424,
          4072448,
          4073344,
          4071424,
          4071520,
          4073472,
          4071424,
          4073472
        ],
        "applicable": true
      },
      {
        "kernel": "onpair_shmem_4tpt_wpb8_occ",
        "decode_ms": 4.36416,
        "decode_gib_s": 150.03526523083227,
        "decode_ns_iters": [
          4368288,
          4367360,
          4366336,
          4374528,
          4365440,
          4366336,
          4383744,
          4366336,
          4364288,
          4366304,
          4373504,
          4365312,
          4366336,
          4383744,
          4364288,
          4366336,
          4366336,
          4375552,
          4365312,
          4364288,
          4371456,
          4364160,
          4366336,
          4365312,
          4365312,
          4366336,
          4366336,
          4367360,
          4364288,
          4367360
        ],
        "applicable": true
      },
      {
        "kernel": "onpair_shmem_4tpt_b128",
        "decode_ms": 4.552704,
        "decode_gib_s": 143.82176023518966,
        "decode_ns_iters": [
          4553728,
          4555776,
          4553728,
          4554752,
          4555712,
          4554752,
          4555776,
          4553728,
          4555776,
          4553664,
          4553568,
          4554688,
          4554752,
          4552704,
          4554752,
          4554720,
          4572160,
          4553728,
          4552864,
          4556800,
          4552704,
          4556800,
          4556800,
          4555776,
          4553728,
          4554752,
          4554752,
          4556672,
          4554752,
          4553728
        ],
        "applicable": true
      },
      {
        "kernel": "onpair_shmem_4tpt_o6",
        "decode_ms": 4.47488,
        "decode_gib_s": 146.32300823927991,
        "decode_ns_iters": [
          4478976,
          4475904,
          4477952,
          4474880,
          4474880,
          4475904,
          4474880,
          4492288,
          4474880,
          4485056,
          4480000,
          4482048,
          4479840,
          4480992,
          4482048,
          4477952,
          4477984,
          4478976,
          4481024,
          4480000,
          4480000,
          4477952,
          4478976,
          4480928,
          4477952,
          4478976,
          4498432,
          4478976,
          4478976,
          4477120
        ],
        "applicable": true
      },
      {
        "kernel": "onpair_shmem_4tpt_b512o3",
        "decode_ms": 3.961856,
        "decode_gib_s": 165.27049521986385,
        "decode_ns_iters": [
          3963904,
          3962880,
          3963904,
          3963904,
          3976096,
          3964928,
          3963904,
          3963904,
          3980288,
          3962880,
          3964928,
          3963904,
          3966976,
          3963904,
          3983456,
          3961856,
          3963904,
          3965760,
          3963712,
          3964928,
          3983296,
          3964864,
          3963904,
          3962880,
          3964928,
          3965952,
          3963968,
          3962880,
          3965824,
          3962880
        ],
        "applicable": true
      },
      {
        "kernel": "onpair_shmem_4tpt_b128o12",
        "decode_ms": 4.646912,
        "decode_gib_s": 140.90602600389008,
        "decode_ns_iters": [
          4649984,
          4651904,
          4646912,
          4648960,
          4651968,
          4648960,
          4650848,
          4648960,
          4648096,
          4647936,
          4652032,
          4650912,
          4656128,
          4658176,
          4657248,
          4655072,
          4658176,
          4661312,
          4663296,
          4659200,
          4656128,
          4661248,
          4657152,
          4657152,
          4660224,
          4656128,
          4658176,
          4655104,
          4656128,
          4657152
        ],
        "applicable": true
      },
      {
        "kernel": "onpair_shmem_4tpt_b64",
        "decode_ms": 4.578304,
        "decode_gib_s": 143.01756788317005,
        "decode_ns_iters": [
          4578304,
          4584416,
          4593664,
          4579328,
          4581472,
          4584576,
          4584448,
          4590592,
          4596736,
          4583424,
          4582400,
          4580352,
          4580352,
          4581216,
          4581376,
          4581216,
          4585408,
          4593664,
          4581376,
          4583424,
          4585472,
          4587520,
          4583424,
          4581376,
          4582400,
          4579296,
          4622336,
          4581376,
          4581216,
          4584448
        ],
        "applicable": true
      },
      {
        "kernel": "onpair_shmem_4tpt_b64o24",
        "decode_ms": 4.709376,
        "decode_gib_s": 139.03708328020292,
        "decode_ns_iters": [
          4714400,
          4717568,
          4709376,
          4717568,
          4724768,
          4755360,
          4735072,
          4717568,
          4715680,
          4714496,
          4717440,
          4716544,
          4716544,
          4716544,
          4726784,
          4719552,
          4715648,
          4723712,
          4731904,
          4714656,
          4714496,
          4716736,
          4716544,
          4723744,
          4716608,
          4715520,
          4731904,
          4714496,
          4716416,
          4721664
        ],
        "applicable": true
      },
      {
        "kernel": "onpair_shmem_4tpt_split8read_b128o12",
        "decode_ms": 3.440672,
        "decode_gib_s": 190.3052377877894,
        "decode_ns_iters": [
          3447712,
          3464192,
          3456000,
          3450816,
          3453952,
          3450720,
          3441664,
          3454080,
          3441664,
          3440672,
          3442560,
          3451904,
          3462144,
          3449856,
          3448832,
          3443712,
          3484672,
          3459072,
          3462144,
          3475456,
          3462144,
          3463168,
          3459936,
          3448832,
          3449856,
          3458048,
          3441664,
          3442688,
          3443712,
          3441664
        ],
        "applicable": true
      },
      {
        "kernel": "onpair_shmem_4tpt_split8read_occ",
        "decode_ms": 3.196992,
        "decode_gib_s": 204.81061670150848,
        "decode_ns_iters": [
          3209216,
          3198976,
          3205984,
          3203072,
          3200928,
          3198976,
          3201024,
          3200000,
          3202048,
          3196992,
          3206080,
          3199008,
          3200192,
          3213312,
          3201216,
          3198976,
          3202048,
          3201024,
          3213312,
          3198976,
          3202048,
          3215328,
          3199872,
          3221504,
          3200064,
          3198976,
          3217408,
          3200000,
          3201024,
          3203072
        ],
        "applicable": true
      },
      {
        "kernel": "onpair_shmem_4tpt_split8",
        "decode_ms": 3.981312,
        "decode_gib_s": 164.46284619486966,
        "decode_ns_iters": [
          3987488,
          3981312,
          3985408,
          3984384,
          3991712,
          3985408,
          3983360,
          3985408,
          3986432,
          3985408,
          3984384,
          3998720,
          3992576,
          3998720,
          3991552,
          4023296,
          3995616,
          3988480,
          3994624,
          4001792,
          4005888,
          3982336,
          3987456,
          3993600,
          3984384,
          3992576,
          4019200,
          3992576,
          3993600,
          3991520
        ],
        "applicable": true
      },
      {
        "kernel": "onpair_shmem_4tpt_split8_wpb8",
        "decode_ms": 4.108224,
        "decode_gib_s": 159.38223015828467,
        "decode_ns_iters": [
          4111264,
          4125536,
          4110336,
          4116480,
          4118528,
          4113408,
          4114432,
          4110304,
          4126720,
          4122624,
          4143104,
          4109312,
          4126720,
          4128768,
          4114432,
          4121600,
          4111424,
          4114432,
          4114432,
          4114304,
          4112480,
          4112384,
          4112288,
          4130816,
          4112384,
          4114432,
          4121600,
          4113408,
          4108224,
          4134912
        ],
        "applicable": true
      },
      {
        "kernel": "onpair_shmem_4tpt_split8_wpb8_occ",
        "decode_ms": 4.399168,
        "decode_gib_s": 148.8413043352263,
        "decode_ns_iters": [
          4432896,
          4401152,
          4400128,
          4403104,
          4403200,
          4431840,
          4400128,
          4421568,
          4399168,
          4403200,
          4414464,
          4402272,
          4402176,
          4403200,
          4401152,
          4404256,
          4400128,
          4400128,
          4400128,
          4402176,
          4411392,
          4402176,
          4412416,
          4402176,
          4401152,
          4405088,
          4403200,
          4418560,
          4404224,
          4401152
        ],
        "applicable": true
      },
      {
        "kernel": "onpair_shmem_4tpt_pdict",
        "decode_ms": 2.622464,
        "decode_gib_s": 249.6804162458623,
        "decode_ns_iters": [
          2646016,
          2635776,
          2640800,
          2636800,
          2625536,
          2622464,
          2631680,
          2648064,
          2637664,
          2637824,
          2633728,
          2623488,
          2638848,
          2634752,
          2631680,
          2624512,
          2630656,
          2630656,
          2657120,
          2659424,
          2641888,
          2634752,
          2637824,
          2641920,
          2630496,
          2654272,
          2631680,
          2627424,
          2627488,
          2635872
        ],
        "applicable": true
      },
      {
        "kernel": "onpair_shmem_4tpt_vdict",
        "decode_ms": 2.275328,
        "decode_gib_s": 287.77297299984394,
        "decode_ns_iters": [
          2289664,
          2304000,
          2290688,
          2291520,
          2291712,
          2295808,
          2295808,
          2275328,
          2291712,
          2295808,
          2308096,
          2311168,
          2310112,
          2342912,
          2336768,
          2347008,
          2350080,
          2332672,
          2336768,
          2338816,
          2357248,
          2347008,
          2337792,
          2329600,
          2343840,
          2352192,
          2345984,
          2329600,
          2345088,
          2345056
        ],
        "applicable": true
      },
      {
        "kernel": "onpair_shmem_4tpt_split8read",
        "decode_ms": 2.951168,
        "decode_gib_s": 221.87076544262774,
        "decode_ns_iters": [
          2254976988,
          2265691280,
          2266305447,
          2272063494,
          2271954775,
          2269050837,
          2266112089,
          2271404982,
          2274770021,
          2272538662,
          2271609783,
          2255155325,
          2259909630,
          2262021303,
          3004416,
          2951168,
          2975584,
          2952192,
          2952192,
          2951168,
          2965504,
          2955264,
          2952096,
          2953216,
          2954240,
          2953344,
          2952192,
          2970624,
          2952192,
          2960416
        ],
        "applicable": true
      },
      {
        "kernel": "onpair_shmem_4tpt_ldcs",
        "decode_ms": 3.890176,
        "decode_gib_s": 168.31575309440728,
        "decode_ns_iters": [
          3890272,
          3892128,
          3892224,
          3890176,
          3893248,
          3892224,
          3893248,
          3891200,
          3894272,
          3891200,
          3893152,
          3906560,
          3893248,
          3892224,
          3892224,
          3893248,
          3894304,
          3891200,
          3893248,
          3892320,
          3892224,
          3891200,
          3909632,
          3893248,
          3890176,
          3890336,
          3891200,
          3892224,
          3891200,
          3891200
        ],
        "applicable": true
      },
      {
        "kernel": "onpair_shmem_4tpt_lenbucket",
        "decode_ms": 0.0,
        "decode_gib_s": 0.0,
        "applicable": false,
        "reason": "length-bucket dict not built (set ONPAIR_DICT_REORDER=lenbucket)"
      },
      {
        "kernel": "onpair_shmem_4tpt_lenbucket_b128",
        "decode_ms": 0.0,
        "decode_gib_s": 0.0,
        "applicable": false,
        "reason": "length-bucket dict not built (set ONPAIR_DICT_REORDER=lenbucket)"
      },
      {
        "kernel": "onpair_shmem_4tpt_regcache",
        "decode_ms": 4.468736,
        "decode_gib_s": 146.52418561082797,
        "decode_ns_iters": [
          4470784,
          4471808,
          4472000,
          4471680,
          4471808,
          4470784,
          4471808,
          4469760,
          4469760,
          4469760,
          4470784,
          4470752,
          4470688,
          4470784,
          4470784,
          4471808,
          4469760,
          4470784,
          4469760,
          4469760,
          4471808,
          4470784,
          4471808,
          4472832,
          4473856,
          4468736,
          4472832,
          4471808,
          4470784,
          4469760
        ],
        "applicable": true
      },
      {
        "kernel": "onpair_shmem_4tpt_split4read",
        "decode_ms": 1.878016,
        "decode_gib_s": 348.6540599812722,
        "decode_ns_iters": [
          1878016,
          1878016,
          1879904,
          1878016,
          1880064,
          1880064,
          1878016,
          1881088,
          1882112,
          1879040,
          1879040,
          1908736,
          1914880,
          1922048,
          1919072,
          1916928,
          1922048,
          1921024,
          1918976,
          1922048,
          1916928,
          1929216,
          1956704,
          1949696,
          1949696,
          1952672,
          1946624,
          1950720,
          1949696,
          1948672
        ],
        "applicable": true
      },
      {
        "kernel": "onpair_shmem_4tpt_split4read_b128o12",
        "decode_ms": 2.654208,
        "decode_gib_s": 246.69426929230448,
        "decode_ns_iters": [
          2716672,
          2718720,
          2732032,
          2715744,
          2715648,
          2699264,
          2674688,
          2674688,
          2674688,
          2679808,
          2691072,
          2674688,
          2666496,
          2657280,
          2656256,
          2655232,
          2676736,
          2657184,
          2657280,
          2657280,
          2654208,
          2655232,
          2671616,
          2656192,
          2654208,
          2655232,
          2655232,
          2655232,
          2672640,
          2656256
        ],
        "applicable": true
      },
      {
        "kernel": "onpair_shmem_4tpt_cluster_dsmem",
        "decode_ms": 0.0,
        "decode_gib_s": 0.0,
        "applicable": false,
        "reason": "thread-block clusters require sm_90+ (device cc 8.x)"
      },
      {
        "kernel": "onpair_shmem_8tpt",
        "decode_ms": 4.094944,
        "decode_gib_s": 159.89911049083673,
        "decode_ns_iters": [
          4318208,
          4293632,
          4296704,
          4291584,
          4294656,
          4243552,
          4216832,
          4218880,
          4227072,
          4168704,
          4161536,
          4170752,
          4157440,
          4153344,
          4147200,
          4130816,
          4126720,
          4128672,
          4111360,
          4102144,
          4102144,
          4119360,
          4094944,
          4105216,
          4102080,
          4102080,
          4102144,
          4100096,
          4099072,
          4095072
        ],
        "applicable": true
      },
      {
        "kernel": "onpair_shmem_8tpt_b128",
        "decode_ms": 4.458496,
        "decode_gib_s": 146.86071336831722,
        "decode_ns_iters": [
          4461568,
          4464640,
          4461568,
          4459520,
          4465568,
          4459456,
          4462464,
          4477952,
          4461568,
          4461472,
          4475008,
          4459520,
          4460544,
          4460544,
          4462592,
          4461472,
          4460544,
          4460544,
          4460544,
          4460544,
          4461568,
          4459520,
          4459520,
          4462592,
          4461568,
          4459520,
          4459520,
          4458496,
          4461568,
          4460544
        ],
        "applicable": true
      },
      {
        "kernel": "onpair_shmem_4tpt_vwidth",
        "decode_ms": 7.478272,
        "decode_gib_s": 87.5573799816039,
        "decode_ns_iters": [
          7483392,
          7478272,
          7496704,
          7554048,
          7589888,
          7583904,
          7591936,
          7597056,
          7592960,
          7588864,
          7593984,
          7592960,
          7590912,
          7591936,
          7589792,
          7588704,
          7591936,
          7592960,
          7590912,
          7592960,
          7591808,
          7595008,
          7611392,
          7592768,
          7591936,
          7590912,
          7588864,
          7607296,
          7591872,
          7588864
        ],
        "applicable": true
      },
      {
        "kernel": "onpair_shmem_4tpt_vwidth_b128",
        "decode_ms": 14.600065,
        "decode_gib_s": 44.847601918881104,
        "decode_ns_iters": [
          14613505,
          14605313,
          14608384,
          14607360,
          14608384,
          14609409,
          14607264,
          14605440,
          14607360,
          14607360,
          14628864,
          14607360,
          14607360,
          14605313,
          14613505,
          14606335,
          14624736,
          14606176,
          14606304,
          14601217,
          14601217,
          14600192,
          14604288,
          14603200,
          14602239,
          14600065,
          14605313,
          14617600,
          14602239,
          14602239
        ],
        "applicable": true
      },
      {
        "kernel": "onpair_shmem_4tpt_vwidth4",
        "decode_ms": 4.088832,
        "decode_gib_s": 160.1381282258085,
        "decode_ns_iters": [
          4092800,
          4089856,
          4107264,
          4090880,
          4089856,
          4088832,
          4107264,
          4121600,
          4119552,
          4125696,
          4119552,
          4119424,
          4136032,
          4117504,
          4120512,
          4132960,
          4124672,
          4119552,
          4118528,
          4121600,
          4118528,
          4119552,
          4120576,
          4119456,
          4119552,
          4148256,
          4151296,
          4151200,
          4169728,
          4163584
        ],
        "applicable": true
      },
      {
        "kernel": "onpair_shmem_4tpt_vwidth4_b128",
        "decode_ms": 4.486144,
        "decode_gib_s": 145.95561424461383,
        "decode_ns_iters": [
          4551648,
          4553728,
          4551680,
          4552704,
          4552704,
          4552704,
          4586496,
          4586400,
          4586496,
          4583424,
          4556800,
          4593664,
          4557824,
          4552704,
          4558848,
          4536320,
          4518912,
          4523008,
          4519936,
          4521984,
          4519936,
          4518848,
          4538208,
          4521984,
          4518784,
          4521984,
          4518912,
          4488192,
          4486144,
          4486144
        ],
        "applicable": true
      },
      {
        "kernel": "onpair_shmem_4tpt_shdict8",
        "decode_ms": 3.684352,
        "decode_gib_s": 177.7186064495979,
        "decode_ns_iters": [
          3707744,
          3719168,
          3709952,
          3694592,
          3694592,
          3687520,
          3690496,
          3693440,
          3684352,
          3695616,
          3692576,
          3695552,
          3706880,
          3720192,
          3709984,
          3688448,
          3695616,
          3688512,
          3699712,
          3693568,
          3701760,
          3688384,
          3700736,
          3688352,
          3686400,
          3708928,
          3705856,
          3688384,
          3688448,
          3688448
        ],
        "applicable": true
      },
      {
        "kernel": "onpair_shmem_4tpt_ablate",
        "decode_ms": 4.647936,
        "decode_gib_s": 140.8749825965308,
        "decode_ns_iters": [
          4651008,
          4651136,
          4653056,
          4652032,
          4652032,
          4651104,
          4649984,
          4654080,
          4653056,
          4651872,
          4649984,
          4669440,
          4647936,
          4653056,
          4649984,
          4653056,
          4652960,
          4651008,
          4653888,
          4647936,
          4651008,
          4651008,
          4653056,
          4650880,
          4651904,
          4653056,
          4651008,
          4651008,
          4651008,
          4654176
        ],
        "applicable": true
      },
      {
        "kernel": "onpair_shmem_4tpt_ablate_nogather",
        "decode_ms": 1.809408,
        "decode_gib_s": 361.87410639821917,
        "decode_ns_iters": [
          1810432,
          1815360,
          1818624,
          1814528,
          1814528,
          1816704,
          1809408,
          1815648,
          1812480,
          1819648,
          1814528,
          1827680,
          1816576,
          1817600,
          1815552,
          1814528,
          1811456,
          1814528,
          1816576,
          1812480,
          1815552,
          1812480,
          1813504,
          1822656,
          1815552,
          1818656,
          1812576,
          1817600,
          1816704,
          1815552
        ],
        "applicable": true
      },
      {
        "kernel": "onpair_shmem_4tpt_ablate_noemit",
        "decode_ms": 1.816576,
        "decode_gib_s": 360.44619278785416,
        "decode_ns_iters": [
          1816576,
          1816736,
          1820608,
          1821888,
          1818624,
          1818560,
          1819584,
          1823744,
          1817600,
          1819616,
          1817504,
          1819648,
          1829888,
          1820672,
          1819520,
          1825792,
          1820672,
          1818624,
          1819552,
          1821696,
          1824704,
          1823744,
          1820672,
          1821696,
          1833984,
          1821696,
          1822592,
          1817600,
          1822720,
          1817568
        ],
        "applicable": true
      },
      {
        "kernel": "onpair_shmem_4tpt_ablate_nodrain",
        "decode_ms": 4.609024,
        "decode_gib_s": 142.0643292614204,
        "decode_ns_iters": [
          4613120,
          4616192,
          4617280,
          4619168,
          4618240,
          4620288,
          4614144,
          4617216,
          4615168,
          4617216,
          4630560,
          4617184,
          4616192,
          4616192,
          4614144,
          4614144,
          4616192,
          4614144,
          4613120,
          4609024,
          4613120,
          4612096,
          4619264,
          4616192,
          4616192,
          4616192,
          4618240,
          4621312,
          4615168,
          4617216
        ],
        "applicable": true
      },
      {
        "kernel": "onpair_shmem_4tpt_ablate_noscan",
        "decode_ms": 4.619264,
        "decode_gib_s": 141.74940057762205,
        "decode_ns_iters": [
          4621312,
          4621312,
          4622176,
          4622272,
          4637696,
          4622336,
          4620288,
          4621312,
          4620288,
          4619392,
          4622336,
          4621312,
          4620288,
          4621152,
          4621312,
          4619264,
          4621120,
          4622336,
          4620160,
          4620288,
          4637696,
          4623392,
          4623360,
          4621312,
          4627456,
          4625408,
          4619264,
          4622240,
          4621216,
          4620288
        ],
        "applicable": true
      },
      {
        "kernel": "onpair_shmem_4tpt_ablate_cfree",
        "decode_ms": 4.759552,
        "decode_gib_s": 137.57133089622488,
        "decode_ns_iters": [
          4760576,
          4762624,
          4764672,
          4766720,
          4763520,
          4771840,
          4768736,
          4764576,
          4763616,
          4763648,
          4765696,
          4762624,
          4766720,
          4776960,
          4779008,
          4763648,
          4765696,
          4761600,
          4762496,
          4764672,
          4762624,
          4765696,
          4759552,
          4765664,
          4764576,
          4761600,
          4761600,
          4763648,
          4760576,
          4762624
        ],
        "applicable": true
      },
      {
        "kernel": "onpair_shmem_s8",
        "decode_ms": 0.0,
        "decode_gib_s": 0.0,
        "applicable": false,
        "reason": "dictionary entry longer than 8 bytes"
      },
      {
        "kernel": "onpair_shmem_s8_2tpt",
        "decode_ms": 0.0,
        "decode_gib_s": 0.0,
        "applicable": false,
        "reason": "dictionary entry longer than 8 bytes"
      },
      {
        "kernel": "onpair_shmem_s8_4tpt",
        "decode_ms": 0.0,
        "decode_gib_s": 0.0,
        "applicable": false,
        "reason": "dictionary entry longer than 8 bytes"
      },
      {
        "kernel": "onpair_shmem_s8_8tpt",
        "decode_ms": 0.0,
        "decode_gib_s": 0.0,
        "applicable": false,
        "reason": "dictionary entry longer than 8 bytes"
      },
      {
        "kernel": "onpair_shmem_s4l1",
        "decode_ms": 0.0,
        "decode_gib_s": 0.0,
        "applicable": false,
        "reason": "dictionary entry longer than 4 bytes"
      },
      {
        "kernel": "onpair_shmem_s4l1_2tpt",
        "decode_ms": 0.0,
        "decode_gib_s": 0.0,
        "applicable": false,
        "reason": "dictionary entry longer than 4 bytes"
      },
      {
        "kernel": "onpair_shmem_s4l1_4tpt",
        "decode_ms": 0.0,
        "decode_gib_s": 0.0,
        "applicable": false,
        "reason": "dictionary entry longer than 4 bytes"
      },
      {
        "kernel": "onpair_shmem_s4l1_8tpt",
        "decode_ms": 0.0,
        "decode_gib_s": 0.0,
        "applicable": false,
        "reason": "dictionary entry longer than 4 bytes"
      },
      {
        "kernel": "onpair_shmem_s4l1_16tpt",
        "decode_ms": 0.0,
        "decode_gib_s": 0.0,
        "applicable": false,
        "reason": "dictionary entry longer than 4 bytes"
      },
      {
        "kernel": "onpair_shmem_s4l1_32tpt",
        "decode_ms": 0.0,
        "decode_gib_s": 0.0,
        "applicable": false,
        "reason": "dictionary entry longer than 4 bytes"
      },
      {
        "kernel": "onpair_shmem_const1",
        "decode_ms": 0.0,
        "decode_gib_s": 0.0,
        "applicable": false,
        "reason": "not every dictionary entry is exactly 1 byte"
      },
      {
        "kernel": "onpair_shmem_const2",
        "decode_ms": 0.0,
        "decode_gib_s": 0.0,
        "applicable": false,
        "reason": "not every dictionary entry is exactly 2 bytes"
      }
    ]
  }
}
==PROF== Disconnected from process 29928
==PROF== Report: /home/ubuntu/work/ncu_costsurface_wikipedia_text_b12.ncu-rep
