==PROF== Connected to process 27252 (/home/ubuntu/work/target/release/onpair-chunk-bench)
2026-07-06T03:31:41.439262Z  INFO vortex_cuda: vortex-cuda/src/lib.rs:111: Registering CUDA kernels
==PROF== Profiling "onpair_shmem_4tpt_split8read": 0%....50%....100% - 43 passes
==PROF== Profiling "onpair_shmem_4tpt_split8read": 0%....50%....100% - 43 passes
==PROF== Profiling "onpair_shmem_4tpt_split8read": 0%....50%....100% - 43 passes
==PROF== Profiling "onpair_shmem_4tpt_split8read": 0%....50%....100% - 43 passes
==PROF== Profiling "onpair_shmem_4tpt_split8read": 0%....50%....100% - 43 passes
==PROF== Profiling "onpair_shmem_4tpt_split8read": 0%....50%....100% - 43 passes
==PROF== Profiling "onpair_shmem_4tpt_split8read": 0%....50%....100% - 43 passes
==PROF== Profiling "onpair_shmem_4tpt_split8read": 0%....50%....100% - 43 passes
==PROF== Profiling "onpair_shmem_4tpt_split8read": 0%....50%....100% - 43 passes
==PROF== Profiling "onpair_shmem_4tpt_split8read": 0%....50%....100% - 43 passes
==PROF== Profiling "onpair_shmem_4tpt_split8read": 0%....50%....100% - 43 passes
==PROF== Profiling "onpair_shmem_4tpt_split8read": 0%....50%....100% - 43 passes
==PROF== Profiling "onpair_shmem_4tpt_split8read": 0%....50%....100% - 43 passes
==PROF== Profiling "onpair_shmem_4tpt_split8read": 0%....50%....100% - 43 passes
==PROF== Profiling "onpair_shmem_4tpt_split8read": 0%....50%....100% - 43 passes
==PROF== Profiling "onpair_shmem_4tpt_split8read": 0%....50%....100% - 43 passes
{
  "files": [
    "/home/ubuntu/work/vortex-bench/data/onpair-bench/fineweb/text/bits12_chunk1000mb_thr0.20/part_0000.vortex"
  ],
  "column": "text",
  "rows": 324253,
  "in_memory_bytes": 446146835,
  "dict_bytes": 17402,
  "gpu": {
    "iterations": 30,
    "decoded_bytes": 999998604,
    "chunks": 1,
    "auto_kernel": "onpair_shmem_4tpt_split8read",
    "frac_le8": 0.9871094,
    "dict_mean_len": 3.3712935,
    "dict_max_len": 14,
    "dict_entries_max": 4096,
    "small_dict": true,
    "distinct_codes": 4042,
    "access_top4096_frac": 1.0,
    "compressed_bytes": 593264762,
    "h2d_gib_s": 19.938550185869158,
    "whole_decompress_gib_s": 28.643022381132297,
    "best_kernel": "onpair_shmem_2tpt",
    "auto_decode_ms": 4.803584,
    "best_decode_ms": 2.56,
    "validated": false,
    "auto_decode_gib_s": 193.88050141085583,
    "best_decode_gib_s": 363.79737284732977,
    "kernels": [
      {
        "kernel": "onpair_shmem",
        "decode_ms": 3.108864,
        "decode_gib_s": 299.5696416727024,
        "decode_ns_iters": [
          3108864,
          3109888,
          3110912,
          3111936,
          3110976,
          3111872,
          3110720,
          3112032,
          3112960,
          3112960,
          3119168,
          3181568,
          3183712,
          3181408,
          3183616,
          3183712,
          3186656,
          3216384,
          3216384,
          3213312,
          3220544,
          3214144,
          3229696,
          3212288,
          3217408,
          3216384,
          3216384,
          3214336,
          3214336,
          3216384
        ],
        "applicable": true
      },
      {
        "kernel": "onpair_shmem_2tpt",
        "decode_ms": 2.56,
        "decode_gib_s": 363.79737284732977,
        "decode_ns_iters": [
          2561024,
          2563904,
          2562048,
          2560000,
          2564288,
          2581504,
          2572480,
          2571264,
          2577408,
          2572448,
          2577408,
          2578432,
          2581440,
          2580480,
          2599936,
          2583552,
          2582528,
          2580384,
          2600928,
          2606080,
          2607104,
          2615296,
          2605056,
          2617344,
          2611200,
          2615296,
          2611200,
          2609152,
          2616320,
          2611296
        ],
        "applicable": true
      },
      {
        "kernel": "onpair_shmem_4tpt",
        "decode_ms": 5.732352,
        "decode_gib_s": 162.46756558026522,
        "decode_ns_iters": [
          6417408,
          6427520,
          6418432,
          6420352,
          6423552,
          6285312,
          5870592,
          5869568,
          5808128,
          5777408,
          5779456,
          5777408,
          5773312,
          5776384,
          5775296,
          5733376,
          5749760,
          5734400,
          5732352,
          5733376,
          5732352,
          5735424,
          5733376,
          5733376,
          5736448,
          5733376,
          5741568,
          5735424,
          5733376,
          5752832
        ],
        "applicable": true
      },
      {
        "kernel": "onpair_shmem_4tpt_wpb8",
        "decode_ms": 6.071168,
        "decode_gib_s": 153.4006758648689,
        "decode_ns_iters": [
          6085632,
          6072320,
          6074368,
          6072320,
          6072384,
          6073344,
          6074368,
          6074368,
          6074368,
          6074368,
          6076416,
          6071296,
          6083584,
          6073376,
          6071296,
          6090752,
          6071296,
          6073344,
          6071296,
          6072320,
          6072320,
          6073344,
          6072320,
          6077440,
          6075424,
          6072320,
          6072352,
          6074272,
          6071168,
          6072320
        ],
        "applicable": true
      },
      {
        "kernel": "onpair_shmem_4tpt_wpb8_occ",
        "decode_ms": 6.525952,
        "decode_gib_s": 142.71040830351868,
        "decode_ns_iters": [
          6531072,
          6530880,
          6533056,
          6532096,
          6529024,
          6532096,
          6529024,
          6553600,
          6534144,
          6530048,
          6530048,
          6532192,
          6529024,
          6533152,
          6535040,
          6531072,
          6530048,
          6531072,
          6531072,
          6531104,
          6528896,
          6546432,
          6529024,
          6528000,
          6526976,
          6528000,
          6532096,
          6543200,
          6525952,
          6526784
        ],
        "applicable": true
      },
      {
        "kernel": "onpair_shmem_4tpt_b128",
        "decode_ms": 6.775808,
        "decode_gib_s": 137.44800243589611,
        "decode_ns_iters": [
          6778880,
          6776832,
          6779904,
          6779904,
          6776832,
          6777856,
          6786112,
          6778880,
          6778880,
          6777856,
          6775808,
          6778880,
          6779904,
          6778880,
          6778880,
          6775808,
          6783968,
          6778848,
          6779904,
          6779904,
          6776832,
          6777856,
          6812672,
          6778944,
          6779904,
          6798336,
          6797280,
          6790144,
          6794240,
          6790016
        ],
        "applicable": true
      },
      {
        "kernel": "onpair_shmem_4tpt_o6",
        "decode_ms": 6.689792,
        "decode_gib_s": 139.21528120592754,
        "decode_ns_iters": [
          6704128,
          6692864,
          6711296,
          6689792,
          6704032,
          6696960,
          6699008,
          6702080,
          6695968,
          6706304,
          6700032,
          6702080,
          6717440,
          6696960,
          6702080,
          6702048,
          6699008,
          6696960,
          6700032,
          6697856,
          6701056,
          6694912,
          6717440,
          6696032,
          6704128,
          6697984,
          6697984,
          6696960,
          6700032,
          6701056
        ],
        "applicable": true
      },
      {
        "kernel": "onpair_shmem_4tpt_b512o3",
        "decode_ms": 5.87792,
        "decode_gib_s": 158.44402007668774,
        "decode_ns_iters": [
          5881856,
          5879808,
          5880832,
          5881824,
          5881696,
          5889024,
          5880736,
          5880832,
          5880832,
          5882816,
          5880832,
          5880640,
          5889024,
          5879808,
          5881664,
          5899264,
          5880832,
          5881856,
          5880000,
          5881856,
          5879808,
          5880736,
          5880832,
          5879808,
          5883904,
          5881728,
          5880832,
          5880832,
          5896192,
          5877920
        ],
        "applicable": true
      },
      {
        "kernel": "onpair_shmem_4tpt_b128o12",
        "decode_ms": 6.912,
        "decode_gib_s": 134.73976772123328,
        "decode_ns_iters": [
          6916096,
          6933504,
          6917120,
          6923232,
          6915072,
          6917120,
          6912000,
          6915072,
          6918144,
          6916096,
          6923264,
          6916096,
          6918144,
          6918144,
          6916960,
          6914048,
          6919072,
          6916160,
          6917120,
          6915072,
          6915072,
          6916992,
          6918144,
          6918144,
          6917120,
          6914048,
          6919168,
          6937600,
          6918240,
          6918144
        ],
        "applicable": true
      },
      {
        "kernel": "onpair_shmem_4tpt_b64",
        "decode_ms": 6.798528,
        "decode_gib_s": 136.98866497117675,
        "decode_ns_iters": [
          6803456,
          6804448,
          6802496,
          6801408,
          6805408,
          6800192,
          6803456,
          6802432,
          6801408,
          6800384,
          6803456,
          6801408,
          6802432,
          6804480,
          6800384,
          6800384,
          6806528,
          6801408,
          6803456,
          6801408,
          6798528,
          6800384,
          6802432,
          6799360,
          6802272,
          6803456,
          6802432,
          6803296,
          6803456,
          6803456
        ],
        "applicable": true
      },
      {
        "kernel": "onpair_shmem_4tpt_b64o24",
        "decode_ms": 6.988704,
        "decode_gib_s": 133.26094144052522,
        "decode_ns_iters": [
          6991712,
          6992896,
          6995968,
          6993920,
          6991776,
          6993920,
          6995968,
          6992896,
          6994848,
          6991872,
          6994912,
          7017472,
          7009280,
          6990848,
          6988800,
          6990848,
          6988704,
          7001088,
          6992896,
          7003136,
          6992896,
          6994944,
          6994880,
          6991872,
          6994048,
          6993920,
          6989824,
          6992896,
          6991872,
          6992896
        ],
        "applicable": true
      },
      {
        "kernel": "onpair_shmem_4tpt_split8read_b128o12",
        "decode_ms": 5.52448,
        "decode_gib_s": 168.58080298764125,
        "decode_ns_iters": [
          5526528,
          5530624,
          5527552,
          5529600,
          5528576,
          5530624,
          5527552,
          5529600,
          5543936,
          5528576,
          5529600,
          5529600,
          5527552,
          5529600,
          5530624,
          5530624,
          5529600,
          5528576,
          5528544,
          5548032,
          5527552,
          5528576,
          5524480,
          5528576,
          5526368,
          5528576,
          5526528,
          5526528,
          5527552,
          5529600
        ],
        "applicable": true
      },
      {
        "kernel": "onpair_shmem_4tpt_split8read_occ",
        "decode_ms": 5.188608,
        "decode_gib_s": 179.49347387375659,
        "decode_ns_iters": [
          5192704,
          5190656,
          5196928,
          5190624,
          5192704,
          5188608,
          5190656,
          5188608,
          5190656,
          5191680,
          5188608,
          5190656,
          5191808,
          5198784,
          5191680,
          5207040,
          5192704,
          5191680,
          5192704,
          5188608,
          5189632,
          5190496,
          5191616,
          5192704,
          5189632,
          5191680,
          5191520,
          5197824,
          5208896,
          5190656
        ],
        "applicable": true
      },
      {
        "kernel": "onpair_shmem_4tpt_split8",
        "decode_ms": 5.892064,
        "decode_gib_s": 158.06367250748875,
        "decode_ns_iters": [
          5900192,
          5924864,
          5911552,
          5894144,
          5899168,
          5898240,
          5913408,
          5899264,
          5899264,
          5899264,
          5899264,
          5899264,
          5899264,
          5899264,
          5896192,
          5899072,
          5896192,
          5895168,
          5921696,
          5892064,
          5896192,
          5894144,
          5894336,
          5897152,
          5894080,
          5900288,
          5907456,
          5899264,
          5900288,
          5900288
        ],
        "applicable": true
      },
      {
        "kernel": "onpair_shmem_4tpt_split8_wpb8",
        "decode_ms": 6.12864,
        "decode_gib_s": 151.9621440465037,
        "decode_ns_iters": [
          6129824,
          6128640,
          6130688,
          6129664,
          6144000,
          6131680,
          6134784,
          6130688,
          6130688,
          6149120,
          6132736,
          6130688,
          6148096,
          6131712,
          6129664,
          6131712,
          6130688,
          6131680,
          6130688,
          6138880,
          6132736,
          6132736,
          6133760,
          6130688,
          6129664,
          6130688,
          6128640,
          6130688,
          6131712,
          6131712
        ],
        "applicable": true
      },
      {
        "kernel": "onpair_shmem_4tpt_split8_wpb8_occ",
        "decode_ms": 6.587392,
        "decode_gib_s": 141.3793614360834,
        "decode_ns_iters": [
          6589440,
          6590464,
          6590464,
          6589440,
          6590464,
          6591488,
          6590464,
          6588448,
          6587392,
          6591488,
          6589280,
          6588416,
          6590464,
          6604800,
          6590464,
          6592512,
          6591488,
          6587392,
          6590592,
          6589440,
          6588416,
          6589440,
          6608992,
          6587392,
          6591328,
          6587392,
          6590400,
          6593536,
          6588512,
          6588416
        ],
        "applicable": true
      },
      {
        "kernel": "onpair_shmem_4tpt_pdict",
        "decode_ms": 3.612672,
        "decode_gib_s": 257.79292293603305,
        "decode_ns_iters": [
          3632128,
          3622880,
          3617792,
          3641344,
          3627008,
          3623936,
          3634176,
          3635200,
          3632992,
          3647488,
          3631104,
          3651584,
          3641344,
          3625984,
          3628032,
          3652608,
          3628032,
          3627008,
          3629056,
          3623776,
          3634176,
          3641344,
          3628032,
          3612672,
          3636224,
          3632128,
          3623904,
          3641344,
          3633152,
          3616928
        ],
        "applicable": true
      },
      {
        "kernel": "onpair_shmem_4tpt_vdict",
        "decode_ms": 3.613696,
        "decode_gib_s": 257.71987308538525,
        "decode_ns_iters": [
          3614720,
          3616768,
          3618816,
          3613696,
          3614560,
          3616672,
          3623936,
          3628032,
          3627008,
          3636224,
          3633152,
          3636224,
          3642368,
          3647488,
          3651584,
          3662848,
          3649536,
          3657728,
          3678048,
          3652608,
          3646464,
          3655680,
          3653632,
          3663872,
          3691520,
          3667968,
          3666944,
          3679232,
          3674112,
          3671040
        ],
        "applicable": true
      },
      {
        "kernel": "onpair_shmem_4tpt_split8read",
        "decode_ms": 4.803584,
        "decode_gib_s": 193.88050141085583,
        "decode_ns_iters": [
          2689566374,
          2682717323,
          2683054209,
          2688704491,
          2684665680,
          2688944101,
          2684435606,
          2690450430,
          2692894697,
          2695898294,
          2690664291,
          2672660351,
          2675625086,
          2695252895,
          4834304,
          4803584,
          4845504,
          4807744,
          4805632,
          4805632,
          4807680,
          4806656,
          4806656,
          4808544,
          4806496,
          4806656,
          4805632,
          4804608,
          4806656,
          4806528
        ],
        "applicable": true
      },
      {
        "kernel": "onpair_shmem_4tpt_ldcs",
        "decode_ms": 5.764096,
        "decode_gib_s": 161.57282503434436,
        "decode_ns_iters": [
          5766144,
          5767168,
          5767168,
          5772096,
          5768192,
          5769216,
          5770240,
          5769216,
          5769216,
          5769216,
          5768192,
          5769216,
          5767168,
          5770240,
          5769216,
          5768192,
          5770240,
          5765024,
          5767168,
          5765120,
          5768192,
          5766144,
          5766144,
          5769216,
          5767168,
          5768192,
          5767168,
          5766144,
          5769216,
          5764096
        ],
        "applicable": true
      },
      {
        "kernel": "onpair_shmem_4tpt_lenbucket",
        "decode_ms": 0.0,
        "decode_gib_s": 0.0,
        "applicable": false,
        "reason": "length-bucket dict not built (set ONPAIR_DICT_REORDER=lenbucket)"
      },
      {
        "kernel": "onpair_shmem_4tpt_lenbucket_b128",
        "decode_ms": 0.0,
        "decode_gib_s": 0.0,
        "applicable": false,
        "reason": "length-bucket dict not built (set ONPAIR_DICT_REORDER=lenbucket)"
      },
      {
        "kernel": "onpair_shmem_4tpt_regcache",
        "decode_ms": 6.670528,
        "decode_gib_s": 139.61732481883956,
        "decode_ns_iters": [
          6670528,
          6695936,
          6672352,
          6673408,
          6673408,
          6672384,
          6673408,
          6695840,
          6672384,
          6672480,
          6671360,
          6685696,
          6676480,
          6678528,
          6710240,
          6680576,
          6676480,
          6677536,
          6676480,
          6681440,
          6679424,
          6677504,
          6709248,
          6679584,
          6677504,
          6676480,
          6678528,
          6678528,
          6675456,
          6677504
        ],
        "applicable": true
      },
      {
        "kernel": "onpair_shmem_4tpt_split4read",
        "decode_ms": 3.61984,
        "decode_gib_s": 257.2824419005161,
        "decode_ns_iters": [
          3622912,
          3624960,
          3628032,
          3628032,
          3619840,
          3620864,
          3624960,
          3628992,
          3628032,
          3669952,
          3667968,
          3681280,
          3676128,
          3668800,
          3673088,
          3676160,
          3706880,
          3674112,
          3668992,
          3673088,
          3668960,
          3673088,
          3675008,
          3676160,
          3671040,
          3673088,
          3674112,
          3673088,
          3678208,
          3683456
        ],
        "applicable": true
      },
      {
        "kernel": "onpair_shmem_4tpt_split4read_b128o12",
        "decode_ms": 5.941184,
        "decode_gib_s": 156.75684753900308,
        "decode_ns_iters": [
          6074368,
          6026240,
          6028256,
          6028160,
          6023168,
          5984256,
          5985280,
          5955584,
          5942240,
          5944320,
          5973120,
          5942272,
          5943296,
          5942272,
          5941248,
          5941248,
          5941184,
          5971968,
          5941376,
          5942272,
          5943296,
          5941248,
          5949248,
          5942272,
          5969920,
          5941248,
          5942272,
          5944320,
          5943296,
          5941248
        ],
        "applicable": true
      },
      {
        "kernel": "onpair_shmem_4tpt_cluster_dsmem",
        "decode_ms": 0.0,
        "decode_gib_s": 0.0,
        "applicable": false,
        "reason": "thread-block clusters require sm_90+ (device cc 8.x)"
      },
      {
        "kernel": "onpair_shmem_8tpt",
        "decode_ms": 6.06192,
        "decode_gib_s": 153.63470228725623,
        "decode_ns_iters": [
          6109184,
          6074368,
          6071296,
          6071392,
          6082560,
          6074272,
          6075392,
          6071296,
          6078464,
          6076416,
          6076544,
          6122496,
          6074368,
          6074368,
          6082560,
          6079488,
          6082560,
          6080512,
          6069248,
          6074464,
          6070272,
          6073344,
          6105984,
          6071296,
          6075328,
          6073344,
          6071296,
          6061920,
          6069248,
          6069248
        ],
        "applicable": true
      },
      {
        "kernel": "onpair_shmem_8tpt_b128",
        "decode_ms": 6.642688,
        "decode_gib_s": 140.20247142258742,
        "decode_ns_iters": [
          6643712,
          6646784,
          6648832,
          6646784,
          6643712,
          6646784,
          6643712,
          6643712,
          6645760,
          6669312,
          6643712,
          6647712,
          6643712,
          6647808,
          6645760,
          6654976,
          6646784,
          6645728,
          6645760,
          6645760,
          6652928,
          6647808,
          6660096,
          6646720,
          6642688,
          6646784,
          6646784,
          6644736,
          6671296,
          6646784
        ],
        "applicable": true
      },
      {
        "kernel": "onpair_shmem_4tpt_vwidth",
        "decode_ms": 13.225984,
        "decode_gib_s": 70.41602912034102,
        "decode_ns_iters": [
          13261824,
          13233024,
          13233152,
          13227008,
          13231104,
          13226880,
          13229952,
          13232128,
          13231104,
          13262847,
          13229056,
          13227008,
          13230912,
          13232128,
          13240321,
          13235200,
          13231104,
          13229216,
          13265761,
          13227872,
          13230080,
          13230944,
          13225984,
          13227008,
          13228032,
          13229952,
          13231104,
          13264896,
          13232128,
          13234176
        ],
        "applicable": true
      },
      {
        "kernel": "onpair_shmem_4tpt_vwidth_b128",
        "decode_ms": 23.254048,
        "decode_gib_s": 40.04985602890148,
        "decode_ns_iters": [
          23259008,
          23260161,
          23259137,
          23254048,
          23258047,
          23265280,
          23256192,
          23255039,
          23261184,
          23258112,
          23261184,
          23261281,
          23259137,
          23259103,
          23257088,
          23258112,
          23260161,
          23261121,
          23256993,
          23259137,
          23260161,
          23260161,
          23259137,
          23259137,
          23257984,
          23264255,
          23261184,
          23266304,
          23258112,
          23266304
        ],
        "applicable": true
      },
      {
        "kernel": "onpair_shmem_4tpt_vwidth4",
        "decode_ms": 6.055904,
        "decode_gib_s": 153.78732464866755,
        "decode_ns_iters": [
          6056960,
          6056960,
          6055936,
          6057984,
          6055936,
          6059008,
          6058944,
          6055936,
          6059008,
          6056960,
          6059008,
          6057984,
          6055904,
          6057984,
          6058912,
          6057888,
          6057984,
          6056960,
          6060000,
          6057984,
          6056960,
          6057984,
          6055936,
          6056960,
          6055936,
          6055936,
          6056960,
          6059008,
          6056960,
          6055936
        ],
        "applicable": true
      },
      {
        "kernel": "onpair_shmem_4tpt_vwidth4_b128",
        "decode_ms": 6.510592,
        "decode_gib_s": 143.04709533160184,
        "decode_ns_iters": [
          6515680,
          6512640,
          6515712,
          6510592,
          6534144,
          6514688,
          6512512,
          6512768,
          6514688,
          6512640,
          6512640,
          6513696,
          6513696,
          6514688,
          6513696,
          6513632,
          6513664,
          6520832,
          6511456,
          6512800,
          6514496,
          6518816,
          6515712,
          6514688,
          6512544,
          6513664,
          6513664,
          6512640,
          6549344,
          6514688
        ],
        "applicable": true
      },
      {
        "kernel": "onpair_shmem_4tpt_shdict8",
        "decode_ms": 5.044224,
        "decode_gib_s": 184.63122860704925,
        "decode_ns_iters": [
          5048160,
          5057536,
          5049344,
          5062656,
          5055488,
          5095424,
          5044224,
          5060672,
          5053440,
          5059584,
          5050368,
          5048320,
          5068672,
          5056512,
          5046176,
          5054464,
          5049344,
          5052416,
          5046272,
          5056512,
          5074752,
          5049344,
          5057536,
          5059584,
          5045248,
          5052256,
          5061632,
          5060608,
          5070848,
          5051392
        ],
        "applicable": true
      },
      {
        "kernel": "onpair_shmem_4tpt_ablate",
        "decode_ms": 6.917056,
        "decode_gib_s": 134.64128011818386,
        "decode_ns_iters": [
          6919168,
          6922240,
          6940672,
          6923264,
          6926336,
          6920192,
          6920288,
          6918144,
          6918208,
          6918144,
          6919104,
          6923264,
          6919168,
          6919328,
          6923264,
          6918144,
          6921216,
          6917120,
          6919136,
          6947840,
          6917056,
          6920192,
          6918144,
          6921376,
          6926336,
          6919168,
          6920192,
          6921184,
          6923264,
          6919168
        ],
        "applicable": true
      },
      {
        "kernel": "onpair_shmem_4tpt_ablate_nogather",
        "decode_ms": 2.521088,
        "decode_gib_s": 369.41244196520086,
        "decode_ns_iters": [
          2538336,
          2534400,
          2535424,
          2532352,
          2565248,
          2542592,
          2527232,
          2524160,
          2528224,
          2527136,
          2532352,
          2531328,
          2521088,
          2526208,
          2528256,
          2536448,
          2536448,
          2556832,
          2529280,
          2533376,
          2536448,
          2541568,
          2525376,
          2538592,
          2534336,
          2528256,
          2529280,
          2565120,
          2523136,
          2538496
        ],
        "applicable": true
      },
      {
        "kernel": "onpair_shmem_4tpt_ablate_noemit",
        "decode_ms": 2.526208,
        "decode_gib_s": 368.6637341379508,
        "decode_ns_iters": [
          2528256,
          2534400,
          2536448,
          2535424,
          2538496,
          2537472,
          2535264,
          2528256,
          2539520,
          2559840,
          2533376,
          2538496,
          2537472,
          2539520,
          2534400,
          2547712,
          2544480,
          2534592,
          2526208,
          2566144,
          2542592,
          2546688,
          2529312,
          2534400,
          2541568,
          2537472,
          2543616,
          2528256,
          2537440,
          2574336
        ],
        "applicable": true
      },
      {
        "kernel": "onpair_shmem_4tpt_ablate_nodrain",
        "decode_ms": 6.880256,
        "decode_gib_s": 135.3614276110023,
        "decode_ns_iters": [
          6883328,
          6885376,
          6881280,
          6881280,
          6881280,
          6883328,
          6882304,
          6883328,
          6886400,
          6909952,
          6884352,
          6885376,
          6880256,
          6882304,
          6882240,
          6885376,
          6883328,
          6885376,
          6886240,
          6885376,
          6882304,
          6902784,
          6883200,
          6885376,
          6881408,
          6882304,
          6883328,
          6880256,
          6883296,
          6883328
        ],
        "applicable": true
      },
      {
        "kernel": "onpair_shmem_4tpt_ablate_noscan",
        "decode_ms": 6.883328,
        "decode_gib_s": 135.30101638177993,
        "decode_ns_iters": [
          6888352,
          6888256,
          6885376,
          6885376,
          6887424,
          6883328,
          6886400,
          6886400,
          6884352,
          6892544,
          6886304,
          6886400,
          6887424,
          6888448,
          6885440,
          6887424,
          6883328,
          6885376,
          6886400,
          6886336,
          6920032,
          6889472,
          6896576,
          6886400,
          6885376,
          6887424,
          6885376,
          6886400,
          6884352,
          6886400
        ],
        "applicable": true
      },
      {
        "kernel": "onpair_shmem_4tpt_ablate_cfree",
        "decode_ms": 7.06256,
        "decode_gib_s": 131.8673787534781,
        "decode_ns_iters": [
          7097344,
          7065600,
          7074816,
          7072768,
          7063552,
          7067648,
          7071744,
          7104512,
          7065600,
          7062560,
          7066624,
          7070752,
          7068672,
          7068736,
          7098368,
          7068672,
          7070720,
          7064576,
          7070560,
          7068672,
          7069696,
          7069696,
          7078912,
          7069696,
          7069696,
          7072768,
          7070720,
          7066624,
          7069696,
          7066624
        ],
        "applicable": true
      },
      {
        "kernel": "onpair_shmem_s8",
        "decode_ms": 0.0,
        "decode_gib_s": 0.0,
        "applicable": false,
        "reason": "dictionary entry longer than 8 bytes"
      },
      {
        "kernel": "onpair_shmem_s8_2tpt",
        "decode_ms": 0.0,
        "decode_gib_s": 0.0,
        "applicable": false,
        "reason": "dictionary entry longer than 8 bytes"
      },
      {
        "kernel": "onpair_shmem_s8_4tpt",
        "decode_ms": 0.0,
        "decode_gib_s": 0.0,
        "applicable": false,
        "reason": "dictionary entry longer than 8 bytes"
      },
      {
        "kernel": "onpair_shmem_s8_8tpt",
        "decode_ms": 0.0,
        "decode_gib_s": 0.0,
        "applicable": false,
        "reason": "dictionary entry longer than 8 bytes"
      },
      {
        "kernel": "onpair_shmem_s4l1",
        "decode_ms": 0.0,
        "decode_gib_s": 0.0,
        "applicable": false,
        "reason": "dictionary entry longer than 4 bytes"
      },
      {
        "kernel": "onpair_shmem_s4l1_2tpt",
        "decode_ms": 0.0,
        "decode_gib_s": 0.0,
        "applicable": false,
        "reason": "dictionary entry longer than 4 bytes"
      },
      {
        "kernel": "onpair_shmem_s4l1_4tpt",
        "decode_ms": 0.0,
        "decode_gib_s": 0.0,
        "applicable": false,
        "reason": "dictionary entry longer than 4 bytes"
      },
      {
        "kernel": "onpair_shmem_s4l1_8tpt",
        "decode_ms": 0.0,
        "decode_gib_s": 0.0,
        "applicable": false,
        "reason": "dictionary entry longer than 4 bytes"
      },
      {
        "kernel": "onpair_shmem_s4l1_16tpt",
        "decode_ms": 0.0,
        "decode_gib_s": 0.0,
        "applicable": false,
        "reason": "dictionary entry longer than 4 bytes"
      },
      {
        "kernel": "onpair_shmem_s4l1_32tpt",
        "decode_ms": 0.0,
        "decode_gib_s": 0.0,
        "applicable": false,
        "reason": "dictionary entry longer than 4 bytes"
      },
      {
        "kernel": "onpair_shmem_const1",
        "decode_ms": 0.0,
        "decode_gib_s": 0.0,
        "applicable": false,
        "reason": "not every dictionary entry is exactly 1 byte"
      },
      {
        "kernel": "onpair_shmem_const2",
        "decode_ms": 0.0,
        "decode_gib_s": 0.0,
        "applicable": false,
        "reason": "not every dictionary entry is exactly 2 bytes"
      }
    ]
  }
}
==PROF== Disconnected from process 27252
==PROF== Report: /home/ubuntu/work/ncu_costsurface_fineweb_text_b12.ncu-rep
