==PROF== Connected to process 23051 (/home/ubuntu/work/target/release/onpair-chunk-bench)
2026-07-06T03:25:32.669329Z  INFO vortex_cuda: vortex-cuda/src/lib.rs:111: Registering CUDA kernels
==PROF== Profiling "onpair_shmem_4tpt": 0%....50%....100% - 43 passes
==PROF== Profiling "onpair_shmem_4tpt": 0%....50%....100% - 43 passes
==PROF== Profiling "onpair_shmem_4tpt": 0%....50%....100% - 43 passes
==PROF== Profiling "onpair_shmem_4tpt": 0%....50%....100% - 43 passes
==PROF== Profiling "onpair_shmem_4tpt": 0%....50%....100% - 43 passes
==PROF== Profiling "onpair_shmem_4tpt": 0%....50%....100% - 43 passes
==PROF== Profiling "onpair_shmem_4tpt": 0%....50%....100% - 43 passes
==PROF== Profiling "onpair_shmem_4tpt": 0%....50%....100% - 43 passes
==PROF== Profiling "onpair_shmem_4tpt": 0%....50%....100% - 43 passes
==PROF== Profiling "onpair_shmem_4tpt": 0%....50%....100% - 43 passes
==PROF== Profiling "onpair_shmem_4tpt": 0%....50%....100% - 43 passes
==PROF== Profiling "onpair_shmem_4tpt": 0%....50%....100% - 43 passes
==PROF== Profiling "onpair_shmem_4tpt": 0%....50%....100% - 43 passes
==PROF== Profiling "onpair_shmem_4tpt": 0%....50%....100% - 43 passes
==PROF== Profiling "onpair_shmem_4tpt": 0%....50%....100% - 43 passes
==PROF== Profiling "onpair_shmem_4tpt": 0%....50%....100% - 43 passes
{
  "files": [
    "/home/ubuntu/work/vortex-bench/data/onpair-bench/synthetic/url/bits16_chunk1000mb_thr0.20/part_0000.vortex"
  ],
  "column": "url",
  "rows": 10000000,
  "in_memory_bytes": 95917093,
  "dict_bytes": 4857,
  "gpu": {
    "iterations": 30,
    "decoded_bytes": 923569389,
    "chunks": 1,
    "auto_kernel": "onpair_shmem_4tpt",
    "frac_le8": 0.16467609,
    "dict_mean_len": 11.621887,
    "dict_max_len": 16,
    "dict_entries_max": 941,
    "small_dict": true,
    "distinct_codes": 218,
    "access_top4096_frac": 1.0,
    "compressed_bytes": 158942044,
    "h2d_gib_s": 20.249644092255433,
    "whole_decompress_gib_s": 93.75065055386747,
    "best_kernel": "onpair_shmem_8tpt_b128",
    "auto_decode_ms": 1.864704,
    "best_decode_ms": 1.778624,
    "validated": false,
    "auto_decode_gib_s": 461.27483032134023,
    "best_decode_gib_s": 483.5991312382631,
    "kernels": [
      {
        "kernel": "onpair_shmem",
        "decode_ms": 2.432064,
        "decode_gib_s": 353.66709971428565,
        "decode_ns_iters": [
          2471936,
          2480224,
          2487264,
          2440192,
          2448224,
          2479104,
          2461696,
          2461696,
          2452480,
          2432064,
          2434048,
          2437120,
          2476032,
          2435072,
          2471936,
          2442240,
          2443264,
          2462720,
          2458624,
          2450528,
          2436096,
          2444288,
          2452480,
          2507776,
          2480128,
          2440192,
          2439168,
          2437120,
          2472128,
          2466816
        ],
        "applicable": true
      },
      {
        "kernel": "onpair_shmem_2tpt",
        "decode_ms": 2.14304,
        "decode_gib_s": 401.364893422206,
        "decode_ns_iters": [
          2158464,
          2157568,
          2158592,
          2147328,
          2150208,
          2164864,
          2145280,
          2185216,
          2151520,
          2149280,
          2143232,
          2182144,
          2163616,
          2150400,
          2167808,
          2149440,
          2147328,
          2160576,
          2150400,
          2151424,
          2153472,
          2143040,
          2153472,
          2159616,
          2156448,
          2158560,
          2156544,
          2157568,
          2159488,
          2165760
        ],
        "applicable": true
      },
      {
        "kernel": "onpair_shmem_4tpt",
        "decode_ms": 1.864704,
        "decode_gib_s": 461.27483032134023,
        "decode_ns_iters": [
          1825395703,
          1819571137,
          1821228981,
          1822199821,
          1820447803,
          1820637226,
          1818648577,
          1821090817,
          1821419597,
          1828922391,
          1825919986,
          1831587911,
          1818860650,
          1825893283,
          1892160,
          1887232,
          1884160,
          1886208,
          1891328,
          1883136,
          1891328,
          1893376,
          1898496,
          1886208,
          1876992,
          1868800,
          1881088,
          1864704,
          1883264,
          1873824
        ],
        "applicable": true
      },
      {
        "kernel": "onpair_shmem_4tpt_wpb8",
        "decode_ms": 1.819648,
        "decode_gib_s": 472.69637929947135,
        "decode_ns_iters": [
          1862496,
          1819648,
          1847296,
          1858560,
          1840064,
          1840256,
          1843200,
          1842240,
          1850368,
          1848320,
          1864704,
          1826816,
          1822720,
          1820672,
          1821696,
          1843200,
          1837056,
          1847296,
          1838080,
          1850304,
          1837056,
          1846272,
          1839104,
          1821696,
          1820544,
          1851296,
          1836032,
          1846272,
          1848320,
          1840128
        ],
        "applicable": true
      },
      {
        "kernel": "onpair_shmem_4tpt_wpb8_occ",
        "decode_ms": 1.86368,
        "decode_gib_s": 461.528278030308,
        "decode_ns_iters": [
          1868800,
          1872000,
          1880064,
          1890400,
          1874848,
          1876896,
          1883136,
          1881088,
          1885184,
          1875968,
          1869824,
          1883136,
          1863680,
          1879040,
          1876992,
          1891328,
          1874944,
          1884160,
          1876960,
          1871872,
          1879040,
          1887360,
          1893376,
          1873920,
          1887232,
          1895424,
          1868800,
          1875968,
          1878016,
          1875968
        ],
        "applicable": true
      },
      {
        "kernel": "onpair_shmem_4tpt_b128",
        "decode_ms": 1.854464,
        "decode_gib_s": 463.8219028244951,
        "decode_ns_iters": [
          1890304,
          1878016,
          1892352,
          1894400,
          1867776,
          1875968,
          1881088,
          1868800,
          1876992,
          1883136,
          1882112,
          1876992,
          1880896,
          1886208,
          1886208,
          1872896,
          1882976,
          1876992,
          1872896,
          1871872,
          1864704,
          1876992,
          1873920,
          1879040,
          1872896,
          1878016,
          1869824,
          1866752,
          1854464,
          1864704
        ],
        "applicable": true
      },
      {
        "kernel": "onpair_shmem_4tpt_o6",
        "decode_ms": 1.876992,
        "decode_gib_s": 458.2550278315115,
        "decode_ns_iters": [
          1883136,
          1876992,
          1899520,
          1912832,
          1905664,
          1899520,
          1882112,
          1884160,
          1884160,
          1908800,
          1911808,
          1894240,
          1893376,
          1905504,
          1889280,
          1889280,
          1904640,
          1898496,
          1891328,
          1914880,
          1898496,
          1897472,
          1902592,
          1880064,
          1889152,
          1911808,
          1901568,
          1906688,
          1901568,
          1901568
        ],
        "applicable": true
      },
      {
        "kernel": "onpair_shmem_4tpt_b512o3",
        "decode_ms": 1.85856,
        "decode_gib_s": 462.7997057934769,
        "decode_ns_iters": [
          1876992,
          1878016,
          1883136,
          1885024,
          1890496,
          1880064,
          1906656,
          1874944,
          1863680,
          1858560,
          1862656,
          1859520,
          1862656,
          1868800,
          1873856,
          1866752,
          1875968,
          1871808,
          1871872,
          1882112,
          1872896,
          1876960,
          1878016,
          1866720,
          1878208,
          1874944,
          1876992,
          1878016,
          1894400,
          1866752
        ],
        "applicable": true
      },
      {
        "kernel": "onpair_shmem_4tpt_b128o12",
        "decode_ms": 1.88224,
        "decode_gib_s": 456.9773361524165,
        "decode_ns_iters": [
          1902592,
          1902592,
          1894400,
          1898496,
          1902592,
          1894400,
          1893504,
          1900544,
          1895424,
          1903616,
          1894400,
          1893376,
          1890304,
          1890304,
          1882240,
          1894400,
          1908736,
          1885184,
          1897472,
          1897312,
          1912800,
          1896416,
          1883136,
          1888256,
          1888256,
          1896448,
          1905728,
          1901568,
          1911808,
          1893376
        ],
        "applicable": true
      },
      {
        "kernel": "onpair_shmem_4tpt_b64",
        "decode_ms": 1.871872,
        "decode_gib_s": 459.50846062098503,
        "decode_ns_iters": [
          1881088,
          1881088,
          1879040,
          1885184,
          1879040,
          1876992,
          1887232,
          1879040,
          1889280,
          1888256,
          1873920,
          1873920,
          1876992,
          1901536,
          1889280,
          1881088,
          1890304,
          1887232,
          1890400,
          1883136,
          1876992,
          1871872,
          1879040,
          1875968,
          1891328,
          1877920,
          1874048,
          1886208,
          1881088,
          1884160
        ],
        "applicable": true
      },
      {
        "kernel": "onpair_shmem_4tpt_b64o24",
        "decode_ms": 1.878016,
        "decode_gib_s": 458.0051614041225,
        "decode_ns_iters": [
          1896448,
          1897600,
          1902592,
          1896384,
          1890272,
          1913888,
          1892416,
          1878016,
          1892352,
          1910784,
          1896448,
          1898432,
          1898496,
          1903616,
          1895552,
          1884160,
          1891328,
          1902528,
          1900544,
          1909792,
          1907712,
          1908736,
          1904640,
          1906688,
          1898496,
          1898496,
          1899520,
          1899520,
          1908736,
          1878016
        ],
        "applicable": true
      },
      {
        "kernel": "onpair_shmem_4tpt_split8read_b128o12",
        "decode_ms": 1.823744,
        "decode_gib_s": 471.63473667330743,
        "decode_ns_iters": [
          1828864,
          1832960,
          1853440,
          1831808,
          1837056,
          1835008,
          1829888,
          1838976,
          1840128,
          1850368,
          1823744,
          1855488,
          1841280,
          1845248,
          1839040,
          1849344,
          1829888,
          1837056,
          1833984,
          1849344,
          1843360,
          1841152,
          1845248,
          1833984,
          1843200,
          1846272,
          1849344,
          1850368,
          1858560,
          1840128
        ],
        "applicable": true
      },
      {
        "kernel": "onpair_shmem_4tpt_split8read_occ",
        "decode_ms": 1.825792,
        "decode_gib_s": 471.10570163497505,
        "decode_ns_iters": [
          1839968,
          1835072,
          1833984,
          1831936,
          1831936,
          1836032,
          1828928,
          1840128,
          1829888,
          1845248,
          1828864,
          1825792,
          1833984,
          1836032,
          1830912,
          1836032,
          1838080,
          1837056,
          1839104,
          1830816,
          1837248,
          1840128,
          1830912,
          1837056,
          1841024,
          1825792,
          1838080,
          1831072,
          1833088,
          1835840
        ],
        "applicable": true
      },
      {
        "kernel": "onpair_shmem_4tpt_split8",
        "decode_ms": 1.860608,
        "decode_gib_s": 462.29029500008835,
        "decode_ns_iters": [
          1875808,
          1883136,
          1869696,
          1872704,
          1861632,
          1880064,
          1873920,
          1863680,
          1869760,
          1876896,
          1879040,
          1884160,
          1884160,
          1882112,
          1872704,
          1876992,
          1877888,
          1883136,
          1885184,
          1882112,
          1873952,
          1873792,
          1865728,
          1895424,
          1872896,
          1874944,
          1874944,
          1871808,
          1864544,
          1860608
        ],
        "applicable": true
      },
      {
        "kernel": "onpair_shmem_4tpt_split8_wpb8",
        "decode_ms": 1.79712,
        "decode_gib_s": 478.6219179573564,
        "decode_ns_iters": [
          1805312,
          1811456,
          1805248,
          1797120,
          1802240,
          1825632,
          1807488,
          1804288,
          1821536,
          1804128,
          1806336,
          1822720,
          1814400,
          1805312,
          1824672,
          1804288,
          1804096,
          1811456,
          1799296,
          1804288,
          1812480,
          1801216,
          1799168,
          1806336,
          1806336,
          1812416,
          1802240,
          1806400,
          1803264,
          1799168
        ],
        "applicable": true
      },
      {
        "kernel": "onpair_shmem_4tpt_split8_wpb8_occ",
        "decode_ms": 1.844192,
        "decode_gib_s": 466.4053532384504,
        "decode_ns_iters": [
          1858624,
          1868608,
          1871872,
          1849344,
          1859584,
          1857536,
          1858560,
          1844192,
          1859584,
          1868800,
          1872896,
          1864704,
          1852416,
          1851232,
          1845248,
          1862560,
          1862656,
          1854464,
          1871872,
          1875968,
          1867776,
          1874944,
          1885184,
          1880000,
          1884160,
          1873920,
          1858560,
          1871872,
          1865728,
          1874944
        ],
        "applicable": true
      },
      {
        "kernel": "onpair_shmem_4tpt_pdict",
        "decode_ms": 2.182144,
        "decode_gib_s": 394.17243829899604,
        "decode_ns_iters": [
          2192384,
          2209792,
          2197504,
          2206592,
          2182144,
          2211840,
          2185216,
          2213888,
          2207744,
          2229248,
          2230304,
          2205696,
          2182144,
          2202720,
          2185216,
          2213888,
          2204672,
          2201600,
          2192384,
          2200576,
          2191360,
          2207936,
          2205696,
          2205696,
          2198528,
          2201600,
          2206624,
          2203648,
          2215936,
          2205696
        ],
        "applicable": true
      },
      {
        "kernel": "onpair_shmem_4tpt_vdict",
        "decode_ms": 2.1504,
        "decode_gib_s": 399.99117429293364,
        "decode_ns_iters": [
          2161472,
          2175968,
          2171808,
          2157568,
          2187264,
          2170880,
          2150400,
          2172928,
          2174976,
          2168832,
          2170816,
          2182144,
          2169856,
          2162592,
          2168704,
          2160640,
          2177024,
          2164736,
          2166784,
          2177024,
          2166784,
          2165760,
          2169728,
          2169856,
          2173952,
          2187264,
          2179104,
          2196480,
          2185216,
          2167968
        ],
        "applicable": true
      },
      {
        "kernel": "onpair_shmem_4tpt_split8read",
        "decode_ms": 1.790976,
        "decode_gib_s": 480.2638456347402,
        "decode_ns_iters": [
          1800192,
          1797120,
          1803264,
          1799360,
          1801056,
          1809408,
          1790976,
          1798144,
          1805312,
          1801216,
          1819648,
          1800192,
          1827840,
          1810432,
          1813504,
          1806336,
          1821632,
          1836032,
          1817600,
          1816576,
          1818624,
          1795968,
          1840128,
          1841248,
          1838080,
          1842144,
          1814528,
          1812480,
          1825792,
          1824704
        ],
        "applicable": true
      },
      {
        "kernel": "onpair_shmem_4tpt_ldcs",
        "decode_ms": 2.250752,
        "decode_gib_s": 382.15717289133784,
        "decode_ns_iters": [
          2250752,
          2274304,
          2264032,
          2272128,
          2292736,
          2311168,
          2273280,
          2251776,
          2262016,
          2300928,
          2270208,
          2273280,
          2270176,
          2264096,
          2307072,
          2267136,
          2254848,
          2286592,
          2259968,
          2289664,
          2282496,
          2266112,
          2268160,
          2271232,
          2266112,
          2282496,
          2271232,
          2256896,
          2281472,
          2274304
        ],
        "applicable": true
      },
      {
        "kernel": "onpair_shmem_4tpt_lenbucket",
        "decode_ms": 0.0,
        "decode_gib_s": 0.0,
        "applicable": false,
        "reason": "length-bucket dict not built (set ONPAIR_DICT_REORDER=lenbucket)"
      },
      {
        "kernel": "onpair_shmem_4tpt_lenbucket_b128",
        "decode_ms": 0.0,
        "decode_gib_s": 0.0,
        "applicable": false,
        "reason": "length-bucket dict not built (set ONPAIR_DICT_REORDER=lenbucket)"
      },
      {
        "kernel": "onpair_shmem_4tpt_regcache",
        "decode_ms": 1.815424,
        "decode_gib_s": 473.7962157598029,
        "decode_ns_iters": [
          1842176,
          1828864,
          1829888,
          1851392,
          1840128,
          1847424,
          1837056,
          1842176,
          1825792,
          1836032,
          1840032,
          1833984,
          1827840,
          1836032,
          1832960,
          1844224,
          1843200,
          1840128,
          1828864,
          1825792,
          1825856,
          1848320,
          1843200,
          1852416,
          1844224,
          1830912,
          1815424,
          1845248,
          1839104,
          1835872
        ],
        "applicable": true
      },
      {
        "kernel": "onpair_shmem_4tpt_split4read",
        "decode_ms": 1.795072,
        "decode_gib_s": 479.16797833152344,
        "decode_ns_iters": [
          1828864,
          1795072,
          1803264,
          1819584,
          1815552,
          1826816,
          1820672,
          1827840,
          1827840,
          1830912,
          1816576,
          1812352,
          1810464,
          1824768,
          1829888,
          1795072,
          1831936,
          1826848,
          1836032,
          1823744,
          1840128,
          1815552,
          1821696,
          1821696,
          1814528,
          1799168,
          1816576,
          1833984,
          1827840,
          1822688
        ],
        "applicable": true
      },
      {
        "kernel": "onpair_shmem_4tpt_split4read_b128o12",
        "decode_ms": 1.830976,
        "decode_gib_s": 469.7718709581799,
        "decode_ns_iters": [
          1836864,
          1841152,
          1844256,
          1839104,
          1856512,
          1846208,
          1850304,
          1849344,
          1844224,
          1830976,
          1845408,
          1860608,
          1853376,
          1853440,
          1861632,
          1845248,
          1866656,
          1853440,
          1850368,
          1849344,
          1864544,
          1858560,
          1854464,
          1857536,
          1873920,
          1854464,
          1842176,
          1854464,
          1868768,
          1859584
        ],
        "applicable": true
      },
      {
        "kernel": "onpair_shmem_4tpt_cluster_dsmem",
        "decode_ms": 0.0,
        "decode_gib_s": 0.0,
        "applicable": false,
        "reason": "thread-block clusters require sm_90+ (device cc 8.x)"
      },
      {
        "kernel": "onpair_shmem_8tpt",
        "decode_ms": 1.794048,
        "decode_gib_s": 479.4414760360505,
        "decode_ns_iters": [
          1805216,
          1797120,
          1809280,
          1796096,
          1825792,
          1806336,
          1808352,
          1803264,
          1802240,
          1800192,
          1817600,
          1809408,
          1823744,
          1795072,
          1806336,
          1809408,
          1807264,
          1807360,
          1804288,
          1803392,
          1802240,
          1805312,
          1795072,
          1802240,
          1812480,
          1811552,
          1804288,
          1794048,
          1797120,
          1810432
        ],
        "applicable": true
      },
      {
        "kernel": "onpair_shmem_8tpt_b128",
        "decode_ms": 1.778624,
        "decode_gib_s": 483.5991312382631,
        "decode_ns_iters": [
          1797120,
          1789952,
          1792000,
          1789856,
          1780576,
          1794976,
          1789952,
          1789952,
          1788928,
          1804224,
          1796096,
          1780736,
          1787904,
          1783808,
          1792000,
          1790944,
          1784832,
          1784832,
          1785856,
          1790976,
          1812448,
          1789984,
          1785856,
          1806336,
          1809408,
          1786880,
          1782912,
          1778624,
          1793024,
          1780736
        ],
        "applicable": true
      },
      {
        "kernel": "onpair_shmem_4tpt_vwidth",
        "decode_ms": 2.136064,
        "decode_gib_s": 402.67567881838954,
        "decode_ns_iters": [
          2136064,
          2148352,
          2145280,
          2147328,
          2148352,
          2145280,
          2142208,
          2146304,
          2148352,
          2148352,
          2143104,
          2150400,
          2150400,
          2149376,
          2149376,
          2149376,
          2164736,
          2146304,
          2147328,
          2145280,
          2146304,
          2146304,
          2164736,
          2142176,
          2150400,
          2165760,
          2147328,
          2147328,
          2169856,
          2152448
        ],
        "applicable": true
      },
      {
        "kernel": "onpair_shmem_4tpt_vwidth_b128",
        "decode_ms": 3.712128,
        "decode_gib_s": 231.71103507193837,
        "decode_ns_iters": [
          3742720,
          3735552,
          3757056,
          3744736,
          3743744,
          3742720,
          3742848,
          3742720,
          3741856,
          3741696,
          3741696,
          3737600,
          3712128,
          3715200,
          3731456,
          3716096,
          3715072,
          3717120,
          3716224,
          3716928,
          3716032,
          3715072,
          3716096,
          3715072,
          3713024,
          3732480,
          3716096,
          3716096,
          3713024,
          3712864
        ],
        "applicable": true
      },
      {
        "kernel": "onpair_shmem_4tpt_vwidth4",
        "decode_ms": 1.866752,
        "decode_gib_s": 460.768769070302,
        "decode_ns_iters": [
          1930144,
          1918976,
          1918976,
          1926144,
          1866752,
          1930336,
          1921024,
          1927168,
          1924096,
          1926144,
          1928192,
          1924096,
          1913664,
          1940448,
          1918016,
          1939456,
          1930240,
          1926144,
          1936352,
          1920960,
          1927168,
          1917952,
          1933312,
          1929216,
          1932288,
          1924096,
          1930368,
          1930240,
          1933312,
          1928192
        ],
        "applicable": true
      },
      {
        "kernel": "onpair_shmem_4tpt_vwidth4_b128",
        "decode_ms": 1.923104,
        "decode_gib_s": 447.26703350392097,
        "decode_ns_iters": [
          1936384,
          1933312,
          1968128,
          1945600,
          1961984,
          1970176,
          1926144,
          1954720,
          1941504,
          1944576,
          1959936,
          1923104,
          1951744,
          1956864,
          1941504,
          1939456,
          1931264,
          1975328,
          1975392,
          1928192,
          1953792,
          1961984,
          1951744,
          1928192,
          1935360,
          1958912,
          1949696,
          1943456,
          1973376,
          1969152
        ],
        "applicable": true
      },
      {
        "kernel": "onpair_shmem_4tpt_shdict8",
        "decode_ms": 2.308064,
        "decode_gib_s": 372.6677515006189,
        "decode_ns_iters": [
          2341888,
          2325376,
          2369536,
          2333696,
          2382848,
          2352128,
          2373632,
          2308064,
          2341888,
          2358272,
          2318336,
          2328576,
          2340864,
          2331808,
          2356256,
          2333696,
          2313216,
          2342912,
          2346944,
          2340768,
          2360320,
          2376704,
          2363456,
          2383872,
          2352128,
          2336768,
          2329536,
          2337984,
          2331648,
          2342848
        ],
        "applicable": true
      },
      {
        "kernel": "onpair_shmem_4tpt_ablate",
        "decode_ms": 1.875936,
        "decode_gib_s": 458.5129882893256,
        "decode_ns_iters": [
          1892352,
          1899520,
          1896448,
          1908704,
          1915904,
          1902592,
          1899520,
          1891232,
          1892352,
          1918976,
          1897472,
          1886240,
          1890304,
          1884160,
          1875936,
          1888256,
          1894400,
          1895424,
          1904640,
          1895424,
          1905664,
          1895424,
          1904640,
          1887232,
          1888256,
          1893376,
          1900416,
          1889472,
          1890304,
          1903616
        ],
        "applicable": true
      },
      {
        "kernel": "onpair_shmem_4tpt_ablate_nogather",
        "decode_ms": 1.890304,
        "decode_gib_s": 455.02787974819097,
        "decode_ns_iters": [
          1908736,
          1904512,
          1912832,
          1918848,
          1912928,
          1909888,
          1903616,
          1907712,
          1909760,
          1905664,
          1914880,
          1926144,
          1910784,
          1908736,
          1912832,
          1913856,
          1904640,
          1907712,
          1906688,
          1908736,
          1904640,
          1900544,
          1905696,
          1894368,
          1890304,
          1912832,
          1900544,
          1897472,
          1897472,
          1910784
        ],
        "applicable": true
      },
      {
        "kernel": "onpair_shmem_4tpt_ablate_noemit",
        "decode_ms": 1.954816,
        "decode_gib_s": 440.01124463863823,
        "decode_ns_iters": [
          1991840,
          1969152,
          1976320,
          1976320,
          1994624,
          1974272,
          1990464,
          1966080,
          1985376,
          1968128,
          1979232,
          1980416,
          1974272,
          1973248,
          1986560,
          1972224,
          1979392,
          1980288,
          1974304,
          1972256,
          1967104,
          1974272,
          1954816,
          1959904,
          1973248,
          1971200,
          1998752,
          1975296,
          1957888,
          1993728
        ],
        "applicable": true
      },
      {
        "kernel": "onpair_shmem_4tpt_ablate_nodrain",
        "decode_ms": 0.560128,
        "decode_gib_s": 1535.6151115450834,
        "decode_ns_iters": [
          562176,
          566272,
          569472,
          567296,
          567296,
          565152,
          565248,
          568320,
          568320,
          566272,
          568320,
          564224,
          567296,
          579584,
          567296,
          561152,
          562176,
          567296,
          563200,
          566272,
          560128,
          563200,
          562176,
          564224,
          567296,
          561152,
          564224,
          562176,
          568352,
          562176
        ],
        "applicable": true
      },
      {
        "kernel": "onpair_shmem_4tpt_ablate_noscan",
        "decode_ms": 1.653728,
        "decode_gib_s": 520.1224271461355,
        "decode_ns_iters": [
          1654624,
          1665984,
          1671168,
          1660768,
          1672192,
          1657856,
          1665024,
          1659904,
          1653728,
          1669120,
          1675264,
          1673088,
          1662976,
          1669120,
          1673216,
          1669120,
          1666048,
          1657856,
          1672192,
          1667040,
          1659904,
          1680384,
          1660928,
          1674208,
          1658880,
          1662976,
          1666176,
          1674240,
          1667072,
          1673216
        ],
        "applicable": true
      },
      {
        "kernel": "onpair_shmem_4tpt_ablate_cfree",
        "decode_ms": 1.872896,
        "decode_gib_s": 459.2572258147406,
        "decode_ns_iters": [
          1888128,
          1889280,
          1872896,
          1898496,
          1894208,
          1883136,
          1899520,
          1888256,
          1885184,
          1887232,
          1888256,
          1895424,
          1902592,
          1888256,
          1879040,
          1889280,
          1876896,
          1878016,
          1894336,
          1884160,
          1884160,
          1897472,
          1888256,
          1888256,
          1890304,
          1888256,
          1888256,
          1885184,
          1897472,
          1895424
        ],
        "applicable": true
      },
      {
        "kernel": "onpair_shmem_s8",
        "decode_ms": 0.0,
        "decode_gib_s": 0.0,
        "applicable": false,
        "reason": "dictionary entry longer than 8 bytes"
      },
      {
        "kernel": "onpair_shmem_s8_2tpt",
        "decode_ms": 0.0,
        "decode_gib_s": 0.0,
        "applicable": false,
        "reason": "dictionary entry longer than 8 bytes"
      },
      {
        "kernel": "onpair_shmem_s8_4tpt",
        "decode_ms": 0.0,
        "decode_gib_s": 0.0,
        "applicable": false,
        "reason": "dictionary entry longer than 8 bytes"
      },
      {
        "kernel": "onpair_shmem_s8_8tpt",
        "decode_ms": 0.0,
        "decode_gib_s": 0.0,
        "applicable": false,
        "reason": "dictionary entry longer than 8 bytes"
      },
      {
        "kernel": "onpair_shmem_s4l1",
        "decode_ms": 0.0,
        "decode_gib_s": 0.0,
        "applicable": false,
        "reason": "dictionary entry longer than 4 bytes"
      },
      {
        "kernel": "onpair_shmem_s4l1_2tpt",
        "decode_ms": 0.0,
        "decode_gib_s": 0.0,
        "applicable": false,
        "reason": "dictionary entry longer than 4 bytes"
      },
      {
        "kernel": "onpair_shmem_s4l1_4tpt",
        "decode_ms": 0.0,
        "decode_gib_s": 0.0,
        "applicable": false,
        "reason": "dictionary entry longer than 4 bytes"
      },
      {
        "kernel": "onpair_shmem_s4l1_8tpt",
        "decode_ms": 0.0,
        "decode_gib_s": 0.0,
        "applicable": false,
        "reason": "dictionary entry longer than 4 bytes"
      },
      {
        "kernel": "onpair_shmem_s4l1_16tpt",
        "decode_ms": 0.0,
        "decode_gib_s": 0.0,
        "applicable": false,
        "reason": "dictionary entry longer than 4 bytes"
      },
      {
        "kernel": "onpair_shmem_s4l1_32tpt",
        "decode_ms": 0.0,
        "decode_gib_s": 0.0,
        "applicable": false,
        "reason": "dictionary entry longer than 4 bytes"
      },
      {
        "kernel": "onpair_shmem_const1",
        "decode_ms": 0.0,
        "decode_gib_s": 0.0,
        "applicable": false,
        "reason": "not every dictionary entry is exactly 1 byte"
      },
      {
        "kernel": "onpair_shmem_const2",
        "decode_ms": 0.0,
        "decode_gib_s": 0.0,
        "applicable": false,
        "reason": "not every dictionary entry is exactly 2 bytes"
      }
    ]
  }
}
==PROF== Disconnected from process 23051
==PROF== Report: /home/ubuntu/work/ncu_costsurface_synthetic_url_b16.ncu-rep
