==PROF== Connected to process 24484 (/home/ubuntu/work/target/release/onpair-chunk-bench)
2026-07-06T03:29:01.260265Z  INFO vortex_cuda: vortex-cuda/src/lib.rs:111: Registering CUDA kernels
==PROF== Profiling "onpair_shmem_4tpt_split8read": 0%....50%....100% - 43 passes
==PROF== Profiling "onpair_shmem_4tpt_split8read": 0%....50%....100% - 43 passes
==PROF== Profiling "onpair_shmem_4tpt_split8read": 0%....50%....100% - 43 passes
==PROF== Profiling "onpair_shmem_4tpt_split8read": 0%....50%....100% - 43 passes
==PROF== Profiling "onpair_shmem_4tpt_split8read": 0%....50%....100% - 43 passes
==PROF== Profiling "onpair_shmem_4tpt_split8read": 0%....50%....100% - 43 passes
==PROF== Profiling "onpair_shmem_4tpt_split8read": 0%....50%....100% - 43 passes
==PROF== Profiling "onpair_shmem_4tpt_split8read": 0%....50%....100% - 43 passes
==PROF== Profiling "onpair_shmem_4tpt_split8read": 0%....50%....100% - 43 passes
==PROF== Profiling "onpair_shmem_4tpt_split8read": 0%....50%....100% - 43 passes
==PROF== Profiling "onpair_shmem_4tpt_split8read": 0%....50%....100% - 43 passes
==PROF== Profiling "onpair_shmem_4tpt_split8read": 0%....50%....100% - 43 passes
==PROF== Profiling "onpair_shmem_4tpt_split8read": 0%....50%....100% - 43 passes
==PROF== Profiling "onpair_shmem_4tpt_split8read": 0%....50%....100% - 43 passes
==PROF== Profiling "onpair_shmem_4tpt_split8read": 0%....50%....100% - 43 passes
==PROF== Profiling "onpair_shmem_4tpt_split8read": 0%....50%....100% - 43 passes
{
  "files": [
    "/home/ubuntu/work/vortex-bench/data/onpair-bench/clickbench/URL/bits12_chunk1000mb_thr0.20/part_0000.vortex"
  ],
  "column": "URL",
  "rows": 12254692,
  "in_memory_bytes": 346232267,
  "dict_bytes": 21404,
  "gpu": {
    "iterations": 30,
    "decoded_bytes": 999999995,
    "chunks": 1,
    "auto_kernel": "onpair_shmem_4tpt",
    "frac_le8": 0.80648917,
    "dict_mean_len": 4.686191,
    "dict_max_len": 16,
    "dict_entries_max": 4096,
    "small_dict": true,
    "distinct_codes": 4016,
    "access_top4096_frac": 1.0,
    "compressed_bytes": 426811366,
    "h2d_gib_s": 19.904651147700196,
    "whole_decompress_gib_s": 40.36438389963891,
    "best_kernel": "onpair_shmem_4tpt_split4read",
    "auto_decode_ms": 3.10272,
    "best_decode_ms": 2.218144,
    "validated": false,
    "auto_decode_gib_s": 300.16326641104115,
    "best_decode_gib_s": 419.8656940031241,
    "kernels": [
      {
        "kernel": "onpair_shmem",
        "decode_ms": 2.528256,
        "decode_gib_s": 368.36561248499584,
        "decode_ns_iters": [
          2529472,
          2531328,
          2530304,
          2548736,
          2530304,
          2528256,
          2529280,
          2531328,
          2530304,
          2530304,
          2532352,
          2536352,
          2535616,
          2538496,
          2537472,
          2534336,
          2552768,
          2536448,
          2537376,
          2551744,
          2550784,
          2552832,
          2549760,
          2549728,
          2551808,
          2552832,
          2572160,
          2566144,
          2567168,
          2565120
        ],
        "applicable": true
      },
      {
        "kernel": "onpair_shmem_2tpt",
        "decode_ms": 2.363392,
        "decode_gib_s": 394.06182722073424,
        "decode_ns_iters": [
          2371584,
          2366464,
          2372608,
          2369696,
          2363392,
          2371584,
          2375680,
          2393024,
          2383872,
          2372608,
          2396160,
          2376704,
          2377728,
          2374656,
          2365440,
          2368384,
          2368512,
          2368512,
          2377728,
          2376736,
          2367488,
          2386944,
          2380800,
          2392064,
          2381824,
          2384896,
          2378592,
          2393024,
          2384960,
          2383872
        ],
        "applicable": true
      },
      {
        "kernel": "onpair_shmem_4tpt",
        "decode_ms": 3.10272,
        "decode_gib_s": 300.16326641104115,
        "decode_ns_iters": [
          3191808,
          3188608,
          3189760,
          3189760,
          3187712,
          3189760,
          3151872,
          3145888,
          3147776,
          3148800,
          3145664,
          3152896,
          3117056,
          3105792,
          3106816,
          3106624,
          3104768,
          3105792,
          3109888,
          3105792,
          3102720,
          3104960,
          3105792,
          3104800,
          3104768,
          3121152,
          3103744,
          3104704,
          3105600,
          3110912
        ],
        "applicable": true
      },
      {
        "kernel": "onpair_shmem_4tpt_wpb8",
        "decode_ms": 3.177472,
        "decode_gib_s": 293.10173935722037,
        "decode_ns_iters": [
          3183616,
          3183616,
          3180544,
          3181568,
          3198976,
          3177472,
          3181568,
          3183616,
          3178496,
          3177472,
          3179520,
          3178496,
          3180544,
          3180544,
          3181408,
          3180544,
          3179520,
          3180544,
          3194880,
          3196928,
          3198112,
          3214336,
          3179520,
          3179520,
          3185664,
          3179328,
          3182592,
          3179616,
          3181568,
          3179520
        ],
        "applicable": true
      },
      {
        "kernel": "onpair_shmem_4tpt_wpb8_occ",
        "decode_ms": 3.237888,
        "decode_gib_s": 287.6327315703525,
        "decode_ns_iters": [
          3239936,
          3239936,
          3238912,
          3240000,
          3239936,
          3239936,
          3255296,
          3237888,
          3238912,
          3239936,
          3238880,
          3245024,
          3239776,
          3239936,
          3239936,
          3238880,
          3240960,
          3238912,
          3238880,
          3240960,
          3238912,
          3240064,
          3240960,
          3253248,
          3239936,
          3238912,
          3249152,
          3238912,
          3238816,
          3239936
        ],
        "applicable": true
      },
      {
        "kernel": "onpair_shmem_4tpt_b128",
        "decode_ms": 3.380224,
        "decode_gib_s": 275.52096250392447,
        "decode_ns_iters": [
          3381248,
          3401696,
          3383296,
          3382272,
          3383296,
          3383296,
          3382080,
          3381248,
          3382272,
          3381248,
          3398656,
          3383296,
          3382272,
          3383296,
          3382272,
          3382272,
          3382272,
          3384192,
          3381248,
          3399680,
          3382272,
          3381248,
          3380224,
          3381248,
          3381248,
          3381248,
          3382272,
          3380224,
          3381248,
          3383296
        ],
        "applicable": true
      },
      {
        "kernel": "onpair_shmem_4tpt_o6",
        "decode_ms": 3.355648,
        "decode_gib_s": 277.5388151435626,
        "decode_ns_iters": [
          3358720,
          3355648,
          3358720,
          3356672,
          3357696,
          3358720,
          3356672,
          3355776,
          3370944,
          3356672,
          3357536,
          3357696,
          3356672,
          3359744,
          3356544,
          3355648,
          3356672,
          3359712,
          3358720,
          3356768,
          3356672,
          3377088,
          3359744,
          3358720,
          3357696,
          3365888,
          3360768,
          3357600,
          3358784,
          3356672
        ],
        "applicable": true
      },
      {
        "kernel": "onpair_shmem_4tpt_b512o3",
        "decode_ms": 3.140608,
        "decode_gib_s": 296.5421249512405,
        "decode_ns_iters": [
          3143680,
          3141632,
          3144704,
          3144704,
          3142656,
          3141632,
          3142656,
          3140608,
          3145856,
          3146752,
          3143680,
          3142656,
          3142656,
          3142656,
          3143584,
          3142656,
          3142656,
          3143680,
          3143744,
          3145728,
          3143680,
          3162112,
          3142656,
          3145536,
          3158016,
          3142656,
          3141632,
          3141632,
          3143680,
          3143616
        ],
        "applicable": true
      },
      {
        "kernel": "onpair_shmem_4tpt_b128o12",
        "decode_ms": 3.488768,
        "decode_gib_s": 266.9488398078822,
        "decode_ns_iters": [
          3492864,
          3490816,
          3492864,
          3491840,
          3491840,
          3492768,
          3492704,
          3490816,
          3490912,
          3491840,
          3491840,
          3492768,
          3491840,
          3492736,
          3499008,
          3488768,
          3494880,
          3492864,
          3490816,
          3490816,
          3492704,
          3491840,
          3515392,
          3514368,
          3515392,
          3515584,
          3515392,
          3502176,
          3492864,
          3493888
        ],
        "applicable": true
      },
      {
        "kernel": "onpair_shmem_4tpt_b64",
        "decode_ms": 3.42624,
        "decode_gib_s": 271.820587570884,
        "decode_ns_iters": [
          3426304,
          3429408,
          3428352,
          3428352,
          3427328,
          3427328,
          3427328,
          3429376,
          3426240,
          3426304,
          3428352,
          3427328,
          3429536,
          3427264,
          3427328,
          3428224,
          3428352,
          3429376,
          3427328,
          3428288,
          3429376,
          3429312,
          3427232,
          3428288,
          3428352,
          3428352,
          3428224,
          3428352,
          3427232,
          3426304
        ],
        "applicable": true
      },
      {
        "kernel": "onpair_shmem_4tpt_b64o24",
        "decode_ms": 3.601408,
        "decode_gib_s": 258.5995727112467,
        "decode_ns_iters": [
          3602432,
          3603456,
          3604480,
          3604480,
          3603488,
          3604480,
          3606528,
          3605504,
          3620864,
          3604448,
          3604480,
          3602432,
          3605504,
          3603456,
          3603456,
          3607488,
          3604480,
          3619840,
          3605504,
          3604480,
          3606528,
          3601408,
          3605568,
          3603456,
          3607552,
          3605504,
          3621888,
          3604480,
          3604480,
          3604480
        ],
        "applicable": true
      },
      {
        "kernel": "onpair_shmem_4tpt_split8read_b128o12",
        "decode_ms": 3.202048,
        "decode_gib_s": 290.85215773119756,
        "decode_ns_iters": [
          3205120,
          3203072,
          3202048,
          3203072,
          3202144,
          3203072,
          3208192,
          3206144,
          3224768,
          3225600,
          3224576,
          3223552,
          3226624,
          3223552,
          3224576,
          3223552,
          3224576,
          3224576,
          3224576,
          3225600,
          3226624,
          3227648,
          3224576,
          3232768,
          3269632,
          3269632,
          3268608,
          3271680,
          3270656,
          3269632
        ],
        "applicable": true
      },
      {
        "kernel": "onpair_shmem_4tpt_split8read_occ",
        "decode_ms": 2.990208,
        "decode_gib_s": 311.4574537821,
        "decode_ns_iters": [
          2993152,
          2993152,
          2995200,
          3013632,
          2991104,
          2994016,
          2993152,
          2991104,
          2990208,
          3009408,
          3000320,
          2994176,
          2992128,
          2992128,
          2992128,
          2994112,
          2992128,
          2992128,
          2992128,
          2991264,
          2991104,
          2993152,
          2994176,
          2993152,
          3007296,
          3014816,
          3032064,
          3013632,
          3014464,
          3012512
        ],
        "applicable": true
      },
      {
        "kernel": "onpair_shmem_4tpt_split8",
        "decode_ms": 3.22448,
        "decode_gib_s": 288.82876307462465,
        "decode_ns_iters": [
          3270464,
          3269600,
          3268608,
          3269632,
          3254272,
          3225440,
          3227520,
          3226624,
          3227616,
          3244032,
          3226624,
          3226624,
          3239936,
          3225728,
          3244032,
          3225440,
          3224576,
          3225600,
          3225600,
          3246080,
          3224608,
          3224576,
          3224576,
          3224576,
          3244032,
          3224480,
          3233792,
          3225600,
          3225600,
          3241984
        ],
        "applicable": true
      },
      {
        "kernel": "onpair_shmem_4tpt_split8_wpb8",
        "decode_ms": 3.232768,
        "decode_gib_s": 288.08827913381526,
        "decode_ns_iters": [
          3255296,
          3249152,
          3233792,
          3251200,
          3235840,
          3233792,
          3233792,
          3234816,
          3251200,
          3232768,
          3238912,
          3234816,
          3236864,
          3252224,
          3250176,
          3252224,
          3255168,
          3251200,
          3253248,
          3251200,
          3254272,
          3251200,
          3252224,
          3251200,
          3249152,
          3239904,
          3234816,
          3240896,
          3236864,
          3233792
        ],
        "applicable": true
      },
      {
        "kernel": "onpair_shmem_4tpt_split8_wpb8_occ",
        "decode_ms": 3.255296,
        "decode_gib_s": 286.09458862077844,
        "decode_ns_iters": [
          3255296,
          3256320,
          3256320,
          3256192,
          3267584,
          3275680,
          3272704,
          3275776,
          3274752,
          3274752,
          3298464,
          3297280,
          3314528,
          3296256,
          3299520,
          3295232,
          3298304,
          3298304,
          3298304,
          3298240,
          3296384,
          3289088,
          3276800,
          3275712,
          3275776,
          3278912,
          3274656,
          3307520,
          3298304,
          3299328
        ],
        "applicable": true
      },
      {
        "kernel": "onpair_shmem_4tpt_pdict",
        "decode_ms": 3.064832,
        "decode_gib_s": 303.87393826443525,
        "decode_ns_iters": [
          3065856,
          3069952,
          3097504,
          3064832,
          3089408,
          3086336,
          3087360,
          3084192,
          3100672,
          3094528,
          3093504,
          3074016,
          3073024,
          3096576,
          3084160,
          3074048,
          3100672,
          3086336,
          3083136,
          3084288,
          3109888,
          3087328,
          3087360,
          3085312,
          3093504,
          3082240,
          3074048,
          3073024,
          3074048,
          3080192
        ],
        "applicable": true
      },
      {
        "kernel": "onpair_shmem_4tpt_vdict",
        "decode_ms": 2.701312,
        "decode_gib_s": 344.76675406575237,
        "decode_ns_iters": [
          2733056,
          2716672,
          2720768,
          2722816,
          2724000,
          2718752,
          2728960,
          2726944,
          2718720,
          2711552,
          2722880,
          2708480,
          2708480,
          2714624,
          2717824,
          2712576,
          2705408,
          2718720,
          2710528,
          2714624,
          2733248,
          2710528,
          2717696,
          2743296,
          2722816,
          2722816,
          2712576,
          2714432,
          2711552,
          2701312
        ],
        "applicable": true
      },
      {
        "kernel": "onpair_shmem_4tpt_split8read",
        "decode_ms": 2.73408,
        "decode_gib_s": 340.63471806196804,
        "decode_ns_iters": [
          2467080116,
          2478967667,
          2471780300,
          2451418161,
          2454616070,
          2455674887,
          2475032568,
          2467690468,
          2482198477,
          2471548796,
          2477632523,
          2468946934,
          2471987247,
          2460148573,
          2758656,
          2797568,
          2736032,
          2735968,
          2736128,
          2734080,
          2734944,
          2737152,
          2737152,
          2736960,
          2737152,
          2753536,
          2735104,
          2739200,
          2745344,
          2750464
        ],
        "applicable": true
      },
      {
        "kernel": "onpair_shmem_4tpt_ldcs",
        "decode_ms": 3.096512,
        "decode_gib_s": 300.76504465633127,
        "decode_ns_iters": [
          3103744,
          3097600,
          3103744,
          3105792,
          3108736,
          3115904,
          3100672,
          3098624,
          3099648,
          3099648,
          3096576,
          3097600,
          3101696,
          3106848,
          3098624,
          3099584,
          3117056,
          3097600,
          3096512,
          3097600,
          3099648,
          3100672,
          3100672,
          3097600,
          3106816,
          3097600,
          3096672,
          3116032,
          3097600,
          3097600
        ],
        "applicable": true
      },
      {
        "kernel": "onpair_shmem_4tpt_lenbucket",
        "decode_ms": 0.0,
        "decode_gib_s": 0.0,
        "applicable": false,
        "reason": "length-bucket dict not built (set ONPAIR_DICT_REORDER=lenbucket)"
      },
      {
        "kernel": "onpair_shmem_4tpt_lenbucket_b128",
        "decode_ms": 0.0,
        "decode_gib_s": 0.0,
        "applicable": false,
        "reason": "length-bucket dict not built (set ONPAIR_DICT_REORDER=lenbucket)"
      },
      {
        "kernel": "onpair_shmem_4tpt_regcache",
        "decode_ms": 3.422208,
        "decode_gib_s": 272.1408429758991,
        "decode_ns_iters": [
          3425280,
          3425248,
          3422208,
          3422208,
          3424256,
          3425280,
          3422208,
          3424256,
          3446784,
          3444736,
          3445760,
          3446656,
          3437568,
          3423232,
          3424256,
          3423136,
          3422208,
          3423232,
          3445760,
          3445760,
          3444736,
          3445856,
          3444832,
          3440640,
          3445760,
          3424256,
          3424256,
          3422304,
          3424256,
          3440640
        ],
        "applicable": true
      },
      {
        "kernel": "onpair_shmem_4tpt_split4read",
        "decode_ms": 2.218144,
        "decode_gib_s": 419.8656940031241,
        "decode_ns_iters": [
          2218144,
          2223104,
          2226176,
          2242560,
          2225120,
          2232320,
          2223104,
          2226176,
          2223104,
          2219104,
          2223104,
          2235392,
          2225152,
          2240384,
          2228224,
          2225152,
          2225152,
          2222080,
          2241536,
          2222080,
          2227200,
          2225152,
          2227200,
          2245536,
          2222112,
          2232320,
          2225152,
          2224128,
          2243584,
          2219008
        ],
        "applicable": true
      },
      {
        "kernel": "onpair_shmem_4tpt_split4read_b128o12",
        "decode_ms": 2.515968,
        "decode_gib_s": 370.16471193547204,
        "decode_ns_iters": [
          2515968,
          2516992,
          2538496,
          2518016,
          2520064,
          2518016,
          2519040,
          2516992,
          2525184,
          2522080,
          2516992,
          2519040,
          2520064,
          2551840,
          2552832,
          2553856,
          2552832,
          2551808,
          2551776,
          2575200,
          2534400,
          2535424,
          2539520,
          2536448,
          2538464,
          2536448,
          2551744,
          2536448,
          2534400,
          2537472
        ],
        "applicable": true
      },
      {
        "kernel": "onpair_shmem_4tpt_cluster_dsmem",
        "decode_ms": 0.0,
        "decode_gib_s": 0.0,
        "applicable": false,
        "reason": "thread-block clusters require sm_90+ (device cc 8.x)"
      },
      {
        "kernel": "onpair_shmem_8tpt",
        "decode_ms": 3.293184,
        "decode_gib_s": 282.8030774954772,
        "decode_ns_iters": [
          3529728,
          3489696,
          3476480,
          3476640,
          3474432,
          3476480,
          3462144,
          3399680,
          3412992,
          3399680,
          3398656,
          3397632,
          3351552,
          3326976,
          3325952,
          3327936,
          3328000,
          3329024,
          3324928,
          3321856,
          3325952,
          3326976,
          3322880,
          3319808,
          3302400,
          3301376,
          3309568,
          3302400,
          3301376,
          3293184
        ],
        "applicable": true
      },
      {
        "kernel": "onpair_shmem_8tpt_b128",
        "decode_ms": 3.372032,
        "decode_gib_s": 276.19031194213625,
        "decode_ns_iters": [
          3372928,
          3373056,
          3374080,
          3372032,
          3388416,
          3373056,
          3372032,
          3376128,
          3372032,
          3374080,
          3376064,
          3373088,
          3374080,
          3375104,
          3372032,
          3374912,
          3373056,
          3372032,
          3374080,
          3373056,
          3374080,
          3373952,
          3374080,
          3372224,
          3387328,
          3375104,
          3374080,
          3373056,
          3373120,
          3372960
        ],
        "applicable": true
      },
      {
        "kernel": "onpair_shmem_4tpt_vwidth",
        "decode_ms": 6.51264,
        "decode_gib_s": 143.00231088450545,
        "decode_ns_iters": [
          6512640,
          6577152,
          6656000,
          6656000,
          6681472,
          6711296,
          6704128,
          6726688,
          6706176,
          6706240,
          6708224,
          6705152,
          6708224,
          6700032,
          6706176,
          6704128,
          6708352,
          6724608,
          6712320,
          6705312,
          6709248,
          6706176,
          6705152,
          6706176,
          6621184,
          6625440,
          6606848,
          6606912,
          6603776,
          6603936
        ],
        "applicable": true
      },
      {
        "kernel": "onpair_shmem_4tpt_vwidth_b128",
        "decode_ms": 12.957536,
        "decode_gib_s": 71.87497452902046,
        "decode_ns_iters": [
          13056000,
          13264896,
          13317119,
          13358080,
          13261824,
          13315072,
          13353984,
          13268992,
          13261984,
          13262847,
          13267968,
          13266816,
          13265920,
          13261887,
          13279232,
          13242400,
          13163520,
          13161472,
          13137921,
          13066241,
          13058049,
          13060096,
          12964863,
          13051904,
          13053952,
          13053952,
          13061056,
          13035520,
          12957536,
          13020160
        ],
        "applicable": true
      },
      {
        "kernel": "onpair_shmem_4tpt_vwidth4",
        "decode_ms": 3.39552,
        "decode_gib_s": 274.2798069099477,
        "decode_ns_iters": [
          3395616,
          3397568,
          3397632,
          3395520,
          3399680,
          3396608,
          3424224,
          3483648,
          3482624,
          3484544,
          3486720,
          3499008,
          3483648,
          3484672,
          3501056,
          3481600,
          3482624,
          3501056,
          3484672,
          3483648,
          3482624,
          3482624,
          3483648,
          3501056,
          3506176,
          3507040,
          3508224,
          3509248,
          3494912,
          3485696
        ],
        "applicable": true
      },
      {
        "kernel": "onpair_shmem_4tpt_vwidth4_b128",
        "decode_ms": 3.767296,
        "decode_gib_s": 247.2124754622057,
        "decode_ns_iters": [
          3785568,
          3769344,
          3770368,
          3771200,
          3769248,
          3770368,
          3776512,
          3794944,
          3798016,
          3796096,
          3794944,
          3795008,
          3796992,
          3793760,
          3796992,
          3794944,
          3797152,
          3796896,
          3794944,
          3796128,
          3795968,
          3787776,
          3771392,
          3767296,
          3787776,
          3785888,
          3768320,
          3771392,
          3769344,
          3769344
        ],
        "applicable": true
      },
      {
        "kernel": "onpair_shmem_4tpt_shdict8",
        "decode_ms": 4.077568,
        "decode_gib_s": 228.40148097073197,
        "decode_ns_iters": [
          4188160,
          4179968,
          4164608,
          4164608,
          4127744,
          4119552,
          4132864,
          4109312,
          4113408,
          4097024,
          4108288,
          4110400,
          4106240,
          4097024,
          4094976,
          4100960,
          4091776,
          4088640,
          4117504,
          4077568,
          4091904,
          4093792,
          4078432,
          4080768,
          4096000,
          4085600,
          4087808,
          4084736,
          4110464,
          4091904
        ],
        "applicable": true
      },
      {
        "kernel": "onpair_shmem_4tpt_ablate",
        "decode_ms": 3.494912,
        "decode_gib_s": 266.4795479711265,
        "decode_ns_iters": [
          3497152,
          3497984,
          3496960,
          3496960,
          3497984,
          3497984,
          3497984,
          3496960,
          3496960,
          3496960,
          3495936,
          3496960,
          3496960,
          3496800,
          3499008,
          3496960,
          3497888,
          3498912,
          3495936,
          3497984,
          3497984,
          3495936,
          3507200,
          3494912,
          3500032,
          3495936,
          3496960,
          3497952,
          3497984,
          3495936
        ],
        "applicable": true
      },
      {
        "kernel": "onpair_shmem_4tpt_ablate_nogather",
        "decode_ms": 2.298944,
        "decode_gib_s": 405.10885430826744,
        "decode_ns_iters": [
          2307072,
          2316288,
          2311168,
          2311168,
          2310144,
          2302976,
          2312192,
          2317280,
          2317152,
          2321408,
          2309120,
          2318336,
          2315264,
          2313216,
          2313216,
          2302112,
          2307072,
          2308096,
          2314240,
          2310272,
          2309120,
          2315264,
          2301952,
          2313216,
          2311168,
          2298944,
          2314240,
          2309024,
          2313280,
          2311168
        ],
        "applicable": true
      },
      {
        "kernel": "onpair_shmem_4tpt_ablate_noemit",
        "decode_ms": 2.32448,
        "decode_gib_s": 400.6584569275131,
        "decode_ns_iters": [
          2329600,
          2338816,
          2328448,
          2329600,
          2340864,
          2329600,
          2341792,
          2339840,
          2324480,
          2333664,
          2335616,
          2339840,
          2329600,
          2332768,
          2324480,
          2334720,
          2334720,
          2325504,
          2324480,
          2328576,
          2335744,
          2328512,
          2326432,
          2337792,
          2325440,
          2325696,
          2332672,
          2335744,
          2332672,
          2325504
        ],
        "applicable": true
      },
      {
        "kernel": "onpair_shmem_4tpt_ablate_nodrain",
        "decode_ms": 3.385344,
        "decode_gib_s": 275.1042641335314,
        "decode_ns_iters": [
          3388416,
          3391360,
          3388416,
          3385344,
          3385344,
          3406848,
          3390464,
          3391488,
          3391488,
          3391456,
          3391488,
          3392448,
          3389440,
          3391360,
          3387392,
          3391488,
          3389440,
          3390464,
          3394560,
          3389440,
          3389440,
          3405824,
          3390464,
          3389440,
          3390528,
          3391488,
          3389440,
          3386368,
          3390464,
          3389440
        ],
        "applicable": true
      },
      {
        "kernel": "onpair_shmem_4tpt_ablate_noscan",
        "decode_ms": 3.587072,
        "decode_gib_s": 259.63308513430053,
        "decode_ns_iters": [
          3599360,
          3593088,
          3592192,
          3592192,
          3616768,
          3594240,
          3594240,
          3596288,
          3591168,
          3594240,
          3592320,
          3592192,
          3593216,
          3587072,
          3590144,
          3590176,
          3595104,
          3591168,
          3592064,
          3592192,
          3588096,
          3612672,
          3590144,
          3589088,
          3593056,
          3595136,
          3588224,
          3593216,
          3591168,
          3589312
        ],
        "applicable": true
      },
      {
        "kernel": "onpair_shmem_4tpt_ablate_cfree",
        "decode_ms": 3.596288,
        "decode_gib_s": 258.96773838993585,
        "decode_ns_iters": [
          3598336,
          3597344,
          3599360,
          3604480,
          3611648,
          3596320,
          3601408,
          3598336,
          3598336,
          3597312,
          3598336,
          3600384,
          3600384,
          3599360,
          3600256,
          3596288,
          3597312,
          3616768,
          3599360,
          3599360,
          3597312,
          3600384,
          3598336,
          3596288,
          3597312,
          3597312,
          3614720,
          3598336,
          3597312,
          3597280
        ],
        "applicable": true
      },
      {
        "kernel": "onpair_shmem_s8",
        "decode_ms": 0.0,
        "decode_gib_s": 0.0,
        "applicable": false,
        "reason": "dictionary entry longer than 8 bytes"
      },
      {
        "kernel": "onpair_shmem_s8_2tpt",
        "decode_ms": 0.0,
        "decode_gib_s": 0.0,
        "applicable": false,
        "reason": "dictionary entry longer than 8 bytes"
      },
      {
        "kernel": "onpair_shmem_s8_4tpt",
        "decode_ms": 0.0,
        "decode_gib_s": 0.0,
        "applicable": false,
        "reason": "dictionary entry longer than 8 bytes"
      },
      {
        "kernel": "onpair_shmem_s8_8tpt",
        "decode_ms": 0.0,
        "decode_gib_s": 0.0,
        "applicable": false,
        "reason": "dictionary entry longer than 8 bytes"
      },
      {
        "kernel": "onpair_shmem_s4l1",
        "decode_ms": 0.0,
        "decode_gib_s": 0.0,
        "applicable": false,
        "reason": "dictionary entry longer than 4 bytes"
      },
      {
        "kernel": "onpair_shmem_s4l1_2tpt",
        "decode_ms": 0.0,
        "decode_gib_s": 0.0,
        "applicable": false,
        "reason": "dictionary entry longer than 4 bytes"
      },
      {
        "kernel": "onpair_shmem_s4l1_4tpt",
        "decode_ms": 0.0,
        "decode_gib_s": 0.0,
        "applicable": false,
        "reason": "dictionary entry longer than 4 bytes"
      },
      {
        "kernel": "onpair_shmem_s4l1_8tpt",
        "decode_ms": 0.0,
        "decode_gib_s": 0.0,
        "applicable": false,
        "reason": "dictionary entry longer than 4 bytes"
      },
      {
        "kernel": "onpair_shmem_s4l1_16tpt",
        "decode_ms": 0.0,
        "decode_gib_s": 0.0,
        "applicable": false,
        "reason": "dictionary entry longer than 4 bytes"
      },
      {
        "kernel": "onpair_shmem_s4l1_32tpt",
        "decode_ms": 0.0,
        "decode_gib_s": 0.0,
        "applicable": false,
        "reason": "dictionary entry longer than 4 bytes"
      },
      {
        "kernel": "onpair_shmem_const1",
        "decode_ms": 0.0,
        "decode_gib_s": 0.0,
        "applicable": false,
        "reason": "not every dictionary entry is exactly 1 byte"
      },
      {
        "kernel": "onpair_shmem_const2",
        "decode_ms": 0.0,
        "decode_gib_s": 0.0,
        "applicable": false,
        "reason": "not every dictionary entry is exactly 2 bytes"
      }
    ]
  }
}
==PROF== Disconnected from process 24484
==PROF== Report: /home/ubuntu/work/ncu_costsurface_clickbench_URL_b12.ncu-rep
