==PROF== Connected to process 19923 (/home/ubuntu/work/target/release/onpair-chunk-bench)
2026-07-06T03:22:54.095281Z  INFO vortex_cuda: vortex-cuda/src/lib.rs:111: Registering CUDA kernels
==PROF== Profiling "onpair_shmem_4tpt": 0%....50%....100% - 43 passes
==PROF== Profiling "onpair_shmem_4tpt": 0%....50%....100% - 43 passes
==PROF== Profiling "onpair_shmem_4tpt": 0%....50%....100% - 43 passes
==PROF== Profiling "onpair_shmem_4tpt": 0%....50%....100% - 43 passes
==PROF== Profiling "onpair_shmem_4tpt": 0%....50%....100% - 43 passes
==PROF== Profiling "onpair_shmem_4tpt": 0%....50%....100% - 43 passes
==PROF== Profiling "onpair_shmem_4tpt": 0%....50%....100% - 43 passes
==PROF== Profiling "onpair_shmem_4tpt": 0%....50%....100% - 43 passes
==PROF== Profiling "onpair_shmem_4tpt": 0%....50%....100% - 43 passes
==PROF== Profiling "onpair_shmem_4tpt": 0%....50%....100% - 43 passes
==PROF== Profiling "onpair_shmem_4tpt": 0%....50%....100% - 43 passes
==PROF== Profiling "onpair_shmem_4tpt": 0%....50%....100% - 43 passes
==PROF== Profiling "onpair_shmem_4tpt": 0%....50%....100% - 43 passes
==PROF== Profiling "onpair_shmem_4tpt": 0%....50%....100% - 43 passes
==PROF== Profiling "onpair_shmem_4tpt": 0%....50%....100% - 43 passes
==PROF== Profiling "onpair_shmem_4tpt": 0%....50%....100% - 43 passes
{
  "files": [
    "/home/ubuntu/work/vortex-bench/data/onpair-bench/tpch-sf10/l_shipinstruct/bits12_chunk1000mb_thr0.20/part_0000.vortex"
  ],
  "column": "l_shipinstruct",
  "rows": 59986052,
  "in_memory_bytes": 64498914,
  "dict_bytes": 436,
  "gpu": {
    "iterations": 30,
    "decoded_bytes": 719788494,
    "chunks": 1,
    "auto_kernel": "onpair_shmem_4tpt",
    "frac_le8": 0.40003875,
    "dict_mean_len": 9.599654,
    "dict_max_len": 16,
    "dict_entries_max": 297,
    "small_dict": true,
    "distinct_codes": 5,
    "access_top4096_frac": 1.0,
    "compressed_bytes": 149962075,
    "h2d_gib_s": 19.973408203254515,
    "whole_decompress_gib_s": 78.49679417669844,
    "best_kernel": "onpair_shmem_8tpt_b128",
    "auto_decode_ms": 1.547456,
    "best_decode_ms": 1.452032,
    "validated": false,
    "auto_decode_gib_s": 433.1982773084843,
    "best_decode_gib_s": 461.6670110649613,
    "kernels": [
      {
        "kernel": "onpair_shmem",
        "decode_ms": 1.997824,
        "decode_gib_s": 335.5427071707407,
        "decode_ns_iters": [
          2016096,
          2017472,
          2027520,
          2042880,
          2029568,
          2027456,
          2022400,
          2031616,
          2025472,
          2032640,
          2015424,
          2012000,
          2001856,
          2024448,
          2024608,
          2031744,
          2033664,
          2003968,
          2019328,
          2023392,
          2034688,
          2036736,
          2032448,
          1997824,
          2022400,
          2026496,
          2047904,
          2027712,
          2043904,
          2031712
        ],
        "applicable": true
      },
      {
        "kernel": "onpair_shmem_2tpt",
        "decode_ms": 1.736704,
        "decode_gib_s": 385.9928193927566,
        "decode_ns_iters": [
          1754112,
          1812448,
          1778688,
          1740800,
          1739776,
          1741824,
          1746944,
          1753088,
          1743680,
          1741824,
          1753088,
          1738752,
          1749888,
          1766464,
          1740800,
          1748992,
          1756160,
          1762304,
          1738752,
          1736704,
          1751936,
          1752064,
          1738624,
          1742848,
          1752064,
          1745920,
          1737728,
          1737728,
          1738752,
          1757184
        ],
        "applicable": true
      },
      {
        "kernel": "onpair_shmem_4tpt",
        "decode_ms": 1.547456,
        "decode_gib_s": 433.1982773084843,
        "decode_ns_iters": [
          1808171034,
          1799346209,
          1798373222,
          1800388575,
          1799277544,
          1794050097,
          1793386340,
          1791070223,
          1798882365,
          1800274849,
          1803403139,
          1804400563,
          1799675941,
          1800194144,
          1549152,
          1576960,
          1567744,
          1555488,
          1565696,
          1549312,
          1559552,
          1552384,
          1547456,
          1556512,
          1566720,
          1555456,
          1550368,
          1566720,
          1558656,
          1563520
        ],
        "applicable": true
      },
      {
        "kernel": "onpair_shmem_4tpt_wpb8",
        "decode_ms": 1.499136,
        "decode_gib_s": 447.16108038942286,
        "decode_ns_iters": [
          1512448,
          1505280,
          1508352,
          1510400,
          1508352,
          1514496,
          1502208,
          1503104,
          1504256,
          1517568,
          1499136,
          1506304,
          1511424,
          1512448,
          1505248,
          1521664,
          1523712,
          1524704,
          1509376,
          1507424,
          1508256,
          1513344,
          1519616,
          1505280,
          1514496,
          1504256,
          1513504,
          1506144,
          1500160,
          1500192
        ],
        "applicable": true
      },
      {
        "kernel": "onpair_shmem_4tpt_wpb8_occ",
        "decode_ms": 1.532928,
        "decode_gib_s": 437.3038221042853,
        "decode_ns_iters": [
          1546112,
          1555456,
          1556480,
          1544192,
          1554432,
          1544192,
          1549312,
          1557504,
          1549312,
          1557504,
          1550336,
          1550336,
          1541120,
          1532928,
          1552544,
          1542272,
          1546240,
          1549312,
          1545216,
          1548288,
          1539072,
          1538048,
          1537024,
          1559552,
          1532928,
          1543168,
          1541312,
          1535008,
          1534816,
          1536960
        ],
        "applicable": true
      },
      {
        "kernel": "onpair_shmem_4tpt_b128",
        "decode_ms": 1.52064,
        "decode_gib_s": 440.8375903637139,
        "decode_ns_iters": [
          1525888,
          1530880,
          1541120,
          1530880,
          1541120,
          1536032,
          1524736,
          1526784,
          1529792,
          1520640,
          1529824,
          1530720,
          1537024,
          1538176,
          1528736,
          1535968,
          1529824,
          1543168,
          1545216,
          1523712,
          1532928,
          1542144,
          1530880,
          1528928,
          1541120,
          1533952,
          1529856,
          1542144,
          1525760,
          1526688
        ],
        "applicable": true
      },
      {
        "kernel": "onpair_shmem_4tpt_o6",
        "decode_ms": 1.534976,
        "decode_gib_s": 436.7203613676552,
        "decode_ns_iters": [
          1546240,
          1552384,
          1547104,
          1546240,
          1551360,
          1550240,
          1557504,
          1553248,
          1551360,
          1546240,
          1546240,
          1549312,
          1549312,
          1552384,
          1543008,
          1545216,
          1548288,
          1543168,
          1554560,
          1551552,
          1539072,
          1559552,
          1541120,
          1534976,
          1548384,
          1553408,
          1552384,
          1540128,
          1546112,
          1549312
        ],
        "applicable": true
      },
      {
        "kernel": "onpair_shmem_4tpt_b512o3",
        "decode_ms": 1.531904,
        "decode_gib_s": 437.5961374933925,
        "decode_ns_iters": [
          1545216,
          1557504,
          1546240,
          1539072,
          1552384,
          1541984,
          1554432,
          1548288,
          1565696,
          1537024,
          1541120,
          1544192,
          1537024,
          1553376,
          1531904,
          1538880,
          1551360,
          1548288,
          1569792,
          1543168,
          1553408,
          1538048,
          1546240,
          1545216,
          1544192,
          1568768,
          1549312,
          1540096,
          1547328,
          1549312
        ],
        "applicable": true
      },
      {
        "kernel": "onpair_shmem_4tpt_b128o12",
        "decode_ms": 1.533952,
        "decode_gib_s": 437.011896989396,
        "decode_ns_iters": [
          1548288,
          1548224,
          1544096,
          1538048,
          1548288,
          1548224,
          1548288,
          1546144,
          1548288,
          1539072,
          1540096,
          1548288,
          1534112,
          1553408,
          1539936,
          1555456,
          1540960,
          1550336,
          1545216,
          1549312,
          1554336,
          1539072,
          1554432,
          1533952,
          1548288,
          1541952,
          1540096,
          1545216,
          1534976,
          1551360
        ],
        "applicable": true
      },
      {
        "kernel": "onpair_shmem_4tpt_b64",
        "decode_ms": 1.503232,
        "decode_gib_s": 445.94265782705395,
        "decode_ns_iters": [
          1515520,
          1515712,
          1517568,
          1516672,
          1527680,
          1519680,
          1506304,
          1517568,
          1508256,
          1519616,
          1514496,
          1521664,
          1507328,
          1508352,
          1522688,
          1519776,
          1519616,
          1518592,
          1513472,
          1518784,
          1512576,
          1524736,
          1503232,
          1504256,
          1519584,
          1512288,
          1521664,
          1519520,
          1509376,
          1515328
        ],
        "applicable": true
      },
      {
        "kernel": "onpair_shmem_4tpt_b64o24",
        "decode_ms": 1.524704,
        "decode_gib_s": 439.662566249369,
        "decode_ns_iters": [
          1538016,
          1540032,
          1528800,
          1533952,
          1530816,
          1524704,
          1536000,
          1532928,
          1536992,
          1541024,
          1538048,
          1537024,
          1543168,
          1542048,
          1537984,
          1527744,
          1532896,
          1539072,
          1533952,
          1542144,
          1542144,
          1531904,
          1535840,
          1532928,
          1537024,
          1525760,
          1540992,
          1543168,
          1533952,
          1534976
        ],
        "applicable": true
      },
      {
        "kernel": "onpair_shmem_4tpt_split8read_b128o12",
        "decode_ms": 1.539072,
        "decode_gib_s": 435.55809826354965,
        "decode_ns_iters": [
          1547264,
          1546240,
          1539072,
          1550336,
          1556480,
          1549312,
          1551360,
          1546240,
          1546240,
          1546240,
          1548288,
          1548288,
          1542144,
          1541120,
          1542144,
          1548288,
          1539072,
          1540992,
          1545216,
          1548480,
          1539072,
          1551360,
          1542144,
          1550336,
          1554432,
          1542144,
          1549280,
          1542144,
          1544064,
          1551360
        ],
        "applicable": true
      },
      {
        "kernel": "onpair_shmem_4tpt_split8read_occ",
        "decode_ms": 1.534912,
        "decode_gib_s": 436.7385709478315,
        "decode_ns_iters": [
          1549312,
          1551360,
          1554432,
          1534912,
          1548288,
          1542144,
          1552256,
          1561600,
          1540096,
          1548288,
          1547136,
          1545216,
          1554432,
          1545216,
          1557504,
          1548480,
          1541120,
          1541120,
          1539072,
          1554624,
          1544192,
          1547104,
          1549184,
          1546240,
          1560576,
          1547072,
          1551520,
          1540096,
          1544192,
          1552384
        ],
        "applicable": true
      },
      {
        "kernel": "onpair_shmem_4tpt_split8",
        "decode_ms": 1.53088,
        "decode_gib_s": 437.8888439398763,
        "decode_ns_iters": [
          1546080,
          1549216,
          1549312,
          1537024,
          1562624,
          1537024,
          1536000,
          1530880,
          1544192,
          1541120,
          1541120,
          1536000,
          1532928,
          1555392,
          1567680,
          1543168,
          1539072,
          1532928,
          1539072,
          1537024,
          1543168,
          1540096,
          1531904,
          1540096,
          1553408,
          1537024,
          1547264,
          1547264,
          1538016,
          1544384
        ],
        "applicable": true
      },
      {
        "kernel": "onpair_shmem_4tpt_split8_wpb8",
        "decode_ms": 1.48496,
        "decode_gib_s": 451.4298522591032,
        "decode_ns_iters": [
          1511424,
          1488704,
          1494016,
          1489920,
          1492832,
          1494016,
          1491968,
          1514528,
          1501184,
          1492992,
          1496032,
          1485824,
          1487872,
          1484960,
          1516544,
          1505088,
          1499136,
          1510400,
          1505280,
          1501184,
          1516544,
          1494144,
          1497088,
          1517440,
          1500160,
          1492992,
          1518592,
          1505280,
          1507328,
          1516544
        ],
        "applicable": true
      },
      {
        "kernel": "onpair_shmem_4tpt_split8_wpb8_occ",
        "decode_ms": 1.511424,
        "decode_gib_s": 443.52562445129746,
        "decode_ns_iters": [
          1527808,
          1527808,
          1536000,
          1529856,
          1525760,
          1523712,
          1522688,
          1519744,
          1536000,
          1514496,
          1522688,
          1523712,
          1533952,
          1521696,
          1533952,
          1528832,
          1529856,
          1521664,
          1536000,
          1511424,
          1537952,
          1528832,
          1530752,
          1519616,
          1530880,
          1536000,
          1555456,
          1540992,
          1537024,
          1532928
        ],
        "applicable": true
      },
      {
        "kernel": "onpair_shmem_4tpt_pdict",
        "decode_ms": 1.758208,
        "decode_gib_s": 381.2718821724608,
        "decode_ns_iters": [
          1784832,
          1773568,
          1778688,
          1779520,
          1799168,
          1779712,
          1783808,
          1774688,
          1768448,
          1767328,
          1782784,
          1774592,
          1766464,
          1768544,
          1770368,
          1773504,
          1771520,
          1762304,
          1782784,
          1776640,
          1772544,
          1785856,
          1770496,
          1774784,
          1768448,
          1767296,
          1768544,
          1781760,
          1758208,
          1762304
        ],
        "applicable": true
      },
      {
        "kernel": "onpair_shmem_4tpt_vdict",
        "decode_ms": 1.73568,
        "decode_gib_s": 386.2205437699795,
        "decode_ns_iters": [
          1748992,
          1745920,
          1760256,
          1742976,
          1738624,
          1741824,
          1744896,
          1735680,
          1761280,
          1755136,
          1757184,
          1758048,
          1752064,
          1739776,
          1745920,
          1746944,
          1745920,
          1746944,
          1748992,
          1754112,
          1793024,
          1746944,
          1741824,
          1751040,
          1737696,
          1743712,
          1736544,
          1743872,
          1743872,
          1744896
        ],
        "applicable": true
      },
      {
        "kernel": "onpair_shmem_4tpt_split8read",
        "decode_ms": 1.555456,
        "decode_gib_s": 430.9702578605103,
        "decode_ns_iters": [
          1595392,
          1560576,
          1557504,
          1568704,
          1560576,
          1558432,
          1570816,
          1581216,
          1566528,
          1557504,
          1572864,
          1571840,
          1569792,
          1573888,
          1578944,
          1563648,
          1563616,
          1570816,
          1567744,
          1565504,
          1563648,
          1581056,
          1572864,
          1560576,
          1576960,
          1557504,
          1562624,
          1555456,
          1593344,
          1566720
        ],
        "applicable": true
      },
      {
        "kernel": "onpair_shmem_4tpt_ldcs",
        "decode_ms": 1.840128,
        "decode_gib_s": 364.29817567619097,
        "decode_ns_iters": [
          1846080,
          1862656,
          1859584,
          1855488,
          1863680,
          1853440,
          1863680,
          1863680,
          1871808,
          1845248,
          1845248,
          1866752,
          1846272,
          1859616,
          1847296,
          1867776,
          1862656,
          1851392,
          1871872,
          1850368,
          1860448,
          1845248,
          1849344,
          1851392,
          1849344,
          1864704,
          1849472,
          1860576,
          1840128,
          1866752
        ],
        "applicable": true
      },
      {
        "kernel": "onpair_shmem_4tpt_lenbucket",
        "decode_ms": 0.0,
        "decode_gib_s": 0.0,
        "applicable": false,
        "reason": "length-bucket dict not built (set ONPAIR_DICT_REORDER=lenbucket)"
      },
      {
        "kernel": "onpair_shmem_4tpt_lenbucket_b128",
        "decode_ms": 0.0,
        "decode_gib_s": 0.0,
        "applicable": false,
        "reason": "length-bucket dict not built (set ONPAIR_DICT_REORDER=lenbucket)"
      },
      {
        "kernel": "onpair_shmem_4tpt_regcache",
        "decode_ms": 1.492992,
        "decode_gib_s": 449.0012494445234,
        "decode_ns_iters": [
          1509216,
          1512448,
          1506144,
          1507328,
          1504256,
          1505280,
          1503232,
          1507328,
          1507328,
          1508160,
          1509568,
          1522688,
          1505280,
          1502208,
          1504160,
          1505280,
          1508352,
          1510400,
          1492992,
          1522688,
          1517536,
          1519616,
          1519584,
          1533984,
          1509472,
          1523712,
          1528864,
          1521664,
          1525760,
          1528832
        ],
        "applicable": true
      },
      {
        "kernel": "onpair_shmem_4tpt_split4read",
        "decode_ms": 1.54944,
        "decode_gib_s": 432.64358310788276,
        "decode_ns_iters": [
          1571840,
          1569792,
          1562528,
          1565696,
          1562624,
          1562624,
          1557504,
          1559552,
          1567744,
          1560416,
          1568768,
          1571840,
          1560448,
          1549440,
          1562720,
          1555552,
          1570816,
          1565696,
          1558528,
          1559392,
          1564672,
          1556512,
          1562528,
          1571840,
          1564768,
          1565696,
          1563648,
          1560384,
          1552384,
          1573888
        ],
        "applicable": true
      },
      {
        "kernel": "onpair_shmem_4tpt_split4read_b128o12",
        "decode_ms": 1.540096,
        "decode_gib_s": 435.26849846417235,
        "decode_ns_iters": [
          1555456,
          1549248,
          1558528,
          1546240,
          1553408,
          1555456,
          1553280,
          1543168,
          1547200,
          1553408,
          1548288,
          1549152,
          1547264,
          1553312,
          1548288,
          1556352,
          1553408,
          1563552,
          1547264,
          1540096,
          1547264,
          1549280,
          1561600,
          1551360,
          1549312,
          1554400,
          1553408,
          1554432,
          1555456,
          1546144
        ],
        "applicable": true
      },
      {
        "kernel": "onpair_shmem_4tpt_cluster_dsmem",
        "decode_ms": 0.0,
        "decode_gib_s": 0.0,
        "applicable": false,
        "reason": "thread-block clusters require sm_90+ (device cc 8.x)"
      },
      {
        "kernel": "onpair_shmem_8tpt",
        "decode_ms": 1.457152,
        "decode_gib_s": 460.0448500984646,
        "decode_ns_iters": [
          1472512,
          1481728,
          1463296,
          1464288,
          1463296,
          1467392,
          1469440,
          1465344,
          1469440,
          1464320,
          1470464,
          1469440,
          1467392,
          1464320,
          1469440,
          1467392,
          1464128,
          1464256,
          1464320,
          1477632,
          1473472,
          1472512,
          1468416,
          1457152,
          1475552,
          1461248,
          1476608,
          1470464,
          1478528,
          1464256
        ],
        "applicable": true
      },
      {
        "kernel": "onpair_shmem_8tpt_b128",
        "decode_ms": 1.452032,
        "decode_gib_s": 461.6670110649613,
        "decode_ns_iters": [
          1465344,
          1455104,
          1452032,
          1460224,
          1456128,
          1461248,
          1465344,
          1456128,
          1464320,
          1465344,
          1456128,
          1459200,
          1463296,
          1466368,
          1456128,
          1463296,
          1460224,
          1460224,
          1465344,
          1456128,
          1467392,
          1452032,
          1459200,
          1464160,
          1458176,
          1461248,
          1461248,
          1461248,
          1459040,
          1465344
        ],
        "applicable": true
      },
      {
        "kernel": "onpair_shmem_4tpt_vwidth",
        "decode_ms": 1.677312,
        "decode_gib_s": 399.66045280226814,
        "decode_ns_iters": [
          1684480,
          1678336,
          1680320,
          1681408,
          1700864,
          1678336,
          1681408,
          1682432,
          1684480,
          1682432,
          1698688,
          1680384,
          1683456,
          1681408,
          1681408,
          1679360,
          1686528,
          1677312,
          1685408,
          1689600,
          1682336,
          1685472,
          1679360,
          1682432,
          1679360,
          1681536,
          1688576,
          1678336,
          1678336,
          1678336
        ],
        "applicable": true
      },
      {
        "kernel": "onpair_shmem_4tpt_vwidth_b128",
        "decode_ms": 2.62656,
        "decode_gib_s": 255.22176284215016,
        "decode_ns_iters": [
          2640896,
          2643776,
          2644992,
          2632576,
          2632704,
          2632704,
          2640896,
          2626560,
          2632704,
          2630656,
          2663424,
          2649088,
          2656256,
          2660352,
          2665472,
          2660352,
          2670528,
          2665344,
          2672640,
          2659328,
          2666496,
          2656256,
          2664448,
          2670592,
          2663456,
          2658304,
          2659328,
          2660320,
          2659328,
          2665472
        ],
        "applicable": true
      },
      {
        "kernel": "onpair_shmem_4tpt_vwidth4",
        "decode_ms": 1.54624,
        "decode_gib_s": 433.5389547616656,
        "decode_ns_iters": [
          1597440,
          1575936,
          1576960,
          1571840,
          1592320,
          1682464,
          1598464,
          1579008,
          1591296,
          1582080,
          1649664,
          1608704,
          1575936,
          1555360,
          1552384,
          1551232,
          1577984,
          1575936,
          1573888,
          1572960,
          1566720,
          1561440,
          1561600,
          1546240,
          1556480,
          1565664,
          1575936,
          1660928,
          1630016,
          1570816
        ],
        "applicable": true
      },
      {
        "kernel": "onpair_shmem_4tpt_vwidth4_b128",
        "decode_ms": 1.625088,
        "decode_gib_s": 412.50398342162265,
        "decode_ns_iters": [
          1653728,
          1631232,
          1662912,
          1637376,
          1635328,
          1642432,
          1643360,
          1651712,
          1640352,
          1641440,
          1641376,
          1640448,
          1635328,
          1642496,
          1628160,
          1642496,
          1630112,
          1653760,
          1645568,
          1637376,
          1644480,
          1625088,
          1661952,
          1636448,
          1648640,
          1643520,
          1635328,
          1645568,
          1635328,
          1635168
        ],
        "applicable": true
      },
      {
        "kernel": "onpair_shmem_4tpt_shdict8",
        "decode_ms": 1.850368,
        "decode_gib_s": 362.2821370725596,
        "decode_ns_iters": [
          1852416,
          1863680,
          1863552,
          1879040,
          1895424,
          1854496,
          1880000,
          1857536,
          1911808,
          1898496,
          1897472,
          1885184,
          1850368,
          1881088,
          1851392,
          1870848,
          1872896,
          1876992,
          1885184,
          1876992,
          1891360,
          1879968,
          1852480,
          1851392,
          1875872,
          1874944,
          1878016,
          1852416,
          1880064,
          1857536
        ],
        "applicable": true
      },
      {
        "kernel": "onpair_shmem_4tpt_ablate",
        "decode_ms": 1.528832,
        "decode_gib_s": 438.4754331481013,
        "decode_ns_iters": [
          1543168,
          1551360,
          1528832,
          1543168,
          1541984,
          1542144,
          1532928,
          1538048,
          1550336,
          1533952,
          1536000,
          1566720,
          1532800,
          1536000,
          1537024,
          1544192,
          1543168,
          1543168,
          1545216,
          1538048,
          1546240,
          1543168,
          1545216,
          1545216,
          1540096,
          1546240,
          1540160,
          1553408,
          1538048,
          1533952
        ],
        "applicable": true
      },
      {
        "kernel": "onpair_shmem_4tpt_ablate_nogather",
        "decode_ms": 1.527808,
        "decode_gib_s": 438.7693174866723,
        "decode_ns_iters": [
          1540096,
          1540160,
          1533952,
          1534976,
          1544192,
          1542112,
          1545312,
          1540096,
          1544160,
          1527808,
          1538048,
          1547264,
          1576960,
          1538048,
          1542144,
          1539072,
          1542144,
          1540096,
          1541120,
          1535968,
          1544064,
          1540192,
          1542240,
          1554432,
          1531904,
          1539072,
          1538048,
          1543168,
          1539072,
          1533920
        ],
        "applicable": true
      },
      {
        "kernel": "onpair_shmem_4tpt_ablate_noemit",
        "decode_ms": 1.585152,
        "decode_gib_s": 422.8965256396093,
        "decode_ns_iters": [
          1596416,
          1604608,
          1605632,
          1590208,
          1594368,
          1599488,
          1593344,
          1591296,
          1625088,
          1593344,
          1597440,
          1602592,
          1611744,
          1600512,
          1594368,
          1591296,
          1595392,
          1590272,
          1589184,
          1594432,
          1598496,
          1585152,
          1593312,
          1604608,
          1588224,
          1611776,
          1599488,
          1592320,
          1596416,
          1601568
        ],
        "applicable": true
      },
      {
        "kernel": "onpair_shmem_4tpt_ablate_nodrain",
        "decode_ms": 0.53248,
        "decode_gib_s": 1258.9304263271445,
        "decode_ns_iters": [
          536512,
          544768,
          547840,
          536576,
          539648,
          536672,
          542720,
          538624,
          539648,
          548864,
          545792,
          544768,
          547840,
          556032,
          540544,
          542720,
          556032,
          539648,
          538624,
          537600,
          543744,
          532480,
          533504,
          537568,
          535552,
          535552,
          542720,
          542688,
          546720,
          545792
        ],
        "applicable": true
      },
      {
        "kernel": "onpair_shmem_4tpt_ablate_noscan",
        "decode_ms": 1.570816,
        "decode_gib_s": 426.75607672106594,
        "decode_ns_iters": [
          1579008,
          1577984,
          1575936,
          1585152,
          1581056,
          1579008,
          1576960,
          1579008,
          1585152,
          1573856,
          1571840,
          1575936,
          1577088,
          1589056,
          1572864,
          1596416,
          1577984,
          1580896,
          1571840,
          1592512,
          1581056,
          1572960,
          1573888,
          1578880,
          1572864,
          1570816,
          1583264,
          1576960,
          1575776,
          1580032
        ],
        "applicable": true
      },
      {
        "kernel": "onpair_shmem_4tpt_ablate_cfree",
        "decode_ms": 1.534976,
        "decode_gib_s": 436.7203613676552,
        "decode_ns_iters": [
          1541120,
          1548288,
          1541120,
          1539072,
          1550336,
          1545216,
          1534976,
          1537024,
          1542048,
          1553408,
          1545088,
          1543168,
          1574912,
          1547264,
          1544160,
          1546240,
          1537024,
          1550336,
          1551264,
          1552512,
          1550336,
          1549312,
          1534976,
          1541120,
          1547264,
          1557504,
          1552320,
          1543168,
          1550336,
          1537952
        ],
        "applicable": true
      },
      {
        "kernel": "onpair_shmem_s8",
        "decode_ms": 0.0,
        "decode_gib_s": 0.0,
        "applicable": false,
        "reason": "dictionary entry longer than 8 bytes"
      },
      {
        "kernel": "onpair_shmem_s8_2tpt",
        "decode_ms": 0.0,
        "decode_gib_s": 0.0,
        "applicable": false,
        "reason": "dictionary entry longer than 8 bytes"
      },
      {
        "kernel": "onpair_shmem_s8_4tpt",
        "decode_ms": 0.0,
        "decode_gib_s": 0.0,
        "applicable": false,
        "reason": "dictionary entry longer than 8 bytes"
      },
      {
        "kernel": "onpair_shmem_s8_8tpt",
        "decode_ms": 0.0,
        "decode_gib_s": 0.0,
        "applicable": false,
        "reason": "dictionary entry longer than 8 bytes"
      },
      {
        "kernel": "onpair_shmem_s4l1",
        "decode_ms": 0.0,
        "decode_gib_s": 0.0,
        "applicable": false,
        "reason": "dictionary entry longer than 4 bytes"
      },
      {
        "kernel": "onpair_shmem_s4l1_2tpt",
        "decode_ms": 0.0,
        "decode_gib_s": 0.0,
        "applicable": false,
        "reason": "dictionary entry longer than 4 bytes"
      },
      {
        "kernel": "onpair_shmem_s4l1_4tpt",
        "decode_ms": 0.0,
        "decode_gib_s": 0.0,
        "applicable": false,
        "reason": "dictionary entry longer than 4 bytes"
      },
      {
        "kernel": "onpair_shmem_s4l1_8tpt",
        "decode_ms": 0.0,
        "decode_gib_s": 0.0,
        "applicable": false,
        "reason": "dictionary entry longer than 4 bytes"
      },
      {
        "kernel": "onpair_shmem_s4l1_16tpt",
        "decode_ms": 0.0,
        "decode_gib_s": 0.0,
        "applicable": false,
        "reason": "dictionary entry longer than 4 bytes"
      },
      {
        "kernel": "onpair_shmem_s4l1_32tpt",
        "decode_ms": 0.0,
        "decode_gib_s": 0.0,
        "applicable": false,
        "reason": "dictionary entry longer than 4 bytes"
      },
      {
        "kernel": "onpair_shmem_const1",
        "decode_ms": 0.0,
        "decode_gib_s": 0.0,
        "applicable": false,
        "reason": "not every dictionary entry is exactly 1 byte"
      },
      {
        "kernel": "onpair_shmem_const2",
        "decode_ms": 0.0,
        "decode_gib_s": 0.0,
        "applicable": false,
        "reason": "not every dictionary entry is exactly 2 bytes"
      }
    ]
  }
}
==PROF== Disconnected from process 19923
==PROF== Report: /home/ubuntu/work/ncu_costsurface_tpch-sf10_l_shipinstruct_b12.ncu-rep
