==PROF== Connected to process 18855 (/home/ubuntu/work/target/release/onpair-chunk-bench)
2026-07-06T03:21:51.429313Z  INFO vortex_cuda: vortex-cuda/src/lib.rs:111: Registering CUDA kernels
==PROF== Profiling "onpair_shmem_4tpt": 0%....50%....100% - 43 passes
==PROF== Profiling "onpair_shmem_4tpt": 0%....50%....100% - 43 passes
==PROF== Profiling "onpair_shmem_4tpt": 0%....50%....100% - 43 passes
==PROF== Profiling "onpair_shmem_4tpt": 0%....50%....100% - 43 passes
==PROF== Profiling "onpair_shmem_4tpt": 0%....50%....100% - 43 passes
==PROF== Profiling "onpair_shmem_4tpt": 0%....50%....100% - 43 passes
==PROF== Profiling "onpair_shmem_4tpt": 0%....50%....100% - 43 passes
==PROF== Profiling "onpair_shmem_4tpt": 0%....50%....100% - 43 passes
==PROF== Profiling "onpair_shmem_4tpt": 0%....50%....100% - 43 passes
==PROF== Profiling "onpair_shmem_4tpt": 0%....50%....100% - 43 passes
==PROF== Profiling "onpair_shmem_4tpt": 0%....50%....100% - 43 passes
==PROF== Profiling "onpair_shmem_4tpt": 0%....50%....100% - 43 passes
==PROF== Profiling "onpair_shmem_4tpt": 0%....50%....100% - 43 passes
==PROF== Profiling "onpair_shmem_4tpt": 0%....50%....100% - 43 passes
==PROF== Profiling "onpair_shmem_4tpt": 0%....50%....100% - 43 passes
==PROF== Profiling "onpair_shmem_4tpt": 0%....50%....100% - 43 passes
{
  "files": [
    "/home/ubuntu/work/vortex-bench/data/onpair-bench/tpch-sf10/ps_comment/bits16_chunk1000mb_thr0.20/part_0000.vortex"
  ],
  "column": "ps_comment",
  "rows": 8000000,
  "in_memory_bytes": 169897779,
  "dict_bytes": 772204,
  "gpu": {
    "iterations": 30,
    "decoded_bytes": 987934065,
    "chunks": 1,
    "auto_kernel": "onpair_shmem_4tpt",
    "frac_le8": 0.15770072,
    "dict_mean_len": 12.729136,
    "dict_max_len": 16,
    "dict_entries_max": 64960,
    "small_dict": false,
    "distinct_codes": 64738,
    "access_top4096_frac": 0.5136039,
    "compressed_bytes": 156061228,
    "h2d_gib_s": 20.11941354806703,
    "whole_decompress_gib_s": 94.8128388862306,
    "best_kernel": "onpair_shmem",
    "auto_decode_ms": 2.480192,
    "best_decode_ms": 2.207744,
    "validated": false,
    "auto_decode_gib_s": 370.97341535096297,
    "best_decode_gib_s": 416.7536167989294,
    "kernels": [
      {
        "kernel": "onpair_shmem",
        "decode_ms": 2.207744,
        "decode_gib_s": 416.7536167989294,
        "decode_ns_iters": [
          2217984,
          2208768,
          2208768,
          2208768,
          2207744,
          2210816,
          2208768,
          2208928,
          2230272,
          2208768,
          2213888,
          2208768,
          2211776,
          2207744,
          2212032,
          2211872,
          2229248,
          2273280,
          2273280,
          2273344,
          2273280,
          2284544,
          2274304,
          2282336,
          2276352,
          2290688,
          2289664,
          2287616,
          2292608,
          2288640
        ],
        "applicable": true
      },
      {
        "kernel": "onpair_shmem_2tpt",
        "decode_ms": 2.256896,
        "decode_gib_s": 407.6773129847966,
        "decode_ns_iters": [
          2266080,
          2330624,
          2395008,
          2407424,
          2397184,
          2402304,
          2401152,
          2420736,
          2398208,
          2368512,
          2378752,
          2340800,
          2258944,
          2256896,
          2258944,
          2270208,
          2265088,
          2266112,
          2273280,
          2266944,
          2275328,
          2267104,
          2265088,
          2265088,
          2272256,
          2288640,
          2306048,
          2345984,
          2398208,
          2409312
        ],
        "applicable": true
      },
      {
        "kernel": "onpair_shmem_4tpt",
        "decode_ms": 2.480192,
        "decode_gib_s": 370.97341535096297,
        "decode_ns_iters": [
          1901350975,
          1907549024,
          1900078177,
          1911972880,
          1905459285,
          1911449552,
          1904412746,
          1904527307,
          1911004186,
          1898816586,
          1908190131,
          1911864400,
          1909925818,
          1911138296,
          2508800,
          2485248,
          2520064,
          2487296,
          2484224,
          2486272,
          2484224,
          2480192,
          2501632,
          2486272,
          2483200,
          2504704,
          2485248,
          2485248,
          2499584,
          2487296
        ],
        "applicable": true
      },
      {
        "kernel": "onpair_shmem_4tpt_wpb8",
        "decode_ms": 2.499488,
        "decode_gib_s": 368.1095076136135,
        "decode_ns_iters": [
          2501568,
          2499488,
          2504704,
          2514912,
          2503680,
          2502656,
          2503680,
          2499584,
          2502656,
          2500608,
          2499584,
          2503680,
          2502656,
          2503680,
          2518016,
          2521088,
          2520192,
          2520064,
          2522112,
          2521216,
          2519040,
          2528256,
          2568192,
          2537472,
          2538496,
          2540544,
          2539520,
          2538496,
          2540544,
          2553856
        ],
        "applicable": true
      },
      {
        "kernel": "onpair_shmem_4tpt_wpb8_occ",
        "decode_ms": 2.547712,
        "decode_gib_s": 361.1417997662748,
        "decode_ns_iters": [
          2554880,
          2551808,
          2552736,
          2550944,
          2552832,
          2551808,
          2577376,
          2551808,
          2551808,
          2552672,
          2551872,
          2547712,
          2553824,
          2555904,
          2550784,
          2552832,
          2552832,
          2551808,
          2551808,
          2552832,
          2553856,
          2547712,
          2551808,
          2553856,
          2568192,
          2552832,
          2551808,
          2553856,
          2550784,
          2551808
        ],
        "applicable": true
      },
      {
        "kernel": "onpair_shmem_4tpt_b128",
        "decode_ms": 2.56,
        "decode_gib_s": 359.4083191273966,
        "decode_ns_iters": [
          2562016,
          2579456,
          2560928,
          2561024,
          2563072,
          2562048,
          2560000,
          2562048,
          2568192,
          2580480,
          2580448,
          2580480,
          2581504,
          2579456,
          2580544,
          2579552,
          2581344,
          2579392,
          2581504,
          2581504,
          2579456,
          2578432,
          2581504,
          2578432,
          2581568,
          2580480,
          2581504,
          2579456,
          2580480,
          2579616
        ],
        "applicable": true
      },
      {
        "kernel": "onpair_shmem_4tpt_o6",
        "decode_ms": 2.571264,
        "decode_gib_s": 357.8338501865757,
        "decode_ns_iters": [
          2595840,
          2594816,
          2594816,
          2594816,
          2594720,
          2594816,
          2585600,
          2594816,
          2576384,
          2576384,
          2576256,
          2593792,
          2576352,
          2576384,
          2576384,
          2595712,
          2576384,
          2577408,
          2572288,
          2572192,
          2574336,
          2576384,
          2573280,
          2578432,
          2573376,
          2571264,
          2577408,
          2578432,
          2577472,
          2577344
        ],
        "applicable": true
      },
      {
        "kernel": "onpair_shmem_4tpt_b512o3",
        "decode_ms": 2.52416,
        "decode_gib_s": 364.51147984522987,
        "decode_ns_iters": [
          2570240,
          2546688,
          2545792,
          2545792,
          2546688,
          2546688,
          2547712,
          2570400,
          2547712,
          2547680,
          2540544,
          2530304,
          2528096,
          2528256,
          2545792,
          2529280,
          2529280,
          2528256,
          2529216,
          2530304,
          2527232,
          2524160,
          2528256,
          2529280,
          2548736,
          2548736,
          2546688,
          2547712,
          2548736,
          2545664
        ],
        "applicable": true
      },
      {
        "kernel": "onpair_shmem_4tpt_b128o12",
        "decode_ms": 2.584576,
        "decode_gib_s": 355.9908073765815,
        "decode_ns_iters": [
          2589696,
          2597888,
          2588672,
          2588672,
          2590720,
          2588640,
          2592608,
          2589696,
          2589696,
          2592768,
          2590720,
          2588672,
          2589696,
          2589696,
          2607104,
          2590720,
          2588672,
          2592768,
          2589696,
          2589696,
          2589696,
          2590720,
          2590816,
          2589696,
          2590720,
          2588672,
          2584576,
          2585504,
          2584576,
          2584576
        ],
        "applicable": true
      },
      {
        "kernel": "onpair_shmem_4tpt_b64",
        "decode_ms": 2.574336,
        "decode_gib_s": 357.40684081881136,
        "decode_ns_iters": [
          2600960,
          2575360,
          2574336,
          2575360,
          2580480,
          2579456,
          2580480,
          2579456,
          2580544,
          2579456,
          2580480,
          2580480,
          2579456,
          2581664,
          2579648,
          2579456,
          2576480,
          2579296,
          2588672,
          2599072,
          2597856,
          2599936,
          2604064,
          2599936,
          2614272,
          2599776,
          2597888,
          2597888,
          2598048,
          2599936
        ],
        "applicable": true
      },
      {
        "kernel": "onpair_shmem_4tpt_b64o24",
        "decode_ms": 2.586624,
        "decode_gib_s": 355.7089460880806,
        "decode_ns_iters": [
          2599936,
          2587648,
          2589696,
          2601984,
          2588672,
          2586624,
          2588672,
          2591744,
          2587648,
          2587648,
          2588672,
          2588672,
          2587552,
          2588512,
          2589600,
          2586624,
          2587648,
          2587648,
          2588672,
          2586624,
          2596864,
          2587648,
          2597888,
          2607104,
          2626560,
          2607104,
          2607104,
          2606080,
          2608064,
          2606080
        ],
        "applicable": true
      },
      {
        "kernel": "onpair_shmem_4tpt_split8read_b128o12",
        "decode_ms": 3.345408,
        "decode_gib_s": 275.0293228706739,
        "decode_ns_iters": [
          3399552,
          3397632,
          3396608,
          3375104,
          3371872,
          3372032,
          3372928,
          3373056,
          3365792,
          3349504,
          3347456,
          3347424,
          3348480,
          3345408,
          3361792,
          3348480,
          3351552,
          3347456,
          3347456,
          3347456,
          3346432,
          3345408,
          3347456,
          3348480,
          3347456,
          3346432,
          3346528,
          3347456,
          3346432,
          3349376
        ],
        "applicable": true
      },
      {
        "kernel": "onpair_shmem_4tpt_split8read_occ",
        "decode_ms": 3.355648,
        "decode_gib_s": 274.1900512110136,
        "decode_ns_iters": [
          3357696,
          3356672,
          3374272,
          3355648,
          3358720,
          3380224,
          3379200,
          3382272,
          3381248,
          3380224,
          3389504,
          3429376,
          3404800,
          3405760,
          3406848,
          3406880,
          3406848,
          3406816,
          3405824,
          3406848,
          3407872,
          3406848,
          3407808,
          3422208,
          3407872,
          3406848,
          3406848,
          3406848,
          3409920,
          3405888
        ],
        "applicable": true
      },
      {
        "kernel": "onpair_shmem_4tpt_split8",
        "decode_ms": 2.563072,
        "decode_gib_s": 358.97754607211016,
        "decode_ns_iters": [
          2583552,
          2571264,
          2563072,
          2563072,
          2566144,
          2563072,
          2563232,
          2564128,
          2568192,
          2599936,
          2601984,
          2603008,
          2600960,
          2603968,
          2599936,
          2601984,
          2600960,
          2604032,
          2603040,
          2601984,
          2603008,
          2606080,
          2601984,
          2603968,
          2604032,
          2601984,
          2612224,
          2603072,
          2604064,
          2603008
        ],
        "applicable": true
      },
      {
        "kernel": "onpair_shmem_4tpt_split8_wpb8",
        "decode_ms": 2.581504,
        "decode_gib_s": 356.41443784946125,
        "decode_ns_iters": [
          2620544,
          2623488,
          2622464,
          2622464,
          2621440,
          2614272,
          2603008,
          2605056,
          2601984,
          2605056,
          2603008,
          2606080,
          2601984,
          2605056,
          2607104,
          2604032,
          2604032,
          2604032,
          2601984,
          2611200,
          2595840,
          2583552,
          2583552,
          2599936,
          2581504,
          2584576,
          2582656,
          2600960,
          2583552,
          2583552
        ],
        "applicable": true
      },
      {
        "kernel": "onpair_shmem_4tpt_split8_wpb8_occ",
        "decode_ms": 2.581504,
        "decode_gib_s": 356.41443784946125,
        "decode_ns_iters": [
          2601984,
          2603008,
          2588576,
          2583552,
          2583552,
          2584576,
          2583552,
          2584576,
          2583552,
          2592768,
          2601984,
          2601984,
          2601984,
          2603008,
          2619392,
          2601984,
          2598912,
          2584576,
          2581504,
          2584448,
          2583552,
          2584512,
          2583552,
          2583552,
          2620416,
          2622464,
          2623488,
          2640896,
          2622304,
          2621440
        ],
        "applicable": true
      },
      {
        "kernel": "onpair_shmem_4tpt_pdict",
        "decode_ms": 0.0,
        "decode_gib_s": 0.0,
        "applicable": false,
        "reason": "padded dict needs 1120960 B shared, over 102400 B cap"
      },
      {
        "kernel": "onpair_shmem_4tpt_vdict",
        "decode_ms": 0.0,
        "decode_gib_s": 0.0,
        "applicable": false,
        "reason": "packed dict needs 788864 B shared, over 102400 B cap"
      },
      {
        "kernel": "onpair_shmem_4tpt_split8read",
        "decode_ms": 3.270656,
        "decode_gib_s": 281.3152153470544,
        "decode_ns_iters": [
          3344384,
          3344384,
          3344384,
          3346432,
          3347456,
          3321856,
          3347456,
          3320832,
          3339328,
          3320832,
          3314688,
          3295232,
          3311616,
          3295200,
          3303424,
          3294208,
          3295232,
          3296256,
          3296416,
          3295232,
          3296256,
          3287040,
          3270656,
          3271552,
          3270656,
          3287040,
          3272704,
          3270656,
          3271680,
          3271680
        ],
        "applicable": true
      },
      {
        "kernel": "onpair_shmem_4tpt_ldcs",
        "decode_ms": 2.516992,
        "decode_gib_s": 365.54955159417887,
        "decode_ns_iters": [
          2518912,
          2518016,
          2520064,
          2516992,
          2518016,
          2520064,
          2516992,
          2519040,
          2517056,
          2529280,
          2561920,
          2539520,
          2536448,
          2539520,
          2538496,
          2537472,
          2537472,
          2554880,
          2536480,
          2536448,
          2537472,
          2536448,
          2537472,
          2537472,
          2551808,
          2555904,
          2555040,
          2554880,
          2555904,
          2554880
        ],
        "applicable": true
      },
      {
        "kernel": "onpair_shmem_4tpt_lenbucket",
        "decode_ms": 0.0,
        "decode_gib_s": 0.0,
        "applicable": false,
        "reason": "length-bucket dict not built (set ONPAIR_DICT_REORDER=lenbucket)"
      },
      {
        "kernel": "onpair_shmem_4tpt_lenbucket_b128",
        "decode_ms": 0.0,
        "decode_gib_s": 0.0,
        "applicable": false,
        "reason": "length-bucket dict not built (set ONPAIR_DICT_REORDER=lenbucket)"
      },
      {
        "kernel": "onpair_shmem_4tpt_regcache",
        "decode_ms": 2.587584,
        "decode_gib_s": 355.5769771980873,
        "decode_ns_iters": [
          2591744,
          2588672,
          2588672,
          2587648,
          2591616,
          2587584,
          2598720,
          2607104,
          2609152,
          2607136,
          2633728,
          2607104,
          2609152,
          2608128,
          2610176,
          2610176,
          2608128,
          2610176,
          2608096,
          2624512,
          2608128,
          2610176,
          2607104,
          2608128,
          2609152,
          2602912,
          2611200,
          2611072,
          2626560,
          2627584
        ],
        "applicable": true
      },
      {
        "kernel": "onpair_shmem_4tpt_split4read",
        "decode_ms": 3.395584,
        "decode_gib_s": 270.96525869073935,
        "decode_ns_iters": [
          3450880,
          3472256,
          3425280,
          3427168,
          3426304,
          3424256,
          3443712,
          3412992,
          3401728,
          3400704,
          3399680,
          3400704,
          3395584,
          3397632,
          3400704,
          3401600,
          3401728,
          3400704,
          3409920,
          3400704,
          3400704,
          3399680,
          3401728,
          3396736,
          3399840,
          3420000,
          3399712,
          3401728,
          3399840,
          3399680
        ],
        "applicable": true
      },
      {
        "kernel": "onpair_shmem_4tpt_split4read_b128o12",
        "decode_ms": 3.473408,
        "decode_gib_s": 264.8941031304516,
        "decode_ns_iters": [
          3475456,
          3474432,
          3491776,
          3474432,
          3474432,
          3492864,
          3475392,
          3475456,
          3474432,
          3475456,
          3476480,
          3474496,
          3475456,
          3475392,
          3474496,
          3473408,
          3475456,
          3474432,
          3476352,
          3474432,
          3474432,
          3476480,
          3474432,
          3475456,
          3475456,
          3479392,
          3474432,
          3474432,
          3489792,
          3475456
        ],
        "applicable": true
      },
      {
        "kernel": "onpair_shmem_4tpt_cluster_dsmem",
        "decode_ms": 0.0,
        "decode_gib_s": 0.0,
        "applicable": false,
        "reason": "thread-block clusters require sm_90+ (device cc 8.x)"
      },
      {
        "kernel": "onpair_shmem_8tpt",
        "decode_ms": 2.517984,
        "decode_gib_s": 365.40553751180926,
        "decode_ns_iters": [
          2520064,
          2518976,
          2518112,
          2517984,
          2532352,
          2518016,
          2520064,
          2518016,
          2518112,
          2521088,
          2519040,
          2529280,
          2518016,
          2524160,
          2538496,
          2536448,
          2539520,
          2556928,
          2536448,
          2537472,
          2536448,
          2537472,
          2538496,
          2536448,
          2552832,
          2537408,
          2535424,
          2537440,
          2536448,
          2538368
        ],
        "applicable": true
      },
      {
        "kernel": "onpair_shmem_8tpt_b128",
        "decode_ms": 2.541568,
        "decode_gib_s": 362.0148258736873,
        "decode_ns_iters": [
          2549760,
          2549664,
          2545664,
          2547840,
          2546688,
          2549760,
          2546688,
          2545728,
          2549664,
          2541568,
          2547712,
          2548736,
          2548736,
          2546688,
          2548736,
          2549760,
          2548736,
          2547712,
          2567072,
          2566144,
          2567168,
          2567136,
          2566016,
          2566976,
          2567168,
          2578432,
          2591744,
          2586624,
          2586624,
          2588672
        ],
        "applicable": true
      },
      {
        "kernel": "onpair_shmem_4tpt_vwidth",
        "decode_ms": 7.313408,
        "decode_gib_s": 125.80800865562752,
        "decode_ns_iters": [
          7499776,
          7465984,
          7426912,
          7443456,
          7370656,
          7355328,
          7365632,
          7371776,
          7364704,
          7324672,
          7322624,
          7361536,
          7348224,
          7320576,
          7317504,
          7356416,
          7333888,
          7335808,
          7316480,
          7321600,
          7324608,
          7325696,
          7335936,
          7363648,
          7361408,
          7355360,
          7313408,
          7324672,
          7384928,
          7387136
        ],
        "applicable": true
      },
      {
        "kernel": "onpair_shmem_4tpt_vwidth_b128",
        "decode_ms": 9.12384,
        "decode_gib_s": 100.84408505258044,
        "decode_ns_iters": [
          9198592,
          9197568,
          9205760,
          9196544,
          9177088,
          9123840,
          9133056,
          9127936,
          9132032,
          9195521,
          9206784,
          9189312,
          9192511,
          9187329,
          9197568,
          9205856,
          9194496,
          9170111,
          9129953,
          9146368,
          9196544,
          9190400,
          9127936,
          9141248,
          9125887,
          9131008,
          9151489,
          9127904,
          9183233,
          9198592
        ],
        "applicable": true
      },
      {
        "kernel": "onpair_shmem_4tpt_vwidth4",
        "decode_ms": 2.689024,
        "decode_gib_s": 342.1632893444371,
        "decode_ns_iters": [
          2690048,
          2690048,
          2691200,
          2691072,
          2689024,
          2704384,
          2771904,
          2770944,
          2769920,
          2769920,
          2767840,
          2771968,
          2769920,
          2808832,
          2811904,
          2810880,
          2811904,
          2811904,
          2813952,
          2810880,
          2809856,
          2810880,
          2811872,
          2808832,
          2810880,
          2811904,
          2808832,
          2813824,
          2810880,
          2812928
        ],
        "applicable": true
      },
      {
        "kernel": "onpair_shmem_4tpt_vwidth4_b128",
        "decode_ms": 2.869248,
        "decode_gib_s": 320.6712340537087,
        "decode_ns_iters": [
          2917184,
          2870272,
          2869248,
          2871296,
          2876416,
          2884608,
          2872480,
          2880512,
          2893824,
          2893824,
          2892800,
          2890752,
          2893824,
          2895872,
          2916352,
          2917248,
          2915328,
          2918400,
          2915328,
          2931712,
          2917376,
          2915328,
          2915328,
          2917376,
          2917440,
          2916352,
          2914304,
          2916352,
          2917376,
          2914304
        ],
        "applicable": true
      },
      {
        "kernel": "onpair_shmem_4tpt_shdict8",
        "decode_ms": 0.0,
        "decode_gib_s": 0.0,
        "applicable": false,
        "reason": "dict_s8 + staging needs 601280 B shared, over 229376 B cap"
      },
      {
        "kernel": "onpair_shmem_4tpt_ablate",
        "decode_ms": 2.607104,
        "decode_gib_s": 352.91468885251044,
        "decode_ns_iters": [
          2686976,
          2689984,
          2668544,
          2666496,
          2665664,
          2667520,
          2668544,
          2666496,
          2655232,
          2646016,
          2647040,
          2647040,
          2646016,
          2666496,
          2647040,
          2631680,
          2609056,
          2609152,
          2625536,
          2608128,
          2608128,
          2610144,
          2607136,
          2609152,
          2608992,
          2608128,
          2609152,
          2609152,
          2608128,
          2607104
        ],
        "applicable": true
      },
      {
        "kernel": "onpair_shmem_4tpt_ablate_nogather",
        "decode_ms": 1.975296,
        "decode_gib_s": 465.79616268454726,
        "decode_ns_iters": [
          1993728,
          1984512,
          1984512,
          1977344,
          1990656,
          1990656,
          1982464,
          1991552,
          1979392,
          1980416,
          1985536,
          1978368,
          2001920,
          1985536,
          1978272,
          1982464,
          1975296,
          1983488,
          1976416,
          2000768,
          1983488,
          1980416,
          1979392,
          1978368,
          1981440,
          1995776,
          1984352,
          1993728,
          1982464,
          1982272
        ],
        "applicable": true
      },
      {
        "kernel": "onpair_shmem_4tpt_ablate_noemit",
        "decode_ms": 1.995776,
        "decode_gib_s": 461.01631494022155,
        "decode_ns_iters": [
          1995776,
          2003968,
          2001920,
          2003904,
          2003968,
          2011136,
          2003968,
          1999872,
          2000896,
          1998848,
          2004992,
          2004896,
          2001920,
          2000896,
          2002944,
          2017280,
          2003968,
          2000896,
          2009088,
          2006976,
          2013184,
          2007040,
          2009088,
          2007040,
          2000896,
          1999872,
          2002944,
          2000896,
          2007040,
          2000896
        ],
        "applicable": true
      },
      {
        "kernel": "onpair_shmem_4tpt_ablate_nodrain",
        "decode_ms": 2.219008,
        "decode_gib_s": 414.6381162060414,
        "decode_ns_iters": [
          2223104,
          2221056,
          2219008,
          2224128,
          2223968,
          2224128,
          2224096,
          2223232,
          2224128,
          2222240,
          2222080,
          2219008,
          2228224,
          2223104,
          2236416,
          2219008,
          2224128,
          2223968,
          2223104,
          2224192,
          2220032,
          2225152,
          2224128,
          2225152,
          2224128,
          2223936,
          2221056,
          2220032,
          2220032,
          2219008
        ],
        "applicable": true
      },
      {
        "kernel": "onpair_shmem_4tpt_ablate_noscan",
        "decode_ms": 2.251776,
        "decode_gib_s": 408.60427367825906,
        "decode_ns_iters": [
          2259840,
          2257920,
          2251776,
          2255872,
          2255872,
          2257920,
          2256896,
          2255872,
          2260992,
          2255872,
          2255872,
          2262016,
          2255872,
          2258752,
          2252704,
          2253824,
          2256896,
          2257920,
          2281472,
          2255872,
          2257760,
          2255008,
          2257920,
          2256896,
          2251776,
          2251776,
          2252800,
          2256896,
          2257920,
          2255872
        ],
        "applicable": true
      },
      {
        "kernel": "onpair_shmem_4tpt_ablate_cfree",
        "decode_ms": 2.537472,
        "decode_gib_s": 362.5991920171475,
        "decode_ns_iters": [
          2543616,
          2537472,
          2538496,
          2558048,
          2542752,
          2556736,
          2579392,
          2578432,
          2578432,
          2580480,
          2579456,
          2577408,
          2580480,
          2598912,
          2597888,
          2598912,
          2596864,
          2598976,
          2598912,
          2617344,
          2598912,
          2598912,
          2597888,
          2599936,
          2596864,
          2599936,
          2596864,
          2598912,
          2606080,
          2597888
        ],
        "applicable": true
      },
      {
        "kernel": "onpair_shmem_s8",
        "decode_ms": 0.0,
        "decode_gib_s": 0.0,
        "applicable": false,
        "reason": "dictionary entry longer than 8 bytes"
      },
      {
        "kernel": "onpair_shmem_s8_2tpt",
        "decode_ms": 0.0,
        "decode_gib_s": 0.0,
        "applicable": false,
        "reason": "dictionary entry longer than 8 bytes"
      },
      {
        "kernel": "onpair_shmem_s8_4tpt",
        "decode_ms": 0.0,
        "decode_gib_s": 0.0,
        "applicable": false,
        "reason": "dictionary entry longer than 8 bytes"
      },
      {
        "kernel": "onpair_shmem_s8_8tpt",
        "decode_ms": 0.0,
        "decode_gib_s": 0.0,
        "applicable": false,
        "reason": "dictionary entry longer than 8 bytes"
      },
      {
        "kernel": "onpair_shmem_s4l1",
        "decode_ms": 0.0,
        "decode_gib_s": 0.0,
        "applicable": false,
        "reason": "dictionary entry longer than 4 bytes"
      },
      {
        "kernel": "onpair_shmem_s4l1_2tpt",
        "decode_ms": 0.0,
        "decode_gib_s": 0.0,
        "applicable": false,
        "reason": "dictionary entry longer than 4 bytes"
      },
      {
        "kernel": "onpair_shmem_s4l1_4tpt",
        "decode_ms": 0.0,
        "decode_gib_s": 0.0,
        "applicable": false,
        "reason": "dictionary entry longer than 4 bytes"
      },
      {
        "kernel": "onpair_shmem_s4l1_8tpt",
        "decode_ms": 0.0,
        "decode_gib_s": 0.0,
        "applicable": false,
        "reason": "dictionary entry longer than 4 bytes"
      },
      {
        "kernel": "onpair_shmem_s4l1_16tpt",
        "decode_ms": 0.0,
        "decode_gib_s": 0.0,
        "applicable": false,
        "reason": "dictionary entry longer than 4 bytes"
      },
      {
        "kernel": "onpair_shmem_s4l1_32tpt",
        "decode_ms": 0.0,
        "decode_gib_s": 0.0,
        "applicable": false,
        "reason": "dictionary entry longer than 4 bytes"
      },
      {
        "kernel": "onpair_shmem_const1",
        "decode_ms": 0.0,
        "decode_gib_s": 0.0,
        "applicable": false,
        "reason": "not every dictionary entry is exactly 1 byte"
      },
      {
        "kernel": "onpair_shmem_const2",
        "decode_ms": 0.0,
        "decode_gib_s": 0.0,
        "applicable": false,
        "reason": "not every dictionary entry is exactly 2 bytes"
      }
    ]
  }
}
==PROF== Disconnected from process 18855
==PROF== Report: /home/ubuntu/work/ncu_costsurface_tpch-sf10_ps_comment_b16.ncu-rep
