==PROF== Connected to process 29551 (/home/ubuntu/work/target/release/onpair-chunk-bench)
2026-07-06T03:40:50.203600Z  INFO vortex_cuda: vortex-cuda/src/lib.rs:111: Registering CUDA kernels
==WARNING== Unable to access the following 6 metrics: ctc__rx_bytes_data_user.sum, ctc__rx_bytes_data_user.sum.pct_of_peak_sustained_elapsed, ctc__rx_bytes_data_user.sum.per_second, ctc__tx_bytes_data_user.sum, ctc__tx_bytes_data_user.sum.pct_of_peak_sustained_elapsed, ctc__tx_bytes_data_user.sum.per_second.


==PROF== Profiling "onpair_shmem_4tpt": 0%....50%....100% - 40 passes
==PROF== Profiling "onpair_shmem_4tpt": 0%....50%....100% - 40 passes
==PROF== Profiling "onpair_shmem_4tpt": 0%....50%....100% - 40 passes
==PROF== Profiling "onpair_shmem_4tpt": 0%....50%....100% - 40 passes
==PROF== Profiling "onpair_shmem_4tpt": 0%....50%....100% - 40 passes
==PROF== Profiling "onpair_shmem_4tpt": 0%....50%....100% - 40 passes
==PROF== Profiling "onpair_shmem_4tpt": 0%....50%....100% - 40 passes
==PROF== Profiling "onpair_shmem_4tpt": 0%....50%....100% - 40 passes
==PROF== Profiling "onpair_shmem_4tpt": 0%....50%....100% - 40 passes
==PROF== Profiling "onpair_shmem_4tpt": 0%....50%....100% - 40 passes
==PROF== Profiling "onpair_shmem_4tpt": 0%....50%....100% - 40 passes
==PROF== Profiling "onpair_shmem_4tpt": 0%....50%....100% - 40 passes
==PROF== Profiling "onpair_shmem_4tpt": 0%....50%....100% - 40 passes
==PROF== Profiling "onpair_shmem_4tpt": 0%....50%....100% - 40 passes
==PROF== Profiling "onpair_shmem_4tpt": 0%....50%....100% - 40 passes
==PROF== Profiling "onpair_shmem_4tpt": 0%....50%....100% - 40 passes
{
  "files": [
    "/home/ubuntu/work/vortex-bench/data/onpair-bench/fineweb/text/bits16_chunk1000mb_thr0.20/part_0000.vortex"
  ],
  "column": "text",
  "rows": 324253,
  "in_memory_bytes": 348542981,
  "dict_bytes": 475031,
  "gpu": {
    "iterations": 30,
    "decoded_bytes": 999998604,
    "chunks": 1,
    "auto_kernel": "onpair_shmem_4tpt_b128o12",
    "frac_le8": 0.8187545,
    "dict_mean_len": 5.7658925,
    "dict_max_len": 16,
    "dict_entries_max": 65536,
    "small_dict": false,
    "distinct_codes": 65462,
    "access_top4096_frac": 0.46275446,
    "compressed_bytes": 347407471,
    "h2d_gib_s": 10.255783338782573,
    "whole_decompress_gib_s": 28.20976991561013,
    "best_kernel": "onpair_shmem_4tpt_b128",
    "auto_decode_ms": 1.46624,
    "best_decode_ms": 1.45872,
    "validated": false,
    "auto_decode_gib_s": 635.1765566954689,
    "best_decode_gib_s": 638.4510217787954,
    "kernels": [
      {
        "kernel": "onpair_shmem",
        "decode_ms": 1.76816,
        "decode_gib_s": 526.7177599816557,
        "decode_ns_iters": [
          1768192,
          1774208,
          1772160,
          1768160,
          1775296,
          1774752,
          1775008,
          1773760,
          1771552,
          1774848,
          1774016,
          1775136,
          1773408,
          1773888,
          1774144,
          1773184,
          1774720,
          1774656,
          1772320,
          1772416,
          1774528,
          1790464,
          1774208,
          1773760,
          1774048,
          1788736,
          1791616,
          1773920,
          1773376,
          1774016
        ],
        "applicable": true
      },
      {
        "kernel": "onpair_shmem_2tpt",
        "decode_ms": 1.537984,
        "decode_gib_s": 605.5467901416167,
        "decode_ns_iters": [
          1543456,
          1544224,
          1544256,
          1543392,
          1548672,
          1546016,
          1545856,
          1544480,
          1543584,
          1546368,
          1543040,
          1545184,
          1562816,
          1545408,
          1542304,
          1561632,
          1543040,
          1543552,
          1560288,
          1543968,
          1546016,
          1545088,
          1538464,
          1551904,
          1543584,
          1545216,
          1583680,
          1545024,
          1537984,
          1545056
        ],
        "applicable": true
      },
      {
        "kernel": "onpair_shmem_4tpt",
        "decode_ms": 1.592384,
        "decode_gib_s": 584.8597288651257,
        "decode_ns_iters": [
          3232935905,
          3244595528,
          3238588572,
          3258882523,
          3252787113,
          3277287960,
          3251374722,
          3226867199,
          3264102221,
          3239214420,
          3253341198,
          3251732111,
          3250756264,
          3247304916,
          1627008,
          1596320,
          1682688,
          1593056,
          1592384,
          1594176,
          1616288,
          1601600,
          1595168,
          1593600,
          1594432,
          1593216,
          1601728,
          1592608,
          1596032,
          1598560
        ],
        "applicable": true
      },
      {
        "kernel": "onpair_shmem_4tpt_wpb8",
        "decode_ms": 1.554752,
        "decode_gib_s": 599.0159681345734,
        "decode_ns_iters": [
          1555904,
          1568096,
          1555488,
          1557504,
          1557056,
          1556640,
          1571008,
          1558848,
          1564768,
          1556672,
          1554752,
          1556448,
          1563072,
          1566944,
          1557472,
          1558048,
          1556736,
          1558752,
          1578592,
          1556480,
          1557792,
          1559072,
          1562720,
          1563648,
          1563936,
          1558272,
          1555008,
          1573792,
          1565600,
          1558112
        ],
        "applicable": true
      },
      {
        "kernel": "onpair_shmem_4tpt_wpb8_occ",
        "decode_ms": 1.4896,
        "decode_gib_s": 625.215678362758,
        "decode_ns_iters": [
          1490464,
          1494336,
          1493632,
          1507904,
          1496704,
          1495968,
          1489600,
          1492864,
          1497184,
          1493856,
          1495040,
          1496096,
          1494080,
          1502432,
          1489792,
          1494848,
          1494272,
          1495264,
          1509920,
          1494720,
          1496064,
          1493408,
          1493440,
          1495808,
          1497152,
          1494272,
          1495808,
          1496320,
          1494272,
          1535840
        ],
        "applicable": true
      },
      {
        "kernel": "onpair_shmem_4tpt_b128",
        "decode_ms": 1.45872,
        "decode_gib_s": 638.4510217787954,
        "decode_ns_iters": [
          1478432,
          1466464,
          1463552,
          1458720,
          1468704,
          1465696,
          1466336,
          1468256,
          1467072,
          1482944,
          1468256,
          1460512,
          1466688,
          1468480,
          1465664,
          1466080,
          1459904,
          1464480,
          1465312,
          1481984,
          1468576,
          1460448,
          1467584,
          1460768,
          1466208,
          1460064,
          1466560,
          1467680,
          1467200,
          1466080
        ],
        "applicable": true
      },
      {
        "kernel": "onpair_shmem_4tpt_o6",
        "decode_ms": 1.472832,
        "decode_gib_s": 632.3336772212747,
        "decode_ns_iters": [
          1477920,
          1480864,
          1482336,
          1483264,
          1492864,
          1496192,
          1481088,
          1483744,
          1483424,
          1484096,
          1484576,
          1496064,
          1474656,
          1482048,
          1481120,
          1496864,
          1495968,
          1483168,
          1499136,
          1474432,
          1482848,
          1473600,
          1482336,
          1475616,
          1474912,
          1495040,
          1482208,
          1472832,
          1482560,
          1474976
        ],
        "applicable": true
      },
      {
        "kernel": "onpair_shmem_4tpt_b512o3",
        "decode_ms": 1.504864,
        "decode_gib_s": 618.8740474150251,
        "decode_ns_iters": [
          1523840,
          1511680,
          1504864,
          1509568,
          1507168,
          1525152,
          1511328,
          1510304,
          1510208,
          1511904,
          1509792,
          1511072,
          1509280,
          1511328,
          1511008,
          1511328,
          1521856,
          1509856,
          1508960,
          1510592,
          1513920,
          1513184,
          1512224,
          1524896,
          1509600,
          1510240,
          1509792,
          1511712,
          1510336,
          1511104
        ],
        "applicable": true
      },
      {
        "kernel": "onpair_shmem_4tpt_b128o12",
        "decode_ms": 1.46624,
        "decode_gib_s": 635.1765566954689,
        "decode_ns_iters": [
          1484480,
          1470432,
          1468416,
          1466368,
          1469664,
          1467264,
          1467520,
          1466240,
          1468640,
          1468096,
          1483328,
          1469536,
          1468768,
          1468992,
          1468032,
          1467232,
          1468704,
          1484384,
          1467168,
          1467552,
          1470368,
          1467360,
          1481600,
          1467744,
          1486144,
          1484832,
          1470368,
          1469792,
          1469888,
          1470304
        ],
        "applicable": true
      },
      {
        "kernel": "onpair_shmem_4tpt_b64",
        "decode_ms": 1.464288,
        "decode_gib_s": 636.0232922001439,
        "decode_ns_iters": [
          1471296,
          1469216,
          1471456,
          1471680,
          1470496,
          1471840,
          1469152,
          1464288,
          1481472,
          1484192,
          1472832,
          1473312,
          1470784,
          1472384,
          1471200,
          1472672,
          1471264,
          1471072,
          1471680,
          1469856,
          1472096,
          1469792,
          1483840,
          1487712,
          1486112,
          1468320,
          1470976,
          1469728,
          1470912,
          1472960
        ],
        "applicable": true
      },
      {
        "kernel": "onpair_shmem_4tpt_b64o24",
        "decode_ms": 1.466976,
        "decode_gib_s": 634.8578807623059,
        "decode_ns_iters": [
          1471424,
          1472736,
          1486720,
          1469888,
          1471008,
          1471552,
          1471456,
          1485760,
          1469504,
          1470176,
          1471968,
          1471296,
          1472832,
          1472160,
          1472672,
          1479168,
          1466976,
          1471328,
          1473184,
          1471808,
          1472128,
          1471744,
          1471168,
          1484704,
          1469504,
          1471616,
          1471968,
          1470784,
          1470912,
          1487328
        ],
        "applicable": true
      },
      {
        "kernel": "onpair_shmem_4tpt_split8read_b128o12",
        "decode_ms": 1.466944,
        "decode_gib_s": 634.8717295882899,
        "decode_ns_iters": [
          1482048,
          1477408,
          1476768,
          1477536,
          1469888,
          1477248,
          1469856,
          1469472,
          1477632,
          1470304,
          1466944,
          1477280,
          1469248,
          1476896,
          1476448,
          1474560,
          1474528,
          1475040,
          1476608,
          1491488,
          1467744,
          1470976,
          1470368,
          1476096,
          1481984,
          1469632,
          1467136,
          1468896,
          1474944,
          1493600
        ],
        "applicable": true
      },
      {
        "kernel": "onpair_shmem_4tpt_split8read_occ",
        "decode_ms": 1.581248,
        "decode_gib_s": 588.9786260530698,
        "decode_ns_iters": [
          1602560,
          1582528,
          1581248,
          1589376,
          1589792,
          1602688,
          1590496,
          1590048,
          1590784,
          1605152,
          1589696,
          1583008,
          1583232,
          1582976,
          1583520,
          1592000,
          1590560,
          1583328,
          1587936,
          1586752,
          1591488,
          1583904,
          1589856,
          1589152,
          1583136,
          1585056,
          1581984,
          1589952,
          1583072,
          1601472
        ],
        "applicable": true
      },
      {
        "kernel": "onpair_shmem_4tpt_split8",
        "decode_ms": 1.682176,
        "decode_gib_s": 553.6408048201641,
        "decode_ns_iters": [
          1691104,
          1682528,
          1683488,
          1684832,
          1684768,
          1685056,
          1686816,
          1683904,
          1685184,
          1686144,
          1696544,
          1691968,
          1704128,
          1690752,
          1686368,
          1704448,
          1682176,
          1699360,
          1682272,
          1684192,
          1693728,
          1691744,
          1687616,
          1692544,
          1682528,
          1682656,
          1689408,
          1684640,
          1698208,
          1686496
        ],
        "applicable": true
      },
      {
        "kernel": "onpair_shmem_4tpt_split8_wpb8",
        "decode_ms": 1.688896,
        "decode_gib_s": 551.4379064721359,
        "decode_ns_iters": [
          1688896,
          1698112,
          1694048,
          1697664,
          1696000,
          1696000,
          1696512,
          1696416,
          1695840,
          1712160,
          1697184,
          1695968,
          1698432,
          1696672,
          1697344,
          1696160,
          1710080,
          1696544,
          1710464,
          1698336,
          1693280,
          1696512,
          1696864,
          1698080,
          1696800,
          1696256,
          1697632,
          1696288,
          1709664,
          1695808
        ],
        "applicable": true
      },
      {
        "kernel": "onpair_shmem_4tpt_split8_wpb8_occ",
        "decode_ms": 1.611904,
        "decode_gib_s": 577.777134673755,
        "decode_ns_iters": [
          1618656,
          1619104,
          1619488,
          1633376,
          1621056,
          1619328,
          1614944,
          1633280,
          1632064,
          1613920,
          1615872,
          1618208,
          1620160,
          1620352,
          1619936,
          1620864,
          1620384,
          1637120,
          1617056,
          1618336,
          1618944,
          1620864,
          1611904,
          1619040,
          1613024,
          1614944,
          1618304,
          1621632,
          1618464,
          1620736
        ],
        "applicable": true
      },
      {
        "kernel": "onpair_shmem_4tpt_pdict",
        "decode_ms": 0.0,
        "decode_gib_s": 0.0,
        "applicable": false,
        "reason": "padded dict needs 1130752 B shared, over 102400 B cap"
      },
      {
        "kernel": "onpair_shmem_4tpt_vdict",
        "decode_ms": 0.0,
        "decode_gib_s": 0.0,
        "applicable": false,
        "reason": "packed dict needs 491696 B shared, over 102400 B cap"
      },
      {
        "kernel": "onpair_shmem_4tpt_split8read",
        "decode_ms": 1.660256,
        "decode_gib_s": 560.9504043287086,
        "decode_ns_iters": [
          1668960,
          1680960,
          1670496,
          1662912,
          1670304,
          1682560,
          1666240,
          1677344,
          1662528,
          1660256,
          1661536,
          1661376,
          1663296,
          1668736,
          1668064,
          1669792,
          1669792,
          1682048,
          1669216,
          1668640,
          1669728,
          1669536,
          1670144,
          1668032,
          1683680,
          1668480,
          1669248,
          1661376,
          1665440,
          1661056
        ],
        "applicable": true
      },
      {
        "kernel": "onpair_shmem_4tpt_ldcs",
        "decode_ms": 1.589632,
        "decode_gib_s": 585.8722487274819,
        "decode_ns_iters": [
          1600320,
          1597536,
          1592320,
          1611296,
          1592320,
          1598912,
          1596928,
          1598720,
          1599392,
          1592960,
          1591360,
          1593024,
          1599936,
          1608576,
          1597632,
          1605504,
          1590720,
          1591296,
          1591200,
          1589632,
          1591904,
          1598368,
          1591648,
          1591872,
          1591712,
          1605760,
          1598688,
          1599392,
          1593632,
          1591680
        ],
        "applicable": true
      },
      {
        "kernel": "onpair_shmem_4tpt_lenbucket",
        "decode_ms": 0.0,
        "decode_gib_s": 0.0,
        "applicable": false,
        "reason": "length-bucket dict not built (set ONPAIR_DICT_REORDER=lenbucket)"
      },
      {
        "kernel": "onpair_shmem_4tpt_lenbucket_b128",
        "decode_ms": 0.0,
        "decode_gib_s": 0.0,
        "applicable": false,
        "reason": "length-bucket dict not built (set ONPAIR_DICT_REORDER=lenbucket)"
      },
      {
        "kernel": "onpair_shmem_4tpt_regcache",
        "decode_ms": 1.611488,
        "decode_gib_s": 577.9262858235148,
        "decode_ns_iters": [
          1619776,
          1620640,
          1635008,
          1620288,
          1620096,
          1619424,
          1617408,
          1618592,
          1620192,
          1617824,
          1629920,
          1619904,
          1620256,
          1618976,
          1633792,
          1617056,
          1619328,
          1618272,
          1620736,
          1624992,
          1619232,
          1619168,
          1614720,
          1611968,
          1618560,
          1622656,
          1611488,
          1614112,
          1612384,
          1619424
        ],
        "applicable": true
      },
      {
        "kernel": "onpair_shmem_4tpt_split4read",
        "decode_ms": 1.896608,
        "decode_gib_s": 491.04573770076064,
        "decode_ns_iters": [
          1915616,
          1905088,
          1916832,
          1896704,
          1920960,
          1906496,
          1900864,
          1897632,
          1914720,
          1904128,
          1896608,
          1904128,
          1903872,
          1920192,
          1919328,
          1903296,
          1901184,
          1906656,
          1904160,
          1904288,
          1905824,
          1898112,
          1906208,
          1898848,
          1904288,
          1905312,
          1904128,
          1905056,
          1917920,
          1927680
        ],
        "applicable": true
      },
      {
        "kernel": "onpair_shmem_4tpt_split4read_b128o12",
        "decode_ms": 1.909152,
        "decode_gib_s": 487.81934308486933,
        "decode_ns_iters": [
          1915616,
          1929664,
          1921920,
          1915552,
          1909440,
          1912064,
          1922592,
          1914272,
          1915232,
          1912576,
          1914592,
          1915520,
          1918016,
          1914144,
          1914688,
          1914688,
          1916384,
          1916000,
          1914880,
          1914592,
          1915264,
          1916704,
          1931744,
          1909152,
          1916960,
          1915552,
          1916512,
          1929632,
          1917696,
          1916960
        ],
        "applicable": true
      },
      {
        "kernel": "onpair_shmem_4tpt_cluster_dsmem",
        "decode_ms": 6.707328,
        "decode_gib_s": 138.85130926788796,
        "decode_ns_iters": [
          6714272,
          6711968,
          6710912,
          6735232,
          6718784,
          6751264,
          6711008,
          6710112,
          6720896,
          6754752,
          6720256,
          6714560,
          6720256,
          6713536,
          6715712,
          6728032,
          6729792,
          6734432,
          6738944,
          6728096,
          6722176,
          6734688,
          6723456,
          6740640,
          6731872,
          6708896,
          6707328,
          6744288,
          6717920,
          6708608
        ],
        "applicable": true
      },
      {
        "kernel": "onpair_shmem_8tpt",
        "decode_ms": 1.525376,
        "decode_gib_s": 610.5519389902321,
        "decode_ns_iters": [
          1525376,
          1526592,
          1539808,
          1531552,
          1548512,
          1527904,
          1533600,
          1533408,
          1533152,
          1546336,
          1533664,
          1534912,
          1545536,
          1530400,
          1529536,
          1532896,
          1530528,
          1546144,
          1532704,
          1548032,
          1532640,
          1532832,
          1550048,
          1533568,
          1526016,
          1532032,
          1547840,
          1546592,
          1535552,
          1533984
        ],
        "applicable": true
      },
      {
        "kernel": "onpair_shmem_8tpt_b128",
        "decode_ms": 1.502112,
        "decode_gib_s": 620.0078785664214,
        "decode_ns_iters": [
          1505888,
          1510784,
          1510944,
          1511264,
          1526944,
          1513856,
          1510688,
          1511200,
          1511200,
          1512576,
          1510144,
          1522976,
          1510752,
          1510912,
          1512128,
          1504736,
          1502624,
          1506624,
          1504992,
          1502112,
          1524416,
          1512512,
          1524192,
          1504768,
          1505056,
          1503168,
          1509408,
          1524832,
          1510560,
          1511168
        ],
        "applicable": true
      },
      {
        "kernel": "onpair_shmem_4tpt_vwidth",
        "decode_ms": 4.651264,
        "decode_gib_s": 200.22971701652804,
        "decode_ns_iters": [
          4651264,
          4653760,
          4660384,
          4667296,
          4655680,
          4666240,
          4654304,
          4662784,
          4654528,
          4660160,
          4665312,
          4662656,
          4672224,
          4658272,
          4653376,
          4655680,
          4655968,
          4655104,
          4657344,
          4659392,
          4673728,
          4659776,
          4657344,
          4660576,
          4664288,
          4662336,
          4659872,
          4662400,
          4662560,
          4666912
        ],
        "applicable": true
      },
      {
        "kernel": "onpair_shmem_4tpt_vwidth_b128",
        "decode_ms": 5.5704,
        "decode_gib_s": 167.19109480273664,
        "decode_ns_iters": [
          5577472,
          5591360,
          5578080,
          5580736,
          5597664,
          5580800,
          5580256,
          5581440,
          5582432,
          5592224,
          5577792,
          5595456,
          5579680,
          5570400,
          5571232,
          5586080,
          5571680,
          5583648,
          5572608,
          5572480,
          5571712,
          5587968,
          5582048,
          5580736,
          5571008,
          5579648,
          5579008,
          5592736,
          5574528,
          5574304
        ],
        "applicable": true
      },
      {
        "kernel": "onpair_shmem_4tpt_vwidth4",
        "decode_ms": 1.829536,
        "decode_gib_s": 509.04779927214565,
        "decode_ns_iters": [
          1832640,
          1842368,
          1844576,
          1834912,
          1837344,
          1829632,
          1830336,
          1829664,
          1829792,
          1829696,
          1831360,
          1829568,
          1829536,
          1836832,
          1838464,
          1831488,
          1830912,
          1834688,
          1844640,
          1850176,
          1837824,
          1836960,
          1833024,
          1836448,
          1837056,
          1836352,
          1838048,
          1836736,
          1839104,
          1834784
        ],
        "applicable": true
      },
      {
        "kernel": "onpair_shmem_4tpt_vwidth4_b128",
        "decode_ms": 1.611296,
        "decode_gib_s": 577.9951507911422,
        "decode_ns_iters": [
          1626016,
          1615968,
          1613472,
          1613920,
          1628512,
          1616352,
          1614848,
          1613984,
          1630688,
          1612928,
          1614016,
          1612032,
          1613312,
          1616160,
          1626848,
          1616384,
          1611296,
          1615040,
          1614688,
          1613600,
          1614784,
          1614656,
          1613280,
          1614048,
          1614432,
          1615744,
          1612224,
          1630240,
          1613952,
          1632832
        ],
        "applicable": true
      },
      {
        "kernel": "onpair_shmem_4tpt_shdict8",
        "decode_ms": 0.0,
        "decode_gib_s": 0.0,
        "applicable": false,
        "reason": "dict_s8 + staging needs 606464 B shared, over 229376 B cap"
      },
      {
        "kernel": "onpair_shmem_4tpt_ablate",
        "decode_ms": 1.460224,
        "decode_gib_s": 637.7934306580116,
        "decode_ns_iters": [
          1463424,
          1460704,
          1473408,
          1462848,
          1469440,
          1466368,
          1482880,
          1469824,
          1463680,
          1468160,
          1468960,
          1470176,
          1461184,
          1475200,
          1468128,
          1462464,
          1468000,
          1460416,
          1460224,
          1475808,
          1469408,
          1468096,
          1460288,
          1468576,
          1470848,
          1468800,
          1469760,
          1469024,
          1468480,
          1478208
        ],
        "applicable": true
      },
      {
        "kernel": "onpair_shmem_4tpt_ablate_nogather",
        "decode_ms": 0.869248,
        "decode_gib_s": 1071.410316145869,
        "decode_ns_iters": [
          869248,
          881984,
          870912,
          881536,
          878208,
          883104,
          875488,
          888544,
          875552,
          875328,
          874144,
          875744,
          874496,
          876352,
          869536,
          876672,
          887424,
          876576,
          886656,
          876064,
          891264,
          875680,
          876064,
          877184,
          874944,
          875200,
          874656,
          876640,
          889920,
          875136
        ],
        "applicable": true
      },
      {
        "kernel": "onpair_shmem_4tpt_ablate_noemit",
        "decode_ms": 0.389568,
        "decode_gib_s": 2390.6513740583528,
        "decode_ns_iters": [
          431104,
          430016,
          398976,
          430848,
          431872,
          400800,
          389568,
          390176,
          432288,
          432640,
          432224,
          431744,
          430208,
          432416,
          433472,
          431680,
          431008,
          435040,
          431232,
          433280,
          424320,
          431168,
          431200,
          402048,
          431616,
          424672,
          425504,
          431584,
          429248,
          424576
        ],
        "applicable": true
      },
      {
        "kernel": "onpair_shmem_4tpt_ablate_nodrain",
        "decode_ms": 1.354176,
        "decode_gib_s": 687.740201044151,
        "decode_ns_iters": [
          1373504,
          1363456,
          1361760,
          1354176,
          1356032,
          1362464,
          1365504,
          1361728,
          1360160,
          1358784,
          1362976,
          1365088,
          1362080,
          1365536,
          1358656,
          1362720,
          1362752,
          1365664,
          1363456,
          1364576,
          1362880,
          1364512,
          1365184,
          1363392,
          1363232,
          1379232,
          1362624,
          1376960,
          1358016,
          1366464
        ],
        "applicable": true
      },
      {
        "kernel": "onpair_shmem_4tpt_ablate_noscan",
        "decode_ms": 1.24512,
        "decode_gib_s": 747.9771222766998,
        "decode_ns_iters": [
          1253760,
          1269440,
          1267424,
          1247648,
          1246752,
          1248960,
          1246208,
          1245984,
          1248384,
          1262272,
          1249888,
          1246976,
          1247712,
          1257216,
          1246688,
          1248416,
          1250112,
          1247520,
          1245216,
          1245120,
          1253728,
          1254208,
          1246592,
          1259936,
          1252192,
          1245248,
          1249888,
          1267008,
          1251776,
          1250048
        ],
        "applicable": true
      },
      {
        "kernel": "onpair_shmem_4tpt_ablate_cfree",
        "decode_ms": 1.351072,
        "decode_gib_s": 689.3202394018707,
        "decode_ns_iters": [
          1371264,
          1373056,
          1351072,
          1359936,
          1361472,
          1360672,
          1354720,
          1360288,
          1360672,
          1360192,
          1357216,
          1355456,
          1359712,
          1359104,
          1373696,
          1356032,
          1362016,
          1354848,
          1360832,
          1360704,
          1353344,
          1362400,
          1359360,
          1360704,
          1360608,
          1374304,
          1364256,
          1377728,
          1375136,
          1360864
        ],
        "applicable": true
      },
      {
        "kernel": "onpair_shmem_s8",
        "decode_ms": 0.0,
        "decode_gib_s": 0.0,
        "applicable": false,
        "reason": "dictionary entry longer than 8 bytes"
      },
      {
        "kernel": "onpair_shmem_s8_2tpt",
        "decode_ms": 0.0,
        "decode_gib_s": 0.0,
        "applicable": false,
        "reason": "dictionary entry longer than 8 bytes"
      },
      {
        "kernel": "onpair_shmem_s8_4tpt",
        "decode_ms": 0.0,
        "decode_gib_s": 0.0,
        "applicable": false,
        "reason": "dictionary entry longer than 8 bytes"
      },
      {
        "kernel": "onpair_shmem_s8_8tpt",
        "decode_ms": 0.0,
        "decode_gib_s": 0.0,
        "applicable": false,
        "reason": "dictionary entry longer than 8 bytes"
      },
      {
        "kernel": "onpair_shmem_s4l1",
        "decode_ms": 0.0,
        "decode_gib_s": 0.0,
        "applicable": false,
        "reason": "dictionary entry longer than 4 bytes"
      },
      {
        "kernel": "onpair_shmem_s4l1_2tpt",
        "decode_ms": 0.0,
        "decode_gib_s": 0.0,
        "applicable": false,
        "reason": "dictionary entry longer than 4 bytes"
      },
      {
        "kernel": "onpair_shmem_s4l1_4tpt",
        "decode_ms": 0.0,
        "decode_gib_s": 0.0,
        "applicable": false,
        "reason": "dictionary entry longer than 4 bytes"
      },
      {
        "kernel": "onpair_shmem_s4l1_8tpt",
        "decode_ms": 0.0,
        "decode_gib_s": 0.0,
        "applicable": false,
        "reason": "dictionary entry longer than 4 bytes"
      },
      {
        "kernel": "onpair_shmem_s4l1_16tpt",
        "decode_ms": 0.0,
        "decode_gib_s": 0.0,
        "applicable": false,
        "reason": "dictionary entry longer than 4 bytes"
      },
      {
        "kernel": "onpair_shmem_s4l1_32tpt",
        "decode_ms": 0.0,
        "decode_gib_s": 0.0,
        "applicable": false,
        "reason": "dictionary entry longer than 4 bytes"
      },
      {
        "kernel": "onpair_shmem_const1",
        "decode_ms": 0.0,
        "decode_gib_s": 0.0,
        "applicable": false,
        "reason": "not every dictionary entry is exactly 1 byte"
      },
      {
        "kernel": "onpair_shmem_const2",
        "decode_ms": 0.0,
        "decode_gib_s": 0.0,
        "applicable": false,
        "reason": "not every dictionary entry is exactly 2 bytes"
      }
    ]
  }
}
==PROF== Disconnected from process 29551
==PROF== Report: /home/ubuntu/work/ncu_costsurface_fineweb_text_b16.ncu-rep
