==PROF== Connected to process 22842 (/home/ubuntu/work/target/release/onpair-chunk-bench)
2026-07-06T03:29:30.184618Z  INFO vortex_cuda: vortex-cuda/src/lib.rs:111: Registering CUDA kernels
==WARNING== Unable to access the following 6 metrics: ctc__rx_bytes_data_user.sum, ctc__rx_bytes_data_user.sum.pct_of_peak_sustained_elapsed, ctc__rx_bytes_data_user.sum.per_second, ctc__tx_bytes_data_user.sum, ctc__tx_bytes_data_user.sum.pct_of_peak_sustained_elapsed, ctc__tx_bytes_data_user.sum.per_second.


==PROF== Profiling "onpair_shmem_4tpt": 0%....50%....100% - 40 passes
==PROF== Profiling "onpair_shmem_4tpt": 0%....50%....100% - 40 passes
==PROF== Profiling "onpair_shmem_4tpt": 0%....50%....100% - 40 passes
==PROF== Profiling "onpair_shmem_4tpt": 0%....50%....100% - 40 passes
==PROF== Profiling "onpair_shmem_4tpt": 0%....50%....100% - 40 passes
==PROF== Profiling "onpair_shmem_4tpt": 0%....50%....100% - 40 passes
==PROF== Profiling "onpair_shmem_4tpt": 0%....50%....100% - 40 passes
==PROF== Profiling "onpair_shmem_4tpt": 0%....50%....100% - 40 passes
==PROF== Profiling "onpair_shmem_4tpt": 0%....50%....100% - 40 passes
==PROF== Profiling "onpair_shmem_4tpt": 0%....50%....100% - 40 passes
==PROF== Profiling "onpair_shmem_4tpt": 0%....50%....100% - 40 passes
==PROF== Profiling "onpair_shmem_4tpt": 0%....50%....100% - 40 passes
==PROF== Profiling "onpair_shmem_4tpt": 0%....50%....100% - 40 passes
==PROF== Profiling "onpair_shmem_4tpt": 0%....50%....100% - 40 passes
==PROF== Profiling "onpair_shmem_4tpt": 0%....50%....100% - 40 passes
==PROF== Profiling "onpair_shmem_4tpt": 0%....50%....100% - 40 passes
{
  "files": [
    "/home/ubuntu/work/vortex-bench/data/onpair-bench/synthetic/url/bits12_chunk1000mb_thr0.20/part_0000.vortex"
  ],
  "column": "url",
  "rows": 10000000,
  "in_memory_bytes": 96780876,
  "dict_bytes": 4511,
  "gpu": {
    "iterations": 30,
    "decoded_bytes": 923569389,
    "chunks": 1,
    "auto_kernel": "onpair_shmem_4tpt_b128o12",
    "frac_le8": 0.16468038,
    "dict_mean_len": 11.470569,
    "dict_max_len": 16,
    "dict_entries_max": 909,
    "small_dict": true,
    "distinct_codes": 206,
    "access_top4096_frac": 1.0,
    "compressed_bytes": 161038340,
    "h2d_gib_s": 10.305394810289739,
    "whole_decompress_gib_s": 56.78031236365965,
    "best_kernel": "onpair_shmem_4tpt_b64",
    "auto_decode_ms": 0.595168,
    "best_decode_ms": 0.594528,
    "validated": false,
    "auto_decode_gib_s": 1445.2071032036743,
    "best_decode_gib_s": 1446.76284581975,
    "kernels": [
      {
        "kernel": "onpair_shmem",
        "decode_ms": 0.774784,
        "decode_gib_s": 1110.168796980222,
        "decode_ns_iters": [
          774784,
          777888,
          776352,
          777120,
          777504,
          788320,
          777440,
          775712,
          776416,
          789696,
          793056,
          778912,
          777056,
          777952,
          775808,
          777216,
          776192,
          776608,
          789120,
          776768,
          777824,
          776064,
          778272,
          777024,
          777408,
          775264,
          776224,
          792864,
          775680,
          790368
        ],
        "applicable": true
      },
      {
        "kernel": "onpair_shmem_2tpt",
        "decode_ms": 0.65392,
        "decode_gib_s": 1315.3612386829038,
        "decode_ns_iters": [
          676832,
          661184,
          675936,
          660128,
          662720,
          661088,
          676096,
          660224,
          661728,
          673280,
          660832,
          675456,
          660128,
          660512,
          660320,
          674144,
          660960,
          659200,
          674848,
          660448,
          660192,
          658752,
          674400,
          660352,
          660768,
          660128,
          661248,
          659712,
          653920,
          660992
        ],
        "applicable": true
      },
      {
        "kernel": "onpair_shmem_4tpt",
        "decode_ms": 0.687968,
        "decode_gib_s": 1250.2631244469574,
        "decode_ns_iters": [
          2981469154,
          2963412523,
          2987277031,
          2975325584,
          2958320141,
          2970217705,
          2941398382,
          2963836193,
          2959495068,
          2959795952,
          2927782536,
          2966923714,
          2958212852,
          2973283052,
          733728,
          687968,
          748480,
          691904,
          690240,
          690528,
          690016,
          690624,
          701632,
          690784,
          689760,
          691680,
          690560,
          689504,
          690560,
          688416
        ],
        "applicable": true
      },
      {
        "kernel": "onpair_shmem_4tpt_wpb8",
        "decode_ms": 0.648032,
        "decode_gib_s": 1327.3125728351752,
        "decode_ns_iters": [
          650752,
          648416,
          649856,
          648800,
          649024,
          649376,
          648768,
          650080,
          649856,
          650528,
          648032,
          649280,
          650624,
          649312,
          662016,
          660032,
          648736,
          665152,
          649792,
          663552,
          649632,
          649504,
          650432,
          663488,
          648288,
          651168,
          664096,
          649056,
          650784,
          652160
        ],
        "applicable": true
      },
      {
        "kernel": "onpair_shmem_4tpt_wpb8_occ",
        "decode_ms": 0.600256,
        "decode_gib_s": 1432.9569736904327,
        "decode_ns_iters": [
          606720,
          652000,
          607552,
          642112,
          642176,
          642624,
          642336,
          641728,
          640128,
          654496,
          607488,
          600256,
          640768,
          653792,
          607520,
          641824,
          640576,
          641408,
          641568,
          753536,
          640256,
          654144,
          640800,
          640128,
          641056,
          640800,
          641568,
          607872,
          642272,
          657952
        ],
        "applicable": true
      },
      {
        "kernel": "onpair_shmem_4tpt_b128",
        "decode_ms": 0.604704,
        "decode_gib_s": 1422.416622346676,
        "decode_ns_iters": [
          639136,
          637952,
          638848,
          639648,
          605856,
          638336,
          640064,
          639392,
          639104,
          638336,
          639904,
          652416,
          639200,
          640192,
          639168,
          656576,
          639456,
          639712,
          604704,
          639520,
          607616,
          656896,
          635904,
          633824,
          639872,
          639936,
          640544,
          639616,
          654272,
          639424
        ],
        "applicable": true
      },
      {
        "kernel": "onpair_shmem_4tpt_o6",
        "decode_ms": 0.605504,
        "decode_gib_s": 1420.537306441451,
        "decode_ns_iters": [
          640192,
          606656,
          639136,
          639072,
          638240,
          641376,
          639552,
          640416,
          640320,
          639680,
          605504,
          638912,
          639296,
          639936,
          640288,
          640128,
          639488,
          654208,
          640224,
          605536,
          609824,
          660224,
          646816,
          636576,
          639264,
          641280,
          638528,
          639616,
          640544,
          653088
        ],
        "applicable": true
      },
      {
        "kernel": "onpair_shmem_4tpt_b512o3",
        "decode_ms": 0.607392,
        "decode_gib_s": 1416.1217487216236,
        "decode_ns_iters": [
          607936,
          639648,
          639744,
          640032,
          654240,
          640608,
          640352,
          639168,
          656640,
          639872,
          640480,
          638688,
          653120,
          641344,
          640928,
          654112,
          607392,
          641248,
          639360,
          640672,
          640224,
          654432,
          639744,
          655168,
          639232,
          638624,
          640384,
          638912,
          641440,
          655488
        ],
        "applicable": true
      },
      {
        "kernel": "onpair_shmem_4tpt_b128o12",
        "decode_ms": 0.595168,
        "decode_gib_s": 1445.2071032036743,
        "decode_ns_iters": [
          632320,
          633600,
          632960,
          639808,
          637120,
          640544,
          654592,
          632832,
          635424,
          631776,
          657344,
          634848,
          601376,
          600416,
          595776,
          596448,
          597440,
          597632,
          596672,
          597408,
          597792,
          600384,
          600832,
          595168,
          597600,
          596000,
          599808,
          597376,
          604352,
          596384
        ],
        "applicable": true
      },
      {
        "kernel": "onpair_shmem_4tpt_b64",
        "decode_ms": 0.594528,
        "decode_gib_s": 1446.76284581975,
        "decode_ns_iters": [
          594528,
          632768,
          637600,
          636800,
          651936,
          638944,
          639616,
          631232,
          636288,
          604480,
          598592,
          599360,
          653056,
          640832,
          640896,
          635712,
          644832,
          631424,
          632864,
          638240,
          634432,
          608320,
          642176,
          653536,
          639648,
          654464,
          641440,
          640352,
          650272,
          639296
        ],
        "applicable": true
      },
      {
        "kernel": "onpair_shmem_4tpt_b64o24",
        "decode_ms": 0.603968,
        "decode_gib_s": 1424.1499900649114,
        "decode_ns_iters": [
          638848,
          654944,
          639360,
          638944,
          652640,
          641888,
          639776,
          639136,
          605280,
          634400,
          633120,
          639360,
          641088,
          639776,
          637440,
          635616,
          636032,
          605888,
          634048,
          630752,
          633856,
          652480,
          640192,
          640704,
          631136,
          642304,
          638496,
          603968,
          644256,
          657312
        ],
        "applicable": true
      },
      {
        "kernel": "onpair_shmem_4tpt_split8read_b128o12",
        "decode_ms": 0.660992,
        "decode_gib_s": 1301.2880960730604,
        "decode_ns_iters": [
          660992,
          667040,
          667328,
          668768,
          667520,
          666208,
          668864,
          668096,
          668064,
          668480,
          667584,
          679136,
          669984,
          665952,
          668672,
          666048,
          667744,
          662496,
          666176,
          669472,
          667968,
          666080,
          668192,
          669056,
          662816,
          672256,
          662464,
          667488,
          663072,
          667296
        ],
        "applicable": true
      },
      {
        "kernel": "onpair_shmem_4tpt_split8read_occ",
        "decode_ms": 0.6352,
        "decode_gib_s": 1354.12629282041,
        "decode_ns_iters": [
          635200,
          679232,
          666272,
          663424,
          666912,
          667104,
          635616,
          668864,
          659264,
          668192,
          675520,
          667488,
          667680,
          667200,
          661760,
          661568,
          666400,
          680352,
          669600,
          666528,
          638400,
          667104,
          668416,
          668704,
          667904,
          679456,
          667776,
          670496,
          680960,
          669248
        ],
        "applicable": true
      },
      {
        "kernel": "onpair_shmem_4tpt_split8",
        "decode_ms": 0.736416,
        "decode_gib_s": 1168.009686372274,
        "decode_ns_iters": [
          742976,
          743808,
          743680,
          755680,
          741440,
          738208,
          749952,
          743200,
          744576,
          741248,
          743680,
          744320,
          743072,
          736416,
          745152,
          744064,
          742944,
          740832,
          742560,
          743744,
          755392,
          736704,
          756384,
          743168,
          741664,
          750656,
          742560,
          743264,
          741632,
          744416
        ],
        "applicable": true
      },
      {
        "kernel": "onpair_shmem_4tpt_split8_wpb8",
        "decode_ms": 0.7136,
        "decode_gib_s": 1205.3545700665982,
        "decode_ns_iters": [
          739040,
          716992,
          723808,
          724128,
          715712,
          716384,
          722496,
          722752,
          713600,
          726656,
          734080,
          722656,
          723168,
          722016,
          722848,
          718848,
          715264,
          739808,
          722432,
          723296,
          715584,
          724096,
          715840,
          715968,
          722240,
          724704,
          736832,
          723424,
          734944,
          723072
        ],
        "applicable": true
      },
      {
        "kernel": "onpair_shmem_4tpt_split8_wpb8_occ",
        "decode_ms": 0.681472,
        "decode_gib_s": 1262.1810158003916,
        "decode_ns_iters": [
          713024,
          713856,
          725184,
          714432,
          713632,
          681472,
          713760,
          715936,
          714464,
          725920,
          715296,
          716384,
          714624,
          713216,
          714560,
          715136,
          726656,
          713216,
          713568,
          714176,
          713408,
          714560,
          713568,
          713600,
          715136,
          713024,
          714528,
          714624,
          714592,
          715008
        ],
        "applicable": true
      },
      {
        "kernel": "onpair_shmem_4tpt_pdict",
        "decode_ms": 0.787712,
        "decode_gib_s": 1091.9486071045312,
        "decode_ns_iters": [
          811296,
          794176,
          793440,
          796576,
          807936,
          797120,
          796192,
          796416,
          811360,
          794400,
          795776,
          795712,
          799680,
          798272,
          797408,
          794624,
          797344,
          797440,
          797408,
          807904,
          794272,
          794272,
          798176,
          799296,
          797536,
          811200,
          798592,
          787712,
          794272,
          809120
        ],
        "applicable": true
      },
      {
        "kernel": "onpair_shmem_4tpt_vdict",
        "decode_ms": 1.20128,
        "decode_gib_s": 716.020429208448,
        "decode_ns_iters": [
          1210048,
          1205376,
          1229792,
          1223520,
          1214752,
          1212032,
          1223648,
          1208256,
          1236384,
          1220416,
          1212928,
          1217376,
          1205280,
          1208128,
          1221312,
          1204480,
          1212896,
          1216416,
          1221536,
          1208800,
          1204608,
          1217696,
          1214048,
          1201280,
          1218688,
          1221344,
          1220992,
          1221472,
          1219008,
          1219936
        ],
        "applicable": true
      },
      {
        "kernel": "onpair_shmem_4tpt_split8read",
        "decode_ms": 0.641952,
        "decode_gib_s": 1339.8837003382253,
        "decode_ns_iters": [
          680832,
          680960,
          678848,
          695712,
          682880,
          656384,
          641952,
          680448,
          681280,
          680672,
          694272,
          681920,
          680928,
          698944,
          680576,
          682656,
          679744,
          695072,
          682624,
          681920,
          680352,
          680832,
          681824,
          679776,
          695648,
          680832,
          681952,
          681696,
          680384,
          681984
        ],
        "applicable": true
      },
      {
        "kernel": "onpair_shmem_4tpt_ldcs",
        "decode_ms": 0.626592,
        "decode_gib_s": 1372.7290185631548,
        "decode_ns_iters": [
          683648,
          667712,
          669920,
          685024,
          634976,
          630560,
          681024,
          671552,
          669376,
          669216,
          671104,
          668864,
          672032,
          670624,
          669792,
          669376,
          670624,
          668352,
          634912,
          630720,
          626592,
          673824,
          669216,
          670944,
          680608,
          670144,
          669152,
          683968,
          670336,
          635744
        ],
        "applicable": true
      },
      {
        "kernel": "onpair_shmem_4tpt_lenbucket",
        "decode_ms": 0.0,
        "decode_gib_s": 0.0,
        "applicable": false,
        "reason": "length-bucket dict not built (set ONPAIR_DICT_REORDER=lenbucket)"
      },
      {
        "kernel": "onpair_shmem_4tpt_lenbucket_b128",
        "decode_ms": 0.0,
        "decode_gib_s": 0.0,
        "applicable": false,
        "reason": "length-bucket dict not built (set ONPAIR_DICT_REORDER=lenbucket)"
      },
      {
        "kernel": "onpair_shmem_4tpt_regcache",
        "decode_ms": 0.709984,
        "decode_gib_s": 1211.4935283041934,
        "decode_ns_iters": [
          740960,
          743872,
          744192,
          744192,
          741664,
          741440,
          740288,
          741184,
          709984,
          743168,
          740608,
          753920,
          741568,
          743648,
          743776,
          751520,
          742848,
          754944,
          741632,
          745760,
          741504,
          739104,
          742656,
          746912,
          748704,
          735104,
          732544,
          744736,
          743872,
          753760
        ],
        "applicable": true
      },
      {
        "kernel": "onpair_shmem_4tpt_split4read",
        "decode_ms": 0.76096,
        "decode_gib_s": 1130.3367078421,
        "decode_ns_iters": [
          782816,
          767648,
          760960,
          767936,
          768864,
          762400,
          762112,
          770176,
          766528,
          768768,
          780480,
          769152,
          761984,
          762880,
          770368,
          779808,
          765504,
          768160,
          767584,
          767520,
          768992,
          768128,
          781696,
          767936,
          767744,
          767104,
          769952,
          767328,
          767648,
          770208
        ],
        "applicable": true
      },
      {
        "kernel": "onpair_shmem_4tpt_split4read_b128o12",
        "decode_ms": 0.744352,
        "decode_gib_s": 1155.5568080686617,
        "decode_ns_iters": [
          747392,
          759776,
          747424,
          744352,
          745856,
          748544,
          758528,
          747840,
          745792,
          759712,
          748064,
          745760,
          746752,
          762144,
          747968,
          745856,
          747296,
          747328,
          746592,
          748672,
          746848,
          746176,
          747744,
          745824,
          747296,
          745088,
          746048,
          745984,
          746176,
          744832
        ],
        "applicable": true
      },
      {
        "kernel": "onpair_shmem_4tpt_cluster_dsmem",
        "decode_ms": 2.097024,
        "decode_gib_s": 410.1722351291756,
        "decode_ns_iters": [
          2121728,
          2097696,
          2107808,
          2112192,
          2117472,
          2108960,
          2118112,
          2105536,
          2116128,
          2115904,
          2144416,
          2140416,
          2097024,
          2115904,
          2116576,
          2105376,
          2106656,
          2134368,
          2137152,
          2116672,
          2112192,
          2104224,
          2120864,
          2115008,
          2106176,
          2118976,
          2108544,
          2121408,
          2124096,
          2107808
        ],
        "applicable": true
      },
      {
        "kernel": "onpair_shmem_8tpt",
        "decode_ms": 0.603936,
        "decode_gib_s": 1424.2254497157387,
        "decode_ns_iters": [
          644512,
          662080,
          644224,
          656704,
          612768,
          645920,
          659360,
          646528,
          644416,
          645344,
          644256,
          644384,
          658336,
          646016,
          644608,
          658112,
          659104,
          645504,
          645344,
          617216,
          603936,
          604288,
          644480,
          644736,
          618080,
          644608,
          644128,
          644192,
          646304,
          644448
        ],
        "applicable": true
      },
      {
        "kernel": "onpair_shmem_8tpt_b128",
        "decode_ms": 0.607648,
        "decode_gib_s": 1415.525141528524,
        "decode_ns_iters": [
          640320,
          640992,
          640096,
          653280,
          640992,
          640608,
          640160,
          609248,
          612896,
          640512,
          639712,
          641120,
          641312,
          641344,
          641344,
          607648,
          640480,
          642080,
          640800,
          639104,
          643392,
          642176,
          641952,
          640800,
          640032,
          653920,
          640096,
          642368,
          642528,
          641248
        ],
        "applicable": true
      },
      {
        "kernel": "onpair_shmem_4tpt_vwidth",
        "decode_ms": 1.406656,
        "decode_gib_s": 611.4792964303458,
        "decode_ns_iters": [
          1408096,
          1406944,
          1421568,
          1408384,
          1409088,
          1407520,
          1409440,
          1421888,
          1407360,
          1422176,
          1407168,
          1408864,
          1407168,
          1407296,
          1408032,
          1408480,
          1407488,
          1418016,
          1409792,
          1408960,
          1407136,
          1406656,
          1419552,
          1408224,
          1408544,
          1421920,
          1407360,
          1407360,
          1407264,
          1409184
        ],
        "applicable": true
      },
      {
        "kernel": "onpair_shmem_4tpt_vwidth_b128",
        "decode_ms": 1.650432,
        "decode_gib_s": 521.1611391438875,
        "decode_ns_iters": [
          1656416,
          1673344,
          1658432,
          1660704,
          1658304,
          1658784,
          1658848,
          1657792,
          1658048,
          1660576,
          1659456,
          1658272,
          1655712,
          1657184,
          1650432,
          1657152,
          1671424,
          1658144,
          1659328,
          1657984,
          1658880,
          1660288,
          1657184,
          1660064,
          1657792,
          1659168,
          1670336,
          1656672,
          1657568,
          1659744
        ],
        "applicable": true
      },
      {
        "kernel": "onpair_shmem_4tpt_vwidth4",
        "decode_ms": 0.796448,
        "decode_gib_s": 1079.9713492902542,
        "decode_ns_iters": [
          797184,
          797568,
          808576,
          798688,
          799200,
          798784,
          798240,
          796960,
          797120,
          796864,
          811264,
          797248,
          797952,
          800480,
          796576,
          797216,
          796448,
          798496,
          797792,
          799008,
          799360,
          798560,
          797216,
          797888,
          798112,
          798016,
          797408,
          798304,
          796960,
          812448
        ],
        "applicable": true
      },
      {
        "kernel": "onpair_shmem_4tpt_vwidth4_b128",
        "decode_ms": 0.621728,
        "decode_gib_s": 1383.4683675168633,
        "decode_ns_iters": [
          661472,
          661248,
          661376,
          660768,
          626368,
          661120,
          660480,
          660640,
          660832,
          660992,
          676192,
          660288,
          660032,
          627680,
          621728,
          625248,
          655296,
          654016,
          654720,
          659552,
          662368,
          660608,
          661696,
          672384,
          636480,
          659648,
          660448,
          661024,
          661056,
          660896
        ],
        "applicable": true
      },
      {
        "kernel": "onpair_shmem_4tpt_shdict8",
        "decode_ms": 0.957472,
        "decode_gib_s": 898.3458745524928,
        "decode_ns_iters": [
          967360,
          967008,
          967776,
          967104,
          966944,
          980000,
          967360,
          961120,
          970080,
          971456,
          963232,
          961472,
          983200,
          978112,
          957888,
          979744,
          967168,
          964960,
          979552,
          969952,
          965568,
          958080,
          960736,
          961280,
          961856,
          962176,
          965600,
          970400,
          957472,
          964544
        ],
        "applicable": true
      },
      {
        "kernel": "onpair_shmem_4tpt_ablate",
        "decode_ms": 0.603776,
        "decode_gib_s": 1424.6028679502406,
        "decode_ns_iters": [
          637632,
          651776,
          637920,
          640128,
          639328,
          640256,
          655008,
          634304,
          632512,
          654432,
          637792,
          639232,
          640448,
          605376,
          652736,
          606752,
          652416,
          652928,
          603776,
          640800,
          608736,
          638368,
          606080,
          639264,
          637312,
          607328,
          640096,
          613952,
          642112,
          632832
        ],
        "applicable": true
      },
      {
        "kernel": "onpair_shmem_4tpt_ablate_nogather",
        "decode_ms": 0.508768,
        "decode_gib_s": 1690.6350658837118,
        "decode_ns_iters": [
          549920,
          553344,
          549600,
          551456,
          517600,
          508768,
          555040,
          550400,
          551808,
          548960,
          549632,
          552288,
          561984,
          554784,
          550752,
          531200,
          510880,
          554304,
          551552,
          565568,
          552576,
          551520,
          550496,
          550528,
          551616,
          550080,
          519904,
          510784,
          545248,
          545568
        ],
        "applicable": true
      },
      {
        "kernel": "onpair_shmem_4tpt_ablate_noemit",
        "decode_ms": 0.237376,
        "decode_gib_s": 3623.5382734544537,
        "decode_ns_iters": [
          279936,
          290368,
          277664,
          252128,
          278432,
          277504,
          244480,
          237376,
          278016,
          292544,
          278048,
          276160,
          275200,
          278496,
          275072,
          290816,
          280704,
          277760,
          275552,
          277504,
          244064,
          278240,
          272800,
          277184,
          290720,
          276224,
          295008,
          269952,
          275808,
          274336
        ],
        "applicable": true
      },
      {
        "kernel": "onpair_shmem_4tpt_ablate_nodrain",
        "decode_ms": 0.531904,
        "decode_gib_s": 1617.0982380270207,
        "decode_ns_iters": [
          583136,
          588960,
          572384,
          567808,
          570848,
          539648,
          532896,
          535232,
          573184,
          576192,
          574464,
          575104,
          587680,
          573792,
          537824,
          532352,
          532960,
          568480,
          569632,
          574208,
          567616,
          568384,
          566720,
          569504,
          542720,
          531904,
          577888,
          562080,
          563552,
          574144
        ],
        "applicable": true
      },
      {
        "kernel": "onpair_shmem_4tpt_ablate_noscan",
        "decode_ms": 0.272832,
        "decode_gib_s": 3152.6397973827275,
        "decode_ns_iters": [
          307808,
          308256,
          310400,
          309184,
          312864,
          309216,
          308576,
          310240,
          308768,
          303840,
          305504,
          303328,
          309664,
          310720,
          308160,
          323488,
          309408,
          301792,
          320448,
          273280,
          307904,
          308768,
          319424,
          303360,
          310080,
          272832,
          308864,
          309632,
          309728,
          304928
        ],
        "applicable": true
      },
      {
        "kernel": "onpair_shmem_4tpt_ablate_cfree",
        "decode_ms": 0.446848,
        "decode_gib_s": 1924.9073984879071,
        "decode_ns_iters": [
          479104,
          474368,
          478560,
          479936,
          476480,
          493248,
          480512,
          446848,
          479904,
          478976,
          472928,
          479712,
          491616,
          493920,
          479168,
          479552,
          479904,
          478816,
          490560,
          491776,
          447264,
          493632,
          480928,
          479328,
          487872,
          470592,
          480800,
          489728,
          485984,
          474048
        ],
        "applicable": true
      },
      {
        "kernel": "onpair_shmem_s8",
        "decode_ms": 0.0,
        "decode_gib_s": 0.0,
        "applicable": false,
        "reason": "dictionary entry longer than 8 bytes"
      },
      {
        "kernel": "onpair_shmem_s8_2tpt",
        "decode_ms": 0.0,
        "decode_gib_s": 0.0,
        "applicable": false,
        "reason": "dictionary entry longer than 8 bytes"
      },
      {
        "kernel": "onpair_shmem_s8_4tpt",
        "decode_ms": 0.0,
        "decode_gib_s": 0.0,
        "applicable": false,
        "reason": "dictionary entry longer than 8 bytes"
      },
      {
        "kernel": "onpair_shmem_s8_8tpt",
        "decode_ms": 0.0,
        "decode_gib_s": 0.0,
        "applicable": false,
        "reason": "dictionary entry longer than 8 bytes"
      },
      {
        "kernel": "onpair_shmem_s4l1",
        "decode_ms": 0.0,
        "decode_gib_s": 0.0,
        "applicable": false,
        "reason": "dictionary entry longer than 4 bytes"
      },
      {
        "kernel": "onpair_shmem_s4l1_2tpt",
        "decode_ms": 0.0,
        "decode_gib_s": 0.0,
        "applicable": false,
        "reason": "dictionary entry longer than 4 bytes"
      },
      {
        "kernel": "onpair_shmem_s4l1_4tpt",
        "decode_ms": 0.0,
        "decode_gib_s": 0.0,
        "applicable": false,
        "reason": "dictionary entry longer than 4 bytes"
      },
      {
        "kernel": "onpair_shmem_s4l1_8tpt",
        "decode_ms": 0.0,
        "decode_gib_s": 0.0,
        "applicable": false,
        "reason": "dictionary entry longer than 4 bytes"
      },
      {
        "kernel": "onpair_shmem_s4l1_16tpt",
        "decode_ms": 0.0,
        "decode_gib_s": 0.0,
        "applicable": false,
        "reason": "dictionary entry longer than 4 bytes"
      },
      {
        "kernel": "onpair_shmem_s4l1_32tpt",
        "decode_ms": 0.0,
        "decode_gib_s": 0.0,
        "applicable": false,
        "reason": "dictionary entry longer than 4 bytes"
      },
      {
        "kernel": "onpair_shmem_const1",
        "decode_ms": 0.0,
        "decode_gib_s": 0.0,
        "applicable": false,
        "reason": "not every dictionary entry is exactly 1 byte"
      },
      {
        "kernel": "onpair_shmem_const2",
        "decode_ms": 0.0,
        "decode_gib_s": 0.0,
        "applicable": false,
        "reason": "not every dictionary entry is exactly 2 bytes"
      }
    ]
  }
}
==PROF== Disconnected from process 22842
==PROF== Report: /home/ubuntu/work/ncu_costsurface_synthetic_url_b12.ncu-rep
