==PROF== Connected to process 21705 (/home/ubuntu/work/target/release/onpair-chunk-bench)
2026-07-06T03:28:12.563489Z  INFO vortex_cuda: vortex-cuda/src/lib.rs:111: Registering CUDA kernels
==WARNING== Unable to access the following 6 metrics: ctc__rx_bytes_data_user.sum, ctc__rx_bytes_data_user.sum.pct_of_peak_sustained_elapsed, ctc__rx_bytes_data_user.sum.per_second, ctc__tx_bytes_data_user.sum, ctc__tx_bytes_data_user.sum.pct_of_peak_sustained_elapsed, ctc__tx_bytes_data_user.sum.per_second.


==PROF== Profiling "onpair_shmem_4tpt": 0%....50%....100% - 40 passes
==PROF== Profiling "onpair_shmem_4tpt": 0%....50%....100% - 40 passes
==PROF== Profiling "onpair_shmem_4tpt": 0%....50%....100% - 40 passes
==PROF== Profiling "onpair_shmem_4tpt": 0%....50%....100% - 40 passes
==PROF== Profiling "onpair_shmem_4tpt": 0%....50%....100% - 40 passes
==PROF== Profiling "onpair_shmem_4tpt": 0%....50%....100% - 40 passes
==PROF== Profiling "onpair_shmem_4tpt": 0%....50%....100% - 40 passes
==PROF== Profiling "onpair_shmem_4tpt": 0%....50%....100% - 40 passes
==PROF== Profiling "onpair_shmem_4tpt": 0%....50%....100% - 40 passes
==PROF== Profiling "onpair_shmem_4tpt": 0%....50%....100% - 40 passes
==PROF== Profiling "onpair_shmem_4tpt": 0%....50%....100% - 40 passes
==PROF== Profiling "onpair_shmem_4tpt": 0%....50%....100% - 40 passes
==PROF== Profiling "onpair_shmem_4tpt": 0%....50%....100% - 40 passes
==PROF== Profiling "onpair_shmem_4tpt": 0%....50%....100% - 40 passes
==PROF== Profiling "onpair_shmem_4tpt": 0%....50%....100% - 40 passes
==PROF== Profiling "onpair_shmem_4tpt": 0%....50%....100% - 40 passes
{
  "files": [
    "/home/ubuntu/work/vortex-bench/data/onpair-bench/tpch-sf10/l_shipinstruct/bits16_chunk1000mb_thr0.20/part_0000.vortex"
  ],
  "column": "l_shipinstruct",
  "rows": 59986052,
  "in_memory_bytes": 64498913,
  "dict_bytes": 435,
  "gpu": {
    "iterations": 30,
    "decoded_bytes": 719788494,
    "chunks": 1,
    "auto_kernel": "onpair_shmem_4tpt_b128o12",
    "frac_le8": 0.40003875,
    "dict_mean_len": 9.599654,
    "dict_max_len": 16,
    "dict_entries_max": 296,
    "small_dict": true,
    "distinct_codes": 5,
    "access_top4096_frac": 1.0,
    "compressed_bytes": 149962073,
    "h2d_gib_s": 10.223241447588906,
    "whole_decompress_gib_s": 47.42190075719773,
    "best_kernel": "onpair_shmem_4tpt_vwidth4_b128",
    "auto_decode_ms": 0.474656,
    "best_decode_ms": 0.465664,
    "validated": false,
    "auto_decode_gib_s": 1412.2970602092419,
    "best_decode_gib_s": 1439.5686018474219,
    "kernels": [
      {
        "kernel": "onpair_shmem",
        "decode_ms": 0.677312,
        "decode_gib_s": 989.7289187415518,
        "decode_ns_iters": [
          680320,
          678368,
          678464,
          683232,
          678880,
          686784,
          704320,
          696128,
          679968,
          694496,
          679104,
          678144,
          677696,
          680128,
          677728,
          678496,
          677312,
          679968,
          679456,
          700480,
          693248,
          678656,
          679904,
          680384,
          679904,
          679712,
          689632,
          688576,
          680800,
          689472
        ],
        "applicable": true
      },
      {
        "kernel": "onpair_shmem_2tpt",
        "decode_ms": 0.511936,
        "decode_gib_s": 1309.4513247958298,
        "decode_ns_iters": [
          551968,
          551936,
          553088,
          547136,
          552672,
          550912,
          551584,
          542368,
          552864,
          517792,
          552768,
          546976,
          520928,
          514016,
          552736,
          564448,
          517664,
          548064,
          563168,
          553120,
          553568,
          552704,
          569440,
          553120,
          551840,
          561024,
          552416,
          523104,
          527488,
          511936
        ],
        "applicable": true
      },
      {
        "kernel": "onpair_shmem_4tpt",
        "decode_ms": 0.533056,
        "decode_gib_s": 1257.5700740835446,
        "decode_ns_iters": [
          2945165634,
          2955378056,
          2949136257,
          2949025154,
          2960946560,
          2962525368,
          2954663277,
          2946205378,
          2967733383,
          2958608627,
          2956332207,
          2963845730,
          2948051691,
          2973149776,
          590528,
          533056,
          612864,
          585152,
          573728,
          588608,
          572032,
          575008,
          587968,
          571744,
          538624,
          563264,
          566784,
          566400,
          568096,
          575296
        ],
        "applicable": true
      },
      {
        "kernel": "onpair_shmem_4tpt_wpb8",
        "decode_ms": 0.483584,
        "decode_gib_s": 1386.2230210484174,
        "decode_ns_iters": [
          519360,
          517088,
          525920,
          527168,
          490976,
          540864,
          525248,
          525920,
          526336,
          525888,
          527104,
          526528,
          524576,
          525984,
          525696,
          527360,
          525824,
          525568,
          527648,
          534720,
          521024,
          527840,
          540448,
          489440,
          483584,
          485568,
          537344,
          516736,
          525056,
          525184
        ],
        "applicable": true
      },
      {
        "kernel": "onpair_shmem_4tpt_wpb8_occ",
        "decode_ms": 0.477472,
        "decode_gib_s": 1403.9677162444666,
        "decode_ns_iters": [
          519616,
          519360,
          520032,
          522400,
          523040,
          528800,
          515872,
          520352,
          521312,
          533824,
          490208,
          482144,
          477728,
          525664,
          513536,
          527808,
          520384,
          514048,
          513248,
          519776,
          539456,
          521376,
          515136,
          520288,
          513120,
          480928,
          477472,
          536672,
          522368,
          520064
        ],
        "applicable": true
      },
      {
        "kernel": "onpair_shmem_4tpt_b128",
        "decode_ms": 0.475264,
        "decode_gib_s": 1410.4903241370646,
        "decode_ns_iters": [
          519648,
          517920,
          517440,
          511296,
          485376,
          475264,
          527168,
          516672,
          518176,
          516960,
          521248,
          519648,
          518528,
          532160,
          518752,
          530080,
          517120,
          493856,
          518592,
          517760,
          519296,
          518528,
          484448,
          518304,
          518208,
          531456,
          514272,
          530816,
          511136,
          531328
        ],
        "applicable": true
      },
      {
        "kernel": "onpair_shmem_4tpt_o6",
        "decode_ms": 0.474496,
        "decode_gib_s": 1412.7732866255521,
        "decode_ns_iters": [
          505248,
          511456,
          510528,
          521472,
          515168,
          512992,
          517216,
          510816,
          476832,
          512704,
          502880,
          520096,
          509216,
          512704,
          518528,
          512256,
          513216,
          476768,
          510336,
          516352,
          519264,
          517984,
          513792,
          510240,
          510592,
          510784,
          484320,
          516000,
          488064,
          474496
        ],
        "applicable": true
      },
      {
        "kernel": "onpair_shmem_4tpt_b512o3",
        "decode_ms": 0.480672,
        "decode_gib_s": 1394.6210168486575,
        "decode_ns_iters": [
          491072,
          482816,
          513344,
          512928,
          488064,
          533856,
          515104,
          523040,
          522400,
          522944,
          515712,
          523232,
          521632,
          522688,
          522752,
          517952,
          520896,
          536032,
          513952,
          534528,
          524192,
          485440,
          480672,
          521184,
          517664,
          518752,
          515424,
          523680,
          522144,
          522272
        ],
        "applicable": true
      },
      {
        "kernel": "onpair_shmem_4tpt_b128o12",
        "decode_ms": 0.474656,
        "decode_gib_s": 1412.2970602092419,
        "decode_ns_iters": [
          517536,
          517664,
          518336,
          531360,
          517856,
          517888,
          511008,
          511712,
          519136,
          519360,
          517312,
          519200,
          516992,
          515392,
          478400,
          477248,
          474656,
          518592,
          509536,
          512544,
          510528,
          520352,
          529664,
          518624,
          512000,
          511424,
          483392,
          513504,
          512064,
          513920
        ],
        "applicable": true
      },
      {
        "kernel": "onpair_shmem_4tpt_b64",
        "decode_ms": 0.47632,
        "decode_gib_s": 1407.3632713526156,
        "decode_ns_iters": [
          527776,
          517888,
          516544,
          483392,
          487936,
          519136,
          530720,
          518304,
          534592,
          480928,
          476992,
          517920,
          482144,
          476320,
          517440,
          519136,
          517216,
          517312,
          517216,
          516960,
          529888,
          518272,
          518656,
          483840,
          518176,
          515456,
          519840,
          518368,
          516992,
          510272
        ],
        "applicable": true
      },
      {
        "kernel": "onpair_shmem_4tpt_b64o24",
        "decode_ms": 0.4752,
        "decode_gib_s": 1410.6802891638845,
        "decode_ns_iters": [
          511616,
          520000,
          533888,
          481056,
          475200,
          521376,
          534528,
          510912,
          521728,
          515968,
          531552,
          518656,
          519296,
          519264,
          527616,
          517280,
          533280,
          519168,
          520288,
          482912,
          517120,
          518464,
          514368,
          511360,
          519776,
          532000,
          519264,
          519264,
          517792,
          518656
        ],
        "applicable": true
      },
      {
        "kernel": "onpair_shmem_4tpt_split8read_b128o12",
        "decode_ms": 0.467936,
        "decode_gib_s": 1432.57897107869,
        "decode_ns_iters": [
          510176,
          510848,
          511392,
          510464,
          527872,
          474016,
          467936,
          507424,
          503936,
          506176,
          474752,
          510464,
          512480,
          510240,
          512192,
          511392,
          506464,
          510336,
          505280,
          521568,
          477216,
          527360,
          513632,
          504352,
          511136,
          512320,
          510048,
          510688,
          523744,
          511296
        ],
        "applicable": true
      },
      {
        "kernel": "onpair_shmem_4tpt_split8read_occ",
        "decode_ms": 0.471904,
        "decode_gib_s": 1420.5331453233664,
        "decode_ns_iters": [
          527360,
          480736,
          509344,
          513632,
          481728,
          471904,
          509216,
          520768,
          510112,
          528672,
          514592,
          508096,
          513760,
          515168,
          531520,
          480960,
          525280,
          509664,
          509440,
          508288,
          517408,
          516576,
          515840,
          509024,
          514368,
          510240,
          514944,
          515136,
          479008,
          476384
        ],
        "applicable": true
      },
      {
        "kernel": "onpair_shmem_4tpt_split8",
        "decode_ms": 0.615968,
        "decode_gib_s": 1088.295615049285,
        "decode_ns_iters": [
          626944,
          626400,
          626112,
          637792,
          628224,
          627008,
          626400,
          626144,
          625792,
          626016,
          641216,
          625792,
          625792,
          641152,
          626144,
          626880,
          625056,
          618560,
          624576,
          626304,
          627200,
          627744,
          622496,
          621120,
          615968,
          625440,
          617888,
          619360,
          618208,
          628864
        ],
        "applicable": true
      },
      {
        "kernel": "onpair_shmem_4tpt_split8_wpb8",
        "decode_ms": 0.565344,
        "decode_gib_s": 1185.7475685789148,
        "decode_ns_iters": [
          627712,
          609056,
          600832,
          606272,
          608352,
          608192,
          608288,
          624768,
          586432,
          566720,
          565344,
          609056,
          608832,
          619488,
          601248,
          608896,
          621792,
          602208,
          608672,
          601856,
          608704,
          602720,
          608672,
          606816,
          603616,
          609408,
          608032,
          607968,
          602336,
          601216
        ],
        "applicable": true
      },
      {
        "kernel": "onpair_shmem_4tpt_split8_wpb8_occ",
        "decode_ms": 0.567968,
        "decode_gib_s": 1180.2694401985284,
        "decode_ns_iters": [
          602176,
          616320,
          595040,
          603072,
          598592,
          604480,
          597568,
          603008,
          602784,
          605504,
          604096,
          604192,
          617952,
          602944,
          602912,
          570208,
          600480,
          608192,
          573696,
          602528,
          605760,
          603264,
          621312,
          602880,
          602720,
          603648,
          567968,
          603744,
          596768,
          598112
        ],
        "applicable": true
      },
      {
        "kernel": "onpair_shmem_4tpt_pdict",
        "decode_ms": 0.640416,
        "decode_gib_s": 1046.7497273813863,
        "decode_ns_iters": [
          675040,
          692768,
          695136,
          676544,
          689024,
          678560,
          677216,
          671776,
          671456,
          691328,
          679232,
          682624,
          680000,
          678560,
          694368,
          679392,
          678496,
          688800,
          679552,
          677760,
          676832,
          681536,
          695424,
          640416,
          681344,
          675872,
          676352,
          681696,
          677120,
          680160
        ],
        "applicable": true
      },
      {
        "kernel": "onpair_shmem_4tpt_vdict",
        "decode_ms": 0.97536,
        "decode_gib_s": 687.2901015119319,
        "decode_ns_iters": [
          980992,
          980064,
          979264,
          998656,
          987520,
          984832,
          985440,
          984416,
          992608,
          984928,
          988128,
          976288,
          987648,
          994304,
          986336,
          984896,
          975360,
          983424,
          982336,
          987328,
          985440,
          977440,
          989376,
          997120,
          977600,
          975616,
          983744,
          996672,
          997984,
          983584
        ],
        "applicable": true
      },
      {
        "kernel": "onpair_shmem_4tpt_split8read",
        "decode_ms": 0.498528,
        "decode_gib_s": 1344.6692531024894,
        "decode_ns_iters": [
          540128,
          554848,
          555680,
          539328,
          540608,
          541664,
          505664,
          509664,
          498528,
          540576,
          538432,
          539776,
          538144,
          542272,
          534688,
          541280,
          539872,
          543488,
          506656,
          541024,
          553504,
          540864,
          534784,
          540480,
          542848,
          541184,
          557632,
          535584,
          544128,
          540960
        ],
        "applicable": true
      },
      {
        "kernel": "onpair_shmem_4tpt_ldcs",
        "decode_ms": 0.512512,
        "decode_gib_s": 1307.9796637165136,
        "decode_ns_iters": [
          516928,
          546048,
          565056,
          550176,
          549312,
          562976,
          548384,
          550304,
          514304,
          549312,
          548384,
          549344,
          550560,
          548256,
          562048,
          542592,
          549024,
          512512,
          550720,
          560864,
          549824,
          548352,
          548448,
          548352,
          548800,
          548288,
          513440,
          548032,
          549440,
          547360
        ],
        "applicable": true
      },
      {
        "kernel": "onpair_shmem_4tpt_lenbucket",
        "decode_ms": 0.0,
        "decode_gib_s": 0.0,
        "applicable": false,
        "reason": "length-bucket dict not built (set ONPAIR_DICT_REORDER=lenbucket)"
      },
      {
        "kernel": "onpair_shmem_4tpt_lenbucket_b128",
        "decode_ms": 0.0,
        "decode_gib_s": 0.0,
        "applicable": false,
        "reason": "length-bucket dict not built (set ONPAIR_DICT_REORDER=lenbucket)"
      },
      {
        "kernel": "onpair_shmem_4tpt_regcache",
        "decode_ms": 0.583904,
        "decode_gib_s": 1148.0573406085211,
        "decode_ns_iters": [
          632672,
          619744,
          619552,
          634656,
          620000,
          618304,
          619104,
          618208,
          634464,
          618592,
          620320,
          620096,
          633024,
          619072,
          621056,
          619776,
          619072,
          618464,
          619328,
          621312,
          621504,
          620032,
          619392,
          620160,
          631392,
          610848,
          583904,
          629728,
          617728,
          620288
        ],
        "applicable": true
      },
      {
        "kernel": "onpair_shmem_4tpt_split4read",
        "decode_ms": 0.510144,
        "decode_gib_s": 1314.0510785399374,
        "decode_ns_iters": [
          551712,
          551712,
          551200,
          553216,
          552544,
          559712,
          558848,
          518112,
          516704,
          570240,
          524192,
          553280,
          560544,
          552288,
          523968,
          510144,
          511200,
          573376,
          574112,
          557856,
          559648,
          559552,
          560128,
          559456,
          559904,
          570816,
          526816,
          560224,
          560096,
          558944
        ],
        "applicable": true
      },
      {
        "kernel": "onpair_shmem_4tpt_split4read_b128o12",
        "decode_ms": 0.48016,
        "decode_gib_s": 1396.1081168999458,
        "decode_ns_iters": [
          522208,
          522912,
          521216,
          521472,
          516096,
          520768,
          480160,
          521920,
          513280,
          513696,
          512704,
          524864,
          520256,
          536736,
          519104,
          515456,
          533088,
          514240,
          519424,
          520224,
          519360,
          520384,
          521376,
          521024,
          519904,
          533888,
          520704,
          521920,
          485344,
          520512
        ],
        "applicable": true
      },
      {
        "kernel": "onpair_shmem_4tpt_cluster_dsmem",
        "decode_ms": 1.672576,
        "decode_gib_s": 400.7921155216133,
        "decode_ns_iters": [
          1692608,
          1691296,
          1692928,
          1676960,
          1679328,
          1678848,
          1678464,
          1688704,
          1685888,
          1681920,
          1677216,
          1684832,
          1695584,
          1682400,
          1678432,
          1672576,
          1706208,
          1676480,
          1693664,
          1684416,
          1683648,
          1687552,
          1695648,
          1693504,
          1674016,
          1694144,
          1699552,
          1683520,
          1673888,
          1681376
        ],
        "applicable": true
      },
      {
        "kernel": "onpair_shmem_8tpt",
        "decode_ms": 0.481376,
        "decode_gib_s": 1392.5814195362416,
        "decode_ns_iters": [
          518112,
          519168,
          531808,
          523360,
          520160,
          481376,
          518880,
          513024,
          517120,
          511840,
          518816,
          517920,
          517760,
          519648,
          519872,
          518496,
          512000,
          527040,
          513280,
          519616,
          519232,
          482944,
          513376,
          532352,
          520096,
          493152,
          508000,
          512160,
          531872,
          515488
        ],
        "applicable": true
      },
      {
        "kernel": "onpair_shmem_8tpt_b128",
        "decode_ms": 0.4752,
        "decode_gib_s": 1410.6802891638845,
        "decode_ns_iters": [
          516544,
          516928,
          515776,
          518016,
          517280,
          509376,
          518048,
          517024,
          517952,
          517856,
          516800,
          531168,
          517216,
          519232,
          520896,
          517856,
          518112,
          482048,
          475200,
          476128,
          475488,
          515584,
          517408,
          517824,
          517664,
          516992,
          517248,
          517824,
          516768,
          517568
        ],
        "applicable": true
      },
      {
        "kernel": "onpair_shmem_4tpt_vwidth",
        "decode_ms": 0.820288,
        "decode_gib_s": 817.2194075869426,
        "decode_ns_iters": [
          844384,
          822816,
          829152,
          828224,
          829792,
          830336,
          841152,
          840832,
          829952,
          827008,
          830144,
          824672,
          830912,
          824320,
          829568,
          829248,
          843168,
          820288,
          841216,
          821568,
          825600,
          820608,
          834752,
          821632,
          823680,
          826240,
          823776,
          820608,
          824736,
          822432
        ],
        "applicable": true
      },
      {
        "kernel": "onpair_shmem_4tpt_vwidth_b128",
        "decode_ms": 1.047392,
        "decode_gib_s": 640.0232896667894,
        "decode_ns_iters": [
          1049600,
          1047392,
          1057632,
          1069632,
          1050848,
          1048960,
          1053376,
          1056992,
          1051136,
          1051840,
          1053632,
          1049856,
          1057856,
          1058528,
          1059424,
          1059392,
          1053952,
          1055040,
          1058208,
          1058048,
          1058144,
          1074144,
          1068864,
          1056032,
          1058080,
          1050144,
          1058016,
          1050208,
          1058464,
          1059488
        ],
        "applicable": true
      },
      {
        "kernel": "onpair_shmem_4tpt_vwidth4",
        "decode_ms": 0.665568,
        "decode_gib_s": 1007.1927637907439,
        "decode_ns_iters": [
          672992,
          672256,
          669056,
          666208,
          677248,
          688672,
          673344,
          665568,
          688896,
          672768,
          668192,
          673024,
          679392,
          674144,
          684864,
          669536,
          677152,
          671392,
          672384,
          673920,
          681632,
          672768,
          668544,
          666208,
          672416,
          673216,
          673824,
          673184,
          672160,
          672832
        ],
        "applicable": true
      },
      {
        "kernel": "onpair_shmem_4tpt_vwidth4_b128",
        "decode_ms": 0.465664,
        "decode_gib_s": 1439.5686018474219,
        "decode_ns_iters": [
          509536,
          512128,
          523328,
          523360,
          478528,
          468256,
          466432,
          466304,
          511200,
          523680,
          511616,
          523712,
          478240,
          468128,
          509376,
          511776,
          507200,
          473344,
          465664,
          511136,
          511392,
          510112,
          506048,
          510976,
          511456,
          506816,
          511840,
          502912,
          511360,
          516256
        ],
        "applicable": true
      },
      {
        "kernel": "onpair_shmem_4tpt_shdict8",
        "decode_ms": 0.849024,
        "decode_gib_s": 789.559863337995,
        "decode_ns_iters": [
          854144,
          853728,
          849664,
          849024,
          854528,
          863296,
          854944,
          856032,
          852224,
          858688,
          856768,
          851264,
          854880,
          855392,
          851424,
          852320,
          866784,
          854752,
          871488,
          864192,
          852576,
          854560,
          849600,
          854080,
          851552,
          850016,
          857376,
          853024,
          852416,
          854304
        ],
        "applicable": true
      },
      {
        "kernel": "onpair_shmem_4tpt_ablate",
        "decode_ms": 0.475328,
        "decode_gib_s": 1410.3004102654966,
        "decode_ns_iters": [
          521216,
          517344,
          520608,
          519840,
          517888,
          518560,
          484640,
          476000,
          518912,
          484928,
          518752,
          518752,
          520352,
          544224,
          533344,
          519008,
          534112,
          517696,
          518816,
          519616,
          482144,
          519904,
          536544,
          520224,
          535936,
          519392,
          517056,
          518560,
          491840,
          475328
        ],
        "applicable": true
      },
      {
        "kernel": "onpair_shmem_4tpt_ablate_nogather",
        "decode_ms": 0.419104,
        "decode_gib_s": 1599.496242962792,
        "decode_ns_iters": [
          461664,
          461440,
          460128,
          461024,
          462016,
          462624,
          463744,
          454048,
          462656,
          430784,
          421984,
          419456,
          466688,
          470624,
          462368,
          462688,
          463904,
          480704,
          461824,
          461440,
          460416,
          425920,
          434592,
          419104,
          462240,
          461632,
          456896,
          455744,
          461344,
          475072
        ],
        "applicable": true
      },
      {
        "kernel": "onpair_shmem_4tpt_ablate_noemit",
        "decode_ms": 0.204672,
        "decode_gib_s": 3275.266149794197,
        "decode_ns_iters": [
          245824,
          238752,
          243136,
          246784,
          248704,
          248032,
          239872,
          247168,
          246048,
          246304,
          244928,
          213472,
          247008,
          247712,
          248800,
          243520,
          247104,
          246368,
          260384,
          242144,
          250112,
          237536,
          242784,
          248224,
          242336,
          257504,
          211712,
          205120,
          204672,
          204736
        ],
        "applicable": true
      },
      {
        "kernel": "onpair_shmem_4tpt_ablate_nodrain",
        "decode_ms": 0.42608,
        "decode_gib_s": 1573.308471204182,
        "decode_ns_iters": [
          466720,
          462816,
          465696,
          468480,
          468448,
          467904,
          468288,
          468384,
          433728,
          469952,
          467968,
          468320,
          468128,
          483296,
          469760,
          471744,
          468736,
          440576,
          426080,
          466304,
          468096,
          480768,
          467936,
          468064,
          467648,
          469472,
          482400,
          468224,
          433472,
          431968
        ],
        "applicable": true
      },
      {
        "kernel": "onpair_shmem_4tpt_ablate_noscan",
        "decode_ms": 0.202528,
        "decode_gib_s": 3309.9387413625664,
        "decode_ns_iters": [
          246400,
          247200,
          246240,
          244832,
          262784,
          260928,
          245824,
          208960,
          244800,
          212224,
          243776,
          260064,
          244960,
          244832,
          246880,
          247232,
          246976,
          244384,
          213472,
          202528,
          245376,
          260576,
          246208,
          260384,
          210528,
          203712,
          244640,
          260160,
          262144,
          247808
        ],
        "applicable": true
      },
      {
        "kernel": "onpair_shmem_4tpt_ablate_cfree",
        "decode_ms": 0.360448,
        "decode_gib_s": 1859.7835843469181,
        "decode_ns_iters": [
          401024,
          403008,
          402752,
          415264,
          414912,
          401344,
          418080,
          402176,
          403584,
          401184,
          401472,
          402368,
          403232,
          402752,
          403168,
          401024,
          377120,
          417824,
          416544,
          401280,
          403968,
          413984,
          414944,
          401600,
          367520,
          361440,
          360448,
          406464,
          396672,
          398208
        ],
        "applicable": true
      },
      {
        "kernel": "onpair_shmem_s8",
        "decode_ms": 0.0,
        "decode_gib_s": 0.0,
        "applicable": false,
        "reason": "dictionary entry longer than 8 bytes"
      },
      {
        "kernel": "onpair_shmem_s8_2tpt",
        "decode_ms": 0.0,
        "decode_gib_s": 0.0,
        "applicable": false,
        "reason": "dictionary entry longer than 8 bytes"
      },
      {
        "kernel": "onpair_shmem_s8_4tpt",
        "decode_ms": 0.0,
        "decode_gib_s": 0.0,
        "applicable": false,
        "reason": "dictionary entry longer than 8 bytes"
      },
      {
        "kernel": "onpair_shmem_s8_8tpt",
        "decode_ms": 0.0,
        "decode_gib_s": 0.0,
        "applicable": false,
        "reason": "dictionary entry longer than 8 bytes"
      },
      {
        "kernel": "onpair_shmem_s4l1",
        "decode_ms": 0.0,
        "decode_gib_s": 0.0,
        "applicable": false,
        "reason": "dictionary entry longer than 4 bytes"
      },
      {
        "kernel": "onpair_shmem_s4l1_2tpt",
        "decode_ms": 0.0,
        "decode_gib_s": 0.0,
        "applicable": false,
        "reason": "dictionary entry longer than 4 bytes"
      },
      {
        "kernel": "onpair_shmem_s4l1_4tpt",
        "decode_ms": 0.0,
        "decode_gib_s": 0.0,
        "applicable": false,
        "reason": "dictionary entry longer than 4 bytes"
      },
      {
        "kernel": "onpair_shmem_s4l1_8tpt",
        "decode_ms": 0.0,
        "decode_gib_s": 0.0,
        "applicable": false,
        "reason": "dictionary entry longer than 4 bytes"
      },
      {
        "kernel": "onpair_shmem_s4l1_16tpt",
        "decode_ms": 0.0,
        "decode_gib_s": 0.0,
        "applicable": false,
        "reason": "dictionary entry longer than 4 bytes"
      },
      {
        "kernel": "onpair_shmem_s4l1_32tpt",
        "decode_ms": 0.0,
        "decode_gib_s": 0.0,
        "applicable": false,
        "reason": "dictionary entry longer than 4 bytes"
      },
      {
        "kernel": "onpair_shmem_const1",
        "decode_ms": 0.0,
        "decode_gib_s": 0.0,
        "applicable": false,
        "reason": "not every dictionary entry is exactly 1 byte"
      },
      {
        "kernel": "onpair_shmem_const2",
        "decode_ms": 0.0,
        "decode_gib_s": 0.0,
        "applicable": false,
        "reason": "not every dictionary entry is exactly 2 bytes"
      }
    ]
  }
}
==PROF== Disconnected from process 21705
==PROF== Report: /home/ubuntu/work/ncu_costsurface_tpch-sf10_l_shipinstruct_b16.ncu-rep
