==PROF== Connected to process 17162 (/home/ubuntu/work/target/release/onpair-chunk-bench)
2026-07-06T03:22:38.422445Z  INFO vortex_cuda: vortex-cuda/src/lib.rs:111: Registering CUDA kernels
==WARNING== Unable to access the following 6 metrics: ctc__rx_bytes_data_user.sum, ctc__rx_bytes_data_user.sum.pct_of_peak_sustained_elapsed, ctc__rx_bytes_data_user.sum.per_second, ctc__tx_bytes_data_user.sum, ctc__tx_bytes_data_user.sum.pct_of_peak_sustained_elapsed, ctc__tx_bytes_data_user.sum.per_second.


==PROF== Profiling "onpair_shmem_4tpt": 0%....50%....100% - 40 passes
==PROF== Profiling "onpair_shmem_4tpt": 0%....50%....100% - 40 passes
==PROF== Profiling "onpair_shmem_4tpt": 0%....50%....100% - 40 passes
==PROF== Profiling "onpair_shmem_4tpt": 0%....50%....100% - 40 passes
==PROF== Profiling "onpair_shmem_4tpt": 0%....50%....100% - 40 passes
==PROF== Profiling "onpair_shmem_4tpt": 0%....50%....100% - 40 passes
==PROF== Profiling "onpair_shmem_4tpt": 0%....50%....100% - 40 passes
==PROF== Profiling "onpair_shmem_4tpt": 0%....50%....100% - 40 passes
==PROF== Profiling "onpair_shmem_4tpt": 0%....50%....100% - 40 passes
==PROF== Profiling "onpair_shmem_4tpt": 0%....50%....100% - 40 passes
==PROF== Profiling "onpair_shmem_4tpt": 0%....50%....100% - 40 passes
==PROF== Profiling "onpair_shmem_4tpt": 0%....50%....100% - 40 passes
==PROF== Profiling "onpair_shmem_4tpt": 0%....50%....100% - 40 passes
==PROF== Profiling "onpair_shmem_4tpt": 0%....50%....100% - 40 passes
==PROF== Profiling "onpair_shmem_4tpt": 0%....50%....100% - 40 passes
==PROF== Profiling "onpair_shmem_4tpt": 0%....50%....100% - 40 passes
{
  "files": [
    "/home/ubuntu/work/vortex-bench/data/onpair-bench/tpch-sf10/l_comment/bits16_chunk1000mb_thr0.20/part_0000.vortex"
  ],
  "column": "l_comment",
  "rows": 37734748,
  "in_memory_bytes": 238686247,
  "dict_bytes": 737328,
  "gpu": {
    "iterations": 30,
    "decoded_bytes": 999999977,
    "chunks": 1,
    "auto_kernel": "onpair_shmem_4tpt_b128o12",
    "frac_le8": 0.33406925,
    "dict_mean_len": 10.447563,
    "dict_max_len": 16,
    "dict_entries_max": 65302,
    "small_dict": false,
    "distinct_codes": 65077,
    "access_top4096_frac": 0.42908058,
    "compressed_bytes": 192234850,
    "h2d_gib_s": 9.854959825862071,
    "whole_decompress_gib_s": 48.54860890056627,
    "best_kernel": "onpair_shmem_4tpt_b128o12",
    "auto_decode_ms": 1.016544,
    "best_decode_ms": 1.016544,
    "validated": false,
    "auto_decode_gib_s": 916.1655109813834,
    "best_decode_gib_s": 916.1655109813834,
    "kernels": [
      {
        "kernel": "onpair_shmem",
        "decode_ms": 1.146848,
        "decode_gib_s": 812.0714804359944,
        "decode_ns_iters": [
          1168768,
          1151456,
          1146944,
          1146848,
          1154016,
          1147840,
          1148160,
          1148192,
          1148128,
          1166080,
          1147200,
          1157568,
          1167296,
          1155264,
          1170816,
          1147904,
          1154656,
          1156672,
          1155648,
          1149824,
          1170944,
          1148416,
          1157888,
          1159200,
          1157536,
          1149056,
          1153056,
          1147040,
          1154368,
          1155136
        ],
        "applicable": true
      },
      {
        "kernel": "onpair_shmem_2tpt",
        "decode_ms": 1.06272,
        "decode_gib_s": 876.3574160597892,
        "decode_ns_iters": [
          1084256,
          1071552,
          1070144,
          1071456,
          1071360,
          1062720,
          1071264,
          1069344,
          1071392,
          1070336,
          1087264,
          1073152,
          1072928,
          1071744,
          1073184,
          1084096,
          1072320,
          1064800,
          1082432,
          1069728,
          1069600,
          1084320,
          1073344,
          1064480,
          1071552,
          1072416,
          1072448,
          1095648,
          1073472,
          1071968
        ],
        "applicable": true
      },
      {
        "kernel": "onpair_shmem_4tpt",
        "decode_ms": 1.175872,
        "decode_gib_s": 792.027153631568,
        "decode_ns_iters": [
          3008229494,
          3017458916,
          3012347698,
          3016591787,
          2995912313,
          3036247969,
          3029385328,
          3005338669,
          3017572165,
          3010176182,
          3026207924,
          3020324469,
          3007138729,
          3020495176,
          1194624,
          1189600,
          1176864,
          1177184,
          1176960,
          1190016,
          1176288,
          1178528,
          1192736,
          1177568,
          1191520,
          1177728,
          1176608,
          1190592,
          1175872,
          1176352
        ],
        "applicable": true
      },
      {
        "kernel": "onpair_shmem_4tpt_wpb8",
        "decode_ms": 1.111808,
        "decode_gib_s": 837.6649144412158,
        "decode_ns_iters": [
          1124512,
          1126592,
          1141120,
          1127680,
          1137920,
          1124992,
          1139776,
          1124448,
          1137248,
          1140032,
          1111808,
          1127008,
          1138976,
          1126816,
          1122240,
          1126272,
          1138720,
          1126784,
          1125216,
          1124128,
          1126816,
          1138272,
          1124192,
          1124544,
          1125504,
          1138624,
          1126528,
          1137792,
          1125888,
          1136480
        ],
        "applicable": true
      },
      {
        "kernel": "onpair_shmem_4tpt_wpb8_occ",
        "decode_ms": 1.068704,
        "decode_gib_s": 871.4504233118423,
        "decode_ns_iters": [
          1090976,
          1076352,
          1078624,
          1077184,
          1078208,
          1093344,
          1078976,
          1093952,
          1089376,
          1073920,
          1073632,
          1072800,
          1075648,
          1068704,
          1071808,
          1077120,
          1075776,
          1070336,
          1077152,
          1077088,
          1091712,
          1076640,
          1077792,
          1076832,
          1077152,
          1076736,
          1078016,
          1090752,
          1076864,
          1079424
        ],
        "applicable": true
      },
      {
        "kernel": "onpair_shmem_4tpt_b128",
        "decode_ms": 1.062048,
        "decode_gib_s": 876.9119222436832,
        "decode_ns_iters": [
          1064768,
          1066880,
          1063840,
          1065472,
          1067648,
          1065760,
          1064736,
          1079776,
          1081248,
          1065024,
          1078400,
          1064128,
          1066848,
          1066400,
          1062048,
          1063616,
          1080448,
          1063360,
          1064352,
          1065824,
          1067872,
          1067552,
          1082016,
          1065120,
          1063040,
          1078624,
          1063616,
          1067904,
          1067200,
          1065760
        ],
        "applicable": true
      },
      {
        "kernel": "onpair_shmem_4tpt_o6",
        "decode_ms": 1.076512,
        "decode_gib_s": 865.1297460641956,
        "decode_ns_iters": [
          1081440,
          1090400,
          1094368,
          1082048,
          1094176,
          1080640,
          1079008,
          1078720,
          1080096,
          1079936,
          1079680,
          1092448,
          1080960,
          1093920,
          1078560,
          1079584,
          1079968,
          1080544,
          1097024,
          1079360,
          1092800,
          1076512,
          1082016,
          1078464,
          1080256,
          1090688,
          1079936,
          1094336,
          1078688,
          1078176
        ],
        "applicable": true
      },
      {
        "kernel": "onpair_shmem_4tpt_b512o3",
        "decode_ms": 1.088192,
        "decode_gib_s": 855.8439624579663,
        "decode_ns_iters": [
          1096608,
          1100320,
          1111104,
          1098624,
          1094400,
          1097696,
          1116160,
          1094880,
          1110816,
          1096160,
          1097120,
          1098176,
          1098912,
          1096832,
          1096736,
          1097760,
          1096800,
          1095936,
          1112480,
          1098720,
          1096256,
          1112320,
          1113344,
          1100288,
          1100128,
          1098272,
          1099104,
          1101600,
          1098848,
          1088192
        ],
        "applicable": true
      },
      {
        "kernel": "onpair_shmem_4tpt_b128o12",
        "decode_ms": 1.016544,
        "decode_gib_s": 916.1655109813834,
        "decode_ns_iters": [
          1053088,
          1055872,
          1053824,
          1065184,
          1016544,
          1068128,
          1064288,
          1067552,
          1081376,
          1066304,
          1068192,
          1067040,
          1067904,
          1079104,
          1066080,
          1064768,
          1069088,
          1067424,
          1067168,
          1065280,
          1084960,
          1058976,
          1059872,
          1071872,
          1082784,
          1066720,
          1082816,
          1054496,
          1051104,
          1068480
        ],
        "applicable": true
      },
      {
        "kernel": "onpair_shmem_4tpt_b64",
        "decode_ms": 1.051488,
        "decode_gib_s": 885.718670298719,
        "decode_ns_iters": [
          1052576,
          1060032,
          1055776,
          1067744,
          1070048,
          1053696,
          1055040,
          1055520,
          1051488,
          1054688,
          1057856,
          1065056,
          1067808,
          1055936,
          1067136,
          1066944,
          1068000,
          1067360,
          1066208,
          1065088,
          1068576,
          1068096,
          1066912,
          1065408,
          1067584,
          1080608,
          1067936,
          1067232,
          1063808,
          1068000
        ],
        "applicable": true
      },
      {
        "kernel": "onpair_shmem_4tpt_b64o24",
        "decode_ms": 1.054144,
        "decode_gib_s": 883.4870313686359,
        "decode_ns_iters": [
          1084896,
          1067200,
          1069632,
          1067360,
          1068896,
          1068896,
          1070080,
          1067936,
          1067968,
          1069280,
          1069504,
          1067808,
          1067904,
          1065408,
          1065696,
          1068960,
          1069536,
          1067232,
          1068992,
          1081376,
          1066656,
          1082400,
          1068416,
          1068000,
          1066304,
          1068224,
          1069632,
          1054144,
          1083584,
          1079776
        ],
        "applicable": true
      },
      {
        "kernel": "onpair_shmem_4tpt_split8read_b128o12",
        "decode_ms": 1.179072,
        "decode_gib_s": 789.8775928824189,
        "decode_ns_iters": [
          1204544,
          1191680,
          1205984,
          1191424,
          1191680,
          1194816,
          1195072,
          1195360,
          1205184,
          1191456,
          1206464,
          1193760,
          1192032,
          1192128,
          1191520,
          1207968,
          1191808,
          1194272,
          1208736,
          1195072,
          1191200,
          1204480,
          1193280,
          1187232,
          1202784,
          1191328,
          1207456,
          1193568,
          1192928,
          1179072
        ],
        "applicable": true
      },
      {
        "kernel": "onpair_shmem_4tpt_split8read_occ",
        "decode_ms": 1.222432,
        "decode_gib_s": 761.8604169353056,
        "decode_ns_iters": [
          1235040,
          1249760,
          1237312,
          1238752,
          1239616,
          1250400,
          1238432,
          1252192,
          1237824,
          1238752,
          1235328,
          1251936,
          1237792,
          1253664,
          1237632,
          1236512,
          1236480,
          1252256,
          1222432,
          1237536,
          1239744,
          1250816,
          1237440,
          1254144,
          1235456,
          1235904,
          1235584,
          1252032,
          1251552,
          1236512
        ],
        "applicable": true
      },
      {
        "kernel": "onpair_shmem_4tpt_split8",
        "decode_ms": 1.219616,
        "decode_gib_s": 763.6194943285914,
        "decode_ns_iters": [
          1229184,
          1229536,
          1227232,
          1230336,
          1229024,
          1225568,
          1224928,
          1228416,
          1240992,
          1225088,
          1239392,
          1230656,
          1227360,
          1229216,
          1236544,
          1229632,
          1244352,
          1228608,
          1219616,
          1244384,
          1231648,
          1227520,
          1245952,
          1245408,
          1230432,
          1230112,
          1231040,
          1230304,
          1242880,
          1232032
        ],
        "applicable": true
      },
      {
        "kernel": "onpair_shmem_4tpt_split8_wpb8",
        "decode_ms": 1.206496,
        "decode_gib_s": 771.9234487267751,
        "decode_ns_iters": [
          1219328,
          1219136,
          1220896,
          1221024,
          1233408,
          1236576,
          1221856,
          1218624,
          1206496,
          1220800,
          1218976,
          1219456,
          1236480,
          1217824,
          1211008,
          1223552,
          1218176,
          1227072,
          1219008,
          1220032,
          1234688,
          1216064,
          1217568,
          1232064,
          1213312,
          1209216,
          1227552,
          1222528,
          1224384,
          1232608
        ],
        "applicable": true
      },
      {
        "kernel": "onpair_shmem_4tpt_split8_wpb8_occ",
        "decode_ms": 1.158752,
        "decode_gib_s": 803.7289715099168,
        "decode_ns_iters": [
          1161856,
          1169440,
          1169472,
          1159936,
          1173472,
          1162400,
          1180320,
          1161568,
          1158944,
          1158752,
          1159584,
          1171200,
          1167936,
          1171104,
          1169984,
          1171168,
          1183936,
          1169696,
          1167840,
          1169856,
          1167264,
          1185056,
          1170176,
          1168096,
          1170816,
          1171104,
          1169728,
          1167104,
          1186080,
          1169856
        ],
        "applicable": true
      },
      {
        "kernel": "onpair_shmem_4tpt_pdict",
        "decode_ms": 0.0,
        "decode_gib_s": 0.0,
        "applicable": false,
        "reason": "padded dict needs 1126784 B shared, over 102400 B cap"
      },
      {
        "kernel": "onpair_shmem_4tpt_vdict",
        "decode_ms": 0.0,
        "decode_gib_s": 0.0,
        "applicable": false,
        "reason": "packed dict needs 753984 B shared, over 102400 B cap"
      },
      {
        "kernel": "onpair_shmem_4tpt_split8read",
        "decode_ms": 1.227872,
        "decode_gib_s": 758.4850482746241,
        "decode_ns_iters": [
          1235136,
          1254368,
          1235360,
          1236000,
          1236928,
          1239104,
          1240000,
          1233440,
          1242432,
          1237760,
          1233952,
          1230336,
          1252096,
          1236864,
          1237472,
          1227872,
          1230784,
          1235808,
          1237920,
          1230464,
          1250752,
          1234048,
          1228320,
          1252288,
          1235328,
          1237760,
          1234752,
          1242688,
          1237440,
          1237696
        ],
        "applicable": true
      },
      {
        "kernel": "onpair_shmem_4tpt_ldcs",
        "decode_ms": 1.146688,
        "decode_gib_s": 812.1847906274936,
        "decode_ns_iters": [
          1162304,
          1151840,
          1147872,
          1159456,
          1153600,
          1174240,
          1157856,
          1157312,
          1173568,
          1169408,
          1159552,
          1162240,
          1161216,
          1175616,
          1160000,
          1160320,
          1178016,
          1161792,
          1162688,
          1160576,
          1176960,
          1160448,
          1148000,
          1146688,
          1159968,
          1160672,
          1163072,
          1174240,
          1148352,
          1160960
        ],
        "applicable": true
      },
      {
        "kernel": "onpair_shmem_4tpt_lenbucket",
        "decode_ms": 0.0,
        "decode_gib_s": 0.0,
        "applicable": false,
        "reason": "length-bucket dict not built (set ONPAIR_DICT_REORDER=lenbucket)"
      },
      {
        "kernel": "onpair_shmem_4tpt_lenbucket_b128",
        "decode_ms": 0.0,
        "decode_gib_s": 0.0,
        "applicable": false,
        "reason": "length-bucket dict not built (set ONPAIR_DICT_REORDER=lenbucket)"
      },
      {
        "kernel": "onpair_shmem_4tpt_regcache",
        "decode_ms": 1.151328,
        "decode_gib_s": 808.9115814043082,
        "decode_ns_iters": [
          1168736,
          1151328,
          1168736,
          1152128,
          1153216,
          1152672,
          1165728,
          1151904,
          1153408,
          1153728,
          1153504,
          1154752,
          1166592,
          1154656,
          1155104,
          1155328,
          1153248,
          1156800,
          1153376,
          1169408,
          1154144,
          1167360,
          1153952,
          1156928,
          1152256,
          1153984,
          1153792,
          1153824,
          1156064,
          1165344
        ],
        "applicable": true
      },
      {
        "kernel": "onpair_shmem_4tpt_split4read",
        "decode_ms": 1.421728,
        "decode_gib_s": 655.0638048874744,
        "decode_ns_iters": [
          1427520,
          1429088,
          1425376,
          1443552,
          1446752,
          1438688,
          1438336,
          1438304,
          1426272,
          1421728,
          1426944,
          1422816,
          1423744,
          1429568,
          1425376,
          1428096,
          1425952,
          1429952,
          1428352,
          1427808,
          1427520,
          1427392,
          1426848,
          1428672,
          1429888,
          1428928,
          1427840,
          1427616,
          1428704,
          1429152
        ],
        "applicable": true
      },
      {
        "kernel": "onpair_shmem_4tpt_split4read_b128o12",
        "decode_ms": 1.444608,
        "decode_gib_s": 644.6887689913523,
        "decode_ns_iters": [
          1465024,
          1453888,
          1455264,
          1461888,
          1463712,
          1478560,
          1466848,
          1467968,
          1478880,
          1453440,
          1456544,
          1459712,
          1458816,
          1459648,
          1444608,
          1462336,
          1461408,
          1463328,
          1476576,
          1475968,
          1476256,
          1458144,
          1461792,
          1464128,
          1462912,
          1460544,
          1480448,
          1475584,
          1461920,
          1462432
        ],
        "applicable": true
      },
      {
        "kernel": "onpair_shmem_4tpt_cluster_dsmem",
        "decode_ms": 4.069952,
        "decode_gib_s": 228.82887886517074,
        "decode_ns_iters": [
          4083456,
          4081760,
          4114688,
          4090784,
          4095168,
          4096832,
          4069952,
          4093728,
          4074368,
          4079488,
          4071264,
          4077952,
          4095104,
          4086880,
          4099968,
          4080544,
          4091712,
          4090848,
          4078016,
          4086752,
          4086784,
          4094624,
          4094944,
          4085312,
          4089632,
          4075360,
          4078784,
          4077888,
          4085440,
          4102368
        ],
        "applicable": true
      },
      {
        "kernel": "onpair_shmem_8tpt",
        "decode_ms": 1.117952,
        "decode_gib_s": 833.0613060266088,
        "decode_ns_iters": [
          1129568,
          1131232,
          1134112,
          1144928,
          1131680,
          1132384,
          1133696,
          1145760,
          1132096,
          1163520,
          1131584,
          1117952,
          1141568,
          1128576,
          1141216,
          1131328,
          1141408,
          1122912,
          1124000,
          1125024,
          1138432,
          1127904,
          1137984,
          1122208,
          1138336,
          1133312,
          1125440,
          1127008,
          1129888,
          1128416
        ],
        "applicable": true
      },
      {
        "kernel": "onpair_shmem_8tpt_b128",
        "decode_ms": 1.090144,
        "decode_gib_s": 854.3114975590926,
        "decode_ns_iters": [
          1096128,
          1102080,
          1109440,
          1104608,
          1122592,
          1103808,
          1106816,
          1105632,
          1105984,
          1118656,
          1105472,
          1149824,
          1104960,
          1105280,
          1106592,
          1102880,
          1090144,
          1103520,
          1107200,
          1106336,
          1105760,
          1107488,
          1107104,
          1106400,
          1106112,
          1103328,
          1107520,
          1101440,
          1102752,
          1118848
        ],
        "applicable": true
      },
      {
        "kernel": "onpair_shmem_4tpt_vwidth",
        "decode_ms": 2.905856,
        "decode_gib_s": 320.49852201728487,
        "decode_ns_iters": [
          2916832,
          2916032,
          2919072,
          2942016,
          2921024,
          2932032,
          2917344,
          2929632,
          2916736,
          2918272,
          2918272,
          2917440,
          2914240,
          2917632,
          2916640,
          2917440,
          2915872,
          2915424,
          2915072,
          2905856,
          2908928,
          2921184,
          2909024,
          2921664,
          2911552,
          2906880,
          2913632,
          2907520,
          2912128,
          2909888
        ],
        "applicable": true
      },
      {
        "kernel": "onpair_shmem_4tpt_vwidth_b128",
        "decode_ms": 3.37264,
        "decode_gib_s": 276.1405169822629,
        "decode_ns_iters": [
          3372640,
          3382336,
          3381664,
          3383328,
          3380096,
          3373440,
          3388192,
          3380960,
          3379840,
          3380160,
          3376800,
          3377984,
          3379744,
          3382720,
          3380928,
          3382464,
          3382272,
          3374464,
          3376896,
          3376768,
          3379200,
          3376576,
          3378624,
          3378944,
          3382272,
          3381248,
          3395616,
          3399840,
          3389056,
          3379680
        ],
        "applicable": true
      },
      {
        "kernel": "onpair_shmem_4tpt_vwidth4",
        "decode_ms": 1.390464,
        "decode_gib_s": 669.7926398634264,
        "decode_ns_iters": [
          1406304,
          1404320,
          1403904,
          1404160,
          1404704,
          1415872,
          1418528,
          1418112,
          1402816,
          1406400,
          1406208,
          1417664,
          1390464,
          1419968,
          1416960,
          1420128,
          1405056,
          1406976,
          1404992,
          1415520,
          1403936,
          1406304,
          1405344,
          1403968,
          1406688,
          1402688,
          1419840,
          1418208,
          1402528,
          1405920
        ],
        "applicable": true
      },
      {
        "kernel": "onpair_shmem_4tpt_vwidth4_b128",
        "decode_ms": 1.253696,
        "decode_gib_s": 742.8615495264078,
        "decode_ns_iters": [
          1270432,
          1270048,
          1285312,
          1281696,
          1269792,
          1270592,
          1271520,
          1268864,
          1270656,
          1284064,
          1271008,
          1269504,
          1268640,
          1285696,
          1272064,
          1270784,
          1275264,
          1253696,
          1267392,
          1266880,
          1269664,
          1270336,
          1287520,
          1269056,
          1271040,
          1286112,
          1281600,
          1283616,
          1270496,
          1274752
        ],
        "applicable": true
      },
      {
        "kernel": "onpair_shmem_4tpt_shdict8",
        "decode_ms": 0.0,
        "decode_gib_s": 0.0,
        "applicable": false,
        "reason": "dict_s8 + staging needs 604368 B shared, over 229376 B cap"
      },
      {
        "kernel": "onpair_shmem_4tpt_ablate",
        "decode_ms": 1.05104,
        "decode_gib_s": 886.0962029942335,
        "decode_ns_iters": [
          1051040,
          1066112,
          1067040,
          1067168,
          1098272,
          1066560,
          1068448,
          1068320,
          1081568,
          1068800,
          1069056,
          1086688,
          1068480,
          1082912,
          1067680,
          1079872,
          1067232,
          1068384,
          1067904,
          1068256,
          1069504,
          1067200,
          1068288,
          1066176,
          1068544,
          1081472,
          1065024,
          1069824,
          1085344,
          1081536
        ],
        "applicable": true
      },
      {
        "kernel": "onpair_shmem_4tpt_ablate_nogather",
        "decode_ms": 0.712,
        "decode_gib_s": 1308.0372938132857,
        "decode_ns_iters": [
          712960,
          713120,
          725600,
          718464,
          722304,
          721152,
          740384,
          739072,
          722624,
          712000,
          741856,
          713632,
          715200,
          724448,
          721344,
          723136,
          721984,
          729312,
          730720,
          720896,
          730912,
          737056,
          719552,
          724704,
          720128,
          716704,
          712640,
          733088,
          715616,
          738816
        ],
        "applicable": true
      },
      {
        "kernel": "onpair_shmem_4tpt_ablate_noemit",
        "decode_ms": 0.306464,
        "decode_gib_s": 3038.92970526737,
        "decode_ns_iters": [
          364096,
          364512,
          308832,
          307040,
          306464,
          308224,
          350176,
          309216,
          312288,
          309600,
          314624,
          316576,
          312576,
          312416,
          306656,
          308256,
          307168,
          311776,
          309728,
          355808,
          355648,
          358048,
          309184,
          362432,
          326272,
          367264,
          377536,
          364896,
          375136,
          375008
        ],
        "applicable": true
      },
      {
        "kernel": "onpair_shmem_4tpt_ablate_nodrain",
        "decode_ms": 0.978144,
        "decode_gib_s": 952.1323580117644,
        "decode_ns_iters": [
          992032,
          984960,
          983744,
          982496,
          986656,
          978144,
          983840,
          992608,
          981920,
          980448,
          983872,
          1000128,
          992096,
          983040,
          998976,
          985824,
          984576,
          985280,
          997184,
          993088,
          984864,
          983424,
          986528,
          986624,
          984960,
          986496,
          986912,
          984864,
          985920,
          986304
        ],
        "applicable": true
      },
      {
        "kernel": "onpair_shmem_4tpt_ablate_noscan",
        "decode_ms": 0.805088,
        "decode_gib_s": 1156.7959691301562,
        "decode_ns_iters": [
          808384,
          821184,
          820704,
          833856,
          821568,
          833440,
          832448,
          821760,
          819328,
          820096,
          818400,
          819616,
          828352,
          819328,
          834240,
          818624,
          819840,
          819008,
          817440,
          817280,
          831872,
          819488,
          818688,
          817664,
          817184,
          835360,
          820160,
          805088,
          819584,
          819296
        ],
        "applicable": true
      },
      {
        "kernel": "onpair_shmem_4tpt_ablate_cfree",
        "decode_ms": 0.88512,
        "decode_gib_s": 1052.199196939465,
        "decode_ns_iters": [
          898144,
          914144,
          899616,
          900128,
          902080,
          898528,
          901856,
          900384,
          898912,
          898336,
          899136,
          900640,
          900000,
          898624,
          899232,
          897568,
          898912,
          897120,
          899904,
          885120,
          914176,
          899008,
          916832,
          898400,
          885312,
          900992,
          912736,
          910880,
          913920,
          914784
        ],
        "applicable": true
      },
      {
        "kernel": "onpair_shmem_s8",
        "decode_ms": 0.0,
        "decode_gib_s": 0.0,
        "applicable": false,
        "reason": "dictionary entry longer than 8 bytes"
      },
      {
        "kernel": "onpair_shmem_s8_2tpt",
        "decode_ms": 0.0,
        "decode_gib_s": 0.0,
        "applicable": false,
        "reason": "dictionary entry longer than 8 bytes"
      },
      {
        "kernel": "onpair_shmem_s8_4tpt",
        "decode_ms": 0.0,
        "decode_gib_s": 0.0,
        "applicable": false,
        "reason": "dictionary entry longer than 8 bytes"
      },
      {
        "kernel": "onpair_shmem_s8_8tpt",
        "decode_ms": 0.0,
        "decode_gib_s": 0.0,
        "applicable": false,
        "reason": "dictionary entry longer than 8 bytes"
      },
      {
        "kernel": "onpair_shmem_s4l1",
        "decode_ms": 0.0,
        "decode_gib_s": 0.0,
        "applicable": false,
        "reason": "dictionary entry longer than 4 bytes"
      },
      {
        "kernel": "onpair_shmem_s4l1_2tpt",
        "decode_ms": 0.0,
        "decode_gib_s": 0.0,
        "applicable": false,
        "reason": "dictionary entry longer than 4 bytes"
      },
      {
        "kernel": "onpair_shmem_s4l1_4tpt",
        "decode_ms": 0.0,
        "decode_gib_s": 0.0,
        "applicable": false,
        "reason": "dictionary entry longer than 4 bytes"
      },
      {
        "kernel": "onpair_shmem_s4l1_8tpt",
        "decode_ms": 0.0,
        "decode_gib_s": 0.0,
        "applicable": false,
        "reason": "dictionary entry longer than 4 bytes"
      },
      {
        "kernel": "onpair_shmem_s4l1_16tpt",
        "decode_ms": 0.0,
        "decode_gib_s": 0.0,
        "applicable": false,
        "reason": "dictionary entry longer than 4 bytes"
      },
      {
        "kernel": "onpair_shmem_s4l1_32tpt",
        "decode_ms": 0.0,
        "decode_gib_s": 0.0,
        "applicable": false,
        "reason": "dictionary entry longer than 4 bytes"
      },
      {
        "kernel": "onpair_shmem_const1",
        "decode_ms": 0.0,
        "decode_gib_s": 0.0,
        "applicable": false,
        "reason": "not every dictionary entry is exactly 1 byte"
      },
      {
        "kernel": "onpair_shmem_const2",
        "decode_ms": 0.0,
        "decode_gib_s": 0.0,
        "applicable": false,
        "reason": "not every dictionary entry is exactly 2 bytes"
      }
    ]
  }
}
==PROF== Disconnected from process 17162
==PROF== Report: /home/ubuntu/work/ncu_costsurface_tpch-sf10_l_comment_b16.ncu-rep
