==PROF== Connected to process 23962 (/home/ubuntu/work/target/release/onpair-chunk-bench)
2026-07-06T03:30:43.016961Z  INFO vortex_cuda: vortex-cuda/src/lib.rs:111: Registering CUDA kernels
==WARNING== Unable to access the following 6 metrics: ctc__rx_bytes_data_user.sum, ctc__rx_bytes_data_user.sum.pct_of_peak_sustained_elapsed, ctc__rx_bytes_data_user.sum.per_second, ctc__tx_bytes_data_user.sum, ctc__tx_bytes_data_user.sum.pct_of_peak_sustained_elapsed, ctc__tx_bytes_data_user.sum.per_second.


==PROF== Profiling "onpair_shmem_4tpt": 0%....50%....100% - 40 passes
==PROF== Profiling "onpair_shmem_4tpt": 0%....50%....100% - 40 passes
==PROF== Profiling "onpair_shmem_4tpt": 0%....50%....100% - 40 passes
==PROF== Profiling "onpair_shmem_4tpt": 0%....50%....100% - 40 passes
==PROF== Profiling "onpair_shmem_4tpt": 0%....50%....100% - 40 passes
==PROF== Profiling "onpair_shmem_4tpt": 0%....50%....100% - 40 passes
==PROF== Profiling "onpair_shmem_4tpt": 0%....50%....100% - 40 passes
==PROF== Profiling "onpair_shmem_4tpt": 0%....50%....100% - 40 passes
==PROF== Profiling "onpair_shmem_4tpt": 0%....50%....100% - 40 passes
==PROF== Profiling "onpair_shmem_4tpt": 0%....50%....100% - 40 passes
==PROF== Profiling "onpair_shmem_4tpt": 0%....50%....100% - 40 passes
==PROF== Profiling "onpair_shmem_4tpt": 0%....50%....100% - 40 passes
==PROF== Profiling "onpair_shmem_4tpt": 0%....50%....100% - 40 passes
==PROF== Profiling "onpair_shmem_4tpt": 0%....50%....100% - 40 passes
==PROF== Profiling "onpair_shmem_4tpt": 0%....50%....100% - 40 passes
==PROF== Profiling "onpair_shmem_4tpt": 0%....50%....100% - 40 passes
{
  "files": [
    "/home/ubuntu/work/vortex-bench/data/onpair-bench/synthetic/url/bits16_chunk1000mb_thr0.20/part_0000.vortex"
  ],
  "column": "url",
  "rows": 10000000,
  "in_memory_bytes": 96510674,
  "dict_bytes": 4411,
  "gpu": {
    "iterations": 30,
    "decoded_bytes": 923569389,
    "chunks": 1,
    "auto_kernel": "onpair_shmem_4tpt_b128o12",
    "frac_le8": 0.1336325,
    "dict_mean_len": 11.603715,
    "dict_max_len": 16,
    "dict_entries_max": 907,
    "small_dict": true,
    "distinct_codes": 185,
    "access_top4096_frac": 1.0,
    "compressed_bytes": 159190446,
    "h2d_gib_s": 9.955838687218332,
    "whole_decompress_gib_s": 55.54591853497944,
    "best_kernel": "onpair_shmem_4tpt_o6",
    "auto_decode_ms": 0.593696,
    "best_decode_ms": 0.592512,
    "validated": false,
    "auto_decode_gib_s": 1448.7903256877669,
    "best_decode_gib_s": 1451.685402488936,
    "kernels": [
      {
        "kernel": "onpair_shmem",
        "decode_ms": 0.762752,
        "decode_gib_s": 1127.6811089312441,
        "decode_ns_iters": [
          767712,
          762752,
          770656,
          770592,
          771168,
          769856,
          772224,
          769408,
          785280,
          785952,
          772800,
          773248,
          770304,
          791904,
          771168,
          768640,
          769024,
          772480,
          769248,
          785344,
          772448,
          798016,
          766464,
          769568,
          797440,
          770112,
          772512,
          771520,
          769472,
          770144
        ],
        "applicable": true
      },
      {
        "kernel": "onpair_shmem_2tpt",
        "decode_ms": 0.649696,
        "decode_gib_s": 1323.9130627239883,
        "decode_ns_iters": [
          654048,
          667744,
          654944,
          654464,
          670304,
          671072,
          657920,
          656032,
          649952,
          654624,
          656256,
          657120,
          682976,
          657120,
          656896,
          657152,
          654752,
          655360,
          656672,
          652608,
          656704,
          656448,
          657184,
          649696,
          710880,
          656864,
          656832,
          655424,
          658080,
          659360
        ],
        "applicable": true
      },
      {
        "kernel": "onpair_shmem_4tpt",
        "decode_ms": 0.675168,
        "decode_gib_s": 1273.9659184077511,
        "decode_ns_iters": [
          2957666159,
          2959129333,
          2953587532,
          2967323780,
          2961097002,
          2957418919,
          2965013266,
          2949486494,
          2955254078,
          2960875750,
          2955690145,
          2951449156,
          2951069832,
          2978720188,
          710880,
          696032,
          721760,
          682848,
          675168,
          682848,
          690560,
          679744,
          682752,
          675584,
          682304,
          683968,
          695392,
          683584,
          683040,
          678560
        ],
        "applicable": true
      },
      {
        "kernel": "onpair_shmem_4tpt_wpb8",
        "decode_ms": 0.602592,
        "decode_gib_s": 1427.401992060174,
        "decode_ns_iters": [
          644160,
          655168,
          643488,
          659872,
          636544,
          640224,
          637056,
          607232,
          635840,
          639328,
          644032,
          640928,
          643520,
          657280,
          639360,
          641376,
          643840,
          657024,
          641696,
          642400,
          658560,
          644672,
          644576,
          644800,
          657888,
          611456,
          602592,
          643456,
          660448,
          642816
        ],
        "applicable": true
      },
      {
        "kernel": "onpair_shmem_4tpt_wpb8_occ",
        "decode_ms": 0.60144,
        "decode_gib_s": 1430.1360421646789,
        "decode_ns_iters": [
          634848,
          649504,
          634368,
          601440,
          606208,
          628704,
          630080,
          631552,
          638240,
          634848,
          636128,
          635744,
          650496,
          635520,
          635904,
          602304,
          631520,
          629120,
          630624,
          634496,
          635584,
          635456,
          634112,
          635104,
          649760,
          635584,
          635392,
          627968,
          628512,
          604128
        ],
        "applicable": true
      },
      {
        "kernel": "onpair_shmem_4tpt_b128",
        "decode_ms": 0.597952,
        "decode_gib_s": 1438.4783748520356,
        "decode_ns_iters": [
          633152,
          635360,
          628768,
          641888,
          635616,
          632736,
          599232,
          604064,
          628768,
          628512,
          635424,
          634912,
          634208,
          628608,
          629792,
          600576,
          636160,
          645920,
          633504,
          633440,
          636192,
          636608,
          628768,
          630944,
          597952,
          627808,
          630400,
          634144,
          634720,
          634560
        ],
        "applicable": true
      },
      {
        "kernel": "onpair_shmem_4tpt_o6",
        "decode_ms": 0.592512,
        "decode_gib_s": 1451.685402488936,
        "decode_ns_iters": [
          628768,
          599360,
          594400,
          630080,
          620704,
          629696,
          632480,
          627392,
          628128,
          630304,
          634816,
          634496,
          601280,
          593824,
          593856,
          592512,
          639296,
          641856,
          599200,
          646656,
          633248,
          602016,
          603424,
          592864,
          648832,
          635168,
          633184,
          634752,
          629696,
          633376
        ],
        "applicable": true
      },
      {
        "kernel": "onpair_shmem_4tpt_b512o3",
        "decode_ms": 0.594048,
        "decode_gib_s": 1447.9318526441034,
        "decode_ns_iters": [
          634816,
          635200,
          631232,
          631104,
          604096,
          596128,
          635264,
          633984,
          647840,
          598176,
          594048,
          594592,
          606080,
          631232,
          633920,
          647872,
          635904,
          600064,
          630560,
          611360,
          594208,
          632288,
          601248,
          628480,
          601152,
          635168,
          645952,
          607744,
          594240,
          649696
        ],
        "applicable": true
      },
      {
        "kernel": "onpair_shmem_4tpt_b128o12",
        "decode_ms": 0.593696,
        "decode_gib_s": 1448.7903256877669,
        "decode_ns_iters": [
          634624,
          627040,
          642048,
          629760,
          635200,
          635744,
          635104,
          602784,
          593696,
          648096,
          630880,
          628224,
          627488,
          627744,
          635584,
          635232,
          635328,
          635200,
          634720,
          629440,
          643264,
          630880,
          636320,
          647168,
          636672,
          635488,
          635040,
          635872,
          636352,
          635488
        ],
        "applicable": true
      },
      {
        "kernel": "onpair_shmem_4tpt_b64",
        "decode_ms": 0.593696,
        "decode_gib_s": 1448.7903256877669,
        "decode_ns_iters": [
          627488,
          628128,
          634048,
          634432,
          634688,
          635584,
          634496,
          636448,
          599872,
          593696,
          593696,
          630464,
          630048,
          635072,
          634752,
          636288,
          633440,
          632352,
          633056,
          646528,
          635584,
          634688,
          635168,
          634720,
          599552,
          633632,
          651200,
          633376,
          633984,
          648992
        ],
        "applicable": true
      },
      {
        "kernel": "onpair_shmem_4tpt_b64o24",
        "decode_ms": 0.593888,
        "decode_gib_s": 1448.3219415100564,
        "decode_ns_iters": [
          633120,
          602336,
          593888,
          634624,
          635488,
          636224,
          647264,
          633600,
          634368,
          634816,
          633568,
          633184,
          601856,
          642528,
          633280,
          634560,
          635776,
          634272,
          633824,
          633312,
          635168,
          635456,
          601568,
          594688,
          634272,
          636160,
          634592,
          633856,
          650016,
          634368
        ],
        "applicable": true
      },
      {
        "kernel": "onpair_shmem_4tpt_split8read_b128o12",
        "decode_ms": 0.620512,
        "decode_gib_s": 1386.1795117572658,
        "decode_ns_iters": [
          627552,
          620512,
          665696,
          655360,
          654112,
          657856,
          660128,
          659840,
          660864,
          675840,
          658048,
          659648,
          663968,
          659424,
          663360,
          639520,
          622080,
          661824,
          654656,
          662880,
          657728,
          660960,
          653312,
          654048,
          660096,
          627552,
          663072,
          675712,
          657472,
          673472
        ],
        "applicable": true
      },
      {
        "kernel": "onpair_shmem_4tpt_split8read_occ",
        "decode_ms": 0.619936,
        "decode_gib_s": 1387.4674501876393,
        "decode_ns_iters": [
          660480,
          655808,
          626944,
          621920,
          663904,
          661344,
          661536,
          660384,
          663456,
          662976,
          675104,
          660960,
          659552,
          660768,
          659680,
          661376,
          676416,
          676256,
          660256,
          628224,
          661504,
          627712,
          624128,
          619936,
          664416,
          653344,
          656288,
          657824,
          659520,
          662048
        ],
        "applicable": true
      },
      {
        "kernel": "onpair_shmem_4tpt_split8",
        "decode_ms": 0.730784,
        "decode_gib_s": 1177.0112936237308,
        "decode_ns_iters": [
          733024,
          745312,
          735072,
          731328,
          735040,
          730784,
          734272,
          731648,
          734656,
          732800,
          735936,
          734432,
          747072,
          733504,
          735232,
          744512,
          734080,
          746304,
          733312,
          732224,
          748288,
          732608,
          734112,
          731552,
          732032,
          732288,
          733152,
          732960,
          733952,
          732896
        ],
        "applicable": true
      },
      {
        "kernel": "onpair_shmem_4tpt_split8_wpb8",
        "decode_ms": 0.711808,
        "decode_gib_s": 1208.3890897538724,
        "decode_ns_iters": [
          715616,
          730464,
          713472,
          714432,
          713344,
          727616,
          712928,
          713696,
          712832,
          715136,
          714880,
          713152,
          714176,
          714816,
          727584,
          712896,
          713152,
          714656,
          714720,
          714208,
          712448,
          713696,
          711808,
          725440,
          712800,
          728352,
          712160,
          713024,
          714112,
          728096
        ],
        "applicable": true
      },
      {
        "kernel": "onpair_shmem_4tpt_split8_wpb8_occ",
        "decode_ms": 0.697856,
        "decode_gib_s": 1232.5480058916514,
        "decode_ns_iters": [
          706496,
          702784,
          702304,
          704800,
          704608,
          705856,
          705280,
          698624,
          704128,
          702848,
          697856,
          709280,
          707392,
          719744,
          703488,
          698560,
          719392,
          714848,
          703264,
          706560,
          704480,
          705952,
          703296,
          706272,
          704480,
          704512,
          703392,
          705728,
          704384,
          704576
        ],
        "applicable": true
      },
      {
        "kernel": "onpair_shmem_4tpt_pdict",
        "decode_ms": 0.779904,
        "decode_gib_s": 1102.8806381292113,
        "decode_ns_iters": [
          801408,
          789056,
          791008,
          784832,
          788160,
          786208,
          789312,
          784896,
          786816,
          787296,
          785760,
          790016,
          792256,
          779904,
          787328,
          791488,
          802208,
          787456,
          787584,
          781440,
          820576,
          785920,
          785184,
          802304,
          789312,
          785952,
          786720,
          807456,
          787392,
          787520
        ],
        "applicable": true
      },
      {
        "kernel": "onpair_shmem_4tpt_vdict",
        "decode_ms": 1.152224,
        "decode_gib_s": 746.5050382560374,
        "decode_ns_iters": [
          1154560,
          1165888,
          1165728,
          1158848,
          1153472,
          1168864,
          1168576,
          1154272,
          1157920,
          1155840,
          1157824,
          1164160,
          1175264,
          1152384,
          1155904,
          1162848,
          1152224,
          1152480,
          1159744,
          1159776,
          1160096,
          1161600,
          1154976,
          1160352,
          1153088,
          1157728,
          1154912,
          1161568,
          1171456,
          1167648
        ],
        "applicable": true
      },
      {
        "kernel": "onpair_shmem_4tpt_split8read",
        "decode_ms": 0.63472,
        "decode_gib_s": 1355.150335895394,
        "decode_ns_iters": [
          674496,
          667904,
          663936,
          672896,
          668512,
          674304,
          684032,
          673952,
          674816,
          685184,
          674240,
          687968,
          673920,
          674016,
          673728,
          672608,
          689216,
          640928,
          634720,
          673728,
          673728,
          689216,
          673344,
          674368,
          673792,
          675136,
          673888,
          679232,
          673952,
          674432
        ],
        "applicable": true
      },
      {
        "kernel": "onpair_shmem_4tpt_ldcs",
        "decode_ms": 0.623328,
        "decode_gib_s": 1379.9171883815975,
        "decode_ns_iters": [
          658464,
          657024,
          679808,
          658144,
          665440,
          666112,
          664832,
          630656,
          623328,
          623616,
          660064,
          675584,
          665312,
          660384,
          656352,
          655808,
          680608,
          659872,
          664064,
          667616,
          665120,
          666304,
          679872,
          665504,
          664416,
          666784,
          666048,
          666048,
          666688,
          665824
        ],
        "applicable": true
      },
      {
        "kernel": "onpair_shmem_4tpt_lenbucket",
        "decode_ms": 0.0,
        "decode_gib_s": 0.0,
        "applicable": false,
        "reason": "length-bucket dict not built (set ONPAIR_DICT_REORDER=lenbucket)"
      },
      {
        "kernel": "onpair_shmem_4tpt_lenbucket_b128",
        "decode_ms": 0.0,
        "decode_gib_s": 0.0,
        "applicable": false,
        "reason": "length-bucket dict not built (set ONPAIR_DICT_REORDER=lenbucket)"
      },
      {
        "kernel": "onpair_shmem_4tpt_regcache",
        "decode_ms": 0.701696,
        "decode_gib_s": 1225.8029420140979,
        "decode_ns_iters": [
          710368,
          737184,
          740288,
          723168,
          740160,
          701696,
          738336,
          737760,
          752512,
          733664,
          732352,
          748384,
          738240,
          737888,
          735200,
          733856,
          752192,
          734336,
          742432,
          737760,
          734016,
          730528,
          735488,
          736608,
          730944,
          737696,
          737920,
          737088,
          739392,
          737344
        ],
        "applicable": true
      },
      {
        "kernel": "onpair_shmem_4tpt_split4read",
        "decode_ms": 0.761408,
        "decode_gib_s": 1129.6716362311986,
        "decode_ns_iters": [
          763552,
          763840,
          762944,
          774752,
          764672,
          761856,
          764928,
          779136,
          763392,
          775776,
          762720,
          775968,
          763648,
          764064,
          764480,
          778368,
          763872,
          761408,
          764160,
          777120,
          764000,
          762720,
          765536,
          763072,
          765120,
          763424,
          764384,
          763424,
          770080,
          763584
        ],
        "applicable": true
      },
      {
        "kernel": "onpair_shmem_4tpt_split4read_b128o12",
        "decode_ms": 0.733216,
        "decode_gib_s": 1173.1072715264322,
        "decode_ns_iters": [
          742048,
          743456,
          739264,
          747776,
          739936,
          743808,
          736480,
          740640,
          755936,
          736736,
          736384,
          742944,
          752864,
          735360,
          733984,
          733952,
          736352,
          754752,
          733216,
          738624,
          737280,
          737664,
          751808,
          742848,
          740832,
          742752,
          735744,
          755488,
          742624,
          741568
        ],
        "applicable": true
      },
      {
        "kernel": "onpair_shmem_4tpt_cluster_dsmem",
        "decode_ms": 2.069664,
        "decode_gib_s": 415.5945222024079,
        "decode_ns_iters": [
          2098656,
          2084800,
          2094144,
          2077888,
          2083360,
          2074272,
          2074112,
          2095520,
          2092128,
          2084608,
          2084832,
          2094304,
          2071136,
          2093312,
          2070528,
          2069664,
          2101152,
          2082336,
          2077728,
          2082784,
          2073312,
          2074848,
          2088896,
          2088896,
          2104128,
          2103776,
          2073728,
          2081728,
          2100448,
          2100960
        ],
        "applicable": true
      },
      {
        "kernel": "onpair_shmem_8tpt",
        "decode_ms": 0.606976,
        "decode_gib_s": 1417.0923087560702,
        "decode_ns_iters": [
          638720,
          639968,
          638336,
          648192,
          640320,
          606976,
          640704,
          654496,
          612576,
          637216,
          640992,
          640960,
          653248,
          640032,
          638880,
          652320,
          637952,
          638304,
          655424,
          639584,
          639840,
          652960,
          640576,
          640352,
          639392,
          638944,
          638816,
          639936,
          640416,
          640512
        ],
        "applicable": true
      },
      {
        "kernel": "onpair_shmem_8tpt_b128",
        "decode_ms": 0.5952,
        "decode_gib_s": 1445.1294038970505,
        "decode_ns_iters": [
          637024,
          637248,
          612064,
          595200,
          634528,
          617440,
          638368,
          635872,
          637312,
          636544,
          637504,
          637984,
          630944,
          650400,
          604544,
          651552,
          637344,
          638720,
          639840,
          609632,
          597376,
          672832,
          603648,
          636896,
          631904,
          633504,
          629312,
          630048,
          628736,
          629280
        ],
        "applicable": true
      },
      {
        "kernel": "onpair_shmem_4tpt_vwidth",
        "decode_ms": 1.370912,
        "decode_gib_s": 627.4224904293816,
        "decode_ns_iters": [
          1383264,
          1372192,
          1376352,
          1371520,
          1370912,
          1382464,
          1372320,
          1375200,
          1392896,
          1373728,
          1378560,
          1375680,
          1379264,
          1392512,
          1380032,
          1378688,
          1379296,
          1380224,
          1374208,
          1373856,
          1378720,
          1375488,
          1380032,
          1372256,
          1371776,
          1372416,
          1378656,
          1376544,
          1392640,
          1372896
        ],
        "applicable": true
      },
      {
        "kernel": "onpair_shmem_4tpt_vwidth_b128",
        "decode_ms": 1.619488,
        "decode_gib_s": 531.1191075201078,
        "decode_ns_iters": [
          1620544,
          1624928,
          1639936,
          1627520,
          1619488,
          1622784,
          1639488,
          1628512,
          1625632,
          1627584,
          1624672,
          1625280,
          1643488,
          1625504,
          1627680,
          1643648,
          1627168,
          1625024,
          1625952,
          1625568,
          1628928,
          1624960,
          1627104,
          1625344,
          1625632,
          1641536,
          1626240,
          1625792,
          1627616,
          1626816
        ],
        "applicable": true
      },
      {
        "kernel": "onpair_shmem_4tpt_vwidth4",
        "decode_ms": 0.781824,
        "decode_gib_s": 1100.1721886249647,
        "decode_ns_iters": [
          789664,
          789856,
          791264,
          804640,
          792256,
          790816,
          792128,
          803424,
          791552,
          790976,
          789888,
          805984,
          792224,
          791936,
          790176,
          806048,
          792096,
          803648,
          789792,
          787872,
          785760,
          782688,
          783456,
          782720,
          784544,
          796160,
          781824,
          792160,
          786112,
          791712
        ],
        "applicable": true
      },
      {
        "kernel": "onpair_shmem_4tpt_vwidth4_b128",
        "decode_ms": 0.62496,
        "decode_gib_s": 1376.3137179971911,
        "decode_ns_iters": [
          658912,
          659968,
          658464,
          659008,
          661600,
          658208,
          674720,
          658432,
          659488,
          658240,
          658688,
          658848,
          624960,
          656320,
          660352,
          674816,
          654656,
          660256,
          659808,
          657504,
          654240,
          625344,
          650496,
          647072,
          649152,
          658336,
          672864,
          658112,
          657600,
          655520
        ],
        "applicable": true
      },
      {
        "kernel": "onpair_shmem_4tpt_shdict8",
        "decode_ms": 0.950624,
        "decode_gib_s": 904.8172791761247,
        "decode_ns_iters": [
          953440,
          956704,
          973632,
          957024,
          956960,
          952128,
          961824,
          957728,
          950624,
          969792,
          971456,
          960416,
          963328,
          956832,
          954784,
          959648,
          974176,
          954432,
          969120,
          963104,
          961984,
          960832,
          956000,
          961440,
          953920,
          966560,
          958496,
          974528,
          966112,
          959232
        ],
        "applicable": true
      },
      {
        "kernel": "onpair_shmem_4tpt_ablate",
        "decode_ms": 0.593248,
        "decode_gib_s": 1449.8844011265514,
        "decode_ns_iters": [
          634368,
          633984,
          633248,
          632608,
          633152,
          635040,
          635360,
          635296,
          601600,
          593248,
          594048,
          634208,
          648256,
          634176,
          634624,
          633856,
          635552,
          642080,
          633792,
          635008,
          647680,
          634624,
          633824,
          603904,
          634528,
          634304,
          628896,
          633920,
          638272,
          647936
        ],
        "applicable": true
      },
      {
        "kernel": "onpair_shmem_4tpt_ablate_nogather",
        "decode_ms": 0.504544,
        "decode_gib_s": 1704.7889206878378,
        "decode_ns_iters": [
          512352,
          506624,
          548352,
          541376,
          546784,
          541344,
          541664,
          548096,
          548672,
          547808,
          519168,
          509952,
          504544,
          546944,
          546144,
          548928,
          547488,
          546848,
          541728,
          547360,
          543680,
          547648,
          539616,
          547584,
          548128,
          545632,
          514976,
          507680,
          544832,
          548704
        ],
        "applicable": true
      },
      {
        "kernel": "onpair_shmem_4tpt_ablate_noemit",
        "decode_ms": 0.245728,
        "decode_gib_s": 3500.3785535206584,
        "decode_ns_iters": [
          275296,
          269056,
          276480,
          291328,
          271904,
          276672,
          269504,
          276928,
          292032,
          276832,
          292832,
          276640,
          289600,
          277376,
          276896,
          276576,
          294560,
          276128,
          277248,
          271520,
          278752,
          277120,
          276480,
          277504,
          282848,
          287328,
          276384,
          276800,
          294560,
          245728
        ],
        "applicable": true
      },
      {
        "kernel": "onpair_shmem_4tpt_ablate_nodrain",
        "decode_ms": 0.53392,
        "decode_gib_s": 1610.9923231935957,
        "decode_ns_iters": [
          579936,
          568320,
          567904,
          568480,
          568256,
          563424,
          564864,
          534944,
          568320,
          567968,
          563168,
          565888,
          566336,
          570848,
          569056,
          561408,
          533920,
          564544,
          562560,
          562816,
          563424,
          564704,
          561568,
          567808,
          569184,
          536800,
          563456,
          560736,
          563424,
          581920
        ],
        "applicable": true
      },
      {
        "kernel": "onpair_shmem_4tpt_ablate_noscan",
        "decode_ms": 0.303552,
        "decode_gib_s": 2833.5870664648046,
        "decode_ns_iters": [
          306208,
          306848,
          306368,
          310848,
          305024,
          321280,
          306112,
          306048,
          306240,
          319104,
          306272,
          320864,
          307040,
          318720,
          306592,
          307200,
          307264,
          303552,
          305952,
          307552,
          309024,
          344480,
          306304,
          307008,
          306528,
          306624,
          322848,
          308672,
          305248,
          305408
        ],
        "applicable": true
      },
      {
        "kernel": "onpair_shmem_4tpt_ablate_cfree",
        "decode_ms": 0.434976,
        "decode_gib_s": 1977.4447813201753,
        "decode_ns_iters": [
          477056,
          476640,
          451008,
          434976,
          435008,
          476928,
          476896,
          491040,
          489888,
          490176,
          475872,
          477248,
          477344,
          476128,
          475712,
          477248,
          476928,
          477344,
          476288,
          441280,
          477632,
          443584,
          436416,
          476064,
          477088,
          476608,
          477888,
          476672,
          477312,
          476864
        ],
        "applicable": true
      },
      {
        "kernel": "onpair_shmem_s8",
        "decode_ms": 0.0,
        "decode_gib_s": 0.0,
        "applicable": false,
        "reason": "dictionary entry longer than 8 bytes"
      },
      {
        "kernel": "onpair_shmem_s8_2tpt",
        "decode_ms": 0.0,
        "decode_gib_s": 0.0,
        "applicable": false,
        "reason": "dictionary entry longer than 8 bytes"
      },
      {
        "kernel": "onpair_shmem_s8_4tpt",
        "decode_ms": 0.0,
        "decode_gib_s": 0.0,
        "applicable": false,
        "reason": "dictionary entry longer than 8 bytes"
      },
      {
        "kernel": "onpair_shmem_s8_8tpt",
        "decode_ms": 0.0,
        "decode_gib_s": 0.0,
        "applicable": false,
        "reason": "dictionary entry longer than 8 bytes"
      },
      {
        "kernel": "onpair_shmem_s4l1",
        "decode_ms": 0.0,
        "decode_gib_s": 0.0,
        "applicable": false,
        "reason": "dictionary entry longer than 4 bytes"
      },
      {
        "kernel": "onpair_shmem_s4l1_2tpt",
        "decode_ms": 0.0,
        "decode_gib_s": 0.0,
        "applicable": false,
        "reason": "dictionary entry longer than 4 bytes"
      },
      {
        "kernel": "onpair_shmem_s4l1_4tpt",
        "decode_ms": 0.0,
        "decode_gib_s": 0.0,
        "applicable": false,
        "reason": "dictionary entry longer than 4 bytes"
      },
      {
        "kernel": "onpair_shmem_s4l1_8tpt",
        "decode_ms": 0.0,
        "decode_gib_s": 0.0,
        "applicable": false,
        "reason": "dictionary entry longer than 4 bytes"
      },
      {
        "kernel": "onpair_shmem_s4l1_16tpt",
        "decode_ms": 0.0,
        "decode_gib_s": 0.0,
        "applicable": false,
        "reason": "dictionary entry longer than 4 bytes"
      },
      {
        "kernel": "onpair_shmem_s4l1_32tpt",
        "decode_ms": 0.0,
        "decode_gib_s": 0.0,
        "applicable": false,
        "reason": "dictionary entry longer than 4 bytes"
      },
      {
        "kernel": "onpair_shmem_const1",
        "decode_ms": 0.0,
        "decode_gib_s": 0.0,
        "applicable": false,
        "reason": "not every dictionary entry is exactly 1 byte"
      },
      {
        "kernel": "onpair_shmem_const2",
        "decode_ms": 0.0,
        "decode_gib_s": 0.0,
        "applicable": false,
        "reason": "not every dictionary entry is exactly 2 bytes"
      }
    ]
  }
}
==PROF== Disconnected from process 23962
==PROF== Report: /home/ubuntu/work/ncu_costsurface_synthetic_url_b16.ncu-rep
