==PROF== Connected to process 18314 (/home/ubuntu/work/target/release/onpair-chunk-bench)
2026-07-06T03:23:57.967544Z  INFO vortex_cuda: vortex-cuda/src/lib.rs:111: Registering CUDA kernels
==WARNING== Unable to access the following 6 metrics: ctc__rx_bytes_data_user.sum, ctc__rx_bytes_data_user.sum.pct_of_peak_sustained_elapsed, ctc__rx_bytes_data_user.sum.per_second, ctc__tx_bytes_data_user.sum, ctc__tx_bytes_data_user.sum.pct_of_peak_sustained_elapsed, ctc__tx_bytes_data_user.sum.per_second.


==PROF== Profiling "onpair_shmem_4tpt": 0%....50%....100% - 40 passes
==PROF== Profiling "onpair_shmem_4tpt": 0%....50%....100% - 40 passes
==PROF== Profiling "onpair_shmem_4tpt": 0%....50%....100% - 40 passes
==PROF== Profiling "onpair_shmem_4tpt": 0%....50%....100% - 40 passes
==PROF== Profiling "onpair_shmem_4tpt": 0%....50%....100% - 40 passes
==PROF== Profiling "onpair_shmem_4tpt": 0%....50%....100% - 40 passes
==PROF== Profiling "onpair_shmem_4tpt": 0%....50%....100% - 40 passes
==PROF== Profiling "onpair_shmem_4tpt": 0%....50%....100% - 40 passes
==PROF== Profiling "onpair_shmem_4tpt": 0%....50%....100% - 40 passes
==PROF== Profiling "onpair_shmem_4tpt": 0%....50%....100% - 40 passes
==PROF== Profiling "onpair_shmem_4tpt": 0%....50%....100% - 40 passes
==PROF== Profiling "onpair_shmem_4tpt": 0%....50%....100% - 40 passes
==PROF== Profiling "onpair_shmem_4tpt": 0%....50%....100% - 40 passes
==PROF== Profiling "onpair_shmem_4tpt": 0%....50%....100% - 40 passes
==PROF== Profiling "onpair_shmem_4tpt": 0%....50%....100% - 40 passes
==PROF== Profiling "onpair_shmem_4tpt": 0%....50%....100% - 40 passes
{
  "files": [
    "/home/ubuntu/work/vortex-bench/data/onpair-bench/tpch-sf10/ps_comment/bits12_chunk1000mb_thr0.20/part_0000.vortex"
  ],
  "column": "ps_comment",
  "rows": 8000000,
  "in_memory_bytes": 158723147,
  "dict_bytes": 39087,
  "gpu": {
    "iterations": 30,
    "decoded_bytes": 987934065,
    "chunks": 1,
    "auto_kernel": "onpair_shmem_4tpt_b128o12",
    "frac_le8": 0.32932413,
    "dict_mean_len": 10.232418,
    "dict_max_len": 16,
    "dict_entries_max": 4096,
    "small_dict": true,
    "distinct_codes": 3866,
    "access_top4096_frac": 1.0,
    "compressed_bytes": 193142041,
    "h2d_gib_s": 9.848808769836312,
    "whole_decompress_gib_s": 48.37563798763144,
    "best_kernel": "onpair_shmem_4tpt_b64o24",
    "auto_decode_ms": 0.755712,
    "best_decode_ms": 0.729824,
    "validated": false,
    "auto_decode_gib_s": 1217.5078561226173,
    "best_decode_gib_s": 1260.6947660889962,
    "kernels": [
      {
        "kernel": "onpair_shmem",
        "decode_ms": 0.909504,
        "decode_gib_s": 1011.6341401094833,
        "decode_ns_iters": [
          911232,
          912544,
          925696,
          909504,
          925344,
          925088,
          913760,
          926816,
          911104,
          912416,
          911040,
          913056,
          910400,
          911616,
          926368,
          913760,
          923616,
          911104,
          924640,
          911328,
          926624,
          911008,
          924736,
          910176,
          927872,
          911072,
          911328,
          915008,
          914144,
          914816
        ],
        "applicable": true
      },
      {
        "kernel": "onpair_shmem_2tpt",
        "decode_ms": 0.784704,
        "decode_gib_s": 1172.525305040035,
        "decode_ns_iters": [
          803392,
          800768,
          784896,
          786144,
          788256,
          802304,
          799392,
          786688,
          787200,
          785024,
          784704,
          784928,
          786816,
          799328,
          786816,
          785504,
          800096,
          800224,
          784736,
          786240,
          787328,
          785344,
          787232,
          787072,
          785984,
          785568,
          788576,
          786880,
          787168,
          786272
        ],
        "applicable": true
      },
      {
        "kernel": "onpair_shmem_4tpt",
        "decode_ms": 0.814944,
        "decode_gib_s": 1129.016591282512,
        "decode_ns_iters": [
          3060791254,
          3052086353,
          3055351973,
          3052042007,
          3054805517,
          3076501369,
          3043341875,
          3047497511,
          3056956530,
          3040953875,
          3053023338,
          3044661760,
          3040896893,
          3040800333,
          846624,
          814944,
          873056,
          815616,
          817248,
          816096,
          832192,
          830432,
          817152,
          816800,
          832608,
          817600,
          817184,
          830880,
          819264,
          816224
        ],
        "applicable": true
      },
      {
        "kernel": "onpair_shmem_4tpt_wpb8",
        "decode_ms": 0.796128,
        "decode_gib_s": 1155.7002102251593,
        "decode_ns_iters": [
          812096,
          797504,
          798976,
          813088,
          799264,
          802688,
          799744,
          800224,
          797056,
          798656,
          800256,
          797952,
          799200,
          798432,
          798816,
          800800,
          796128,
          800416,
          796832,
          811232,
          797312,
          798432,
          799392,
          799744,
          797408,
          798688,
          800960,
          798304,
          798400,
          799104
        ],
        "applicable": true
      },
      {
        "kernel": "onpair_shmem_4tpt_wpb8_occ",
        "decode_ms": 0.757024,
        "decode_gib_s": 1215.397790514086,
        "decode_ns_iters": [
          772032,
          759040,
          758240,
          757024,
          759840,
          760448,
          760416,
          758816,
          759456,
          758560,
          774624,
          757632,
          758496,
          759264,
          759360,
          759040,
          771232,
          759264,
          772800,
          759104,
          758432,
          759712,
          760224,
          759040,
          759808,
          760064,
          761696,
          758176,
          775328,
          774496
        ],
        "applicable": true
      },
      {
        "kernel": "onpair_shmem_4tpt_b128",
        "decode_ms": 0.755936,
        "decode_gib_s": 1217.1470825124554,
        "decode_ns_iters": [
          759360,
          755936,
          756288,
          758560,
          758304,
          761056,
          769152,
          756992,
          758048,
          769824,
          770528,
          756864,
          773152,
          758880,
          759456,
          773024,
          756992,
          758944,
          770432,
          757120,
          759008,
          756544,
          758944,
          756960,
          773568,
          756640,
          757888,
          757344,
          758240,
          760736
        ],
        "applicable": true
      },
      {
        "kernel": "onpair_shmem_4tpt_o6",
        "decode_ms": 0.757728,
        "decode_gib_s": 1214.2685725829526,
        "decode_ns_iters": [
          759264,
          773792,
          758624,
          758624,
          759040,
          772128,
          759008,
          758848,
          760160,
          760448,
          758720,
          759616,
          759840,
          757728,
          761440,
          758400,
          761504,
          758720,
          758400,
          773952,
          760864,
          759936,
          759776,
          758496,
          759104,
          759360,
          760192,
          758048,
          760640,
          759328
        ],
        "applicable": true
      },
      {
        "kernel": "onpair_shmem_4tpt_b512o3",
        "decode_ms": 0.755712,
        "decode_gib_s": 1217.5078561226173,
        "decode_ns_iters": [
          755936,
          756512,
          757792,
          755872,
          757824,
          756768,
          758240,
          771840,
          756992,
          772480,
          755712,
          757952,
          756128,
          769536,
          757600,
          775104,
          756416,
          758304,
          757408,
          758080,
          756576,
          756576,
          759680,
          757280,
          757472,
          771520,
          768704,
          757728,
          770976,
          772928
        ],
        "applicable": true
      },
      {
        "kernel": "onpair_shmem_4tpt_b128o12",
        "decode_ms": 0.755712,
        "decode_gib_s": 1217.5078561226173,
        "decode_ns_iters": [
          757568,
          757184,
          772032,
          755712,
          758432,
          756256,
          759648,
          755712,
          757920,
          755744,
          758016,
          757248,
          757568,
          761216,
          773824,
          757760,
          757824,
          758592,
          758816,
          758912,
          770976,
          757024,
          760192,
          758656,
          758592,
          756096,
          759008,
          757056,
          757888,
          757248
        ],
        "applicable": true
      },
      {
        "kernel": "onpair_shmem_4tpt_b64",
        "decode_ms": 0.757088,
        "decode_gib_s": 1215.2950475587193,
        "decode_ns_iters": [
          759552,
          758336,
          758848,
          759488,
          759488,
          760192,
          758976,
          759040,
          757088,
          759328,
          758400,
          758688,
          759968,
          760192,
          760448,
          758976,
          759936,
          762176,
          757888,
          757888,
          762176,
          761632,
          763232,
          759264,
          760256,
          760384,
          775200,
          758784,
          758944,
          763008
        ],
        "applicable": true
      },
      {
        "kernel": "onpair_shmem_4tpt_b64o24",
        "decode_ms": 0.729824,
        "decode_gib_s": 1260.6947660889962,
        "decode_ns_iters": [
          761248,
          759360,
          760288,
          761376,
          759136,
          760064,
          760288,
          760000,
          761248,
          760000,
          760736,
          757664,
          760832,
          759392,
          760000,
          759328,
          761824,
          758432,
          762304,
          759776,
          760032,
          773376,
          759968,
          763168,
          774592,
          758816,
          729824,
          759904,
          760288,
          759360
        ],
        "applicable": true
      },
      {
        "kernel": "onpair_shmem_4tpt_split8read_b128o12",
        "decode_ms": 0.794496,
        "decode_gib_s": 1158.074171507642,
        "decode_ns_iters": [
          796672,
          798176,
          796736,
          797472,
          796192,
          798368,
          797728,
          797216,
          799584,
          794496,
          797056,
          794752,
          797664,
          796896,
          798368,
          796928,
          797184,
          796288,
          798240,
          795040,
          798464,
          797600,
          799136,
          796448,
          796800,
          796128,
          796864,
          796896,
          797824,
          796352
        ],
        "applicable": true
      },
      {
        "kernel": "onpair_shmem_4tpt_split8read_occ",
        "decode_ms": 0.80128,
        "decode_gib_s": 1148.269390183376,
        "decode_ns_iters": [
          803008,
          803296,
          816064,
          816448,
          805536,
          803328,
          803200,
          803968,
          801952,
          801920,
          803456,
          803072,
          801984,
          803392,
          803552,
          801280,
          802912,
          802656,
          803200,
          802976,
          802112,
          804768,
          804736,
          802688,
          803456,
          802304,
          816064,
          803840,
          801568,
          816256
        ],
        "applicable": true
      },
      {
        "kernel": "onpair_shmem_4tpt_split8",
        "decode_ms": 0.885632,
        "decode_gib_s": 1038.9024978389843,
        "decode_ns_iters": [
          900768,
          887328,
          886592,
          896928,
          888064,
          885664,
          888000,
          901376,
          889024,
          886080,
          887936,
          885760,
          903168,
          903648,
          887648,
          885984,
          903296,
          886528,
          886336,
          886016,
          887584,
          900512,
          888576,
          886144,
          887360,
          885728,
          886400,
          885632,
          887328,
          887072
        ],
        "applicable": true
      },
      {
        "kernel": "onpair_shmem_4tpt_split8_wpb8",
        "decode_ms": 0.893632,
        "decode_gib_s": 1029.6020027999618,
        "decode_ns_iters": [
          910016,
          895680,
          893760,
          895424,
          895808,
          907584,
          894688,
          907680,
          897024,
          896320,
          896128,
          906560,
          897792,
          893632,
          895200,
          894048,
          897216,
          895488,
          894272,
          896576,
          894112,
          910720,
          894272,
          896128,
          897184,
          894400,
          894720,
          895936,
          894688,
          897056
        ],
        "applicable": true
      },
      {
        "kernel": "onpair_shmem_4tpt_split8_wpb8_occ",
        "decode_ms": 0.853888,
        "decode_gib_s": 1077.524566414021,
        "decode_ns_iters": [
          855264,
          856928,
          854720,
          855456,
          869632,
          869440,
          856512,
          857536,
          857664,
          855744,
          855872,
          855008,
          855904,
          857120,
          855712,
          857248,
          853888,
          856832,
          854880,
          870368,
          855680,
          855648,
          854944,
          855616,
          855200,
          854528,
          856384,
          869152,
          872160,
          855136
        ],
        "applicable": true
      },
      {
        "kernel": "onpair_shmem_4tpt_pdict",
        "decode_ms": 0.916032,
        "decode_gib_s": 1004.4248421082839,
        "decode_ns_iters": [
          923936,
          919040,
          922272,
          916032,
          919520,
          916896,
          919808,
          935424,
          916960,
          934496,
          940352,
          922944,
          920224,
          922016,
          917824,
          943744,
          925184,
          933504,
          922368,
          920064,
          921504,
          937984,
          918560,
          921088,
          918432,
          923040,
          919104,
          918144,
          919680,
          923968
        ],
        "applicable": true
      },
      {
        "kernel": "onpair_shmem_4tpt_vdict",
        "decode_ms": 1.519072,
        "decode_gib_s": 605.6890634322373,
        "decode_ns_iters": [
          1519584,
          1522944,
          1522880,
          1522976,
          1527424,
          1527776,
          1536704,
          1525280,
          1521376,
          1521024,
          1541728,
          1527296,
          1521120,
          1522560,
          1523616,
          1531104,
          1527296,
          1528800,
          1521920,
          1519072,
          1526304,
          1534560,
          1530016,
          1527424,
          1524064,
          1535808,
          1524224,
          1522592,
          1524320,
          1531328
        ],
        "applicable": true
      },
      {
        "kernel": "onpair_shmem_4tpt_split8read",
        "decode_ms": 0.809472,
        "decode_gib_s": 1136.6487005926524,
        "decode_ns_iters": [
          811392,
          811328,
          824352,
          824928,
          811808,
          811232,
          811232,
          812064,
          810720,
          811872,
          811296,
          827648,
          824896,
          812448,
          810688,
          810848,
          812192,
          811488,
          811296,
          813632,
          810912,
          810560,
          811328,
          810848,
          825952,
          811552,
          826656,
          809472,
          810976,
          812000
        ],
        "applicable": true
      },
      {
        "kernel": "onpair_shmem_4tpt_ldcs",
        "decode_ms": 0.797312,
        "decode_gib_s": 1153.9840074727779,
        "decode_ns_iters": [
          798656,
          812224,
          800608,
          800128,
          798656,
          813856,
          800224,
          800736,
          798432,
          814560,
          816256,
          798720,
          799136,
          798208,
          798784,
          798400,
          799904,
          798688,
          799104,
          799520,
          798304,
          798784,
          811488,
          798880,
          797632,
          798912,
          799872,
          811040,
          799200,
          797312
        ],
        "applicable": true
      },
      {
        "kernel": "onpair_shmem_4tpt_lenbucket",
        "decode_ms": 0.0,
        "decode_gib_s": 0.0,
        "applicable": false,
        "reason": "length-bucket dict not built (set ONPAIR_DICT_REORDER=lenbucket)"
      },
      {
        "kernel": "onpair_shmem_4tpt_lenbucket_b128",
        "decode_ms": 0.0,
        "decode_gib_s": 0.0,
        "applicable": false,
        "reason": "length-bucket dict not built (set ONPAIR_DICT_REORDER=lenbucket)"
      },
      {
        "kernel": "onpair_shmem_4tpt_regcache",
        "decode_ms": 0.841568,
        "decode_gib_s": 1093.2988147911226,
        "decode_ns_iters": [
          843104,
          855552,
          860768,
          841568,
          847744,
          844000,
          844960,
          844544,
          846112,
          845312,
          845344,
          846016,
          843552,
          844192,
          845824,
          844800,
          844704,
          844960,
          845408,
          845024,
          845664,
          844576,
          863584,
          859232,
          844992,
          858688,
          843936,
          846912,
          844224,
          845408
        ],
        "applicable": true
      },
      {
        "kernel": "onpair_shmem_4tpt_split4read",
        "decode_ms": 0.947712,
        "decode_gib_s": 970.8490522079867,
        "decode_ns_iters": [
          954720,
          953312,
          953280,
          952416,
          954336,
          954848,
          954912,
          954752,
          954368,
          955264,
          952128,
          955584,
          966240,
          956064,
          954592,
          955520,
          953472,
          957408,
          952544,
          947712,
          955104,
          956064,
          953408,
          948640,
          966336,
          955584,
          948032,
          955328,
          968640,
          956384
        ],
        "applicable": true
      },
      {
        "kernel": "onpair_shmem_4tpt_split4read_b128o12",
        "decode_ms": 0.946272,
        "decode_gib_s": 972.3264526120772,
        "decode_ns_iters": [
          955168,
          952576,
          952992,
          955456,
          955360,
          954944,
          953280,
          952160,
          954464,
          953248,
          963264,
          971072,
          953856,
          947264,
          955008,
          947904,
          946912,
          946272,
          947328,
          952128,
          966752,
          948384,
          954496,
          954784,
          949472,
          946752,
          953536,
          954752,
          953376,
          957088
        ],
        "applicable": true
      },
      {
        "kernel": "onpair_shmem_4tpt_cluster_dsmem",
        "decode_ms": 2.533152,
        "decode_gib_s": 363.21756332274396,
        "decode_ns_iters": [
          2547680,
          2556352,
          2540512,
          2557568,
          2546976,
          2556384,
          2570400,
          2559392,
          2571552,
          2540704,
          2537184,
          2533152,
          2551200,
          2552192,
          2556544,
          2556768,
          2553472,
          2544864,
          2540544,
          2574112,
          2539872,
          2548000,
          2547968,
          2538336,
          2564352,
          2569824,
          2563584,
          2565984,
          2554144,
          2547936
        ],
        "applicable": true
      },
      {
        "kernel": "onpair_shmem_8tpt",
        "decode_ms": 0.779872,
        "decode_gib_s": 1179.7901411592356,
        "decode_ns_iters": [
          780672,
          789152,
          788544,
          798624,
          789440,
          802112,
          803872,
          789536,
          801792,
          800864,
          781088,
          782016,
          784256,
          790656,
          782496,
          780032,
          799648,
          788896,
          781088,
          783200,
          783104,
          781312,
          798080,
          781216,
          779872,
          781216,
          790240,
          782048,
          800256,
          789216
        ],
        "applicable": true
      },
      {
        "kernel": "onpair_shmem_8tpt_b128",
        "decode_ms": 0.749824,
        "decode_gib_s": 1227.0683479938432,
        "decode_ns_iters": [
          778912,
          789152,
          780064,
          788160,
          780992,
          780256,
          781248,
          779296,
          789408,
          779040,
          788544,
          788992,
          788640,
          793152,
          780192,
          783456,
          749824,
          781408,
          773824,
          783648,
          780384,
          781952,
          781280,
          801664,
          780032,
          779040,
          781312,
          794208,
          786752,
          781632
        ],
        "applicable": true
      },
      {
        "kernel": "onpair_shmem_4tpt_vwidth",
        "decode_ms": 2.26944,
        "decode_gib_s": 405.4239358459072,
        "decode_ns_iters": [
          2270144,
          2279104,
          2271840,
          2282112,
          2276544,
          2278240,
          2275968,
          2278816,
          2278784,
          2271744,
          2272128,
          2271488,
          2293056,
          2269440,
          2271712,
          2278272,
          2278272,
          2292256,
          2279808,
          2271424,
          2278496,
          2278272,
          2280096,
          2271808,
          2292480,
          2271616,
          2278912,
          2271488,
          2277056,
          2279680
        ],
        "applicable": true
      },
      {
        "kernel": "onpair_shmem_4tpt_vwidth_b128",
        "decode_ms": 2.680864,
        "decode_gib_s": 343.20476419771217,
        "decode_ns_iters": [
          2691904,
          2696032,
          2686656,
          2707808,
          2696544,
          2689472,
          2693536,
          2696096,
          2687392,
          2685568,
          2711424,
          2696544,
          2701600,
          2686464,
          2689088,
          2688384,
          2695424,
          2686624,
          2687648,
          2695264,
          2687296,
          2696608,
          2688768,
          2708640,
          2695264,
          2694656,
          2691136,
          2680864,
          2683104,
          2698560
        ],
        "applicable": true
      },
      {
        "kernel": "onpair_shmem_4tpt_vwidth4",
        "decode_ms": 0.94992,
        "decode_gib_s": 968.5924045878974,
        "decode_ns_iters": [
          988064,
          988384,
          986624,
          980160,
          981728,
          980864,
          980800,
          980672,
          980704,
          986784,
          987520,
          983328,
          987648,
          985408,
          987296,
          987456,
          988512,
          988384,
          988096,
          979968,
          988320,
          988832,
          983904,
          949920,
          981728,
          980128,
          988224,
          980384,
          980544,
          980928
        ],
        "applicable": true
      },
      {
        "kernel": "onpair_shmem_4tpt_vwidth4_b128",
        "decode_ms": 0.819104,
        "decode_gib_s": 1123.282631956547,
        "decode_ns_iters": [
          833120,
          823360,
          826720,
          820256,
          828288,
          819104,
          820832,
          841536,
          821920,
          821024,
          822368,
          830624,
          832096,
          829088,
          835168,
          821280,
          821376,
          840192,
          828064,
          828064,
          822144,
          832320,
          823232,
          820544,
          833280,
          845440,
          828224,
          829184,
          828416,
          822400
        ],
        "applicable": true
      },
      {
        "kernel": "onpair_shmem_4tpt_shdict8",
        "decode_ms": 1.124416,
        "decode_gib_s": 818.27837469952,
        "decode_ns_iters": [
          1141312,
          1138176,
          1130400,
          1138880,
          1136832,
          1134624,
          1136160,
          1130560,
          1139264,
          1130688,
          1134016,
          1130304,
          1125024,
          1150624,
          1124416,
          1128672,
          1135456,
          1137472,
          1136192,
          1131680,
          1127424,
          1130688,
          1127264,
          1128032,
          1139264,
          1131328,
          1126528,
          1134752,
          1138944,
          1129920
        ],
        "applicable": true
      },
      {
        "kernel": "onpair_shmem_4tpt_ablate",
        "decode_ms": 0.727296,
        "decode_gib_s": 1265.0768008708083,
        "decode_ns_iters": [
          757664,
          751456,
          758016,
          771808,
          751168,
          758496,
          771840,
          758784,
          772448,
          774496,
          758752,
          753856,
          750112,
          729344,
          727296,
          752832,
          753568,
          758912,
          757760,
          758112,
          752192,
          758112,
          754208,
          758848,
          749248,
          749184,
          759424,
          768224,
          759136,
          763424
        ],
        "applicable": true
      },
      {
        "kernel": "onpair_shmem_4tpt_ablate_nogather",
        "decode_ms": 0.587936,
        "decode_gib_s": 1564.9412469488777,
        "decode_ns_iters": [
          616192,
          612896,
          611872,
          619360,
          614336,
          612000,
          611328,
          634752,
          619104,
          619584,
          620224,
          618912,
          620224,
          619552,
          633056,
          620512,
          619360,
          612928,
          633216,
          612736,
          619424,
          595424,
          587936,
          619808,
          619872,
          631936,
          619936,
          613472,
          613952,
          619808
        ],
        "applicable": true
      },
      {
        "kernel": "onpair_shmem_4tpt_ablate_noemit",
        "decode_ms": 0.253696,
        "decode_gib_s": 3626.723704615507,
        "decode_ns_iters": [
          298752,
          297888,
          303424,
          299168,
          268896,
          297216,
          299904,
          261152,
          257312,
          253696,
          304928,
          300256,
          295488,
          301504,
          294688,
          317536,
          301504,
          267424,
          260096,
          259200,
          254432,
          268224,
          303296,
          268480,
          260224,
          293984,
          294944,
          313824,
          314272,
          298592
        ],
        "applicable": true
      },
      {
        "kernel": "onpair_shmem_4tpt_ablate_nodrain",
        "decode_ms": 0.660864,
        "decode_gib_s": 1392.2460551129059,
        "decode_ns_iters": [
          669792,
          668864,
          682016,
          668096,
          669568,
          672032,
          667520,
          684096,
          670144,
          670720,
          660992,
          666528,
          670944,
          661088,
          669696,
          670048,
          668640,
          684960,
          668160,
          661088,
          673344,
          671744,
          661216,
          663456,
          660864,
          674464,
          661920,
          661856,
          667584,
          661440
        ],
        "applicable": true
      },
      {
        "kernel": "onpair_shmem_4tpt_ablate_noscan",
        "decode_ms": 0.37072,
        "decode_gib_s": 2481.887400102869,
        "decode_ns_iters": [
          417376,
          406144,
          405248,
          398336,
          408480,
          418400,
          409088,
          407232,
          398080,
          407168,
          406656,
          407488,
          398688,
          370720,
          418720,
          408608,
          405632,
          399200,
          407104,
          406528,
          409632,
          409088,
          408512,
          373184,
          401984,
          398176,
          399232,
          412448,
          402368,
          406464
        ],
        "applicable": true
      },
      {
        "kernel": "onpair_shmem_4tpt_ablate_cfree",
        "decode_ms": 0.548032,
        "decode_gib_s": 1678.889730829834,
        "decode_ns_iters": [
          583328,
          589536,
          585120,
          588640,
          583232,
          601408,
          548768,
          548416,
          548032,
          588736,
          588736,
          582560,
          588192,
          593280,
          589152,
          551264,
          588928,
          600000,
          588032,
          587424,
          587872,
          581088,
          592960,
          581120,
          581120,
          580384,
          590016,
          581856,
          554784,
          590432
        ],
        "applicable": true
      },
      {
        "kernel": "onpair_shmem_s8",
        "decode_ms": 0.0,
        "decode_gib_s": 0.0,
        "applicable": false,
        "reason": "dictionary entry longer than 8 bytes"
      },
      {
        "kernel": "onpair_shmem_s8_2tpt",
        "decode_ms": 0.0,
        "decode_gib_s": 0.0,
        "applicable": false,
        "reason": "dictionary entry longer than 8 bytes"
      },
      {
        "kernel": "onpair_shmem_s8_4tpt",
        "decode_ms": 0.0,
        "decode_gib_s": 0.0,
        "applicable": false,
        "reason": "dictionary entry longer than 8 bytes"
      },
      {
        "kernel": "onpair_shmem_s8_8tpt",
        "decode_ms": 0.0,
        "decode_gib_s": 0.0,
        "applicable": false,
        "reason": "dictionary entry longer than 8 bytes"
      },
      {
        "kernel": "onpair_shmem_s4l1",
        "decode_ms": 0.0,
        "decode_gib_s": 0.0,
        "applicable": false,
        "reason": "dictionary entry longer than 4 bytes"
      },
      {
        "kernel": "onpair_shmem_s4l1_2tpt",
        "decode_ms": 0.0,
        "decode_gib_s": 0.0,
        "applicable": false,
        "reason": "dictionary entry longer than 4 bytes"
      },
      {
        "kernel": "onpair_shmem_s4l1_4tpt",
        "decode_ms": 0.0,
        "decode_gib_s": 0.0,
        "applicable": false,
        "reason": "dictionary entry longer than 4 bytes"
      },
      {
        "kernel": "onpair_shmem_s4l1_8tpt",
        "decode_ms": 0.0,
        "decode_gib_s": 0.0,
        "applicable": false,
        "reason": "dictionary entry longer than 4 bytes"
      },
      {
        "kernel": "onpair_shmem_s4l1_16tpt",
        "decode_ms": 0.0,
        "decode_gib_s": 0.0,
        "applicable": false,
        "reason": "dictionary entry longer than 4 bytes"
      },
      {
        "kernel": "onpair_shmem_s4l1_32tpt",
        "decode_ms": 0.0,
        "decode_gib_s": 0.0,
        "applicable": false,
        "reason": "dictionary entry longer than 4 bytes"
      },
      {
        "kernel": "onpair_shmem_const1",
        "decode_ms": 0.0,
        "decode_gib_s": 0.0,
        "applicable": false,
        "reason": "not every dictionary entry is exactly 1 byte"
      },
      {
        "kernel": "onpair_shmem_const2",
        "decode_ms": 0.0,
        "decode_gib_s": 0.0,
        "applicable": false,
        "reason": "not every dictionary entry is exactly 2 bytes"
      }
    ]
  }
}
==PROF== Disconnected from process 18314
==PROF== Report: /home/ubuntu/work/ncu_costsurface_tpch-sf10_ps_comment_b12.ncu-rep
