==PROF== Connected to process 25871 (/home/ubuntu/work/target/release/onpair-chunk-bench)
2026-07-06T03:34:41.071482Z  INFO vortex_cuda: vortex-cuda/src/lib.rs:111: Registering CUDA kernels
==WARNING== Unable to access the following 6 metrics: ctc__rx_bytes_data_user.sum, ctc__rx_bytes_data_user.sum.pct_of_peak_sustained_elapsed, ctc__rx_bytes_data_user.sum.per_second, ctc__tx_bytes_data_user.sum, ctc__tx_bytes_data_user.sum.pct_of_peak_sustained_elapsed, ctc__tx_bytes_data_user.sum.per_second.


==PROF== Profiling "onpair_shmem_4tpt_split8read": 0%....50%....100% - 40 passes
==PROF== Profiling "onpair_shmem_4tpt_split8read": 0%....50%....100% - 40 passes
==PROF== Profiling "onpair_shmem_4tpt_split8read": 0%....50%....100% - 40 passes
==PROF== Profiling "onpair_shmem_4tpt_split8read": 0%....50%....100% - 40 passes
==PROF== Profiling "onpair_shmem_4tpt_split8read": 0%....50%....100% - 40 passes
==PROF== Profiling "onpair_shmem_4tpt_split8read": 0%....50%....100% - 40 passes
==PROF== Profiling "onpair_shmem_4tpt_split8read": 0%....50%....100% - 40 passes
==PROF== Profiling "onpair_shmem_4tpt_split8read": 0%....50%....100% - 40 passes
==PROF== Profiling "onpair_shmem_4tpt_split8read": 0%....50%....100% - 40 passes
==PROF== Profiling "onpair_shmem_4tpt_split8read": 0%....50%....100% - 40 passes
==PROF== Profiling "onpair_shmem_4tpt_split8read": 0%....50%....100% - 40 passes
==PROF== Profiling "onpair_shmem_4tpt_split8read": 0%....50%....100% - 40 passes
==PROF== Profiling "onpair_shmem_4tpt_split8read": 0%....50%....100% - 40 passes
==PROF== Profiling "onpair_shmem_4tpt_split8read": 0%....50%....100% - 40 passes
==PROF== Profiling "onpair_shmem_4tpt_split8read": 0%....50%....100% - 40 passes
==PROF== Profiling "onpair_shmem_4tpt_split8read": 0%....50%....100% - 40 passes
{
  "files": [
    "/home/ubuntu/work/vortex-bench/data/onpair-bench/clickbench/URL/bits12_chunk1000mb_thr0.20/part_0000.vortex"
  ],
  "column": "URL",
  "rows": 12254692,
  "in_memory_bytes": 345944569,
  "dict_bytes": 21348,
  "gpu": {
    "iterations": 30,
    "decoded_bytes": 999999995,
    "chunks": 1,
    "auto_kernel": "onpair_shmem_4tpt_split8read_b128o12",
    "frac_le8": 0.8132152,
    "dict_mean_len": 4.690427,
    "dict_max_len": 16,
    "dict_entries_max": 4096,
    "small_dict": true,
    "distinct_codes": 4019,
    "access_top4096_frac": 1.0,
    "compressed_bytes": 426425904,
    "h2d_gib_s": 10.160029610390296,
    "whole_decompress_gib_s": 23.170458297703004,
    "best_kernel": "onpair_shmem_4tpt_split8read_b128o12",
    "auto_decode_ms": 1.10592,
    "best_decode_ms": 1.10592,
    "validated": false,
    "auto_decode_gib_s": 842.1247196531988,
    "best_decode_gib_s": 842.1247196531988,
    "kernels": [
      {
        "kernel": "onpair_shmem",
        "decode_ms": 1.644032,
        "decode_gib_s": 566.4868870915321,
        "decode_ns_iters": [
          1664640,
          1652768,
          1647584,
          1662784,
          1651264,
          1662752,
          1651520,
          1649248,
          1649792,
          1648512,
          1662784,
          1649504,
          1648416,
          1649952,
          1649568,
          1644032,
          1650752,
          1648160,
          1650752,
          1648704,
          1650816,
          1649120,
          1664512,
          1648256,
          1652192,
          1651328,
          1663200,
          1665344,
          1650432,
          1649376
        ],
        "applicable": true
      },
      {
        "kernel": "onpair_shmem_2tpt",
        "decode_ms": 1.216192,
        "decode_gib_s": 765.76936039611,
        "decode_ns_iters": [
          1225536,
          1224800,
          1225152,
          1222624,
          1224416,
          1223648,
          1239840,
          1224000,
          1224576,
          1238528,
          1223840,
          1224160,
          1224960,
          1238624,
          1223936,
          1222720,
          1223872,
          1224448,
          1223808,
          1224128,
          1241120,
          1223712,
          1224192,
          1238784,
          1220896,
          1224352,
          1224832,
          1224224,
          1224608,
          1216192
        ],
        "applicable": true
      },
      {
        "kernel": "onpair_shmem_4tpt",
        "decode_ms": 1.280928,
        "decode_gib_s": 727.0686330214232,
        "decode_ns_iters": [
          1283552,
          1283040,
          1288928,
          1290048,
          1289504,
          1284064,
          1303680,
          1281248,
          1280928,
          1298976,
          1296352,
          1290144,
          1282656,
          1285376,
          1287904,
          1286560,
          1288736,
          1285344,
          1302560,
          1281888,
          1284896,
          1289184,
          1290272,
          1305280,
          1290560,
          1288288,
          1288320,
          1290048,
          1290176,
          1290816
        ],
        "applicable": true
      },
      {
        "kernel": "onpair_shmem_4tpt_wpb8",
        "decode_ms": 1.255488,
        "decode_gib_s": 741.8012517514032,
        "decode_ns_iters": [
          1256896,
          1255808,
          1257504,
          1257280,
          1255488,
          1257216,
          1270080,
          1258560,
          1257440,
          1257952,
          1270048,
          1269920,
          1258048,
          1258624,
          1256512,
          1257088,
          1256672,
          1274272,
          1256192,
          1256800,
          1258304,
          1258080,
          1258240,
          1258656,
          1270176,
          1257408,
          1257280,
          1258464,
          1271456,
          1257888
        ],
        "applicable": true
      },
      {
        "kernel": "onpair_shmem_4tpt_wpb8_occ",
        "decode_ms": 1.188544,
        "decode_gib_s": 783.5827449037356,
        "decode_ns_iters": [
          1211936,
          1194176,
          1196448,
          1211136,
          1197728,
          1210784,
          1196352,
          1195968,
          1196192,
          1209632,
          1211104,
          1195872,
          1195648,
          1210656,
          1197472,
          1196480,
          1196032,
          1197024,
          1197056,
          1195360,
          1197024,
          1196288,
          1197056,
          1196288,
          1191328,
          1188544,
          1203968,
          1191040,
          1189376,
          1197280
        ],
        "applicable": true
      },
      {
        "kernel": "onpair_shmem_4tpt_b128",
        "decode_ms": 1.172032,
        "decode_gib_s": 794.6221348554184,
        "decode_ns_iters": [
          1174656,
          1172032,
          1173504,
          1179456,
          1175264,
          1174368,
          1193920,
          1181504,
          1194080,
          1178048,
          1172608,
          1194144,
          1180352,
          1181568,
          1179872,
          1180480,
          1195136,
          1182272,
          1178848,
          1180192,
          1181088,
          1179616,
          1180896,
          1179904,
          1180800,
          1175104,
          1177472,
          1178304,
          1190048,
          1181312
        ],
        "applicable": true
      },
      {
        "kernel": "onpair_shmem_4tpt_o6",
        "decode_ms": 1.163744,
        "decode_gib_s": 800.281307537453,
        "decode_ns_iters": [
          1171616,
          1183456,
          1171456,
          1165952,
          1166240,
          1171520,
          1172320,
          1170816,
          1171872,
          1173984,
          1171008,
          1187136,
          1183424,
          1172512,
          1170720,
          1186176,
          1172800,
          1185184,
          1164800,
          1166656,
          1187552,
          1164768,
          1165952,
          1170976,
          1163744,
          1171904,
          1167712,
          1164320,
          1185888,
          1171264
        ],
        "applicable": true
      },
      {
        "kernel": "onpair_shmem_4tpt_b512o3",
        "decode_ms": 1.16304,
        "decode_gib_s": 800.7657259929714,
        "decode_ns_iters": [
          1179360,
          1171168,
          1165696,
          1163616,
          1163872,
          1170208,
          1170912,
          1182752,
          1164480,
          1183168,
          1167744,
          1171552,
          1170976,
          1170560,
          1170560,
          1170560,
          1166240,
          1163040,
          1176864,
          1170752,
          1167776,
          1185760,
          1170144,
          1185120,
          1169920,
          1172032,
          1171808,
          1168000,
          1171008,
          1180832
        ],
        "applicable": true
      },
      {
        "kernel": "onpair_shmem_4tpt_b128o12",
        "decode_ms": 1.167328,
        "decode_gib_s": 797.8242361691536,
        "decode_ns_iters": [
          1176352,
          1175712,
          1174336,
          1189728,
          1178048,
          1174368,
          1190656,
          1175008,
          1189472,
          1169376,
          1176480,
          1188608,
          1168096,
          1170848,
          1168160,
          1175520,
          1180000,
          1176480,
          1167328,
          1170272,
          1176736,
          1171072,
          1174880,
          1173632,
          1188992,
          1187264,
          1174528,
          1170656,
          1186176,
          1168096
        ],
        "applicable": true
      },
      {
        "kernel": "onpair_shmem_4tpt_b64",
        "decode_ms": 1.177888,
        "decode_gib_s": 790.6715833414261,
        "decode_ns_iters": [
          1182784,
          1180448,
          1177888,
          1184608,
          1182784,
          1183680,
          1179232,
          1185216,
          1179104,
          1183328,
          1184928,
          1198528,
          1178464,
          1186048,
          1185600,
          1178464,
          1178624,
          1184544,
          1182432,
          1195648,
          1185088,
          1193216,
          1185248,
          1185600,
          1183584,
          1185408,
          1184992,
          1200960,
          1185120,
          1185024
        ],
        "applicable": true
      },
      {
        "kernel": "onpair_shmem_4tpt_b64o24",
        "decode_ms": 1.17472,
        "decode_gib_s": 792.8038766334664,
        "decode_ns_iters": [
          1175232,
          1174720,
          1175360,
          1175392,
          1181664,
          1195840,
          1182112,
          1179552,
          1182656,
          1181376,
          1194592,
          1180768,
          1180640,
          1195360,
          1180608,
          1180064,
          1181568,
          1181536,
          1182304,
          1193696,
          1182240,
          1181472,
          1180000,
          1182848,
          1182496,
          1180960,
          1181312,
          1182528,
          1181088,
          1181632
        ],
        "applicable": true
      },
      {
        "kernel": "onpair_shmem_4tpt_split8read_b128o12",
        "decode_ms": 1.10592,
        "decode_gib_s": 842.1247196531988,
        "decode_ns_iters": [
          1109440,
          1111808,
          1110528,
          1125408,
          1110432,
          1110720,
          1123488,
          1110560,
          1111360,
          1110464,
          1108992,
          1110176,
          1110016,
          1109824,
          1110688,
          1110496,
          1110816,
          1110144,
          1109824,
          1109536,
          1108512,
          1110880,
          1110368,
          1110016,
          1110944,
          1105920,
          1124736,
          1110592,
          1119616,
          1121120
        ],
        "applicable": true
      },
      {
        "kernel": "onpair_shmem_4tpt_split8read_occ",
        "decode_ms": 1.209056,
        "decode_gib_s": 770.2890271078145,
        "decode_ns_iters": [
          1211040,
          1216896,
          1212544,
          1212544,
          1218144,
          1211584,
          1233280,
          1217568,
          1218752,
          1218784,
          1234240,
          1218560,
          1217472,
          1216512,
          1218496,
          1230688,
          1217632,
          1216640,
          1222656,
          1211360,
          1212608,
          1212032,
          1209056,
          1260064,
          1211200,
          1212608,
          1209504,
          1219424,
          1232032,
          1232544
        ],
        "applicable": true
      },
      {
        "kernel": "onpair_shmem_4tpt_split8",
        "decode_ms": 1.384,
        "decode_gib_s": 672.9209320512036,
        "decode_ns_iters": [
          1384704,
          1392736,
          1384000,
          1384704,
          1386592,
          1391168,
          1393024,
          1393280,
          1386432,
          1392224,
          1385792,
          1393152,
          1388384,
          1393888,
          1393824,
          1393344,
          1390304,
          1393408,
          1407904,
          1392896,
          1394016,
          1393024,
          1394240,
          1393952,
          1393376,
          1392576,
          1384320,
          1393312,
          1387488,
          1393376
        ],
        "applicable": true
      },
      {
        "kernel": "onpair_shmem_4tpt_split8_wpb8",
        "decode_ms": 1.400896,
        "decode_gib_s": 664.804931957023,
        "decode_ns_iters": [
          1404416,
          1423424,
          1407392,
          1408512,
          1407808,
          1415040,
          1415360,
          1423808,
          1407328,
          1409216,
          1407904,
          1407552,
          1408928,
          1420576,
          1412128,
          1422592,
          1407840,
          1406528,
          1408096,
          1409088,
          1402816,
          1407776,
          1400896,
          1423680,
          1406816,
          1406720,
          1409504,
          1408384,
          1408832,
          1407328
        ],
        "applicable": true
      },
      {
        "kernel": "onpair_shmem_4tpt_split8_wpb8_occ",
        "decode_ms": 1.337728,
        "decode_gib_s": 696.1972612959179,
        "decode_ns_iters": [
          1346592,
          1344864,
          1347488,
          1345856,
          1346624,
          1346208,
          1348608,
          1347264,
          1345632,
          1346240,
          1345280,
          1359872,
          1337728,
          1338240,
          1338528,
          1345632,
          1343808,
          1337824,
          1340096,
          1348320,
          1373952,
          1339936,
          1338208,
          1346560,
          1337824,
          1348896,
          1359360,
          1337760,
          1338656,
          1338336
        ],
        "applicable": true
      },
      {
        "kernel": "onpair_shmem_4tpt_pdict",
        "decode_ms": 1.559552,
        "decode_gib_s": 597.1731432865756,
        "decode_ns_iters": [
          1562464,
          1567744,
          1562176,
          1569024,
          1573504,
          1566272,
          1566272,
          1568416,
          1566752,
          1569088,
          1581920,
          1575392,
          1572160,
          1567808,
          1574976,
          1562272,
          1559552,
          1561952,
          1562528,
          1566368,
          1575360,
          1568928,
          1568800,
          1570016,
          1561664,
          1563296,
          1577696,
          1559584,
          1570240,
          1567296
        ],
        "applicable": true
      },
      {
        "kernel": "onpair_shmem_4tpt_vdict",
        "decode_ms": 2.292736,
        "decode_gib_s": 406.20576026148046,
        "decode_ns_iters": [
          2313472,
          2308000,
          2299200,
          2301472,
          2305152,
          2297632,
          2302720,
          2297632,
          2301376,
          2293024,
          2304096,
          2292736,
          2295968,
          2298688,
          2297824,
          2302144,
          2300704,
          2303648,
          2298912,
          2315968,
          2301472,
          2305152,
          2303552,
          2301984,
          2312512,
          2312288,
          2301312,
          2302368,
          2302080,
          2300864
        ],
        "applicable": true
      },
      {
        "kernel": "onpair_shmem_4tpt_split8read",
        "decode_ms": 1.298784,
        "decode_gib_s": 717.0727156777923,
        "decode_ns_iters": [
          3341566086,
          3367461920,
          3345303297,
          3368565559,
          3354910135,
          3360606670,
          3348183393,
          3366220713,
          3367681503,
          3349690676,
          3360007048,
          3376062632,
          3347723007,
          3339238644,
          1320320,
          1299328,
          1304128,
          1299968,
          1313472,
          1321312,
          1302432,
          1302720,
          1298784,
          1299296,
          1302080,
          1300672,
          1299168,
          1301088,
          1298944,
          1305728
        ],
        "applicable": true
      },
      {
        "kernel": "onpair_shmem_4tpt_ldcs",
        "decode_ms": 1.279424,
        "decode_gib_s": 727.9233232758379,
        "decode_ns_iters": [
          1281248,
          1283520,
          1281792,
          1279424,
          1294368,
          1295136,
          1282016,
          1282144,
          1279520,
          1282560,
          1281408,
          1282144,
          1293920,
          1286720,
          1281216,
          1281632,
          1281664,
          1303040,
          1282336,
          1282528,
          1282368,
          1295680,
          1281888,
          1283392,
          1280288,
          1280832,
          1281696,
          1282656,
          1282560,
          1287520
        ],
        "applicable": true
      },
      {
        "kernel": "onpair_shmem_4tpt_lenbucket",
        "decode_ms": 0.0,
        "decode_gib_s": 0.0,
        "applicable": false,
        "reason": "length-bucket dict not built (set ONPAIR_DICT_REORDER=lenbucket)"
      },
      {
        "kernel": "onpair_shmem_4tpt_lenbucket_b128",
        "decode_ms": 0.0,
        "decode_gib_s": 0.0,
        "applicable": false,
        "reason": "length-bucket dict not built (set ONPAIR_DICT_REORDER=lenbucket)"
      },
      {
        "kernel": "onpair_shmem_4tpt_regcache",
        "decode_ms": 1.363712,
        "decode_gib_s": 682.9320046746421,
        "decode_ns_iters": [
          1364864,
          1364416,
          1364896,
          1363968,
          1379840,
          1363712,
          1363840,
          1365888,
          1364928,
          1386272,
          1372992,
          1376064,
          1372864,
          1390080,
          1373344,
          1371584,
          1370688,
          1373568,
          1375104,
          1371648,
          1370752,
          1371040,
          1375488,
          1372352,
          1370848,
          1370336,
          1374432,
          1372704,
          1369824,
          1373568
        ],
        "applicable": true
      },
      {
        "kernel": "onpair_shmem_4tpt_split4read",
        "decode_ms": 1.34368,
        "decode_gib_s": 693.1133677355216,
        "decode_ns_iters": [
          1345472,
          1345664,
          1345824,
          1346368,
          1347360,
          1347392,
          1346304,
          1347104,
          1346688,
          1346656,
          1359744,
          1346848,
          1361440,
          1363200,
          1349280,
          1346816,
          1343680,
          1347552,
          1345088,
          1359552,
          1360992,
          1346592,
          1345344,
          1357536,
          1346432,
          1359616,
          1360576,
          1346688,
          1345408,
          1348960
        ],
        "applicable": true
      },
      {
        "kernel": "onpair_shmem_4tpt_split4read_b128o12",
        "decode_ms": 1.203104,
        "decode_gib_s": 774.0998034740685,
        "decode_ns_iters": [
          1207584,
          1218880,
          1207232,
          1204864,
          1205152,
          1203104,
          1205280,
          1205248,
          1206592,
          1219392,
          1207648,
          1203808,
          1220416,
          1248864,
          1205536,
          1207040,
          1223328,
          1205728,
          1204608,
          1224480,
          1207648,
          1205888,
          1205024,
          1207840,
          1207136,
          1206464,
          1220992,
          1219072,
          1204384,
          1220480
        ],
        "applicable": true
      },
      {
        "kernel": "onpair_shmem_4tpt_cluster_dsmem",
        "decode_ms": 4.681792,
        "decode_gib_s": 198.92437980133798,
        "decode_ns_iters": [
          4713824,
          4684896,
          4713280,
          4683328,
          4693152,
          4706368,
          4698208,
          4703936,
          4683040,
          4703008,
          4703136,
          4681792,
          4706400,
          4692672,
          4699584,
          4699936,
          4692448,
          4709760,
          4728320,
          4686688,
          4699456,
          4709056,
          4693632,
          4706560,
          4694976,
          4699712,
          4689408,
          4702528,
          4699104,
          4688576
        ],
        "applicable": true
      },
      {
        "kernel": "onpair_shmem_8tpt",
        "decode_ms": 1.190048,
        "decode_gib_s": 782.5924416148472,
        "decode_ns_iters": [
          1195904,
          1195968,
          1194720,
          1225440,
          1195744,
          1194464,
          1195520,
          1194688,
          1196640,
          1196288,
          1197536,
          1190048,
          1210048,
          1198016,
          1194912,
          1196192,
          1213408,
          1195488,
          1198208,
          1195456,
          1197792,
          1194944,
          1197248,
          1190496,
          1197728,
          1196000,
          1207552,
          1194208,
          1196160,
          1191072
        ],
        "applicable": true
      },
      {
        "kernel": "onpair_shmem_8tpt_b128",
        "decode_ms": 1.193344,
        "decode_gib_s": 780.4309318678148,
        "decode_ns_iters": [
          1198880,
          1216576,
          1196352,
          1212640,
          1199520,
          1193344,
          1199616,
          1193984,
          1199648,
          1199424,
          1196800,
          1198240,
          1199360,
          1200704,
          1197312,
          1200672,
          1197920,
          1211712,
          1196384,
          1213536,
          1198784,
          1198912,
          1200864,
          1198944,
          1201728,
          1199680,
          1197280,
          1213952,
          1199616,
          1199264
        ],
        "applicable": true
      },
      {
        "kernel": "onpair_shmem_4tpt_vwidth",
        "decode_ms": 3.689696,
        "decode_gib_s": 252.41173526460327,
        "decode_ns_iters": [
          3699360,
          3701152,
          3696576,
          3706848,
          3699904,
          3712960,
          3698112,
          3696736,
          3704256,
          3698304,
          3692000,
          3690784,
          3699072,
          3692352,
          3697120,
          3697728,
          3691776,
          3691072,
          3698016,
          3702848,
          3691168,
          3691456,
          3703552,
          3690272,
          3690240,
          3691328,
          3689696,
          3702688,
          3692416,
          3691264
        ],
        "applicable": true
      },
      {
        "kernel": "onpair_shmem_4tpt_vwidth_b128",
        "decode_ms": 4.54496,
        "decode_gib_s": 204.9132599536334,
        "decode_ns_iters": [
          4548256,
          4547584,
          4566112,
          4549504,
          4567808,
          4547424,
          4549824,
          4548352,
          4549440,
          4564544,
          4545376,
          4547712,
          4563712,
          4547168,
          4554368,
          4548960,
          4548480,
          4544960,
          4548096,
          4545984,
          4548288,
          4548256,
          4547424,
          4547456,
          4545760,
          4547456,
          4548064,
          4545216,
          4561152,
          4547008
        ],
        "applicable": true
      },
      {
        "kernel": "onpair_shmem_4tpt_vwidth4",
        "decode_ms": 1.5128,
        "decode_gib_s": 615.6283513741841,
        "decode_ns_iters": [
          1513888,
          1515136,
          1516320,
          1515264,
          1516256,
          1520288,
          1516384,
          1513248,
          1515776,
          1515584,
          1516128,
          1514048,
          1516608,
          1528288,
          1513248,
          1515808,
          1529728,
          1516128,
          1516032,
          1515136,
          1516064,
          1516320,
          1516096,
          1512800,
          1514176,
          1526752,
          1516192,
          1515008,
          1515328,
          1514784
        ],
        "applicable": true
      },
      {
        "kernel": "onpair_shmem_4tpt_vwidth4_b128",
        "decode_ms": 1.137952,
        "decode_gib_s": 818.4199069546568,
        "decode_ns_iters": [
          1140704,
          1141536,
          1142976,
          1139872,
          1141664,
          1142208,
          1156032,
          1140608,
          1139776,
          1140064,
          1153632,
          1142240,
          1149920,
          1156544,
          1139520,
          1145216,
          1139584,
          1154944,
          1139040,
          1137952,
          1140000,
          1152896,
          1141984,
          1140224,
          1147424,
          1160576,
          1140640,
          1141888,
          1141824,
          1141632
        ],
        "applicable": true
      },
      {
        "kernel": "onpair_shmem_4tpt_shdict8",
        "decode_ms": 2.020192,
        "decode_gib_s": 461.0069587241537,
        "decode_ns_iters": [
          2022848,
          2026496,
          2041216,
          2035104,
          2032672,
          2034304,
          2024288,
          2025632,
          2028256,
          2035904,
          2022656,
          2022976,
          2025664,
          2026816,
          2025664,
          2021024,
          2022112,
          2028864,
          2029600,
          2023136,
          2032992,
          2021280,
          2028832,
          2026304,
          2022912,
          2025024,
          2020192,
          2022496,
          2022368,
          2040480
        ],
        "applicable": true
      },
      {
        "kernel": "onpair_shmem_4tpt_ablate",
        "decode_ms": 1.170144,
        "decode_gib_s": 795.9042391012265,
        "decode_ns_iters": [
          1176288,
          1172544,
          1172128,
          1172448,
          1185024,
          1171872,
          1187360,
          1173472,
          1171936,
          1172768,
          1170176,
          1172064,
          1171648,
          1172416,
          1171264,
          1184192,
          1173984,
          1172800,
          1172384,
          1170144,
          1177216,
          1170496,
          1182880,
          1172448,
          1170560,
          1170656,
          1170464,
          1171424,
          1183072,
          1172512
        ],
        "applicable": true
      },
      {
        "kernel": "onpair_shmem_4tpt_ablate_nogather",
        "decode_ms": 0.879424,
        "decode_gib_s": 1059.0142752061186,
        "decode_ns_iters": [
          895264,
          880672,
          881248,
          881152,
          881920,
          880256,
          880128,
          880544,
          880832,
          891584,
          881248,
          903552,
          882144,
          894624,
          880000,
          883904,
          881632,
          893888,
          880032,
          879424,
          880864,
          896704,
          881824,
          894176,
          882208,
          881344,
          881184,
          885984,
          896896,
          883072
        ],
        "applicable": true
      },
      {
        "kernel": "onpair_shmem_4tpt_ablate_noemit",
        "decode_ms": 0.401632,
        "decode_gib_s": 2318.8455351138996,
        "decode_ns_iters": [
          440800,
          441632,
          440032,
          439648,
          442592,
          411744,
          440832,
          441920,
          441632,
          440768,
          440640,
          441280,
          441504,
          441504,
          407264,
          409152,
          415840,
          401632,
          439840,
          440224,
          442720,
          442016,
          442784,
          439936,
          441536,
          440704,
          441312,
          442464,
          442048,
          443360
        ],
        "applicable": true
      },
      {
        "kernel": "onpair_shmem_4tpt_ablate_nodrain",
        "decode_ms": 1.055488,
        "decode_gib_s": 882.3620637646904,
        "decode_ns_iters": [
          1058784,
          1059296,
          1057728,
          1070816,
          1058112,
          1072544,
          1055488,
          1060800,
          1071808,
          1056224,
          1060608,
          1056416,
          1058048,
          1057504,
          1060672,
          1056576,
          1057568,
          1055904,
          1070208,
          1058624,
          1059456,
          1058176,
          1057504,
          1061888,
          1058336,
          1065024,
          1055872,
          1056320,
          1072000,
          1059488
        ],
        "applicable": true
      },
      {
        "kernel": "onpair_shmem_4tpt_ablate_noscan",
        "decode_ms": 0.758432,
        "decode_gib_s": 1227.9579052029262,
        "decode_ns_iters": [
          761760,
          760032,
          769120,
          759936,
          761344,
          760896,
          763712,
          764384,
          760192,
          765696,
          782112,
          768896,
          767008,
          767040,
          766496,
          767168,
          767200,
          781536,
          759008,
          758560,
          762144,
          759776,
          768576,
          762336,
          761600,
          759072,
          758688,
          761184,
          758432,
          760128
        ],
        "applicable": true
      },
      {
        "kernel": "onpair_shmem_4tpt_ablate_cfree",
        "decode_ms": 1.085152,
        "decode_gib_s": 858.2415827081052,
        "decode_ns_iters": [
          1088000,
          1088480,
          1111200,
          1091008,
          1086912,
          1088416,
          1087872,
          1088416,
          1086464,
          1098016,
          1087296,
          1088896,
          1089184,
          1088000,
          1089088,
          1093568,
          1085152,
          1092960,
          1103104,
          1087424,
          1089152,
          1088640,
          1089280,
          1095008,
          1088384,
          1086560,
          1095200,
          1094048,
          1089760,
          1094112
        ],
        "applicable": true
      },
      {
        "kernel": "onpair_shmem_s8",
        "decode_ms": 0.0,
        "decode_gib_s": 0.0,
        "applicable": false,
        "reason": "dictionary entry longer than 8 bytes"
      },
      {
        "kernel": "onpair_shmem_s8_2tpt",
        "decode_ms": 0.0,
        "decode_gib_s": 0.0,
        "applicable": false,
        "reason": "dictionary entry longer than 8 bytes"
      },
      {
        "kernel": "onpair_shmem_s8_4tpt",
        "decode_ms": 0.0,
        "decode_gib_s": 0.0,
        "applicable": false,
        "reason": "dictionary entry longer than 8 bytes"
      },
      {
        "kernel": "onpair_shmem_s8_8tpt",
        "decode_ms": 0.0,
        "decode_gib_s": 0.0,
        "applicable": false,
        "reason": "dictionary entry longer than 8 bytes"
      },
      {
        "kernel": "onpair_shmem_s4l1",
        "decode_ms": 0.0,
        "decode_gib_s": 0.0,
        "applicable": false,
        "reason": "dictionary entry longer than 4 bytes"
      },
      {
        "kernel": "onpair_shmem_s4l1_2tpt",
        "decode_ms": 0.0,
        "decode_gib_s": 0.0,
        "applicable": false,
        "reason": "dictionary entry longer than 4 bytes"
      },
      {
        "kernel": "onpair_shmem_s4l1_4tpt",
        "decode_ms": 0.0,
        "decode_gib_s": 0.0,
        "applicable": false,
        "reason": "dictionary entry longer than 4 bytes"
      },
      {
        "kernel": "onpair_shmem_s4l1_8tpt",
        "decode_ms": 0.0,
        "decode_gib_s": 0.0,
        "applicable": false,
        "reason": "dictionary entry longer than 4 bytes"
      },
      {
        "kernel": "onpair_shmem_s4l1_16tpt",
        "decode_ms": 0.0,
        "decode_gib_s": 0.0,
        "applicable": false,
        "reason": "dictionary entry longer than 4 bytes"
      },
      {
        "kernel": "onpair_shmem_s4l1_32tpt",
        "decode_ms": 0.0,
        "decode_gib_s": 0.0,
        "applicable": false,
        "reason": "dictionary entry longer than 4 bytes"
      },
      {
        "kernel": "onpair_shmem_const1",
        "decode_ms": 0.0,
        "decode_gib_s": 0.0,
        "applicable": false,
        "reason": "not every dictionary entry is exactly 1 byte"
      },
      {
        "kernel": "onpair_shmem_const2",
        "decode_ms": 0.0,
        "decode_gib_s": 0.0,
        "applicable": false,
        "reason": "not every dictionary entry is exactly 2 bytes"
      }
    ]
  }
}
==PROF== Disconnected from process 25871
==PROF== Report: /home/ubuntu/work/ncu_costsurface_clickbench_URL_b12.ncu-rep
