==PROF== Connected to process 28343 (/home/ubuntu/work/target/release/onpair-chunk-bench)
2026-07-06T03:38:43.028602Z  INFO vortex_cuda: vortex-cuda/src/lib.rs:111: Registering CUDA kernels
==WARNING== Unable to access the following 6 metrics: ctc__rx_bytes_data_user.sum, ctc__rx_bytes_data_user.sum.pct_of_peak_sustained_elapsed, ctc__rx_bytes_data_user.sum.per_second, ctc__tx_bytes_data_user.sum, ctc__tx_bytes_data_user.sum.pct_of_peak_sustained_elapsed, ctc__tx_bytes_data_user.sum.per_second.


==PROF== Profiling "onpair_shmem_4tpt_split8read": 0%....50%....100% - 40 passes
==PROF== Profiling "onpair_shmem_4tpt_split8read": 0%....50%....100% - 40 passes
==PROF== Profiling "onpair_shmem_4tpt_split8read": 0%....50%....100% - 40 passes
==PROF== Profiling "onpair_shmem_4tpt_split8read": 0%....50%....100% - 40 passes
==PROF== Profiling "onpair_shmem_4tpt_split8read": 0%....50%....100% - 40 passes
==PROF== Profiling "onpair_shmem_4tpt_split8read": 0%....50%....100% - 40 passes
==PROF== Profiling "onpair_shmem_4tpt_split8read": 0%....50%....100% - 40 passes
==PROF== Profiling "onpair_shmem_4tpt_split8read": 0%....50%....100% - 40 passes
==PROF== Profiling "onpair_shmem_4tpt_split8read": 0%....50%....100% - 40 passes
==PROF== Profiling "onpair_shmem_4tpt_split8read": 0%....50%....100% - 40 passes
==PROF== Profiling "onpair_shmem_4tpt_split8read": 0%....50%....100% - 40 passes
==PROF== Profiling "onpair_shmem_4tpt_split8read": 0%....50%....100% - 40 passes
==PROF== Profiling "onpair_shmem_4tpt_split8read": 0%....50%....100% - 40 passes
==PROF== Profiling "onpair_shmem_4tpt_split8read": 0%....50%....100% - 40 passes
==PROF== Profiling "onpair_shmem_4tpt_split8read": 0%....50%....100% - 40 passes
==PROF== Profiling "onpair_shmem_4tpt_split8read": 0%....50%....100% - 40 passes
{
  "files": [
    "/home/ubuntu/work/vortex-bench/data/onpair-bench/fineweb/text/bits12_chunk1000mb_thr0.20/part_0000.vortex"
  ],
  "column": "text",
  "rows": 324253,
  "in_memory_bytes": 442936029,
  "dict_bytes": 17564,
  "gpu": {
    "iterations": 30,
    "decoded_bytes": 999998604,
    "chunks": 1,
    "auto_kernel": "onpair_shmem_4tpt_split8read_b128o12",
    "frac_le8": 0.98530066,
    "dict_mean_len": 3.3957982,
    "dict_max_len": 13,
    "dict_entries_max": 4096,
    "small_dict": true,
    "distinct_codes": 4042,
    "access_top4096_frac": 1.0,
    "compressed_bytes": 588983978,
    "h2d_gib_s": 9.89743623344117,
    "whole_decompress_gib_s": 16.446253924832725,
    "best_kernel": "onpair_shmem_4tpt_split8read_b128o12",
    "auto_decode_ms": 1.206336,
    "best_decode_ms": 1.206336,
    "validated": false,
    "auto_decode_gib_s": 772.0247712819349,
    "best_decode_gib_s": 772.0247712819349,
    "kernels": [
      {
        "kernel": "onpair_shmem",
        "decode_ms": 2.275776,
        "decode_gib_s": 409.23240006448975,
        "decode_ns_iters": [
          2309280,
          2305024,
          2305536,
          2302656,
          2307840,
          2290816,
          2290784,
          2290144,
          2291296,
          2290688,
          2292512,
          2291360,
          2290176,
          2290336,
          2289536,
          2287936,
          2290816,
          2290272,
          2289920,
          2289280,
          2290784,
          2289120,
          2291488,
          2284192,
          2289728,
          2290496,
          2289376,
          2275776,
          2290400,
          2304064
        ],
        "applicable": true
      },
      {
        "kernel": "onpair_shmem_2tpt",
        "decode_ms": 1.599552,
        "decode_gib_s": 582.238823426287,
        "decode_ns_iters": [
          1611456,
          1610048,
          1624896,
          1609568,
          1613536,
          1611712,
          1628608,
          1610944,
          1628800,
          1612832,
          1627744,
          1599552,
          1611072,
          1613632,
          1627520,
          1615072,
          1601952,
          1627968,
          1610752,
          1611520,
          1612672,
          1627392,
          1610240,
          1623904,
          1611360,
          1627776,
          1612928,
          1625440,
          1613024,
          1611328
        ],
        "applicable": true
      },
      {
        "kernel": "onpair_shmem_4tpt",
        "decode_ms": 1.717376,
        "decode_gib_s": 542.2931696315567,
        "decode_ns_iters": [
          1728192,
          1717376,
          1741152,
          1726720,
          1740864,
          1740928,
          1728384,
          1726656,
          1728640,
          1741408,
          1739424,
          1744128,
          1738112,
          1727680,
          1741760,
          1728064,
          1744928,
          1727296,
          1727776,
          1727520,
          1726432,
          1727328,
          1728384,
          1728672,
          1727680,
          1738880,
          1727680,
          1741568,
          1728320,
          1728352
        ],
        "applicable": true
      },
      {
        "kernel": "onpair_shmem_4tpt_wpb8",
        "decode_ms": 1.616896,
        "decode_gib_s": 575.9933072313645,
        "decode_ns_iters": [
          1627648,
          1639392,
          1627392,
          1629216,
          1628576,
          1641408,
          1642432,
          1630528,
          1641312,
          1626272,
          1628960,
          1639168,
          1625760,
          1626688,
          1628704,
          1629024,
          1629312,
          1627136,
          1641312,
          1616896,
          1628928,
          1623872,
          1628544,
          1629920,
          1627168,
          1626400,
          1628992,
          1626848,
          1641472,
          1626688
        ],
        "applicable": true
      },
      {
        "kernel": "onpair_shmem_4tpt_wpb8_occ",
        "decode_ms": 1.53616,
        "decode_gib_s": 606.2658020578353,
        "decode_ns_iters": [
          1552672,
          1550048,
          1551392,
          1551776,
          1552480,
          1541248,
          1563232,
          1553184,
          1552992,
          1551648,
          1564704,
          1549792,
          1550528,
          1551520,
          1550272,
          1563264,
          1551680,
          1551072,
          1548960,
          1552224,
          1552032,
          1565280,
          1551424,
          1536160,
          1550816,
          1547616,
          1564704,
          1553152,
          1567328,
          1551616
        ],
        "applicable": true
      },
      {
        "kernel": "onpair_shmem_4tpt_b128",
        "decode_ms": 1.49488,
        "decode_gib_s": 623.0073815217036,
        "decode_ns_iters": [
          1508864,
          1521472,
          1508224,
          1507936,
          1510592,
          1510496,
          1510752,
          1508960,
          1508672,
          1510560,
          1508096,
          1526208,
          1510016,
          1509984,
          1494880,
          1510464,
          1510112,
          1527072,
          1498528,
          1510656,
          1509152,
          1510400,
          1510080,
          1507328,
          1508736,
          1517248,
          1510624,
          1508672,
          1509600,
          1524704
        ],
        "applicable": true
      },
      {
        "kernel": "onpair_shmem_4tpt_o6",
        "decode_ms": 1.487872,
        "decode_gib_s": 625.9417977414483,
        "decode_ns_iters": [
          1502560,
          1515808,
          1502496,
          1502848,
          1503168,
          1502944,
          1500448,
          1501280,
          1505056,
          1503008,
          1503904,
          1502464,
          1518976,
          1493088,
          1501504,
          1503456,
          1500608,
          1517504,
          1500864,
          1501120,
          1500704,
          1502016,
          1489120,
          1501728,
          1503840,
          1498720,
          1519520,
          1491552,
          1487872,
          1517504
        ],
        "applicable": true
      },
      {
        "kernel": "onpair_shmem_4tpt_b512o3",
        "decode_ms": 1.490144,
        "decode_gib_s": 624.987433757519,
        "decode_ns_iters": [
          1520288,
          1502528,
          1503360,
          1504320,
          1520992,
          1506304,
          1505504,
          1507840,
          1504576,
          1518784,
          1503552,
          1503712,
          1501984,
          1504416,
          1504448,
          1504416,
          1492864,
          1519200,
          1504128,
          1490144,
          1504576,
          1503872,
          1503936,
          1504928,
          1518048,
          1504416,
          1519616,
          1503584,
          1501440,
          1504192
        ],
        "applicable": true
      },
      {
        "kernel": "onpair_shmem_4tpt_b128o12",
        "decode_ms": 1.503872,
        "decode_gib_s": 619.2822756784915,
        "decode_ns_iters": [
          1504704,
          1505984,
          1506368,
          1507008,
          1526432,
          1505824,
          1506112,
          1505504,
          1520480,
          1505536,
          1505920,
          1506976,
          1505824,
          1507264,
          1505568,
          1506752,
          1522048,
          1506624,
          1505024,
          1504224,
          1506144,
          1519776,
          1506240,
          1503936,
          1506240,
          1519552,
          1506144,
          1519872,
          1506592,
          1503872
        ],
        "applicable": true
      },
      {
        "kernel": "onpair_shmem_4tpt_b64",
        "decode_ms": 1.5,
        "decode_gib_s": 620.8808496594429,
        "decode_ns_iters": [
          1512640,
          1500000,
          1526272,
          1511264,
          1527968,
          1513280,
          1514272,
          1512960,
          1511936,
          1511360,
          1512512,
          1513792,
          1512192,
          1511104,
          1512640,
          1514912,
          1512352,
          1527744,
          1512480,
          1526784,
          1513888,
          1511840,
          1526496,
          1528928,
          1500576,
          1511936,
          1526656,
          1511968,
          1525472,
          1512928
        ],
        "applicable": true
      },
      {
        "kernel": "onpair_shmem_4tpt_b64o24",
        "decode_ms": 1.507392,
        "decode_gib_s": 617.836153096981,
        "decode_ns_iters": [
          1512416,
          1510144,
          1524128,
          1511232,
          1525024,
          1509216,
          1510624,
          1508320,
          1511680,
          1526304,
          1507392,
          1511872,
          1509248,
          1512800,
          1527744,
          1509792,
          1511584,
          1512896,
          1511392,
          1510752,
          1514496,
          1528128,
          1511520,
          1509984,
          1524288,
          1509184,
          1526912,
          1509760,
          1508928,
          1511232
        ],
        "applicable": true
      },
      {
        "kernel": "onpair_shmem_4tpt_split8read_b128o12",
        "decode_ms": 1.206336,
        "decode_gib_s": 772.0247712819349,
        "decode_ns_iters": [
          1219584,
          1232320,
          1219744,
          1218816,
          1219904,
          1219520,
          1236800,
          1206336,
          1235392,
          1233344,
          1218784,
          1222272,
          1234400,
          1220864,
          1218176,
          1233632,
          1231008,
          1221536,
          1220960,
          1220864,
          1236640,
          1219328,
          1217920,
          1220160,
          1220160,
          1220800,
          1220736,
          1219360,
          1221152,
          1218176
        ],
        "applicable": true
      },
      {
        "kernel": "onpair_shmem_4tpt_split8read_occ",
        "decode_ms": 1.466368,
        "decode_gib_s": 635.1211118144726,
        "decode_ns_iters": [
          1479296,
          1479232,
          1466368,
          1495104,
          1481824,
          1480448,
          1494432,
          1480896,
          1481472,
          1479456,
          1483520,
          1495104,
          1479616,
          1481088,
          1481664,
          1481600,
          1482208,
          1481216,
          1496672,
          1481792,
          1494400,
          1481632,
          1482336,
          1480640,
          1480896,
          1467648,
          1494272,
          1482976,
          1494816,
          1483168
        ],
        "applicable": true
      },
      {
        "kernel": "onpair_shmem_4tpt_split8",
        "decode_ms": 1.56224,
        "decode_gib_s": 596.144814170143,
        "decode_ns_iters": [
          1668544,
          1672704,
          1656256,
          1658752,
          1658784,
          1658272,
          1671424,
          1657152,
          1656832,
          1658048,
          1659776,
          1634752,
          1612736,
          1646592,
          1610688,
          1570048,
          1565056,
          1566528,
          1582592,
          1562240,
          1570272,
          1568544,
          1579584,
          1570624,
          1594528,
          1580704,
          1564896,
          1570368,
          1572288,
          1571712
        ],
        "applicable": true
      },
      {
        "kernel": "onpair_shmem_4tpt_split8_wpb8",
        "decode_ms": 1.502848,
        "decode_gib_s": 619.7042378797885,
        "decode_ns_iters": [
          1509888,
          1509600,
          1507968,
          1509632,
          1510720,
          1507424,
          1510304,
          1507104,
          1509120,
          1502848,
          1509792,
          1509728,
          1509632,
          1508352,
          1508832,
          1505536,
          1519072,
          1510560,
          1507488,
          1508480,
          1510272,
          1508256,
          1510560,
          1509216,
          1509536,
          1503488,
          1544224,
          1541856,
          1542240,
          1547040
        ],
        "applicable": true
      },
      {
        "kernel": "onpair_shmem_4tpt_split8_wpb8_occ",
        "decode_ms": 1.469984,
        "decode_gib_s": 633.5587832855082,
        "decode_ns_iters": [
          1477472,
          1476672,
          1477120,
          1477888,
          1471488,
          1476640,
          1478624,
          1478912,
          1478688,
          1490464,
          1477280,
          1469984,
          1470944,
          1479328,
          1491328,
          1476544,
          1493088,
          1478048,
          1491456,
          1478272,
          1490464,
          1476928,
          1489344,
          1490976,
          1476960,
          1477248,
          1488864,
          1476768,
          1478336,
          1477280
        ],
        "applicable": true
      },
      {
        "kernel": "onpair_shmem_4tpt_pdict",
        "decode_ms": 2.046848,
        "decode_gib_s": 455.0026550526294,
        "decode_ns_iters": [
          2057760,
          2052928,
          2059296,
          2051200,
          2057088,
          2058976,
          2058176,
          2058464,
          2075360,
          2070816,
          2058496,
          2060736,
          2051744,
          2066432,
          2069504,
          2046848,
          2053568,
          2051936,
          2053728,
          2055104,
          2065888,
          2063808,
          2054688,
          2051904,
          2054688,
          2054688,
          2064640,
          2053088,
          2052896,
          2057504
        ],
        "applicable": true
      },
      {
        "kernel": "onpair_shmem_4tpt_vdict",
        "decode_ms": 2.555616,
        "decode_gib_s": 364.4214445711579,
        "decode_ns_iters": [
          2559008,
          2561632,
          2558624,
          2560672,
          2560288,
          2574400,
          2559520,
          2561152,
          2559168,
          2555616,
          2571904,
          2559776,
          2560960,
          2559200,
          2560928,
          2561440,
          2556576,
          2557184,
          2557280,
          2560640,
          2559488,
          2558368,
          2579840,
          2557088,
          2557440,
          2563680,
          2557888,
          2561952,
          2557984,
          2576576
        ],
        "applicable": true
      },
      {
        "kernel": "onpair_shmem_4tpt_split8read",
        "decode_ms": 1.555264,
        "decode_gib_s": 598.8187693466604,
        "decode_ns_iters": [
          3483161926,
          3523318768,
          3494887114,
          3498217821,
          3516999483,
          3496055126,
          3539977789,
          3508668661,
          3499505043,
          3512414694,
          3514498472,
          3514829159,
          3511537552,
          3520425558,
          1579648,
          1555456,
          1678080,
          1571104,
          1570848,
          1571584,
          1556896,
          1555904,
          1555648,
          1557344,
          1556448,
          1555264,
          1557120,
          1557024,
          1555552,
          1571488
        ],
        "applicable": true
      },
      {
        "kernel": "onpair_shmem_4tpt_ldcs",
        "decode_ms": 1.6728,
        "decode_gib_s": 556.743946968654,
        "decode_ns_iters": [
          1673248,
          1687744,
          1675168,
          1673184,
          1674848,
          1689280,
          1672800,
          1676096,
          1687840,
          1673760,
          1673696,
          1674912,
          1674976,
          1675680,
          1674176,
          1674144,
          1675072,
          1673984,
          1674272,
          1673984,
          1675648,
          1674496,
          1674208,
          1691008,
          1685440,
          1674944,
          1688512,
          1675744,
          1674848,
          1675136
        ],
        "applicable": true
      },
      {
        "kernel": "onpair_shmem_4tpt_lenbucket",
        "decode_ms": 0.0,
        "decode_gib_s": 0.0,
        "applicable": false,
        "reason": "length-bucket dict not built (set ONPAIR_DICT_REORDER=lenbucket)"
      },
      {
        "kernel": "onpair_shmem_4tpt_lenbucket_b128",
        "decode_ms": 0.0,
        "decode_gib_s": 0.0,
        "applicable": false,
        "reason": "length-bucket dict not built (set ONPAIR_DICT_REORDER=lenbucket)"
      },
      {
        "kernel": "onpair_shmem_4tpt_regcache",
        "decode_ms": 1.787232,
        "decode_gib_s": 521.0970229322015,
        "decode_ns_iters": [
          1787232,
          1790144,
          1789664,
          1789376,
          1804128,
          1789888,
          1804960,
          1789312,
          1789344,
          1788384,
          1790880,
          1791392,
          1788000,
          1788768,
          1789440,
          1790112,
          1788608,
          1802528,
          1789728,
          1788928,
          1798080,
          1799104,
          1800448,
          1798720,
          1799200,
          1798944,
          1796160,
          1806400,
          1798624,
          1799456
        ],
        "applicable": true
      },
      {
        "kernel": "onpair_shmem_4tpt_split4read",
        "decode_ms": 1.735008,
        "decode_gib_s": 536.7821211712939,
        "decode_ns_iters": [
          1758592,
          1773248,
          1765312,
          1757792,
          1765632,
          1735008,
          1738048,
          1769248,
          1764896,
          1763936,
          1758368,
          1762720,
          1762272,
          1778336,
          1765504,
          1760448,
          1763904,
          1769344,
          1760896,
          1762304,
          1759328,
          1764832,
          1764192,
          1760768,
          1762944,
          1763968,
          1763680,
          1757664,
          1758048,
          1766816
        ],
        "applicable": true
      },
      {
        "kernel": "onpair_shmem_4tpt_split4read_b128o12",
        "decode_ms": 1.490048,
        "decode_gib_s": 625.0277001070867,
        "decode_ns_iters": [
          1520512,
          1525504,
          1528096,
          1519232,
          1526112,
          1537984,
          1519168,
          1524832,
          1526464,
          1538304,
          1525792,
          1523456,
          1521760,
          1522976,
          1526496,
          1519520,
          1524544,
          1528992,
          1519648,
          1524672,
          1522272,
          1518560,
          1523712,
          1537216,
          1511104,
          1490048,
          1524896,
          1536576,
          1531680,
          1520960
        ],
        "applicable": true
      },
      {
        "kernel": "onpair_shmem_4tpt_cluster_dsmem",
        "decode_ms": 6.5904,
        "decode_gib_s": 141.31483286130802,
        "decode_ns_iters": [
          6609408,
          6590400,
          6612896,
          6629760,
          6638624,
          6628256,
          6620864,
          6611328,
          6620480,
          6627264,
          6595584,
          6636960,
          6620256,
          6627392,
          6629728,
          6632096,
          6596288,
          6608544,
          6631264,
          6612192,
          6598496,
          6631904,
          6613472,
          6603776,
          6630880,
          6616768,
          6606752,
          6600736,
          6652416,
          6609920
        ],
        "applicable": true
      },
      {
        "kernel": "onpair_shmem_8tpt",
        "decode_ms": 1.51536,
        "decode_gib_s": 614.5874739264361,
        "decode_ns_iters": [
          1521408,
          1520608,
          1516768,
          1528832,
          1530464,
          1537888,
          1528608,
          1519968,
          1521824,
          1515520,
          1518752,
          1522112,
          1522336,
          1534464,
          1517856,
          1521344,
          1522624,
          1515360,
          1521088,
          1519904,
          1533280,
          1517376,
          1517632,
          1521216,
          1532384,
          1517248,
          1526080,
          1537600,
          1516800,
          1520608
        ],
        "applicable": true
      },
      {
        "kernel": "onpair_shmem_8tpt_b128",
        "decode_ms": 1.515968,
        "decode_gib_s": 614.3409850928017,
        "decode_ns_iters": [
          1523200,
          1523648,
          1534016,
          1521632,
          1521760,
          1518016,
          1523072,
          1522304,
          1521472,
          1529536,
          1520928,
          1535936,
          1522240,
          1526624,
          1522176,
          1531840,
          1515968,
          1522816,
          1524096,
          1517792,
          1523328,
          1537408,
          1527808,
          1527328,
          1519264,
          1522560,
          1526016,
          1516800,
          1522528,
          1517440
        ],
        "applicable": true
      },
      {
        "kernel": "onpair_shmem_4tpt_vwidth",
        "decode_ms": 5.626432,
        "decode_gib_s": 165.5260873123792,
        "decode_ns_iters": [
          5631904,
          5630400,
          5631392,
          5626432,
          5633408,
          5632064,
          5632672,
          5631968,
          5632992,
          5632256,
          5633120,
          5626784,
          5630688,
          5633568,
          5634272,
          5630848,
          5632384,
          5632384,
          5630112,
          5627328,
          5647680,
          5635936,
          5630848,
          5635712,
          5628000,
          5647360,
          5634208,
          5627360,
          5636320,
          5631456
        ],
        "applicable": true
      },
      {
        "kernel": "onpair_shmem_4tpt_vwidth_b128",
        "decode_ms": 6.780896,
        "decode_gib_s": 137.34486924576993,
        "decode_ns_iters": [
          6780896,
          6781664,
          6802240,
          6788128,
          6782560,
          6785344,
          6797120,
          6783456,
          6783968,
          6781408,
          6789152,
          6787648,
          6799168,
          6785536,
          6786400,
          6783200,
          6797728,
          6785696,
          6788544,
          6792800,
          6796160,
          6787392,
          6786944,
          6784608,
          6795360,
          6790880,
          6785120,
          6787872,
          6787296,
          6782528
        ],
        "applicable": true
      },
      {
        "kernel": "onpair_shmem_4tpt_vwidth4",
        "decode_ms": 1.892704,
        "decode_gib_s": 492.05859684829977,
        "decode_ns_iters": [
          1936992,
          1917408,
          1924416,
          1923200,
          1937184,
          1920960,
          1921408,
          1924512,
          1940544,
          1920000,
          1924416,
          1925504,
          1892704,
          1924640,
          1939232,
          1919968,
          1922976,
          1924064,
          1929792,
          1922464,
          1925824,
          1923744,
          1926144,
          1918048,
          1925088,
          1927072,
          1916640,
          1922016,
          1938080,
          1919584
        ],
        "applicable": true
      },
      {
        "kernel": "onpair_shmem_4tpt_vwidth4_b128",
        "decode_ms": 1.396512,
        "decode_gib_s": 666.8909930520929,
        "decode_ns_iters": [
          1399712,
          1403584,
          1402624,
          1402688,
          1404192,
          1424992,
          1399936,
          1401504,
          1404448,
          1402240,
          1396512,
          1398112,
          1402560,
          1404416,
          1397664,
          1401920,
          1402816,
          1401760,
          1400640,
          1402112,
          1399552,
          1398976,
          1404224,
          1404768,
          1403328,
          1405472,
          1399968,
          1401248,
          1403552,
          1399232
        ],
        "applicable": true
      },
      {
        "kernel": "onpair_shmem_4tpt_shdict8",
        "decode_ms": 2.671648,
        "decode_gib_s": 348.59430377398684,
        "decode_ns_iters": [
          2705984,
          2673440,
          2674304,
          2677280,
          2674944,
          2675360,
          2676480,
          2683712,
          2683744,
          2678368,
          2674752,
          2684032,
          2675424,
          2680160,
          2684352,
          2686592,
          2688224,
          2684992,
          2680704,
          2679360,
          2675744,
          2679872,
          2682336,
          2672704,
          2684288,
          2677440,
          2681632,
          2671648,
          2681856,
          2682592
        ],
        "applicable": true
      },
      {
        "kernel": "onpair_shmem_4tpt_ablate",
        "decode_ms": 1.435104,
        "decode_gib_s": 648.9573400179809,
        "decode_ns_iters": [
          1463488,
          1459616,
          1435104,
          1462080,
          1472256,
          1465120,
          1466528,
          1462432,
          1464832,
          1467296,
          1466240,
          1475776,
          1462944,
          1466304,
          1468352,
          1465440,
          1467200,
          1465280,
          1465824,
          1460864,
          1463680,
          1464928,
          1480992,
          1463392,
          1461792,
          1473248,
          1464416,
          1478816,
          1466304,
          1469472
        ],
        "applicable": true
      },
      {
        "kernel": "onpair_shmem_4tpt_ablate_nogather",
        "decode_ms": 1.073504,
        "decode_gib_s": 867.5526821410673,
        "decode_ns_iters": [
          1073504,
          1074176,
          1079584,
          1081920,
          1074912,
          1078240,
          1082816,
          1077120,
          1079712,
          1090656,
          1087136,
          1078976,
          1079456,
          1079904,
          1099328,
          1077760,
          1079264,
          1075104,
          1096640,
          1080928,
          1075648,
          1078176,
          1080896,
          1079552,
          1082688,
          1074080,
          1080384,
          1080256,
          1080096,
          1079680
        ],
        "applicable": true
      },
      {
        "kernel": "onpair_shmem_4tpt_ablate_noemit",
        "decode_ms": 0.526208,
        "decode_gib_s": 1769.872891497591,
        "decode_ns_iters": [
          548640,
          537824,
          539360,
          533952,
          533024,
          530368,
          528544,
          527616,
          526208,
          530528,
          587808,
          579552,
          577888,
          576576,
          570304,
          543264,
          531936,
          534656,
          583744,
          575840,
          581312,
          570016,
          599872,
          577664,
          571872,
          575936,
          544512,
          541696,
          529536,
          541568
        ],
        "applicable": true
      },
      {
        "kernel": "onpair_shmem_4tpt_ablate_nodrain",
        "decode_ms": 1.347104,
        "decode_gib_s": 691.3506859820507,
        "decode_ns_iters": [
          1347872,
          1355136,
          1364960,
          1347104,
          1363296,
          1350592,
          1349472,
          1366848,
          1350016,
          1349696,
          1363328,
          1370720,
          1350720,
          1367488,
          1367808,
          1354400,
          1367712,
          1347392,
          1354336,
          1354048,
          1348448,
          1356928,
          1358624,
          1354464,
          1355232,
          1353664,
          1357888,
          1351552,
          1353248,
          1362752
        ],
        "applicable": true
      },
      {
        "kernel": "onpair_shmem_4tpt_ablate_noscan",
        "decode_ms": 1.022976,
        "decode_gib_s": 910.4038359542787,
        "decode_ns_iters": [
          1054656,
          1059584,
          1060800,
          1057056,
          1061696,
          1054048,
          1057728,
          1072256,
          1068544,
          1060160,
          1054240,
          1058048,
          1074560,
          1061184,
          1060352,
          1055360,
          1026528,
          1022976,
          1073344,
          1071520,
          1059776,
          1055552,
          1054272,
          1061056,
          1069664,
          1061152,
          1055680,
          1058656,
          1058400,
          1060224
        ],
        "applicable": true
      },
      {
        "kernel": "onpair_shmem_4tpt_ablate_cfree",
        "decode_ms": 1.446816,
        "decode_gib_s": 643.7040193702339,
        "decode_ns_iters": [
          1452000,
          1455072,
          1452896,
          1448704,
          1447776,
          1468128,
          1451744,
          1471328,
          1447712,
          1450592,
          1464128,
          1451104,
          1446816,
          1452032,
          1463040,
          1454080,
          1453344,
          1447072,
          1452800,
          1446880,
          1465536,
          1454176,
          1452928,
          1464960,
          1446880,
          1452000,
          1452448,
          1462944,
          1454080,
          1468704
        ],
        "applicable": true
      },
      {
        "kernel": "onpair_shmem_s8",
        "decode_ms": 0.0,
        "decode_gib_s": 0.0,
        "applicable": false,
        "reason": "dictionary entry longer than 8 bytes"
      },
      {
        "kernel": "onpair_shmem_s8_2tpt",
        "decode_ms": 0.0,
        "decode_gib_s": 0.0,
        "applicable": false,
        "reason": "dictionary entry longer than 8 bytes"
      },
      {
        "kernel": "onpair_shmem_s8_4tpt",
        "decode_ms": 0.0,
        "decode_gib_s": 0.0,
        "applicable": false,
        "reason": "dictionary entry longer than 8 bytes"
      },
      {
        "kernel": "onpair_shmem_s8_8tpt",
        "decode_ms": 0.0,
        "decode_gib_s": 0.0,
        "applicable": false,
        "reason": "dictionary entry longer than 8 bytes"
      },
      {
        "kernel": "onpair_shmem_s4l1",
        "decode_ms": 0.0,
        "decode_gib_s": 0.0,
        "applicable": false,
        "reason": "dictionary entry longer than 4 bytes"
      },
      {
        "kernel": "onpair_shmem_s4l1_2tpt",
        "decode_ms": 0.0,
        "decode_gib_s": 0.0,
        "applicable": false,
        "reason": "dictionary entry longer than 4 bytes"
      },
      {
        "kernel": "onpair_shmem_s4l1_4tpt",
        "decode_ms": 0.0,
        "decode_gib_s": 0.0,
        "applicable": false,
        "reason": "dictionary entry longer than 4 bytes"
      },
      {
        "kernel": "onpair_shmem_s4l1_8tpt",
        "decode_ms": 0.0,
        "decode_gib_s": 0.0,
        "applicable": false,
        "reason": "dictionary entry longer than 4 bytes"
      },
      {
        "kernel": "onpair_shmem_s4l1_16tpt",
        "decode_ms": 0.0,
        "decode_gib_s": 0.0,
        "applicable": false,
        "reason": "dictionary entry longer than 4 bytes"
      },
      {
        "kernel": "onpair_shmem_s4l1_32tpt",
        "decode_ms": 0.0,
        "decode_gib_s": 0.0,
        "applicable": false,
        "reason": "dictionary entry longer than 4 bytes"
      },
      {
        "kernel": "onpair_shmem_const1",
        "decode_ms": 0.0,
        "decode_gib_s": 0.0,
        "applicable": false,
        "reason": "not every dictionary entry is exactly 1 byte"
      },
      {
        "kernel": "onpair_shmem_const2",
        "decode_ms": 0.0,
        "decode_gib_s": 0.0,
        "applicable": false,
        "reason": "not every dictionary entry is exactly 2 bytes"
      }
    ]
  }
}
==PROF== Disconnected from process 28343
==PROF== Report: /home/ubuntu/work/ncu_costsurface_fineweb_text_b12.ncu-rep
