==PROF== Connected to process 16012 (/home/ubuntu/work/target/release/onpair-chunk-bench)
2026-07-06T03:21:10.051413Z  INFO vortex_cuda: vortex-cuda/src/lib.rs:111: Registering CUDA kernels
==WARNING== Unable to access the following 6 metrics: ctc__rx_bytes_data_user.sum, ctc__rx_bytes_data_user.sum.pct_of_peak_sustained_elapsed, ctc__rx_bytes_data_user.sum.per_second, ctc__tx_bytes_data_user.sum, ctc__tx_bytes_data_user.sum.pct_of_peak_sustained_elapsed, ctc__tx_bytes_data_user.sum.per_second.


==PROF== Profiling "onpair_shmem_4tpt": 0%....50%....100% - 40 passes
==PROF== Profiling "onpair_shmem_4tpt": 0%....50%....100% - 40 passes
==PROF== Profiling "onpair_shmem_4tpt": 0%....50%....100% - 40 passes
==PROF== Profiling "onpair_shmem_4tpt": 0%....50%....100% - 40 passes
==PROF== Profiling "onpair_shmem_4tpt": 0%....50%....100% - 40 passes
==PROF== Profiling "onpair_shmem_4tpt": 0%....50%....100% - 40 passes
==PROF== Profiling "onpair_shmem_4tpt": 0%....50%....100% - 40 passes
==PROF== Profiling "onpair_shmem_4tpt": 0%....50%....100% - 40 passes
==PROF== Profiling "onpair_shmem_4tpt": 0%....50%....100% - 40 passes
==PROF== Profiling "onpair_shmem_4tpt": 0%....50%....100% - 40 passes
==PROF== Profiling "onpair_shmem_4tpt": 0%....50%....100% - 40 passes
==PROF== Profiling "onpair_shmem_4tpt": 0%....50%....100% - 40 passes
==PROF== Profiling "onpair_shmem_4tpt": 0%....50%....100% - 40 passes
==PROF== Profiling "onpair_shmem_4tpt": 0%....50%....100% - 40 passes
==PROF== Profiling "onpair_shmem_4tpt": 0%....50%....100% - 40 passes
==PROF== Profiling "onpair_shmem_4tpt": 0%....50%....100% - 40 passes
{
  "files": [
    "/home/ubuntu/work/vortex-bench/data/onpair-bench/tpch-sf10/l_comment/bits12_chunk10mb_thr0.20/part_0000.vortex"
  ],
  "column": "l_comment",
  "rows": 1886817,
  "in_memory_bytes": 12325779,
  "dict_bytes": 161525,
  "gpu": {
    "iterations": 30,
    "decoded_bytes": 49999995,
    "chunks": 5,
    "auto_kernel": "onpair_shmem_4tpt_b128o12",
    "frac_le8": 0.58645266,
    "dict_mean_len": 7.6242714,
    "dict_max_len": 16,
    "dict_entries_max": 4061,
    "small_dict": true,
    "distinct_codes": 3826,
    "access_top4096_frac": 1.0,
    "compressed_bytes": 13298034,
    "h2d_gib_s": 10.488848078412614,
    "whole_decompress_gib_s": 32.26259920020373,
    "best_kernel": "onpair_shmem_4tpt",
    "auto_decode_ms": 0.262592,
    "best_decode_ms": 0.253856,
    "validated": false,
    "auto_decode_gib_s": 177.33260752102524,
    "best_decode_gib_s": 183.43519189682755,
    "kernels": [
      {
        "kernel": "onpair_shmem",
        "decode_ms": 0.255776,
        "decode_gib_s": 182.0582231099128,
        "decode_ns_iters": [
          273440,
          255776,
          257824,
          283360,
          275616,
          306144,
          272768,
          271360,
          273280,
          266240,
          276640,
          266336,
          272512,
          263456,
          256384,
          261824,
          272672,
          258944,
          270368,
          262240,
          267616,
          261248,
          282240,
          273120,
          277504,
          271040,
          259264,
          268224,
          259936,
          277792
        ],
        "applicable": true
      },
      {
        "kernel": "onpair_shmem_2tpt",
        "decode_ms": 0.260032,
        "decode_gib_s": 179.0784367853228,
        "decode_ns_iters": [
          268800,
          276512,
          275840,
          278368,
          267392,
          279840,
          273792,
          272352,
          270048,
          277504,
          279840,
          264352,
          291968,
          281696,
          270112,
          274400,
          276032,
          275648,
          270464,
          277568,
          260032,
          265376,
          275136,
          264896,
          279680,
          264736,
          270048,
          267712,
          293184,
          288000
        ],
        "applicable": true
      },
      {
        "kernel": "onpair_shmem_4tpt",
        "decode_ms": 0.253856,
        "decode_gib_s": 183.43519189682755,
        "decode_ns_iters": [
          12972483635,
          2600850259,
          270656,
          262272,
          267424,
          253856,
          267232,
          271264,
          268352,
          270176,
          264256,
          267392,
          259296,
          270880,
          268160,
          259808,
          268448,
          257856,
          265952,
          260544,
          265280,
          258336,
          277440,
          260384,
          266976,
          257664,
          260160,
          259072,
          264992,
          272992
        ],
        "applicable": true
      },
      {
        "kernel": "onpair_shmem_4tpt_wpb8",
        "decode_ms": 0.260864,
        "decode_gib_s": 178.50728377300453,
        "decode_ns_iters": [
          266528,
          276832,
          264992,
          271840,
          278912,
          274144,
          263360,
          271136,
          269376,
          277088,
          279680,
          268608,
          274496,
          260864,
          270336,
          267488,
          265568,
          267424,
          265152,
          272288,
          292704,
          276032,
          262432,
          276192,
          266592,
          264160,
          272384,
          264864,
          271520,
          271136
        ],
        "applicable": true
      },
      {
        "kernel": "onpair_shmem_4tpt_wpb8_occ",
        "decode_ms": 0.26064,
        "decode_gib_s": 178.66069703100467,
        "decode_ns_iters": [
          273696,
          265792,
          279616,
          264032,
          271264,
          271840,
          276608,
          265888,
          270656,
          263744,
          271072,
          262368,
          264736,
          276000,
          265312,
          266720,
          267648,
          264384,
          275424,
          275680,
          274624,
          260640,
          271040,
          265984,
          274048,
          270912,
          263872,
          270464,
          268000,
          275008
        ],
        "applicable": true
      },
      {
        "kernel": "onpair_shmem_4tpt_b128",
        "decode_ms": 0.270144,
        "decode_gib_s": 172.37519276445545,
        "decode_ns_iters": [
          292384,
          283776,
          270144,
          284096,
          276256,
          282144,
          270208,
          277600,
          283712,
          284416,
          271328,
          274400,
          270336,
          278560,
          270976,
          278464,
          276416,
          277792,
          275104,
          276992,
          281600,
          272576,
          271008,
          281024,
          270624,
          272832,
          286944,
          275040,
          276224,
          274368
        ],
        "applicable": true
      },
      {
        "kernel": "onpair_shmem_4tpt_o6",
        "decode_ms": 0.262848,
        "decode_gib_s": 177.15989497413352,
        "decode_ns_iters": [
          270048,
          269536,
          272416,
          263808,
          279744,
          271520,
          269856,
          264512,
          271648,
          262848,
          272064,
          269856,
          268064,
          272288,
          275520,
          269280,
          268544,
          277792,
          282144,
          270496,
          270048,
          274496,
          268928,
          276832,
          280800,
          280256,
          269312,
          270848,
          276288,
          268192
        ],
        "applicable": true
      },
      {
        "kernel": "onpair_shmem_4tpt_b512o3",
        "decode_ms": 0.266784,
        "decode_gib_s": 174.54616496551913,
        "decode_ns_iters": [
          278016,
          271360,
          279296,
          269600,
          272672,
          270208,
          273984,
          297728,
          271904,
          269088,
          278304,
          273952,
          272288,
          272256,
          273888,
          266784,
          279136,
          282336,
          274816,
          300608,
          274272,
          268704,
          269344,
          267904,
          279392,
          268352,
          281312,
          268896,
          271712,
          274944
        ],
        "applicable": true
      },
      {
        "kernel": "onpair_shmem_4tpt_b128o12",
        "decode_ms": 0.262592,
        "decode_gib_s": 177.33260752102524,
        "decode_ns_iters": [
          276256,
          264960,
          268896,
          263424,
          264000,
          262592,
          263296,
          266368,
          272864,
          278368,
          276160,
          271520,
          264640,
          288416,
          263136,
          263488,
          270048,
          273088,
          286592,
          269120,
          279392,
          266944,
          278976,
          273600,
          271072,
          266752,
          272320,
          276320,
          265056,
          273728
        ],
        "applicable": true
      },
      {
        "kernel": "onpair_shmem_4tpt_b64",
        "decode_ms": 0.264608,
        "decode_gib_s": 175.98154278843063,
        "decode_ns_iters": [
          270368,
          276608,
          271648,
          266624,
          274752,
          270816,
          267168,
          269632,
          273728,
          266112,
          268640,
          282688,
          268000,
          265152,
          276064,
          272064,
          269440,
          269440,
          271296,
          264608,
          272576,
          267584,
          274368,
          268608,
          295424,
          277280,
          271488,
          277792,
          271040,
          270464
        ],
        "applicable": true
      },
      {
        "kernel": "onpair_shmem_4tpt_b64o24",
        "decode_ms": 0.262528,
        "decode_gib_s": 177.37583828833897,
        "decode_ns_iters": [
          276832,
          268896,
          270176,
          281824,
          265344,
          273984,
          273568,
          279200,
          265600,
          279264,
          276352,
          267456,
          275712,
          288192,
          273792,
          266656,
          271392,
          272960,
          266432,
          273408,
          266784,
          273952,
          262528,
          276992,
          265184,
          268160,
          283264,
          271104,
          283104,
          267968
        ],
        "applicable": true
      },
      {
        "kernel": "onpair_shmem_4tpt_split8read_b128o12",
        "decode_ms": 0.262016,
        "decode_gib_s": 177.72244471391463,
        "decode_ns_iters": [
          287840,
          267456,
          265984,
          273568,
          283872,
          265504,
          262624,
          267712,
          271488,
          272416,
          272928,
          268864,
          266304,
          271968,
          274304,
          265248,
          268576,
          272640,
          274208,
          272416,
          266304,
          268768,
          273536,
          277952,
          265792,
          262016,
          264704,
          273920,
          266464,
          268128
        ],
        "applicable": true
      },
      {
        "kernel": "onpair_shmem_4tpt_split8read_occ",
        "decode_ms": 0.258368,
        "decode_gib_s": 180.23177821619186,
        "decode_ns_iters": [
          269248,
          266400,
          275392,
          273248,
          267392,
          268800,
          268288,
          275104,
          276704,
          266688,
          266240,
          276416,
          270112,
          266400,
          266144,
          272480,
          272096,
          277344,
          264416,
          263424,
          273504,
          273248,
          269920,
          263680,
          258816,
          284736,
          258368,
          261888,
          261664,
          265536
        ],
        "applicable": true
      },
      {
        "kernel": "onpair_shmem_4tpt_split8",
        "decode_ms": 0.26464,
        "decode_gib_s": 175.96026327902456,
        "decode_ns_iters": [
          275040,
          288032,
          265600,
          266624,
          275488,
          267776,
          273600,
          268128,
          277376,
          266688,
          276032,
          265152,
          275200,
          268960,
          267136,
          274400,
          268992,
          277536,
          274528,
          270912,
          270080,
          286848,
          266560,
          271904,
          278816,
          277152,
          270144,
          268480,
          272128,
          264640
        ],
        "applicable": true
      },
      {
        "kernel": "onpair_shmem_4tpt_split8_wpb8",
        "decode_ms": 0.264288,
        "decode_gib_s": 176.19462130010083,
        "decode_ns_iters": [
          267904,
          267872,
          275552,
          273216,
          267904,
          275424,
          270656,
          264288,
          302656,
          274720,
          270720,
          266016,
          272608,
          278176,
          267296,
          268384,
          280480,
          271968,
          266912,
          272160,
          264544,
          283616,
          283520,
          272672,
          265792,
          269472,
          271520,
          267328,
          272352,
          271488
        ],
        "applicable": true
      },
      {
        "kernel": "onpair_shmem_4tpt_split8_wpb8_occ",
        "decode_ms": 0.265184,
        "decode_gib_s": 175.59929737148946,
        "decode_ns_iters": [
          272096,
          272864,
          270816,
          265184,
          294880,
          271936,
          266880,
          271584,
          275072,
          273120,
          267136,
          276832,
          265376,
          275680,
          270624,
          293728,
          275264,
          266720,
          275008,
          272640,
          267744,
          275104,
          272832,
          275200,
          270464,
          273056,
          270560,
          271456,
          270112,
          273824
        ],
        "applicable": true
      },
      {
        "kernel": "onpair_shmem_4tpt_pdict",
        "decode_ms": 0.285408,
        "decode_gib_s": 163.15633785374288,
        "decode_ns_iters": [
          287872,
          306048,
          288832,
          285408,
          311424,
          287488,
          293216,
          307840,
          296416,
          301760,
          304672,
          288864,
          289024,
          304000,
          286048,
          300864,
          307552,
          291456,
          299648,
          315456,
          293184,
          299264,
          309024,
          287072,
          292928,
          306272,
          287584,
          291840,
          297856,
          290368
        ],
        "applicable": true
      },
      {
        "kernel": "onpair_shmem_4tpt_vdict",
        "decode_ms": 0.30144,
        "decode_gib_s": 154.47891478954702,
        "decode_ns_iters": [
          310080,
          311648,
          315520,
          308224,
          305344,
          311296,
          314592,
          307200,
          301664,
          306752,
          307840,
          303648,
          302784,
          305472,
          305184,
          307328,
          307552,
          306432,
          306912,
          301440,
          304800,
          304640,
          305664,
          311584,
          304832,
          304992,
          308288,
          303136,
          307872,
          303168
        ],
        "applicable": true
      },
      {
        "kernel": "onpair_shmem_4tpt_split8read",
        "decode_ms": 0.261888,
        "decode_gib_s": 177.80930807887742,
        "decode_ns_iters": [
          268224,
          268032,
          273792,
          266016,
          264544,
          265536,
          272448,
          270336,
          268736,
          266784,
          268928,
          274560,
          272224,
          261888,
          274976,
          275040,
          272960,
          274400,
          278464,
          267264,
          268960,
          272224,
          272384,
          270560,
          265824,
          268832,
          274080,
          268672,
          265504,
          268352
        ],
        "applicable": true
      },
      {
        "kernel": "onpair_shmem_4tpt_ldcs",
        "decode_ms": 0.26128,
        "decode_gib_s": 178.22307131874254,
        "decode_ns_iters": [
          271488,
          288224,
          269472,
          268128,
          271392,
          265280,
          274208,
          266912,
          276128,
          262656,
          274080,
          261280,
          269152,
          276768,
          262208,
          280160,
          271936,
          272384,
          266784,
          273216,
          265664,
          268640,
          273952,
          262720,
          279616,
          273952,
          272128,
          266464,
          272640,
          263904
        ],
        "applicable": true
      },
      {
        "kernel": "onpair_shmem_4tpt_lenbucket",
        "decode_ms": 0.0,
        "decode_gib_s": 0.0,
        "applicable": false,
        "reason": "length-bucket dict not built (set ONPAIR_DICT_REORDER=lenbucket)"
      },
      {
        "kernel": "onpair_shmem_4tpt_lenbucket_b128",
        "decode_ms": 0.0,
        "decode_gib_s": 0.0,
        "applicable": false,
        "reason": "length-bucket dict not built (set ONPAIR_DICT_REORDER=lenbucket)"
      },
      {
        "kernel": "onpair_shmem_4tpt_regcache",
        "decode_ms": 0.261632,
        "decode_gib_s": 177.98328978932645,
        "decode_ns_iters": [
          271424,
          264608,
          272896,
          283264,
          268704,
          263744,
          267648,
          262304,
          268512,
          271616,
          263392,
          265056,
          264352,
          264352,
          272000,
          267584,
          271968,
          267968,
          269664,
          267264,
          269856,
          262720,
          264992,
          261632,
          267424,
          271584,
          262080,
          270624,
          286272,
          267776
        ],
        "applicable": true
      },
      {
        "kernel": "onpair_shmem_4tpt_split4read",
        "decode_ms": 0.266208,
        "decode_gib_s": 174.92383427305361,
        "decode_ns_iters": [
          267328,
          274368,
          266208,
          280352,
          281952,
          273248,
          275040,
          282208,
          284160,
          278080,
          276000,
          283328,
          278560,
          279776,
          283872,
          283200,
          276512,
          273280,
          281408,
          279520,
          278976,
          274304,
          291360,
          285568,
          274560,
          281120,
          281728,
          283232,
          276480,
          273792
        ],
        "applicable": true
      },
      {
        "kernel": "onpair_shmem_4tpt_split4read_b128o12",
        "decode_ms": 0.264128,
        "decode_gib_s": 176.30135416980048,
        "decode_ns_iters": [
          272832,
          279072,
          276416,
          269664,
          276416,
          274848,
          272320,
          286592,
          273344,
          288480,
          268832,
          275968,
          269984,
          276864,
          276896,
          272320,
          277344,
          277376,
          288448,
          268736,
          267072,
          278208,
          274400,
          269888,
          268224,
          268448,
          279264,
          270272,
          264128,
          276768
        ],
        "applicable": true
      },
      {
        "kernel": "onpair_shmem_4tpt_cluster_dsmem",
        "decode_ms": 0.371328,
        "decode_gib_s": 125.40428966886702,
        "decode_ns_iters": [
          504576,
          422272,
          468256,
          516416,
          433536,
          458624,
          487424,
          506848,
          450304,
          383840,
          389216,
          379008,
          373568,
          377856,
          373248,
          379616,
          379616,
          372768,
          381376,
          379872,
          374688,
          375552,
          379200,
          372544,
          391104,
          376992,
          380864,
          382592,
          381664,
          371328
        ],
        "applicable": true
      },
      {
        "kernel": "onpair_shmem_8tpt",
        "decode_ms": 0.259392,
        "decode_gib_s": 179.5202784748992,
        "decode_ns_iters": [
          260800,
          269280,
          264832,
          263744,
          274048,
          265824,
          273504,
          272320,
          264256,
          267296,
          275264,
          261408,
          269344,
          272192,
          261344,
          268096,
          270240,
          263808,
          271616,
          264224,
          271232,
          264416,
          274464,
          264288,
          271488,
          262592,
          269216,
          259392,
          263136,
          272224
        ],
        "applicable": true
      },
      {
        "kernel": "onpair_shmem_8tpt_b128",
        "decode_ms": 0.25648,
        "decode_gib_s": 181.55849997723428,
        "decode_ns_iters": [
          291648,
          267136,
          256480,
          260864,
          267424,
          272800,
          266656,
          271552,
          270752,
          271488,
          269440,
          273056,
          262688,
          266336,
          271616,
          270016,
          267872,
          272992,
          273760,
          264608,
          269152,
          272704,
          260704,
          264832,
          270976,
          265920,
          271392,
          263200,
          276128,
          263008
        ],
        "applicable": true
      },
      {
        "kernel": "onpair_shmem_4tpt_vwidth",
        "decode_ms": 0.384064,
        "decode_gib_s": 121.24574048638,
        "decode_ns_iters": [
          384064,
          388416,
          388000,
          402080,
          391264,
          397216,
          398400,
          388992,
          390944,
          392704,
          395584,
          390272,
          389952,
          391744,
          391680,
          391008,
          392992,
          391232,
          390496,
          389600,
          399200,
          390464,
          393888,
          388160,
          391072,
          394496,
          390240,
          391904,
          388768,
          391808
        ],
        "applicable": true
      },
      {
        "kernel": "onpair_shmem_4tpt_vwidth_b128",
        "decode_ms": 0.408448,
        "decode_gib_s": 114.00747236896999,
        "decode_ns_iters": [
          411840,
          417888,
          410336,
          411872,
          415360,
          409696,
          422176,
          421024,
          417280,
          417312,
          412416,
          411648,
          422592,
          419264,
          408448,
          413504,
          414656,
          415776,
          421248,
          417600,
          416928,
          415968,
          410496,
          410144,
          411040,
          420864,
          420352,
          413216,
          411488,
          411328
        ],
        "applicable": true
      },
      {
        "kernel": "onpair_shmem_4tpt_vwidth4",
        "decode_ms": 0.271936,
        "decode_gib_s": 171.23927716139477,
        "decode_ns_iters": [
          283776,
          271936,
          281792,
          273856,
          281888,
          276352,
          274688,
          279936,
          272416,
          283136,
          272128,
          281536,
          272576,
          278144,
          276096,
          289760,
          275328,
          276224,
          277376,
          278144,
          276512,
          277440,
          272544,
          280544,
          276896,
          292064,
          274016,
          283168,
          275744,
          294208
        ],
        "applicable": true
      },
      {
        "kernel": "onpair_shmem_4tpt_vwidth4_b128",
        "decode_ms": 0.261952,
        "decode_gib_s": 177.765865785186,
        "decode_ns_iters": [
          264640,
          273024,
          267232,
          291904,
          263808,
          275328,
          265344,
          269024,
          261952,
          268928,
          269664,
          268640,
          276768,
          262976,
          267136,
          266304,
          272192,
          271552,
          263936,
          278304,
          265472,
          284512,
          265664,
          271712,
          265728,
          266240,
          276672,
          269888,
          268928,
          276096
        ],
        "applicable": true
      },
      {
        "kernel": "onpair_shmem_4tpt_shdict8",
        "decode_ms": 0.287008,
        "decode_gib_s": 162.24678083593855,
        "decode_ns_iters": [
          316800,
          294688,
          291136,
          287008,
          300256,
          295680,
          295744,
          297952,
          290560,
          288320,
          301760,
          293472,
          288896,
          296736,
          288096,
          296960,
          289440,
          303264,
          289088,
          294176,
          290304,
          299360,
          290016,
          298368,
          288768,
          291392,
          291136,
          297344,
          305024,
          302176
        ],
        "applicable": true
      },
      {
        "kernel": "onpair_shmem_4tpt_ablate",
        "decode_ms": 0.252704,
        "decode_gib_s": 184.27141665411335,
        "decode_ns_iters": [
          253952,
          291808,
          281952,
          255072,
          268960,
          255904,
          267456,
          252704,
          272576,
          258496,
          262816,
          254912,
          280608,
          263200,
          273760,
          263872,
          274304,
          267264,
          270784,
          278240,
          267136,
          273408,
          264928,
          270592,
          272992,
          271360,
          282432,
          269920,
          270752,
          277088
        ],
        "applicable": true
      },
      {
        "kernel": "onpair_shmem_4tpt_ablate_nogather",
        "decode_ms": 0.26112,
        "decode_gib_s": 178.3322766320506,
        "decode_ns_iters": [
          269888,
          286368,
          278944,
          262976,
          279584,
          285536,
          284160,
          272448,
          268992,
          274368,
          277632,
          282080,
          267968,
          271456,
          276032,
          267104,
          281984,
          271168,
          274528,
          261120,
          279488,
          273920,
          266720,
          277696,
          270432,
          271776,
          266624,
          269664,
          261728,
          265760
        ],
        "applicable": true
      },
      {
        "kernel": "onpair_shmem_4tpt_ablate_noemit",
        "decode_ms": 0.261824,
        "decode_gib_s": 177.85277161055154,
        "decode_ns_iters": [
          273664,
          276000,
          274432,
          267104,
          276064,
          313632,
          274944,
          263968,
          274496,
          286400,
          269696,
          265536,
          267648,
          265408,
          273824,
          272832,
          270752,
          280672,
          265216,
          271840,
          261824,
          283264,
          273920,
          274560,
          264544,
          275616,
          285408,
          281728,
          285280,
          273504
        ],
        "applicable": true
      },
      {
        "kernel": "onpair_shmem_4tpt_ablate_nodrain",
        "decode_ms": 0.263648,
        "decode_gib_s": 176.62233005431884,
        "decode_ns_iters": [
          283552,
          271264,
          274624,
          267104,
          273216,
          265856,
          272704,
          271872,
          272608,
          291936,
          266752,
          271776,
          265248,
          271200,
          269056,
          286240,
          266144,
          263648,
          272832,
          275136,
          274976,
          270912,
          275008,
          268736,
          277024,
          283104,
          266336,
          276992,
          269184,
          287872
        ],
        "applicable": true
      },
      {
        "kernel": "onpair_shmem_4tpt_ablate_noscan",
        "decode_ms": 0.261856,
        "decode_gib_s": 177.8310371889934,
        "decode_ns_iters": [
          261856,
          275936,
          282528,
          273600,
          272416,
          273696,
          286496,
          275776,
          277888,
          272480,
          278592,
          271360,
          271168,
          278176,
          273152,
          276512,
          275296,
          263584,
          281856,
          270176,
          276128,
          263808,
          267168,
          271296,
          265600,
          276064,
          274848,
          275584,
          263392,
          273184
        ],
        "applicable": true
      },
      {
        "kernel": "onpair_shmem_4tpt_ablate_cfree",
        "decode_ms": 0.260544,
        "decode_gib_s": 178.72652632246783,
        "decode_ns_iters": [
          272160,
          278048,
          263296,
          273280,
          273920,
          275264,
          264288,
          276256,
          268480,
          260544,
          269376,
          264992,
          275136,
          263040,
          273088,
          262688,
          268288,
          265440,
          272032,
          269664,
          265888,
          274784,
          271680,
          270016,
          268736,
          268448,
          271808,
          276576,
          268896,
          279424
        ],
        "applicable": true
      },
      {
        "kernel": "onpair_shmem_s8",
        "decode_ms": 0.0,
        "decode_gib_s": 0.0,
        "applicable": false,
        "reason": "dictionary entry longer than 8 bytes"
      },
      {
        "kernel": "onpair_shmem_s8_2tpt",
        "decode_ms": 0.0,
        "decode_gib_s": 0.0,
        "applicable": false,
        "reason": "dictionary entry longer than 8 bytes"
      },
      {
        "kernel": "onpair_shmem_s8_4tpt",
        "decode_ms": 0.0,
        "decode_gib_s": 0.0,
        "applicable": false,
        "reason": "dictionary entry longer than 8 bytes"
      },
      {
        "kernel": "onpair_shmem_s8_8tpt",
        "decode_ms": 0.0,
        "decode_gib_s": 0.0,
        "applicable": false,
        "reason": "dictionary entry longer than 8 bytes"
      },
      {
        "kernel": "onpair_shmem_s4l1",
        "decode_ms": 0.0,
        "decode_gib_s": 0.0,
        "applicable": false,
        "reason": "dictionary entry longer than 4 bytes"
      },
      {
        "kernel": "onpair_shmem_s4l1_2tpt",
        "decode_ms": 0.0,
        "decode_gib_s": 0.0,
        "applicable": false,
        "reason": "dictionary entry longer than 4 bytes"
      },
      {
        "kernel": "onpair_shmem_s4l1_4tpt",
        "decode_ms": 0.0,
        "decode_gib_s": 0.0,
        "applicable": false,
        "reason": "dictionary entry longer than 4 bytes"
      },
      {
        "kernel": "onpair_shmem_s4l1_8tpt",
        "decode_ms": 0.0,
        "decode_gib_s": 0.0,
        "applicable": false,
        "reason": "dictionary entry longer than 4 bytes"
      },
      {
        "kernel": "onpair_shmem_s4l1_16tpt",
        "decode_ms": 0.0,
        "decode_gib_s": 0.0,
        "applicable": false,
        "reason": "dictionary entry longer than 4 bytes"
      },
      {
        "kernel": "onpair_shmem_s4l1_32tpt",
        "decode_ms": 0.0,
        "decode_gib_s": 0.0,
        "applicable": false,
        "reason": "dictionary entry longer than 4 bytes"
      },
      {
        "kernel": "onpair_shmem_const1",
        "decode_ms": 0.0,
        "decode_gib_s": 0.0,
        "applicable": false,
        "reason": "not every dictionary entry is exactly 1 byte"
      },
      {
        "kernel": "onpair_shmem_const2",
        "decode_ms": 0.0,
        "decode_gib_s": 0.0,
        "applicable": false,
        "reason": "not every dictionary entry is exactly 2 bytes"
      }
    ]
  }
}
==PROF== Disconnected from process 16012
==PROF== Report: /home/ubuntu/work/ncu_costsurface_tpch-sf10_l_comment_b12.ncu-rep
