==PROF== Connected to process 19438 (/home/ubuntu/work/target/release/onpair-chunk-bench)
2026-07-06T03:25:21.509281Z  INFO vortex_cuda: vortex-cuda/src/lib.rs:111: Registering CUDA kernels
==WARNING== Unable to access the following 6 metrics: ctc__rx_bytes_data_user.sum, ctc__rx_bytes_data_user.sum.pct_of_peak_sustained_elapsed, ctc__rx_bytes_data_user.sum.per_second, ctc__tx_bytes_data_user.sum, ctc__tx_bytes_data_user.sum.pct_of_peak_sustained_elapsed, ctc__tx_bytes_data_user.sum.per_second.


==PROF== Profiling "onpair_shmem_4tpt": 0%....50%....100% - 40 passes
==PROF== Profiling "onpair_shmem_4tpt": 0%....50%....100% - 40 passes
==PROF== Profiling "onpair_shmem_4tpt": 0%....50%....100% - 40 passes
==PROF== Profiling "onpair_shmem_4tpt": 0%....50%....100% - 40 passes
==PROF== Profiling "onpair_shmem_4tpt": 0%....50%....100% - 40 passes
==PROF== Profiling "onpair_shmem_4tpt": 0%....50%....100% - 40 passes
==PROF== Profiling "onpair_shmem_4tpt": 0%....50%....100% - 40 passes
==PROF== Profiling "onpair_shmem_4tpt": 0%....50%....100% - 40 passes
==PROF== Profiling "onpair_shmem_4tpt": 0%....50%....100% - 40 passes
==PROF== Profiling "onpair_shmem_4tpt": 0%....50%....100% - 40 passes
==PROF== Profiling "onpair_shmem_4tpt": 0%....50%....100% - 40 passes
==PROF== Profiling "onpair_shmem_4tpt": 0%....50%....100% - 40 passes
==PROF== Profiling "onpair_shmem_4tpt": 0%....50%....100% - 40 passes
==PROF== Profiling "onpair_shmem_4tpt": 0%....50%....100% - 40 passes
==PROF== Profiling "onpair_shmem_4tpt": 0%....50%....100% - 40 passes
==PROF== Profiling "onpair_shmem_4tpt": 0%....50%....100% - 40 passes
{
  "files": [
    "/home/ubuntu/work/vortex-bench/data/onpair-bench/tpch-sf10/ps_comment/bits16_chunk1000mb_thr0.20/part_0000.vortex"
  ],
  "column": "ps_comment",
  "rows": 8000000,
  "in_memory_bytes": 169951562,
  "dict_bytes": 771501,
  "gpu": {
    "iterations": 30,
    "decoded_bytes": 987934065,
    "chunks": 1,
    "auto_kernel": "onpair_shmem_4tpt_b128o12",
    "frac_le8": 0.15751068,
    "dict_mean_len": 12.72467,
    "dict_max_len": 16,
    "dict_entries_max": 65024,
    "small_dict": false,
    "distinct_codes": 64795,
    "access_top4096_frac": 0.5156055,
    "compressed_bytes": 156115075,
    "h2d_gib_s": 10.047527013228514,
    "whole_decompress_gib_s": 60.03365192286649,
    "best_kernel": "onpair_shmem_4tpt_b128o12",
    "auto_decode_ms": 0.855584,
    "best_decode_ms": 0.855584,
    "validated": false,
    "auto_decode_gib_s": 1075.3886198972111,
    "best_decode_gib_s": 1075.3886198972111,
    "kernels": [
      {
        "kernel": "onpair_shmem",
        "decode_ms": 0.988736,
        "decode_gib_s": 930.5672059742292,
        "decode_ns_iters": [
          992608,
          992704,
          1006240,
          992928,
          1006624,
          993216,
          991520,
          1007200,
          993376,
          1007584,
          995296,
          992384,
          992608,
          993536,
          992960,
          991520,
          993088,
          991616,
          988736,
          993216,
          992640,
          991168,
          993696,
          992416,
          993024,
          992896,
          994208,
          1007808,
          1009088,
          992192
        ],
        "applicable": true
      },
      {
        "kernel": "onpair_shmem_2tpt",
        "decode_ms": 0.922656,
        "decode_gib_s": 997.2138012066637,
        "decode_ns_iters": [
          946080,
          930208,
          946144,
          930656,
          933408,
          930560,
          932928,
          931776,
          931456,
          930144,
          932672,
          931200,
          932160,
          930048,
          944544,
          945984,
          929632,
          929792,
          922656,
          946816,
          947296,
          931840,
          930496,
          924608,
          931200,
          931808,
          929440,
          931392,
          930784,
          932864
        ],
        "applicable": true
      },
      {
        "kernel": "onpair_shmem_4tpt",
        "decode_ms": 0.98944,
        "decode_gib_s": 929.9050947668736,
        "decode_ns_iters": [
          3025544882,
          3011248827,
          3056976557,
          3045734167,
          3035678148,
          3041897774,
          3038306713,
          3067899227,
          3052563190,
          3046583652,
          3033934355,
          3043632507,
          3040329218,
          3017798662,
          1025728,
          989440,
          1086720,
          1002080,
          990240,
          990368,
          1007552,
          989888,
          1008192,
          991104,
          990048,
          991680,
          989984,
          992416,
          990816,
          1000800
        ],
        "applicable": true
      },
      {
        "kernel": "onpair_shmem_4tpt_wpb8",
        "decode_ms": 0.9504,
        "decode_gib_s": 968.1032165047721,
        "decode_ns_iters": [
          952960,
          952288,
          950400,
          952192,
          950784,
          951968,
          955968,
          966912,
          965152,
          951456,
          959328,
          951424,
          965248,
          966016,
          953120,
          952736,
          950752,
          951072,
          951840,
          952384,
          966400,
          952640,
          953568,
          954048,
          951648,
          952096,
          965920,
          968992,
          951296,
          951296
        ],
        "applicable": true
      },
      {
        "kernel": "onpair_shmem_4tpt_wpb8_occ",
        "decode_ms": 0.879872,
        "decode_gib_s": 1045.703576163505,
        "decode_ns_iters": [
          908448,
          909536,
          920704,
          907968,
          908928,
          908256,
          924288,
          908384,
          910368,
          907136,
          921824,
          916192,
          907840,
          908832,
          909280,
          907328,
          909408,
          909184,
          909696,
          908736,
          909440,
          908160,
          879872,
          907648,
          910624,
          910720,
          909440,
          910528,
          907136,
          916768
        ],
        "applicable": true
      },
      {
        "kernel": "onpair_shmem_4tpt_b128",
        "decode_ms": 0.893504,
        "decode_gib_s": 1029.7494996845403,
        "decode_ns_iters": [
          894144,
          895040,
          894112,
          894400,
          908544,
          912064,
          897056,
          909888,
          895200,
          894336,
          895168,
          896032,
          895872,
          895808,
          895648,
          902976,
          895072,
          894848,
          894112,
          893504,
          896000,
          895232,
          894304,
          896512,
          908928,
          894624,
          896032,
          896384,
          896032,
          904000
        ],
        "applicable": true
      },
      {
        "kernel": "onpair_shmem_4tpt_o6",
        "decode_ms": 0.913184,
        "decode_gib_s": 1007.5574002239806,
        "decode_ns_iters": [
          917952,
          915008,
          914688,
          916832,
          915904,
          913696,
          914880,
          916864,
          914208,
          914816,
          913184,
          916416,
          915168,
          913344,
          915296,
          915712,
          916512,
          914432,
          915040,
          914720,
          922752,
          918944,
          924096,
          916256,
          922752,
          926208,
          916000,
          920608,
          937184,
          913792
        ],
        "applicable": true
      },
      {
        "kernel": "onpair_shmem_4tpt_b512o3",
        "decode_ms": 0.938336,
        "decode_gib_s": 980.5499277083428,
        "decode_ns_iters": [
          942592,
          945888,
          942816,
          948224,
          942624,
          947040,
          949600,
          939744,
          940416,
          967680,
          952640,
          945504,
          941056,
          942176,
          957312,
          959648,
          939200,
          941824,
          939264,
          942560,
          960416,
          938336,
          945536,
          942592,
          943072,
          941984,
          942496,
          941696,
          941888,
          943648
        ],
        "applicable": true
      },
      {
        "kernel": "onpair_shmem_4tpt_b128o12",
        "decode_ms": 0.855584,
        "decode_gib_s": 1075.3886198972111,
        "decode_ns_iters": [
          908960,
          894048,
          863264,
          855584,
          893792,
          895488,
          896448,
          909408,
          910336,
          894112,
          895808,
          909088,
          893056,
          908960,
          908320,
          865472,
          893344,
          895616,
          894656,
          915488,
          893696,
          895360,
          895072,
          894976,
          893600,
          892512,
          895648,
          894464,
          894592,
          896416
        ],
        "applicable": true
      },
      {
        "kernel": "onpair_shmem_4tpt_b64",
        "decode_ms": 0.89248,
        "decode_gib_s": 1030.930997855566,
        "decode_ns_iters": [
          892704,
          894656,
          893920,
          896128,
          895616,
          909728,
          893504,
          894368,
          909408,
          910848,
          893184,
          895584,
          905536,
          903328,
          912736,
          896224,
          916864,
          905984,
          896320,
          893760,
          897824,
          902560,
          895616,
          892480,
          899264,
          909376,
          894080,
          907744,
          894784,
          896800
        ],
        "applicable": true
      },
      {
        "kernel": "onpair_shmem_4tpt_b64o24",
        "decode_ms": 0.893056,
        "decode_gib_s": 1030.2660717425733,
        "decode_ns_iters": [
          894496,
          896544,
          894496,
          896352,
          895008,
          909920,
          908480,
          895936,
          896960,
          899392,
          894624,
          894816,
          894624,
          894688,
          893056,
          893920,
          896416,
          895264,
          893888,
          895072,
          894240,
          893888,
          909888,
          907744,
          894656,
          895328,
          904128,
          902784,
          901984,
          901344
        ],
        "applicable": true
      },
      {
        "kernel": "onpair_shmem_4tpt_split8read_b128o12",
        "decode_ms": 1.037792,
        "decode_gib_s": 886.5796777833472,
        "decode_ns_iters": [
          1043776,
          1045408,
          1046208,
          1041664,
          1038944,
          1048768,
          1042336,
          1047008,
          1058688,
          1055200,
          1040032,
          1040064,
          1053536,
          1039904,
          1052864,
          1040448,
          1057568,
          1040416,
          1040800,
          1053248,
          1039712,
          1040640,
          1040256,
          1039744,
          1040384,
          1037792,
          1039456,
          1040064,
          1040160,
          1040256
        ],
        "applicable": true
      },
      {
        "kernel": "onpair_shmem_4tpt_split8read_occ",
        "decode_ms": 1.068768,
        "decode_gib_s": 860.884024377728,
        "decode_ns_iters": [
          1069184,
          1070848,
          1070464,
          1070272,
          1071424,
          1070496,
          1082240,
          1069504,
          1084224,
          1071136,
          1070048,
          1071296,
          1070208,
          1071392,
          1071456,
          1070816,
          1085312,
          1086560,
          1073376,
          1068768,
          1071392,
          1071968,
          1071200,
          1070464,
          1075328,
          1070272,
          1070560,
          1073056,
          1083872,
          1070240
        ],
        "applicable": true
      },
      {
        "kernel": "onpair_shmem_4tpt_split8",
        "decode_ms": 1.017376,
        "decode_gib_s": 904.3709473843845,
        "decode_ns_iters": [
          1054080,
          1066240,
          1053920,
          1068352,
          1053216,
          1077792,
          1053632,
          1054752,
          1054528,
          1054496,
          1055424,
          1054496,
          1053376,
          1052000,
          1053856,
          1054912,
          1053280,
          1051456,
          1054560,
          1052320,
          1057728,
          1054144,
          1054048,
          1035008,
          1017376,
          1053728,
          1052256,
          1066944,
          1052704,
          1062336
        ],
        "applicable": true
      },
      {
        "kernel": "onpair_shmem_4tpt_split8_wpb8",
        "decode_ms": 1.015776,
        "decode_gib_s": 905.795467668202,
        "decode_ns_iters": [
          1017312,
          1030496,
          1036256,
          1017024,
          1032576,
          1018144,
          1017280,
          1017472,
          1017376,
          1024032,
          1017408,
          1016352,
          1016672,
          1015776,
          1019808,
          1016896,
          1019200,
          1018848,
          1017312,
          1018336,
          1026112,
          1025312,
          1017248,
          1018272,
          1017440,
          1019392,
          1017664,
          1016512,
          1018208,
          1016192
        ],
        "applicable": true
      },
      {
        "kernel": "onpair_shmem_4tpt_split8_wpb8_occ",
        "decode_ms": 0.972448,
        "decode_gib_s": 946.1537243802604,
        "decode_ns_iters": [
          974272,
          973120,
          976480,
          974944,
          975232,
          976192,
          974496,
          976384,
          976160,
          973664,
          976416,
          974688,
          975072,
          975200,
          975104,
          975904,
          972448,
          974112,
          973664,
          1000768,
          976128,
          973312,
          977728,
          980640,
          978528,
          973952,
          975968,
          991264,
          975040,
          974368
        ],
        "applicable": true
      },
      {
        "kernel": "onpair_shmem_4tpt_pdict",
        "decode_ms": 0.0,
        "decode_gib_s": 0.0,
        "applicable": false,
        "reason": "padded dict needs 1122048 B shared, over 102400 B cap"
      },
      {
        "kernel": "onpair_shmem_4tpt_vdict",
        "decode_ms": 0.0,
        "decode_gib_s": 0.0,
        "applicable": false,
        "reason": "packed dict needs 788160 B shared, over 102400 B cap"
      },
      {
        "kernel": "onpair_shmem_4tpt_split8read",
        "decode_ms": 1.05696,
        "decode_gib_s": 870.5015298271795,
        "decode_ns_iters": [
          1057536,
          1056960,
          1058816,
          1060736,
          1059264,
          1059584,
          1061248,
          1059072,
          1060736,
          1057664,
          1062720,
          1061312,
          1059712,
          1059296,
          1058048,
          1059232,
          1057408,
          1059552,
          1059328,
          1058432,
          1059264,
          1057600,
          1058400,
          1063520,
          1057568,
          1059552,
          1060416,
          1061728,
          1058336,
          1074304
        ],
        "applicable": true
      },
      {
        "kernel": "onpair_shmem_4tpt_ldcs",
        "decode_ms": 0.976576,
        "decode_gib_s": 942.1543197520065,
        "decode_ns_iters": [
          976576,
          978048,
          991616,
          994304,
          979680,
          979232,
          978368,
          992160,
          977088,
          980672,
          977888,
          978240,
          992448,
          979072,
          979296,
          992672,
          979264,
          979712,
          978560,
          980288,
          980288,
          977472,
          979872,
          977248,
          978432,
          979456,
          977856,
          979520,
          976992,
          981344
        ],
        "applicable": true
      },
      {
        "kernel": "onpair_shmem_4tpt_lenbucket",
        "decode_ms": 0.0,
        "decode_gib_s": 0.0,
        "applicable": false,
        "reason": "length-bucket dict not built (set ONPAIR_DICT_REORDER=lenbucket)"
      },
      {
        "kernel": "onpair_shmem_4tpt_lenbucket_b128",
        "decode_ms": 0.0,
        "decode_gib_s": 0.0,
        "applicable": false,
        "reason": "length-bucket dict not built (set ONPAIR_DICT_REORDER=lenbucket)"
      },
      {
        "kernel": "onpair_shmem_4tpt_regcache",
        "decode_ms": 0.974112,
        "decode_gib_s": 944.5374833347043,
        "decode_ns_iters": [
          977792,
          978816,
          993408,
          988800,
          978048,
          976832,
          977376,
          987744,
          976384,
          974592,
          977408,
          974624,
          977376,
          976672,
          999456,
          977824,
          978336,
          977536,
          976352,
          974112,
          977376,
          976288,
          975872,
          975168,
          977472,
          974816,
          977504,
          977280,
          975008,
          991712
        ],
        "applicable": true
      },
      {
        "kernel": "onpair_shmem_4tpt_split4read",
        "decode_ms": 1.231392,
        "decode_gib_s": 747.1912250251224,
        "decode_ns_iters": [
          1240640,
          1231392,
          1231872,
          1247712,
          1236480,
          1237856,
          1238464,
          1235712,
          1235040,
          1235040,
          1235264,
          1235328,
          1235264,
          1235904,
          1236960,
          1235968,
          1234944,
          1234304,
          1234752,
          1235168,
          1251072,
          1236480,
          1254752,
          1236128,
          1236064,
          1236448,
          1234336,
          1248736,
          1237056,
          1234304
        ],
        "applicable": true
      },
      {
        "kernel": "onpair_shmem_4tpt_split4read_b128o12",
        "decode_ms": 1.253568,
        "decode_gib_s": 733.9731845150287,
        "decode_ns_iters": [
          1253568,
          1261664,
          1258208,
          1256576,
          1256288,
          1255488,
          1272224,
          1255744,
          1255808,
          1255264,
          1268736,
          1256032,
          1255136,
          1254720,
          1255680,
          1254976,
          1254720,
          1253664,
          1270464,
          1254784,
          1256064,
          1255296,
          1257152,
          1255872,
          1255168,
          1255488,
          1257472,
          1255328,
          1268672,
          1255296
        ],
        "applicable": true
      },
      {
        "kernel": "onpair_shmem_4tpt_cluster_dsmem",
        "decode_ms": 3.376288,
        "decode_gib_s": 272.51386640183995,
        "decode_ns_iters": [
          3385248,
          3397568,
          3397536,
          3399808,
          3411744,
          3387968,
          3406432,
          3392288,
          3396256,
          3399552,
          3406080,
          3420800,
          3406560,
          3376288,
          3388800,
          3410656,
          3384480,
          3380416,
          3394720,
          3384544,
          3400320,
          3379040,
          3390208,
          3388992,
          3402848,
          3390912,
          3391520,
          3392224,
          3399584,
          3394432
        ],
        "applicable": true
      },
      {
        "kernel": "onpair_shmem_8tpt",
        "decode_ms": 0.911616,
        "decode_gib_s": 1009.290421587747,
        "decode_ns_iters": [
          936832,
          937792,
          947616,
          937664,
          951584,
          958464,
          945536,
          911616,
          951680,
          934208,
          933760,
          936896,
          950048,
          953088,
          939360,
          940992,
          939040,
          944000,
          939968,
          941728,
          937024,
          937856,
          936864,
          940416,
          938784,
          938944,
          938016,
          939712,
          938464,
          936448
        ],
        "applicable": true
      },
      {
        "kernel": "onpair_shmem_8tpt_b128",
        "decode_ms": 0.90064,
        "decode_gib_s": 1021.5905322505502,
        "decode_ns_iters": [
          917152,
          916096,
          923744,
          916288,
          926656,
          916160,
          927712,
          900640,
          925632,
          923968,
          925952,
          922688,
          925216,
          924672,
          924864,
          924512,
          924768,
          924608,
          925472,
          922816,
          925536,
          925056,
          925440,
          923840,
          924352,
          923104,
          924896,
          922880,
          927264,
          935744
        ],
        "applicable": true
      },
      {
        "kernel": "onpair_shmem_4tpt_vwidth",
        "decode_ms": 2.414592,
        "decode_gib_s": 381.0520771070788,
        "decode_ns_iters": [
          2416896,
          2415808,
          2417632,
          2442752,
          2417920,
          2415776,
          2419168,
          2414592,
          2416224,
          2415840,
          2417824,
          2416160,
          2416288,
          2417792,
          2419040,
          2415904,
          2416192,
          2433120,
          2428000,
          2415968,
          2418400,
          2417664,
          2418464,
          2418592,
          2416320,
          2417312,
          2430592,
          2419424,
          2419136,
          2416704
        ],
        "applicable": true
      },
      {
        "kernel": "onpair_shmem_4tpt_vwidth_b128",
        "decode_ms": 2.777696,
        "decode_gib_s": 331.24045862691077,
        "decode_ns_iters": [
          2792352,
          2778272,
          2780288,
          2778016,
          2793024,
          2777920,
          2780448,
          2779456,
          2780800,
          2779904,
          2782592,
          2795104,
          2780480,
          2779296,
          2780608,
          2794336,
          2801216,
          2780640,
          2778272,
          2777696,
          2795680,
          2780160,
          2792128,
          2779648,
          2781472,
          2795072,
          2780512,
          2779456,
          2782048,
          2796480
        ],
        "applicable": true
      },
      {
        "kernel": "onpair_shmem_4tpt_vwidth4",
        "decode_ms": 1.217248,
        "decode_gib_s": 755.8733281682413,
        "decode_ns_iters": [
          1218176,
          1218272,
          1219552,
          1220000,
          1218816,
          1220704,
          1221024,
          1218464,
          1219328,
          1218720,
          1217824,
          1218816,
          1229600,
          1221792,
          1235136,
          1217664,
          1218272,
          1220736,
          1219072,
          1220960,
          1218144,
          1233600,
          1220448,
          1233856,
          1221120,
          1218144,
          1231008,
          1217248,
          1218112,
          1231520
        ],
        "applicable": true
      },
      {
        "kernel": "onpair_shmem_4tpt_vwidth4_b128",
        "decode_ms": 1.0984,
        "decode_gib_s": 837.6595930135975,
        "decode_ns_iters": [
          1104256,
          1122528,
          1121088,
          1107264,
          1105952,
          1107584,
          1122976,
          1107808,
          1105184,
          1107008,
          1104480,
          1119680,
          1103424,
          1107200,
          1120288,
          1098720,
          1098400,
          1105440,
          1105888,
          1105792,
          1118880,
          1104704,
          1106944,
          1106560,
          1104608,
          1106464,
          1106304,
          1107264,
          1106304,
          1107264
        ],
        "applicable": true
      },
      {
        "kernel": "onpair_shmem_4tpt_shdict8",
        "decode_ms": 0.0,
        "decode_gib_s": 0.0,
        "applicable": false,
        "reason": "dict_s8 + staging needs 601856 B shared, over 229376 B cap"
      },
      {
        "kernel": "onpair_shmem_4tpt_ablate",
        "decode_ms": 0.898368,
        "decode_gib_s": 1024.1741657829925,
        "decode_ns_iters": [
          902048,
          902336,
          918208,
          915552,
          902816,
          902080,
          903072,
          916832,
          921312,
          900576,
          903360,
          906016,
          902432,
          904192,
          902368,
          903712,
          903264,
          898656,
          898368,
          898592,
          903744,
          903680,
          902592,
          904480,
          903360,
          901472,
          905888,
          903040,
          901056,
          901728
        ],
        "applicable": true
      },
      {
        "kernel": "onpair_shmem_4tpt_ablate_nogather",
        "decode_ms": 0.594432,
        "decode_gib_s": 1547.8394449930952,
        "decode_ns_iters": [
          628256,
          632032,
          666848,
          643328,
          628800,
          629472,
          629824,
          627136,
          602784,
          627328,
          629216,
          644512,
          628288,
          629344,
          629344,
          642720,
          627232,
          629888,
          641408,
          629408,
          596960,
          630944,
          630656,
          628064,
          629120,
          628704,
          642720,
          630080,
          629056,
          594432
        ],
        "applicable": true
      },
      {
        "kernel": "onpair_shmem_4tpt_ablate_noemit",
        "decode_ms": 0.26176,
        "decode_gib_s": 3514.9957860870095,
        "decode_ns_iters": [
          304544,
          300416,
          295680,
          295584,
          311520,
          296448,
          297952,
          314912,
          310272,
          295520,
          300032,
          294784,
          261760,
          296480,
          311168,
          298720,
          297184,
          294464,
          312736,
          295360,
          294912,
          292832,
          311712,
          294688,
          298528,
          299488,
          296576,
          297824,
          295552,
          296064
        ],
        "applicable": true
      },
      {
        "kernel": "onpair_shmem_4tpt_ablate_nodrain",
        "decode_ms": 0.772896,
        "decode_gib_s": 1190.4386838153328,
        "decode_ns_iters": [
          772896,
          815744,
          830368,
          816480,
          816832,
          816896,
          817376,
          830432,
          833120,
          815552,
          833120,
          815296,
          813920,
          810208,
          817504,
          832288,
          814560,
          817984,
          814944,
          817280,
          816544,
          818720,
          818496,
          814688,
          828832,
          814816,
          814944,
          816512,
          827808,
          814208
        ],
        "applicable": true
      },
      {
        "kernel": "onpair_shmem_4tpt_ablate_noscan",
        "decode_ms": 0.716384,
        "decode_gib_s": 1284.34651941715,
        "decode_ns_iters": [
          737984,
          724800,
          725408,
          725056,
          741184,
          726144,
          724288,
          727200,
          725664,
          744320,
          725312,
          726176,
          736288,
          726240,
          716384,
          726528,
          740640,
          723136,
          716512,
          725088,
          725952,
          725312,
          724928,
          734208,
          725088,
          740128,
          725184,
          724960,
          740544,
          727200
        ],
        "applicable": true
      },
      {
        "kernel": "onpair_shmem_4tpt_ablate_cfree",
        "decode_ms": 0.738144,
        "decode_gib_s": 1246.4848281177324,
        "decode_ns_iters": [
          753376,
          745152,
          744992,
          745376,
          746656,
          747328,
          746624,
          746528,
          764000,
          744576,
          747072,
          744640,
          745664,
          746432,
          747616,
          759936,
          745344,
          745280,
          745056,
          745024,
          759744,
          745536,
          761728,
          738432,
          740128,
          744960,
          747424,
          738144,
          740192,
          738176
        ],
        "applicable": true
      },
      {
        "kernel": "onpair_shmem_s8",
        "decode_ms": 0.0,
        "decode_gib_s": 0.0,
        "applicable": false,
        "reason": "dictionary entry longer than 8 bytes"
      },
      {
        "kernel": "onpair_shmem_s8_2tpt",
        "decode_ms": 0.0,
        "decode_gib_s": 0.0,
        "applicable": false,
        "reason": "dictionary entry longer than 8 bytes"
      },
      {
        "kernel": "onpair_shmem_s8_4tpt",
        "decode_ms": 0.0,
        "decode_gib_s": 0.0,
        "applicable": false,
        "reason": "dictionary entry longer than 8 bytes"
      },
      {
        "kernel": "onpair_shmem_s8_8tpt",
        "decode_ms": 0.0,
        "decode_gib_s": 0.0,
        "applicable": false,
        "reason": "dictionary entry longer than 8 bytes"
      },
      {
        "kernel": "onpair_shmem_s4l1",
        "decode_ms": 0.0,
        "decode_gib_s": 0.0,
        "applicable": false,
        "reason": "dictionary entry longer than 4 bytes"
      },
      {
        "kernel": "onpair_shmem_s4l1_2tpt",
        "decode_ms": 0.0,
        "decode_gib_s": 0.0,
        "applicable": false,
        "reason": "dictionary entry longer than 4 bytes"
      },
      {
        "kernel": "onpair_shmem_s4l1_4tpt",
        "decode_ms": 0.0,
        "decode_gib_s": 0.0,
        "applicable": false,
        "reason": "dictionary entry longer than 4 bytes"
      },
      {
        "kernel": "onpair_shmem_s4l1_8tpt",
        "decode_ms": 0.0,
        "decode_gib_s": 0.0,
        "applicable": false,
        "reason": "dictionary entry longer than 4 bytes"
      },
      {
        "kernel": "onpair_shmem_s4l1_16tpt",
        "decode_ms": 0.0,
        "decode_gib_s": 0.0,
        "applicable": false,
        "reason": "dictionary entry longer than 4 bytes"
      },
      {
        "kernel": "onpair_shmem_s4l1_32tpt",
        "decode_ms": 0.0,
        "decode_gib_s": 0.0,
        "applicable": false,
        "reason": "dictionary entry longer than 4 bytes"
      },
      {
        "kernel": "onpair_shmem_const1",
        "decode_ms": 0.0,
        "decode_gib_s": 0.0,
        "applicable": false,
        "reason": "not every dictionary entry is exactly 1 byte"
      },
      {
        "kernel": "onpair_shmem_const2",
        "decode_ms": 0.0,
        "decode_gib_s": 0.0,
        "applicable": false,
        "reason": "not every dictionary entry is exactly 2 bytes"
      }
    ]
  }
}
==PROF== Disconnected from process 19438
==PROF== Report: /home/ubuntu/work/ncu_costsurface_tpch-sf10_ps_comment_b16.ncu-rep
