==PROF== Connected to process 31952 (/home/ubuntu/work/target/release/onpair-chunk-bench)
2026-07-06T03:44:20.864887Z  INFO vortex_cuda: vortex-cuda/src/lib.rs:111: Registering CUDA kernels
==WARNING== Unable to access the following 6 metrics: ctc__rx_bytes_data_user.sum, ctc__rx_bytes_data_user.sum.pct_of_peak_sustained_elapsed, ctc__rx_bytes_data_user.sum.per_second, ctc__tx_bytes_data_user.sum, ctc__tx_bytes_data_user.sum.pct_of_peak_sustained_elapsed, ctc__tx_bytes_data_user.sum.per_second.


==PROF== Profiling "onpair_shmem_4tpt": 0%....50%....100% - 40 passes
==PROF== Profiling "onpair_shmem_4tpt": 0%....50%....100% - 40 passes
==PROF== Profiling "onpair_shmem_4tpt": 0%....50%....100% - 40 passes
==PROF== Profiling "onpair_shmem_4tpt": 0%....50%....100% - 40 passes
==PROF== Profiling "onpair_shmem_4tpt": 0%....50%....100% - 40 passes
==PROF== Profiling "onpair_shmem_4tpt": 0%....50%....100% - 40 passes
==PROF== Profiling "onpair_shmem_4tpt": 0%....50%....100% - 40 passes
==PROF== Profiling "onpair_shmem_4tpt": 0%....50%....100% - 40 passes
==PROF== Profiling "onpair_shmem_4tpt": 0%....50%....100% - 40 passes
==PROF== Profiling "onpair_shmem_4tpt": 0%....50%....100% - 40 passes
==PROF== Profiling "onpair_shmem_4tpt": 0%....50%....100% - 40 passes
==PROF== Profiling "onpair_shmem_4tpt": 0%....50%....100% - 40 passes
==PROF== Profiling "onpair_shmem_4tpt": 0%....50%....100% - 40 passes
==PROF== Profiling "onpair_shmem_4tpt": 0%....50%....100% - 40 passes
==PROF== Profiling "onpair_shmem_4tpt": 0%....50%....100% - 40 passes
==PROF== Profiling "onpair_shmem_4tpt": 0%....50%....100% - 40 passes
{
  "files": [
    "/home/ubuntu/work/vortex-bench/data/onpair-bench/wikipedia/text/bits16_chunk1000mb_thr0.20/part_0000.vortex"
  ],
  "column": "text",
  "rows": 156289,
  "in_memory_bytes": 250258559,
  "dict_bytes": 467281,
  "gpu": {
    "iterations": 30,
    "decoded_bytes": 703062420,
    "chunks": 1,
    "auto_kernel": "onpair_shmem_4tpt_b128o12",
    "frac_le8": 0.8217244,
    "dict_mean_len": 5.643521,
    "dict_max_len": 16,
    "dict_entries_max": 65536,
    "small_dict": false,
    "distinct_codes": 65384,
    "access_top4096_frac": 0.46643347,
    "compressed_bytes": 249690209,
    "h2d_gib_s": 10.124593449481186,
    "whole_decompress_gib_s": 27.25325389398172,
    "best_kernel": "onpair_shmem_4tpt_b128o12",
    "auto_decode_ms": 1.057632,
    "best_decode_ms": 1.057632,
    "validated": false,
    "auto_decode_gib_s": 619.0980446032163,
    "best_decode_gib_s": 619.0980446032163,
    "kernels": [
      {
        "kernel": "onpair_shmem",
        "decode_ms": 1.283552,
        "decode_gib_s": 510.1296270893496,
        "decode_ns_iters": [
          1285536,
          1286304,
          1300640,
          1285440,
          1287520,
          1286016,
          1286848,
          1286592,
          1284960,
          1283680,
          1286208,
          1284928,
          1297120,
          1285760,
          1286624,
          1286240,
          1302592,
          1285216,
          1285152,
          1285792,
          1284576,
          1299616,
          1284384,
          1283552,
          1301696,
          1302624,
          1286848,
          1284800,
          1301152,
          1286688
        ],
        "applicable": true
      },
      {
        "kernel": "onpair_shmem_2tpt",
        "decode_ms": 1.108608,
        "decode_gib_s": 590.6306856073462,
        "decode_ns_iters": [
          1113728,
          1116384,
          1113568,
          1130592,
          1116704,
          1115648,
          1116736,
          1114848,
          1114528,
          1115360,
          1115808,
          1114016,
          1116352,
          1116544,
          1128672,
          1128512,
          1115040,
          1116608,
          1108608,
          1115232,
          1115936,
          1116000,
          1115904,
          1108768,
          1115520,
          1131392,
          1115936,
          1115488,
          1115520,
          1116160
        ],
        "applicable": true
      },
      {
        "kernel": "onpair_shmem_4tpt",
        "decode_ms": 1.145184,
        "decode_gib_s": 571.7665485282618,
        "decode_ns_iters": [
          3081504107,
          3102729797,
          3114508629,
          3078139305,
          3087820292,
          3115465641,
          3092143774,
          3104226589,
          3096464872,
          3096034527,
          3102443218,
          3088145733,
          3071420908,
          3093896389,
          1180544,
          1149696,
          1241824,
          1152448,
          1150656,
          1152960,
          1153504,
          1152416,
          1146272,
          1148960,
          1152864,
          1152928,
          1145184,
          1151520,
          1153568,
          1152608
        ],
        "applicable": true
      },
      {
        "kernel": "onpair_shmem_4tpt_wpb8",
        "decode_ms": 1.096192,
        "decode_gib_s": 597.320453998742,
        "decode_ns_iters": [
          1126496,
          1121472,
          1129536,
          1124512,
          1166624,
          1127968,
          1129696,
          1130880,
          1144224,
          1128384,
          1126816,
          1129312,
          1145408,
          1096192,
          1128800,
          1131264,
          1128448,
          1129600,
          1129152,
          1130720,
          1129888,
          1147808,
          1143456,
          1130336,
          1127808,
          1129440,
          1132576,
          1128480,
          1128704,
          1141024
        ],
        "applicable": true
      },
      {
        "kernel": "onpair_shmem_4tpt_wpb8_occ",
        "decode_ms": 1.080544,
        "decode_gib_s": 605.9706065739007,
        "decode_ns_iters": [
          1098336,
          1080736,
          1080736,
          1081824,
          1083360,
          1081056,
          1095040,
          1081024,
          1083648,
          1080928,
          1082848,
          1080544,
          1081984,
          1082208,
          1097376,
          1082048,
          1082208,
          1080640,
          1083072,
          1081376,
          1082656,
          1082528,
          1083744,
          1082624,
          1083104,
          1082944,
          1096800,
          1082784,
          1081376,
          1094656
        ],
        "applicable": true
      },
      {
        "kernel": "onpair_shmem_4tpt_b128",
        "decode_ms": 1.062432,
        "decode_gib_s": 616.300999131981,
        "decode_ns_iters": [
          1081152,
          1064352,
          1062656,
          1062784,
          1068032,
          1065664,
          1066144,
          1065440,
          1064768,
          1064832,
          1065184,
          1067776,
          1065824,
          1068832,
          1066752,
          1065280,
          1079840,
          1065408,
          1062432,
          1081440,
          1067136,
          1081536,
          1065248,
          1066432,
          1064416,
          1064608,
          1067520,
          1066272,
          1065856,
          1068224
        ],
        "applicable": true
      },
      {
        "kernel": "onpair_shmem_4tpt_o6",
        "decode_ms": 1.07152,
        "decode_gib_s": 611.0738979298462,
        "decode_ns_iters": [
          1075744,
          1074720,
          1074784,
          1075872,
          1088416,
          1072320,
          1073056,
          1072960,
          1073024,
          1075232,
          1073984,
          1074304,
          1086336,
          1074560,
          1075584,
          1089792,
          1076224,
          1074112,
          1076000,
          1072768,
          1075072,
          1072736,
          1074112,
          1072448,
          1076224,
          1072608,
          1074272,
          1071520,
          1075584,
          1072416
        ],
        "applicable": true
      },
      {
        "kernel": "onpair_shmem_4tpt_b512o3",
        "decode_ms": 1.088608,
        "decode_gib_s": 601.4818034680885,
        "decode_ns_iters": [
          1090272,
          1089536,
          1106272,
          1088672,
          1092608,
          1104224,
          1090112,
          1091136,
          1089600,
          1089376,
          1091840,
          1090464,
          1088608,
          1107200,
          1089856,
          1108608,
          1088800,
          1090816,
          1106336,
          1091136,
          1089792,
          1089888,
          1090016,
          1091648,
          1089856,
          1089408,
          1090688,
          1090944,
          1090560,
          1089664
        ],
        "applicable": true
      },
      {
        "kernel": "onpair_shmem_4tpt_b128o12",
        "decode_ms": 1.057632,
        "decode_gib_s": 619.0980446032163,
        "decode_ns_iters": [
          1066272,
          1067648,
          1067424,
          1068640,
          1066816,
          1065728,
          1065888,
          1066784,
          1066624,
          1066304,
          1061248,
          1067264,
          1067040,
          1066880,
          1081184,
          1061248,
          1073632,
          1059968,
          1061280,
          1058208,
          1060416,
          1057632,
          1060096,
          1059008,
          1068064,
          1063648,
          1067328,
          1059520,
          1060864,
          1059648
        ],
        "applicable": true
      },
      {
        "kernel": "onpair_shmem_4tpt_b64",
        "decode_ms": 1.0592,
        "decode_gib_s": 618.1815550507825,
        "decode_ns_iters": [
          1067648,
          1063232,
          1070528,
          1068992,
          1070336,
          1068832,
          1069472,
          1069216,
          1063168,
          1063648,
          1070112,
          1069024,
          1087328,
          1071936,
          1061344,
          1063072,
          1062656,
          1061824,
          1068800,
          1059200,
          1071488,
          1070752,
          1071392,
          1069408,
          1069056,
          1084192,
          1065728,
          1067936,
          1064864,
          1061600
        ],
        "applicable": true
      },
      {
        "kernel": "onpair_shmem_4tpt_b64o24",
        "decode_ms": 1.061856,
        "decode_gib_s": 616.6353094108701,
        "decode_ns_iters": [
          1075616,
          1069568,
          1084640,
          1071520,
          1082816,
          1072512,
          1061856,
          1062464,
          1082464,
          1063136,
          1068448,
          1061952,
          1062912,
          1070976,
          1070752,
          1071328,
          1064000,
          1063776,
          1075904,
          1063552,
          1070496,
          1068896,
          1082304,
          1064000,
          1084896,
          1072192,
          1064896,
          1067328,
          1071904,
          1069952
        ],
        "applicable": true
      },
      {
        "kernel": "onpair_shmem_4tpt_split8read_b128o12",
        "decode_ms": 1.059072,
        "decode_gib_s": 618.2562687992779,
        "decode_ns_iters": [
          1059072,
          1064224,
          1065824,
          1066560,
          1065312,
          1059584,
          1061472,
          1065632,
          1059584,
          1066944,
          1065184,
          1064800,
          1064512,
          1066496,
          1080704,
          1066624,
          1064960,
          1066464,
          1064256,
          1065728,
          1067360,
          1066912,
          1064736,
          1066336,
          1066720,
          1083072,
          1065568,
          1064864,
          1064512,
          1080576
        ],
        "applicable": true
      },
      {
        "kernel": "onpair_shmem_4tpt_split8read_occ",
        "decode_ms": 1.142304,
        "decode_gib_s": 573.2080979404684,
        "decode_ns_iters": [
          1143936,
          1144384,
          1142848,
          1156128,
          1143936,
          1144288,
          1142784,
          1144192,
          1157568,
          1142912,
          1143904,
          1158400,
          1144224,
          1143584,
          1144256,
          1143136,
          1158048,
          1143328,
          1142304,
          1143296,
          1143456,
          1144608,
          1144800,
          1155584,
          1159392,
          1144288,
          1144864,
          1145408,
          1143648,
          1144512
        ],
        "applicable": true
      },
      {
        "kernel": "onpair_shmem_4tpt_split8",
        "decode_ms": 1.215328,
        "decode_gib_s": 538.7664096522,
        "decode_ns_iters": [
          1216768,
          1217280,
          1216256,
          1217376,
          1217504,
          1232096,
          1218176,
          1231456,
          1215968,
          1216064,
          1216960,
          1216576,
          1216896,
          1217824,
          1217600,
          1218496,
          1216576,
          1215776,
          1216032,
          1217312,
          1217920,
          1217760,
          1218464,
          1217280,
          1215328,
          1215680,
          1217888,
          1216000,
          1217120,
          1217536
        ],
        "applicable": true
      },
      {
        "kernel": "onpair_shmem_4tpt_split8_wpb8",
        "decode_ms": 1.219456,
        "decode_gib_s": 536.9426228660885,
        "decode_ns_iters": [
          1221856,
          1219456,
          1220960,
          1221440,
          1222976,
          1236640,
          1220448,
          1237568,
          1220288,
          1221152,
          1233472,
          1221056,
          1222848,
          1233984,
          1220480,
          1221504,
          1221440,
          1220512,
          1220864,
          1220544,
          1222144,
          1220128,
          1219872,
          1222144,
          1236992,
          1220448,
          1222720,
          1220384,
          1222656,
          1220992
        ],
        "applicable": true
      },
      {
        "kernel": "onpair_shmem_4tpt_split8_wpb8_occ",
        "decode_ms": 1.165824,
        "decode_gib_s": 561.6438700093572,
        "decode_ns_iters": [
          1166240,
          1180992,
          1167488,
          1168256,
          1168288,
          1166528,
          1183328,
          1182240,
          1167424,
          1166912,
          1169600,
          1166464,
          1166080,
          1167488,
          1182528,
          1168480,
          1165824,
          1166240,
          1167872,
          1167392,
          1167936,
          1166720,
          1167552,
          1167808,
          1166272,
          1166112,
          1166752,
          1181504,
          1167296,
          1166912
        ],
        "applicable": true
      },
      {
        "kernel": "onpair_shmem_4tpt_pdict",
        "decode_ms": 0.0,
        "decode_gib_s": 0.0,
        "applicable": false,
        "reason": "padded dict needs 1130752 B shared, over 102400 B cap"
      },
      {
        "kernel": "onpair_shmem_4tpt_vdict",
        "decode_ms": 0.0,
        "decode_gib_s": 0.0,
        "applicable": false,
        "reason": "packed dict needs 483952 B shared, over 102400 B cap"
      },
      {
        "kernel": "onpair_shmem_4tpt_split8read",
        "decode_ms": 1.196096,
        "decode_gib_s": 547.4292223281316,
        "decode_ns_iters": [
          1211776,
          1197344,
          1212192,
          1199040,
          1201696,
          1197344,
          1199776,
          1197088,
          1198976,
          1197760,
          1199168,
          1198624,
          1196384,
          1198688,
          1214944,
          1198400,
          1197216,
          1213312,
          1197632,
          1198272,
          1211008,
          1215488,
          1200256,
          1211648,
          1199360,
          1196096,
          1214400,
          1211424,
          1198688,
          1199584
        ],
        "applicable": true
      },
      {
        "kernel": "onpair_shmem_4tpt_ldcs",
        "decode_ms": 1.135264,
        "decode_gib_s": 576.762676443355,
        "decode_ns_iters": [
          1141056,
          1143008,
          1141952,
          1140352,
          1141728,
          1143584,
          1161216,
          1154432,
          1142880,
          1141760,
          1141184,
          1143488,
          1141568,
          1142016,
          1141024,
          1143296,
          1140480,
          1136512,
          1136928,
          1135264,
          1143200,
          1157472,
          1142816,
          1143744,
          1140992,
          1159936,
          1142976,
          1142656,
          1143200,
          1143456
        ],
        "applicable": true
      },
      {
        "kernel": "onpair_shmem_4tpt_lenbucket",
        "decode_ms": 0.0,
        "decode_gib_s": 0.0,
        "applicable": false,
        "reason": "length-bucket dict not built (set ONPAIR_DICT_REORDER=lenbucket)"
      },
      {
        "kernel": "onpair_shmem_4tpt_lenbucket_b128",
        "decode_ms": 0.0,
        "decode_gib_s": 0.0,
        "applicable": false,
        "reason": "length-bucket dict not built (set ONPAIR_DICT_REORDER=lenbucket)"
      },
      {
        "kernel": "onpair_shmem_4tpt_regcache",
        "decode_ms": 1.163552,
        "decode_gib_s": 562.740559175515,
        "decode_ns_iters": [
          1167392,
          1165824,
          1165632,
          1164000,
          1166368,
          1164096,
          1164448,
          1164672,
          1165696,
          1166432,
          1179648,
          1165728,
          1166176,
          1166688,
          1166784,
          1165248,
          1166752,
          1177632,
          1176832,
          1164832,
          1165120,
          1166112,
          1164288,
          1163616,
          1164640,
          1165664,
          1166368,
          1163552,
          1167456,
          1166336
        ],
        "applicable": true
      },
      {
        "kernel": "onpair_shmem_4tpt_split4read",
        "decode_ms": 1.33904,
        "decode_gib_s": 488.9905477878098,
        "decode_ns_iters": [
          1341696,
          1341248,
          1357056,
          1340672,
          1341984,
          1339040,
          1341952,
          1342176,
          1340000,
          1340288,
          1341088,
          1340640,
          1352352,
          1342368,
          1341312,
          1354400,
          1339744,
          1357152,
          1339616,
          1340928,
          1343552,
          1341632,
          1357184,
          1342336,
          1340864,
          1340032,
          1340960,
          1355552,
          1339968,
          1339968
        ],
        "applicable": true
      },
      {
        "kernel": "onpair_shmem_4tpt_split4read_b128o12",
        "decode_ms": 1.348064,
        "decode_gib_s": 485.7172234476916,
        "decode_ns_iters": [
          1349248,
          1349056,
          1349632,
          1348064,
          1351392,
          1349792,
          1351680,
          1349920,
          1350592,
          1351904,
          1350592,
          1348768,
          1364576,
          1352416,
          1349824,
          1352768,
          1350496,
          1348608,
          1364128,
          1350176,
          1350432,
          1349728,
          1350400,
          1349696,
          1364064,
          1349728,
          1350400,
          1350880,
          1349120,
          1351680
        ],
        "applicable": true
      },
      {
        "kernel": "onpair_shmem_4tpt_cluster_dsmem",
        "decode_ms": 4.833536,
        "decode_gib_s": 135.4656100854093,
        "decode_ns_iters": [
          4848000,
          4847776,
          4844832,
          4852864,
          4843968,
          4853568,
          4834880,
          4833536,
          4842816,
          4847392,
          4851040,
          4841440,
          4839840,
          4852832,
          4841152,
          4849696,
          4842976,
          4866624,
          4848960,
          4848544,
          4836320,
          4841120,
          4846016,
          4837152,
          4841344,
          4848064,
          4837952,
          4837408,
          4851168,
          4839872
        ],
        "applicable": true
      },
      {
        "kernel": "onpair_shmem_8tpt",
        "decode_ms": 1.100736,
        "decode_gib_s": 594.8546273673151,
        "decode_ns_iters": [
          1107264,
          1108832,
          1108352,
          1107392,
          1109760,
          1108288,
          1108384,
          1108288,
          1109568,
          1109024,
          1122752,
          1107840,
          1101920,
          1101856,
          1109120,
          1100736,
          1111008,
          1109568,
          1122976,
          1123904,
          1102592,
          1107072,
          1109632,
          1109056,
          1109088,
          1109376,
          1109824,
          1109760,
          1108288,
          1106656
        ],
        "applicable": true
      },
      {
        "kernel": "onpair_shmem_8tpt_b128",
        "decode_ms": 1.09424,
        "decode_gib_s": 598.3860059125867,
        "decode_ns_iters": [
          1094304,
          1095808,
          1096480,
          1096256,
          1112672,
          1095616,
          1097632,
          1096608,
          1096768,
          1097376,
          1096288,
          1096768,
          1109088,
          1097440,
          1096832,
          1097504,
          1095392,
          1094240,
          1110464,
          1097184,
          1098080,
          1108032,
          1097056,
          1109888,
          1096480,
          1095264,
          1095552,
          1097696,
          1098688,
          1097952
        ],
        "applicable": true
      },
      {
        "kernel": "onpair_shmem_4tpt_vwidth",
        "decode_ms": 3.297344,
        "decode_gib_s": 198.57737109315525,
        "decode_ns_iters": [
          3297344,
          3299744,
          3300032,
          3325024,
          3301376,
          3302048,
          3301152,
          3300896,
          3318784,
          3302144,
          3300320,
          3313696,
          3299488,
          3301472,
          3300576,
          3300608,
          3301216,
          3299776,
          3300096,
          3300928,
          3300896,
          3313824,
          3301312,
          3299264,
          3302496,
          3297984,
          3300224,
          3299744,
          3300768,
          3301280
        ],
        "applicable": true
      },
      {
        "kernel": "onpair_shmem_4tpt_vwidth_b128",
        "decode_ms": 3.967776,
        "decode_gib_s": 165.02390838338377,
        "decode_ns_iters": [
          3981184,
          3968704,
          3970304,
          3968992,
          3970432,
          3969440,
          3968256,
          3983808,
          3968128,
          3969248,
          3970016,
          3971392,
          3970592,
          3985024,
          3982432,
          3970912,
          3968800,
          3970112,
          3967776,
          3969216,
          3969312,
          3971072,
          3969952,
          3969472,
          3970784,
          3984672,
          3970304,
          3970464,
          3982208,
          3969952
        ],
        "applicable": true
      },
      {
        "kernel": "onpair_shmem_4tpt_vwidth4",
        "decode_ms": 1.300384,
        "decode_gib_s": 503.5265760804416,
        "decode_ns_iters": [
          1308288,
          1323296,
          1310080,
          1324096,
          1311104,
          1308256,
          1309088,
          1306528,
          1309408,
          1302720,
          1327680,
          1300384,
          1310464,
          1310592,
          1309024,
          1309696,
          1303968,
          1310016,
          1308064,
          1347968,
          1308160,
          1310560,
          1309280,
          1312288,
          1308960,
          1309792,
          1310016,
          1310432,
          1310528,
          1310624
        ],
        "applicable": true
      },
      {
        "kernel": "onpair_shmem_4tpt_vwidth4_b128",
        "decode_ms": 1.148192,
        "decode_gib_s": 570.2686511574622,
        "decode_ns_iters": [
          1154624,
          1156672,
          1156288,
          1157472,
          1153024,
          1157792,
          1172288,
          1150016,
          1156480,
          1169184,
          1148192,
          1157408,
          1148320,
          1151424,
          1158112,
          1156352,
          1156352,
          1155840,
          1157440,
          1164064,
          1163008,
          1156320,
          1157952,
          1158592,
          1149568,
          1156320,
          1155776,
          1156352,
          1158176,
          1158624
        ],
        "applicable": true
      },
      {
        "kernel": "onpair_shmem_4tpt_shdict8",
        "decode_ms": 0.0,
        "decode_gib_s": 0.0,
        "applicable": false,
        "reason": "dict_s8 + staging needs 606464 B shared, over 229376 B cap"
      },
      {
        "kernel": "onpair_shmem_4tpt_ablate",
        "decode_ms": 1.058368,
        "decode_gib_s": 618.6675174511973,
        "decode_ns_iters": [
          1076864,
          1066656,
          1065536,
          1065312,
          1060192,
          1058368,
          1060704,
          1067840,
          1067968,
          1066080,
          1065216,
          1067968,
          1058912,
          1068224,
          1063904,
          1068672,
          1060128,
          1068544,
          1067136,
          1065312,
          1080704,
          1067040,
          1068096,
          1066624,
          1068128,
          1065984,
          1067776,
          1068160,
          1065664,
          1067872
        ],
        "applicable": true
      },
      {
        "kernel": "onpair_shmem_4tpt_ablate_nogather",
        "decode_ms": 0.614912,
        "decode_gib_s": 1064.8318834398888,
        "decode_ns_iters": [
          648384,
          641856,
          643616,
          650080,
          652192,
          617728,
          650528,
          651424,
          653696,
          643488,
          665312,
          650752,
          652224,
          652288,
          617568,
          626976,
          650496,
          665344,
          663104,
          649376,
          652032,
          650464,
          650112,
          670816,
          651648,
          614912,
          644704,
          650080,
          666848,
          651264
        ],
        "applicable": true
      },
      {
        "kernel": "onpair_shmem_4tpt_ablate_noemit",
        "decode_ms": 0.291648,
        "decode_gib_s": 2245.0964968379308,
        "decode_ns_iters": [
          331584,
          336032,
          333088,
          335136,
          336192,
          317344,
          291648,
          292896,
          293024,
          333952,
          342368,
          330080,
          331616,
          293408,
          294080,
          332832,
          329952,
          298272,
          334368,
          334496,
          334912,
          347936,
          332960,
          334272,
          329120,
          334976,
          333312,
          337088,
          334304,
          332672
        ],
        "applicable": true
      },
      {
        "kernel": "onpair_shmem_4tpt_ablate_nodrain",
        "decode_ms": 0.983552,
        "decode_gib_s": 665.7277938632517,
        "decode_ns_iters": [
          995360,
          992544,
          1004352,
          991072,
          993888,
          992416,
          994208,
          991904,
          994368,
          991584,
          991968,
          991168,
          993504,
          987360,
          987008,
          992192,
          986688,
          984352,
          992416,
          992800,
          986400,
          986112,
          991584,
          983552,
          1008480,
          985984,
          1001056,
          992064,
          995808,
          993600
        ],
        "applicable": true
      },
      {
        "kernel": "onpair_shmem_4tpt_ablate_noscan",
        "decode_ms": 0.8784,
        "decode_gib_s": 745.421110097665,
        "decode_ns_iters": [
          883264,
          885984,
          885696,
          901376,
          902464,
          885216,
          885696,
          887648,
          886720,
          884992,
          887328,
          887072,
          887296,
          886240,
          887392,
          878912,
          899104,
          878400,
          879232,
          898592,
          885696,
          885280,
          888064,
          887552,
          887744,
          887200,
          888064,
          887584,
          885120,
          902112
        ],
        "applicable": true
      },
      {
        "kernel": "onpair_shmem_4tpt_ablate_cfree",
        "decode_ms": 0.989248,
        "decode_gib_s": 661.8945937821344,
        "decode_ns_iters": [
          990528,
          990080,
          990176,
          991552,
          1005024,
          991552,
          992928,
          991744,
          992224,
          989696,
          1003424,
          992896,
          1004672,
          989984,
          992896,
          991008,
          991264,
          1006912,
          990112,
          990432,
          991872,
          1006336,
          992256,
          1003808,
          1005728,
          990752,
          1006976,
          992320,
          989248,
          991936
        ],
        "applicable": true
      },
      {
        "kernel": "onpair_shmem_s8",
        "decode_ms": 0.0,
        "decode_gib_s": 0.0,
        "applicable": false,
        "reason": "dictionary entry longer than 8 bytes"
      },
      {
        "kernel": "onpair_shmem_s8_2tpt",
        "decode_ms": 0.0,
        "decode_gib_s": 0.0,
        "applicable": false,
        "reason": "dictionary entry longer than 8 bytes"
      },
      {
        "kernel": "onpair_shmem_s8_4tpt",
        "decode_ms": 0.0,
        "decode_gib_s": 0.0,
        "applicable": false,
        "reason": "dictionary entry longer than 8 bytes"
      },
      {
        "kernel": "onpair_shmem_s8_8tpt",
        "decode_ms": 0.0,
        "decode_gib_s": 0.0,
        "applicable": false,
        "reason": "dictionary entry longer than 8 bytes"
      },
      {
        "kernel": "onpair_shmem_s4l1",
        "decode_ms": 0.0,
        "decode_gib_s": 0.0,
        "applicable": false,
        "reason": "dictionary entry longer than 4 bytes"
      },
      {
        "kernel": "onpair_shmem_s4l1_2tpt",
        "decode_ms": 0.0,
        "decode_gib_s": 0.0,
        "applicable": false,
        "reason": "dictionary entry longer than 4 bytes"
      },
      {
        "kernel": "onpair_shmem_s4l1_4tpt",
        "decode_ms": 0.0,
        "decode_gib_s": 0.0,
        "applicable": false,
        "reason": "dictionary entry longer than 4 bytes"
      },
      {
        "kernel": "onpair_shmem_s4l1_8tpt",
        "decode_ms": 0.0,
        "decode_gib_s": 0.0,
        "applicable": false,
        "reason": "dictionary entry longer than 4 bytes"
      },
      {
        "kernel": "onpair_shmem_s4l1_16tpt",
        "decode_ms": 0.0,
        "decode_gib_s": 0.0,
        "applicable": false,
        "reason": "dictionary entry longer than 4 bytes"
      },
      {
        "kernel": "onpair_shmem_s4l1_32tpt",
        "decode_ms": 0.0,
        "decode_gib_s": 0.0,
        "applicable": false,
        "reason": "dictionary entry longer than 4 bytes"
      },
      {
        "kernel": "onpair_shmem_const1",
        "decode_ms": 0.0,
        "decode_gib_s": 0.0,
        "applicable": false,
        "reason": "not every dictionary entry is exactly 1 byte"
      },
      {
        "kernel": "onpair_shmem_const2",
        "decode_ms": 0.0,
        "decode_gib_s": 0.0,
        "applicable": false,
        "reason": "not every dictionary entry is exactly 2 bytes"
      }
    ]
  }
}
==PROF== Disconnected from process 31952
==PROF== Report: /home/ubuntu/work/ncu_costsurface_wikipedia_text_b16.ncu-rep
