==PROF== Connected to process 20565 (/home/ubuntu/work/target/release/onpair-chunk-bench)
2026-07-06T03:26:47.221890Z  INFO vortex_cuda: vortex-cuda/src/lib.rs:111: Registering CUDA kernels
==WARNING== Unable to access the following 6 metrics: ctc__rx_bytes_data_user.sum, ctc__rx_bytes_data_user.sum.pct_of_peak_sustained_elapsed, ctc__rx_bytes_data_user.sum.per_second, ctc__tx_bytes_data_user.sum, ctc__tx_bytes_data_user.sum.pct_of_peak_sustained_elapsed, ctc__tx_bytes_data_user.sum.per_second.


==PROF== Profiling "onpair_shmem_4tpt": 0%....50%....100% - 40 passes
==PROF== Profiling "onpair_shmem_4tpt": 0%....50%....100% - 40 passes
==PROF== Profiling "onpair_shmem_4tpt": 0%....50%....100% - 40 passes
==PROF== Profiling "onpair_shmem_4tpt": 0%....50%....100% - 40 passes
==PROF== Profiling "onpair_shmem_4tpt": 0%....50%....100% - 40 passes
==PROF== Profiling "onpair_shmem_4tpt": 0%....50%....100% - 40 passes
==PROF== Profiling "onpair_shmem_4tpt": 0%....50%....100% - 40 passes
==PROF== Profiling "onpair_shmem_4tpt": 0%....50%....100% - 40 passes
==PROF== Profiling "onpair_shmem_4tpt": 0%....50%....100% - 40 passes
==PROF== Profiling "onpair_shmem_4tpt": 0%....50%....100% - 40 passes
==PROF== Profiling "onpair_shmem_4tpt": 0%....50%....100% - 40 passes
==PROF== Profiling "onpair_shmem_4tpt": 0%....50%....100% - 40 passes
==PROF== Profiling "onpair_shmem_4tpt": 0%....50%....100% - 40 passes
==PROF== Profiling "onpair_shmem_4tpt": 0%....50%....100% - 40 passes
==PROF== Profiling "onpair_shmem_4tpt": 0%....50%....100% - 40 passes
==PROF== Profiling "onpair_shmem_4tpt": 0%....50%....100% - 40 passes
{
  "files": [
    "/home/ubuntu/work/vortex-bench/data/onpair-bench/tpch-sf10/l_shipinstruct/bits12_chunk1000mb_thr0.20/part_0000.vortex"
  ],
  "column": "l_shipinstruct",
  "rows": 59986052,
  "in_memory_bytes": 64498914,
  "dict_bytes": 436,
  "gpu": {
    "iterations": 30,
    "decoded_bytes": 719788494,
    "chunks": 1,
    "auto_kernel": "onpair_shmem_4tpt_b128o12",
    "frac_le8": 0.40003875,
    "dict_mean_len": 9.599654,
    "dict_max_len": 16,
    "dict_entries_max": 297,
    "small_dict": true,
    "distinct_codes": 5,
    "access_top4096_frac": 1.0,
    "compressed_bytes": 149962075,
    "h2d_gib_s": 10.07143893206168,
    "whole_decompress_gib_s": 46.748558142612964,
    "best_kernel": "onpair_shmem_4tpt_b128o12",
    "auto_decode_ms": 0.472352,
    "best_decode_ms": 0.472352,
    "validated": false,
    "auto_decode_gib_s": 1419.1858474414798,
    "best_decode_gib_s": 1419.1858474414798,
    "kernels": [
      {
        "kernel": "onpair_shmem",
        "decode_ms": 0.66192,
        "decode_gib_s": 1012.7436448674733,
        "decode_ns_iters": [
          673440,
          668416,
          679872,
          670720,
          685568,
          679168,
          671424,
          669856,
          694880,
          684608,
          679680,
          670624,
          671968,
          672672,
          669312,
          680512,
          661920,
          672960,
          684992,
          672704,
          671008,
          672288,
          671808,
          670496,
          678048,
          674624,
          671968,
          671008,
          672192,
          685728
        ],
        "applicable": true
      },
      {
        "kernel": "onpair_shmem_2tpt",
        "decode_ms": 0.52896,
        "decode_gib_s": 1267.3080637679182,
        "decode_ns_iters": [
          528960,
          540608,
          540224,
          534688,
          535264,
          533696,
          542656,
          531680,
          543488,
          534240,
          534912,
          534656,
          541504,
          536480,
          532576,
          533056,
          541152,
          541376,
          536448,
          533888,
          548992,
          533728,
          534432,
          545664,
          535296,
          538496,
          534464,
          534592,
          547936,
          534368
        ],
        "applicable": true
      },
      {
        "kernel": "onpair_shmem_4tpt",
        "decode_ms": 0.529088,
        "decode_gib_s": 1267.001469340975,
        "decode_ns_iters": [
          2948797226,
          2940965176,
          2949597836,
          2960118771,
          2942976952,
          2969580173,
          2941522121,
          2931149006,
          2974444389,
          2952549219,
          2962325573,
          2939828873,
          2950726509,
          2970621824,
          599136,
          569152,
          568992,
          568960,
          568736,
          569216,
          584128,
          582304,
          567424,
          538560,
          529088,
          571680,
          569472,
          577504,
          569024,
          571136
        ],
        "applicable": true
      },
      {
        "kernel": "onpair_shmem_4tpt_wpb8",
        "decode_ms": 0.48128,
        "decode_gib_s": 1392.8591950853513,
        "decode_ns_iters": [
          517536,
          517824,
          524000,
          516640,
          522624,
          538432,
          519008,
          523488,
          515200,
          496384,
          481792,
          521472,
          517920,
          523680,
          521952,
          489920,
          522272,
          490656,
          522816,
          519104,
          524704,
          520960,
          534720,
          522016,
          524320,
          518080,
          523392,
          491296,
          482592,
          481280
        ],
        "applicable": true
      },
      {
        "kernel": "onpair_shmem_4tpt_wpb8_occ",
        "decode_ms": 0.484576,
        "decode_gib_s": 1383.3852138997347,
        "decode_ns_iters": [
          517504,
          516128,
          515520,
          508768,
          511360,
          521376,
          534304,
          535456,
          515008,
          517984,
          529536,
          532384,
          527552,
          530656,
          517472,
          517024,
          519360,
          529088,
          484576,
          512704,
          512512,
          517376,
          517664,
          516896,
          517216,
          517536,
          517536,
          517888,
          517568,
          517056
        ],
        "applicable": true
      },
      {
        "kernel": "onpair_shmem_4tpt_b128",
        "decode_ms": 0.475168,
        "decode_gib_s": 1410.7752908669731,
        "decode_ns_iters": [
          514976,
          495520,
          475168,
          514560,
          514880,
          514016,
          513984,
          513280,
          514240,
          513280,
          514048,
          526528,
          526944,
          513888,
          480544,
          513536,
          514144,
          513024,
          514272,
          513728,
          515616,
          514528,
          514144,
          512800,
          515936,
          512000,
          527552,
          555584,
          528000,
          527456
        ],
        "applicable": true
      },
      {
        "kernel": "onpair_shmem_4tpt_o6",
        "decode_ms": 0.472992,
        "decode_gib_s": 1417.265563499336,
        "decode_ns_iters": [
          513888,
          508608,
          481216,
          516480,
          513216,
          527232,
          507744,
          516640,
          513888,
          513984,
          513792,
          480768,
          472992,
          475072,
          502464,
          522208,
          528928,
          510688,
          514304,
          509856,
          513504,
          513984,
          515232,
          482080,
          473792,
          518272,
          509248,
          508256,
          513728,
          507808
        ],
        "applicable": true
      },
      {
        "kernel": "onpair_shmem_4tpt_b512o3",
        "decode_ms": 0.48656,
        "decode_gib_s": 1377.7443139811696,
        "decode_ns_iters": [
          533376,
          518880,
          486688,
          520864,
          520352,
          519904,
          518976,
          517920,
          519840,
          519488,
          518976,
          518592,
          519840,
          520224,
          520384,
          518144,
          520576,
          518880,
          515776,
          519552,
          519008,
          496832,
          528160,
          486560,
          511392,
          518816,
          512192,
          519872,
          495456,
          534976
        ],
        "applicable": true
      },
      {
        "kernel": "onpair_shmem_4tpt_b128o12",
        "decode_ms": 0.472352,
        "decode_gib_s": 1419.1858474414798,
        "decode_ns_iters": [
          514176,
          514336,
          513152,
          526656,
          515040,
          514592,
          514112,
          528672,
          528064,
          513920,
          513024,
          481440,
          472352,
          514592,
          528544,
          516704,
          529536,
          513472,
          480896,
          528576,
          520224,
          525888,
          515392,
          514336,
          508736,
          505600,
          509504,
          482432,
          515616,
          516096
        ],
        "applicable": true
      },
      {
        "kernel": "onpair_shmem_4tpt_b64",
        "decode_ms": 0.474272,
        "decode_gib_s": 1413.4405434237692,
        "decode_ns_iters": [
          513664,
          513568,
          513184,
          514112,
          514272,
          514368,
          526656,
          514784,
          480864,
          474272,
          514560,
          507552,
          515392,
          508800,
          482784,
          506688,
          513472,
          513376,
          505984,
          513056,
          514848,
          513472,
          513536,
          505920,
          514752,
          504064,
          534112,
          529632,
          512416,
          513056
        ],
        "applicable": true
      },
      {
        "kernel": "onpair_shmem_4tpt_b64o24",
        "decode_ms": 0.473984,
        "decode_gib_s": 1414.2993717312777,
        "decode_ns_iters": [
          511424,
          510848,
          509056,
          531392,
          516896,
          523776,
          521280,
          527424,
          527168,
          513536,
          513280,
          511040,
          510432,
          509600,
          511840,
          513664,
          515488,
          515808,
          513344,
          481952,
          473984,
          488736,
          513504,
          513344,
          514560,
          526400,
          506592,
          513728,
          507776,
          515808
        ],
        "applicable": true
      },
      {
        "kernel": "onpair_shmem_4tpt_split8read_b128o12",
        "decode_ms": 0.48128,
        "decode_gib_s": 1392.8591950853513,
        "decode_ns_iters": [
          482048,
          481568,
          481280,
          525728,
          529824,
          524160,
          524864,
          522944,
          526528,
          522624,
          516768,
          523456,
          524224,
          523168,
          517376,
          491136,
          523936,
          517056,
          523040,
          524192,
          525120,
          525024,
          517344,
          514880,
          517952,
          518272,
          519392,
          523360,
          520864,
          492096
        ],
        "applicable": true
      },
      {
        "kernel": "onpair_shmem_4tpt_split8read_occ",
        "decode_ms": 0.478464,
        "decode_gib_s": 1401.0568682506478,
        "decode_ns_iters": [
          486848,
          485696,
          478464,
          527456,
          525824,
          524704,
          525952,
          525664,
          527424,
          524832,
          525568,
          526976,
          490688,
          526208,
          524704,
          526080,
          524896,
          525248,
          524992,
          520640,
          519584,
          491232,
          526336,
          525088,
          525824,
          525600,
          500928,
          485792,
          526688,
          521024
        ],
        "applicable": true
      },
      {
        "kernel": "onpair_shmem_4tpt_split8",
        "decode_ms": 0.588896,
        "decode_gib_s": 1138.325397711443,
        "decode_ns_iters": [
          623008,
          620640,
          635072,
          621984,
          622432,
          622304,
          623232,
          622016,
          622848,
          620000,
          636192,
          619712,
          621280,
          622784,
          620576,
          623488,
          621920,
          622304,
          588896,
          614976,
          618464,
          614656,
          621984,
          620800,
          636768,
          619776,
          622944,
          622272,
          621600,
          620448
        ],
        "applicable": true
      },
      {
        "kernel": "onpair_shmem_4tpt_split8_wpb8",
        "decode_ms": 0.564416,
        "decode_gib_s": 1187.697147867314,
        "decode_ns_iters": [
          598912,
          602592,
          606016,
          604544,
          604192,
          598528,
          613280,
          598688,
          568544,
          565696,
          597504,
          605632,
          598624,
          605504,
          612672,
          609696,
          597568,
          611392,
          612512,
          574368,
          564416,
          564960,
          591648,
          594816,
          591872,
          606912,
          609312,
          608832,
          603712,
          602944
        ],
        "applicable": true
      },
      {
        "kernel": "onpair_shmem_4tpt_split8_wpb8_occ",
        "decode_ms": 0.553184,
        "decode_gib_s": 1211.8124772420713,
        "decode_ns_iters": [
          553184,
          599744,
          588096,
          606048,
          595328,
          565280,
          558272,
          558464,
          590560,
          588192,
          595712,
          600608,
          605376,
          591360,
          591040,
          593216,
          592512,
          590688,
          592800,
          591456,
          563712,
          595168,
          592960,
          593056,
          599136,
          590816,
          592800,
          592096,
          590944,
          610336
        ],
        "applicable": true
      },
      {
        "kernel": "onpair_shmem_4tpt_pdict",
        "decode_ms": 0.64112,
        "decode_gib_s": 1045.600314154414,
        "decode_ns_iters": [
          668608,
          678048,
          641120,
          676928,
          670624,
          659040,
          674112,
          669600,
          666880,
          667904,
          664640,
          666592,
          671552,
          674080,
          666144,
          672416,
          686912,
          671872,
          666816,
          665536,
          668768,
          665120,
          642784,
          679808,
          666848,
          689248,
          676480,
          667168,
          670304,
          680224
        ],
        "applicable": true
      },
      {
        "kernel": "onpair_shmem_4tpt_vdict",
        "decode_ms": 0.980832,
        "decode_gib_s": 683.4557532897355,
        "decode_ns_iters": [
          987744,
          980832,
          988512,
          987616,
          987360,
          991424,
          990048,
          985088,
          986016,
          982752,
          988704,
          986848,
          989824,
          987328,
          985120,
          982912,
          1002496,
          981888,
          988672,
          989408,
          991552,
          992640,
          990656,
          990208,
          989888,
          985344,
          989216,
          1006816,
          1004512,
          992672
        ],
        "applicable": true
      },
      {
        "kernel": "onpair_shmem_4tpt_split8read",
        "decode_ms": 0.508768,
        "decode_gib_s": 1317.6050251011814,
        "decode_ns_iters": [
          550208,
          550720,
          548096,
          554144,
          548640,
          549376,
          548640,
          548416,
          517312,
          510176,
          562496,
          534912,
          541376,
          548544,
          548736,
          563072,
          542496,
          543680,
          547968,
          518080,
          508768,
          549312,
          544320,
          547904,
          548896,
          547936,
          550624,
          552928,
          550656,
          541376
        ],
        "applicable": true
      },
      {
        "kernel": "onpair_shmem_4tpt_ldcs",
        "decode_ms": 0.502752,
        "decode_gib_s": 1333.3716691543304,
        "decode_ns_iters": [
          546144,
          547232,
          545504,
          511456,
          505888,
          538944,
          539040,
          545728,
          540672,
          546336,
          544288,
          540608,
          544768,
          512224,
          545152,
          538816,
          539392,
          543712,
          544384,
          541888,
          543968,
          545856,
          545536,
          514144,
          504736,
          506624,
          502752,
          540288,
          544448,
          541152
        ],
        "applicable": true
      },
      {
        "kernel": "onpair_shmem_4tpt_lenbucket",
        "decode_ms": 0.0,
        "decode_gib_s": 0.0,
        "applicable": false,
        "reason": "length-bucket dict not built (set ONPAIR_DICT_REORDER=lenbucket)"
      },
      {
        "kernel": "onpair_shmem_4tpt_lenbucket_b128",
        "decode_ms": 0.0,
        "decode_gib_s": 0.0,
        "applicable": false,
        "reason": "length-bucket dict not built (set ONPAIR_DICT_REORDER=lenbucket)"
      },
      {
        "kernel": "onpair_shmem_4tpt_regcache",
        "decode_ms": 0.577344,
        "decode_gib_s": 1161.1020005589007,
        "decode_ns_iters": [
          608960,
          608128,
          614656,
          612128,
          612704,
          616736,
          586688,
          577344,
          616384,
          613952,
          615712,
          629184,
          617088,
          616832,
          582528,
          617440,
          615552,
          616608,
          615456,
          615808,
          629856,
          616288,
          616672,
          584256,
          579552,
          616384,
          631456,
          617344,
          615040,
          618624
        ],
        "applicable": true
      },
      {
        "kernel": "onpair_shmem_4tpt_split4read",
        "decode_ms": 0.515392,
        "decode_gib_s": 1300.6706999927783,
        "decode_ns_iters": [
          555456,
          555616,
          555936,
          554944,
          557568,
          557024,
          525056,
          517120,
          515392,
          515840,
          552832,
          549632,
          555840,
          555296,
          555648,
          558016,
          555392,
          556448,
          554976,
          556512,
          556544,
          522912,
          558240,
          556544,
          556064,
          556800,
          556288,
          555904,
          558112,
          570912
        ],
        "applicable": true
      },
      {
        "kernel": "onpair_shmem_4tpt_split4read_b128o12",
        "decode_ms": 0.478656,
        "decode_gib_s": 1400.4948719136037,
        "decode_ns_iters": [
          518880,
          518592,
          518368,
          517376,
          518816,
          518688,
          520224,
          520704,
          520480,
          485760,
          478656,
          480736,
          517888,
          520992,
          516736,
          519456,
          517760,
          519264,
          519296,
          519584,
          520000,
          518560,
          517760,
          519872,
          518880,
          519328,
          518784,
          518368,
          520576,
          519840
        ],
        "applicable": true
      },
      {
        "kernel": "onpair_shmem_4tpt_cluster_dsmem",
        "decode_ms": 1.680192,
        "decode_gib_s": 398.97539888934,
        "decode_ns_iters": [
          1693344,
          1688256,
          1694368,
          1701568,
          1686016,
          1689280,
          1704928,
          1685600,
          1684096,
          1693568,
          1689696,
          1690784,
          1687648,
          1686944,
          1689248,
          1698304,
          1691008,
          1692256,
          1685472,
          1689888,
          1703104,
          1683360,
          1684064,
          1680192,
          1691904,
          1688096,
          1699296,
          1694784,
          1690816,
          1684384
        ],
        "applicable": true
      },
      {
        "kernel": "onpair_shmem_8tpt",
        "decode_ms": 0.473376,
        "decode_gib_s": 1416.1158854920357,
        "decode_ns_iters": [
          513920,
          514624,
          526464,
          537600,
          516192,
          482400,
          514784,
          514048,
          514912,
          514400,
          515040,
          516256,
          514336,
          515744,
          481504,
          514752,
          514176,
          515680,
          515168,
          514912,
          530112,
          528480,
          525088,
          481984,
          475072,
          473376,
          509568,
          511296,
          510368,
          515392
        ],
        "applicable": true
      },
      {
        "kernel": "onpair_shmem_8tpt_b128",
        "decode_ms": 0.47312,
        "decode_gib_s": 1416.8821301375506,
        "decode_ns_iters": [
          515328,
          514848,
          512224,
          512256,
          514080,
          513888,
          480192,
          512160,
          480992,
          511104,
          514016,
          513920,
          507744,
          507520,
          513632,
          513536,
          513344,
          513088,
          512992,
          481216,
          509696,
          508128,
          513344,
          511360,
          515360,
          512320,
          513440,
          515040,
          482240,
          473120
        ],
        "applicable": true
      },
      {
        "kernel": "onpair_shmem_4tpt_vwidth",
        "decode_ms": 0.836832,
        "decode_gib_s": 801.0631445865812,
        "decode_ns_iters": [
          845664,
          845056,
          846464,
          845792,
          842944,
          844704,
          845792,
          845024,
          845184,
          845280,
          845024,
          845280,
          855840,
          844992,
          837024,
          837440,
          861440,
          838400,
          839008,
          839904,
          843424,
          836832,
          838496,
          838720,
          843488,
          837312,
          837472,
          837056,
          845824,
          837952
        ],
        "applicable": true
      },
      {
        "kernel": "onpair_shmem_4tpt_vwidth_b128",
        "decode_ms": 1.067424,
        "decode_gib_s": 628.0121801745865,
        "decode_ns_iters": [
          1076032,
          1079648,
          1068864,
          1067424,
          1076384,
          1075872,
          1072256,
          1075328,
          1068448,
          1068928,
          1074816,
          1077952,
          1077280,
          1070816,
          1088416,
          1076544,
          1085920,
          1089984,
          1075648,
          1075424,
          1070656,
          1076000,
          1073024,
          1088224,
          1075808,
          1090656,
          1069152,
          1090240,
          1088992,
          1077568
        ],
        "applicable": true
      },
      {
        "kernel": "onpair_shmem_4tpt_vwidth4",
        "decode_ms": 0.642496,
        "decode_gib_s": 1043.361006777751,
        "decode_ns_iters": [
          669824,
          670560,
          666688,
          662624,
          671808,
          685440,
          670016,
          671808,
          670016,
          686080,
          670048,
          642496,
          669152,
          673024,
          671840,
          671616,
          683680,
          672352,
          669792,
          686208,
          671872,
          667136,
          677760,
          671456,
          671520,
          685472,
          669568,
          665696,
          663328,
          672960
        ],
        "applicable": true
      },
      {
        "kernel": "onpair_shmem_4tpt_vwidth4_b128",
        "decode_ms": 0.475008,
        "decode_gib_s": 1411.2504913826251,
        "decode_ns_iters": [
          521504,
          506272,
          506848,
          508224,
          524000,
          511584,
          506464,
          501600,
          508928,
          500768,
          506016,
          500512,
          519072,
          523360,
          475616,
          507648,
          507680,
          508288,
          517952,
          506048,
          508672,
          507776,
          523392,
          475008,
          508288,
          507872,
          524992,
          523616,
          523136,
          524288
        ],
        "applicable": true
      },
      {
        "kernel": "onpair_shmem_4tpt_shdict8",
        "decode_ms": 0.820128,
        "decode_gib_s": 817.3788401452919,
        "decode_ns_iters": [
          839616,
          864672,
          867680,
          820128,
          848736,
          868320,
          853408,
          850208,
          860896,
          856384,
          854880,
          849760,
          854816,
          869184,
          852512,
          861632,
          855680,
          860032,
          842368,
          855872,
          846848,
          851872,
          856736,
          850272,
          855840,
          858752,
          855200,
          849824,
          850368,
          855872
        ],
        "applicable": true
      },
      {
        "kernel": "onpair_shmem_4tpt_ablate",
        "decode_ms": 0.47264,
        "decode_gib_s": 1418.321076105869,
        "decode_ns_iters": [
          515776,
          513824,
          515392,
          517696,
          515072,
          482848,
          474464,
          515488,
          514176,
          526656,
          523936,
          526432,
          526912,
          516576,
          525120,
          526848,
          479936,
          472640,
          527008,
          516032,
          514624,
          514944,
          515456,
          514656,
          515360,
          515744,
          510048,
          515616,
          515040,
          514464
        ],
        "applicable": true
      },
      {
        "kernel": "onpair_shmem_4tpt_ablate_nogather",
        "decode_ms": 0.413728,
        "decode_gib_s": 1620.2801681555948,
        "decode_ns_iters": [
          473696,
          459712,
          459296,
          458496,
          459904,
          428864,
          419744,
          459072,
          459328,
          455456,
          475872,
          473632,
          472096,
          459808,
          451552,
          425248,
          419168,
          421280,
          451296,
          452928,
          451936,
          451424,
          460064,
          451264,
          450912,
          451296,
          427456,
          413728,
          418368,
          461856
        ],
        "applicable": true
      },
      {
        "kernel": "onpair_shmem_4tpt_ablate_noemit",
        "decode_ms": 0.202944,
        "decode_gib_s": 3303.153941041262,
        "decode_ns_iters": [
          235328,
          240352,
          237152,
          245088,
          237952,
          241152,
          236256,
          238336,
          210112,
          202944,
          239424,
          241664,
          242432,
          242048,
          232928,
          244672,
          245216,
          241408,
          236032,
          236736,
          244288,
          245120,
          243456,
          244256,
          237504,
          243968,
          245728,
          245984,
          243296,
          239648
        ],
        "applicable": true
      },
      {
        "kernel": "onpair_shmem_4tpt_ablate_nodrain",
        "decode_ms": 0.418048,
        "decode_gib_s": 1603.536611610815,
        "decode_ns_iters": [
          456864,
          464480,
          457024,
          458720,
          475104,
          458848,
          460960,
          460896,
          432064,
          418048,
          453760,
          450624,
          452128,
          455360,
          455296,
          456448,
          460448,
          476096,
          442176,
          419360,
          456512,
          457952,
          457120,
          457824,
          459840,
          457568,
          432384,
          457344,
          468544,
          456288
        ],
        "applicable": true
      },
      {
        "kernel": "onpair_shmem_4tpt_ablate_noscan",
        "decode_ms": 0.201952,
        "decode_gib_s": 3319.379225809489,
        "decode_ns_iters": [
          242560,
          255616,
          249120,
          234048,
          243840,
          237088,
          237216,
          234976,
          241760,
          239456,
          240608,
          258880,
          247808,
          211872,
          201952,
          202272,
          202240,
          246208,
          242272,
          240544,
          245952,
          243392,
          241824,
          245184,
          246784,
          210336,
          203936,
          203392,
          203424,
          204448
        ],
        "applicable": true
      },
      {
        "kernel": "onpair_shmem_4tpt_ablate_cfree",
        "decode_ms": 0.361152,
        "decode_gib_s": 1856.1582752156378,
        "decode_ns_iters": [
          408064,
          392768,
          400704,
          395520,
          392032,
          396800,
          391040,
          393760,
          390976,
          389632,
          397664,
          399424,
          398752,
          393696,
          361152,
          399904,
          397632,
          389920,
          397088,
          398144,
          399712,
          398720,
          398176,
          398752,
          377952,
          385920,
          393664,
          396768,
          397824,
          400800
        ],
        "applicable": true
      },
      {
        "kernel": "onpair_shmem_s8",
        "decode_ms": 0.0,
        "decode_gib_s": 0.0,
        "applicable": false,
        "reason": "dictionary entry longer than 8 bytes"
      },
      {
        "kernel": "onpair_shmem_s8_2tpt",
        "decode_ms": 0.0,
        "decode_gib_s": 0.0,
        "applicable": false,
        "reason": "dictionary entry longer than 8 bytes"
      },
      {
        "kernel": "onpair_shmem_s8_4tpt",
        "decode_ms": 0.0,
        "decode_gib_s": 0.0,
        "applicable": false,
        "reason": "dictionary entry longer than 8 bytes"
      },
      {
        "kernel": "onpair_shmem_s8_8tpt",
        "decode_ms": 0.0,
        "decode_gib_s": 0.0,
        "applicable": false,
        "reason": "dictionary entry longer than 8 bytes"
      },
      {
        "kernel": "onpair_shmem_s4l1",
        "decode_ms": 0.0,
        "decode_gib_s": 0.0,
        "applicable": false,
        "reason": "dictionary entry longer than 4 bytes"
      },
      {
        "kernel": "onpair_shmem_s4l1_2tpt",
        "decode_ms": 0.0,
        "decode_gib_s": 0.0,
        "applicable": false,
        "reason": "dictionary entry longer than 4 bytes"
      },
      {
        "kernel": "onpair_shmem_s4l1_4tpt",
        "decode_ms": 0.0,
        "decode_gib_s": 0.0,
        "applicable": false,
        "reason": "dictionary entry longer than 4 bytes"
      },
      {
        "kernel": "onpair_shmem_s4l1_8tpt",
        "decode_ms": 0.0,
        "decode_gib_s": 0.0,
        "applicable": false,
        "reason": "dictionary entry longer than 4 bytes"
      },
      {
        "kernel": "onpair_shmem_s4l1_16tpt",
        "decode_ms": 0.0,
        "decode_gib_s": 0.0,
        "applicable": false,
        "reason": "dictionary entry longer than 4 bytes"
      },
      {
        "kernel": "onpair_shmem_s4l1_32tpt",
        "decode_ms": 0.0,
        "decode_gib_s": 0.0,
        "applicable": false,
        "reason": "dictionary entry longer than 4 bytes"
      },
      {
        "kernel": "onpair_shmem_const1",
        "decode_ms": 0.0,
        "decode_gib_s": 0.0,
        "applicable": false,
        "reason": "not every dictionary entry is exactly 1 byte"
      },
      {
        "kernel": "onpair_shmem_const2",
        "decode_ms": 0.0,
        "decode_gib_s": 0.0,
        "applicable": false,
        "reason": "not every dictionary entry is exactly 2 bytes"
      }
    ]
  }
}
==PROF== Disconnected from process 20565
==PROF== Report: /home/ubuntu/work/ncu_costsurface_tpch-sf10_l_shipinstruct_b12.ncu-rep
