==PROF== Connected to process 27059 (/home/ubuntu/work/target/release/onpair-chunk-bench)
2026-07-06T03:36:19.393437Z  INFO vortex_cuda: vortex-cuda/src/lib.rs:111: Registering CUDA kernels
==WARNING== Unable to access the following 6 metrics: ctc__rx_bytes_data_user.sum, ctc__rx_bytes_data_user.sum.pct_of_peak_sustained_elapsed, ctc__rx_bytes_data_user.sum.per_second, ctc__tx_bytes_data_user.sum, ctc__tx_bytes_data_user.sum.pct_of_peak_sustained_elapsed, ctc__tx_bytes_data_user.sum.per_second.


==PROF== Profiling "onpair_shmem_4tpt": 0%....50%....100% - 40 passes
==PROF== Profiling "onpair_shmem_4tpt": 0%....50%....100% - 40 passes
==PROF== Profiling "onpair_shmem_4tpt": 0%....50%....100% - 40 passes
==PROF== Profiling "onpair_shmem_4tpt": 0%....50%....100% - 40 passes
==PROF== Profiling "onpair_shmem_4tpt": 0%....50%....100% - 40 passes
==PROF== Profiling "onpair_shmem_4tpt": 0%....50%....100% - 40 passes
==PROF== Profiling "onpair_shmem_4tpt": 0%....50%....100% - 40 passes
==PROF== Profiling "onpair_shmem_4tpt": 0%....50%....100% - 40 passes
==PROF== Profiling "onpair_shmem_4tpt": 0%....50%....100% - 40 passes
==PROF== Profiling "onpair_shmem_4tpt": 0%....50%....100% - 40 passes
==PROF== Profiling "onpair_shmem_4tpt": 0%....50%....100% - 40 passes
==PROF== Profiling "onpair_shmem_4tpt": 0%....50%....100% - 40 passes
==PROF== Profiling "onpair_shmem_4tpt": 0%....50%....100% - 40 passes
==PROF== Profiling "onpair_shmem_4tpt": 0%....50%....100% - 40 passes
==PROF== Profiling "onpair_shmem_4tpt": 0%....50%....100% - 40 passes
==PROF== Profiling "onpair_shmem_4tpt": 0%....50%....100% - 40 passes
{
  "files": [
    "/home/ubuntu/work/vortex-bench/data/onpair-bench/clickbench/URL/bits16_chunk1000mb_thr0.20/part_0000.vortex"
  ],
  "column": "URL",
  "rows": 12254692,
  "in_memory_bytes": 258993626,
  "dict_bytes": 485739,
  "gpu": {
    "iterations": 30,
    "decoded_bytes": 999999995,
    "chunks": 1,
    "auto_kernel": "onpair_shmem_4tpt_b128o12",
    "frac_le8": 0.5107693,
    "dict_mean_len": 8.552602,
    "dict_max_len": 16,
    "dict_entries_max": 65536,
    "small_dict": false,
    "distinct_codes": 64418,
    "access_top4096_frac": 0.5401905,
    "compressed_bytes": 234398263,
    "h2d_gib_s": 9.987096272132554,
    "whole_decompress_gib_s": 40.81373343963784,
    "best_kernel": "onpair_shmem_4tpt_b128o12",
    "auto_decode_ms": 0.960608,
    "best_decode_ms": 0.960608,
    "validated": false,
    "auto_decode_gib_s": 969.5136517277241,
    "best_decode_gib_s": 969.5136517277241,
    "kernels": [
      {
        "kernel": "onpair_shmem",
        "decode_ms": 1.17312,
        "decode_gib_s": 793.8851694275655,
        "decode_ns_iters": [
          1185312,
          1174464,
          1174080,
          1174112,
          1176320,
          1174560,
          1175488,
          1188000,
          1174400,
          1173536,
          1176832,
          1175168,
          1189056,
          1190240,
          1173120,
          1175744,
          1175456,
          1174080,
          1175936,
          1190912,
          1174592,
          1189856,
          1173856,
          1174656,
          1175584,
          1173856,
          1176544,
          1175520,
          1175584,
          1176160
        ],
        "applicable": true
      },
      {
        "kernel": "onpair_shmem_2tpt",
        "decode_ms": 1.031328,
        "decode_gib_s": 903.0323718146561,
        "decode_ns_iters": [
          1047968,
          1031904,
          1032128,
          1031872,
          1032640,
          1032160,
          1031904,
          1033728,
          1044192,
          1032704,
          1044928,
          1032832,
          1031488,
          1032352,
          1046688,
          1047872,
          1032416,
          1032000,
          1033888,
          1031328,
          1034624,
          1046784,
          1033056,
          1033888,
          1047552,
          1033376,
          1032512,
          1033536,
          1046304,
          1033152
        ],
        "applicable": true
      },
      {
        "kernel": "onpair_shmem_4tpt",
        "decode_ms": 1.048992,
        "decode_gib_s": 887.826189293022,
        "decode_ns_iters": [
          3062533855,
          3046311855,
          3068952322,
          3054120541,
          3065941095,
          3082936764,
          3085112810,
          3087660074,
          3057270288,
          3067672968,
          3088326931,
          3057662725,
          3072935820,
          3057889700,
          1083808,
          1055168,
          1056032,
          1055584,
          1057056,
          1056896,
          1058144,
          1055936,
          1057536,
          1057856,
          1048992,
          1055488,
          1057536,
          1058752,
          1071328,
          1057248
        ],
        "applicable": true
      },
      {
        "kernel": "onpair_shmem_4tpt_wpb8",
        "decode_ms": 1.027744,
        "decode_gib_s": 906.1814712213019,
        "decode_ns_iters": [
          1037152,
          1037984,
          1037664,
          1051232,
          1037280,
          1036544,
          1037920,
          1036192,
          1033184,
          1037632,
          1037376,
          1036352,
          1035552,
          1038688,
          1032192,
          1038112,
          1045600,
          1029120,
          1036896,
          1050944,
          1040800,
          1035456,
          1037088,
          1029056,
          1030080,
          1030688,
          1027744,
          1029216,
          1029568,
          1037856
        ],
        "applicable": true
      },
      {
        "kernel": "onpair_shmem_4tpt_wpb8_occ",
        "decode_ms": 0.971136,
        "decode_gib_s": 959.0032394627175,
        "decode_ns_iters": [
          1020192,
          998560,
          998464,
          997920,
          1002464,
          1003200,
          1020992,
          997216,
          1000000,
          998656,
          1000128,
          1015232,
          971136,
          1023584,
          1005216,
          1005984,
          1013248,
          998368,
          1002144,
          999744,
          998112,
          997216,
          997920,
          999040,
          998976,
          1023200,
          999232,
          1000480,
          1000992,
          998176
        ],
        "applicable": true
      },
      {
        "kernel": "onpair_shmem_4tpt_b128",
        "decode_ms": 0.986592,
        "decode_gib_s": 943.9794463758733,
        "decode_ns_iters": [
          986720,
          987200,
          987168,
          987584,
          988896,
          995008,
          996704,
          988352,
          992320,
          991488,
          986592,
          995712,
          993248,
          995968,
          1008800,
          995168,
          992544,
          994048,
          994272,
          988800,
          1009056,
          1002368,
          990368,
          995584,
          994880,
          1007200,
          1004736,
          996128,
          997440,
          989760
        ],
        "applicable": true
      },
      {
        "kernel": "onpair_shmem_4tpt_o6",
        "decode_ms": 0.991904,
        "decode_gib_s": 938.9240994681599,
        "decode_ns_iters": [
          1000928,
          993792,
          997024,
          1001920,
          1016512,
          1000256,
          994688,
          1001952,
          992832,
          994016,
          999776,
          1001056,
          999520,
          1000192,
          1003488,
          1010592,
          997120,
          998656,
          995744,
          1001920,
          993600,
          992512,
          1000768,
          1006368,
          993088,
          991968,
          993312,
          991904,
          1002400,
          1000896
        ],
        "applicable": true
      },
      {
        "kernel": "onpair_shmem_4tpt_b512o3",
        "decode_ms": 0.996288,
        "decode_gib_s": 934.7925197923349,
        "decode_ns_iters": [
          1002912,
          1003392,
          1005408,
          1006048,
          1020128,
          1004800,
          1004864,
          1005024,
          1004160,
          1003744,
          1003968,
          1001984,
          996320,
          1017472,
          1017856,
          1004640,
          999840,
          996288,
          998400,
          996480,
          997184,
          1002944,
          998400,
          997184,
          1009536,
          1003136,
          1003680,
          1004704,
          1004384,
          997440
        ],
        "applicable": true
      },
      {
        "kernel": "onpair_shmem_4tpt_b128o12",
        "decode_ms": 0.960608,
        "decode_gib_s": 969.5136517277241,
        "decode_ns_iters": [
          988992,
          996096,
          1004032,
          995040,
          992192,
          995392,
          988704,
          990816,
          996256,
          1006080,
          960608,
          997024,
          988704,
          994080,
          995200,
          996416,
          996320,
          1012128,
          995712,
          995552,
          996512,
          988864,
          995488,
          996416,
          1012704,
          989024,
          996192,
          1012608,
          1007104,
          989792
        ],
        "applicable": true
      },
      {
        "kernel": "onpair_shmem_4tpt_b64",
        "decode_ms": 0.993824,
        "decode_gib_s": 937.1101623213623,
        "decode_ns_iters": [
          1000896,
          1003712,
          1003104,
          1003424,
          1002784,
          1001696,
          1005184,
          1015424,
          1002208,
          1001856,
          1003328,
          1017856,
          1004608,
          1004192,
          1001536,
          1005408,
          1001760,
          1004512,
          993824,
          997568,
          995808,
          996000,
          997024,
          1014176,
          1009568,
          1001056,
          998496,
          1010176,
          996032,
          995712
        ],
        "applicable": true
      },
      {
        "kernel": "onpair_shmem_4tpt_b64o24",
        "decode_ms": 0.961568,
        "decode_gib_s": 968.5457190327315,
        "decode_ns_iters": [
          998880,
          996864,
          998688,
          996224,
          1003392,
          1021376,
          1004224,
          1005792,
          1003200,
          1005184,
          1019392,
          1005216,
          994208,
          966464,
          966368,
          962432,
          965760,
          961568,
          964416,
          964544,
          962912,
          965088,
          962688,
          965568,
          963104,
          1004960,
          973984,
          967264,
          965920,
          964128
        ],
        "applicable": true
      },
      {
        "kernel": "onpair_shmem_4tpt_split8read_b128o12",
        "decode_ms": 0.982272,
        "decode_gib_s": 948.1310369824913,
        "decode_ns_iters": [
          985568,
          982944,
          982272,
          982816,
          984992,
          983776,
          985024,
          1023456,
          1024128,
          1023584,
          1021888,
          1024800,
          1022464,
          1024992,
          1024192,
          1023488,
          1022176,
          1022560,
          1023936,
          1021440,
          1021248,
          1021504,
          1017856,
          1024192,
          1022176,
          1022464,
          1020704,
          1023392,
          1023744,
          1025792
        ],
        "applicable": true
      },
      {
        "kernel": "onpair_shmem_4tpt_split8read_occ",
        "decode_ms": 1.044576,
        "decode_gib_s": 891.5795212209218,
        "decode_ns_iters": [
          1052192,
          1053568,
          1052704,
          1050752,
          1055424,
          1046944,
          1045792,
          1052800,
          1066624,
          1050080,
          1053312,
          1053632,
          1052896,
          1052096,
          1047744,
          1051360,
          1053056,
          1045728,
          1044576,
          1066048,
          1046464,
          1046592,
          1048288,
          1064736,
          1046752,
          1047136,
          1051904,
          1044736,
          1054528,
          1051296
        ],
        "applicable": true
      },
      {
        "kernel": "onpair_shmem_4tpt_split8",
        "decode_ms": 1.126688,
        "decode_gib_s": 826.6020140081955,
        "decode_ns_iters": [
          1135968,
          1148320,
          1136576,
          1151616,
          1136000,
          1149856,
          1130784,
          1137856,
          1136928,
          1131040,
          1127264,
          1128416,
          1128160,
          1134784,
          1140064,
          1135968,
          1126688,
          1151520,
          1127072,
          1128320,
          1135648,
          1136576,
          1140288,
          1127648,
          1132192,
          1127136,
          1150624,
          1136096,
          1131648,
          1149152
        ],
        "applicable": true
      },
      {
        "kernel": "onpair_shmem_4tpt_split8_wpb8",
        "decode_ms": 1.102464,
        "decode_gib_s": 844.7646090565004,
        "decode_ns_iters": [
          1142080,
          1127872,
          1147744,
          1126880,
          1125472,
          1127904,
          1134848,
          1140480,
          1127328,
          1135200,
          1148832,
          1132640,
          1130368,
          1126560,
          1134208,
          1125376,
          1126048,
          1127456,
          1126656,
          1142240,
          1126784,
          1127008,
          1146336,
          1129536,
          1127264,
          1131264,
          1127488,
          1140288,
          1135552,
          1102464
        ],
        "applicable": true
      },
      {
        "kernel": "onpair_shmem_4tpt_split8_wpb8_occ",
        "decode_ms": 1.091744,
        "decode_gib_s": 853.0594809395478,
        "decode_ns_iters": [
          1092320,
          1096608,
          1093440,
          1094912,
          1092640,
          1095264,
          1095360,
          1094432,
          1106080,
          1095264,
          1105824,
          1100640,
          1093184,
          1095424,
          1094816,
          1109632,
          1092736,
          1107840,
          1093920,
          1092864,
          1095552,
          1094816,
          1093856,
          1093792,
          1095584,
          1099328,
          1091744,
          1102624,
          1102016,
          1102112
        ],
        "applicable": true
      },
      {
        "kernel": "onpair_shmem_4tpt_pdict",
        "decode_ms": 0.0,
        "decode_gib_s": 0.0,
        "applicable": false,
        "reason": "padded dict needs 1130752 B shared, over 102400 B cap"
      },
      {
        "kernel": "onpair_shmem_4tpt_vdict",
        "decode_ms": 0.0,
        "decode_gib_s": 0.0,
        "applicable": false,
        "reason": "packed dict needs 502400 B shared, over 102400 B cap"
      },
      {
        "kernel": "onpair_shmem_4tpt_split8read",
        "decode_ms": 1.063744,
        "decode_gib_s": 875.5138171955524,
        "decode_ns_iters": [
          1071904,
          1071712,
          1071680,
          1072096,
          1073216,
          1069504,
          1072512,
          1072320,
          1065888,
          1064960,
          1072000,
          1065440,
          1064704,
          1066048,
          1073184,
          1063744,
          1065568,
          1090688,
          1072064,
          1065472,
          1075840,
          1071904,
          1074016,
          1065472,
          1074048,
          1067392,
          1065440,
          1064512,
          1072896,
          1072192
        ],
        "applicable": true
      },
      {
        "kernel": "onpair_shmem_4tpt_ldcs",
        "decode_ms": 1.032896,
        "decode_gib_s": 901.6615128327205,
        "decode_ns_iters": [
          1057504,
          1033088,
          1035232,
          1032928,
          1037312,
          1033344,
          1045856,
          1033632,
          1032896,
          1040096,
          1033472,
          1045312,
          1041440,
          1041600,
          1041600,
          1042016,
          1054880,
          1046016,
          1033376,
          1033408,
          1048832,
          1035328,
          1035808,
          1041280,
          1043072,
          1047200,
          1042336,
          1041984,
          1042656,
          1037600
        ],
        "applicable": true
      },
      {
        "kernel": "onpair_shmem_4tpt_lenbucket",
        "decode_ms": 0.0,
        "decode_gib_s": 0.0,
        "applicable": false,
        "reason": "length-bucket dict not built (set ONPAIR_DICT_REORDER=lenbucket)"
      },
      {
        "kernel": "onpair_shmem_4tpt_lenbucket_b128",
        "decode_ms": 0.0,
        "decode_gib_s": 0.0,
        "applicable": false,
        "reason": "length-bucket dict not built (set ONPAIR_DICT_REORDER=lenbucket)"
      },
      {
        "kernel": "onpair_shmem_4tpt_regcache",
        "decode_ms": 1.058976,
        "decode_gib_s": 879.455785550254,
        "decode_ns_iters": [
          1068032,
          1066432,
          1064000,
          1067072,
          1061312,
          1060096,
          1059968,
          1066624,
          1060320,
          1062912,
          1061600,
          1059200,
          1060512,
          1059968,
          1066656,
          1060384,
          1066496,
          1059104,
          1060288,
          1065696,
          1073248,
          1067616,
          1060896,
          1059552,
          1065536,
          1068128,
          1060032,
          1065472,
          1058976,
          1065280
        ],
        "applicable": true
      },
      {
        "kernel": "onpair_shmem_4tpt_split4read",
        "decode_ms": 1.148544,
        "decode_gib_s": 810.8723479108032,
        "decode_ns_iters": [
          1163680,
          1151232,
          1156160,
          1149888,
          1149856,
          1154432,
          1155392,
          1171840,
          1153536,
          1150656,
          1155104,
          1166048,
          1148544,
          1156192,
          1151520,
          1156512,
          1156864,
          1149056,
          1156672,
          1155904,
          1154144,
          1169248,
          1155904,
          1155936,
          1157856,
          1158592,
          1155040,
          1158208,
          1154944,
          1156832
        ],
        "applicable": true
      },
      {
        "kernel": "onpair_shmem_4tpt_split4read_b128o12",
        "decode_ms": 1.145376,
        "decode_gib_s": 813.1151429389699,
        "decode_ns_iters": [
          1152224,
          1152800,
          1152320,
          1152864,
          1153888,
          1168160,
          1155264,
          1171648,
          1154400,
          1150240,
          1152000,
          1153632,
          1153888,
          1153376,
          1153248,
          1153760,
          1153472,
          1152320,
          1154048,
          1145376,
          1147264,
          1151040,
          1147776,
          1153504,
          1163520,
          1145632,
          1145984,
          1168736,
          1147392,
          1151744
        ],
        "applicable": true
      },
      {
        "kernel": "onpair_shmem_4tpt_cluster_dsmem",
        "decode_ms": 4.579168,
        "decode_gib_s": 203.3824856303297,
        "decode_ns_iters": [
          4607584,
          4579168,
          4596320,
          4593120,
          4613472,
          4598464,
          4589600,
          4601536,
          4594240,
          4596512,
          4605600,
          4600512,
          4603104,
          4591008,
          4598240,
          4601280,
          4590112,
          4595104,
          4584192,
          4597952,
          4604640,
          4598496,
          4623040,
          4605952,
          4605632,
          4579424,
          4605984,
          4614208,
          4598272,
          4580896
        ],
        "applicable": true
      },
      {
        "kernel": "onpair_shmem_8tpt",
        "decode_ms": 1.012896,
        "decode_gib_s": 919.465147417766,
        "decode_ns_iters": [
          1013856,
          1037344,
          1032800,
          1022272,
          1020800,
          1020320,
          1016864,
          1013664,
          1013312,
          1014624,
          1021664,
          1013248,
          1013792,
          1028864,
          1013760,
          1016608,
          1013664,
          1013760,
          1016608,
          1014656,
          1014336,
          1012896,
          1021152,
          1016768,
          1021536,
          1014528,
          1027840,
          1013440,
          1013760,
          1015200
        ],
        "applicable": true
      },
      {
        "kernel": "onpair_shmem_8tpt_b128",
        "decode_ms": 1.002368,
        "decode_gib_s": 929.1224080964931,
        "decode_ns_iters": [
          1005184,
          1002624,
          1009824,
          1005184,
          1011744,
          1009216,
          1006624,
          1007520,
          1011744,
          1009568,
          1009280,
          1009792,
          1002368,
          1008608,
          1011232,
          1011648,
          1006048,
          1009408,
          1009120,
          1010080,
          1011360,
          1010208,
          1010624,
          1004128,
          1005536,
          1003936,
          1010848,
          1025856,
          1021856,
          1011520
        ],
        "applicable": true
      },
      {
        "kernel": "onpair_shmem_4tpt_vwidth",
        "decode_ms": 2.610944,
        "decode_gib_s": 356.6995576921089,
        "decode_ns_iters": [
          2617632,
          2619296,
          2611008,
          2643168,
          2612224,
          2616512,
          2618016,
          2617152,
          2636000,
          2616128,
          2618272,
          2613600,
          2631232,
          2614976,
          2618304,
          2618368,
          2631968,
          2618688,
          2616992,
          2611200,
          2611936,
          2610944,
          2617952,
          2618496,
          2612512,
          2616512,
          2617568,
          2632192,
          2618528,
          2616416
        ],
        "applicable": true
      },
      {
        "kernel": "onpair_shmem_4tpt_vwidth_b128",
        "decode_ms": 3.141088,
        "decode_gib_s": 296.4968093726969,
        "decode_ns_iters": [
          3160576,
          3145920,
          3149824,
          3144288,
          3147200,
          3147520,
          3148832,
          3145728,
          3160256,
          3146464,
          3146080,
          3145120,
          3164768,
          3141088,
          3147552,
          3158752,
          3145888,
          3147328,
          3146944,
          3146336,
          3162432,
          3146880,
          3146144,
          3147072,
          3146080,
          3161312,
          3147200,
          3148640,
          3147392,
          3147552
        ],
        "applicable": true
      },
      {
        "kernel": "onpair_shmem_4tpt_vwidth4",
        "decode_ms": 1.205568,
        "decode_gib_s": 772.5176596914199,
        "decode_ns_iters": [
          1211904,
          1210656,
          1225696,
          1226624,
          1211392,
          1210784,
          1230944,
          1212096,
          1225568,
          1229344,
          1211552,
          1210272,
          1211872,
          1213184,
          1212128,
          1227840,
          1212160,
          1211392,
          1212800,
          1212128,
          1211456,
          1213408,
          1211616,
          1211456,
          1212192,
          1212000,
          1212000,
          1205792,
          1205664,
          1205568
        ],
        "applicable": true
      },
      {
        "kernel": "onpair_shmem_4tpt_vwidth4_b128",
        "decode_ms": 1.042368,
        "decode_gib_s": 893.4681129494245,
        "decode_ns_iters": [
          1043456,
          1051104,
          1053472,
          1052640,
          1053984,
          1050848,
          1053408,
          1053120,
          1051488,
          1050336,
          1052224,
          1066784,
          1053600,
          1052736,
          1050976,
          1053632,
          1053184,
          1066368,
          1065376,
          1045696,
          1066592,
          1061312,
          1049376,
          1045440,
          1042368,
          1046688,
          1053120,
          1056608,
          1051104,
          1051456
        ],
        "applicable": true
      },
      {
        "kernel": "onpair_shmem_4tpt_shdict8",
        "decode_ms": 0.0,
        "decode_gib_s": 0.0,
        "applicable": false,
        "reason": "dict_s8 + staging needs 606464 B shared, over 229376 B cap"
      },
      {
        "kernel": "onpair_shmem_4tpt_ablate",
        "decode_ms": 0.98608,
        "decode_gib_s": 944.4695866043991,
        "decode_ns_iters": [
          987488,
          987424,
          994432,
          1005024,
          988960,
          996832,
          987840,
          986080,
          990048,
          986976,
          1013856,
          1006560,
          992352,
          987136,
          988992,
          997120,
          994880,
          987200,
          989248,
          995680,
          997536,
          994048,
          989184,
          1004768,
          1001760,
          986784,
          994304,
          989216,
          996352,
          990464
        ],
        "applicable": true
      },
      {
        "kernel": "onpair_shmem_4tpt_ablate_nogather",
        "decode_ms": 0.698208,
        "decode_gib_s": 1333.8755355980818,
        "decode_ns_iters": [
          699744,
          708576,
          708160,
          698784,
          716704,
          705952,
          707616,
          721408,
          708544,
          706240,
          705760,
          706176,
          705632,
          705280,
          715296,
          711360,
          704576,
          705696,
          705280,
          705664,
          709792,
          706720,
          707296,
          705376,
          707680,
          698208,
          705952,
          705696,
          702656,
          717632
        ],
        "applicable": true
      },
      {
        "kernel": "onpair_shmem_4tpt_ablate_noemit",
        "decode_ms": 0.322848,
        "decode_gib_s": 2884.7091199538654,
        "decode_ns_iters": [
          334176,
          334016,
          331456,
          330496,
          329984,
          344640,
          330720,
          343328,
          330176,
          333024,
          331392,
          347008,
          322848,
          330144,
          325664,
          332896,
          344608,
          332928,
          330816,
          331872,
          329920,
          325280,
          329632,
          324256,
          334880,
          332832,
          340928,
          324384,
          324928,
          332832
        ],
        "applicable": true
      },
      {
        "kernel": "onpair_shmem_4tpt_ablate_nodrain",
        "decode_ms": 0.896224,
        "decode_gib_s": 1039.1627204346967,
        "decode_ns_iters": [
          897312,
          898752,
          896896,
          896224,
          904256,
          903200,
          903648,
          903488,
          903488,
          906080,
          903008,
          919200,
          920256,
          905312,
          904160,
          904800,
          916768,
          904384,
          904896,
          905312,
          905376,
          904192,
          903456,
          904480,
          902976,
          902912,
          903456,
          906464,
          919104,
          904864
        ],
        "applicable": true
      },
      {
        "kernel": "onpair_shmem_4tpt_ablate_noscan",
        "decode_ms": 0.629952,
        "decode_gib_s": 1478.4024337709313,
        "decode_ns_iters": [
          635264,
          637504,
          630560,
          650944,
          635136,
          650176,
          629952,
          631520,
          639552,
          639040,
          637664,
          653824,
          666368,
          638304,
          653920,
          637664,
          638080,
          637984,
          638048,
          636736,
          638784,
          636672,
          636736,
          651040,
          637664,
          636288,
          633152,
          653664,
          638496,
          635808
        ],
        "applicable": true
      },
      {
        "kernel": "onpair_shmem_4tpt_ablate_cfree",
        "decode_ms": 0.828672,
        "decode_gib_s": 1123.8735832257705,
        "decode_ns_iters": [
          836384,
          830496,
          828672,
          835840,
          835488,
          834240,
          837280,
          851744,
          837856,
          849344,
          831296,
          829664,
          838880,
          839552,
          838240,
          837376,
          832640,
          838144,
          836928,
          829504,
          837952,
          847040,
          839936,
          837216,
          833408,
          835552,
          837024,
          829344,
          837824,
          830016
        ],
        "applicable": true
      },
      {
        "kernel": "onpair_shmem_s8",
        "decode_ms": 0.0,
        "decode_gib_s": 0.0,
        "applicable": false,
        "reason": "dictionary entry longer than 8 bytes"
      },
      {
        "kernel": "onpair_shmem_s8_2tpt",
        "decode_ms": 0.0,
        "decode_gib_s": 0.0,
        "applicable": false,
        "reason": "dictionary entry longer than 8 bytes"
      },
      {
        "kernel": "onpair_shmem_s8_4tpt",
        "decode_ms": 0.0,
        "decode_gib_s": 0.0,
        "applicable": false,
        "reason": "dictionary entry longer than 8 bytes"
      },
      {
        "kernel": "onpair_shmem_s8_8tpt",
        "decode_ms": 0.0,
        "decode_gib_s": 0.0,
        "applicable": false,
        "reason": "dictionary entry longer than 8 bytes"
      },
      {
        "kernel": "onpair_shmem_s4l1",
        "decode_ms": 0.0,
        "decode_gib_s": 0.0,
        "applicable": false,
        "reason": "dictionary entry longer than 4 bytes"
      },
      {
        "kernel": "onpair_shmem_s4l1_2tpt",
        "decode_ms": 0.0,
        "decode_gib_s": 0.0,
        "applicable": false,
        "reason": "dictionary entry longer than 4 bytes"
      },
      {
        "kernel": "onpair_shmem_s4l1_4tpt",
        "decode_ms": 0.0,
        "decode_gib_s": 0.0,
        "applicable": false,
        "reason": "dictionary entry longer than 4 bytes"
      },
      {
        "kernel": "onpair_shmem_s4l1_8tpt",
        "decode_ms": 0.0,
        "decode_gib_s": 0.0,
        "applicable": false,
        "reason": "dictionary entry longer than 4 bytes"
      },
      {
        "kernel": "onpair_shmem_s4l1_16tpt",
        "decode_ms": 0.0,
        "decode_gib_s": 0.0,
        "applicable": false,
        "reason": "dictionary entry longer than 4 bytes"
      },
      {
        "kernel": "onpair_shmem_s4l1_32tpt",
        "decode_ms": 0.0,
        "decode_gib_s": 0.0,
        "applicable": false,
        "reason": "dictionary entry longer than 4 bytes"
      },
      {
        "kernel": "onpair_shmem_const1",
        "decode_ms": 0.0,
        "decode_gib_s": 0.0,
        "applicable": false,
        "reason": "not every dictionary entry is exactly 1 byte"
      },
      {
        "kernel": "onpair_shmem_const2",
        "decode_ms": 0.0,
        "decode_gib_s": 0.0,
        "applicable": false,
        "reason": "not every dictionary entry is exactly 2 bytes"
      }
    ]
  }
}
==PROF== Disconnected from process 27059
==PROF== Report: /home/ubuntu/work/ncu_costsurface_clickbench_URL_b16.ncu-rep
