==PROF== Connected to process 30759 (/home/ubuntu/work/target/release/onpair-chunk-bench)
2026-07-06T03:42:37.233178Z  INFO vortex_cuda: vortex-cuda/src/lib.rs:111: Registering CUDA kernels
==WARNING== Unable to access the following 6 metrics: ctc__rx_bytes_data_user.sum, ctc__rx_bytes_data_user.sum.pct_of_peak_sustained_elapsed, ctc__rx_bytes_data_user.sum.per_second, ctc__tx_bytes_data_user.sum, ctc__tx_bytes_data_user.sum.pct_of_peak_sustained_elapsed, ctc__tx_bytes_data_user.sum.per_second.


==PROF== Profiling "onpair_shmem_4tpt_split8read": 0%....50%....100% - 40 passes
==PROF== Profiling "onpair_shmem_4tpt_split8read": 0%....50%....100% - 40 passes
==PROF== Profiling "onpair_shmem_4tpt_split8read": 0%....50%....100% - 40 passes
==PROF== Profiling "onpair_shmem_4tpt_split8read": 0%....50%....100% - 40 passes
==PROF== Profiling "onpair_shmem_4tpt_split8read": 0%....50%....100% - 40 passes
==PROF== Profiling "onpair_shmem_4tpt_split8read": 0%....50%....100% - 40 passes
==PROF== Profiling "onpair_shmem_4tpt_split8read": 0%....50%....100% - 40 passes
==PROF== Profiling "onpair_shmem_4tpt_split8read": 0%....50%....100% - 40 passes
==PROF== Profiling "onpair_shmem_4tpt_split8read": 0%....50%....100% - 40 passes
==PROF== Profiling "onpair_shmem_4tpt_split8read": 0%....50%....100% - 40 passes
==PROF== Profiling "onpair_shmem_4tpt_split8read": 0%....50%....100% - 40 passes
==PROF== Profiling "onpair_shmem_4tpt_split8read": 0%....50%....100% - 40 passes
==PROF== Profiling "onpair_shmem_4tpt_split8read": 0%....50%....100% - 40 passes
==PROF== Profiling "onpair_shmem_4tpt_split8read": 0%....50%....100% - 40 passes
==PROF== Profiling "onpair_shmem_4tpt_split8read": 0%....50%....100% - 40 passes
==PROF== Profiling "onpair_shmem_4tpt_split8read": 0%....50%....100% - 40 passes
{
  "files": [
    "/home/ubuntu/work/vortex-bench/data/onpair-bench/wikipedia/text/bits12_chunk1000mb_thr0.20/part_0000.vortex"
  ],
  "column": "text",
  "rows": 156289,
  "in_memory_bytes": 323658672,
  "dict_bytes": 17277,
  "gpu": {
    "iterations": 30,
    "decoded_bytes": 703062420,
    "chunks": 1,
    "auto_kernel": "onpair_shmem_4tpt_split8read_b128o12",
    "frac_le8": 0.98227465,
    "dict_mean_len": 3.26465,
    "dict_max_len": 16,
    "dict_entries_max": 4096,
    "small_dict": true,
    "distinct_codes": 4047,
    "access_top4096_frac": 1.0,
    "compressed_bytes": 430733661,
    "h2d_gib_s": 10.113428369489412,
    "whole_decompress_gib_s": 16.1489301439644,
    "best_kernel": "onpair_shmem_4tpt_split8read_b128o12",
    "auto_decode_ms": 0.880928,
    "best_decode_ms": 0.880928,
    "validated": false,
    "auto_decode_gib_s": 743.2819743608886,
    "best_decode_gib_s": 743.2819743608886,
    "kernels": [
      {
        "kernel": "onpair_shmem",
        "decode_ms": 1.611616,
        "decode_gib_s": 406.2865490971726,
        "decode_ns_iters": [
          1649792,
          1663616,
          1632640,
          1614304,
          1613696,
          1611616,
          1613280,
          1643648,
          1649728,
          1650144,
          1656224,
          1648800,
          1661984,
          1649760,
          1664224,
          1650528,
          1658144,
          1650816,
          1648224,
          1647616,
          1649120,
          1650560,
          1647904,
          1667712,
          1648768,
          1655136,
          1656000,
          1649440,
          1656928,
          1670592
        ],
        "applicable": true
      },
      {
        "kernel": "onpair_shmem_2tpt",
        "decode_ms": 1.14752,
        "decode_gib_s": 570.6026065861935,
        "decode_ns_iters": [
          1170432,
          1175616,
          1159840,
          1158208,
          1158912,
          1173664,
          1151168,
          1153248,
          1167200,
          1153280,
          1150944,
          1153152,
          1157792,
          1155520,
          1159072,
          1160608,
          1159296,
          1153376,
          1154208,
          1147520,
          1152320,
          1153920,
          1160032,
          1158656,
          1160672,
          1158240,
          1174496,
          1160960,
          1160032,
          1159328
        ],
        "applicable": true
      },
      {
        "kernel": "onpair_shmem_4tpt",
        "decode_ms": 1.242624,
        "decode_gib_s": 526.9316407133525,
        "decode_ns_iters": [
          1243744,
          1245344,
          1261056,
          1244480,
          1244256,
          1243040,
          1244576,
          1259936,
          1245184,
          1242624,
          1261824,
          1246048,
          1244320,
          1244928,
          1245792,
          1244960,
          1243808,
          1260736,
          1244192,
          1244192,
          1243904,
          1244000,
          1244928,
          1244352,
          1244896,
          1258560,
          1244544,
          1245152,
          1243328,
          1243392
        ],
        "applicable": true
      },
      {
        "kernel": "onpair_shmem_4tpt_wpb8",
        "decode_ms": 1.150656,
        "decode_gib_s": 569.0474851821821,
        "decode_ns_iters": [
          1172448,
          1170272,
          1171584,
          1169664,
          1189312,
          1167744,
          1170880,
          1162528,
          1168160,
          1163904,
          1163808,
          1164160,
          1172608,
          1162880,
          1164480,
          1190752,
          1164000,
          1170976,
          1162944,
          1162656,
          1179776,
          1165824,
          1163904,
          1169984,
          1150656,
          1158592,
          1159296,
          1164800,
          1165664,
          1165472
        ],
        "applicable": true
      },
      {
        "kernel": "onpair_shmem_4tpt_wpb8_occ",
        "decode_ms": 1.106336,
        "decode_gib_s": 591.8436199398635,
        "decode_ns_iters": [
          1108992,
          1106336,
          1115040,
          1107776,
          1115616,
          1110112,
          1124128,
          1109088,
          1115712,
          1107232,
          1115808,
          1116512,
          1118240,
          1132576,
          1108608,
          1114688,
          1114208,
          1115808,
          1114784,
          1130272,
          1116704,
          1131072,
          1114688,
          1115488,
          1125472,
          1113952,
          1130944,
          1115104,
          1116096,
          1115328
        ],
        "applicable": true
      },
      {
        "kernel": "onpair_shmem_4tpt_b128",
        "decode_ms": 1.08112,
        "decode_gib_s": 605.6477570573006,
        "decode_ns_iters": [
          1083008,
          1090816,
          1081888,
          1082144,
          1083424,
          1082368,
          1099456,
          1082208,
          1083584,
          1096800,
          1082624,
          1083168,
          1097824,
          1083552,
          1096960,
          1082208,
          1082016,
          1081120,
          1082528,
          1082176,
          1083968,
          1081664,
          1083936,
          1081344,
          1083264,
          1081440,
          1082624,
          1096448,
          1082592,
          1097952
        ],
        "applicable": true
      },
      {
        "kernel": "onpair_shmem_4tpt_o6",
        "decode_ms": 1.075808,
        "decode_gib_s": 608.6382543258544,
        "decode_ns_iters": [
          1078272,
          1076064,
          1076000,
          1090304,
          1076384,
          1087648,
          1078080,
          1076128,
          1077088,
          1076320,
          1077568,
          1075904,
          1076736,
          1075808,
          1092704,
          1076480,
          1078528,
          1093376,
          1077600,
          1090432,
          1077216,
          1077536,
          1077120,
          1076096,
          1077472,
          1077216,
          1076608,
          1077152,
          1076288,
          1078656
        ],
        "applicable": true
      },
      {
        "kernel": "onpair_shmem_4tpt_b512o3",
        "decode_ms": 1.077088,
        "decode_gib_s": 607.9149550545441,
        "decode_ns_iters": [
          1077792,
          1077664,
          1077152,
          1078528,
          1079424,
          1079584,
          1080064,
          1079296,
          1094400,
          1078016,
          1078080,
          1079360,
          1077952,
          1078976,
          1077600,
          1080864,
          1077152,
          1078944,
          1093056,
          1078112,
          1078048,
          1093120,
          1079200,
          1077440,
          1078496,
          1077888,
          1077088,
          1078432,
          1078624,
          1081024
        ],
        "applicable": true
      },
      {
        "kernel": "onpair_shmem_4tpt_b128o12",
        "decode_ms": 1.077216,
        "decode_gib_s": 607.8427196679114,
        "decode_ns_iters": [
          1079936,
          1097600,
          1080384,
          1079104,
          1095904,
          1079680,
          1079552,
          1080640,
          1078784,
          1077600,
          1078624,
          1080768,
          1079840,
          1082240,
          1077216,
          1081760,
          1079296,
          1081408,
          1091008,
          1080192,
          1094304,
          1097312,
          1081344,
          1078432,
          1095040,
          1078368,
          1080000,
          1080288,
          1079264,
          1079392
        ],
        "applicable": true
      },
      {
        "kernel": "onpair_shmem_4tpt_b64",
        "decode_ms": 1.083136,
        "decode_gib_s": 604.5204878332811,
        "decode_ns_iters": [
          1085536,
          1085152,
          1085536,
          1085088,
          1085856,
          1085696,
          1084864,
          1084960,
          1085056,
          1085504,
          1094784,
          1102048,
          1084064,
          1087072,
          1084064,
          1100992,
          1084896,
          1084576,
          1098848,
          1085248,
          1086368,
          1098208,
          1086560,
          1085824,
          1086208,
          1083136,
          1098976,
          1084320,
          1085760,
          1088288
        ],
        "applicable": true
      },
      {
        "kernel": "onpair_shmem_4tpt_b64o24",
        "decode_ms": 1.082112,
        "decode_gib_s": 605.0925441264758,
        "decode_ns_iters": [
          1083712,
          1083168,
          1082112,
          1083680,
          1084896,
          1083200,
          1099232,
          1082784,
          1084992,
          1096576,
          1083648,
          1086336,
          1085440,
          1084128,
          1085376,
          1097280,
          1084416,
          1083040,
          1083456,
          1096832,
          1083008,
          1082240,
          1082880,
          1083712,
          1084576,
          1082688,
          1096288,
          1083360,
          1082560,
          1082144
        ],
        "applicable": true
      },
      {
        "kernel": "onpair_shmem_4tpt_split8read_b128o12",
        "decode_ms": 0.880928,
        "decode_gib_s": 743.2819743608886,
        "decode_ns_iters": [
          882592,
          898336,
          896672,
          882560,
          883616,
          883616,
          882624,
          884704,
          881280,
          882144,
          895936,
          884512,
          896864,
          883968,
          882784,
          882304,
          881440,
          882624,
          883264,
          882592,
          884800,
          883488,
          882688,
          881568,
          882592,
          880928,
          883392,
          883520,
          895872,
          882592
        ],
        "applicable": true
      },
      {
        "kernel": "onpair_shmem_4tpt_split8read_occ",
        "decode_ms": 1.069056,
        "decode_gib_s": 612.4823237602042,
        "decode_ns_iters": [
          1069504,
          1071680,
          1069056,
          1071232,
          1071776,
          1069920,
          1086240,
          1070368,
          1070208,
          1070144,
          1070656,
          1070496,
          1083328,
          1071424,
          1070624,
          1071008,
          1071328,
          1070176,
          1070016,
          1070784,
          1070496,
          1071200,
          1071104,
          1070272,
          1071744,
          1085152,
          1071072,
          1070048,
          1089568,
          1071360
        ],
        "applicable": true
      },
      {
        "kernel": "onpair_shmem_4tpt_split8",
        "decode_ms": 1.200096,
        "decode_gib_s": 545.6046042231528,
        "decode_ns_iters": [
          1201632,
          1201824,
          1202368,
          1203104,
          1203168,
          1201504,
          1202080,
          1202432,
          1202048,
          1218112,
          1201760,
          1200864,
          1216736,
          1202688,
          1200608,
          1203616,
          1200896,
          1216320,
          1202048,
          1202880,
          1219200,
          1201728,
          1203968,
          1201728,
          1218368,
          1201184,
          1200096,
          1202496,
          1203424,
          1217280
        ],
        "applicable": true
      },
      {
        "kernel": "onpair_shmem_4tpt_split8_wpb8",
        "decode_ms": 1.157536,
        "decode_gib_s": 565.6652606137425,
        "decode_ns_iters": [
          1161504,
          1158912,
          1159904,
          1176320,
          1159520,
          1157536,
          1160960,
          1173728,
          1159456,
          1159200,
          1160576,
          1174752,
          1158784,
          1173312,
          1160096,
          1158976,
          1158208,
          1160160,
          1160096,
          1159936,
          1161504,
          1176224,
          1158144,
          1159840,
          1160672,
          1157632,
          1160736,
          1171872,
          1159360,
          1157952
        ],
        "applicable": true
      },
      {
        "kernel": "onpair_shmem_4tpt_split8_wpb8_occ",
        "decode_ms": 1.104896,
        "decode_gib_s": 592.6149638606609,
        "decode_ns_iters": [
          1104896,
          1106016,
          1105856,
          1122720,
          1106976,
          1106208,
          1107456,
          1108320,
          1105248,
          1106272,
          1107072,
          1123040,
          1108032,
          1107168,
          1107392,
          1107104,
          1106720,
          1106688,
          1105952,
          1118976,
          1106656,
          1107488,
          1108160,
          1107296,
          1120576,
          1106336,
          1107456,
          1107136,
          1122304,
          1109216
        ],
        "applicable": true
      },
      {
        "kernel": "onpair_shmem_4tpt_pdict",
        "decode_ms": 1.521312,
        "decode_gib_s": 430.4034301377948,
        "decode_ns_iters": [
          1526880,
          1521312,
          1524736,
          1526240,
          1542656,
          1526016,
          1525504,
          1522400,
          1528192,
          1544000,
          1528608,
          1526656,
          1530240,
          1526624,
          1530208,
          1526528,
          1534976,
          1528416,
          1542528,
          1527712,
          1525760,
          1544992,
          1531712,
          1531840,
          1535296,
          1544768,
          1525792,
          1527168,
          1528768,
          1536576
        ],
        "applicable": true
      },
      {
        "kernel": "onpair_shmem_4tpt_vdict",
        "decode_ms": 1.857984,
        "decode_gib_s": 352.4131010330492,
        "decode_ns_iters": [
          1891936,
          1890016,
          1892864,
          1892512,
          1896288,
          1891328,
          1906848,
          1894816,
          1893312,
          1889888,
          1889472,
          1892160,
          1883584,
          1857984,
          1907104,
          1891296,
          1906240,
          1893920,
          1910592,
          1890816,
          1898848,
          1892096,
          1892000,
          1894016,
          1911136,
          1889920,
          1891904,
          1895712,
          1890496,
          1893984
        ],
        "applicable": true
      },
      {
        "kernel": "onpair_shmem_4tpt_split8read",
        "decode_ms": 1.152672,
        "decode_gib_s": 568.0522326470921,
        "decode_ns_iters": [
          3305127859,
          3264615297,
          3252856970,
          3252339840,
          3259817839,
          3291640759,
          3281326532,
          3245660782,
          3280499697,
          3259526730,
          3276273966,
          3270933390,
          3287998915,
          3265609980,
          1190624,
          1162240,
          1277280,
          1160192,
          1163712,
          1175936,
          1154752,
          1156352,
          1164064,
          1162720,
          1161504,
          1157856,
          1152672,
          1161216,
          1163168,
          1162624
        ],
        "applicable": true
      },
      {
        "kernel": "onpair_shmem_4tpt_ldcs",
        "decode_ms": 1.23616,
        "decode_gib_s": 529.6870171416233,
        "decode_ns_iters": [
          1237440,
          1242880,
          1242016,
          1257184,
          1258304,
          1244864,
          1237184,
          1246944,
          1255424,
          1236160,
          1242112,
          1252128,
          1237632,
          1244352,
          1243840,
          1244672,
          1256480,
          1256064,
          1243360,
          1238208,
          1244096,
          1245856,
          1259712,
          1250176,
          1244032,
          1242496,
          1241920,
          1245248,
          1241472,
          1259488
        ],
        "applicable": true
      },
      {
        "kernel": "onpair_shmem_4tpt_lenbucket",
        "decode_ms": 0.0,
        "decode_gib_s": 0.0,
        "applicable": false,
        "reason": "length-bucket dict not built (set ONPAIR_DICT_REORDER=lenbucket)"
      },
      {
        "kernel": "onpair_shmem_4tpt_lenbucket_b128",
        "decode_ms": 0.0,
        "decode_gib_s": 0.0,
        "applicable": false,
        "reason": "length-bucket dict not built (set ONPAIR_DICT_REORDER=lenbucket)"
      },
      {
        "kernel": "onpair_shmem_4tpt_regcache",
        "decode_ms": 1.319104,
        "decode_gib_s": 496.3808032647834,
        "decode_ns_iters": [
          1338080,
          1339840,
          1327744,
          1336448,
          1340704,
          1337472,
          1327840,
          1326784,
          1321120,
          1327104,
          1321760,
          1327392,
          1327264,
          1327680,
          1329888,
          1326016,
          1322272,
          1328928,
          1328320,
          1324736,
          1327136,
          1326976,
          1328288,
          1328032,
          1326944,
          1327904,
          1325792,
          1327328,
          1319104,
          1320768
        ],
        "applicable": true
      },
      {
        "kernel": "onpair_shmem_4tpt_split4read",
        "decode_ms": 1.284416,
        "decode_gib_s": 509.78647347104743,
        "decode_ns_iters": [
          1291232,
          1284416,
          1290240,
          1293280,
          1293952,
          1293248,
          1293120,
          1292032,
          1295232,
          1291776,
          1294528,
          1293792,
          1293024,
          1307008,
          1291584,
          1292960,
          1285248,
          1307616,
          1306240,
          1292736,
          1306208,
          1307104,
          1293248,
          1293856,
          1293472,
          1290336,
          1291936,
          1293728,
          1294144,
          1295328
        ],
        "applicable": true
      },
      {
        "kernel": "onpair_shmem_4tpt_split4read_b128o12",
        "decode_ms": 1.089856,
        "decode_gib_s": 600.7930434018705,
        "decode_ns_iters": [
          1097600,
          1109760,
          1097088,
          1096384,
          1099328,
          1096512,
          1096800,
          1112000,
          1096384,
          1096096,
          1098496,
          1089856,
          1095040,
          1096864,
          1096672,
          1096608,
          1097824,
          1096224,
          1099872,
          1097216,
          1097408,
          1097344,
          1097152,
          1096544,
          1111360,
          1096224,
          1098880,
          1095648,
          1097696,
          1090464
        ],
        "applicable": true
      },
      {
        "kernel": "onpair_shmem_4tpt_cluster_dsmem",
        "decode_ms": 4.804512,
        "decode_gib_s": 136.28395622901743,
        "decode_ns_iters": [
          4824384,
          4816128,
          4847424,
          4813504,
          4823296,
          4828864,
          4827488,
          4816192,
          4827200,
          4807008,
          4833056,
          4814368,
          4825184,
          4829824,
          4830688,
          4820320,
          4840768,
          4817504,
          4834048,
          4822816,
          4837024,
          4825152,
          4826496,
          4835968,
          4816224,
          4825984,
          4804512,
          4817792,
          4830048,
          4825952
        ],
        "applicable": true
      },
      {
        "kernel": "onpair_shmem_8tpt",
        "decode_ms": 1.111328,
        "decode_gib_s": 589.1851038665352,
        "decode_ns_iters": [
          1119712,
          1122656,
          1120864,
          1146880,
          1123104,
          1120416,
          1123904,
          1119264,
          1121024,
          1134720,
          1124320,
          1135040,
          1122752,
          1113696,
          1113792,
          1111328,
          1122368,
          1112928,
          1113568,
          1124832,
          1116096,
          1120544,
          1133920,
          1121600,
          1119680,
          1130784,
          1121600,
          1120896,
          1115200,
          1119584
        ],
        "applicable": true
      },
      {
        "kernel": "onpair_shmem_8tpt_b128",
        "decode_ms": 1.082368,
        "decode_gib_s": 604.9494285767769,
        "decode_ns_iters": [
          1122176,
          1122976,
          1120672,
          1135104,
          1123424,
          1123008,
          1114432,
          1128032,
          1114976,
          1118880,
          1122208,
          1122176,
          1135360,
          1114944,
          1122240,
          1146688,
          1120448,
          1105728,
          1091424,
          1083488,
          1085056,
          1082368,
          1117856,
          1118304,
          1128256,
          1116736,
          1123040,
          1114624,
          1123328,
          1124448
        ],
        "applicable": true
      },
      {
        "kernel": "onpair_shmem_4tpt_vwidth",
        "decode_ms": 4.078528,
        "decode_gib_s": 160.54270146233858,
        "decode_ns_iters": [
          4079552,
          4079200,
          4086272,
          4086848,
          4079200,
          4085344,
          4086560,
          4078528,
          4102720,
          4085568,
          4078624,
          4082400,
          4085408,
          4087168,
          4084992,
          4086272,
          4086592,
          4086560,
          4086144,
          4087552,
          4085696,
          4085152,
          4085728,
          4081216,
          4087360,
          4091456,
          4086240,
          4088288,
          4086464,
          4100256
        ],
        "applicable": true
      },
      {
        "kernel": "onpair_shmem_4tpt_vwidth_b128",
        "decode_ms": 4.954112,
        "decode_gib_s": 132.1685708982334,
        "decode_ns_iters": [
          4961920,
          4973632,
          4959232,
          4961024,
          4958464,
          4961376,
          4960832,
          4962144,
          4954272,
          4960512,
          4961024,
          4961920,
          4959968,
          4959936,
          4961952,
          4967488,
          4958720,
          4959008,
          4954656,
          4954112,
          4960800,
          4959744,
          4959648,
          4972832,
          4957792,
          4974272,
          4975552,
          4962592,
          4976480,
          4961312
        ],
        "applicable": true
      },
      {
        "kernel": "onpair_shmem_4tpt_vwidth4",
        "decode_ms": 1.407392,
        "decode_gib_s": 465.2420243328006,
        "decode_ns_iters": [
          1422656,
          1414912,
          1409440,
          1416896,
          1410752,
          1415424,
          1413664,
          1418528,
          1415968,
          1430400,
          1418528,
          1407392,
          1415552,
          1416256,
          1417472,
          1417376,
          1408928,
          1407424,
          1415936,
          1416672,
          1421824,
          1416960,
          1409952,
          1416928,
          1416960,
          1416128,
          1410528,
          1415328,
          1416640,
          1416896
        ],
        "applicable": true
      },
      {
        "kernel": "onpair_shmem_4tpt_vwidth4_b128",
        "decode_ms": 1.026784,
        "decode_gib_s": 637.697805098043,
        "decode_ns_iters": [
          1028544,
          1036896,
          1033120,
          1036224,
          1038240,
          1044160,
          1028800,
          1036416,
          1050080,
          1034816,
          1033248,
          1034720,
          1036832,
          1031424,
          1029152,
          1028832,
          1031872,
          1035136,
          1030496,
          1035872,
          1029184,
          1042528,
          1036416,
          1029440,
          1034912,
          1026784,
          1029952,
          1050880,
          1035584,
          1037568
        ],
        "applicable": true
      },
      {
        "kernel": "onpair_shmem_4tpt_shdict8",
        "decode_ms": 1.965088,
        "decode_gib_s": 333.2053847511099,
        "decode_ns_iters": [
          1976800,
          1978496,
          1975776,
          1973952,
          1973920,
          1976704,
          1993952,
          1977632,
          1973568,
          1975424,
          1995392,
          1987904,
          1971264,
          1989920,
          1965088,
          1989920,
          1976832,
          1970784,
          1982144,
          1975136,
          1970496,
          1976000,
          1976992,
          1972288,
          1973696,
          1971488,
          1971136,
          1972128,
          1995520,
          1973280
        ],
        "applicable": true
      },
      {
        "kernel": "onpair_shmem_4tpt_ablate",
        "decode_ms": 1.075744,
        "decode_gib_s": 608.6744644727638,
        "decode_ns_iters": [
          1097728,
          1080864,
          1081504,
          1083168,
          1095136,
          1082624,
          1083104,
          1082944,
          1075744,
          1076064,
          1084800,
          1100896,
          1082400,
          1083616,
          1082592,
          1083520,
          1081984,
          1098336,
          1081088,
          1096896,
          1081920,
          1082816,
          1083040,
          1082208,
          1081920,
          1082912,
          1082208,
          1082432,
          1081248,
          1083744
        ],
        "applicable": true
      },
      {
        "kernel": "onpair_shmem_4tpt_ablate_nogather",
        "decode_ms": 0.790272,
        "decode_gib_s": 828.5475166901889,
        "decode_ns_iters": [
          797600,
          790656,
          797120,
          799008,
          791360,
          799200,
          799680,
          790272,
          800000,
          799552,
          791648,
          804896,
          814080,
          798080,
          798304,
          793216,
          797536,
          794112,
          798272,
          799648,
          800224,
          797952,
          799616,
          791776,
          799520,
          799648,
          800256,
          800256,
          791168,
          800832
        ],
        "applicable": true
      },
      {
        "kernel": "onpair_shmem_4tpt_ablate_noemit",
        "decode_ms": 0.3944,
        "decode_gib_s": 1660.1873811100124,
        "decode_ns_iters": [
          435424,
          436096,
          449152,
          448576,
          435872,
          430336,
          435104,
          434784,
          436000,
          404416,
          436224,
          436128,
          428544,
          438080,
          434656,
          427424,
          403808,
          430944,
          435296,
          400544,
          396576,
          394400,
          435968,
          434592,
          435648,
          428064,
          429312,
          428064,
          426304,
          437152
        ],
        "applicable": true
      },
      {
        "kernel": "onpair_shmem_4tpt_ablate_nodrain",
        "decode_ms": 0.993216,
        "decode_gib_s": 659.2502568522748,
        "decode_ns_iters": [
          1003584,
          994880,
          1002560,
          1001248,
          1002624,
          1003136,
          1002240,
          1002688,
          1004128,
          1002496,
          1011008,
          1003424,
          1018688,
          1002912,
          1003072,
          1006144,
          995520,
          995136,
          993472,
          1002880,
          995808,
          995008,
          993216,
          996768,
          994944,
          1003904,
          1002784,
          994368,
          1003232,
          1004288
        ],
        "applicable": true
      },
      {
        "kernel": "onpair_shmem_4tpt_ablate_noscan",
        "decode_ms": 0.780128,
        "decode_gib_s": 839.3211153936135,
        "decode_ns_iters": [
          788512,
          789696,
          788800,
          788800,
          798240,
          780128,
          803200,
          802624,
          791296,
          788096,
          792096,
          806528,
          789536,
          794720,
          801216,
          786464,
          789056,
          790112,
          784192,
          783840,
          782720,
          789696,
          782816,
          797952,
          800064,
          781216,
          802656,
          793056,
          795520,
          780960
        ],
        "applicable": true
      },
      {
        "kernel": "onpair_shmem_4tpt_ablate_cfree",
        "decode_ms": 1.067456,
        "decode_gib_s": 613.4003678931861,
        "decode_ns_iters": [
          1081920,
          1077728,
          1076864,
          1068736,
          1069536,
          1073920,
          1076128,
          1075392,
          1077120,
          1068384,
          1070368,
          1092928,
          1076448,
          1069600,
          1087424,
          1077024,
          1090528,
          1077760,
          1077408,
          1067744,
          1076672,
          1067456,
          1077920,
          1090688,
          1075968,
          1072064,
          1070848,
          1069280,
          1075520,
          1076864
        ],
        "applicable": true
      },
      {
        "kernel": "onpair_shmem_s8",
        "decode_ms": 0.0,
        "decode_gib_s": 0.0,
        "applicable": false,
        "reason": "dictionary entry longer than 8 bytes"
      },
      {
        "kernel": "onpair_shmem_s8_2tpt",
        "decode_ms": 0.0,
        "decode_gib_s": 0.0,
        "applicable": false,
        "reason": "dictionary entry longer than 8 bytes"
      },
      {
        "kernel": "onpair_shmem_s8_4tpt",
        "decode_ms": 0.0,
        "decode_gib_s": 0.0,
        "applicable": false,
        "reason": "dictionary entry longer than 8 bytes"
      },
      {
        "kernel": "onpair_shmem_s8_8tpt",
        "decode_ms": 0.0,
        "decode_gib_s": 0.0,
        "applicable": false,
        "reason": "dictionary entry longer than 8 bytes"
      },
      {
        "kernel": "onpair_shmem_s4l1",
        "decode_ms": 0.0,
        "decode_gib_s": 0.0,
        "applicable": false,
        "reason": "dictionary entry longer than 4 bytes"
      },
      {
        "kernel": "onpair_shmem_s4l1_2tpt",
        "decode_ms": 0.0,
        "decode_gib_s": 0.0,
        "applicable": false,
        "reason": "dictionary entry longer than 4 bytes"
      },
      {
        "kernel": "onpair_shmem_s4l1_4tpt",
        "decode_ms": 0.0,
        "decode_gib_s": 0.0,
        "applicable": false,
        "reason": "dictionary entry longer than 4 bytes"
      },
      {
        "kernel": "onpair_shmem_s4l1_8tpt",
        "decode_ms": 0.0,
        "decode_gib_s": 0.0,
        "applicable": false,
        "reason": "dictionary entry longer than 4 bytes"
      },
      {
        "kernel": "onpair_shmem_s4l1_16tpt",
        "decode_ms": 0.0,
        "decode_gib_s": 0.0,
        "applicable": false,
        "reason": "dictionary entry longer than 4 bytes"
      },
      {
        "kernel": "onpair_shmem_s4l1_32tpt",
        "decode_ms": 0.0,
        "decode_gib_s": 0.0,
        "applicable": false,
        "reason": "dictionary entry longer than 4 bytes"
      },
      {
        "kernel": "onpair_shmem_const1",
        "decode_ms": 0.0,
        "decode_gib_s": 0.0,
        "applicable": false,
        "reason": "not every dictionary entry is exactly 1 byte"
      },
      {
        "kernel": "onpair_shmem_const2",
        "decode_ms": 0.0,
        "decode_gib_s": 0.0,
        "applicable": false,
        "reason": "not every dictionary entry is exactly 2 bytes"
      }
    ]
  }
}
==PROF== Disconnected from process 30759
==PROF== Report: /home/ubuntu/work/ncu_costsurface_wikipedia_text_b12.ncu-rep
