==PROF== Connected to process 30990 (/home/ubuntu/work/target/release/onpair-chunk-bench)
2026-06-25T16:31:27.361408Z  INFO vortex_cuda: vortex-cuda/src/lib.rs:111: Registering CUDA kernels
==WARNING== Unable to access the following 6 metrics: ctc__rx_bytes_data_user.sum, ctc__rx_bytes_data_user.sum.pct_of_peak_sustained_elapsed, ctc__rx_bytes_data_user.sum.per_second, ctc__tx_bytes_data_user.sum, ctc__tx_bytes_data_user.sum.pct_of_peak_sustained_elapsed, ctc__tx_bytes_data_user.sum.per_second.


==PROF== Profiling "onpair_u64" - 0 (1/16): 0%....50%....100% - 40 passes
==PROF== Profiling "onpair_u64" - 1 (2/16): 0%....50%....100% - 40 passes
==PROF== Profiling "onpair_u64" - 2 (3/16): 0%....50%....100% - 40 passes
==PROF== Profiling "onpair_u64" - 3 (4/16): 0%....50%....100% - 40 passes
==PROF== Profiling "onpair_u64" - 4 (5/16): 0%....50%....100% - 40 passes
==PROF== Profiling "onpair_u64" - 5 (6/16): 0%....50%....100% - 40 passes
==PROF== Profiling "onpair_u64" - 6 (7/16): 0%....50%....100% - 40 passes
==PROF== Profiling "onpair_u64" - 7 (8/16): 0%....50%....100% - 40 passes
==PROF== Profiling "onpair_u64" - 8 (9/16): 0%....50%....100% - 40 passes
==PROF== Profiling "onpair_u64" - 9 (10/16): 0%....50%....100% - 40 passes
==PROF== Profiling "onpair_u64" - 10 (11/16): 0%....50%....100% - 40 passes
==PROF== Profiling "onpair_u64" - 11 (12/16): 0%....50%....100% - 40 passes
==PROF== Profiling "onpair_u64" - 12 (13/16): 0%....50%....100% - 40 passes
==PROF== Profiling "onpair_u64" - 13 (14/16): 0%....50%....100% - 40 passes
==PROF== Profiling "onpair_u64" - 14 (15/16): 0%....50%....100% - 40 passes
==PROF== Profiling "onpair_u64" - 15 (16/16): 0%....50%....100% - 40 passes
{
  "files": [
    "/home/ubuntu/work/vortex-bench/data/onpair-bench/tpch-sf10/ps_comment/bits12_chunk1000mb_thr0.20/part_0000.vortex"
  ],
  "column": "ps_comment",
  "rows": 8000000,
  "in_memory_bytes": 157029126,
  "dict_bytes": 39274,
  "gpu": {
    "iterations": 30,
    "decoded_bytes": 987934065,
    "chunks": 1,
    "auto_kernel": "onpair_shmem_4tpt_b128o12",
    "frac_le8": 0.32293034,
    "dict_mean_len": 9.584473,
    "dict_max_len": 16,
    "dict_entries_max": 4096,
    "small_dict": true,
    "distinct_codes": 3867,
    "access_top4096_frac": 1.0,
    "compressed_bytes": 190883184,
    "h2d_gib_s": 10.188152767683016,
    "whole_decompress_gib_s": 50.540962745002346,
    "best_kernel": "onpair_shmem_4tpt_ablate_noemit",
    "auto_decode_ms": 0.7556714666666667,
    "best_decode_ms": 0.2932693333333333,
    "validated": false,
    "auto_decode_gib_s": 1217.5731618195307,
    "best_decode_gib_s": 3137.338931787852,
    "kernels": [
      {
        "kernel": "onpair",
        "decode_ms": 3112.442581466667,
        "decode_gib_s": 0.29561518739168724,
        "applicable": true
      },
      {
        "kernel": "onpair_shmem",
        "decode_ms": 0.9022581333333334,
        "decode_gib_s": 1019.7583850720645,
        "applicable": true
      },
      {
        "kernel": "onpair_shmem_2tpt",
        "decode_ms": 0.7842357333333333,
        "decode_gib_s": 1173.225419167505,
        "applicable": true
      },
      {
        "kernel": "onpair_shmem_4tpt",
        "decode_ms": 0.8108608,
        "decode_gib_s": 1134.7019081032595,
        "applicable": true
      },
      {
        "kernel": "onpair_shmem_4tpt_wpb8",
        "decode_ms": 0.7994336000000001,
        "decode_gib_s": 1150.921473610986,
        "applicable": true
      },
      {
        "kernel": "onpair_shmem_4tpt_wpb8_occ",
        "decode_ms": 0.7546261333333334,
        "decode_gib_s": 1219.2597848446305,
        "applicable": true
      },
      {
        "kernel": "onpair_shmem_4tpt_b128",
        "decode_ms": 0.7564832,
        "decode_gib_s": 1216.26666258568,
        "applicable": true
      },
      {
        "kernel": "onpair_shmem_4tpt_o6",
        "decode_ms": 0.7571882666666667,
        "decode_gib_s": 1215.1341185153099,
        "applicable": true
      },
      {
        "kernel": "onpair_shmem_4tpt_b512o3",
        "decode_ms": 0.7534837333333333,
        "decode_gib_s": 1221.1083746901534,
        "applicable": true
      },
      {
        "kernel": "onpair_shmem_4tpt_b128o12",
        "decode_ms": 0.7556714666666667,
        "decode_gib_s": 1217.5731618195307,
        "applicable": true
      },
      {
        "kernel": "onpair_shmem_4tpt_b64",
        "decode_ms": 0.7629237333333333,
        "decode_gib_s": 1205.9990491397334,
        "applicable": true
      },
      {
        "kernel": "onpair_shmem_4tpt_b64o24",
        "decode_ms": 0.7578261333333334,
        "decode_gib_s": 1214.111333056169,
        "applicable": true
      },
      {
        "kernel": "onpair_shmem_4tpt_split8read_b128o12",
        "decode_ms": 0.7881365333333333,
        "decode_gib_s": 1167.4186616812951,
        "applicable": true
      },
      {
        "kernel": "onpair_shmem_4tpt_split8read_occ",
        "decode_ms": 0.7947488,
        "decode_gib_s": 1157.7058020926052,
        "applicable": true
      },
      {
        "kernel": "onpair_shmem_4tpt_split8",
        "decode_ms": 0.8825909333333333,
        "decode_gib_s": 1042.482153641886,
        "applicable": true
      },
      {
        "kernel": "onpair_shmem_4tpt_split8_wpb8",
        "decode_ms": 0.8939669333333333,
        "decode_gib_s": 1029.2162524797363,
        "applicable": true
      },
      {
        "kernel": "onpair_shmem_4tpt_split8_wpb8_occ",
        "decode_ms": 0.8490165333333334,
        "decode_gib_s": 1083.7071609828117,
        "applicable": true
      },
      {
        "kernel": "onpair_shmem_4tpt_pdict",
        "decode_ms": 0.9142581333333334,
        "decode_gib_s": 1006.3736524952276,
        "applicable": true
      },
      {
        "kernel": "onpair_shmem_4tpt_vdict",
        "decode_ms": 1.5215712000000001,
        "decode_gib_s": 604.6942114612418,
        "applicable": true
      },
      {
        "kernel": "onpair_shmem_4tpt_split8read",
        "decode_ms": 0.8036053333333334,
        "decode_gib_s": 1144.9467279536914,
        "applicable": true
      },
      {
        "kernel": "onpair_shmem_4tpt_ldcs",
        "decode_ms": 0.7960597333333334,
        "decode_gib_s": 1155.799318115829,
        "applicable": true
      },
      {
        "kernel": "onpair_shmem_4tpt_lenbucket",
        "decode_ms": 0.0,
        "decode_gib_s": 0.0,
        "applicable": false,
        "reason": "length-bucket dict not built (set ONPAIR_DICT_REORDER=lenbucket)"
      },
      {
        "kernel": "onpair_shmem_4tpt_lenbucket_b128",
        "decode_ms": 0.0,
        "decode_gib_s": 0.0,
        "applicable": false,
        "reason": "length-bucket dict not built (set ONPAIR_DICT_REORDER=lenbucket)"
      },
      {
        "kernel": "onpair_shmem_4tpt_regcache",
        "decode_ms": 0.8403039999999999,
        "decode_gib_s": 1094.943374024324,
        "applicable": true
      },
      {
        "kernel": "onpair_shmem_4tpt_split4read",
        "decode_ms": 0.943712,
        "decode_gib_s": 974.9640748089836,
        "applicable": true
      },
      {
        "kernel": "onpair_shmem_4tpt_split4read_b128o12",
        "decode_ms": 0.9458293333333334,
        "decode_gib_s": 972.7815204499213,
        "applicable": true
      },
      {
        "kernel": "onpair_shmem_4tpt_cluster_dsmem",
        "decode_ms": 2.5214752,
        "decode_gib_s": 364.89960201319275,
        "applicable": true
      },
      {
        "kernel": "onpair_shmem_8tpt",
        "decode_ms": 0.7905184,
        "decode_gib_s": 1163.9011779689574,
        "applicable": true
      },
      {
        "kernel": "onpair_shmem_8tpt_b128",
        "decode_ms": 0.7913450666666667,
        "decode_gib_s": 1162.685326189943,
        "applicable": true
      },
      {
        "kernel": "onpair_shmem_4tpt_vwidth",
        "decode_ms": 2.262283733333333,
        "decode_gib_s": 406.7064106103294,
        "applicable": true
      },
      {
        "kernel": "onpair_shmem_4tpt_vwidth_b128",
        "decode_ms": 2.6696618666666665,
        "decode_gib_s": 344.6448812317014,
        "applicable": true
      },
      {
        "kernel": "onpair_shmem_4tpt_vwidth4",
        "decode_ms": 0.9797269333333334,
        "decode_gib_s": 939.1242249875905,
        "applicable": true
      },
      {
        "kernel": "onpair_shmem_4tpt_vwidth4_b128",
        "decode_ms": 0.8207317333333334,
        "decode_gib_s": 1121.0548582412987,
        "applicable": true
      },
      {
        "kernel": "onpair_shmem_4tpt_shdict8",
        "decode_ms": 1.1265024,
        "decode_gib_s": 816.7628377588327,
        "applicable": true
      },
      {
        "kernel": "onpair_shmem_4tpt_ablate",
        "decode_ms": 0.7592245333333333,
        "decode_gib_s": 1211.8750864471567,
        "applicable": true
      },
      {
        "kernel": "onpair_shmem_4tpt_ablate_nogather",
        "decode_ms": 0.6105482666666667,
        "decode_gib_s": 1506.9820802037634,
        "applicable": true
      },
      {
        "kernel": "onpair_shmem_4tpt_ablate_noemit",
        "decode_ms": 0.2932693333333333,
        "decode_gib_s": 3137.338931787852,
        "applicable": true
      },
      {
        "kernel": "onpair_shmem_4tpt_ablate_nodrain",
        "decode_ms": 0.6634485333333333,
        "decode_gib_s": 1386.822414609004,
        "applicable": true
      },
      {
        "kernel": "onpair_shmem_4tpt_ablate_noscan",
        "decode_ms": 0.40337599999999996,
        "decode_gib_s": 2280.9619237786474,
        "applicable": true
      },
      {
        "kernel": "onpair_shmem_4tpt_ablate_cfree",
        "decode_ms": 0.5833312,
        "decode_gib_s": 1577.2948489059654,
        "applicable": true
      },
      {
        "kernel": "onpair_shmem_s8",
        "decode_ms": 0.0,
        "decode_gib_s": 0.0,
        "applicable": false,
        "reason": "dictionary entry longer than 8 bytes"
      },
      {
        "kernel": "onpair_shmem_s8_2tpt",
        "decode_ms": 0.0,
        "decode_gib_s": 0.0,
        "applicable": false,
        "reason": "dictionary entry longer than 8 bytes"
      },
      {
        "kernel": "onpair_shmem_s8_4tpt",
        "decode_ms": 0.0,
        "decode_gib_s": 0.0,
        "applicable": false,
        "reason": "dictionary entry longer than 8 bytes"
      },
      {
        "kernel": "onpair_shmem_s8_8tpt",
        "decode_ms": 0.0,
        "decode_gib_s": 0.0,
        "applicable": false,
        "reason": "dictionary entry longer than 8 bytes"
      },
      {
        "kernel": "onpair_shmem_s4l1",
        "decode_ms": 0.0,
        "decode_gib_s": 0.0,
        "applicable": false,
        "reason": "dictionary entry longer than 4 bytes"
      },
      {
        "kernel": "onpair_shmem_s4l1_2tpt",
        "decode_ms": 0.0,
        "decode_gib_s": 0.0,
        "applicable": false,
        "reason": "dictionary entry longer than 4 bytes"
      },
      {
        "kernel": "onpair_shmem_s4l1_4tpt",
        "decode_ms": 0.0,
        "decode_gib_s": 0.0,
        "applicable": false,
        "reason": "dictionary entry longer than 4 bytes"
      },
      {
        "kernel": "onpair_shmem_s4l1_8tpt",
        "decode_ms": 0.0,
        "decode_gib_s": 0.0,
        "applicable": false,
        "reason": "dictionary entry longer than 4 bytes"
      },
      {
        "kernel": "onpair_shmem_s4l1_16tpt",
        "decode_ms": 0.0,
        "decode_gib_s": 0.0,
        "applicable": false,
        "reason": "dictionary entry longer than 4 bytes"
      },
      {
        "kernel": "onpair_shmem_s4l1_32tpt",
        "decode_ms": 0.0,
        "decode_gib_s": 0.0,
        "applicable": false,
        "reason": "dictionary entry longer than 4 bytes"
      },
      {
        "kernel": "onpair_shmem_const1",
        "decode_ms": 0.0,
        "decode_gib_s": 0.0,
        "applicable": false,
        "reason": "not every dictionary entry is exactly 1 byte"
      },
      {
        "kernel": "onpair_shmem_const2",
        "decode_ms": 0.0,
        "decode_gib_s": 0.0,
        "applicable": false,
        "reason": "not every dictionary entry is exactly 2 bytes"
      }
    ],
    "nvcomp_zstd_hw": {
      "supported": false,
      "error": "failed to prepare nvCOMP zstd hardware decode: Other error: nvcomp get_decompress_temp_size failed: nvcomp: invalid value",
      "iterations": 30,
      "backend": "hardware",
      "zstd_level": -10,
      "values_per_frame": 2048,
      "raw_bytes": 987934065,
      "compressed_bytes": 0,
      "frames": 0,
      "compression_ratio": 0.0,
      "decode_ms": 0.0,
      "decode_gib_s": 0.0,
      "compressed_gib_s": 0.0
    },
    "nvcomp_zstd": [
      {
        "supported": true,
        "iterations": 30,
        "backend": "default",
        "zstd_level": -10,
        "values_per_frame": 2048,
        "raw_bytes": 987934065,
        "compressed_bytes": 307442005,
        "frames": 3907,
        "compression_ratio": 3.2133997597367996,
        "decode_ms": 12.670298608144124,
        "decode_gib_s": 72.61749114379433,
        "compressed_gib_s": 22.598337142385986
      },
      {
        "supported": true,
        "iterations": 30,
        "backend": "default",
        "zstd_level": 1,
        "values_per_frame": 2048,
        "raw_bytes": 987934065,
        "compressed_bytes": 252616707,
        "frames": 3907,
        "compression_ratio": 3.910802562239084,
        "decode_ms": 12.649612840016683,
        "decode_gib_s": 72.73624170183868,
        "compressed_gib_s": 18.598801791771965
      },
      {
        "supported": true,
        "iterations": 30,
        "backend": "default",
        "zstd_level": 3,
        "values_per_frame": 2048,
        "raw_bytes": 987934065,
        "compressed_bytes": 237244314,
        "frames": 3907,
        "compression_ratio": 4.164205448565566,
        "decode_ms": 12.074547290802002,
        "decode_gib_s": 76.20039698440922,
        "compressed_gib_s": 18.29890429893602
      }
    ]
  }
}
==PROF== Disconnected from process 30990
==PROF== Report: /home/ubuntu/work/ncu_costsurface_tpch-sf10_ps_comment_b12.ncu-rep
