==PROF== Connected to process 26356 (/home/ubuntu/work/target/release/onpair-chunk-bench)
2026-06-25T16:19:16.384152Z  INFO vortex_cuda: vortex-cuda/src/lib.rs:111: Registering CUDA kernels
==WARNING== Unable to access the following 6 metrics: ctc__rx_bytes_data_user.sum, ctc__rx_bytes_data_user.sum.pct_of_peak_sustained_elapsed, ctc__rx_bytes_data_user.sum.per_second, ctc__tx_bytes_data_user.sum, ctc__tx_bytes_data_user.sum.pct_of_peak_sustained_elapsed, ctc__tx_bytes_data_user.sum.per_second.


==PROF== Profiling "onpair_u64" - 0 (1/16): 0%....50%....100% - 40 passes
==PROF== Profiling "onpair_u64" - 1 (2/16): 0%....50%....100% - 40 passes
==PROF== Profiling "onpair_u64" - 2 (3/16): 0%....50%....100% - 40 passes
==PROF== Profiling "onpair_u64" - 3 (4/16): 0%....50%....100% - 40 passes
==PROF== Profiling "onpair_u64" - 4 (5/16): 0%....50%....100% - 40 passes
==PROF== Profiling "onpair_u64" - 5 (6/16): 0%....50%....100% - 40 passes
==PROF== Profiling "onpair_u64" - 6 (7/16): 0%....50%....100% - 40 passes
==PROF== Profiling "onpair_u64" - 7 (8/16): 0%....50%....100% - 40 passes
==PROF== Profiling "onpair_u64" - 8 (9/16): 0%....50%....100% - 40 passes
==PROF== Profiling "onpair_u64" - 9 (10/16): 0%....50%....100% - 40 passes
==PROF== Profiling "onpair_u64" - 10 (11/16): 0%....50%....100% - 40 passes
==PROF== Profiling "onpair_u64" - 11 (12/16): 0%....50%....100% - 40 passes
==PROF== Profiling "onpair_u64" - 12 (13/16): 0%....50%....100% - 40 passes
==PROF== Profiling "onpair_u64" - 13 (14/16): 0%....50%....100% - 40 passes
==PROF== Profiling "onpair_u64" - 14 (15/16): 0%....50%....100% - 40 passes
==PROF== Profiling "onpair_u64" - 15 (16/16): 0%....50%....100% - 40 passes
{
  "files": [
    "/home/ubuntu/work/vortex-bench/data/onpair-bench/synthetic/url/bits16_chunk1000mb_thr0.20/part_0000.vortex"
  ],
  "column": "url",
  "rows": 10000000,
  "in_memory_bytes": 92950663,
  "dict_bytes": 5152,
  "gpu": {
    "iterations": 30,
    "decoded_bytes": 923569389,
    "chunks": 1,
    "auto_kernel": "onpair_shmem_4tpt_b128o12",
    "frac_le8": 0.15571,
    "dict_mean_len": 5.305785,
    "dict_max_len": 16,
    "dict_entries_max": 968,
    "small_dict": true,
    "distinct_codes": 236,
    "access_top4096_frac": 1.0,
    "compressed_bytes": 153758886,
    "h2d_gib_s": 10.399481523449166,
    "whole_decompress_gib_s": 59.72146796803978,
    "best_kernel": "onpair_shmem_4tpt_ablate_noemit",
    "auto_decode_ms": 0.6327104,
    "best_decode_ms": 0.26762453333333336,
    "validated": false,
    "auto_decode_gib_s": 1359.4545327523056,
    "best_decode_gib_s": 3213.9841982580733,
    "kernels": [
      {
        "kernel": "onpair",
        "decode_ms": 2424.2755965,
        "decode_gib_s": 0.35480331627366785,
        "applicable": true
      },
      {
        "kernel": "onpair_shmem",
        "decode_ms": 0.7572394666666666,
        "decode_gib_s": 1135.8903742640696,
        "applicable": true
      },
      {
        "kernel": "onpair_shmem_2tpt",
        "decode_ms": 0.6503605333333333,
        "decode_gib_s": 1322.5602986561778,
        "applicable": true
      },
      {
        "kernel": "onpair_shmem_4tpt",
        "decode_ms": 0.6781632,
        "decode_gib_s": 1268.339274675365,
        "applicable": true
      },
      {
        "kernel": "onpair_shmem_4tpt_wpb8",
        "decode_ms": 0.6446933333333333,
        "decode_gib_s": 1334.1863126647156,
        "applicable": true
      },
      {
        "kernel": "onpair_shmem_4tpt_wpb8_occ",
        "decode_ms": 0.6345482666666666,
        "decode_gib_s": 1355.5170920533983,
        "applicable": true
      },
      {
        "kernel": "onpair_shmem_4tpt_b128",
        "decode_ms": 0.6351786666666667,
        "decode_gib_s": 1354.1717729807115,
        "applicable": true
      },
      {
        "kernel": "onpair_shmem_4tpt_o6",
        "decode_ms": 0.6341728,
        "decode_gib_s": 1356.3196359092103,
        "applicable": true
      },
      {
        "kernel": "onpair_shmem_4tpt_b512o3",
        "decode_ms": 0.6361536,
        "decode_gib_s": 1352.0964452602711,
        "applicable": true
      },
      {
        "kernel": "onpair_shmem_4tpt_b128o12",
        "decode_ms": 0.6327104,
        "decode_gib_s": 1359.4545327523056,
        "applicable": true
      },
      {
        "kernel": "onpair_shmem_4tpt_b64",
        "decode_ms": 0.6352138666666666,
        "decode_gib_s": 1354.0967323543807,
        "applicable": true
      },
      {
        "kernel": "onpair_shmem_4tpt_b64o24",
        "decode_ms": 0.632736,
        "decode_gib_s": 1359.3995302930834,
        "applicable": true
      },
      {
        "kernel": "onpair_shmem_4tpt_split8read_b128o12",
        "decode_ms": 0.6679328000000001,
        "decode_gib_s": 1287.7658069786723,
        "applicable": true
      },
      {
        "kernel": "onpair_shmem_4tpt_split8read_occ",
        "decode_ms": 0.6663242666666667,
        "decode_gib_s": 1290.8745249553037,
        "applicable": true
      },
      {
        "kernel": "onpair_shmem_4tpt_split8",
        "decode_ms": 0.7282773333333333,
        "decode_gib_s": 1181.0624632001789,
        "applicable": true
      },
      {
        "kernel": "onpair_shmem_4tpt_split8_wpb8",
        "decode_ms": 0.7161791999999999,
        "decode_gib_s": 1201.0136865180175,
        "applicable": true
      },
      {
        "kernel": "onpair_shmem_4tpt_split8_wpb8_occ",
        "decode_ms": 0.7023445333333334,
        "decode_gib_s": 1224.6710558382044,
        "applicable": true
      },
      {
        "kernel": "onpair_shmem_4tpt_pdict",
        "decode_ms": 0.7774954666666667,
        "decode_gib_s": 1106.297152943131,
        "applicable": true
      },
      {
        "kernel": "onpair_shmem_4tpt_vdict",
        "decode_ms": 1.1796992000000002,
        "decode_gib_s": 729.1189323511657,
        "applicable": true
      },
      {
        "kernel": "onpair_shmem_4tpt_split8read",
        "decode_ms": 0.6771530666666667,
        "decode_gib_s": 1270.2313015189145,
        "applicable": true
      },
      {
        "kernel": "onpair_shmem_4tpt_ldcs",
        "decode_ms": 0.6623466666666666,
        "decode_gib_s": 1298.6266323770903,
        "applicable": true
      },
      {
        "kernel": "onpair_shmem_4tpt_lenbucket",
        "decode_ms": 0.0,
        "decode_gib_s": 0.0,
        "applicable": false,
        "reason": "length-bucket dict not built (set ONPAIR_DICT_REORDER=lenbucket)"
      },
      {
        "kernel": "onpair_shmem_4tpt_lenbucket_b128",
        "decode_ms": 0.0,
        "decode_gib_s": 0.0,
        "applicable": false,
        "reason": "length-bucket dict not built (set ONPAIR_DICT_REORDER=lenbucket)"
      },
      {
        "kernel": "onpair_shmem_4tpt_regcache",
        "decode_ms": 0.7237578666666666,
        "decode_gib_s": 1188.4375435682418,
        "applicable": true
      },
      {
        "kernel": "onpair_shmem_4tpt_split4read",
        "decode_ms": 0.7641365333333333,
        "decode_gib_s": 1125.637871870094,
        "applicable": true
      },
      {
        "kernel": "onpair_shmem_4tpt_split4read_b128o12",
        "decode_ms": 0.7501824,
        "decode_gib_s": 1146.575847686542,
        "applicable": true
      },
      {
        "kernel": "onpair_shmem_4tpt_cluster_dsmem",
        "decode_ms": 2.0336757333333333,
        "decode_gib_s": 422.9489525302515,
        "applicable": true
      },
      {
        "kernel": "onpair_shmem_8tpt",
        "decode_ms": 0.6371978666666667,
        "decode_gib_s": 1349.880572731868,
        "applicable": true
      },
      {
        "kernel": "onpair_shmem_8tpt_b128",
        "decode_ms": 0.6354410666666667,
        "decode_gib_s": 1353.6125792303073,
        "applicable": true
      },
      {
        "kernel": "onpair_shmem_4tpt_vwidth",
        "decode_ms": 1.3567754666666665,
        "decode_gib_s": 633.9597393463516,
        "applicable": true
      },
      {
        "kernel": "onpair_shmem_4tpt_vwidth_b128",
        "decode_ms": 1.6044938666666666,
        "decode_gib_s": 536.0824613100366,
        "applicable": true
      },
      {
        "kernel": "onpair_shmem_4tpt_vwidth4",
        "decode_ms": 0.7821546666666667,
        "decode_gib_s": 1099.7070756672904,
        "applicable": true
      },
      {
        "kernel": "onpair_shmem_4tpt_vwidth4_b128",
        "decode_ms": 0.6581141333333334,
        "decode_gib_s": 1306.9784975486386,
        "applicable": true
      },
      {
        "kernel": "onpair_shmem_4tpt_shdict8",
        "decode_ms": 0.9353066666666667,
        "decode_gib_s": 919.6352938068701,
        "applicable": true
      },
      {
        "kernel": "onpair_shmem_4tpt_ablate",
        "decode_ms": 0.6334538666666667,
        "decode_gib_s": 1357.8589798902342,
        "applicable": true
      },
      {
        "kernel": "onpair_shmem_4tpt_ablate_nogather",
        "decode_ms": 0.5319296,
        "decode_gib_s": 1617.0204124747418,
        "applicable": true
      },
      {
        "kernel": "onpair_shmem_4tpt_ablate_noemit",
        "decode_ms": 0.26762453333333336,
        "decode_gib_s": 3213.9841982580733,
        "applicable": true
      },
      {
        "kernel": "onpair_shmem_4tpt_ablate_nodrain",
        "decode_ms": 0.5628917333333334,
        "decode_gib_s": 1528.0754188837336,
        "applicable": true
      },
      {
        "kernel": "onpair_shmem_4tpt_ablate_noscan",
        "decode_ms": 0.29900160000000003,
        "decode_gib_s": 2876.710429641595,
        "applicable": true
      },
      {
        "kernel": "onpair_shmem_4tpt_ablate_cfree",
        "decode_ms": 0.4681418666666667,
        "decode_gib_s": 1837.3512015151055,
        "applicable": true
      },
      {
        "kernel": "onpair_shmem_s8",
        "decode_ms": 0.0,
        "decode_gib_s": 0.0,
        "applicable": false,
        "reason": "dictionary entry longer than 8 bytes"
      },
      {
        "kernel": "onpair_shmem_s8_2tpt",
        "decode_ms": 0.0,
        "decode_gib_s": 0.0,
        "applicable": false,
        "reason": "dictionary entry longer than 8 bytes"
      },
      {
        "kernel": "onpair_shmem_s8_4tpt",
        "decode_ms": 0.0,
        "decode_gib_s": 0.0,
        "applicable": false,
        "reason": "dictionary entry longer than 8 bytes"
      },
      {
        "kernel": "onpair_shmem_s8_8tpt",
        "decode_ms": 0.0,
        "decode_gib_s": 0.0,
        "applicable": false,
        "reason": "dictionary entry longer than 8 bytes"
      },
      {
        "kernel": "onpair_shmem_s4l1",
        "decode_ms": 0.0,
        "decode_gib_s": 0.0,
        "applicable": false,
        "reason": "dictionary entry longer than 4 bytes"
      },
      {
        "kernel": "onpair_shmem_s4l1_2tpt",
        "decode_ms": 0.0,
        "decode_gib_s": 0.0,
        "applicable": false,
        "reason": "dictionary entry longer than 4 bytes"
      },
      {
        "kernel": "onpair_shmem_s4l1_4tpt",
        "decode_ms": 0.0,
        "decode_gib_s": 0.0,
        "applicable": false,
        "reason": "dictionary entry longer than 4 bytes"
      },
      {
        "kernel": "onpair_shmem_s4l1_8tpt",
        "decode_ms": 0.0,
        "decode_gib_s": 0.0,
        "applicable": false,
        "reason": "dictionary entry longer than 4 bytes"
      },
      {
        "kernel": "onpair_shmem_s4l1_16tpt",
        "decode_ms": 0.0,
        "decode_gib_s": 0.0,
        "applicable": false,
        "reason": "dictionary entry longer than 4 bytes"
      },
      {
        "kernel": "onpair_shmem_s4l1_32tpt",
        "decode_ms": 0.0,
        "decode_gib_s": 0.0,
        "applicable": false,
        "reason": "dictionary entry longer than 4 bytes"
      },
      {
        "kernel": "onpair_shmem_const1",
        "decode_ms": 0.0,
        "decode_gib_s": 0.0,
        "applicable": false,
        "reason": "not every dictionary entry is exactly 1 byte"
      },
      {
        "kernel": "onpair_shmem_const2",
        "decode_ms": 0.0,
        "decode_gib_s": 0.0,
        "applicable": false,
        "reason": "not every dictionary entry is exactly 2 bytes"
      }
    ],
    "nvcomp_zstd_hw": {
      "supported": false,
      "error": "failed to prepare nvCOMP zstd hardware decode: Other error: nvcomp get_decompress_temp_size failed: nvcomp: invalid value",
      "iterations": 30,
      "backend": "hardware",
      "zstd_level": -10,
      "values_per_frame": 2048,
      "raw_bytes": 923569389,
      "compressed_bytes": 0,
      "frames": 0,
      "compression_ratio": 0.0,
      "decode_ms": 0.0,
      "decode_gib_s": 0.0,
      "compressed_gib_s": 0.0
    },
    "nvcomp_zstd": [
      {
        "supported": true,
        "iterations": 30,
        "backend": "default",
        "zstd_level": -10,
        "values_per_frame": 2048,
        "raw_bytes": 923569389,
        "compressed_bytes": 107979862,
        "frames": 4883,
        "compression_ratio": 8.553163264831733,
        "decode_ms": 6.812748829523723,
        "decode_gib_s": 126.2546209647445,
        "compressed_gib_s": 14.761161111453228
      },
      {
        "supported": true,
        "iterations": 30,
        "backend": "default",
        "zstd_level": 1,
        "values_per_frame": 2048,
        "raw_bytes": 923569389,
        "compressed_bytes": 92868260,
        "frames": 4883,
        "compression_ratio": 9.944941242573082,
        "decode_ms": 6.670542860031128,
        "decode_gib_s": 128.94618013075933,
        "compressed_gib_s": 12.966007237806137
      },
      {
        "supported": true,
        "iterations": 30,
        "backend": "default",
        "zstd_level": 3,
        "values_per_frame": 2048,
        "raw_bytes": 923569389,
        "compressed_bytes": 90482979,
        "frames": 4883,
        "compression_ratio": 10.207106344277193,
        "decode_ms": 6.48620376586914,
        "decode_gib_s": 132.6108540909009,
        "compressed_gib_s": 12.99201258594231
      }
    ]
  }
}
==PROF== Disconnected from process 26356
==PROF== Report: /home/ubuntu/work/ncu_costsurface_synthetic_url_b16.ncu-rep
