==PROF== Connected to process 28324 (/home/ubuntu/work/target/release/onpair-chunk-bench)
2026-07-06T04:08:38.809094Z  INFO vortex_cuda: vortex-cuda/src/lib.rs:111: Registering CUDA kernels
==PROF== Profiling "onpair_shmem_4tpt_split8read": 0%....50%....100% - 50 passes
==PROF== Profiling "onpair_shmem_4tpt_split8read": 0%....50%....100% - 49 passes
==PROF== Profiling "onpair_shmem_4tpt_split8read": 0%....50%....100% - 49 passes
==PROF== Profiling "onpair_shmem_4tpt_split8read": 0%....50%....100% - 49 passes
==PROF== Profiling "onpair_shmem_4tpt_split8read": 0%....50%....100% - 49 passes
==PROF== Profiling "onpair_shmem_4tpt_split8read": 0%....50%....100% - 50 passes
==PROF== Profiling "onpair_shmem_4tpt_split8read": 0%....50%....100% - 49 passes
==PROF== Profiling "onpair_shmem_4tpt_split8read": 0%....50%....100% - 49 passes
==PROF== Profiling "onpair_shmem_4tpt_split8read": 0%....50%....100% - 49 passes
==PROF== Profiling "onpair_shmem_4tpt_split8read": 0%....50%....100% - 49 passes
==PROF== Profiling "onpair_shmem_4tpt_split8read": 0%....50%....100% - 49 passes
==PROF== Profiling "onpair_shmem_4tpt_split8read": 0%....50%....100% - 49 passes
==PROF== Profiling "onpair_shmem_4tpt_split8read": 0%....50%....100% - 49 passes
==PROF== Profiling "onpair_shmem_4tpt_split8read": 0%....50%....100% - 49 passes
==PROF== Profiling "onpair_shmem_4tpt_split8read": 0%....50%....100% - 49 passes
==PROF== Profiling "onpair_shmem_4tpt_split8read": 0%....50%....100% - 49 passes
{
  "files": [
    "/home/ubuntu/work/vortex-bench/data/onpair-bench/wikipedia/text/bits12_chunk1000mb_thr0.20/part_0000.vortex"
  ],
  "column": "text",
  "rows": 156289,
  "in_memory_bytes": 321783067,
  "dict_bytes": 17342,
  "gpu": {
    "iterations": 30,
    "decoded_bytes": 703062420,
    "chunks": 1,
    "auto_kernel": "onpair_shmem_4tpt_split8read",
    "frac_le8": 0.9819538,
    "dict_mean_len": 3.2837217,
    "dict_max_len": 16,
    "dict_entries_max": 4096,
    "small_dict": true,
    "distinct_codes": 4047,
    "access_top4096_frac": 1.0,
    "compressed_bytes": 428232182,
    "h2d_gib_s": 4.359772127964579,
    "whole_decompress_gib_s": 6.9863549222815635,
    "best_kernel": "onpair_shmem_4tpt_split8read_b128o12",
    "auto_decode_ms": 2.244608,
    "best_decode_ms": 1.891328,
    "validated": false,
    "auto_decode_gib_s": 291.7114717179075,
    "best_decode_gib_s": 346.2000790501642,
    "kernels": [
      {
        "kernel": "onpair_shmem",
        "decode_ms": 3.959808,
        "decode_gib_s": 165.35597259003185,
        "decode_ns_iters": [
          3992576,
          3982336,
          3981312,
          3969024,
          3961856,
          3963904,
          3969024,
          3987456,
          3972096,
          3963904,
          3964928,
          3971072,
          3961856,
          3959808,
          3990528,
          3971072,
          3963904,
          3968000,
          3962880,
          3961856,
          3994624,
          3964928,
          3976192,
          3981312,
          3965952,
          3968000,
          3992576,
          3965952,
          3959808,
          3961856
        ],
        "applicable": true
      },
      {
        "kernel": "onpair_shmem_2tpt",
        "decode_ms": 2.417664,
        "decode_gib_s": 270.8308115229366,
        "decode_ns_iters": [
          3069952,
          3069952,
          3064832,
          3067904,
          3074048,
          3064832,
          3069952,
          3063808,
          3074048,
          3066880,
          3081216,
          3063808,
          2466816,
          2420736,
          2418688,
          2417664,
          2449408,
          2427904,
          2422784,
          2429952,
          2427904,
          2447360,
          2421760,
          2420736,
          2419712,
          2419712,
          2437120,
          2423808,
          2420736,
          2419712
        ],
        "applicable": true
      },
      {
        "kernel": "onpair_shmem_4tpt",
        "decode_ms": 2.470912,
        "decode_gib_s": 264.99442437034946,
        "decode_ns_iters": [
          2484224,
          2499584,
          2484224,
          2480128,
          2495488,
          2478080,
          2479104,
          2479104,
          2489344,
          2481152,
          2482176,
          2481152,
          2483200,
          2486272,
          2482176,
          2470912,
          2472960,
          2483200,
          2478080,
          2479104,
          2475008,
          2491392,
          2480128,
          2476032,
          2492416,
          2480128,
          2488320,
          2485248,
          2471936,
          2472960
        ],
        "applicable": true
      },
      {
        "kernel": "onpair_shmem_4tpt_wpb8",
        "decode_ms": 4.355072,
        "decode_gib_s": 150.34835316380278,
        "decode_ns_iters": [
          4370432,
          4362240,
          4360192,
          4356096,
          4355072,
          4391936,
          4384768,
          4382720,
          4379648,
          4371456,
          4378624,
          4395008,
          4366336,
          4400128,
          4506624,
          4483072,
          4469760,
          4459520,
          4465664,
          4413440,
          4409344,
          4426752,
          4412416,
          4430848,
          4403200,
          4476928,
          4472832,
          4475904,
          4493312,
          4460544
        ],
        "applicable": true
      },
      {
        "kernel": "onpair_shmem_4tpt_wpb8_occ",
        "decode_ms": 2.162688,
        "decode_gib_s": 302.7611486769191,
        "decode_ns_iters": [
          2262016,
          2282496,
          2267136,
          2300928,
          2276352,
          2270208,
          2272256,
          2275328,
          2272256,
          2243584,
          2176000,
          2170880,
          2278400,
          2270208,
          2274304,
          2256896,
          2255872,
          2176000,
          2172928,
          2166784,
          2183168,
          2169856,
          2195456,
          2168832,
          2164736,
          2190336,
          2165760,
          2162688,
          2186240,
          2163712
        ],
        "applicable": true
      },
      {
        "kernel": "onpair_shmem_4tpt_b128",
        "decode_ms": 2.144256,
        "decode_gib_s": 305.36368004090417,
        "decode_ns_iters": [
          2182144,
          2147328,
          2154496,
          2164736,
          2144256,
          2144256,
          2179072,
          2147328,
          2151424,
          2181120,
          2149376,
          2145280,
          2180096,
          2145280,
          2144256,
          2185216,
          2156544,
          2149376,
          2183168,
          2152448,
          2146304,
          2164736,
          2146304,
          2146304,
          2172928,
          2146304,
          2145280,
          2177024,
          2152448,
          2146304
        ],
        "applicable": true
      },
      {
        "kernel": "onpair_shmem_4tpt_o6",
        "decode_ms": 2.4832,
        "decode_gib_s": 263.6831117549085,
        "decode_ns_iters": [
          2524160,
          2496512,
          2492416,
          2519040,
          2489344,
          2493440,
          2513920,
          2488320,
          2489344,
          2510848,
          2487296,
          2491392,
          2493440,
          2487296,
          2488320,
          2494464,
          2491392,
          2488320,
          2489344,
          2489344,
          2487296,
          2488320,
          2488320,
          2487296,
          2489344,
          2491392,
          2488320,
          2483200,
          2484224,
          2483200
        ],
        "applicable": true
      },
      {
        "kernel": "onpair_shmem_4tpt_b512o3",
        "decode_ms": 2.460672,
        "decode_gib_s": 266.0971893490026,
        "decode_ns_iters": [
          2478080,
          2477056,
          2476032,
          2479104,
          2476032,
          2472960,
          2550784,
          2483200,
          2475008,
          2489344,
          2472960,
          2475008,
          2490368,
          2472960,
          2471936,
          2471936,
          2471936,
          2472960,
          2470912,
          2475008,
          2473984,
          2490368,
          2465792,
          2462720,
          2461696,
          2460672,
          2472960,
          2460672,
          2461696,
          2460672
        ],
        "applicable": true
      },
      {
        "kernel": "onpair_shmem_4tpt_b128o12",
        "decode_ms": 2.510848,
        "decode_gib_s": 260.77958646233816,
        "decode_ns_iters": [
          2520064,
          2538496,
          2535424,
          2525184,
          2518016,
          2545664,
          2536448,
          2523136,
          2520064,
          2531328,
          2518016,
          2516992,
          2518016,
          2532352,
          2519040,
          2523136,
          2525184,
          2513920,
          2512896,
          2524160,
          2521088,
          2516992,
          2515968,
          2512896,
          2512896,
          2510848,
          2510848,
          2512896,
          2522112,
          2556928
        ],
        "applicable": true
      },
      {
        "kernel": "onpair_shmem_4tpt_b64",
        "decode_ms": 2.122752,
        "decode_gib_s": 308.4570892453705,
        "decode_ns_iters": [
          2138112,
          2125824,
          2126848,
          2122752,
          2129920,
          2135040,
          2125824,
          2125824,
          2122752,
          2126848,
          2151424,
          2127872,
          2125824,
          2138112,
          2125824,
          2124800,
          2124800,
          2131968,
          2125824,
          2125824,
          2131968,
          2124800,
          2126848,
          2135040,
          2126848,
          2123776,
          2122752,
          2125824,
          2125824,
          2122752
        ],
        "applicable": true
      },
      {
        "kernel": "onpair_shmem_4tpt_b64o24",
        "decode_ms": 2.52928,
        "decode_gib_s": 258.87916842334135,
        "decode_ns_iters": [
          2537472,
          2533376,
          2535424,
          2536448,
          2544640,
          2531328,
          2532352,
          2537472,
          2530304,
          2531328,
          2531328,
          2529280,
          2533376,
          2530304,
          2549760,
          2530304,
          2534400,
          2532352,
          2539520,
          2534400,
          2531328,
          2547712,
          2530304,
          2530304,
          2537472,
          2532352,
          2532352,
          2530304,
          2552832,
          2542592
        ],
        "applicable": true
      },
      {
        "kernel": "onpair_shmem_4tpt_split8read_b128o12",
        "decode_ms": 1.891328,
        "decode_gib_s": 346.2000790501642,
        "decode_ns_iters": [
          1898496,
          1896448,
          1895424,
          1897472,
          1895424,
          1895424,
          1894400,
          1895424,
          1894400,
          1894400,
          1904640,
          1902592,
          1895424,
          1895424,
          1895424,
          1895424,
          1892352,
          1892352,
          1894400,
          1892352,
          1892352,
          1891328,
          1891328,
          1894400,
          1918976,
          1894400,
          1892352,
          1894400,
          1893376,
          1893376
        ],
        "applicable": true
      },
      {
        "kernel": "onpair_shmem_4tpt_split8read_occ",
        "decode_ms": 2.087936,
        "decode_gib_s": 313.6005620429884,
        "decode_ns_iters": [
          2087936,
          2117632,
          2107392,
          2096128,
          2094080,
          2092032,
          2094080,
          2092032,
          2096128,
          2092032,
          2091008,
          2091008,
          2089984,
          2120704,
          2120704,
          2123776,
          2182144,
          2204672,
          2103296,
          2107392,
          2124800,
          2096128,
          2094080,
          2092032,
          2110464,
          2091008,
          2088960,
          2115584,
          2100224,
          2094080
        ],
        "applicable": true
      },
      {
        "kernel": "onpair_shmem_4tpt_split8",
        "decode_ms": 2.251776,
        "decode_gib_s": 290.7828767647354,
        "decode_ns_iters": [
          2264064,
          2273280,
          2258944,
          2257920,
          2255872,
          2254848,
          2256896,
          2254848,
          2284544,
          2255872,
          2254848,
          2255872,
          2262016,
          2255872,
          2254848,
          2271232,
          2253824,
          2252800,
          2253824,
          2251776,
          2252800,
          2253824,
          2271232,
          2251776,
          2251776,
          2253824,
          2251776,
          2252800,
          2254848,
          2259968
        ],
        "applicable": true
      },
      {
        "kernel": "onpair_shmem_4tpt_split8_wpb8",
        "decode_ms": 4.2496,
        "decode_gib_s": 154.07989060377184,
        "decode_ns_iters": [
          4263936,
          4251648,
          4252672,
          4257792,
          4251648,
          4249600,
          4255744,
          4262912,
          4254720,
          4276224,
          4253696,
          4253696,
          4254720,
          4249600,
          4260864,
          4252672,
          4268032,
          4253696,
          4253696,
          4254720,
          4253696,
          4252672,
          4250624,
          4260864,
          4251648,
          4251648,
          4253696,
          4251648,
          4259840,
          4252672
        ],
        "applicable": true
      },
      {
        "kernel": "onpair_shmem_4tpt_split8_wpb8_occ",
        "decode_ms": 2.059264,
        "decode_gib_s": 317.96695475169224,
        "decode_ns_iters": [
          2073600,
          2067456,
          2064384,
          2065408,
          2065408,
          2060288,
          2061312,
          2061312,
          2079744,
          2060288,
          2061312,
          2060288,
          2081792,
          2060288,
          2060288,
          2059264,
          2061312,
          2062336,
          2062336,
          2060288,
          2062336,
          2084864,
          2066432,
          2060288,
          2062336,
          2078720,
          2061312,
          2060288,
          2060288,
          2059264
        ],
        "applicable": true
      },
      {
        "kernel": "onpair_shmem_4tpt_pdict",
        "decode_ms": 4.636672,
        "decode_gib_s": 141.21721422386335,
        "decode_ns_iters": [
          4644864,
          4639744,
          4640768,
          4646912,
          4647936,
          4646912,
          4682752,
          4648960,
          4640768,
          4636672,
          4643840,
          4644864,
          4653056,
          4645888,
          4646912,
          4661248,
          4642816,
          4646912,
          4644864,
          4643840,
          4651008,
          4645888,
          4644864,
          4658176,
          4639744,
          4648960,
          4645888,
          4641792,
          4642816,
          4646912
        ],
        "applicable": true
      },
      {
        "kernel": "onpair_shmem_4tpt_vdict",
        "decode_ms": 3.653632,
        "decode_gib_s": 179.2128772437369,
        "decode_ns_iters": [
          3662848,
          3653632,
          3658752,
          3795968,
          3685376,
          3758080,
          3673088,
          3760128,
          3741696,
          3749888,
          3756032,
          3719168,
          3725312,
          3721216,
          3725312,
          3729408,
          3720192,
          3725312,
          3724288,
          3721216,
          3741696,
          3740672,
          3731456,
          3736576,
          3733504,
          3749888,
          3756032,
          3751936,
          3737600,
          3731456
        ],
        "applicable": true
      },
      {
        "kernel": "onpair_shmem_4tpt_split8read",
        "decode_ms": 2.244608,
        "decode_gib_s": 291.7114717179075,
        "decode_ns_iters": [
          3963803768,
          3982643366,
          3966243029,
          4077824116,
          3967985630,
          3987545252,
          3928587198,
          3952409744,
          3948194742,
          3950000286,
          3946972132,
          3952340126,
          3936673880,
          3937880993,
          2325504,
          2282496,
          2268160,
          2265088,
          2262016,
          2248704,
          2250752,
          2282496,
          2253824,
          2244608,
          2267136,
          2252800,
          2252800,
          2250752,
          2275328,
          2263040
        ],
        "applicable": true
      },
      {
        "kernel": "onpair_shmem_4tpt_ldcs",
        "decode_ms": 2.455552,
        "decode_gib_s": 266.6520208530664,
        "decode_ns_iters": [
          2470912,
          2464768,
          2466816,
          2468864,
          2476032,
          2472960,
          2491392,
          2469888,
          2465792,
          2471936,
          2463744,
          2476032,
          2457600,
          2463744,
          2457600,
          2457600,
          2462720,
          2479104,
          2457600,
          2465792,
          2457600,
          2455552,
          2455552,
          2467840,
          2456576,
          2469888,
          2455552,
          2473984,
          2473984,
          2457600
        ],
        "applicable": true
      },
      {
        "kernel": "onpair_shmem_4tpt_lenbucket",
        "decode_ms": 0.0,
        "decode_gib_s": 0.0,
        "applicable": false,
        "reason": "length-bucket dict not built (set ONPAIR_DICT_REORDER=lenbucket)"
      },
      {
        "kernel": "onpair_shmem_4tpt_lenbucket_b128",
        "decode_ms": 0.0,
        "decode_gib_s": 0.0,
        "applicable": false,
        "reason": "length-bucket dict not built (set ONPAIR_DICT_REORDER=lenbucket)"
      },
      {
        "kernel": "onpair_shmem_4tpt_regcache",
        "decode_ms": 2.729984,
        "decode_gib_s": 239.84679144998245,
        "decode_ns_iters": [
          2745344,
          2735104,
          2742272,
          2744320,
          2743296,
          2735104,
          2732032,
          2746368,
          2732032,
          2744320,
          2736128,
          2732032,
          2738176,
          2734080,
          2739200,
          2748416,
          2738176,
          2743296,
          2738176,
          2731008,
          2733056,
          2739200,
          2733056,
          2731008,
          2738176,
          2733056,
          2742272,
          2747392,
          2734080,
          2729984
        ],
        "applicable": true
      },
      {
        "kernel": "onpair_shmem_4tpt_split4read",
        "decode_ms": 2.540544,
        "decode_gib_s": 257.7313768664463,
        "decode_ns_iters": [
          2567168,
          2567168,
          2570240,
          2577408,
          2563072,
          2558976,
          2541568,
          2546688,
          2542592,
          2540544,
          2552832,
          2543616,
          2552832,
          2562048,
          2579456,
          2569216,
          2565120,
          2571264,
          2591744,
          2568192,
          2564096,
          2568192,
          2579456,
          2609152,
          2577408,
          2578432,
          2570240,
          2572288,
          2571264,
          2568192
        ],
        "applicable": true
      },
      {
        "kernel": "onpair_shmem_4tpt_split4read_b128o12",
        "decode_ms": 2.459648,
        "decode_gib_s": 266.2079708599722,
        "decode_ns_iters": [
          2494464,
          2468864,
          2472960,
          2461696,
          2468864,
          2472960,
          2463744,
          2466816,
          2462720,
          2461696,
          2462720,
          2475008,
          2459648,
          2462720,
          2476032,
          2485248,
          2480128,
          2491392,
          2492416,
          2485248,
          2470912,
          2465792,
          2462720,
          2487296,
          2460672,
          2472960,
          2475008,
          2460672,
          2462720,
          2469888
        ],
        "applicable": true
      },
      {
        "kernel": "onpair_shmem_4tpt_cluster_dsmem",
        "decode_ms": 0.0,
        "decode_gib_s": 0.0,
        "applicable": false,
        "reason": "thread-block clusters require sm_90+ (device cc 8.x)"
      },
      {
        "kernel": "onpair_shmem_8tpt",
        "decode_ms": 4.545536,
        "decode_gib_s": 144.04855733400612,
        "decode_ns_iters": [
          4557824,
          4561920,
          4557824,
          4560896,
          4555776,
          4559872,
          4579328,
          4558848,
          4556800,
          4558848,
          4551680,
          4552704,
          4568064,
          4551680,
          4554752,
          4558848,
          4564992,
          4557824,
          4553728,
          4549632,
          4561920,
          4547584,
          4549632,
          4545536,
          4549632,
          4577280,
          4550656,
          4550656,
          4550656,
          4553728
        ],
        "applicable": true
      },
      {
        "kernel": "onpair_shmem_8tpt_b128",
        "decode_ms": 4.768768,
        "decode_gib_s": 137.30546403385296,
        "decode_ns_iters": [
          4774912,
          4782080,
          4796416,
          4789248,
          4804608,
          4773888,
          4780032,
          4779008,
          4771840,
          4769792,
          4773888,
          4776960,
          4770816,
          4780032,
          4768768,
          4773888,
          4773888,
          4780032,
          4788224,
          4774912,
          4773888,
          4779008,
          4776960,
          4788224,
          4791296,
          4789248,
          4771840,
          4772864,
          4771840,
          4784128
        ],
        "applicable": true
      },
      {
        "kernel": "onpair_shmem_4tpt_vwidth",
        "decode_ms": 8.707073,
        "decode_gib_s": 75.20069064653403,
        "decode_ns_iters": [
          8740864,
          8732672,
          8723456,
          8728576,
          8730624,
          8729600,
          8721408,
          8714240,
          8707073,
          8720384,
          8719360,
          8726528,
          8726528,
          8726528,
          8737792,
          8745984,
          8739839,
          8720384,
          8717312,
          8726528,
          8709120,
          8718336,
          8719360,
          8708095,
          8730624,
          8711169,
          8712191,
          8709120,
          8712191,
          8726528
        ],
        "applicable": true
      },
      {
        "kernel": "onpair_shmem_4tpt_vwidth_b128",
        "decode_ms": 13.308927,
        "decode_gib_s": 49.19839917296029,
        "decode_ns_iters": [
          13327360,
          13323264,
          13313023,
          13314048,
          13308927,
          13322240,
          13314048,
          13318144,
          13322240,
          13318144,
          13321215,
          13324289,
          13327360,
          13328385,
          13317119,
          13329408,
          13315072,
          13326336,
          13323264,
          13323264,
          13320193,
          13325311,
          13320193,
          13331456,
          13316097,
          13347840,
          13364225,
          13348863,
          13325311,
          13324289
        ],
        "applicable": true
      },
      {
        "kernel": "onpair_shmem_4tpt_vwidth4",
        "decode_ms": 3.065856,
        "decode_gib_s": 213.57099064985076,
        "decode_ns_iters": [
          3075072,
          3081216,
          3070976,
          3090432,
          3066880,
          3069952,
          3065856,
          3116032,
          3083264,
          3069952,
          3072000,
          3067904,
          3066880,
          3074048,
          3076096,
          3075072,
          3067904,
          3066880,
          3065856,
          3098624,
          3076096,
          3074048,
          3069952,
          3088384,
          3067904,
          3082240,
          3073024,
          3090432,
          3078144,
          3072000
        ],
        "applicable": true
      },
      {
        "kernel": "onpair_shmem_4tpt_vwidth4_b128",
        "decode_ms": 2.623488,
        "decode_gib_s": 249.5829609702003,
        "decode_ns_iters": [
          2652160,
          2633728,
          2632704,
          2639872,
          2632704,
          2651136,
          2627584,
          2648064,
          2642944,
          2637824,
          2634752,
          2682880,
          2634752,
          2630656,
          2625536,
          2642944,
          2637824,
          2626560,
          2627584,
          2632704,
          2640896,
          2632704,
          2624512,
          2627584,
          2623488,
          2624512,
          2644992,
          2640896,
          2636800,
          2625536
        ],
        "applicable": true
      },
      {
        "kernel": "onpair_shmem_4tpt_shdict8",
        "decode_ms": 3.935232,
        "decode_gib_s": 166.3886406468002,
        "decode_ns_iters": [
          3947520,
          3935232,
          3936256,
          3945472,
          3951616,
          4018176,
          3966976,
          3956736,
          3956736,
          3969024,
          3959808,
          3942400,
          3978240,
          3943424,
          3947520,
          3958784,
          3950592,
          3966976,
          3945472,
          3947520,
          3979264,
          3954688,
          3956736,
          3947520,
          3960832,
          3958784,
          3948544,
          4003840,
          3964928,
          3952640
        ],
        "applicable": true
      },
      {
        "kernel": "onpair_shmem_4tpt_ablate",
        "decode_ms": 2.502656,
        "decode_gib_s": 261.6332021299727,
        "decode_ns_iters": [
          2508800,
          2508800,
          2506752,
          2505728,
          2506752,
          2516992,
          2506752,
          2508800,
          2583552,
          2516992,
          2507776,
          2506752,
          2507776,
          2504704,
          2502656,
          2505728,
          2504704,
          2505728,
          2505728,
          2504704,
          2504704,
          2503680,
          2504704,
          2505728,
          2514944,
          2504704,
          2503680,
          2509824,
          2515968,
          2503680
        ],
        "applicable": true
      },
      {
        "kernel": "onpair_shmem_4tpt_ablate_nogather",
        "decode_ms": 1.555456,
        "decode_gib_s": 420.95559315711205,
        "decode_ns_iters": [
          1571840,
          1576960,
          1560576,
          1560576,
          1596416,
          1579008,
          1562624,
          1569792,
          1567744,
          1571840,
          1558528,
          1556480,
          1555456,
          1557504,
          1556480,
          1561600,
          1580032,
          1555456,
          1555456,
          1580032,
          1573888,
          1557504,
          1556480,
          1555456,
          1556480,
          1555456,
          1562624,
          1581056,
          1559552,
          1555456
        ],
        "applicable": true
      },
      {
        "kernel": "onpair_shmem_4tpt_ablate_noemit",
        "decode_ms": 1.272832,
        "decode_gib_s": 514.4260225306945,
        "decode_ns_iters": [
          1285120,
          1295360,
          1277952,
          1275904,
          1284096,
          1277952,
          1276928,
          1289216,
          1283072,
          1282048,
          1289216,
          1276928,
          1274880,
          1283072,
          1292288,
          1287168,
          1277952,
          1273856,
          1275904,
          1293312,
          1272832,
          1275904,
          1274880,
          1277952,
          1284096,
          1275904,
          1280000,
          1280000,
          1287168,
          1274880
        ],
        "applicable": true
      },
      {
        "kernel": "onpair_shmem_4tpt_ablate_nodrain",
        "decode_ms": 2.328576,
        "decode_gib_s": 281.1924124914922,
        "decode_ns_iters": [
          2335744,
          2340864,
          2334720,
          2332672,
          2348032,
          2333696,
          2331648,
          2330624,
          2332672,
          2339840,
          2343936,
          2333696,
          2340864,
          2348032,
          2331648,
          2330624,
          2331648,
          2331648,
          2336768,
          2330624,
          2331648,
          2328576,
          2329600,
          2329600,
          2330624,
          2339840,
          2334720,
          2341888,
          2329600,
          2360320
        ],
        "applicable": true
      },
      {
        "kernel": "onpair_shmem_4tpt_ablate_noscan",
        "decode_ms": 4.580352,
        "decode_gib_s": 142.95362083739172,
        "decode_ns_iters": [
          4588544,
          4593664,
          4584448,
          4592640,
          4582400,
          4600832,
          4590592,
          4600832,
          4598784,
          4601856,
          4590592,
          4586496,
          4588544,
          4593664,
          4590592,
          4596736,
          4599808,
          4584448,
          4603904,
          4593664,
          4585472,
          4612096,
          4592640,
          4585472,
          4588544,
          4580352,
          4602880,
          4590592,
          4585472,
          4601856
        ],
        "applicable": true
      },
      {
        "kernel": "onpair_shmem_4tpt_ablate_cfree",
        "decode_ms": 2.499584,
        "decode_gib_s": 261.95475051440116,
        "decode_ns_iters": [
          2516992,
          2502656,
          2502656,
          2510848,
          2504704,
          2501632,
          2503680,
          2501632,
          2499584,
          2500608,
          2500608,
          2501632,
          2499584,
          2502656,
          2528256,
          2510848,
          2511872,
          2501632,
          2499584,
          2515968,
          2502656,
          2505728,
          2502656,
          2500608,
          2499584,
          2500608,
          2501632,
          2502656,
          2518016,
          2504704
        ],
        "applicable": true
      },
      {
        "kernel": "onpair_shmem_s8",
        "decode_ms": 0.0,
        "decode_gib_s": 0.0,
        "applicable": false,
        "reason": "dictionary entry longer than 8 bytes"
      },
      {
        "kernel": "onpair_shmem_s8_2tpt",
        "decode_ms": 0.0,
        "decode_gib_s": 0.0,
        "applicable": false,
        "reason": "dictionary entry longer than 8 bytes"
      },
      {
        "kernel": "onpair_shmem_s8_4tpt",
        "decode_ms": 0.0,
        "decode_gib_s": 0.0,
        "applicable": false,
        "reason": "dictionary entry longer than 8 bytes"
      },
      {
        "kernel": "onpair_shmem_s8_8tpt",
        "decode_ms": 0.0,
        "decode_gib_s": 0.0,
        "applicable": false,
        "reason": "dictionary entry longer than 8 bytes"
      },
      {
        "kernel": "onpair_shmem_s4l1",
        "decode_ms": 0.0,
        "decode_gib_s": 0.0,
        "applicable": false,
        "reason": "dictionary entry longer than 4 bytes"
      },
      {
        "kernel": "onpair_shmem_s4l1_2tpt",
        "decode_ms": 0.0,
        "decode_gib_s": 0.0,
        "applicable": false,
        "reason": "dictionary entry longer than 4 bytes"
      },
      {
        "kernel": "onpair_shmem_s4l1_4tpt",
        "decode_ms": 0.0,
        "decode_gib_s": 0.0,
        "applicable": false,
        "reason": "dictionary entry longer than 4 bytes"
      },
      {
        "kernel": "onpair_shmem_s4l1_8tpt",
        "decode_ms": 0.0,
        "decode_gib_s": 0.0,
        "applicable": false,
        "reason": "dictionary entry longer than 4 bytes"
      },
      {
        "kernel": "onpair_shmem_s4l1_16tpt",
        "decode_ms": 0.0,
        "decode_gib_s": 0.0,
        "applicable": false,
        "reason": "dictionary entry longer than 4 bytes"
      },
      {
        "kernel": "onpair_shmem_s4l1_32tpt",
        "decode_ms": 0.0,
        "decode_gib_s": 0.0,
        "applicable": false,
        "reason": "dictionary entry longer than 4 bytes"
      },
      {
        "kernel": "onpair_shmem_const1",
        "decode_ms": 0.0,
        "decode_gib_s": 0.0,
        "applicable": false,
        "reason": "not every dictionary entry is exactly 1 byte"
      },
      {
        "kernel": "onpair_shmem_const2",
        "decode_ms": 0.0,
        "decode_gib_s": 0.0,
        "applicable": false,
        "reason": "not every dictionary entry is exactly 2 bytes"
      }
    ]
  }
}
==PROF== Disconnected from process 28324
==PROF== Report: /home/ubuntu/work/ncu_costsurface_wikipedia_text_b12.ncu-rep
