==PROF== Connected to process 27045 (/home/ubuntu/work/target/release/onpair-chunk-bench)
2026-07-06T04:06:08.258252Z  INFO vortex_cuda: vortex-cuda/src/lib.rs:111: Registering CUDA kernels
==PROF== Profiling "onpair_shmem_4tpt": 0%....50%....100% - 49 passes
==PROF== Profiling "onpair_shmem_4tpt": 0%....50%....100% - 49 passes
==PROF== Profiling "onpair_shmem_4tpt": 0%....50%....100% - 49 passes
==PROF== Profiling "onpair_shmem_4tpt": 0%....50%....100% - 49 passes
==PROF== Profiling "onpair_shmem_4tpt": 0%....50%....100% - 49 passes
==PROF== Profiling "onpair_shmem_4tpt": 0%....50%....100% - 49 passes
==PROF== Profiling "onpair_shmem_4tpt": 0%....50%....100% - 49 passes
==PROF== Profiling "onpair_shmem_4tpt": 0%....50%....100% - 50 passes
==PROF== Profiling "onpair_shmem_4tpt": 0%....50%....100% - 49 passes
==PROF== Profiling "onpair_shmem_4tpt": 0%....50%....100% - 49 passes
==PROF== Profiling "onpair_shmem_4tpt": 0%....50%....100% - 49 passes
==PROF== Profiling "onpair_shmem_4tpt": 0%....50%....100% - 49 passes
==PROF== Profiling "onpair_shmem_4tpt": 0%....50%....100% - 49 passes
==PROF== Profiling "onpair_shmem_4tpt": 0%....50%....100% - 49 passes
==PROF== Profiling "onpair_shmem_4tpt": 0%....50%....100% - 49 passes
==PROF== Profiling "onpair_shmem_4tpt": 0%....50%....100% - 49 passes
{
  "files": [
    "/home/ubuntu/work/vortex-bench/data/onpair-bench/fineweb/text/bits16_chunk1000mb_thr0.20/part_0000.vortex"
  ],
  "column": "text",
  "rows": 324253,
  "in_memory_bytes": 345780184,
  "dict_bytes": 477664,
  "gpu": {
    "iterations": 30,
    "decoded_bytes": 999998604,
    "chunks": 1,
    "auto_kernel": "onpair_shmem_4tpt",
    "frac_le8": 0.8108546,
    "dict_mean_len": 5.8122244,
    "dict_max_len": 16,
    "dict_entries_max": 65536,
    "small_dict": false,
    "distinct_codes": 65464,
    "access_top4096_frac": 0.46739283,
    "compressed_bytes": 344645074,
    "h2d_gib_s": 4.415110567569792,
    "whole_decompress_gib_s": 12.197245987596984,
    "best_kernel": "onpair_shmem_4tpt_b128",
    "auto_decode_ms": 3.65568,
    "best_decode_ms": 3.61472,
    "validated": false,
    "auto_decode_gib_s": 254.76006501913855,
    "best_decode_gib_s": 257.64686462275483,
    "kernels": [
      {
        "kernel": "onpair_shmem",
        "decode_ms": 3.986432,
        "decode_gib_s": 233.6227670481183,
        "decode_ns_iters": [
          5045248,
          5035008,
          5038080,
          5041152,
          5037056,
          5039104,
          5057536,
          5049344,
          5036032,
          5038080,
          5032960,
          5082112,
          4929536,
          3997696,
          3991552,
          4015104,
          3992576,
          3996672,
          3992576,
          3987456,
          4025344,
          3992576,
          3995648,
          3989504,
          3987456,
          3987456,
          3995648,
          3986432,
          3989504,
          3987456
        ],
        "applicable": true
      },
      {
        "kernel": "onpair_shmem_2tpt",
        "decode_ms": 3.781632,
        "decode_gib_s": 246.2749613101339,
        "decode_ns_iters": [
          3803136,
          3799040,
          3798016,
          3801088,
          3799040,
          3795968,
          3796992,
          3798016,
          3820544,
          3803136,
          3801088,
          3798016,
          3817472,
          3807232,
          3798016,
          3802112,
          3800064,
          3799040,
          3799040,
          3799040,
          3799040,
          3798016,
          3791872,
          3785728,
          3781632,
          3789824,
          3798016,
          3805184,
          3803136,
          3813376
        ],
        "applicable": true
      },
      {
        "kernel": "onpair_shmem_4tpt",
        "decode_ms": 3.65568,
        "decode_gib_s": 254.76006501913855,
        "decode_ns_iters": [
          4034011364,
          4035037994,
          4047048569,
          4026829720,
          4025065422,
          4136451244,
          4077954292,
          4040746212,
          4036694050,
          4046422958,
          4045233250,
          4025315285,
          4038355827,
          4052336693,
          3739648,
          3667968,
          3679232,
          3674112,
          3673088,
          3681280,
          3655680,
          3655680,
          3679232,
          3671040,
          3676160,
          3656704,
          3659776,
          3670016,
          3660800,
          3656704
        ],
        "applicable": true
      },
      {
        "kernel": "onpair_shmem_4tpt_wpb8",
        "decode_ms": 5.665792,
        "decode_gib_s": 164.3761850927751,
        "decode_ns_iters": [
          5679104,
          5698560,
          5676032,
          5690368,
          5686272,
          5675008,
          5678080,
          5669888,
          5673984,
          5670912,
          5670912,
          5686272,
          5669888,
          5672960,
          5686272,
          5678080,
          5678080,
          5675008,
          5688320,
          5675008,
          5694464,
          5671936,
          5666816,
          5671936,
          5666816,
          5694464,
          5665792,
          5673984,
          5670912,
          5690368
        ],
        "applicable": true
      },
      {
        "kernel": "onpair_shmem_4tpt_wpb8_occ",
        "decode_ms": 3.628032,
        "decode_gib_s": 256.7015049727137,
        "decode_ns_iters": [
          3674112,
          3646464,
          3637248,
          3658752,
          3630080,
          3631104,
          3631104,
          3628032,
          3639296,
          3629056,
          3636224,
          3632128,
          3632128,
          3638272,
          3630080,
          3634176,
          3633152,
          3629056,
          3630080,
          3640320,
          3634176,
          3630080,
          3640320,
          3633152,
          3646464,
          3628032,
          3631104,
          3631104,
          3641344,
          3643392
        ],
        "applicable": true
      },
      {
        "kernel": "onpair_shmem_4tpt_b128",
        "decode_ms": 3.61472,
        "decode_gib_s": 257.64686462275483,
        "decode_ns_iters": [
          3696640,
          3664896,
          3682304,
          3668992,
          3679232,
          3661824,
          3676160,
          3657728,
          3654656,
          3664896,
          3652608,
          3649536,
          3643392,
          3614720,
          3639296,
          3614720,
          3629056,
          3616768,
          3625984,
          3666944,
          3651584,
          3648512,
          3661824,
          3650560,
          3652608,
          3670016,
          3649536,
          3649536,
          3648512,
          3651584
        ],
        "applicable": true
      },
      {
        "kernel": "onpair_shmem_4tpt_o6",
        "decode_ms": 4.241408,
        "decode_gib_s": 219.57832740664526,
        "decode_ns_iters": [
          4245504,
          4257792,
          4242432,
          4243456,
          4241408,
          4257792,
          4261888,
          4246528,
          4259840,
          4244480,
          4245504,
          4242432,
          4241408,
          4262912,
          4244480,
          4244480,
          4270080,
          4249600,
          4243456,
          4247552,
          4255744,
          4242432,
          4243456,
          4260864,
          4244480,
          4244480,
          4243456,
          4273152,
          4245504,
          4247552
        ],
        "applicable": true
      },
      {
        "kernel": "onpair_shmem_4tpt_b512o3",
        "decode_ms": 4.201472,
        "decode_gib_s": 221.66547212242864,
        "decode_ns_iters": [
          4206592,
          4206592,
          4209664,
          4206592,
          4221952,
          4204544,
          4221952,
          4203520,
          4202496,
          4205568,
          4213760,
          4217856,
          4211712,
          4203520,
          4208640,
          4208640,
          4209664,
          4215808,
          4221952,
          4221952,
          4206592,
          4201472,
          4208640,
          4204544,
          4203520,
          4211712,
          4205568,
          4214784,
          4205568,
          4203520
        ],
        "applicable": true
      },
      {
        "kernel": "onpair_shmem_4tpt_b128o12",
        "decode_ms": 4.370432,
        "decode_gib_s": 213.09593067439656,
        "decode_ns_iters": [
          4378624,
          4377600,
          4388864,
          4371456,
          4377600,
          4372480,
          4371456,
          4372480,
          4395008,
          4376576,
          4377600,
          4391936,
          4375552,
          4375552,
          4373504,
          4371456,
          4374528,
          4387840,
          4373504,
          4375552,
          4372480,
          4372480,
          4389888,
          4375552,
          4376576,
          4372480,
          4370432,
          4376576,
          4382720,
          4376576
        ],
        "applicable": true
      },
      {
        "kernel": "onpair_shmem_4tpt_b64",
        "decode_ms": 3.668992,
        "decode_gib_s": 253.83573321750617,
        "decode_ns_iters": [
          3674112,
          3673088,
          3676160,
          3680256,
          3677184,
          3682304,
          3671040,
          3674112,
          3681280,
          3672064,
          3673088,
          3674112,
          3674112,
          3672064,
          3673088,
          3672064,
          3677184,
          3671040,
          3680256,
          3672064,
          3671040,
          3668992,
          3676160,
          3670016,
          3701760,
          3673088,
          3672064,
          3671040,
          3674112,
          3677184
        ],
        "applicable": true
      },
      {
        "kernel": "onpair_shmem_4tpt_b64o24",
        "decode_ms": 4.373504,
        "decode_gib_s": 212.9462496179641,
        "decode_ns_iters": [
          4378624,
          4385792,
          4379648,
          4379648,
          4401152,
          4375552,
          4381696,
          4376576,
          4373504,
          4414464,
          4410368,
          4406272,
          4381696,
          4379648,
          4376576,
          4374528,
          4375552,
          4398080,
          4377600,
          4377600,
          4411392,
          4377600,
          4378624,
          4374528,
          4377600,
          4381696,
          4392960,
          4375552,
          4384768,
          4413440
        ],
        "applicable": true
      },
      {
        "kernel": "onpair_shmem_4tpt_split8read_b128o12",
        "decode_ms": 4.740096,
        "decode_gib_s": 196.4773022506642,
        "decode_ns_iters": [
          4762624,
          4750336,
          4764672,
          4766720,
          4742144,
          4742144,
          4763648,
          4750336,
          4742144,
          4753408,
          4744192,
          4748288,
          4742144,
          4741120,
          4740096,
          4744192,
          4766720,
          4761600,
          4756480,
          4746240,
          4752384,
          4743168,
          4742144,
          4743168,
          4745216,
          4741120,
          4741120,
          4761600,
          4746240,
          4758528
        ],
        "applicable": true
      },
      {
        "kernel": "onpair_shmem_4tpt_split8read_occ",
        "decode_ms": 3.940352,
        "decode_gib_s": 236.3548420265916,
        "decode_ns_iters": [
          3960832,
          3943424,
          3980288,
          3960832,
          3950592,
          3996672,
          3949568,
          3966976,
          3959808,
          3955712,
          3957760,
          3961856,
          3955712,
          3956736,
          3953664,
          3953664,
          3940352,
          3951616,
          3957760,
          3955712,
          3940352,
          3959808,
          3954688,
          3943424,
          3996672,
          3946496,
          3950592,
          3955712,
          3949568,
          3954688
        ],
        "applicable": true
      },
      {
        "kernel": "onpair_shmem_4tpt_split8",
        "decode_ms": 3.704832,
        "decode_gib_s": 251.38016365901728,
        "decode_ns_iters": [
          3734528,
          3719168,
          3708928,
          3704832,
          3715072,
          3725312,
          3719168,
          3708928,
          3712000,
          3735552,
          3712000,
          3726336,
          3724288,
          3720192,
          3708928,
          3723264,
          3710976,
          3718144,
          3719168,
          3713024,
          3707904,
          3709952,
          3707904,
          3721216,
          3724288,
          3731456,
          3736576,
          3727360,
          3733504,
          3723264
        ],
        "applicable": true
      },
      {
        "kernel": "onpair_shmem_4tpt_split8_wpb8",
        "decode_ms": 5.407744,
        "decode_gib_s": 172.21992655147218,
        "decode_ns_iters": [
          5432320,
          5443584,
          5460992,
          5427200,
          5420032,
          5434368,
          5417984,
          5421056,
          5423104,
          5432320,
          5449728,
          5421056,
          5428224,
          5417984,
          5423104,
          5442560,
          5423104,
          5420032,
          5427200,
          5422080,
          5436416,
          5443584,
          5419008,
          5425152,
          5410816,
          5425152,
          5409792,
          5422080,
          5408768,
          5407744
        ],
        "applicable": true
      },
      {
        "kernel": "onpair_shmem_4tpt_split8_wpb8_occ",
        "decode_ms": 3.687424,
        "decode_gib_s": 252.56690700314485,
        "decode_ns_iters": [
          3692544,
          3691520,
          3691520,
          3714048,
          3692544,
          3689472,
          3688448,
          3688448,
          3688448,
          3694592,
          3697664,
          3701760,
          3690496,
          3688448,
          3688448,
          3689472,
          3703808,
          3693568,
          3712000,
          3689472,
          3690496,
          3688448,
          3687424,
          3687424,
          3689472,
          3699712,
          3688448,
          3693568,
          3691520,
          3687424
        ],
        "applicable": true
      },
      {
        "kernel": "onpair_shmem_4tpt_pdict",
        "decode_ms": 0.0,
        "decode_gib_s": 0.0,
        "applicable": false,
        "reason": "padded dict needs 1130752 B shared, over 102400 B cap"
      },
      {
        "kernel": "onpair_shmem_4tpt_vdict",
        "decode_ms": 0.0,
        "decode_gib_s": 0.0,
        "applicable": false,
        "reason": "packed dict needs 494320 B shared, over 102400 B cap"
      },
      {
        "kernel": "onpair_shmem_4tpt_split8read",
        "decode_ms": 3.9168,
        "decode_gib_s": 237.7760606845293,
        "decode_ns_iters": [
          3926016,
          3920896,
          3926016,
          3926016,
          3918848,
          3919872,
          3917824,
          3916800,
          3933184,
          3938304,
          3923968,
          3918848,
          3926016,
          3921920,
          3918848,
          3921920,
          3917824,
          3919872,
          3938304,
          3921920,
          3921920,
          3917824,
          3922944,
          3918848,
          3919872,
          3924992,
          3920896,
          3934208,
          3924992,
          3924992
        ],
        "applicable": true
      },
      {
        "kernel": "onpair_shmem_4tpt_ldcs",
        "decode_ms": 3.61984,
        "decode_gib_s": 257.2824419005161,
        "decode_ns_iters": [
          3629056,
          3625984,
          3639296,
          3624960,
          3623936,
          3622912,
          3623936,
          3623936,
          3634176,
          3621888,
          3623936,
          3621888,
          3623936,
          3636224,
          3622912,
          3620864,
          3619840,
          3621888,
          3619840,
          3621888,
          3620864,
          3619840,
          3622912,
          3620864,
          3633152,
          3621888,
          3621888,
          3623936,
          3647488,
          3624960
        ],
        "applicable": true
      },
      {
        "kernel": "onpair_shmem_4tpt_lenbucket",
        "decode_ms": 0.0,
        "decode_gib_s": 0.0,
        "applicable": false,
        "reason": "length-bucket dict not built (set ONPAIR_DICT_REORDER=lenbucket)"
      },
      {
        "kernel": "onpair_shmem_4tpt_lenbucket_b128",
        "decode_ms": 0.0,
        "decode_gib_s": 0.0,
        "applicable": false,
        "reason": "length-bucket dict not built (set ONPAIR_DICT_REORDER=lenbucket)"
      },
      {
        "kernel": "onpair_shmem_4tpt_regcache",
        "decode_ms": 3.787776,
        "decode_gib_s": 245.87548854239648,
        "decode_ns_iters": [
          3795968,
          3799040,
          3799040,
          3808256,
          3812352,
          3805184,
          3803136,
          3791872,
          3790848,
          3794944,
          3791872,
          3788800,
          3787776,
          3788800,
          3790848,
          3790848,
          3788800,
          3787776,
          3787776,
          3791872,
          3790848,
          3802112,
          3794944,
          3791872,
          3788800,
          3792896,
          3789824,
          3792896,
          3791872,
          3791872
        ],
        "applicable": true
      },
      {
        "kernel": "onpair_shmem_4tpt_split4read",
        "decode_ms": 4.644864,
        "decode_gib_s": 200.5056067280257,
        "decode_ns_iters": [
          4648960,
          4649984,
          4661248,
          4651008,
          4648960,
          4645888,
          4644864,
          4651008,
          4660224,
          4646912,
          4644864,
          4653056,
          4658176,
          4649984,
          4661248,
          4648960,
          4647936,
          4644864,
          4646912,
          4648960,
          4647936,
          4647936,
          4646912,
          4646912,
          4646912,
          4649984,
          4651008,
          4646912,
          4649984,
          4644864
        ],
        "applicable": true
      },
      {
        "kernel": "onpair_shmem_4tpt_split4read_b128o12",
        "decode_ms": 5.798912,
        "decode_gib_s": 160.60276039525422,
        "decode_ns_iters": [
          5816320,
          5827584,
          5805056,
          5815296,
          5808128,
          5807104,
          5801984,
          5800960,
          5800960,
          5805056,
          5803008,
          5804032,
          5803008,
          5809152,
          5801984,
          5810176,
          5801984,
          5813248,
          5808128,
          5804032,
          5804032,
          5801984,
          5800960,
          5803008,
          5804032,
          5798912,
          5801984,
          5800960,
          5805056,
          5809152
        ],
        "applicable": true
      },
      {
        "kernel": "onpair_shmem_4tpt_cluster_dsmem",
        "decode_ms": 0.0,
        "decode_gib_s": 0.0,
        "applicable": false,
        "reason": "thread-block clusters require sm_90+ (device cc 8.x)"
      },
      {
        "kernel": "onpair_shmem_8tpt",
        "decode_ms": 6.388736,
        "decode_gib_s": 145.77551404364874,
        "decode_ns_iters": [
          6401024,
          6405120,
          6403072,
          6398976,
          6392832,
          6395904,
          6391808,
          6407168,
          6394880,
          6410240,
          6390784,
          6388736,
          6396928,
          6398976,
          6407168,
          6401024,
          6414336,
          6394880,
          6392832,
          6393856,
          6406144,
          6395904,
          6403072,
          6391808,
          6403072,
          6389760,
          6390784,
          6395904,
          6392832,
          6396928
        ],
        "applicable": true
      },
      {
        "kernel": "onpair_shmem_8tpt_b128",
        "decode_ms": 6.639616,
        "decode_gib_s": 140.26733993188225,
        "decode_ns_iters": [
          6647808,
          6641664,
          6639616,
          6653952,
          6641664,
          6639616,
          6641664,
          6642688,
          6649856,
          6643712,
          6658048,
          6641664,
          6640640,
          6645760,
          6653952,
          6644736,
          6644736,
          6642688,
          6639616,
          6649856,
          6651904,
          6658048,
          6640640,
          6644736,
          6643712,
          6639616,
          6640640,
          6646784,
          6641664,
          6648832
        ],
        "applicable": true
      },
      {
        "kernel": "onpair_shmem_4tpt_vwidth",
        "decode_ms": 13.07136,
        "decode_gib_s": 71.24899585729139,
        "decode_ns_iters": [
          13078528,
          13077504,
          13085696,
          13081600,
          13079552,
          13086720,
          13094911,
          13081600,
          13073408,
          13073408,
          13073408,
          13083648,
          13071360,
          13082624,
          13079552,
          13078528,
          13074432,
          13072384,
          13072384,
          13076480,
          13085696,
          13079552,
          13076480,
          13075456,
          13074432,
          13074432,
          13075456,
          13102081,
          13090815,
          13094911
        ],
        "applicable": true
      },
      {
        "kernel": "onpair_shmem_4tpt_vwidth_b128",
        "decode_ms": 17.713152,
        "decode_gib_s": 52.577953064997374,
        "decode_ns_iters": [
          17727487,
          17716225,
          17734656,
          17715201,
          17713152,
          17722368,
          17717250,
          17759232,
          17745920,
          17746944,
          17736703,
          17746944,
          17743872,
          17742848,
          17753089,
          17771520,
          17763328,
          17765375,
          17765375,
          17766399,
          17745920,
          17750015,
          17735679,
          17734656,
          17733632,
          17731585,
          17724417,
          17724417,
          17728511,
          17717250
        ],
        "applicable": true
      },
      {
        "kernel": "onpair_shmem_4tpt_vwidth4",
        "decode_ms": 4.27008,
        "decode_gib_s": 218.10394055595313,
        "decode_ns_iters": [
          4288512,
          4292608,
          4275200,
          4278272,
          4273152,
          4287488,
          4277248,
          4273152,
          4270080,
          4279296,
          4285440,
          4281344,
          4281344,
          4275200,
          4280320,
          4285440,
          4292608,
          4272128,
          4289536,
          4274176,
          4286464,
          4307968,
          4278272,
          4283392,
          4278272,
          4276224,
          4272128,
          4295680,
          4279296,
          4273152
        ],
        "applicable": true
      },
      {
        "kernel": "onpair_shmem_4tpt_vwidth4_b128",
        "decode_ms": 4.952064,
        "decode_gib_s": 188.06729365556754,
        "decode_ns_iters": [
          4971520,
          4966400,
          4972544,
          4956160,
          4963328,
          4953088,
          4978688,
          4973568,
          4956160,
          4958208,
          4954112,
          4983808,
          4980736,
          4960256,
          4954112,
          4952064,
          4959232,
          4968448,
          4964352,
          4980736,
          4972544,
          4963328,
          4961280,
          4978688,
          4965376,
          4961280,
          4986880,
          4973568,
          4964352,
          4961280
        ],
        "applicable": true
      },
      {
        "kernel": "onpair_shmem_4tpt_shdict8",
        "decode_ms": 0.0,
        "decode_gib_s": 0.0,
        "applicable": false,
        "reason": "dict_s8 + staging needs 606464 B shared, over 229376 B cap"
      },
      {
        "kernel": "onpair_shmem_4tpt_ablate",
        "decode_ms": 4.371456,
        "decode_gib_s": 213.04601361403715,
        "decode_ns_iters": [
          4376576,
          4375552,
          4375552,
          4375552,
          4387840,
          4392960,
          4373504,
          4379648,
          4387840,
          4383744,
          4408320,
          4379648,
          4382720,
          4381696,
          4377600,
          4373504,
          4392960,
          4373504,
          4387840,
          4402176,
          4374528,
          4375552,
          4371456,
          4377600,
          4375552,
          4375552,
          4377600,
          4381696,
          4372480,
          4381696
        ],
        "applicable": true
      },
      {
        "kernel": "onpair_shmem_4tpt_ablate_nogather",
        "decode_ms": 2.071552,
        "decode_gib_s": 449.57658532789156,
        "decode_ns_iters": [
          2081792,
          2089984,
          2092032,
          2076672,
          2076672,
          2075648,
          2082816,
          2073600,
          2075648,
          2081792,
          2073600,
          2077696,
          2075648,
          2095104,
          2079744,
          2074624,
          2074624,
          2078720,
          2075648,
          2073600,
          2075648,
          2073600,
          2076672,
          2072576,
          2074624,
          2074624,
          2072576,
          2073600,
          2072576,
          2071552
        ],
        "applicable": true
      },
      {
        "kernel": "onpair_shmem_4tpt_ablate_noemit",
        "decode_ms": 1.690624,
        "decode_gib_s": 550.8742774793002,
        "decode_ns_iters": [
          1694720,
          1698816,
          1694720,
          1693696,
          1694720,
          1697792,
          1692672,
          1691648,
          1691648,
          1696768,
          1694720,
          1730560,
          1720320,
          1701888,
          1733632,
          1694720,
          1697792,
          1708032,
          1693696,
          1692672,
          1704960,
          1695744,
          1713152,
          1692672,
          1696768,
          1692672,
          1698816,
          1692672,
          1690624,
          1709056
        ],
        "applicable": true
      },
      {
        "kernel": "onpair_shmem_4tpt_ablate_nodrain",
        "decode_ms": 4.02944,
        "decode_gib_s": 231.12920765395793,
        "decode_ns_iters": [
          4039680,
          4042752,
          4037632,
          4035584,
          4034560,
          4044800,
          4037632,
          4029440,
          4032512,
          4033536,
          4056064,
          4033536,
          4030464,
          4035584,
          4047872,
          4041728,
          4047872,
          4033536,
          4029440,
          4036608,
          4035584,
          4029440,
          4050944,
          4035584,
          4062208,
          4034560,
          4034560,
          4033536,
          4031488,
          4047872
        ],
        "applicable": true
      },
      {
        "kernel": "onpair_shmem_4tpt_ablate_noscan",
        "decode_ms": 6.15936,
        "decode_gib_s": 151.2042281160972,
        "decode_ns_iters": [
          6173696,
          6163456,
          6181888,
          6183936,
          6167552,
          6182912,
          6164480,
          6173696,
          6168576,
          6182912,
          6190080,
          6167552,
          6161408,
          6174720,
          6181888,
          6169600,
          6190080,
          6166528,
          6172672,
          6178816,
          6180864,
          6172672,
          6167552,
          6167552,
          6159360,
          6182912,
          6174720,
          6163456,
          6161408,
          6162432
        ],
        "applicable": true
      },
      {
        "kernel": "onpair_shmem_4tpt_ablate_cfree",
        "decode_ms": 4.399104,
        "decode_gib_s": 211.7070372714908,
        "decode_ns_iters": [
          4412416,
          4407296,
          4402176,
          4412416,
          4419584,
          4413440,
          4426752,
          4406272,
          4406272,
          4406272,
          4404224,
          4425728,
          4417536,
          4403200,
          4413440,
          4406272,
          4399104,
          4404224,
          4416512,
          4405248,
          4400128,
          4406272,
          4408320,
          4404224,
          4403200,
          4418560,
          4424704,
          4409344,
          4425728,
          4410368
        ],
        "applicable": true
      },
      {
        "kernel": "onpair_shmem_s8",
        "decode_ms": 0.0,
        "decode_gib_s": 0.0,
        "applicable": false,
        "reason": "dictionary entry longer than 8 bytes"
      },
      {
        "kernel": "onpair_shmem_s8_2tpt",
        "decode_ms": 0.0,
        "decode_gib_s": 0.0,
        "applicable": false,
        "reason": "dictionary entry longer than 8 bytes"
      },
      {
        "kernel": "onpair_shmem_s8_4tpt",
        "decode_ms": 0.0,
        "decode_gib_s": 0.0,
        "applicable": false,
        "reason": "dictionary entry longer than 8 bytes"
      },
      {
        "kernel": "onpair_shmem_s8_8tpt",
        "decode_ms": 0.0,
        "decode_gib_s": 0.0,
        "applicable": false,
        "reason": "dictionary entry longer than 8 bytes"
      },
      {
        "kernel": "onpair_shmem_s4l1",
        "decode_ms": 0.0,
        "decode_gib_s": 0.0,
        "applicable": false,
        "reason": "dictionary entry longer than 4 bytes"
      },
      {
        "kernel": "onpair_shmem_s4l1_2tpt",
        "decode_ms": 0.0,
        "decode_gib_s": 0.0,
        "applicable": false,
        "reason": "dictionary entry longer than 4 bytes"
      },
      {
        "kernel": "onpair_shmem_s4l1_4tpt",
        "decode_ms": 0.0,
        "decode_gib_s": 0.0,
        "applicable": false,
        "reason": "dictionary entry longer than 4 bytes"
      },
      {
        "kernel": "onpair_shmem_s4l1_8tpt",
        "decode_ms": 0.0,
        "decode_gib_s": 0.0,
        "applicable": false,
        "reason": "dictionary entry longer than 4 bytes"
      },
      {
        "kernel": "onpair_shmem_s4l1_16tpt",
        "decode_ms": 0.0,
        "decode_gib_s": 0.0,
        "applicable": false,
        "reason": "dictionary entry longer than 4 bytes"
      },
      {
        "kernel": "onpair_shmem_s4l1_32tpt",
        "decode_ms": 0.0,
        "decode_gib_s": 0.0,
        "applicable": false,
        "reason": "dictionary entry longer than 4 bytes"
      },
      {
        "kernel": "onpair_shmem_const1",
        "decode_ms": 0.0,
        "decode_gib_s": 0.0,
        "applicable": false,
        "reason": "not every dictionary entry is exactly 1 byte"
      },
      {
        "kernel": "onpair_shmem_const2",
        "decode_ms": 0.0,
        "decode_gib_s": 0.0,
        "applicable": false,
        "reason": "not every dictionary entry is exactly 2 bytes"
      }
    ]
  }
}
==PROF== Disconnected from process 27045
==PROF== Report: /home/ubuntu/work/ncu_costsurface_fineweb_text_b16.ncu-rep
