==PROF== Connected to process 24913 (/home/ubuntu/work/target/release/onpair-chunk-bench)
2026-07-06T04:00:01.017101Z  INFO vortex_cuda: vortex-cuda/src/lib.rs:111: Registering CUDA kernels
==PROF== Profiling "onpair_shmem_4tpt": 0%....50%....100% - 49 passes
==PROF== Profiling "onpair_shmem_4tpt": 0%....50%....100% - 49 passes
==PROF== Profiling "onpair_shmem_4tpt": 0%....50%....100% - 50 passes
==PROF== Profiling "onpair_shmem_4tpt": 0%....50%....100% - 49 passes
==PROF== Profiling "onpair_shmem_4tpt": 0%....50%....100% - 49 passes
==PROF== Profiling "onpair_shmem_4tpt": 0%....50%....100% - 50 passes
==PROF== Profiling "onpair_shmem_4tpt": 0%....50%....100% - 49 passes
==PROF== Profiling "onpair_shmem_4tpt": 0%....50%....100% - 50 passes
==PROF== Profiling "onpair_shmem_4tpt": 0%....50%....100% - 49 passes
==PROF== Profiling "onpair_shmem_4tpt": 0%....50%....100% - 49 passes
==PROF== Profiling "onpair_shmem_4tpt": 0%....50%....100% - 49 passes
==PROF== Profiling "onpair_shmem_4tpt": 0%....50%....100% - 49 passes
==PROF== Profiling "onpair_shmem_4tpt": 0%....50%....100% - 49 passes
==PROF== Profiling "onpair_shmem_4tpt": 0%....50%....100% - 49 passes
==PROF== Profiling "onpair_shmem_4tpt": 0%....50%....100% - 49 passes
==PROF== Profiling "onpair_shmem_4tpt": 0%....50%....100% - 50 passes
{
  "files": [
    "/home/ubuntu/work/vortex-bench/data/onpair-bench/clickbench/URL/bits16_chunk1000mb_thr0.20/part_0000.vortex"
  ],
  "column": "URL",
  "rows": 12254692,
  "in_memory_bytes": 258959761,
  "dict_bytes": 487418,
  "gpu": {
    "iterations": 30,
    "decoded_bytes": 999999995,
    "chunks": 1,
    "auto_kernel": "onpair_shmem_4tpt",
    "frac_le8": 0.50604755,
    "dict_mean_len": 8.554059,
    "dict_max_len": 16,
    "dict_entries_max": 65536,
    "small_dict": false,
    "distinct_codes": 64399,
    "access_top4096_frac": 0.54048043,
    "compressed_bytes": 234360086,
    "h2d_gib_s": 4.474492551155643,
    "whole_decompress_gib_s": 18.282211585946182,
    "best_kernel": "onpair_shmem_4tpt_b128",
    "auto_decode_ms": 2.161664,
    "best_decode_ms": 2.028544,
    "validated": false,
    "auto_decode_gib_s": 430.83595320959483,
    "best_decode_gib_s": 459.1088830012391,
    "kernels": [
      {
        "kernel": "onpair_shmem",
        "decode_ms": 2.95936,
        "decode_gib_s": 314.70404748285625,
        "decode_ns_iters": [
          2968576,
          2965504,
          2998272,
          2968576,
          2965504,
          2963456,
          2967552,
          2962432,
          2961408,
          2965504,
          3008512,
          2967552,
          2985984,
          2966528,
          2962432,
          2989056,
          2996224,
          2969600,
          2967552,
          2968576,
          2966528,
          2964480,
          2962432,
          2961408,
          2982912,
          2965504,
          2962432,
          2959360,
          2961408,
          2979840
        ],
        "applicable": true
      },
      {
        "kernel": "onpair_shmem_2tpt",
        "decode_ms": 2.159616,
        "decode_gib_s": 431.2445221552654,
        "decode_ns_iters": [
          2177024,
          2183168,
          2177024,
          2174976,
          2172928,
          2170880,
          2164736,
          2163712,
          2162688,
          2162688,
          2159616,
          2159616,
          2161664,
          2162688,
          2159616,
          2181120,
          2172928,
          2163712,
          2180096,
          2161664,
          2161664,
          2180096,
          2160640,
          2159616,
          2159616,
          2169856,
          2163712,
          2162688,
          2162688,
          2160640
        ],
        "applicable": true
      },
      {
        "kernel": "onpair_shmem_4tpt",
        "decode_ms": 2.161664,
        "decode_gib_s": 430.83595320959483,
        "decode_ns_iters": [
          3891530752,
          3773446083,
          3794667482,
          3905605793,
          3794259071,
          3878560781,
          3783251047,
          3803436995,
          3786496162,
          3813402653,
          3789898634,
          3793467283,
          3798063040,
          3881530285,
          2248704,
          2194432,
          2212864,
          2194432,
          2192384,
          2173952,
          2171904,
          2184192,
          2165760,
          2167808,
          2199552,
          2165760,
          2164736,
          2182144,
          2165760,
          2161664
        ],
        "applicable": true
      },
      {
        "kernel": "onpair_shmem_4tpt_wpb8",
        "decode_ms": 3.01056,
        "decode_gib_s": 309.3519378317873,
        "decode_ns_iters": [
          3031040,
          3015680,
          3015680,
          3012608,
          3019776,
          3018752,
          3014656,
          3012608,
          3013632,
          3011584,
          3031040,
          3013632,
          3013632,
          3010560,
          3011584,
          3010560,
          3018752,
          3015680,
          3010560,
          3011584,
          3016704,
          3012608,
          3016704,
          3013632,
          3012608,
          3016704,
          3012608,
          3027968,
          3014656,
          3011584
        ],
        "applicable": true
      },
      {
        "kernel": "onpair_shmem_4tpt_wpb8_occ",
        "decode_ms": 2.087936,
        "decode_gib_s": 446.0493855936512,
        "decode_ns_iters": [
          2104320,
          2112512,
          2093056,
          2092032,
          2091008,
          2112512,
          2092032,
          2105344,
          2092032,
          2110464,
          2092032,
          2089984,
          2089984,
          2094080,
          2089984,
          2087936,
          2088960,
          2094080,
          2089984,
          2088960,
          2087936,
          2093056,
          2094080,
          2088960,
          2087936,
          2093056,
          2092032,
          2096128,
          2093056,
          2096128
        ],
        "applicable": true
      },
      {
        "kernel": "onpair_shmem_4tpt_b128",
        "decode_ms": 2.028544,
        "decode_gib_s": 459.1088830012391,
        "decode_ns_iters": [
          2066432,
          2051072,
          2049024,
          2050048,
          2039808,
          2030592,
          2028544,
          2031616,
          2034688,
          2028544,
          2028544,
          2028544,
          2041856,
          2032640,
          2029568,
          2032640,
          2041856,
          2055168,
          2051072,
          2051072,
          2048000,
          2046976,
          2048000,
          2054144,
          2050048,
          2050048,
          2049024,
          2065408,
          2049024,
          2048000
        ],
        "applicable": true
      },
      {
        "kernel": "onpair_shmem_4tpt_o6",
        "decode_ms": 2.300928,
        "decode_gib_s": 404.75954482663764,
        "decode_ns_iters": [
          2314240,
          2306048,
          2306048,
          2318336,
          2308096,
          2304000,
          2339840,
          2304000,
          2319360,
          2304000,
          2327552,
          2317312,
          2324480,
          2308096,
          2302976,
          2310144,
          2304000,
          2312192,
          2304000,
          2302976,
          2307072,
          2302976,
          2323456,
          2308096,
          2302976,
          2302976,
          2309120,
          2321408,
          2300928,
          2320384
        ],
        "applicable": true
      },
      {
        "kernel": "onpair_shmem_4tpt_b512o3",
        "decode_ms": 2.25792,
        "decode_gib_s": 412.4692504423831,
        "decode_ns_iters": [
          2263040,
          2264064,
          2263040,
          2262016,
          2260992,
          2275328,
          2262016,
          2257920,
          2282496,
          2270208,
          2264064,
          2278400,
          2266112,
          2259968,
          2263040,
          2265088,
          2266112,
          2260992,
          2262016,
          2262016,
          2274304,
          2263040,
          2266112,
          2259968,
          2262016,
          2259968,
          2269184,
          2259968,
          2258944,
          2265088
        ],
        "applicable": true
      },
      {
        "kernel": "onpair_shmem_4tpt_b128o12",
        "decode_ms": 2.26816,
        "decode_gib_s": 410.607086783501,
        "decode_ns_iters": [
          2279424,
          2275328,
          2271232,
          2273280,
          2290688,
          2272256,
          2269184,
          2270208,
          2270208,
          2272256,
          2268160,
          2288640,
          2270208,
          2270208,
          2270208,
          2269184,
          2270208,
          2274304,
          2285568,
          2272256,
          2307072,
          2274304,
          2282496,
          2299904,
          2331648,
          2285568,
          2277376,
          2274304,
          2279424,
          2285568
        ],
        "applicable": true
      },
      {
        "kernel": "onpair_shmem_4tpt_b64",
        "decode_ms": 2.060288,
        "decode_gib_s": 452.0351377860113,
        "decode_ns_iters": [
          2072576,
          2085888,
          2063360,
          2100224,
          2072576,
          2088960,
          2065408,
          2063360,
          2074624,
          2097152,
          2066432,
          2064384,
          2070528,
          2086912,
          2078720,
          2083840,
          2066432,
          2065408,
          2065408,
          2079744,
          2075648,
          2067456,
          2066432,
          2062336,
          2062336,
          2078720,
          2062336,
          2060288,
          2060288,
          2064384
        ],
        "applicable": true
      },
      {
        "kernel": "onpair_shmem_4tpt_b64o24",
        "decode_ms": 2.277376,
        "decode_gib_s": 408.9454573855462,
        "decode_ns_iters": [
          2282496,
          2304000,
          2280448,
          2277376,
          2281472,
          2296832,
          2282496,
          2279424,
          2283520,
          2283520,
          2297856,
          2288640,
          2298880,
          2282496,
          2287616,
          2299904,
          2290688,
          2295808,
          2305024,
          2280448,
          2277376,
          2277376,
          2287616,
          2299904,
          2281472,
          2307072,
          2285568,
          2279424,
          2297856,
          2284544
        ],
        "applicable": true
      },
      {
        "kernel": "onpair_shmem_4tpt_split8read_b128o12",
        "decode_ms": 2.480128,
        "decode_gib_s": 375.5139129750019,
        "decode_ns_iters": [
          2488320,
          2484224,
          2487296,
          2485248,
          2497536,
          2497536,
          2494464,
          2482176,
          2482176,
          2486272,
          2481152,
          2491392,
          2484224,
          2482176,
          2484224,
          2492416,
          2485248,
          2489344,
          2492416,
          2483200,
          2482176,
          2480128,
          2486272,
          2493440,
          2490368,
          2480128,
          2533376,
          2490368,
          2485248,
          2504704
        ],
        "applicable": true
      },
      {
        "kernel": "onpair_shmem_4tpt_split8read_occ",
        "decode_ms": 2.280448,
        "decode_gib_s": 408.39456543576773,
        "decode_ns_iters": [
          2285568,
          2282496,
          2285568,
          2284544,
          2299904,
          2284544,
          2281472,
          2300928,
          2288640,
          2296832,
          2285568,
          2295808,
          2287616,
          2309120,
          2292736,
          2285568,
          2297856,
          2286592,
          2285568,
          2285568,
          2283520,
          2296832,
          2282496,
          2281472,
          2285568,
          2280448,
          2288640,
          2285568,
          2295808,
          2298880
        ],
        "applicable": true
      },
      {
        "kernel": "onpair_shmem_4tpt_split8",
        "decode_ms": 2.266112,
        "decode_gib_s": 410.97817317011055,
        "decode_ns_iters": [
          2281472,
          2278400,
          2272256,
          2304000,
          2274304,
          2269184,
          2273280,
          2269184,
          2280448,
          2273280,
          2290688,
          2276352,
          2297856,
          2278400,
          2278400,
          2276352,
          2288640,
          2267136,
          2266112,
          2292736,
          2281472,
          2278400,
          2271232,
          2270208,
          2268160,
          2287616,
          2280448,
          2284544,
          2270208,
          2268160
        ],
        "applicable": true
      },
      {
        "kernel": "onpair_shmem_4tpt_split8_wpb8",
        "decode_ms": 3.008512,
        "decode_gib_s": 309.56252458320444,
        "decode_ns_iters": [
          3021824,
          3035136,
          3019776,
          3017728,
          3015680,
          3021824,
          3014656,
          3010560,
          3027968,
          3016704,
          3019776,
          3015680,
          3013632,
          3013632,
          3023872,
          3013632,
          3014656,
          3014656,
          3011584,
          3009536,
          3019776,
          3036160,
          3025920,
          3014656,
          3028992,
          3025920,
          3032064,
          3019776,
          3008512,
          3014656
        ],
        "applicable": true
      },
      {
        "kernel": "onpair_shmem_4tpt_split8_wpb8_occ",
        "decode_ms": 2.213888,
        "decode_gib_s": 420.67284793036765,
        "decode_ns_iters": [
          2221056,
          2217984,
          2217984,
          2217984,
          2214912,
          2225152,
          2215936,
          2229248,
          2215936,
          2216960,
          2232320,
          2225152,
          2250752,
          2225152,
          2220032,
          2236416,
          2219008,
          2229248,
          2220032,
          2217984,
          2224128,
          2216960,
          2235392,
          2219008,
          2215936,
          2213888,
          2216960,
          2248704,
          2231296,
          2221056
        ],
        "applicable": true
      },
      {
        "kernel": "onpair_shmem_4tpt_pdict",
        "decode_ms": 0.0,
        "decode_gib_s": 0.0,
        "applicable": false,
        "reason": "padded dict needs 1130752 B shared, over 102400 B cap"
      },
      {
        "kernel": "onpair_shmem_4tpt_vdict",
        "decode_ms": 0.0,
        "decode_gib_s": 0.0,
        "applicable": false,
        "reason": "packed dict needs 504080 B shared, over 102400 B cap"
      },
      {
        "kernel": "onpair_shmem_4tpt_split8read",
        "decode_ms": 2.301952,
        "decode_gib_s": 404.579491648334,
        "decode_ns_iters": [
          2307072,
          2306048,
          2319360,
          2311168,
          2308096,
          2307072,
          2308096,
          2306048,
          2302976,
          2317312,
          2301952,
          2317312,
          2305024,
          2302976,
          2314240,
          2305024,
          2305024,
          2302976,
          2309120,
          2319360,
          2314240,
          2306048,
          2309120,
          2302976,
          2305024,
          2304000,
          2316288,
          2308096,
          2307072,
          2305024
        ],
        "applicable": true
      },
      {
        "kernel": "onpair_shmem_4tpt_ldcs",
        "decode_ms": 2.154496,
        "decode_gib_s": 432.26934278776366,
        "decode_ns_iters": [
          2166784,
          2159616,
          2156544,
          2182144,
          2166784,
          2181120,
          2166784,
          2158592,
          2168832,
          2161664,
          2155520,
          2178048,
          2165760,
          2156544,
          2155520,
          2169856,
          2157568,
          2156544,
          2156544,
          2156544,
          2156544,
          2154496,
          2154496,
          2155520,
          2157568,
          2155520,
          2155520,
          2166784,
          2155520,
          2170880
        ],
        "applicable": true
      },
      {
        "kernel": "onpair_shmem_4tpt_lenbucket",
        "decode_ms": 0.0,
        "decode_gib_s": 0.0,
        "applicable": false,
        "reason": "length-bucket dict not built (set ONPAIR_DICT_REORDER=lenbucket)"
      },
      {
        "kernel": "onpair_shmem_4tpt_lenbucket_b128",
        "decode_ms": 0.0,
        "decode_gib_s": 0.0,
        "applicable": false,
        "reason": "length-bucket dict not built (set ONPAIR_DICT_REORDER=lenbucket)"
      },
      {
        "kernel": "onpair_shmem_4tpt_regcache",
        "decode_ms": 2.225152,
        "decode_gib_s": 418.54334893025987,
        "decode_ns_iters": [
          2230272,
          2228224,
          2228224,
          2226176,
          2253824,
          2232320,
          2226176,
          2226176,
          2227200,
          2247680,
          2227200,
          2226176,
          2225152,
          2237440,
          2255872,
          2238464,
          2230272,
          2230272,
          2228224,
          2240512,
          2232320,
          2237440,
          2230272,
          2229248,
          2237440,
          2229248,
          2226176,
          2227200,
          2228224,
          2226176
        ],
        "applicable": true
      },
      {
        "kernel": "onpair_shmem_4tpt_split4read",
        "decode_ms": 2.48832,
        "decode_gib_s": 374.2776531791995,
        "decode_ns_iters": [
          2491392,
          2493440,
          2489344,
          2491392,
          2488320,
          2488320,
          2505728,
          2493440,
          2491392,
          2491392,
          2490368,
          2493440,
          2502656,
          2494464,
          2490368,
          2492416,
          2490368,
          2488320,
          2490368,
          2496512,
          2492416,
          2515968,
          2503680,
          2493440,
          2498560,
          2488320,
          2488320,
          2499584,
          2488320,
          2492416
        ],
        "applicable": true
      },
      {
        "kernel": "onpair_shmem_4tpt_split4read_b128o12",
        "decode_ms": 2.78016,
        "decode_gib_s": 334.9888387570736,
        "decode_ns_iters": [
          2789376,
          2782208,
          2780160,
          2780160,
          2782208,
          2794496,
          2805760,
          2802688,
          2812928,
          2806784,
          2820096,
          2810880,
          2808832,
          2783232,
          2785280,
          2788352,
          2780160,
          2780160,
          2783232,
          2782208,
          2793472,
          2792448,
          2791424,
          2814976,
          2805760,
          2784256,
          2780160,
          2780160,
          2802688,
          2787328
        ],
        "applicable": true
      },
      {
        "kernel": "onpair_shmem_4tpt_cluster_dsmem",
        "decode_ms": 0.0,
        "decode_gib_s": 0.0,
        "applicable": false,
        "reason": "thread-block clusters require sm_90+ (device cc 8.x)"
      },
      {
        "kernel": "onpair_shmem_8tpt",
        "decode_ms": 3.401728,
        "decode_gib_s": 273.7792586470364,
        "decode_ns_iters": [
          3411968,
          3419136,
          3411968,
          3408896,
          3415040,
          3416064,
          3407872,
          3410944,
          3419136,
          3422208,
          3412992,
          3427328,
          3409920,
          3406848,
          3415040,
          3405824,
          3401728,
          3406848,
          3428352,
          3425280,
          3423232,
          3473408,
          3438592,
          3422208,
          3442688,
          3415040,
          3436544,
          3416064,
          3436544,
          3456000
        ],
        "applicable": true
      },
      {
        "kernel": "onpair_shmem_8tpt_b128",
        "decode_ms": 3.503104,
        "decode_gib_s": 265.8563862103054,
        "decode_ns_iters": [
          3507200,
          3506176,
          3520512,
          3518464,
          3510272,
          3515392,
          3513344,
          3508224,
          3506176,
          3513344,
          3505152,
          3505152,
          3507200,
          3504128,
          3509248,
          3547136,
          3511296,
          3512320,
          3508224,
          3506176,
          3503104,
          3528704,
          3508224,
          3524608,
          3520512,
          3545088,
          3505152,
          3510272,
          3508224,
          3507200
        ],
        "applicable": true
      },
      {
        "kernel": "onpair_shmem_4tpt_vwidth",
        "decode_ms": 6.88128,
        "decode_gib_s": 135.34147280140695,
        "decode_ns_iters": [
          6898688,
          6897664,
          6896640,
          6895616,
          6892544,
          6905856,
          6886400,
          6904832,
          6932480,
          6909952,
          6913024,
          6909952,
          6887424,
          6901760,
          6893568,
          6889472,
          6890496,
          6889472,
          6889472,
          6915072,
          6906880,
          6901760,
          6887424,
          6907904,
          6890496,
          6891520,
          6887424,
          6901760,
          6891520,
          6881280
        ],
        "applicable": true
      },
      {
        "kernel": "onpair_shmem_4tpt_vwidth_b128",
        "decode_ms": 9.314304,
        "decode_gib_s": 99.98842317782044,
        "decode_ns_iters": [
          9345024,
          9357312,
          9333760,
          9333760,
          9314304,
          9325569,
          9336832,
          9342976,
          9329665,
          9361409,
          9348096,
          9345024,
          9368576,
          9340928,
          9338880,
          9331712,
          9342976,
          9324544,
          9328640,
          9326592,
          9329665,
          9333760,
          9339903,
          9324544,
          9338880,
          9324544,
          9336832,
          9335808,
          9348096,
          9337856
        ],
        "applicable": true
      },
      {
        "kernel": "onpair_shmem_4tpt_vwidth4",
        "decode_ms": 2.635776,
        "decode_gib_s": 353.3390432111324,
        "decode_ns_iters": [
          2641920,
          2653184,
          2644992,
          2652160,
          2651136,
          2643968,
          2643968,
          2640896,
          2650112,
          2650112,
          2652160,
          2643968,
          2639872,
          2644992,
          2640896,
          2648064,
          2653184,
          2640896,
          2643968,
          2638848,
          2646016,
          2648064,
          2650112,
          2636800,
          2637824,
          2635776,
          2641920,
          2643968,
          2649088,
          2641920
        ],
        "applicable": true
      },
      {
        "kernel": "onpair_shmem_4tpt_vwidth4_b128",
        "decode_ms": 2.679808,
        "decode_gib_s": 347.5333195359017,
        "decode_ns_iters": [
          2710528,
          2683904,
          2683904,
          2681856,
          2686976,
          2686976,
          2683904,
          2696192,
          2685952,
          2683904,
          2679808,
          2683904,
          2680832,
          2689024,
          2684928,
          2695168,
          2688000,
          2685952,
          2682880,
          2680832,
          2688000,
          2695168,
          2694144,
          2706432,
          2689024,
          2685952,
          2680832,
          2684928,
          2688000,
          2685952
        ],
        "applicable": true
      },
      {
        "kernel": "onpair_shmem_4tpt_shdict8",
        "decode_ms": 0.0,
        "decode_gib_s": 0.0,
        "applicable": false,
        "reason": "dict_s8 + staging needs 606464 B shared, over 229376 B cap"
      },
      {
        "kernel": "onpair_shmem_4tpt_ablate",
        "decode_ms": 2.312192,
        "decode_gib_s": 402.7877312778807,
        "decode_ns_iters": [
          2314240,
          2314240,
          2315264,
          2318336,
          2313216,
          2315264,
          2312192,
          2322432,
          2318336,
          2314240,
          2312192,
          2338816,
          2315264,
          2314240,
          2312192,
          2317312,
          2315264,
          2318336,
          2317312,
          2326528,
          2318336,
          2325504,
          2315264,
          2321408,
          2313216,
          2316288,
          2312192,
          2319360,
          2322432,
          2321408
        ],
        "applicable": true
      },
      {
        "kernel": "onpair_shmem_4tpt_ablate_nogather",
        "decode_ms": 1.544192,
        "decode_gib_s": 603.1131944465881,
        "decode_ns_iters": [
          1555456,
          1549312,
          1554432,
          1570816,
          1547264,
          1551360,
          1552384,
          1559552,
          1547264,
          1546240,
          1547264,
          1547264,
          1546240,
          1549312,
          1562624,
          1547264,
          1544192,
          1556480,
          1547264,
          1546240,
          1546240,
          1546240,
          1545216,
          1561600,
          1560576,
          1556480,
          1557504,
          1554432,
          1556480,
          1561600
        ],
        "applicable": true
      },
      {
        "kernel": "onpair_shmem_4tpt_ablate_noemit",
        "decode_ms": 1.18784,
        "decode_gib_s": 784.0471527805645,
        "decode_ns_iters": [
          1193984,
          1191936,
          1188864,
          1195008,
          1191936,
          1207296,
          1191936,
          1188864,
          1193984,
          1193984,
          1190912,
          1197056,
          1191936,
          1207296,
          1192960,
          1189888,
          1193984,
          1188864,
          1189888,
          1196032,
          1187840,
          1209344,
          1195008,
          1187840,
          1206272,
          1193984,
          1187840,
          1190912,
          1191936,
          1211392
        ],
        "applicable": true
      },
      {
        "kernel": "onpair_shmem_4tpt_ablate_nodrain",
        "decode_ms": 2.085888,
        "decode_gib_s": 446.48733295309506,
        "decode_ns_iters": [
          2091008,
          2088960,
          2089984,
          2088960,
          2088960,
          2085888,
          2102272,
          2091008,
          2088960,
          2085888,
          2101248,
          2094080,
          2085888,
          2086912,
          2093056,
          2087936,
          2095104,
          2114560,
          2096128,
          2091008,
          2093056,
          2096128,
          2092032,
          2089984,
          2102272,
          2089984,
          2092032,
          2086912,
          2091008,
          2087936
        ],
        "applicable": true
      },
      {
        "kernel": "onpair_shmem_4tpt_ablate_noscan",
        "decode_ms": 3.01056,
        "decode_gib_s": 309.3519378317873,
        "decode_ns_iters": [
          3010560,
          3017728,
          3013632,
          3016704,
          3024896,
          3015680,
          3023872,
          3037184,
          3016704,
          3017728,
          3016704,
          3016704,
          3024896,
          3020800,
          3011584,
          3017728,
          3017728,
          3013632,
          3020800,
          3013632,
          3014656,
          3018752,
          3019776,
          3018752,
          3013632,
          3010560,
          3026944,
          3023872,
          3018752,
          3019776
        ],
        "applicable": true
      },
      {
        "kernel": "onpair_shmem_4tpt_ablate_cfree",
        "decode_ms": 2.16576,
        "decode_gib_s": 430.0211334399313,
        "decode_ns_iters": [
          2176000,
          2178048,
          2172928,
          2194432,
          2174976,
          2169856,
          2173952,
          2174976,
          2198528,
          2188288,
          2176000,
          2166784,
          2173952,
          2181120,
          2172928,
          2165760,
          2168832,
          2165760,
          2177024,
          2189312,
          2178048,
          2168832,
          2179072,
          2176000,
          2179072,
          2172928,
          2189312,
          2183168,
          2173952,
          2181120
        ],
        "applicable": true
      },
      {
        "kernel": "onpair_shmem_s8",
        "decode_ms": 0.0,
        "decode_gib_s": 0.0,
        "applicable": false,
        "reason": "dictionary entry longer than 8 bytes"
      },
      {
        "kernel": "onpair_shmem_s8_2tpt",
        "decode_ms": 0.0,
        "decode_gib_s": 0.0,
        "applicable": false,
        "reason": "dictionary entry longer than 8 bytes"
      },
      {
        "kernel": "onpair_shmem_s8_4tpt",
        "decode_ms": 0.0,
        "decode_gib_s": 0.0,
        "applicable": false,
        "reason": "dictionary entry longer than 8 bytes"
      },
      {
        "kernel": "onpair_shmem_s8_8tpt",
        "decode_ms": 0.0,
        "decode_gib_s": 0.0,
        "applicable": false,
        "reason": "dictionary entry longer than 8 bytes"
      },
      {
        "kernel": "onpair_shmem_s4l1",
        "decode_ms": 0.0,
        "decode_gib_s": 0.0,
        "applicable": false,
        "reason": "dictionary entry longer than 4 bytes"
      },
      {
        "kernel": "onpair_shmem_s4l1_2tpt",
        "decode_ms": 0.0,
        "decode_gib_s": 0.0,
        "applicable": false,
        "reason": "dictionary entry longer than 4 bytes"
      },
      {
        "kernel": "onpair_shmem_s4l1_4tpt",
        "decode_ms": 0.0,
        "decode_gib_s": 0.0,
        "applicable": false,
        "reason": "dictionary entry longer than 4 bytes"
      },
      {
        "kernel": "onpair_shmem_s4l1_8tpt",
        "decode_ms": 0.0,
        "decode_gib_s": 0.0,
        "applicable": false,
        "reason": "dictionary entry longer than 4 bytes"
      },
      {
        "kernel": "onpair_shmem_s4l1_16tpt",
        "decode_ms": 0.0,
        "decode_gib_s": 0.0,
        "applicable": false,
        "reason": "dictionary entry longer than 4 bytes"
      },
      {
        "kernel": "onpair_shmem_s4l1_32tpt",
        "decode_ms": 0.0,
        "decode_gib_s": 0.0,
        "applicable": false,
        "reason": "dictionary entry longer than 4 bytes"
      },
      {
        "kernel": "onpair_shmem_const1",
        "decode_ms": 0.0,
        "decode_gib_s": 0.0,
        "applicable": false,
        "reason": "not every dictionary entry is exactly 1 byte"
      },
      {
        "kernel": "onpair_shmem_const2",
        "decode_ms": 0.0,
        "decode_gib_s": 0.0,
        "applicable": false,
        "reason": "not every dictionary entry is exactly 2 bytes"
      }
    ]
  }
}
==PROF== Disconnected from process 24913
==PROF== Report: /home/ubuntu/work/ncu_costsurface_clickbench_URL_b16.ncu-rep
