==PROF== Connected to process 23853 (/home/ubuntu/work/target/release/onpair-chunk-bench)
2026-07-06T03:57:49.666854Z  INFO vortex_cuda: vortex-cuda/src/lib.rs:111: Registering CUDA kernels
==PROF== Profiling "onpair_shmem_4tpt_split8read": 0%....50%....100% - 49 passes
==PROF== Profiling "onpair_shmem_4tpt_split8read": 0%....50%....100% - 50 passes
==PROF== Profiling "onpair_shmem_4tpt_split8read": 0%....50%....100% - 50 passes
==PROF== Profiling "onpair_shmem_4tpt_split8read": 0%....50%....100% - 49 passes
==PROF== Profiling "onpair_shmem_4tpt_split8read": 0%....50%....100% - 50 passes
==PROF== Profiling "onpair_shmem_4tpt_split8read": 0%....50%....100% - 50 passes
==PROF== Profiling "onpair_shmem_4tpt_split8read": 0%....50%....100% - 50 passes
==PROF== Profiling "onpair_shmem_4tpt_split8read": 0%....50%....100% - 49 passes
==PROF== Profiling "onpair_shmem_4tpt_split8read": 0%....50%....100% - 50 passes
==PROF== Profiling "onpair_shmem_4tpt_split8read": 0%....50%....100% - 49 passes
==PROF== Profiling "onpair_shmem_4tpt_split8read": 0%....50%....100% - 49 passes
==PROF== Profiling "onpair_shmem_4tpt_split8read": 0%....50%....100% - 49 passes
==PROF== Profiling "onpair_shmem_4tpt_split8read": 0%....50%....100% - 49 passes
==PROF== Profiling "onpair_shmem_4tpt_split8read": 0%....50%....100% - 49 passes
==PROF== Profiling "onpair_shmem_4tpt_split8read": 0%....50%....100% - 50 passes
==PROF== Profiling "onpair_shmem_4tpt_split8read": 0%....50%....100% - 50 passes
{
  "files": [
    "/home/ubuntu/work/vortex-bench/data/onpair-bench/clickbench/URL/bits12_chunk1000mb_thr0.20/part_0000.vortex"
  ],
  "column": "URL",
  "rows": 12254692,
  "in_memory_bytes": 345827295,
  "dict_bytes": 21472,
  "gpu": {
    "iterations": 30,
    "decoded_bytes": 999999995,
    "chunks": 1,
    "auto_kernel": "onpair_shmem_4tpt",
    "frac_le8": 0.80942404,
    "dict_mean_len": 4.692162,
    "dict_max_len": 16,
    "dict_entries_max": 4096,
    "small_dict": true,
    "distinct_codes": 4011,
    "access_top4096_frac": 1.0,
    "compressed_bytes": 426268290,
    "h2d_gib_s": 4.417681696774286,
    "whole_decompress_gib_s": 10.082260752822318,
    "best_kernel": "onpair_shmem_4tpt_b128",
    "auto_decode_ms": 2.507776,
    "best_decode_ms": 2.26816,
    "validated": false,
    "auto_decode_gib_s": 371.37390658450585,
    "best_decode_gib_s": 410.607086783501,
    "kernels": [
      {
        "kernel": "onpair_shmem",
        "decode_ms": 3.233792,
        "decode_gib_s": 287.9970542195867,
        "decode_ns_iters": [
          3943424,
          3947520,
          3962880,
          3942400,
          3936256,
          3975168,
          3941376,
          3937280,
          3938304,
          3935232,
          3951616,
          3933184,
          3936256,
          3934208,
          3962880,
          3939328,
          3371008,
          3236864,
          3233792,
          3236864,
          3277824,
          3240960,
          3255296,
          3240960,
          3236864,
          3237888,
          3239936,
          3234816,
          3258368,
          3235840
        ],
        "applicable": true
      },
      {
        "kernel": "onpair_shmem_2tpt",
        "decode_ms": 2.500608,
        "decode_gib_s": 372.43845095227465,
        "decode_ns_iters": [
          2533376,
          2521088,
          2518016,
          2516992,
          2514944,
          2516992,
          2518016,
          2534400,
          2529280,
          2519040,
          2520064,
          2513920,
          2514944,
          2520064,
          2528256,
          2516992,
          2500608,
          2550784,
          2505728,
          2501632,
          2526208,
          2502656,
          2513920,
          2522112,
          2503680,
          2513920,
          2502656,
          2503680,
          2500608,
          2500608
        ],
        "applicable": true
      },
      {
        "kernel": "onpair_shmem_4tpt",
        "decode_ms": 2.507776,
        "decode_gib_s": 371.37390658450585,
        "decode_ns_iters": [
          2510848,
          2508800,
          2510848,
          2508800,
          2507776,
          2526208,
          2510848,
          2509824,
          2507776,
          2510848,
          2507776,
          2507776,
          2507776,
          2524160,
          2518016,
          2508800,
          2510848,
          2509824,
          2523136,
          2520064,
          2511872,
          2535424,
          2553856,
          2527232,
          2515968,
          2515968,
          2509824,
          2518016,
          2530304,
          2509824
        ],
        "applicable": true
      },
      {
        "kernel": "onpair_shmem_4tpt_wpb8",
        "decode_ms": 3.629056,
        "decode_gib_s": 256.62942923968814,
        "decode_ns_iters": [
          3639296,
          3646464,
          3639296,
          3654656,
          3630080,
          3636224,
          3637248,
          3633152,
          3652608,
          3635200,
          3631104,
          3632128,
          3634176,
          3658752,
          3632128,
          3636224,
          3631104,
          3635200,
          3655680,
          3631104,
          3629056,
          3636224,
          3640320,
          3660800,
          3631104,
          3652608,
          3643392,
          3641344,
          3642368,
          3657728
        ],
        "applicable": true
      },
      {
        "kernel": "onpair_shmem_4tpt_wpb8_occ",
        "decode_ms": 2.291712,
        "decode_gib_s": 406.3872641758064,
        "decode_ns_iters": [
          2305024,
          2300928,
          2296832,
          2294784,
          2294784,
          2294784,
          2294784,
          2292736,
          2313216,
          2293760,
          2305024,
          2293760,
          2293760,
          2294784,
          2292736,
          2291712,
          2292736,
          2294784,
          2293760,
          2298880,
          2297856,
          2312192,
          2292736,
          2291712,
          2294784,
          2294784,
          2293760,
          2292736,
          2292736,
          2291712
        ],
        "applicable": true
      },
      {
        "kernel": "onpair_shmem_4tpt_b128",
        "decode_ms": 2.26816,
        "decode_gib_s": 410.607086783501,
        "decode_ns_iters": [
          2275328,
          2304000,
          2278400,
          2278400,
          2274304,
          2271232,
          2272256,
          2269184,
          2272256,
          2274304,
          2287616,
          2269184,
          2268160,
          2272256,
          2274304,
          2274304,
          2270208,
          2289664,
          2271232,
          2319360,
          2297856,
          2278400,
          2275328,
          2272256,
          2275328,
          2272256,
          2273280,
          2271232,
          2286592,
          2273280
        ],
        "applicable": true
      },
      {
        "kernel": "onpair_shmem_4tpt_o6",
        "decode_ms": 2.471936,
        "decode_gib_s": 376.75836670482795,
        "decode_ns_iters": [
          2479104,
          2477056,
          2499584,
          2476032,
          2477056,
          2488320,
          2477056,
          2489344,
          2479104,
          2486272,
          2479104,
          2478080,
          2478080,
          2475008,
          2477056,
          2475008,
          2482176,
          2482176,
          2476032,
          2500608,
          2476032,
          2473984,
          2486272,
          2475008,
          2473984,
          2471936,
          2475008,
          2477056,
          2476032,
          2473984
        ],
        "applicable": true
      },
      {
        "kernel": "onpair_shmem_4tpt_b512o3",
        "decode_ms": 2.471936,
        "decode_gib_s": 376.75836670482795,
        "decode_ns_iters": [
          2478080,
          2478080,
          2477056,
          2476032,
          2473984,
          2479104,
          2476032,
          2475008,
          2495488,
          2479104,
          2477056,
          2494464,
          2487296,
          2476032,
          2475008,
          2485248,
          2478080,
          2473984,
          2477056,
          2478080,
          2475008,
          2478080,
          2477056,
          2473984,
          2473984,
          2495488,
          2473984,
          2471936,
          2493440,
          2476032
        ],
        "applicable": true
      },
      {
        "kernel": "onpair_shmem_4tpt_b128o12",
        "decode_ms": 2.485248,
        "decode_gib_s": 374.74029551934683,
        "decode_ns_iters": [
          2493440,
          2500608,
          2491392,
          2490368,
          2489344,
          2487296,
          2489344,
          2485248,
          2487296,
          2490368,
          2487296,
          2493440,
          2489344,
          2496512,
          2487296,
          2495488,
          2496512,
          2495488,
          2495488,
          2488320,
          2494464,
          2496512,
          2495488,
          2496512,
          2495488,
          2489344,
          2486272,
          2494464,
          2487296,
          2486272
        ],
        "applicable": true
      },
      {
        "kernel": "onpair_shmem_4tpt_b64",
        "decode_ms": 2.277376,
        "decode_gib_s": 408.9454573855462,
        "decode_ns_iters": [
          2284544,
          2280448,
          2281472,
          2279424,
          2279424,
          2285568,
          2289664,
          2286592,
          2288640,
          2287616,
          2294784,
          2284544,
          2298880,
          2279424,
          2278400,
          2281472,
          2279424,
          2277376,
          2287616,
          2282496,
          2279424,
          2297856,
          2278400,
          2278400,
          2278400,
          2287616,
          2280448,
          2287616,
          2285568,
          2279424
        ],
        "applicable": true
      },
      {
        "kernel": "onpair_shmem_4tpt_b64o24",
        "decode_ms": 2.495488,
        "decode_gib_s": 373.2025840071624,
        "decode_ns_iters": [
          2520064,
          2498560,
          2498560,
          2515968,
          2498560,
          2496512,
          2518016,
          2496512,
          2495488,
          2512896,
          2496512,
          2504704,
          2518016,
          2495488,
          2505728,
          2529280,
          2498560,
          2496512,
          2509824,
          2501632,
          2497536,
          2505728,
          2496512,
          2496512,
          2505728,
          2499584,
          2505728,
          2499584,
          2496512,
          2496512
        ],
        "applicable": true
      },
      {
        "kernel": "onpair_shmem_4tpt_split8read_b128o12",
        "decode_ms": 2.3808,
        "decode_gib_s": 391.18051493567947,
        "decode_ns_iters": [
          2387968,
          2394112,
          2406400,
          2383872,
          2384896,
          2383872,
          2382848,
          2380800,
          2381824,
          2381824,
          2385920,
          2403328,
          2383872,
          2383872,
          2382848,
          2381824,
          2381824,
          2380800,
          2388992,
          2386944,
          2398208,
          2385920,
          2382848,
          2382848,
          2380800,
          2381824,
          2381824,
          2381824,
          2383872,
          2401280
        ],
        "applicable": true
      },
      {
        "kernel": "onpair_shmem_4tpt_split8read_occ",
        "decode_ms": 2.44736,
        "decode_gib_s": 380.54171432027397,
        "decode_ns_iters": [
          2452480,
          2458624,
          2450432,
          2450432,
          2448384,
          2466816,
          2452480,
          2451456,
          2449408,
          2450432,
          2447360,
          2449408,
          2455552,
          2466816,
          2467840,
          2467840,
          2470912,
          2471936,
          2468864,
          2471936,
          2476032,
          2460672,
          2449408,
          2472960,
          2450432,
          2448384,
          2450432,
          2448384,
          2450432,
          2448384
        ],
        "applicable": true
      },
      {
        "kernel": "onpair_shmem_4tpt_split8",
        "decode_ms": 2.596864,
        "decode_gib_s": 358.6335556882708,
        "decode_ns_iters": [
          2603008,
          2601984,
          2599936,
          2600960,
          2598912,
          2597888,
          2618368,
          2599936,
          2598912,
          2597888,
          2610176,
          2609152,
          2603008,
          2598912,
          2599936,
          2599936,
          2601984,
          2597888,
          2596864,
          2614272,
          2620416,
          2604032,
          2604032,
          2601984,
          2613248,
          2610176,
          2600960,
          2599936,
          2608128,
          2600960
        ],
        "applicable": true
      },
      {
        "kernel": "onpair_shmem_4tpt_split8_wpb8",
        "decode_ms": 3.725312,
        "decode_gib_s": 249.9985423929232,
        "decode_ns_iters": [
          3736576,
          3756032,
          3743744,
          3732480,
          3731456,
          3727360,
          3727360,
          3727360,
          3728384,
          3725312,
          3740672,
          3732480,
          3747840,
          3741696,
          3730432,
          3741696,
          3736576,
          3732480,
          3726336,
          3732480,
          3728384,
          3726336,
          3734528,
          3730432,
          3746816,
          3738624,
          3728384,
          3731456,
          3727360,
          3735552
        ],
        "applicable": true
      },
      {
        "kernel": "onpair_shmem_4tpt_split8_wpb8_occ",
        "decode_ms": 2.52928,
        "decode_gib_s": 368.2164766094958,
        "decode_ns_iters": [
          2534400,
          2532352,
          2533376,
          2533376,
          2531328,
          2550784,
          2534400,
          2533376,
          2533376,
          2535424,
          2538496,
          2533376,
          2537472,
          2531328,
          2529280,
          2532352,
          2531328,
          2533376,
          2536448,
          2554880,
          2532352,
          2534400,
          2534400,
          2534400,
          2530304,
          2531328,
          2530304,
          2531328,
          2529280,
          2548736
        ],
        "applicable": true
      },
      {
        "kernel": "onpair_shmem_4tpt_pdict",
        "decode_ms": 4.70528,
        "decode_gib_s": 197.93138133306957,
        "decode_ns_iters": [
          4725760,
          4719616,
          4717568,
          4737024,
          4739072,
          4728832,
          4727808,
          4724736,
          4715520,
          4711424,
          4723712,
          4718592,
          4719616,
          4720640,
          4725760,
          4718592,
          4727808,
          4722688,
          4743168,
          4714496,
          4729856,
          4715520,
          4718592,
          4705280,
          4710400,
          4736000,
          4727808,
          4717568,
          4713472,
          4711424
        ],
        "applicable": true
      },
      {
        "kernel": "onpair_shmem_4tpt_vdict",
        "decode_ms": 4.38272,
        "decode_gib_s": 212.49876103398478,
        "decode_ns_iters": [
          4400128,
          4395008,
          4420608,
          4388864,
          4399104,
          4386816,
          4392960,
          4396032,
          4391936,
          4400128,
          4398080,
          4398080,
          4384768,
          4396032,
          4404224,
          4406272,
          4438016,
          4389888,
          4391936,
          4399104,
          4397056,
          4385792,
          4389888,
          4421632,
          4392960,
          4382720,
          4383744,
          4385792,
          4385792,
          4402176
        ],
        "applicable": true
      },
      {
        "kernel": "onpair_shmem_4tpt_split8read",
        "decode_ms": 2.540544,
        "decode_gib_s": 366.58391665677334,
        "decode_ns_iters": [
          4180721760,
          4101286888,
          4182240009,
          4193275928,
          4197352409,
          4093338490,
          4200825691,
          4089668751,
          4067912579,
          4101751804,
          4089535236,
          4097632408,
          4225174427,
          4202932358,
          2625536,
          2552832,
          2545664,
          2569216,
          2548736,
          2541568,
          2542592,
          2542592,
          2544640,
          2542592,
          2562048,
          2544640,
          2542592,
          2540544,
          2560000,
          2540544
        ],
        "applicable": true
      },
      {
        "kernel": "onpair_shmem_4tpt_ldcs",
        "decode_ms": 2.492416,
        "decode_gib_s": 373.66257075819834,
        "decode_ns_iters": [
          2502656,
          2498560,
          2508800,
          2497536,
          2500608,
          2507776,
          2495488,
          2496512,
          2496512,
          2495488,
          2499584,
          2500608,
          2498560,
          2499584,
          2496512,
          2497536,
          2495488,
          2492416,
          2496512,
          2498560,
          2494464,
          2499584,
          2498560,
          2497536,
          2493440,
          2496512,
          2497536,
          2495488,
          2501632,
          2506752
        ],
        "applicable": true
      },
      {
        "kernel": "onpair_shmem_4tpt_lenbucket",
        "decode_ms": 0.0,
        "decode_gib_s": 0.0,
        "applicable": false,
        "reason": "length-bucket dict not built (set ONPAIR_DICT_REORDER=lenbucket)"
      },
      {
        "kernel": "onpair_shmem_4tpt_lenbucket_b128",
        "decode_ms": 0.0,
        "decode_gib_s": 0.0,
        "applicable": false,
        "reason": "length-bucket dict not built (set ONPAIR_DICT_REORDER=lenbucket)"
      },
      {
        "kernel": "onpair_shmem_4tpt_regcache",
        "decode_ms": 2.716672,
        "decode_gib_s": 342.8174508953844,
        "decode_ns_iters": [
          2721792,
          2721792,
          2721792,
          2718720,
          2717696,
          2720768,
          2719744,
          2717696,
          2737152,
          2722816,
          2719744,
          2721792,
          2719744,
          2718720,
          2719744,
          2722816,
          2734080,
          2744320,
          2739200,
          2735104,
          2722816,
          2719744,
          2721792,
          2716672,
          2723840,
          2720768,
          2728960,
          2732032,
          2719744,
          2719744
        ],
        "applicable": true
      },
      {
        "kernel": "onpair_shmem_4tpt_split4read",
        "decode_ms": 2.605056,
        "decode_gib_s": 357.5057772112637,
        "decode_ns_iters": [
          2623488,
          2611200,
          2611200,
          2613248,
          2628608,
          2614272,
          2608128,
          2605056,
          2613248,
          2609152,
          2608128,
          2609152,
          2607104,
          2625536,
          2608128,
          2607104,
          2605056,
          2605056,
          2606080,
          2606080,
          2611200,
          2611200,
          2610176,
          2608128,
          2611200,
          2609152,
          2607104,
          2619392,
          2611200,
          2605056
        ],
        "applicable": true
      },
      {
        "kernel": "onpair_shmem_4tpt_split4read_b128o12",
        "decode_ms": 2.543616,
        "decode_gib_s": 366.14118245791246,
        "decode_ns_iters": [
          2547712,
          2558976,
          2549760,
          2545664,
          2544640,
          2561024,
          2544640,
          2546688,
          2548736,
          2543616,
          2545664,
          2543616,
          2563072,
          2548736,
          2543616,
          2545664,
          2557952,
          2546688,
          2544640,
          2546688,
          2543616,
          2543616,
          2544640,
          2567168,
          2550784,
          2544640,
          2544640,
          2544640,
          2545664,
          2546688
        ],
        "applicable": true
      },
      {
        "kernel": "onpair_shmem_4tpt_cluster_dsmem",
        "decode_ms": 0.0,
        "decode_gib_s": 0.0,
        "applicable": false,
        "reason": "thread-block clusters require sm_90+ (device cc 8.x)"
      },
      {
        "kernel": "onpair_shmem_8tpt",
        "decode_ms": 3.898368,
        "decode_gib_s": 238.90062968885073,
        "decode_ns_iters": [
          3904512,
          3933184,
          3905536,
          3904512,
          3905536,
          3900416,
          3898368,
          3899392,
          3902464,
          3905536,
          3902464,
          3900416,
          3899392,
          3907584,
          3921920,
          3921920,
          3902464,
          3900416,
          3954688,
          3922944,
          3914752,
          3916800,
          3920896,
          3932160,
          3924992,
          3907584,
          3904512,
          3920896,
          3926016,
          3923968
        ],
        "applicable": true
      },
      {
        "kernel": "onpair_shmem_8tpt_b128",
        "decode_ms": 4.031488,
        "decode_gib_s": 231.01211511949572,
        "decode_ns_iters": [
          4058112,
          4050944,
          4044800,
          4038656,
          4039680,
          4047872,
          4044800,
          4035584,
          4044800,
          4069376,
          4048896,
          4045824,
          4040704,
          4035584,
          4046848,
          4038656,
          4048896,
          4041728,
          4036608,
          4039680,
          4038656,
          4034560,
          4031488,
          4052992,
          4061184,
          4049920,
          4037632,
          4038656,
          4043776,
          4037632
        ],
        "applicable": true
      },
      {
        "kernel": "onpair_shmem_4tpt_vwidth",
        "decode_ms": 8.259584,
        "decode_gib_s": 112.75659524243177,
        "decode_ns_iters": [
          8274944,
          8271871,
          8282112,
          8259584,
          8264704,
          8265728,
          8279040,
          8269824,
          8272896,
          8269824,
          8262657,
          8283136,
          8281088,
          8289280,
          8273920,
          8269824,
          8271871,
          8275968,
          8288256,
          8283136,
          8274944,
          8270849,
          8269824,
          8273920,
          8303615,
          8270849,
          8263680,
          8262657,
          8265728,
          8266753
        ],
        "applicable": true
      },
      {
        "kernel": "onpair_shmem_4tpt_vwidth_b128",
        "decode_ms": 12.854272,
        "decode_gib_s": 72.45237769660278,
        "decode_ns_iters": [
          12876799,
          12882944,
          12867584,
          12874752,
          12862464,
          12896257,
          12874752,
          12904448,
          12890112,
          12878848,
          12864512,
          12873728,
          12897280,
          12876799,
          12879873,
          12884991,
          12874752,
          12877824,
          12862464,
          12867584,
          12871680,
          12890112,
          12989440,
          12962816,
          12871680,
          12873728,
          12868608,
          12854272,
          12871680,
          12881920
        ],
        "applicable": true
      },
      {
        "kernel": "onpair_shmem_4tpt_vwidth4",
        "decode_ms": 3.14368,
        "decode_gib_s": 296.2523443731123,
        "decode_ns_iters": [
          3148800,
          3152896,
          3150848,
          3159040,
          3156992,
          3151872,
          3146752,
          3151872,
          3151872,
          3143680,
          3166208,
          3151872,
          3146752,
          3161088,
          3146752,
          3143680,
          3147776,
          3150848,
          3148800,
          3144704,
          3147776,
          3144704,
          3145728,
          3156992,
          3151872,
          3151872,
          3150848,
          3147776,
          3145728,
          3147776
        ],
        "applicable": true
      },
      {
        "kernel": "onpair_shmem_4tpt_vwidth4_b128",
        "decode_ms": 2.720768,
        "decode_gib_s": 342.3013538673145,
        "decode_ns_iters": [
          2747392,
          2733056,
          2737152,
          2736128,
          2724864,
          2726912,
          2722816,
          2726912,
          2722816,
          2723840,
          2743296,
          2721792,
          2720768,
          2722816,
          2726912,
          2722816,
          2721792,
          2720768,
          2726912,
          2747392,
          2734080,
          2721792,
          2720768,
          2721792,
          2720768,
          2731008,
          2728960,
          2725888,
          2725888,
          2742272
        ],
        "applicable": true
      },
      {
        "kernel": "onpair_shmem_4tpt_shdict8",
        "decode_ms": 4.086784,
        "decode_gib_s": 227.88641874854795,
        "decode_ns_iters": [
          4108288,
          4105216,
          4134912,
          4139008,
          4116480,
          4114432,
          4115456,
          4086784,
          4106240,
          4113408,
          4111360,
          4123648,
          4131840,
          4104192,
          4105216,
          4120576,
          4106240,
          4127744,
          4128768,
          4113408,
          4110336,
          4103168,
          4102144,
          4141056,
          4104192,
          4109312,
          4137984,
          4104192,
          4115456,
          4126720
        ],
        "applicable": true
      },
      {
        "kernel": "onpair_shmem_4tpt_ablate",
        "decode_ms": 2.487296,
        "decode_gib_s": 374.43174031513155,
        "decode_ns_iters": [
          2492416,
          2493440,
          2491392,
          2497536,
          2490368,
          2487296,
          2489344,
          2487296,
          2494464,
          2491392,
          2511872,
          2492416,
          2488320,
          2487296,
          2493440,
          2490368,
          2500608,
          2490368,
          2495488,
          2491392,
          2497536,
          2490368,
          2490368,
          2487296,
          2498560,
          2491392,
          2487296,
          2492416,
          2490368,
          2493440
        ],
        "applicable": true
      },
      {
        "kernel": "onpair_shmem_4tpt_ablate_nogather",
        "decode_ms": 1.729536,
        "decode_gib_s": 538.4811706485818,
        "decode_ns_iters": [
          1733632,
          1735680,
          1733632,
          1732608,
          1732608,
          1748992,
          1732608,
          1733632,
          1729536,
          1730560,
          1735680,
          1734656,
          1731584,
          1731584,
          1731584,
          1737728,
          1741824,
          1732608,
          1732608,
          1737728,
          1732608,
          1732608,
          1731584,
          1730560,
          1731584,
          1731584,
          1750016,
          1733632,
          1731584,
          1732608
        ],
        "applicable": true
      },
      {
        "kernel": "onpair_shmem_4tpt_ablate_noemit",
        "decode_ms": 1.323008,
        "decode_gib_s": 703.9432641063892,
        "decode_ns_iters": [
          1333248,
          1337344,
          1336320,
          1332224,
          1328128,
          1326080,
          1330176,
          1335296,
          1334272,
          1336320,
          1327104,
          1328128,
          1337344,
          1332224,
          1334272,
          1328128,
          1332224,
          1332224,
          1349632,
          1334272,
          1323008,
          1329152,
          1332224,
          1327104,
          1325056,
          1333248,
          1328128,
          1330176,
          1338368,
          1329152
        ],
        "applicable": true
      },
      {
        "kernel": "onpair_shmem_4tpt_ablate_nodrain",
        "decode_ms": 2.262016,
        "decode_gib_s": 411.7223618041896,
        "decode_ns_iters": [
          2268160,
          2287616,
          2264064,
          2263040,
          2265088,
          2262016,
          2264064,
          2264064,
          2285568,
          2275328,
          2266112,
          2265088,
          2262016,
          2263040,
          2262016,
          2265088,
          2263040,
          2276352,
          2263040,
          2263040,
          2265088,
          2268160,
          2265088,
          2263040,
          2283520,
          2265088,
          2262016,
          2264064,
          2274304,
          2267136
        ],
        "applicable": true
      },
      {
        "kernel": "onpair_shmem_4tpt_ablate_noscan",
        "decode_ms": 3.672064,
        "decode_gib_s": 253.62373040308273,
        "decode_ns_iters": [
          3676160,
          3682304,
          3678208,
          3679232,
          3677184,
          3683328,
          3694592,
          3677184,
          3678208,
          3673088,
          3676160,
          3677184,
          3702784,
          3672064,
          3680256,
          3675136,
          3691520,
          3675136,
          3676160,
          3709952,
          3672064,
          3680256,
          3676160,
          3682304,
          3674112,
          3684352,
          3692544,
          3679232,
          3677184,
          3675136
        ],
        "applicable": true
      },
      {
        "kernel": "onpair_shmem_4tpt_ablate_cfree",
        "decode_ms": 2.302976,
        "decode_gib_s": 404.3995985884636,
        "decode_ns_iters": [
          2307072,
          2308096,
          2306048,
          2306048,
          2306048,
          2305024,
          2302976,
          2309120,
          2305024,
          2307072,
          2305024,
          2311168,
          2309120,
          2324480,
          2304000,
          2334720,
          2311168,
          2319360,
          2309120,
          2309120,
          2308096,
          2307072,
          2306048,
          2304000,
          2304000,
          2302976,
          2304000,
          2315264,
          2309120,
          2305024
        ],
        "applicable": true
      },
      {
        "kernel": "onpair_shmem_s8",
        "decode_ms": 0.0,
        "decode_gib_s": 0.0,
        "applicable": false,
        "reason": "dictionary entry longer than 8 bytes"
      },
      {
        "kernel": "onpair_shmem_s8_2tpt",
        "decode_ms": 0.0,
        "decode_gib_s": 0.0,
        "applicable": false,
        "reason": "dictionary entry longer than 8 bytes"
      },
      {
        "kernel": "onpair_shmem_s8_4tpt",
        "decode_ms": 0.0,
        "decode_gib_s": 0.0,
        "applicable": false,
        "reason": "dictionary entry longer than 8 bytes"
      },
      {
        "kernel": "onpair_shmem_s8_8tpt",
        "decode_ms": 0.0,
        "decode_gib_s": 0.0,
        "applicable": false,
        "reason": "dictionary entry longer than 8 bytes"
      },
      {
        "kernel": "onpair_shmem_s4l1",
        "decode_ms": 0.0,
        "decode_gib_s": 0.0,
        "applicable": false,
        "reason": "dictionary entry longer than 4 bytes"
      },
      {
        "kernel": "onpair_shmem_s4l1_2tpt",
        "decode_ms": 0.0,
        "decode_gib_s": 0.0,
        "applicable": false,
        "reason": "dictionary entry longer than 4 bytes"
      },
      {
        "kernel": "onpair_shmem_s4l1_4tpt",
        "decode_ms": 0.0,
        "decode_gib_s": 0.0,
        "applicable": false,
        "reason": "dictionary entry longer than 4 bytes"
      },
      {
        "kernel": "onpair_shmem_s4l1_8tpt",
        "decode_ms": 0.0,
        "decode_gib_s": 0.0,
        "applicable": false,
        "reason": "dictionary entry longer than 4 bytes"
      },
      {
        "kernel": "onpair_shmem_s4l1_16tpt",
        "decode_ms": 0.0,
        "decode_gib_s": 0.0,
        "applicable": false,
        "reason": "dictionary entry longer than 4 bytes"
      },
      {
        "kernel": "onpair_shmem_s4l1_32tpt",
        "decode_ms": 0.0,
        "decode_gib_s": 0.0,
        "applicable": false,
        "reason": "dictionary entry longer than 4 bytes"
      },
      {
        "kernel": "onpair_shmem_const1",
        "decode_ms": 0.0,
        "decode_gib_s": 0.0,
        "applicable": false,
        "reason": "not every dictionary entry is exactly 1 byte"
      },
      {
        "kernel": "onpair_shmem_const2",
        "decode_ms": 0.0,
        "decode_gib_s": 0.0,
        "applicable": false,
        "reason": "not every dictionary entry is exactly 2 bytes"
      }
    ]
  }
}
==PROF== Disconnected from process 23853
==PROF== Report: /home/ubuntu/work/ncu_costsurface_clickbench_URL_b12.ncu-rep
