==PROF== Connected to process 25989 (/home/ubuntu/work/target/release/onpair-chunk-bench)
2026-07-06T04:03:15.238106Z  INFO vortex_cuda: vortex-cuda/src/lib.rs:111: Registering CUDA kernels
==PROF== Profiling "onpair_shmem_4tpt_split8read": 0%....50%....100% - 49 passes
==PROF== Profiling "onpair_shmem_4tpt_split8read": 0%....50%....100% - 49 passes
==PROF== Profiling "onpair_shmem_4tpt_split8read": 0%....50%....100% - 49 passes
==PROF== Profiling "onpair_shmem_4tpt_split8read": 0%....50%....100% - 49 passes
==PROF== Profiling "onpair_shmem_4tpt_split8read": 0%....50%....100% - 49 passes
==PROF== Profiling "onpair_shmem_4tpt_split8read": 0%....50%....100% - 49 passes
==PROF== Profiling "onpair_shmem_4tpt_split8read": 0%....50%....100% - 49 passes
==PROF== Profiling "onpair_shmem_4tpt_split8read": 0%....50%....100% - 50 passes
==PROF== Profiling "onpair_shmem_4tpt_split8read": 0%....50%....100% - 49 passes
==PROF== Profiling "onpair_shmem_4tpt_split8read": 0%....50%....100% - 49 passes
==PROF== Profiling "onpair_shmem_4tpt_split8read": 0%....50%....100% - 49 passes
==PROF== Profiling "onpair_shmem_4tpt_split8read": 0%....50%....100% - 49 passes
==PROF== Profiling "onpair_shmem_4tpt_split8read": 0%....50%....100% - 49 passes
==PROF== Profiling "onpair_shmem_4tpt_split8read": 0%....50%....100% - 49 passes
==PROF== Profiling "onpair_shmem_4tpt_split8read": 0%....50%....100% - 49 passes
==PROF== Profiling "onpair_shmem_4tpt_split8read": 0%....50%....100% - 49 passes
{
  "files": [
    "/home/ubuntu/work/vortex-bench/data/onpair-bench/fineweb/text/bits12_chunk1000mb_thr0.20/part_0000.vortex"
  ],
  "column": "text",
  "rows": 324253,
  "in_memory_bytes": 440748449,
  "dict_bytes": 17696,
  "gpu": {
    "iterations": 30,
    "decoded_bytes": 999998604,
    "chunks": 1,
    "auto_kernel": "onpair_shmem_4tpt_split8read",
    "frac_le8": 0.98413855,
    "dict_mean_len": 3.4126983,
    "dict_max_len": 15,
    "dict_entries_max": 4096,
    "small_dict": true,
    "distinct_codes": 4040,
    "access_top4096_frac": 1.0,
    "compressed_bytes": 586067498,
    "h2d_gib_s": 4.445736869549499,
    "whole_decompress_gib_s": 7.401246185983364,
    "best_kernel": "onpair_shmem_4tpt_split8read_b128o12",
    "auto_decode_ms": 3.059712,
    "best_decode_ms": 2.530304,
    "validated": false,
    "auto_decode_gib_s": 304.38200539435223,
    "best_decode_gib_s": 368.0669494610783,
    "kernels": [
      {
        "kernel": "onpair_shmem",
        "decode_ms": 5.387264,
        "decode_gib_s": 172.8746307010691,
        "decode_ns_iters": [
          5405696,
          5402624,
          5397504,
          5401600,
          5399552,
          5394432,
          5404672,
          5404672,
          5406720,
          5402624,
          5401600,
          5394432,
          5396480,
          5395456,
          5402624,
          5414912,
          5403648,
          5409792,
          5400576,
          5402624,
          5401600,
          5402624,
          5406720,
          5409792,
          5405696,
          5399552,
          5395456,
          5394432,
          5389312,
          5387264
        ],
        "applicable": true
      },
      {
        "kernel": "onpair_shmem_2tpt",
        "decode_ms": 3.255296,
        "decode_gib_s": 286.0941906632037,
        "decode_ns_iters": [
          4157440,
          4149248,
          4146176,
          3661824,
          3293184,
          3259392,
          3258368,
          3266560,
          3258368,
          3262464,
          3263488,
          3267584,
          3271680,
          3272704,
          3263488,
          3274752,
          3264512,
          3264512,
          3266560,
          3265536,
          3282944,
          3261440,
          3266560,
          3258368,
          3257344,
          3265536,
          3257344,
          3255296,
          3256320,
          3278848
        ],
        "applicable": true
      },
      {
        "kernel": "onpair_shmem_4tpt",
        "decode_ms": 3.321856,
        "decode_gib_s": 280.36172383425543,
        "decode_ns_iters": [
          3355648,
          3346432,
          3341312,
          3339264,
          3341312,
          3345408,
          3345408,
          3353600,
          3348480,
          3352576,
          3347456,
          3371008,
          3363840,
          3335168,
          3338240,
          3334144,
          3325952,
          3330048,
          3331072,
          3323904,
          3324928,
          3323904,
          3328000,
          3324928,
          3323904,
          3321856,
          3323904,
          3321856,
          3329024,
          3337216
        ],
        "applicable": true
      },
      {
        "kernel": "onpair_shmem_4tpt_wpb8",
        "decode_ms": 6.296576,
        "decode_gib_s": 147.90916118365988,
        "decode_ns_iters": [
          6360064,
          6361088,
          6353920,
          6307840,
          6296576,
          6337536,
          6364160,
          6353920,
          6353920,
          6350848,
          6359040,
          6351872,
          6350848,
          6361088,
          6394880,
          6359040,
          6382592,
          6353920,
          6353920,
          6354944,
          6369280,
          6353920,
          6352896,
          6352896,
          6351872,
          6356992,
          6374400,
          6375424,
          6361088,
          6364160
        ],
        "applicable": true
      },
      {
        "kernel": "onpair_shmem_4tpt_wpb8_occ",
        "decode_ms": 2.898944,
        "decode_gib_s": 321.26225083656817,
        "decode_ns_iters": [
          2909184,
          2903040,
          2899968,
          2912256,
          2902016,
          2907136,
          2902016,
          2899968,
          2921472,
          2918400,
          2903040,
          2898944,
          2899968,
          2899968,
          2900992,
          2908160,
          2906112,
          2899968,
          2903040,
          2906112,
          2900992,
          2898944,
          2920448,
          2920448,
          2899968,
          2903040,
          2913280,
          2907136,
          2907136,
          2899968
        ],
        "applicable": true
      },
      {
        "kernel": "onpair_shmem_4tpt_b128",
        "decode_ms": 2.869248,
        "decode_gib_s": 324.58723487449134,
        "decode_ns_iters": [
          2888704,
          2875392,
          2872320,
          2873344,
          2876416,
          2871296,
          2880512,
          2877440,
          2872320,
          2874368,
          2878464,
          2872320,
          2874368,
          2874368,
          2874368,
          2873344,
          2879488,
          2891776,
          2879488,
          2875392,
          2874368,
          2870272,
          2872320,
          2869248,
          2869248,
          2869248,
          2870272,
          2869248,
          2873344,
          2874368
        ],
        "applicable": true
      },
      {
        "kernel": "onpair_shmem_4tpt_o6",
        "decode_ms": 3.44064,
        "decode_gib_s": 270.6825690828347,
        "decode_ns_iters": [
          3457024,
          3447808,
          3449856,
          3451904,
          3446784,
          3443712,
          3467264,
          3443712,
          3443712,
          3441664,
          3449856,
          3445760,
          3442688,
          3440640,
          3449856,
          3445760,
          3444736,
          3442688,
          3442688,
          3466240,
          3444736,
          3444736,
          3445760,
          3442688,
          3449856,
          3441664,
          3440640,
          3442688,
          3464192,
          3446784
        ],
        "applicable": true
      },
      {
        "kernel": "onpair_shmem_4tpt_b512o3",
        "decode_ms": 3.427328,
        "decode_gib_s": 271.73392056119644,
        "decode_ns_iters": [
          3432448,
          3433472,
          3429376,
          3427328,
          3427328,
          3428352,
          3429376,
          3430400,
          3428352,
          3444736,
          3436544,
          3430400,
          3428352,
          3428352,
          3427328,
          3430400,
          3428352,
          3428352,
          3434496,
          3428352,
          3435520,
          3431424,
          3427328,
          3436544,
          3432448,
          3430400,
          3430400,
          3434496,
          3427328,
          3429376
        ],
        "applicable": true
      },
      {
        "kernel": "onpair_shmem_4tpt_b128o12",
        "decode_ms": 3.505152,
        "decode_gib_s": 265.700681308304,
        "decode_ns_iters": [
          3519488,
          3513344,
          3519488,
          3515392,
          3523584,
          3511296,
          3515392,
          3510272,
          3523584,
          3512320,
          3519488,
          3529728,
          3509248,
          3517440,
          3529728,
          3512320,
          3511296,
          3509248,
          3511296,
          3505152,
          3509248,
          3511296,
          3523584,
          3513344,
          3510272,
          3510272,
          3509248,
          3517440,
          3517440,
          3512320
        ],
        "applicable": true
      },
      {
        "kernel": "onpair_shmem_4tpt_b64",
        "decode_ms": 2.87744,
        "decode_gib_s": 323.66314310260657,
        "decode_ns_iters": [
          2883584,
          2880512,
          2879488,
          2881536,
          2878464,
          2877440,
          2877440,
          2877440,
          2879488,
          2891776,
          2908160,
          2883584,
          2881536,
          2883584,
          2879488,
          2902016,
          2886656,
          2889728,
          2883584,
          2883584,
          2882560,
          2888704,
          2880512,
          2884608,
          2881536,
          2897920,
          2899968,
          2888704,
          2881536,
          2882560
        ],
        "applicable": true
      },
      {
        "kernel": "onpair_shmem_4tpt_b64o24",
        "decode_ms": 3.528704,
        "decode_gib_s": 263.92728732394795,
        "decode_ns_iters": [
          3535872,
          3534848,
          3543040,
          3538944,
          3555328,
          3539968,
          3534848,
          3535872,
          3536896,
          3548160,
          3533824,
          3552256,
          3533824,
          3528704,
          3543040,
          3543040,
          3542016,
          3539968,
          3535872,
          3535872,
          3540992,
          3531776,
          3542016,
          3534848,
          3530752,
          3531776,
          3530752,
          3532800,
          3531776,
          3529728
        ],
        "applicable": true
      },
      {
        "kernel": "onpair_shmem_4tpt_split8read_b128o12",
        "decode_ms": 2.530304,
        "decode_gib_s": 368.0669494610783,
        "decode_ns_iters": [
          2540544,
          2537472,
          2541568,
          2534400,
          2531328,
          2549760,
          2536448,
          2545664,
          2537472,
          2551808,
          2533376,
          2533376,
          2532352,
          2542592,
          2550784,
          2538496,
          2535424,
          2545664,
          2536448,
          2533376,
          2534400,
          2535424,
          2533376,
          2545664,
          2534400,
          2532352,
          2530304,
          2532352,
          2542592,
          2536448
        ],
        "applicable": true
      },
      {
        "kernel": "onpair_shmem_4tpt_split8read_occ",
        "decode_ms": 2.812928,
        "decode_gib_s": 331.0860692094374,
        "decode_ns_iters": [
          2819072,
          2816000,
          2816000,
          2814976,
          2814976,
          2816000,
          2813952,
          2812928,
          2813952,
          2827264,
          2818048,
          2814976,
          2813952,
          2827264,
          2817024,
          2820096,
          2825216,
          2834432,
          2820096,
          2860032,
          2826240,
          2822144,
          2822144,
          2831360,
          2819072,
          2834432,
          2827264,
          2821120,
          2818048,
          2816000
        ],
        "applicable": true
      },
      {
        "kernel": "onpair_shmem_4tpt_split8",
        "decode_ms": 3.0464,
        "decode_gib_s": 305.7120780229662,
        "decode_ns_iters": [
          3056640,
          3051520,
          3066880,
          3062784,
          3049472,
          3047424,
          3060736,
          3051520,
          3061760,
          3062784,
          3051520,
          3073024,
          3056640,
          3048448,
          3049472,
          3046400,
          3064832,
          3052544,
          3048448,
          3047424,
          3060736,
          3057664,
          3053568,
          3047424,
          3059712,
          3057664,
          3050496,
          3056640,
          3049472,
          3058688
        ],
        "applicable": true
      },
      {
        "kernel": "onpair_shmem_4tpt_split8_wpb8",
        "decode_ms": 6.258688,
        "decode_gib_s": 148.80455368428085,
        "decode_ns_iters": [
          6269952,
          6260736,
          6258688,
          6273024,
          6262784,
          6278144,
          6269952,
          6278144,
          6269952,
          6266880,
          6282240,
          6274048,
          6272000,
          6269952,
          6281216,
          6260736,
          6260736,
          6262784,
          6272000,
          6276096,
          6266880,
          6262784,
          6276096,
          6279168,
          6261760,
          6263808,
          6275072,
          6276096,
          6267904,
          6258688
        ],
        "applicable": true
      },
      {
        "kernel": "onpair_shmem_4tpt_split8_wpb8_occ",
        "decode_ms": 2.771968,
        "decode_gib_s": 335.9783642845676,
        "decode_ns_iters": [
          2784256,
          2777088,
          2772992,
          2774016,
          2775040,
          2771968,
          2787328,
          2790400,
          2785280,
          2774016,
          2777088,
          2797568,
          2784256,
          2787328,
          2795520,
          2781184,
          2784256,
          2790400,
          2786304,
          2774016,
          2776064,
          2784256,
          2776064,
          2781184,
          2784256,
          2777088,
          2775040,
          2775040,
          2772992,
          2795520
        ],
        "applicable": true
      },
      {
        "kernel": "onpair_shmem_4tpt_pdict",
        "decode_ms": 6.28736,
        "decode_gib_s": 148.12596614304962,
        "decode_ns_iters": [
          6317056,
          6291456,
          6295552,
          6303744,
          6308864,
          6293504,
          6333440,
          6298624,
          6302720,
          6305792,
          6296576,
          6305792,
          6294528,
          6297600,
          6294528,
          6303744,
          6296576,
          6287360,
          6298624,
          6292480,
          6300672,
          6296576,
          6297600,
          6307840,
          6293504,
          6293504,
          6317056,
          6299648,
          6307840,
          6290432
        ],
        "applicable": true
      },
      {
        "kernel": "onpair_shmem_4tpt_vdict",
        "decode_ms": 4.941824,
        "decode_gib_s": 188.45698966397111,
        "decode_ns_iters": [
          4964352,
          4966400,
          4958208,
          4953088,
          4951040,
          4951040,
          4964352,
          4987904,
          4954112,
          4960256,
          4960256,
          4951040,
          4962304,
          4954112,
          4966400,
          4951040,
          4951040,
          4941824,
          4958208,
          4947968,
          4948992,
          4947968,
          4967424,
          4962304,
          4976640,
          4963328,
          4970496,
          4957184,
          4963328,
          4964352
        ],
        "applicable": true
      },
      {
        "kernel": "onpair_shmem_4tpt_split8read",
        "decode_ms": 3.059712,
        "decode_gib_s": 304.38200539435223,
        "decode_ns_iters": [
          4146162510,
          4179744720,
          4151099682,
          4139451027,
          4166004658,
          4249842644,
          4155418396,
          4144546986,
          4141231060,
          4140868664,
          4160514355,
          4151013374,
          4155554771,
          4135379791,
          3144704,
          3085312,
          3067904,
          3066880,
          3078144,
          3074048,
          3064832,
          3061760,
          3074048,
          3070976,
          3073024,
          3060736,
          3061760,
          3060736,
          3059712,
          3060736
        ],
        "applicable": true
      },
      {
        "kernel": "onpair_shmem_4tpt_ldcs",
        "decode_ms": 3.34848,
        "decode_gib_s": 278.1325480484173,
        "decode_ns_iters": [
          3367936,
          3385344,
          3363840,
          3369984,
          3365888,
          3355648,
          3363840,
          3353600,
          3353600,
          3350528,
          3372032,
          3353600,
          3386368,
          3354624,
          3361792,
          3354624,
          3395584,
          3361792,
          3353600,
          3348480,
          3349504,
          3348480,
          3349504,
          3372032,
          3363840,
          3372032,
          3348480,
          3350528,
          3360768,
          3351552
        ],
        "applicable": true
      },
      {
        "kernel": "onpair_shmem_4tpt_lenbucket",
        "decode_ms": 0.0,
        "decode_gib_s": 0.0,
        "applicable": false,
        "reason": "length-bucket dict not built (set ONPAIR_DICT_REORDER=lenbucket)"
      },
      {
        "kernel": "onpair_shmem_4tpt_lenbucket_b128",
        "decode_ms": 0.0,
        "decode_gib_s": 0.0,
        "applicable": false,
        "reason": "length-bucket dict not built (set ONPAIR_DICT_REORDER=lenbucket)"
      },
      {
        "kernel": "onpair_shmem_4tpt_regcache",
        "decode_ms": 3.720192,
        "decode_gib_s": 250.34226042343096,
        "decode_ns_iters": [
          3730432,
          3747840,
          3736576,
          3724288,
          3724288,
          3733504,
          3725312,
          3722240,
          3727360,
          3722240,
          3735552,
          3736576,
          3740672,
          3721216,
          3722240,
          3723264,
          3722240,
          3722240,
          3735552,
          3727360,
          3731456,
          3730432,
          3757056,
          3725312,
          3724288,
          3727360,
          3722240,
          3725312,
          3724288,
          3720192
        ],
        "applicable": true
      },
      {
        "kernel": "onpair_shmem_4tpt_split4read",
        "decode_ms": 3.526656,
        "decode_gib_s": 264.08055520276554,
        "decode_ns_iters": [
          3571712,
          3575808,
          3561472,
          3561472,
          3574784,
          3579904,
          3562496,
          3569664,
          3564544,
          3558400,
          3560448,
          3562496,
          3572736,
          3549184,
          3530752,
          3526656,
          3563520,
          3531776,
          3543040,
          3561472,
          3561472,
          3559424,
          3563520,
          3560448,
          3562496,
          3560448,
          3572736,
          3563520,
          3560448,
          3558400
        ],
        "applicable": true
      },
      {
        "kernel": "onpair_shmem_4tpt_split4read_b128o12",
        "decode_ms": 3.433472,
        "decode_gib_s": 271.2476683919847,
        "decode_ns_iters": [
          3445760,
          3439616,
          3435520,
          3461120,
          3437568,
          3435520,
          3434496,
          3446784,
          3444736,
          3445760,
          3437568,
          3463168,
          3442688,
          3437568,
          3435520,
          3434496,
          3467264,
          3435520,
          3433472,
          3433472,
          3440640,
          3446784,
          3439616,
          3437568,
          3448832,
          3450880,
          3449856,
          3438592,
          3439616,
          3436544
        ],
        "applicable": true
      },
      {
        "kernel": "onpair_shmem_4tpt_cluster_dsmem",
        "decode_ms": 0.0,
        "decode_gib_s": 0.0,
        "applicable": false,
        "reason": "thread-block clusters require sm_90+ (device cc 8.x)"
      },
      {
        "kernel": "onpair_shmem_8tpt",
        "decode_ms": 6.66624,
        "decode_gib_s": 139.70713242985016,
        "decode_ns_iters": [
          6679552,
          6701056,
          6674432,
          6681600,
          6692864,
          6672384,
          6675456,
          6676480,
          6712320,
          6674432,
          6673408,
          6683648,
          6676480,
          6671360,
          6676480,
          6699008,
          6681600,
          6681600,
          6668288,
          6666240,
          6669312,
          6722560,
          6686720,
          6681600,
          6685696,
          6673408,
          6670336,
          6679552,
          6671360,
          6689792
        ],
        "applicable": true
      },
      {
        "kernel": "onpair_shmem_8tpt_b128",
        "decode_ms": 6.961152,
        "decode_gib_s": 133.7883836596535,
        "decode_ns_iters": [
          6967296,
          6979584,
          6968320,
          6963200,
          6963200,
          6972416,
          6963200,
          6963200,
          6972416,
          6965248,
          6966272,
          6970368,
          6976512,
          6964224,
          6963200,
          6963200,
          6987776,
          6965248,
          6973440,
          6971392,
          6966272,
          6963200,
          6962176,
          6975488,
          6967296,
          6969344,
          6970368,
          6961152,
          6961152,
          6964224
        ],
        "applicable": true
      },
      {
        "kernel": "onpair_shmem_4tpt_vwidth",
        "decode_ms": 12.212224,
        "decode_gib_s": 76.26139796397153,
        "decode_ns_iters": [
          12227584,
          12231680,
          12216320,
          12213248,
          12222463,
          12215296,
          12212224,
          12220416,
          12228608,
          12257281,
          12239872,
          12226559,
          12242944,
          12233729,
          12217345,
          12218367,
          12220416,
          12216320,
          12233729,
          12216320,
          12223488,
          12220416,
          12212224,
          12228608,
          12231680,
          12216320,
          12213248,
          12215296,
          12242944,
          12217345
        ],
        "applicable": true
      },
      {
        "kernel": "onpair_shmem_4tpt_vwidth_b128",
        "decode_ms": 19.536896,
        "decode_gib_s": 47.66986907690784,
        "decode_ns_iters": [
          19550208,
          19550208,
          19550208,
          19552255,
          19571712,
          19540993,
          19536896,
          19543039,
          19554304,
          19565569,
          19548161,
          19575808,
          19565569,
          19542014,
          19545088,
          19551231,
          19568639,
          19538945,
          19543039,
          19547137,
          19540993,
          19554304,
          19549185,
          19551231,
          19552255,
          19546112,
          19555328,
          19561471,
          19542014,
          19545088
        ],
        "applicable": true
      },
      {
        "kernel": "onpair_shmem_4tpt_vwidth4",
        "decode_ms": 4.186112,
        "decode_gib_s": 222.47882390369978,
        "decode_ns_iters": [
          4193280,
          4205568,
          4191232,
          4188160,
          4192256,
          4189184,
          4190208,
          4187136,
          4189184,
          4187136,
          4202496,
          4189184,
          4202496,
          4188160,
          4190208,
          4189184,
          4186112,
          4187136,
          4190208,
          4191232,
          4191232,
          4188160,
          4192256,
          4209664,
          4198400,
          4194304,
          4194304,
          4188160,
          4187136,
          4193280
        ],
        "applicable": true
      },
      {
        "kernel": "onpair_shmem_4tpt_vwidth4_b128",
        "decode_ms": 3.561472,
        "decode_gib_s": 261.4989741570801,
        "decode_ns_iters": [
          3568640,
          3567616,
          3573760,
          3566592,
          3566592,
          3566592,
          3567616,
          3564544,
          3564544,
          3574784,
          3572736,
          3566592,
          3568640,
          3578880,
          3570688,
          3566592,
          3564544,
          3571712,
          3565568,
          3563520,
          3565568,
          3569664,
          3579904,
          3561472,
          3565568,
          3563520,
          3579904,
          3565568,
          3568640,
          3567616
        ],
        "applicable": true
      },
      {
        "kernel": "onpair_shmem_4tpt_shdict8",
        "decode_ms": 5.34528,
        "decode_gib_s": 174.23245826021542,
        "decode_ns_iters": [
          5376000,
          5358592,
          5381120,
          5359616,
          5371904,
          5347328,
          5364736,
          5364736,
          5345280,
          5357568,
          5348352,
          5369856,
          5353472,
          5365760,
          5351424,
          5374976,
          5360640,
          5348352,
          5369856,
          5359616,
          5350400,
          5349376,
          5345280,
          5382144,
          5359616,
          5371904,
          5347328,
          5351424,
          5372928,
          5350400
        ],
        "applicable": true
      },
      {
        "kernel": "onpair_shmem_4tpt_ablate",
        "decode_ms": 3.5072,
        "decode_gib_s": 265.54552762578817,
        "decode_ns_iters": [
          3513344,
          3513344,
          3515392,
          3510272,
          3511296,
          3513344,
          3534848,
          3514368,
          3516416,
          3525632,
          3510272,
          3513344,
          3511296,
          3510272,
          3508224,
          3507200,
          3510272,
          3508224,
          3508224,
          3509248,
          3510272,
          3508224,
          3510272,
          3510272,
          3509248,
          3509248,
          3513344,
          3510272,
          3510272,
          3511296
        ],
        "applicable": true
      },
      {
        "kernel": "onpair_shmem_4tpt_ablate_nogather",
        "decode_ms": 2.111488,
        "decode_gib_s": 441.07343943662687,
        "decode_ns_iters": [
          2120704,
          2118656,
          2128896,
          2120704,
          2111488,
          2112512,
          2113536,
          2115584,
          2111488,
          2125824,
          2120704,
          2112512,
          2113536,
          2115584,
          2121728,
          2113536,
          2127872,
          2156544,
          2130944,
          2157568,
          2130944,
          2118656,
          2126848,
          2125824,
          2117632,
          2127872,
          2136064,
          2129920,
          2124800,
          2153472
        ],
        "applicable": true
      },
      {
        "kernel": "onpair_shmem_4tpt_ablate_noemit",
        "decode_ms": 1.724416,
        "decode_gib_s": 540.0792352246583,
        "decode_ns_iters": [
          1750016,
          1739776,
          1733632,
          1736704,
          1726464,
          1742848,
          1736704,
          1775616,
          1759232,
          1730560,
          1734656,
          1734656,
          1731584,
          1728512,
          1740800,
          1731584,
          1750016,
          1731584,
          1763328,
          1754112,
          1733632,
          1738752,
          1733632,
          1730560,
          1734656,
          1724416,
          1734656,
          1745920,
          1735680,
          1742848
        ],
        "applicable": true
      },
      {
        "kernel": "onpair_shmem_4tpt_ablate_nodrain",
        "decode_ms": 3.262464,
        "decode_gib_s": 285.465609578884,
        "decode_ns_iters": [
          3276800,
          3275776,
          3271680,
          3281920,
          3277824,
          3271680,
          3288064,
          3268608,
          3265536,
          3269632,
          3266560,
          3270656,
          3268608,
          3271680,
          3288064,
          3275776,
          3288064,
          3303424,
          3293184,
          3293184,
          3268608,
          3265536,
          3270656,
          3265536,
          3265536,
          3262464,
          3270656,
          3267584,
          3283968,
          3264512
        ],
        "applicable": true
      },
      {
        "kernel": "onpair_shmem_4tpt_ablate_noscan",
        "decode_ms": 6.711296,
        "decode_gib_s": 138.76921454353442,
        "decode_ns_iters": [
          6728704,
          6722560,
          6731776,
          6715392,
          6719488,
          6724608,
          6718464,
          6715392,
          6711296,
          6713344,
          6720512,
          6744064,
          6731776,
          6716416,
          6716416,
          6723584,
          6716416,
          6716416,
          6712320,
          6723584,
          6720512,
          6730752,
          6722560,
          6715392,
          6714368,
          6715392,
          6711296,
          6713344,
          6714368,
          6726656
        ],
        "applicable": true
      },
      {
        "kernel": "onpair_shmem_4tpt_ablate_cfree",
        "decode_ms": 3.500032,
        "decode_gib_s": 266.08935989418507,
        "decode_ns_iters": [
          3506176,
          3505152,
          3504128,
          3503104,
          3504128,
          3515392,
          3521536,
          3505152,
          3502080,
          3516416,
          3504128,
          3504128,
          3520512,
          3502080,
          3503104,
          3523584,
          3502080,
          3504128,
          3520512,
          3503104,
          3502080,
          3513344,
          3504128,
          3513344,
          3505152,
          3503104,
          3502080,
          3505152,
          3502080,
          3500032
        ],
        "applicable": true
      },
      {
        "kernel": "onpair_shmem_s8",
        "decode_ms": 0.0,
        "decode_gib_s": 0.0,
        "applicable": false,
        "reason": "dictionary entry longer than 8 bytes"
      },
      {
        "kernel": "onpair_shmem_s8_2tpt",
        "decode_ms": 0.0,
        "decode_gib_s": 0.0,
        "applicable": false,
        "reason": "dictionary entry longer than 8 bytes"
      },
      {
        "kernel": "onpair_shmem_s8_4tpt",
        "decode_ms": 0.0,
        "decode_gib_s": 0.0,
        "applicable": false,
        "reason": "dictionary entry longer than 8 bytes"
      },
      {
        "kernel": "onpair_shmem_s8_8tpt",
        "decode_ms": 0.0,
        "decode_gib_s": 0.0,
        "applicable": false,
        "reason": "dictionary entry longer than 8 bytes"
      },
      {
        "kernel": "onpair_shmem_s4l1",
        "decode_ms": 0.0,
        "decode_gib_s": 0.0,
        "applicable": false,
        "reason": "dictionary entry longer than 4 bytes"
      },
      {
        "kernel": "onpair_shmem_s4l1_2tpt",
        "decode_ms": 0.0,
        "decode_gib_s": 0.0,
        "applicable": false,
        "reason": "dictionary entry longer than 4 bytes"
      },
      {
        "kernel": "onpair_shmem_s4l1_4tpt",
        "decode_ms": 0.0,
        "decode_gib_s": 0.0,
        "applicable": false,
        "reason": "dictionary entry longer than 4 bytes"
      },
      {
        "kernel": "onpair_shmem_s4l1_8tpt",
        "decode_ms": 0.0,
        "decode_gib_s": 0.0,
        "applicable": false,
        "reason": "dictionary entry longer than 4 bytes"
      },
      {
        "kernel": "onpair_shmem_s4l1_16tpt",
        "decode_ms": 0.0,
        "decode_gib_s": 0.0,
        "applicable": false,
        "reason": "dictionary entry longer than 4 bytes"
      },
      {
        "kernel": "onpair_shmem_s4l1_32tpt",
        "decode_ms": 0.0,
        "decode_gib_s": 0.0,
        "applicable": false,
        "reason": "dictionary entry longer than 4 bytes"
      },
      {
        "kernel": "onpair_shmem_const1",
        "decode_ms": 0.0,
        "decode_gib_s": 0.0,
        "applicable": false,
        "reason": "not every dictionary entry is exactly 1 byte"
      },
      {
        "kernel": "onpair_shmem_const2",
        "decode_ms": 0.0,
        "decode_gib_s": 0.0,
        "applicable": false,
        "reason": "not every dictionary entry is exactly 2 bytes"
      }
    ]
  }
}
==PROF== Disconnected from process 25989
==PROF== Report: /home/ubuntu/work/ncu_costsurface_fineweb_text_b12.ncu-rep
