==PROF== Connected to process 17508 (/home/ubuntu/work/target/release/onpair-chunk-bench)
2026-07-06T03:44:21.004621Z  INFO vortex_cuda: vortex-cuda/src/lib.rs:111: Registering CUDA kernels
==PROF== Profiling "onpair_shmem_4tpt": 0%....50%....100% - 50 passes
==PROF== Profiling "onpair_shmem_4tpt": 0%....50%....100% - 50 passes
==PROF== Profiling "onpair_shmem_4tpt": 0%....50%....100% - 50 passes
==PROF== Profiling "onpair_shmem_4tpt": 0%....50%....100% - 50 passes
==PROF== Profiling "onpair_shmem_4tpt": 0%....50%....100% - 50 passes
==PROF== Profiling "onpair_shmem_4tpt": 0%....50%....100% - 49 passes
==PROF== Profiling "onpair_shmem_4tpt": 0%....50%....100% - 50 passes
==PROF== Profiling "onpair_shmem_4tpt": 0%....50%....100% - 49 passes
==PROF== Profiling "onpair_shmem_4tpt": 0%....50%....100% - 50 passes
==PROF== Profiling "onpair_shmem_4tpt": 0%....50%....100% - 50 passes
==PROF== Profiling "onpair_shmem_4tpt": 0%....50%....100% - 49 passes
==PROF== Profiling "onpair_shmem_4tpt": 0%....50%....100% - 50 passes
==PROF== Profiling "onpair_shmem_4tpt": 0%....50%....100% - 50 passes
==PROF== Profiling "onpair_shmem_4tpt": 0%....50%....100% - 49 passes
==PROF== Profiling "onpair_shmem_4tpt": 0%....50%....100% - 50 passes
==PROF== Profiling "onpair_shmem_4tpt": 0%....50%....100% - 50 passes
{
  "files": [
    "/home/ubuntu/work/vortex-bench/data/onpair-bench/tpch-sf10/ps_comment/bits12_chunk1000mb_thr0.20/part_0000.vortex"
  ],
  "column": "ps_comment",
  "rows": 8000000,
  "in_memory_bytes": 157213228,
  "dict_bytes": 39056,
  "gpu": {
    "iterations": 30,
    "decoded_bytes": 987934065,
    "chunks": 1,
    "auto_kernel": "onpair_shmem_4tpt",
    "frac_le8": 0.32216528,
    "dict_mean_len": 10.34025,
    "dict_max_len": 16,
    "dict_entries_max": 4096,
    "small_dict": true,
    "distinct_codes": 3864,
    "access_top4096_frac": 1.0,
    "compressed_bytes": 191128320,
    "h2d_gib_s": 4.313150197148488,
    "whole_decompress_gib_s": 21.44217182915697,
    "best_kernel": "onpair_shmem_4tpt_b128",
    "auto_decode_ms": 1.640448,
    "best_decode_ms": 1.439744,
    "validated": false,
    "auto_decode_gib_s": 560.8744056295204,
    "best_decode_gib_s": 639.0617338680595,
    "kernels": [
      {
        "kernel": "onpair_shmem",
        "decode_ms": 2.12992,
        "decode_gib_s": 431.9811527973518,
        "decode_ns_iters": [
          2156544,
          2152448,
          2146304,
          2144256,
          2139136,
          2144256,
          2141184,
          2145280,
          2139136,
          2142208,
          2143232,
          2132992,
          2139136,
          2136064,
          2132992,
          2151424,
          2129920,
          2134016,
          2134016,
          2135040,
          2130944,
          2132992,
          2139136,
          2135040,
          2137088,
          2134016,
          2132992,
          2130944,
          2154496,
          2144256
        ],
        "applicable": true
      },
      {
        "kernel": "onpair_shmem_2tpt",
        "decode_ms": 1.9712,
        "decode_gib_s": 466.76405081480084,
        "decode_ns_iters": [
          1975296,
          1974272,
          1985536,
          1976320,
          1975296,
          1973248,
          1971200,
          1975296,
          1980416,
          1988608,
          1975296,
          1976320,
          1974272,
          1975296,
          1977344,
          1973248,
          1992704,
          1978368,
          1973248,
          1979392,
          1981440,
          1978368,
          1997824,
          1983488,
          1978368,
          1977344,
          1975296,
          1975296,
          1972224,
          1995776
        ],
        "applicable": true
      },
      {
        "kernel": "onpair_shmem_4tpt",
        "decode_ms": 1.640448,
        "decode_gib_s": 560.8744056295204,
        "decode_ns_iters": [
          3820241928,
          3799983263,
          3795723200,
          3706307650,
          3830760479,
          3726467133,
          3821004868,
          3803796291,
          3722394466,
          3814421415,
          3808387041,
          3691106319,
          3812654018,
          3803905010,
          1719296,
          1674240,
          1665024,
          1659904,
          1647616,
          1644544,
          1644544,
          1648640,
          1643520,
          1655808,
          1644544,
          1640448,
          1641472,
          1645568,
          1644544,
          1642496
        ],
        "applicable": true
      },
      {
        "kernel": "onpair_shmem_4tpt_wpb8",
        "decode_ms": 2.512896,
        "decode_gib_s": 366.1453943840634,
        "decode_ns_iters": [
          2524160,
          2525184,
          2525184,
          2528256,
          2516992,
          2518016,
          2516992,
          2518016,
          2519040,
          2512896,
          2532352,
          2516992,
          2514944,
          2515968,
          2514944,
          2514944,
          2515968,
          2516992,
          2518016,
          2523136,
          2531328,
          2513920,
          2516992,
          2514944,
          2513920,
          2514944,
          2518016,
          2515968,
          2515968,
          2515968
        ],
        "applicable": true
      },
      {
        "kernel": "onpair_shmem_4tpt_wpb8_occ",
        "decode_ms": 1.480704,
        "decode_gib_s": 621.3836776061491,
        "decode_ns_iters": [
          1576960,
          1573888,
          1581056,
          1576960,
          1574912,
          1574912,
          1501184,
          1491968,
          1494016,
          1481728,
          1495040,
          1497088,
          1482752,
          1486848,
          1499136,
          1481728,
          1489920,
          1497088,
          1482752,
          1490944,
          1497088,
          1482752,
          1487872,
          1492992,
          1483776,
          1480704,
          1484800,
          1481728,
          1481728,
          1483776
        ],
        "applicable": true
      },
      {
        "kernel": "onpair_shmem_4tpt_b128",
        "decode_ms": 1.439744,
        "decode_gib_s": 639.0617338680595,
        "decode_ns_iters": [
          1454080,
          1449984,
          1449984,
          1449984,
          1448960,
          1448960,
          1452032,
          1448960,
          1448960,
          1446912,
          1448960,
          1446912,
          1448960,
          1446912,
          1456128,
          1460224,
          1448960,
          1446912,
          1447936,
          1447936,
          1447936,
          1446912,
          1453056,
          1460224,
          1448960,
          1439744,
          1441792,
          1441792,
          1440768,
          1439744
        ],
        "applicable": true
      },
      {
        "kernel": "onpair_shmem_4tpt_o6",
        "decode_ms": 1.652736,
        "decode_gib_s": 556.7043356991894,
        "decode_ns_iters": [
          1657856,
          1662976,
          1655808,
          1670144,
          1655808,
          1653760,
          1653760,
          1653760,
          1654784,
          1667072,
          1655808,
          1655808,
          1655808,
          1655808,
          1653760,
          1658880,
          1653760,
          1659904,
          1654784,
          1655808,
          1658880,
          1654784,
          1675264,
          1654784,
          1653760,
          1654784,
          1658880,
          1654784,
          1666048,
          1652736
        ],
        "applicable": true
      },
      {
        "kernel": "onpair_shmem_4tpt_b512o3",
        "decode_ms": 1.616896,
        "decode_gib_s": 569.0442038115843,
        "decode_ns_iters": [
          1622016,
          1622016,
          1619968,
          1619968,
          1636352,
          1620992,
          1619968,
          1619968,
          1617920,
          1632256,
          1620992,
          1619968,
          1617920,
          1617920,
          1632256,
          1619968,
          1619968,
          1624064,
          1616896,
          1617920,
          1620992,
          1618944,
          1624064,
          1622016,
          1631232,
          1618944,
          1620992,
          1623040,
          1617920,
          1618944
        ],
        "applicable": true
      },
      {
        "kernel": "onpair_shmem_4tpt_b128o12",
        "decode_ms": 1.603584,
        "decode_gib_s": 573.7680701267508,
        "decode_ns_iters": [
          1608704,
          1607680,
          1607680,
          1604608,
          1619968,
          1607680,
          1606656,
          1609728,
          1604608,
          1604608,
          1606656,
          1604608,
          1605632,
          1628160,
          1605632,
          1605632,
          1605632,
          1605632,
          1614848,
          1605632,
          1606656,
          1609728,
          1604608,
          1605632,
          1605632,
          1605632,
          1603584,
          1616896,
          1605632,
          1603584
        ],
        "applicable": true
      },
      {
        "kernel": "onpair_shmem_4tpt_b64",
        "decode_ms": 1.440768,
        "decode_gib_s": 638.6075322093046,
        "decode_ns_iters": [
          1445888,
          1444864,
          1445888,
          1443840,
          1444864,
          1442816,
          1455104,
          1444864,
          1443840,
          1443840,
          1442816,
          1444864,
          1444864,
          1442816,
          1455104,
          1441792,
          1441792,
          1441792,
          1440768,
          1442816,
          1442816,
          1446912,
          1454080,
          1440768,
          1441792,
          1442816,
          1442816,
          1443840,
          1441792,
          1448960
        ],
        "applicable": true
      },
      {
        "kernel": "onpair_shmem_4tpt_b64o24",
        "decode_ms": 1.605632,
        "decode_gib_s": 573.0362230985279,
        "decode_ns_iters": [
          1611776,
          1607680,
          1608704,
          1608704,
          1605632,
          1619968,
          1607680,
          1606656,
          1606656,
          1605632,
          1623040,
          1608704,
          1607680,
          1612800,
          1606656,
          1605632,
          1608704,
          1606656,
          1610752,
          1605632,
          1605632,
          1605632,
          1606656,
          1605632,
          1618944,
          1608704,
          1606656,
          1610752,
          1606656,
          1605632
        ],
        "applicable": true
      },
      {
        "kernel": "onpair_shmem_4tpt_split8read_b128o12",
        "decode_ms": 1.824768,
        "decode_gib_s": 504.22042526290215,
        "decode_ns_iters": [
          1836032,
          1833984,
          1833984,
          1831936,
          1830912,
          1827840,
          1827840,
          1826816,
          1831936,
          1826816,
          1828864,
          1826816,
          1827840,
          1826816,
          1827840,
          1827840,
          1827840,
          1826816,
          1826816,
          1825792,
          1827840,
          1825792,
          1825792,
          1825792,
          1824768,
          1830912,
          1832960,
          1826816,
          1829888,
          1825792
        ],
        "applicable": true
      },
      {
        "kernel": "onpair_shmem_4tpt_split8read_occ",
        "decode_ms": 1.67424,
        "decode_gib_s": 549.5540047819521,
        "decode_ns_iters": [
          1683456,
          1690624,
          1677312,
          1680384,
          1680384,
          1678336,
          1682432,
          1676288,
          1682432,
          1678336,
          1677312,
          1676288,
          1674240,
          1675264,
          1677312,
          1678336,
          1698816,
          1677312,
          1676288,
          1677312,
          1678336,
          1682432,
          1677312,
          1689600,
          1676288,
          1679360,
          1675264,
          1677312,
          1681408,
          1675264
        ],
        "applicable": true
      },
      {
        "kernel": "onpair_shmem_4tpt_split8",
        "decode_ms": 1.61792,
        "decode_gib_s": 568.6840492522099,
        "decode_ns_iters": [
          1624064,
          1635328,
          1620992,
          1623040,
          1622016,
          1620992,
          1632256,
          1619968,
          1617920,
          1618944,
          1620992,
          1633280,
          1620992,
          1618944,
          1617920,
          1618944,
          1633280,
          1619968,
          1618944,
          1618944,
          1645568,
          1625088,
          1627136,
          1622016,
          1619968,
          1624064,
          1620992,
          1619968,
          1620992,
          1618944
        ],
        "applicable": true
      },
      {
        "kernel": "onpair_shmem_4tpt_split8_wpb8",
        "decode_ms": 2.47808,
        "decode_gib_s": 371.28958587540984,
        "decode_ns_iters": [
          2483200,
          2484224,
          2483200,
          2481152,
          2481152,
          2480128,
          2481152,
          2484224,
          2480128,
          2479104,
          2481152,
          2480128,
          2479104,
          2479104,
          2479104,
          2478080,
          2481152,
          2481152,
          2481152,
          2480128,
          2480128,
          2480128,
          2481152,
          2480128,
          2479104,
          2480128,
          2481152,
          2480128,
          2479104,
          2482176
        ],
        "applicable": true
      },
      {
        "kernel": "onpair_shmem_4tpt_split8_wpb8_occ",
        "decode_ms": 1.590272,
        "decode_gib_s": 578.5710224201492,
        "decode_ns_iters": [
          1595392,
          1626112,
          1612800,
          1595392,
          1592320,
          1597440,
          1598464,
          1593344,
          1595392,
          1596416,
          1593344,
          1605632,
          1593344,
          1591296,
          1593344,
          1593344,
          1591296,
          1590272,
          1590272,
          1590272,
          1605632,
          1591296,
          1590272,
          1613824,
          1596416,
          1592320,
          1593344,
          1591296,
          1591296,
          1606656
        ],
        "applicable": true
      },
      {
        "kernel": "onpair_shmem_4tpt_pdict",
        "decode_ms": 2.550784,
        "decode_gib_s": 360.7068638372106,
        "decode_ns_iters": [
          2587648,
          2564096,
          2553856,
          2562048,
          2552832,
          2553856,
          2555904,
          2556928,
          2555904,
          2555904,
          2552832,
          2554880,
          2553856,
          2569216,
          2556928,
          2552832,
          2554880,
          2568192,
          2555904,
          2556928,
          2560000,
          2555904,
          2550784,
          2554880,
          2550784,
          2551808,
          2556928,
          2551808,
          2551808,
          2550784
        ],
        "applicable": true
      },
      {
        "kernel": "onpair_shmem_4tpt_vdict",
        "decode_ms": 2.751488,
        "decode_gib_s": 334.39553324097193,
        "decode_ns_iters": [
          2789376,
          2762752,
          2779136,
          2770944,
          2755584,
          2778112,
          2781184,
          2763776,
          2775040,
          2788352,
          2762752,
          2779136,
          2790400,
          2790400,
          2780160,
          2785280,
          2797568,
          2787328,
          2787328,
          2781184,
          2772992,
          2772992,
          2767872,
          2751488,
          2774016,
          2769920,
          2770944,
          2784256,
          2760704,
          2764800
        ],
        "applicable": true
      },
      {
        "kernel": "onpair_shmem_4tpt_split8read",
        "decode_ms": 1.70496,
        "decode_gib_s": 539.652130821917,
        "decode_ns_iters": [
          1709056,
          1717248,
          1709056,
          1710080,
          1710080,
          1723392,
          1708032,
          1709056,
          1708032,
          1710080,
          1711104,
          1717248,
          1705984,
          1712128,
          1721344,
          1707008,
          1707008,
          1708032,
          1704960,
          1707008,
          1709056,
          1705984,
          1708032,
          1711104,
          1721344,
          1707008,
          1713152,
          1707008,
          1705984,
          1707008
        ],
        "applicable": true
      },
      {
        "kernel": "onpair_shmem_4tpt_ldcs",
        "decode_ms": 1.537024,
        "decode_gib_s": 598.6147886865368,
        "decode_ns_iters": [
          1546240,
          1559552,
          1539072,
          1539072,
          1538048,
          1539072,
          1539072,
          1545216,
          1549312,
          1538048,
          1537024,
          1539072,
          1539072,
          1541120,
          1544192,
          1538048,
          1537024,
          1539072,
          1543168,
          1540096,
          1538048,
          1546240,
          1539072,
          1539072,
          1538048,
          1541120,
          1537024,
          1540096,
          1539072,
          1539072
        ],
        "applicable": true
      },
      {
        "kernel": "onpair_shmem_4tpt_lenbucket",
        "decode_ms": 0.0,
        "decode_gib_s": 0.0,
        "applicable": false,
        "reason": "length-bucket dict not built (set ONPAIR_DICT_REORDER=lenbucket)"
      },
      {
        "kernel": "onpair_shmem_4tpt_lenbucket_b128",
        "decode_ms": 0.0,
        "decode_gib_s": 0.0,
        "applicable": false,
        "reason": "length-bucket dict not built (set ONPAIR_DICT_REORDER=lenbucket)"
      },
      {
        "kernel": "onpair_shmem_4tpt_regcache",
        "decode_ms": 1.608704,
        "decode_gib_s": 571.9419464153353,
        "decode_ns_iters": [
          1628160,
          1613824,
          1611776,
          1616896,
          1611776,
          1611776,
          1611776,
          1609728,
          1617920,
          1610752,
          1609728,
          1609728,
          1611776,
          1615872,
          1610752,
          1612800,
          1611776,
          1610752,
          1609728,
          1623040,
          1610752,
          1609728,
          1609728,
          1608704,
          1625088,
          1610752,
          1610752,
          1615872,
          1610752,
          1610752
        ],
        "applicable": true
      },
      {
        "kernel": "onpair_shmem_4tpt_split4read",
        "decode_ms": 1.918976,
        "decode_gib_s": 479.4668078006893,
        "decode_ns_iters": [
          1924096,
          1921024,
          1924096,
          1922048,
          1923072,
          1934336,
          1925120,
          1931264,
          1930240,
          1922048,
          1921024,
          1920000,
          1922048,
          1921024,
          1933312,
          1939456,
          1926144,
          1918976,
          1922048,
          1918976,
          1921024,
          1921024,
          1920000,
          1933312,
          1920000,
          1920000,
          1924096,
          1924096,
          1922048,
          1918976
        ],
        "applicable": true
      },
      {
        "kernel": "onpair_shmem_4tpt_split4read_b128o12",
        "decode_ms": 2.275328,
        "decode_gib_s": 404.37479649797103,
        "decode_ns_iters": [
          2287616,
          2280448,
          2277376,
          2278400,
          2277376,
          2276352,
          2277376,
          2276352,
          2285568,
          2280448,
          2278400,
          2277376,
          2275328,
          2282496,
          2275328,
          2282496,
          2277376,
          2275328,
          2276352,
          2277376,
          2275328,
          2275328,
          2276352,
          2289664,
          2276352,
          2276352,
          2277376,
          2276352,
          2281472,
          2275328
        ],
        "applicable": true
      },
      {
        "kernel": "onpair_shmem_4tpt_cluster_dsmem",
        "decode_ms": 0.0,
        "decode_gib_s": 0.0,
        "applicable": false,
        "reason": "thread-block clusters require sm_90+ (device cc 8.x)"
      },
      {
        "kernel": "onpair_shmem_8tpt",
        "decode_ms": 2.38592,
        "decode_gib_s": 385.63124369892347,
        "decode_ns_iters": [
          2402304,
          2390016,
          2385920,
          2387968,
          2392064,
          2386944,
          2390016,
          2399232,
          2390016,
          2388992,
          2390016,
          2393088,
          2386944,
          2387968,
          2398208,
          2385920,
          2385920,
          2396160,
          2393088,
          2386944,
          2386944,
          2399232,
          2387968,
          2385920,
          2386944,
          2387968,
          2386944,
          2385920,
          2400256,
          2387968
        ],
        "applicable": true
      },
      {
        "kernel": "onpair_shmem_8tpt_b128",
        "decode_ms": 2.423808,
        "decode_gib_s": 379.6032098937438,
        "decode_ns_iters": [
          2444288,
          2433024,
          2428928,
          2426880,
          2425856,
          2427904,
          2428928,
          2430976,
          2426880,
          2426880,
          2429952,
          2424832,
          2430976,
          2426880,
          2426880,
          2427904,
          2427904,
          2430976,
          2438144,
          2423808,
          2426880,
          2426880,
          2424832,
          2436096,
          2428928,
          2425856,
          2424832,
          2423808,
          2438144,
          2425856
        ],
        "applicable": true
      },
      {
        "kernel": "onpair_shmem_4tpt_vwidth",
        "decode_ms": 5.53472,
        "decode_gib_s": 166.23881550758404,
        "decode_ns_iters": [
          5547008,
          5559296,
          5541888,
          5538816,
          5535744,
          5534720,
          5536768,
          5541888,
          5628928,
          5753856,
          5558272,
          5573632,
          5991424,
          5547008,
          5630976,
          5583872,
          5724160,
          5558272,
          5543936,
          5619712,
          6010880,
          6016000,
          5559296,
          5548032,
          5564416,
          5558272,
          5537792,
          5539840,
          5534720,
          5542912
        ],
        "applicable": true
      },
      {
        "kernel": "onpair_shmem_4tpt_vwidth_b128",
        "decode_ms": 7.86432,
        "decode_gib_s": 116.99489554928276,
        "decode_ns_iters": [
          7873536,
          7868416,
          7875584,
          7878656,
          7868416,
          7870464,
          7872512,
          7871488,
          7871488,
          7872512,
          7879680,
          7874560,
          7869440,
          7879680,
          7869440,
          7870464,
          7867392,
          7871488,
          7874560,
          7868416,
          7873536,
          7865344,
          7871488,
          7869440,
          7866368,
          7875584,
          7875584,
          7866368,
          7864320,
          7866368
        ],
        "applicable": true
      },
      {
        "kernel": "onpair_shmem_4tpt_vwidth4",
        "decode_ms": 1.932288,
        "decode_gib_s": 476.1636448428679,
        "decode_ns_iters": [
          1937408,
          1940480,
          1941504,
          1936384,
          1936384,
          1936384,
          1949696,
          1934336,
          1933312,
          1939456,
          1934336,
          1934336,
          1936384,
          1934336,
          1934336,
          1953792,
          1935360,
          1939456,
          1938432,
          1940480,
          1935360,
          1935360,
          1933312,
          1941504,
          1948672,
          1935360,
          1945600,
          1936384,
          1933312,
          1932288
        ],
        "applicable": true
      },
      {
        "kernel": "onpair_shmem_4tpt_vwidth4_b128",
        "decode_ms": 1.98656,
        "decode_gib_s": 463.1550504219029,
        "decode_ns_iters": [
          1990656,
          1995776,
          2002944,
          1990656,
          1991680,
          1989632,
          1988608,
          1989632,
          1990656,
          1992704,
          1989632,
          1989632,
          1988608,
          1988608,
          1990656,
          1989632,
          1987584,
          1990656,
          1989632,
          1986560,
          1991680,
          1990656,
          1990656,
          1989632,
          1988608,
          1989632,
          1990656,
          1989632,
          1991680,
          1986560
        ],
        "applicable": true
      },
      {
        "kernel": "onpair_shmem_4tpt_shdict8",
        "decode_ms": 2.192384,
        "decode_gib_s": 419.67342261489574,
        "decode_ns_iters": [
          2226176,
          2206720,
          2215936,
          2211840,
          2200576,
          2212864,
          2223104,
          2198528,
          2200576,
          2204672,
          2196480,
          2217984,
          2211840,
          2202624,
          2223104,
          2204672,
          2211840,
          2216960,
          2199552,
          2212864,
          2224128,
          2192384,
          2204672,
          2214912,
          2195456,
          2206720,
          2212864,
          2222080,
          2221056,
          2210816
        ],
        "applicable": true
      },
      {
        "kernel": "onpair_shmem_4tpt_ablate",
        "decode_ms": 1.60256,
        "decode_gib_s": 574.134695091688,
        "decode_ns_iters": [
          1613824,
          1607680,
          1605632,
          1604608,
          1603584,
          1609728,
          1604608,
          1604608,
          1603584,
          1603584,
          1604608,
          1615872,
          1603584,
          1602560,
          1608704,
          1603584,
          1602560,
          1604608,
          1603584,
          1602560,
          1615872,
          1603584,
          1602560,
          1609728,
          1602560,
          1603584,
          1604608,
          1604608,
          1602560,
          1615872
        ],
        "applicable": true
      },
      {
        "kernel": "onpair_shmem_4tpt_ablate_nogather",
        "decode_ms": 1.19808,
        "decode_gib_s": 767.9664938619587,
        "decode_ns_iters": [
          1206272,
          1202176,
          1201152,
          1201152,
          1202176,
          1209344,
          1202176,
          1201152,
          1203200,
          1201152,
          1201152,
          1200128,
          1200128,
          1213440,
          1201152,
          1201152,
          1199104,
          1200128,
          1198080,
          1207296,
          1201152,
          1212416,
          1201152,
          1201152,
          1199104,
          1200128,
          1199104,
          1206272,
          1201152,
          1201152
        ],
        "applicable": true
      },
      {
        "kernel": "onpair_shmem_4tpt_ablate_noemit",
        "decode_ms": 1.074176,
        "decode_gib_s": 856.5498549270654,
        "decode_ns_iters": [
          1089536,
          1091584,
          1100800,
          1078272,
          1080320,
          1082368,
          1104896,
          1088512,
          1079296,
          1074176,
          1098752,
          1091584,
          1079296,
          1079296,
          1085440,
          1086464,
          1083392,
          1084416,
          1086464,
          1081344,
          1078272,
          1083392,
          1082368,
          1082368,
          1083392,
          1078272,
          1083392,
          1079296,
          1082368,
          1081344
        ],
        "applicable": true
      },
      {
        "kernel": "onpair_shmem_4tpt_ablate_nodrain",
        "decode_ms": 1.403904,
        "decode_gib_s": 655.3762201447787,
        "decode_ns_iters": [
          1410048,
          1406976,
          1421312,
          1405952,
          1404928,
          1404928,
          1410048,
          1403904,
          1404928,
          1408000,
          1404928,
          1403904,
          1403904,
          1406976,
          1418240,
          1404928,
          1404928,
          1404928,
          1409024,
          1404928,
          1406976,
          1404928,
          1404928,
          1403904,
          1404928,
          1406976,
          1416192,
          1404928,
          1404928,
          1404928
        ],
        "applicable": true
      },
      {
        "kernel": "onpair_shmem_4tpt_ablate_noscan",
        "decode_ms": 2.080768,
        "decode_gib_s": 442.1854319972893,
        "decode_ns_iters": [
          2093056,
          2086912,
          2085888,
          2083840,
          2082816,
          2083840,
          2084864,
          2086912,
          2083840,
          2083840,
          2082816,
          2082816,
          2084864,
          2083840,
          2097152,
          2083840,
          2084864,
          2083840,
          2095104,
          2089984,
          2082816,
          2080768,
          2085888,
          2091008,
          2082816,
          2085888,
          2087936,
          2084864,
          2083840,
          2084864
        ],
        "applicable": true
      },
      {
        "kernel": "onpair_shmem_4tpt_ablate_cfree",
        "decode_ms": 1.26976,
        "decode_gib_s": 724.6135466278159,
        "decode_ns_iters": [
          1277952,
          1287168,
          1272832,
          1271808,
          1274880,
          1271808,
          1277952,
          1273856,
          1271808,
          1271808,
          1272832,
          1270784,
          1282048,
          1271808,
          1272832,
          1275904,
          1270784,
          1269760,
          1272832,
          1272832,
          1270784,
          1274880,
          1272832,
          1283072,
          1271808,
          1271808,
          1278976,
          1271808,
          1271808,
          1270784
        ],
        "applicable": true
      },
      {
        "kernel": "onpair_shmem_s8",
        "decode_ms": 0.0,
        "decode_gib_s": 0.0,
        "applicable": false,
        "reason": "dictionary entry longer than 8 bytes"
      },
      {
        "kernel": "onpair_shmem_s8_2tpt",
        "decode_ms": 0.0,
        "decode_gib_s": 0.0,
        "applicable": false,
        "reason": "dictionary entry longer than 8 bytes"
      },
      {
        "kernel": "onpair_shmem_s8_4tpt",
        "decode_ms": 0.0,
        "decode_gib_s": 0.0,
        "applicable": false,
        "reason": "dictionary entry longer than 8 bytes"
      },
      {
        "kernel": "onpair_shmem_s8_8tpt",
        "decode_ms": 0.0,
        "decode_gib_s": 0.0,
        "applicable": false,
        "reason": "dictionary entry longer than 8 bytes"
      },
      {
        "kernel": "onpair_shmem_s4l1",
        "decode_ms": 0.0,
        "decode_gib_s": 0.0,
        "applicable": false,
        "reason": "dictionary entry longer than 4 bytes"
      },
      {
        "kernel": "onpair_shmem_s4l1_2tpt",
        "decode_ms": 0.0,
        "decode_gib_s": 0.0,
        "applicable": false,
        "reason": "dictionary entry longer than 4 bytes"
      },
      {
        "kernel": "onpair_shmem_s4l1_4tpt",
        "decode_ms": 0.0,
        "decode_gib_s": 0.0,
        "applicable": false,
        "reason": "dictionary entry longer than 4 bytes"
      },
      {
        "kernel": "onpair_shmem_s4l1_8tpt",
        "decode_ms": 0.0,
        "decode_gib_s": 0.0,
        "applicable": false,
        "reason": "dictionary entry longer than 4 bytes"
      },
      {
        "kernel": "onpair_shmem_s4l1_16tpt",
        "decode_ms": 0.0,
        "decode_gib_s": 0.0,
        "applicable": false,
        "reason": "dictionary entry longer than 4 bytes"
      },
      {
        "kernel": "onpair_shmem_s4l1_32tpt",
        "decode_ms": 0.0,
        "decode_gib_s": 0.0,
        "applicable": false,
        "reason": "dictionary entry longer than 4 bytes"
      },
      {
        "kernel": "onpair_shmem_const1",
        "decode_ms": 0.0,
        "decode_gib_s": 0.0,
        "applicable": false,
        "reason": "not every dictionary entry is exactly 1 byte"
      },
      {
        "kernel": "onpair_shmem_const2",
        "decode_ms": 0.0,
        "decode_gib_s": 0.0,
        "applicable": false,
        "reason": "not every dictionary entry is exactly 2 bytes"
      }
    ]
  }
}
==PROF== Disconnected from process 17508
==PROF== Report: /home/ubuntu/work/ncu_costsurface_tpch-sf10_ps_comment_b12.ncu-rep
