==PROF== Connected to process 22775 (/home/ubuntu/work/target/release/onpair-chunk-bench)
2026-07-06T03:53:11.671557Z  INFO vortex_cuda: vortex-cuda/src/lib.rs:111: Registering CUDA kernels
==PROF== Profiling "onpair_shmem_4tpt": 0%....50%....100% - 49 passes
==PROF== Profiling "onpair_shmem_4tpt": 0%....50%....100% - 49 passes
==PROF== Profiling "onpair_shmem_4tpt": 0%....50%....100% - 49 passes
==PROF== Profiling "onpair_shmem_4tpt": 0%....50%....100% - 49 passes
==PROF== Profiling "onpair_shmem_4tpt": 0%....50%....100% - 50 passes
==PROF== Profiling "onpair_shmem_4tpt": 0%....50%....100% - 50 passes
==PROF== Profiling "onpair_shmem_4tpt": 0%....50%....100% - 49 passes
==PROF== Profiling "onpair_shmem_4tpt": 0%....50%....100% - 49 passes
==PROF== Profiling "onpair_shmem_4tpt": 0%....50%....100% - 49 passes
==PROF== Profiling "onpair_shmem_4tpt": 0%....50%....100% - 49 passes
==PROF== Profiling "onpair_shmem_4tpt": 0%....50%....100% - 49 passes
==PROF== Profiling "onpair_shmem_4tpt": 0%....50%....100% - 49 passes
==PROF== Profiling "onpair_shmem_4tpt": 0%....50%....100% - 49 passes
==PROF== Profiling "onpair_shmem_4tpt": 0%....50%....100% - 49 passes
==PROF== Profiling "onpair_shmem_4tpt": 0%....50%....100% - 49 passes
==PROF== Profiling "onpair_shmem_4tpt": 0%....50%....100% - 49 passes
{
  "files": [
    "/home/ubuntu/work/vortex-bench/data/onpair-bench/synthetic/url/bits16_chunk1000mb_thr0.20/part_0000.vortex"
  ],
  "column": "url",
  "rows": 10000000,
  "in_memory_bytes": 98396489,
  "dict_bytes": 4422,
  "gpu": {
    "iterations": 30,
    "decoded_bytes": 923569389,
    "chunks": 1,
    "auto_kernel": "onpair_shmem_4tpt",
    "frac_le8": 0.2290406,
    "dict_mean_len": 11.308054,
    "dict_max_len": 16,
    "dict_entries_max": 907,
    "small_dict": true,
    "distinct_codes": 182,
    "access_top4096_frac": 1.0,
    "compressed_bytes": 163352525,
    "h2d_gib_s": 4.409908199382004,
    "whole_decompress_gib_s": 23.967526373942796,
    "best_kernel": "onpair_shmem_4tpt_b64",
    "auto_decode_ms": 1.389568,
    "best_decode_ms": 1.215488,
    "validated": false,
    "auto_decode_gib_s": 618.9988695763896,
    "best_decode_gib_s": 707.6507717061169,
    "kernels": [
      {
        "kernel": "onpair_shmem",
        "decode_ms": 1.75104,
        "decode_gib_s": 491.2172315878132,
        "decode_ns_iters": [
          1762304,
          1759232,
          1759232,
          1774592,
          1772544,
          1758208,
          1755136,
          1753088,
          1759232,
          1754112,
          1753088,
          1751040,
          1753088,
          1754112,
          1755136,
          1756160,
          1775616,
          1771520,
          1758208,
          1754112,
          1773568,
          1757184,
          1753088,
          1755136,
          1752064,
          1754112,
          1753088,
          1751040,
          1754112,
          1756160
        ],
        "applicable": true
      },
      {
        "kernel": "onpair_shmem_2tpt",
        "decode_ms": 1.632256,
        "decode_gib_s": 526.9645332591973,
        "decode_ns_iters": [
          1636352,
          1640448,
          1635328,
          1635328,
          1632256,
          1632256,
          1636352,
          1697792,
          1646592,
          1646592,
          1637376,
          1636352,
          1672192,
          1643520,
          1637376,
          1636352,
          1635328,
          1647616,
          1636352,
          1637376,
          1636352,
          1633280,
          1634304,
          1634304,
          1635328,
          1646592,
          1634304,
          1637376,
          1652736,
          1638400
        ],
        "applicable": true
      },
      {
        "kernel": "onpair_shmem_4tpt",
        "decode_ms": 1.389568,
        "decode_gib_s": 618.9988695763896,
        "decode_ns_iters": [
          3603222370,
          3614710808,
          3701797962,
          3719893932,
          3626288176,
          3629216909,
          3604223013,
          3601183891,
          3608912945,
          3612704754,
          3619510174,
          3591940165,
          3615797281,
          3614059687,
          1475584,
          1409024,
          1414144,
          1395712,
          1395712,
          1392640,
          1395712,
          1391616,
          1390592,
          1409024,
          1392640,
          1398784,
          1389568,
          1396736,
          1391616,
          1390592
        ],
        "applicable": true
      },
      {
        "kernel": "onpair_shmem_4tpt_wpb8",
        "decode_ms": 1.398784,
        "decode_gib_s": 614.9205461311572,
        "decode_ns_iters": [
          1403904,
          1410048,
          1423360,
          1423360,
          1404928,
          1402880,
          1402880,
          1400832,
          1402880,
          1401856,
          1418240,
          1404928,
          1414144,
          1411072,
          1421312,
          1419264,
          1403904,
          1400832,
          1400832,
          1410048,
          1405952,
          1417216,
          1401856,
          1398784,
          1399808,
          1400832,
          1399808,
          1399808,
          1418240,
          1399808
        ],
        "applicable": true
      },
      {
        "kernel": "onpair_shmem_4tpt_wpb8_occ",
        "decode_ms": 1.31584,
        "decode_gib_s": 653.6820747199694,
        "decode_ns_iters": [
          1317888,
          1316864,
          1317888,
          1318912,
          1320960,
          1317888,
          1341440,
          1319936,
          1319936,
          1319936,
          1320960,
          1316864,
          1315840,
          1317888,
          1335296,
          1323008,
          1317888,
          1317888,
          1320960,
          1317888,
          1317888,
          1323008,
          1318912,
          1318912,
          1316864,
          1316864,
          1325056,
          1321984,
          1328128,
          1339392
        ],
        "applicable": true
      },
      {
        "kernel": "onpair_shmem_4tpt_b128",
        "decode_ms": 1.29536,
        "decode_gib_s": 664.016969181945,
        "decode_ns_iters": [
          1300480,
          1296384,
          1299456,
          1297408,
          1317888,
          1318912,
          1308672,
          1298432,
          1311744,
          1299456,
          1300480,
          1310720,
          1313792,
          1298432,
          1316864,
          1302528,
          1297408,
          1298432,
          1297408,
          1297408,
          1296384,
          1295360,
          1296384,
          1298432,
          1296384,
          1297408,
          1301504,
          1311744,
          1298432,
          1296384
        ],
        "applicable": true
      },
      {
        "kernel": "onpair_shmem_4tpt_o6",
        "decode_ms": 1.24928,
        "decode_gib_s": 688.5093983730825,
        "decode_ns_iters": [
          1255424,
          1251328,
          1250304,
          1260544,
          1253376,
          1249280,
          1251328,
          1253376,
          1251328,
          1249280,
          1268736,
          1264640,
          1251328,
          1272832,
          1253376,
          1254400,
          1268736,
          1284096,
          1271808,
          1272832,
          1253376,
          1254400,
          1252352,
          1251328,
          1253376,
          1249280,
          1249280,
          1266688,
          1263616,
          1276928
        ],
        "applicable": true
      },
      {
        "kernel": "onpair_shmem_4tpt_b512o3",
        "decode_ms": 1.231872,
        "decode_gib_s": 698.2389576185873,
        "decode_ns_iters": [
          1254400,
          1245184,
          1242112,
          1243136,
          1249280,
          1241088,
          1241088,
          1269760,
          1242112,
          1256448,
          1241088,
          1238016,
          1238016,
          1233920,
          1250304,
          1250304,
          1252352,
          1240064,
          1240064,
          1276928,
          1252352,
          1254400,
          1238016,
          1233920,
          1236992,
          1233920,
          1257472,
          1233920,
          1231872,
          1242112
        ],
        "applicable": true
      },
      {
        "kernel": "onpair_shmem_4tpt_b128o12",
        "decode_ms": 1.240064,
        "decode_gib_s": 693.6263138027749,
        "decode_ns_iters": [
          1263616,
          1244160,
          1243136,
          1241088,
          1241088,
          1264640,
          1243136,
          1242112,
          1242112,
          1241088,
          1261568,
          1242112,
          1243136,
          1262592,
          1244160,
          1245184,
          1241088,
          1257472,
          1246208,
          1242112,
          1241088,
          1242112,
          1271808,
          1251328,
          1245184,
          1245184,
          1242112,
          1244160,
          1242112,
          1240064
        ],
        "applicable": true
      },
      {
        "kernel": "onpair_shmem_4tpt_b64",
        "decode_ms": 1.215488,
        "decode_gib_s": 707.6507717061169,
        "decode_ns_iters": [
          1224704,
          1230848,
          1219584,
          1216512,
          1221632,
          1226752,
          1227776,
          1220608,
          1217536,
          1218560,
          1216512,
          1235968,
          1217536,
          1221632,
          1218560,
          1216512,
          1216512,
          1217536,
          1216512,
          1217536,
          1219584,
          1215488,
          1232896,
          1219584,
          1242112,
          1216512,
          1217536,
          1218560,
          1215488,
          1215488
        ],
        "applicable": true
      },
      {
        "kernel": "onpair_shmem_4tpt_b64o24",
        "decode_ms": 1.242112,
        "decode_gib_s": 692.482659534345,
        "decode_ns_iters": [
          1245184,
          1245184,
          1245184,
          1244160,
          1244160,
          1247232,
          1248256,
          1244160,
          1242112,
          1245184,
          1244160,
          1242112,
          1244160,
          1263616,
          1248256,
          1254400,
          1261568,
          1246208,
          1246208,
          1245184,
          1287168,
          1246208,
          1246208,
          1243136,
          1242112,
          1262592,
          1242112,
          1242112,
          1247232,
          1254400
        ],
        "applicable": true
      },
      {
        "kernel": "onpair_shmem_4tpt_split8read_b128o12",
        "decode_ms": 1.301504,
        "decode_gib_s": 660.8823493431634,
        "decode_ns_iters": [
          1303552,
          1313792,
          1309696,
          1310720,
          1301504,
          1302528,
          1301504,
          1314816,
          1302528,
          1304576,
          1302528,
          1310720,
          1307648,
          1302528,
          1301504,
          1323008,
          1342464,
          1325056,
          1308672,
          1340416,
          1327104,
          1308672,
          1310720,
          1315840,
          1303552,
          1301504,
          1321984,
          1325056,
          1306624,
          1304576
        ],
        "applicable": true
      },
      {
        "kernel": "onpair_shmem_4tpt_split8read_occ",
        "decode_ms": 1.272832,
        "decode_gib_s": 675.7694819108291,
        "decode_ns_iters": [
          1281024,
          1276928,
          1292288,
          1280000,
          1290240,
          1274880,
          1276928,
          1293312,
          1288192,
          1292288,
          1277952,
          1274880,
          1273856,
          1272832,
          1274880,
          1298432,
          1295360,
          1287168,
          1282048,
          1280000,
          1275904,
          1295360,
          1275904,
          1293312,
          1278976,
          1276928,
          1294336,
          1300480,
          1305600,
          1281024
        ],
        "applicable": true
      },
      {
        "kernel": "onpair_shmem_4tpt_split8",
        "decode_ms": 1.370112,
        "decode_gib_s": 627.7888385763532,
        "decode_ns_iters": [
          1375232,
          1382400,
          1394688,
          1374208,
          1373184,
          1370112,
          1385472,
          1388544,
          1374208,
          1377280,
          1376256,
          1391616,
          1374208,
          1372160,
          1373184,
          1371136,
          1371136,
          1373184,
          1370112,
          1371136,
          1376256,
          1384448,
          1393664,
          1379328,
          1378304,
          1371136,
          1372160,
          1376256,
          1376256,
          1376256
        ],
        "applicable": true
      },
      {
        "kernel": "onpair_shmem_4tpt_split8_wpb8",
        "decode_ms": 1.427456,
        "decode_gib_s": 602.5692008717076,
        "decode_ns_iters": [
          1440768,
          1430528,
          1431552,
          1442816,
          1433600,
          1429504,
          1431552,
          1431552,
          1469440,
          1442816,
          1431552,
          1428480,
          1428480,
          1445888,
          1429504,
          1451008,
          1433600,
          1428480,
          1434624,
          1455104,
          1436672,
          1438720,
          1431552,
          1430528,
          1429504,
          1434624,
          1436672,
          1428480,
          1428480,
          1427456
        ],
        "applicable": true
      },
      {
        "kernel": "onpair_shmem_4tpt_split8_wpb8_occ",
        "decode_ms": 1.347584,
        "decode_gib_s": 638.2837887653196,
        "decode_ns_iters": [
          1350656,
          1350656,
          1351680,
          1351680,
          1368064,
          1353728,
          1363968,
          1348608,
          1348608,
          1347584,
          1347584,
          1348608,
          1347584,
          1353728,
          1353728,
          1349632,
          1354752,
          1347584,
          1351680,
          1349632,
          1352704,
          1350656,
          1351680,
          1350656,
          1375232,
          1393664,
          1382400,
          1361920,
          1352704,
          1350656
        ],
        "applicable": true
      },
      {
        "kernel": "onpair_shmem_4tpt_pdict",
        "decode_ms": 1.490944,
        "decode_gib_s": 576.910347537885,
        "decode_ns_iters": [
          1498112,
          1500160,
          1511424,
          1496064,
          1500160,
          1496064,
          1494016,
          1495040,
          1496064,
          1496064,
          1490944,
          1497088,
          1495040,
          1501184,
          1495040,
          1495040,
          1496064,
          1502208,
          1498112,
          1497088,
          1491968,
          1497088,
          1500160,
          1509376,
          1504256,
          1496064,
          1500160,
          1504256,
          1508352,
          1494016
        ],
        "applicable": true
      },
      {
        "kernel": "onpair_shmem_4tpt_vdict",
        "decode_ms": 2.271232,
        "decode_gib_s": 378.711211007737,
        "decode_ns_iters": [
          2294784,
          2301952,
          2290688,
          2283520,
          2272256,
          2298880,
          2318336,
          2288640,
          2292736,
          2274304,
          2277376,
          2296832,
          2280448,
          2280448,
          2285568,
          2284544,
          2294784,
          2284544,
          2279424,
          2308096,
          2300928,
          2288640,
          2271232,
          2300928,
          2291712,
          2282496,
          2284544,
          2294784,
          2281472,
          2311168
        ],
        "applicable": true
      },
      {
        "kernel": "onpair_shmem_4tpt_split8read",
        "decode_ms": 1.31584,
        "decode_gib_s": 653.6820747199694,
        "decode_ns_iters": [
          1326080,
          1321984,
          1320960,
          1317888,
          1317888,
          1319936,
          1318912,
          1317888,
          1316864,
          1315840,
          1317888,
          1320960,
          1317888,
          1316864,
          1321984,
          1330176,
          1323008,
          1319936,
          1319936,
          1319936,
          1321984,
          1323008,
          1321984,
          1323008,
          1320960,
          1319936,
          1323008,
          1317888,
          1319936,
          1317888
        ],
        "applicable": true
      },
      {
        "kernel": "onpair_shmem_4tpt_ldcs",
        "decode_ms": 1.308672,
        "decode_gib_s": 657.2624929696092,
        "decode_ns_iters": [
          1316864,
          1319936,
          1341440,
          1334272,
          1331200,
          1324032,
          1314816,
          1318912,
          1312768,
          1309696,
          1312768,
          1310720,
          1308672,
          1310720,
          1325056,
          1317888,
          1324032,
          1313792,
          1311744,
          1312768,
          1316864,
          1326080,
          1321984,
          1320960,
          1312768,
          1310720,
          1314816,
          1320960,
          1315840,
          1312768
        ],
        "applicable": true
      },
      {
        "kernel": "onpair_shmem_4tpt_lenbucket",
        "decode_ms": 0.0,
        "decode_gib_s": 0.0,
        "applicable": false,
        "reason": "length-bucket dict not built (set ONPAIR_DICT_REORDER=lenbucket)"
      },
      {
        "kernel": "onpair_shmem_4tpt_lenbucket_b128",
        "decode_ms": 0.0,
        "decode_gib_s": 0.0,
        "applicable": false,
        "reason": "length-bucket dict not built (set ONPAIR_DICT_REORDER=lenbucket)"
      },
      {
        "kernel": "onpair_shmem_4tpt_regcache",
        "decode_ms": 1.357824,
        "decode_gib_s": 633.4701855317953,
        "decode_ns_iters": [
          1364992,
          1358848,
          1372160,
          1359872,
          1360896,
          1371136,
          1363968,
          1368064,
          1357824,
          1358848,
          1357824,
          1359872,
          1361920,
          1398784,
          1371136,
          1382400,
          1400832,
          1364992,
          1363968,
          1359872,
          1359872,
          1364992,
          1361920,
          1378304,
          1362944,
          1366016,
          1369088,
          1381376,
          1361920,
          1373184
        ],
        "applicable": true
      },
      {
        "kernel": "onpair_shmem_4tpt_split4read",
        "decode_ms": 1.508352,
        "decode_gib_s": 570.2521833096813,
        "decode_ns_iters": [
          1511424,
          1512448,
          1508352,
          1518592,
          1512448,
          1533952,
          1509376,
          1524736,
          1532928,
          1511424,
          1511424,
          1512448,
          1514496,
          1521664,
          1531904,
          1513472,
          1510400,
          1513472,
          1520640,
          1523712,
          1513472,
          1511424,
          1561600,
          1515520,
          1510400,
          1509376,
          1509376,
          1523712,
          1509376,
          1510400
        ],
        "applicable": true
      },
      {
        "kernel": "onpair_shmem_4tpt_split4read_b128o12",
        "decode_ms": 1.480704,
        "decode_gib_s": 580.900045653638,
        "decode_ns_iters": [
          1501184,
          1487872,
          1495040,
          1485824,
          1486848,
          1482752,
          1482752,
          1481728,
          1480704,
          1492992,
          1484800,
          1498112,
          1495040,
          1483776,
          1489920,
          1483776,
          1480704,
          1492992,
          1484800,
          1490944,
          1482752,
          1495040,
          1484800,
          1481728,
          1483776,
          1480704,
          1484800,
          1494016,
          1481728,
          1480704
        ],
        "applicable": true
      },
      {
        "kernel": "onpair_shmem_4tpt_cluster_dsmem",
        "decode_ms": 0.0,
        "decode_gib_s": 0.0,
        "applicable": false,
        "reason": "thread-block clusters require sm_90+ (device cc 8.x)"
      },
      {
        "kernel": "onpair_shmem_8tpt",
        "decode_ms": 1.26976,
        "decode_gib_s": 677.4044080767424,
        "decode_ns_iters": [
          1275904,
          1274880,
          1291264,
          1272832,
          1274880,
          1273856,
          1271808,
          1274880,
          1271808,
          1271808,
          1269760,
          1291264,
          1271808,
          1270784,
          1276928,
          1271808,
          1269760,
          1270784,
          1271808,
          1272832,
          1297408,
          1273856,
          1270784,
          1273856,
          1271808,
          1269760,
          1269760,
          1272832,
          1270784,
          1290240
        ],
        "applicable": true
      },
      {
        "kernel": "onpair_shmem_8tpt_b128",
        "decode_ms": 1.275904,
        "decode_gib_s": 674.1424285835959,
        "decode_ns_iters": [
          1316864,
          1285120,
          1282048,
          1285120,
          1280000,
          1276928,
          1275904,
          1281024,
          1277952,
          1296384,
          1289216,
          1299456,
          1277952,
          1275904,
          1277952,
          1276928,
          1278976,
          1276928,
          1277952,
          1294336,
          1290240,
          1282048,
          1308672,
          1281024,
          1309696,
          1286144,
          1280000,
          1280000,
          1277952,
          1278976
        ],
        "applicable": true
      },
      {
        "kernel": "onpair_shmem_4tpt_vwidth",
        "decode_ms": 2.80064,
        "decode_gib_s": 307.1230223090166,
        "decode_ns_iters": [
          2803712,
          2811904,
          2803712,
          2807808,
          2813952,
          2806784,
          2810880,
          2801664,
          2802688,
          2800640,
          2800640,
          2800640,
          2800640,
          2809856,
          2800640,
          2803712,
          2802688,
          2805760,
          2804736,
          2817024,
          2814976,
          2821120,
          2831360,
          2828288,
          2821120,
          2822144,
          2830336,
          2822144,
          2827264,
          2830336
        ],
        "applicable": true
      },
      {
        "kernel": "onpair_shmem_4tpt_vwidth_b128",
        "decode_ms": 4.733952,
        "decode_gib_s": 181.69618559704963,
        "decode_ns_iters": [
          4747264,
          4743168,
          4747264,
          4733952,
          4746240,
          4745216,
          4766720,
          4756480,
          4751360,
          4749312,
          4744192,
          4751360,
          4745216,
          4741120,
          4734976,
          4744192,
          4755456,
          4757504,
          4751360,
          4750336,
          4757504,
          4749312,
          4747264,
          4745216,
          4744192,
          4738048,
          4743168,
          4745216,
          4746240,
          4736000
        ],
        "applicable": true
      },
      {
        "kernel": "onpair_shmem_4tpt_vwidth4",
        "decode_ms": 1.50016,
        "decode_gib_s": 573.366188406253,
        "decode_ns_iters": [
          1505280,
          1506304,
          1503232,
          1505280,
          1504256,
          1501184,
          1500160,
          1502208,
          1501184,
          1501184,
          1500160,
          1501184,
          1501184,
          1503232,
          1500160,
          1502208,
          1515520,
          1505280,
          1515520,
          1506304,
          1515520,
          1509376,
          1514496,
          1507328,
          1500160,
          1513472,
          1501184,
          1501184,
          1517568,
          1502208
        ],
        "applicable": true
      },
      {
        "kernel": "onpair_shmem_4tpt_vwidth4_b128",
        "decode_ms": 1.313792,
        "decode_gib_s": 654.7010647039443,
        "decode_ns_iters": [
          1317888,
          1321984,
          1325056,
          1315840,
          1314816,
          1314816,
          1315840,
          1313792,
          1316864,
          1316864,
          1316864,
          1316864,
          1315840,
          1317888,
          1316864,
          1317888,
          1313792,
          1315840,
          1315840,
          1320960,
          1314816,
          1334272,
          1315840,
          1330176,
          1314816,
          1333248,
          1316864,
          1334272,
          1316864,
          1329152
        ],
        "applicable": true
      },
      {
        "kernel": "onpair_shmem_4tpt_shdict8",
        "decode_ms": 1.869824,
        "decode_gib_s": 460.01175575857644,
        "decode_ns_iters": [
          1890304,
          1875968,
          1883136,
          1875968,
          1882112,
          1882112,
          1885184,
          1884160,
          1881088,
          1879040,
          1882112,
          1906688,
          1896448,
          1897472,
          1887232,
          1895424,
          1888256,
          1882112,
          1893376,
          1878016,
          1881088,
          1889280,
          1875968,
          1891328,
          1909760,
          1898496,
          1879040,
          1869824,
          1878016,
          1881088
        ],
        "applicable": true
      },
      {
        "kernel": "onpair_shmem_4tpt_ablate",
        "decode_ms": 1.240064,
        "decode_gib_s": 693.6263138027749,
        "decode_ns_iters": [
          1244160,
          1248256,
          1244160,
          1254400,
          1243136,
          1243136,
          1243136,
          1241088,
          1264640,
          1243136,
          1242112,
          1242112,
          1240064,
          1248256,
          1241088,
          1244160,
          1242112,
          1241088,
          1242112,
          1242112,
          1241088,
          1242112,
          1241088,
          1244160,
          1242112,
          1253376,
          1241088,
          1240064,
          1240064,
          1240064
        ],
        "applicable": true
      },
      {
        "kernel": "onpair_shmem_4tpt_ablate_nogather",
        "decode_ms": 1.04448,
        "decode_gib_s": 823.5112411913339,
        "decode_ns_iters": [
          1060864,
          1050624,
          1049600,
          1049600,
          1047552,
          1054720,
          1051648,
          1047552,
          1051648,
          1045504,
          1048576,
          1045504,
          1048576,
          1049600,
          1064960,
          1046528,
          1045504,
          1046528,
          1045504,
          1049600,
          1045504,
          1045504,
          1045504,
          1056768,
          1046528,
          1045504,
          1044480,
          1044480,
          1065984,
          1047552
        ],
        "applicable": true
      },
      {
        "kernel": "onpair_shmem_4tpt_ablate_noemit",
        "decode_ms": 1.005568,
        "decode_gib_s": 855.3782749645219,
        "decode_ns_iters": [
          1012736,
          1012736,
          1009664,
          1014784,
          1027072,
          1007616,
          1011712,
          1006592,
          1009664,
          1006592,
          1017856,
          1010688,
          1008640,
          1006592,
          1008640,
          1006592,
          1008640,
          1009664,
          1012736,
          1009664,
          1005568,
          1020928,
          1006592,
          1009664,
          1007616,
          1006592,
          1006592,
          1024000,
          1008640,
          1007616
        ],
        "applicable": true
      },
      {
        "kernel": "onpair_shmem_4tpt_ablate_nodrain",
        "decode_ms": 1.092608,
        "decode_gib_s": 787.2366129476668,
        "decode_ns_iters": [
          1098752,
          1097728,
          1097728,
          1095680,
          1093632,
          1094656,
          1100800,
          1111040,
          1107968,
          1119232,
          1098752,
          1093632,
          1093632,
          1097728,
          1096704,
          1092608,
          1101824,
          1098752,
          1096704,
          1095680,
          1108992,
          1096704,
          1100800,
          1096704,
          1101824,
          1094656,
          1093632,
          1095680,
          1108992,
          1100800
        ],
        "applicable": true
      },
      {
        "kernel": "onpair_shmem_4tpt_ablate_noscan",
        "decode_ms": 0.694272,
        "decode_gib_s": 1238.91071683652,
        "decode_ns_iters": [
          714752,
          720896,
          705536,
          706560,
          708608,
          708608,
          703488,
          703488,
          718848,
          700416,
          706560,
          700416,
          704512,
          709632,
          701440,
          698368,
          705536,
          698368,
          706560,
          694272,
          704512,
          710656,
          702464,
          705536,
          720896,
          701440,
          701440,
          713728,
          696320,
          704512
        ],
        "applicable": true
      },
      {
        "kernel": "onpair_shmem_4tpt_ablate_cfree",
        "decode_ms": 1.005568,
        "decode_gib_s": 855.3782749645219,
        "decode_ns_iters": [
          1024000,
          1016832,
          1008640,
          1014784,
          1009664,
          1005568,
          1007616,
          1012736,
          1009664,
          1012736,
          1009664,
          1027072,
          1009664,
          1007616,
          1008640,
          1021952,
          1009664,
          1007616,
          1010688,
          1014784,
          1009664,
          1006592,
          1021952,
          1011712,
          1008640,
          1006592,
          1016832,
          1022976,
          1022976,
          1009664
        ],
        "applicable": true
      },
      {
        "kernel": "onpair_shmem_s8",
        "decode_ms": 0.0,
        "decode_gib_s": 0.0,
        "applicable": false,
        "reason": "dictionary entry longer than 8 bytes"
      },
      {
        "kernel": "onpair_shmem_s8_2tpt",
        "decode_ms": 0.0,
        "decode_gib_s": 0.0,
        "applicable": false,
        "reason": "dictionary entry longer than 8 bytes"
      },
      {
        "kernel": "onpair_shmem_s8_4tpt",
        "decode_ms": 0.0,
        "decode_gib_s": 0.0,
        "applicable": false,
        "reason": "dictionary entry longer than 8 bytes"
      },
      {
        "kernel": "onpair_shmem_s8_8tpt",
        "decode_ms": 0.0,
        "decode_gib_s": 0.0,
        "applicable": false,
        "reason": "dictionary entry longer than 8 bytes"
      },
      {
        "kernel": "onpair_shmem_s4l1",
        "decode_ms": 0.0,
        "decode_gib_s": 0.0,
        "applicable": false,
        "reason": "dictionary entry longer than 4 bytes"
      },
      {
        "kernel": "onpair_shmem_s4l1_2tpt",
        "decode_ms": 0.0,
        "decode_gib_s": 0.0,
        "applicable": false,
        "reason": "dictionary entry longer than 4 bytes"
      },
      {
        "kernel": "onpair_shmem_s4l1_4tpt",
        "decode_ms": 0.0,
        "decode_gib_s": 0.0,
        "applicable": false,
        "reason": "dictionary entry longer than 4 bytes"
      },
      {
        "kernel": "onpair_shmem_s4l1_8tpt",
        "decode_ms": 0.0,
        "decode_gib_s": 0.0,
        "applicable": false,
        "reason": "dictionary entry longer than 4 bytes"
      },
      {
        "kernel": "onpair_shmem_s4l1_16tpt",
        "decode_ms": 0.0,
        "decode_gib_s": 0.0,
        "applicable": false,
        "reason": "dictionary entry longer than 4 bytes"
      },
      {
        "kernel": "onpair_shmem_s4l1_32tpt",
        "decode_ms": 0.0,
        "decode_gib_s": 0.0,
        "applicable": false,
        "reason": "dictionary entry longer than 4 bytes"
      },
      {
        "kernel": "onpair_shmem_const1",
        "decode_ms": 0.0,
        "decode_gib_s": 0.0,
        "applicable": false,
        "reason": "not every dictionary entry is exactly 1 byte"
      },
      {
        "kernel": "onpair_shmem_const2",
        "decode_ms": 0.0,
        "decode_gib_s": 0.0,
        "applicable": false,
        "reason": "not every dictionary entry is exactly 2 bytes"
      }
    ]
  }
}
==PROF== Disconnected from process 22775
==PROF== Report: /home/ubuntu/work/ncu_costsurface_synthetic_url_b16.ncu-rep
