==PROF== Connected to process 16460 (/home/ubuntu/work/target/release/onpair-chunk-bench)
2026-07-06T03:42:33.847608Z  INFO vortex_cuda: vortex-cuda/src/lib.rs:111: Registering CUDA kernels
==PROF== Profiling "onpair_shmem_4tpt": 0%....50%....100% - 49 passes
==PROF== Profiling "onpair_shmem_4tpt": 0%....50%....100% - 49 passes
==PROF== Profiling "onpair_shmem_4tpt": 0%....50%....100% - 49 passes
==PROF== Profiling "onpair_shmem_4tpt": 0%....50%....100% - 50 passes
==PROF== Profiling "onpair_shmem_4tpt": 0%....50%....100% - 49 passes
==PROF== Profiling "onpair_shmem_4tpt": 0%....50%....100% - 49 passes
==PROF== Profiling "onpair_shmem_4tpt": 0%....50%....100% - 50 passes
==PROF== Profiling "onpair_shmem_4tpt": 0%....50%....100% - 49 passes
==PROF== Profiling "onpair_shmem_4tpt": 0%....50%....100% - 49 passes
==PROF== Profiling "onpair_shmem_4tpt": 0%....50%....100% - 49 passes
==PROF== Profiling "onpair_shmem_4tpt": 0%....50%....100% - 49 passes
==PROF== Profiling "onpair_shmem_4tpt": 0%....50%....100% - 49 passes
==PROF== Profiling "onpair_shmem_4tpt": 0%....50%....100% - 50 passes
==PROF== Profiling "onpair_shmem_4tpt": 0%....50%....100% - 49 passes
==PROF== Profiling "onpair_shmem_4tpt": 0%....50%....100% - 50 passes
==PROF== Profiling "onpair_shmem_4tpt": 0%....50%....100% - 49 passes
{
  "files": [
    "/home/ubuntu/work/vortex-bench/data/onpair-bench/tpch-sf10/l_comment/bits16_chunk1000mb_thr0.20/part_0000.vortex"
  ],
  "column": "l_comment",
  "rows": 37734748,
  "in_memory_bytes": 238726136,
  "dict_bytes": 737315,
  "gpu": {
    "iterations": 30,
    "decoded_bytes": 999999977,
    "chunks": 1,
    "auto_kernel": "onpair_shmem_4tpt",
    "frac_le8": 0.33357078,
    "dict_mean_len": 10.445384,
    "dict_max_len": 16,
    "dict_entries_max": 65314,
    "small_dict": false,
    "distinct_codes": 65084,
    "access_top4096_frac": 0.4278849,
    "compressed_bytes": 192274783,
    "h2d_gib_s": 4.4356696647150935,
    "whole_decompress_gib_s": 21.746676528463862,
    "best_kernel": "onpair_shmem_4tpt_b128",
    "auto_decode_ms": 2.455552,
    "best_decode_ms": 2.393088,
    "validated": false,
    "auto_decode_gib_s": 379.27217717037115,
    "best_decode_gib_s": 389.1718788423406,
    "kernels": [
      {
        "kernel": "onpair_shmem",
        "decode_ms": 3.275776,
        "decode_gib_s": 284.3059333712254,
        "decode_ns_iters": [
          3290112,
          3287040,
          3290112,
          3281920,
          3280896,
          3290112,
          3284992,
          3280896,
          3288064,
          3281920,
          3297280,
          3288064,
          3297280,
          3284992,
          3280896,
          3278848,
          3279872,
          3275776,
          3277824,
          3292160,
          3280896,
          3282944,
          3281920,
          3297280,
          3278848,
          3304448,
          3278848,
          3284992,
          3293184,
          3280896
        ],
        "applicable": true
      },
      {
        "kernel": "onpair_shmem_2tpt",
        "decode_ms": 2.51392,
        "decode_gib_s": 370.46626511386967,
        "decode_ns_iters": [
          3194880,
          3202048,
          3189760,
          3185664,
          3186688,
          3185664,
          3186688,
          3188736,
          3185664,
          3203072,
          3187712,
          3182592,
          3192832,
          3189760,
          3184640,
          3184640,
          3186688,
          3184640,
          3185664,
          3185664,
          3184640,
          3188736,
          3182592,
          3205120,
          3187712,
          3188736,
          2964480,
          2513920,
          2520064,
          2515968
        ],
        "applicable": true
      },
      {
        "kernel": "onpair_shmem_4tpt",
        "decode_ms": 2.455552,
        "decode_gib_s": 379.27217717037115,
        "decode_ns_iters": [
          3783088207,
          3897062540,
          3793542147,
          3782594442,
          3895248890,
          3793558598,
          3795473337,
          3775472641,
          3780689955,
          3807519674,
          3896264553,
          3801142216,
          3886565447,
          3771709442,
          2541568,
          2483200,
          2485248,
          2477056,
          2473984,
          2495488,
          2531328,
          2472960,
          2456576,
          2495488,
          2461696,
          2455552,
          2468864,
          2458624,
          2458624,
          2455552
        ],
        "applicable": true
      },
      {
        "kernel": "onpair_shmem_4tpt_wpb8",
        "decode_ms": 3.688448,
        "decode_gib_s": 252.49713516228488,
        "decode_ns_iters": [
          3728384,
          3695616,
          3695616,
          3697664,
          3699712,
          3695616,
          3697664,
          3713024,
          3724288,
          3721216,
          3699712,
          3695616,
          3698688,
          3721216,
          3716096,
          3707904,
          3715072,
          3717120,
          3731456,
          3732480,
          3698688,
          3694592,
          3696640,
          3688448,
          3713024,
          3697664,
          3710976,
          3735552,
          3716096,
          3696640
        ],
        "applicable": true
      },
      {
        "kernel": "onpair_shmem_4tpt_wpb8_occ",
        "decode_ms": 2.439168,
        "decode_gib_s": 381.8197652621957,
        "decode_ns_iters": [
          2443264,
          2457600,
          2445312,
          2442240,
          2444288,
          2444288,
          2439168,
          2481152,
          2450432,
          2449408,
          2456576,
          2451456,
          2448384,
          2453504,
          2448384,
          2447360,
          2454528,
          2443264,
          2442240,
          2444288,
          2446336,
          2443264,
          2441216,
          2467840,
          2441216,
          2456576,
          2445312,
          2455552,
          2446336,
          2442240
        ],
        "applicable": true
      },
      {
        "kernel": "onpair_shmem_4tpt_b128",
        "decode_ms": 2.393088,
        "decode_gib_s": 389.1718788423406,
        "decode_ns_iters": [
          2416640,
          2428928,
          2432000,
          2433024,
          2415616,
          2414592,
          2417664,
          2424832,
          2433024,
          2413568,
          2412544,
          2410496,
          2412544,
          2410496,
          2411520,
          2425856,
          2434048,
          2420736,
          2437120,
          2437120,
          2418688,
          2414592,
          2437120,
          2436096,
          2424832,
          2416640,
          2453504,
          2412544,
          2416640,
          2393088
        ],
        "applicable": true
      },
      {
        "kernel": "onpair_shmem_4tpt_o6",
        "decode_ms": 2.768896,
        "decode_gib_s": 336.35158315626853,
        "decode_ns_iters": [
          2768896,
          2781184,
          2813952,
          2804736,
          2822144,
          2821120,
          2799616,
          2816000,
          2795520,
          2804736,
          2806784,
          2818048,
          2823168,
          2811904,
          2831360,
          2809856,
          2807808,
          2830336,
          2835456,
          2828288,
          2824192,
          2826240,
          2823168,
          2822144,
          2810880,
          2827264,
          2814976,
          2809856,
          2804736,
          2804736
        ],
        "applicable": true
      },
      {
        "kernel": "onpair_shmem_4tpt_b512o3",
        "decode_ms": 2.824192,
        "decode_gib_s": 329.76601916408634,
        "decode_ns_iters": [
          2856960,
          2840576,
          2839552,
          2837504,
          2847744,
          2837504,
          2844672,
          2838528,
          2834432,
          2872320,
          2854912,
          2835456,
          2838528,
          2841600,
          2832384,
          2844672,
          2829312,
          2827264,
          2838528,
          2827264,
          2828288,
          2841600,
          2840576,
          2869248,
          2839552,
          2833408,
          2826240,
          2828288,
          2833408,
          2824192
        ],
        "applicable": true
      },
      {
        "kernel": "onpair_shmem_4tpt_b128o12",
        "decode_ms": 2.845696,
        "decode_gib_s": 327.27408451045346,
        "decode_ns_iters": [
          2855936,
          2850816,
          2862080,
          2873344,
          2869248,
          2868224,
          2861056,
          2855936,
          2849792,
          2848768,
          2847744,
          2860032,
          2848768,
          2847744,
          2855936,
          2852864,
          2863104,
          2849792,
          2848768,
          2852864,
          2847744,
          2848768,
          2847744,
          2845696,
          2868224,
          2848768,
          2849792,
          2848768,
          2856960,
          2849792
        ],
        "applicable": true
      },
      {
        "kernel": "onpair_shmem_4tpt_b64",
        "decode_ms": 2.412544,
        "decode_gib_s": 386.0333959484508,
        "decode_ns_iters": [
          2420736,
          2417664,
          2415616,
          2417664,
          2437120,
          2414592,
          2414592,
          2421760,
          2414592,
          2424832,
          2429952,
          2417664,
          2414592,
          2412544,
          2439168,
          2416640,
          2414592,
          2421760,
          2415616,
          2442240,
          2432000,
          2421760,
          2417664,
          2414592,
          2415616,
          2416640,
          2416640,
          2414592,
          2414592,
          2438144
        ],
        "applicable": true
      },
      {
        "kernel": "onpair_shmem_4tpt_b64o24",
        "decode_ms": 2.845696,
        "decode_gib_s": 327.27408451045346,
        "decode_ns_iters": [
          2853888,
          2847744,
          2857984,
          2850816,
          2849792,
          2847744,
          2848768,
          2846720,
          2845696,
          2847744,
          2848768,
          2852864,
          2847744,
          2846720,
          2856960,
          2850816,
          2855936,
          2853888,
          2851840,
          2848768,
          2853888,
          2848768,
          2866176,
          2859008,
          2849792,
          2850816,
          2851840,
          2859008,
          2853888,
          2849792
        ],
        "applicable": true
      },
      {
        "kernel": "onpair_shmem_4tpt_split8read_b128o12",
        "decode_ms": 3.472384,
        "decode_gib_s": 268.208398954453,
        "decode_ns_iters": [
          3480576,
          3478528,
          3493888,
          3499008,
          3483648,
          3481600,
          3493888,
          3479552,
          3476480,
          3473408,
          3481600,
          3476480,
          3489792,
          3483648,
          3479552,
          3477504,
          3476480,
          3481600,
          3491840,
          3487744,
          3486720,
          3472384,
          3477504,
          3473408,
          3474432,
          3495936,
          3482624,
          3481600,
          3478528,
          3481600
        ],
        "applicable": true
      },
      {
        "kernel": "onpair_shmem_4tpt_split8read_occ",
        "decode_ms": 2.965504,
        "decode_gib_s": 314.05203068181976,
        "decode_ns_iters": [
          2968576,
          2990080,
          2967552,
          2969600,
          2970624,
          2965504,
          2974720,
          2981888,
          2982912,
          2970624,
          2970624,
          2970624,
          2965504,
          2965504,
          3002368,
          2973696,
          2980864,
          2966528,
          2965504,
          2984960,
          2970624,
          2966528,
          2966528,
          2965504,
          2990080,
          2971648,
          2977792,
          2966528,
          2973696,
          2966528
        ],
        "applicable": true
      },
      {
        "kernel": "onpair_shmem_4tpt_split8",
        "decode_ms": 2.499584,
        "decode_gib_s": 372.5910204238222,
        "decode_ns_iters": [
          2510848,
          2502656,
          2503680,
          2506752,
          2513920,
          2503680,
          2506752,
          2508800,
          2502656,
          2516992,
          2515968,
          2504704,
          2514944,
          2501632,
          2501632,
          2531328,
          2511872,
          2502656,
          2509824,
          2516992,
          2510848,
          2504704,
          2501632,
          2503680,
          2500608,
          2501632,
          2499584,
          2501632,
          2520064,
          2504704
        ],
        "applicable": true
      },
      {
        "kernel": "onpair_shmem_4tpt_split8_wpb8",
        "decode_ms": 3.497984,
        "decode_gib_s": 266.2455154726435,
        "decode_ns_iters": [
          3511296,
          3521536,
          3499008,
          3499008,
          3518464,
          3500032,
          3499008,
          3518464,
          3502080,
          3515392,
          3512320,
          3504128,
          3502080,
          3505152,
          3505152,
          3514368,
          3501056,
          3509248,
          3503104,
          3497984,
          3519488,
          3499008,
          3501056,
          3514368,
          3507200,
          3499008,
          3527680,
          3505152,
          3500032,
          3503104
        ],
        "applicable": true
      },
      {
        "kernel": "onpair_shmem_4tpt_split8_wpb8_occ",
        "decode_ms": 2.494464,
        "decode_gib_s": 373.35578031795984,
        "decode_ns_iters": [
          2500608,
          2496512,
          2497536,
          2500608,
          2498560,
          2498560,
          2495488,
          2498560,
          2512896,
          2499584,
          2497536,
          2499584,
          2519040,
          2506752,
          2513920,
          2522112,
          2508800,
          2498560,
          2507776,
          2496512,
          2495488,
          2495488,
          2500608,
          2496512,
          2496512,
          2494464,
          2504704,
          2498560,
          2498560,
          2495488
        ],
        "applicable": true
      },
      {
        "kernel": "onpair_shmem_4tpt_pdict",
        "decode_ms": 0.0,
        "decode_gib_s": 0.0,
        "applicable": false,
        "reason": "padded dict needs 1126992 B shared, over 102400 B cap"
      },
      {
        "kernel": "onpair_shmem_4tpt_vdict",
        "decode_ms": 0.0,
        "decode_gib_s": 0.0,
        "applicable": false,
        "reason": "packed dict needs 753984 B shared, over 102400 B cap"
      },
      {
        "kernel": "onpair_shmem_4tpt_split8read",
        "decode_ms": 2.90304,
        "decode_gib_s": 320.8094112361729,
        "decode_ns_iters": [
          2917376,
          2913280,
          2908160,
          2909184,
          2906112,
          2906112,
          2905088,
          2903040,
          2909184,
          2906112,
          2906112,
          2929664,
          2908160,
          2906112,
          2903040,
          2905088,
          2904064,
          2911232,
          2906112,
          2910208,
          2909184,
          2907136,
          2918400,
          2910208,
          2907136,
          2904064,
          2908160,
          2918400,
          2906112,
          2904064
        ],
        "applicable": true
      },
      {
        "kernel": "onpair_shmem_4tpt_ldcs",
        "decode_ms": 2.444288,
        "decode_gib_s": 381.0199752218476,
        "decode_ns_iters": [
          2450432,
          2449408,
          2463744,
          2448384,
          2447360,
          2450432,
          2444288,
          2458624,
          2446336,
          2445312,
          2469888,
          2449408,
          2445312,
          2456576,
          2449408,
          2459648,
          2447360,
          2446336,
          2458624,
          2446336,
          2451456,
          2445312,
          2496512,
          2466816,
          2460672,
          2465792,
          2454528,
          2448384,
          2453504,
          2473984
        ],
        "applicable": true
      },
      {
        "kernel": "onpair_shmem_4tpt_lenbucket",
        "decode_ms": 0.0,
        "decode_gib_s": 0.0,
        "applicable": false,
        "reason": "length-bucket dict not built (set ONPAIR_DICT_REORDER=lenbucket)"
      },
      {
        "kernel": "onpair_shmem_4tpt_lenbucket_b128",
        "decode_ms": 0.0,
        "decode_gib_s": 0.0,
        "applicable": false,
        "reason": "length-bucket dict not built (set ONPAIR_DICT_REORDER=lenbucket)"
      },
      {
        "kernel": "onpair_shmem_4tpt_regcache",
        "decode_ms": 2.499584,
        "decode_gib_s": 372.5910204238222,
        "decode_ns_iters": [
          2523136,
          2505728,
          2499584,
          2502656,
          2499584,
          2510848,
          2500608,
          2500608,
          2514944,
          2502656,
          2499584,
          2505728,
          2502656,
          2505728,
          2500608,
          2519040,
          2499584,
          2499584,
          2510848,
          2515968,
          2501632,
          2523136,
          2500608,
          2501632,
          2506752,
          2509824,
          2502656,
          2501632,
          2507776,
          2506752
        ],
        "applicable": true
      },
      {
        "kernel": "onpair_shmem_4tpt_split4read",
        "decode_ms": 3.300352,
        "decode_gib_s": 282.1888553690816,
        "decode_ns_iters": [
          3304448,
          3300352,
          3305472,
          3313664,
          3307520,
          3304448,
          3302400,
          3312640,
          3305472,
          3305472,
          3301376,
          3304448,
          3306496,
          3305472,
          3304448,
          3306496,
          3300352,
          3308544,
          3309568,
          3309568,
          3301376,
          3313664,
          3301376,
          3311616,
          3306496,
          3317760,
          3305472,
          3310592,
          3306496,
          3313664
        ],
        "applicable": true
      },
      {
        "kernel": "onpair_shmem_4tpt_split4read_b128o12",
        "decode_ms": 4.027392,
        "decode_gib_s": 231.24705844255027,
        "decode_ns_iters": [
          4052992,
          4033536,
          4036608,
          4043776,
          4034560,
          4028416,
          4051968,
          4033536,
          4038656,
          4034560,
          4028416,
          4032512,
          4038656,
          4033536,
          4040704,
          4052992,
          4035584,
          4038656,
          4031488,
          4041728,
          4034560,
          4029440,
          4027392,
          4034560,
          4039680,
          4031488,
          4033536,
          4029440,
          4033536,
          4030464
        ],
        "applicable": true
      },
      {
        "kernel": "onpair_shmem_4tpt_cluster_dsmem",
        "decode_ms": 0.0,
        "decode_gib_s": 0.0,
        "applicable": false,
        "reason": "thread-block clusters require sm_90+ (device cc 8.x)"
      },
      {
        "kernel": "onpair_shmem_8tpt",
        "decode_ms": 4.081664,
        "decode_gib_s": 228.1722731697316,
        "decode_ns_iters": [
          4094976,
          4115456,
          4081664,
          4105216,
          4088832,
          4105216,
          4103168,
          4101120,
          4097024,
          4102144,
          4106240,
          4091904,
          4112384,
          4085760,
          4091904,
          4100096,
          4093952,
          4087808,
          4086784,
          4104192,
          4085760,
          4089856,
          4091904,
          4086784,
          4094976,
          4092928,
          4114432,
          4094976,
          4090880,
          4094976
        ],
        "applicable": true
      },
      {
        "kernel": "onpair_shmem_8tpt_b128",
        "decode_ms": 4.1472,
        "decode_gib_s": 224.566587865321,
        "decode_ns_iters": [
          4159488,
          4152320,
          4159488,
          4154368,
          4150272,
          4148224,
          4165632,
          4152320,
          4167680,
          4153344,
          4147200,
          4174848,
          4156416,
          4153344,
          4150272,
          4151296,
          4147200,
          4163584,
          4159488,
          4159488,
          4150272,
          4152320,
          4156416,
          4147200,
          4149248,
          4149248,
          4151296,
          4147200,
          4147200,
          4158464
        ],
        "applicable": true
      },
      {
        "kernel": "onpair_shmem_4tpt_vwidth",
        "decode_ms": 7.959552,
        "decode_gib_s": 117.0069060664544,
        "decode_ns_iters": [
          7962624,
          7961600,
          7960576,
          7960576,
          7994368,
          7963648,
          7980032,
          7967744,
          7961600,
          7973888,
          7992320,
          7963648,
          7968768,
          7967744,
          7959552,
          7971840,
          7974912,
          7974912,
          7967744,
          7969792,
          7964673,
          7963648,
          7970816,
          7982080,
          7967744,
          7970816,
          7964673,
          7971840,
          7974912,
          7964673
        ],
        "applicable": true
      },
      {
        "kernel": "onpair_shmem_4tpt_vwidth_b128",
        "decode_ms": 10.715135,
        "decode_gib_s": 86.91654871311087,
        "decode_ns_iters": [
          10739712,
          10739712,
          10734593,
          10738689,
          10732544,
          10723327,
          10742784,
          10752000,
          10752000,
          10730497,
          10748928,
          10736640,
          10725376,
          10725376,
          10728448,
          10736640,
          10715135,
          10731520,
          10732544,
          10732544,
          10755071,
          10720256,
          10727423,
          10726401,
          10733568,
          10719231,
          10723327,
          10731520,
          10734593,
          10739712
        ],
        "applicable": true
      },
      {
        "kernel": "onpair_shmem_4tpt_vwidth4",
        "decode_ms": 2.971648,
        "decode_gib_s": 313.40271566318063,
        "decode_ns_iters": [
          2980864,
          2978816,
          2972672,
          2974720,
          2972672,
          2977792,
          2983936,
          2974720,
          2974720,
          2977792,
          2972672,
          2974720,
          2985984,
          2980864,
          2980864,
          2977792,
          2975744,
          2974720,
          2971648,
          2978816,
          2973696,
          2975744,
          2973696,
          2973696,
          2992128,
          2989056,
          2981888,
          2973696,
          2971648,
          2972672
        ],
        "applicable": true
      },
      {
        "kernel": "onpair_shmem_4tpt_vwidth4_b128",
        "decode_ms": 3.31776,
        "decode_gib_s": 280.7082348316513,
        "decode_ns_iters": [
          3324928,
          3336192,
          3322880,
          3337216,
          3328000,
          3340288,
          3323904,
          3350528,
          3320832,
          3349504,
          3320832,
          3337216,
          3330048,
          3340288,
          3322880,
          3348480,
          3322880,
          3330048,
          3320832,
          3341312,
          3322880,
          3336192,
          3322880,
          3330048,
          3320832,
          3328000,
          3321856,
          3322880,
          3317760,
          3322880
        ],
        "applicable": true
      },
      {
        "kernel": "onpair_shmem_4tpt_shdict8",
        "decode_ms": 0.0,
        "decode_gib_s": 0.0,
        "applicable": false,
        "reason": "dict_s8 + staging needs 604480 B shared, over 229376 B cap"
      },
      {
        "kernel": "onpair_shmem_4tpt_ablate",
        "decode_ms": 2.843648,
        "decode_gib_s": 327.50978784823553,
        "decode_ns_iters": [
          2849792,
          2850816,
          2851840,
          2849792,
          2844672,
          2843648,
          2853888,
          2850816,
          2847744,
          2845696,
          2860032,
          2855936,
          2847744,
          2849792,
          2849792,
          2844672,
          2844672,
          2847744,
          2844672,
          2846720,
          2845696,
          2853888,
          2849792,
          2847744,
          2847744,
          2845696,
          2845696,
          2850816,
          2843648,
          2844672
        ],
        "applicable": true
      },
      {
        "kernel": "onpair_shmem_4tpt_ablate_nogather",
        "decode_ms": 1.527808,
        "decode_gib_s": 609.5808852912534,
        "decode_ns_iters": [
          1633280,
          1547264,
          1541120,
          1553408,
          1569792,
          1539072,
          1539072,
          1534976,
          1530880,
          1531904,
          1532928,
          1545216,
          1531904,
          1529856,
          1536000,
          1530880,
          1529856,
          1529856,
          1527808,
          1530880,
          1538048,
          1549312,
          1532928,
          1528832,
          1532928,
          1530880,
          1528832,
          1529856,
          1528832,
          1530880
        ],
        "applicable": true
      },
      {
        "kernel": "onpair_shmem_4tpt_ablate_noemit",
        "decode_ms": 1.186816,
        "decode_gib_s": 784.7236245509491,
        "decode_ns_iters": [
          1195008,
          1191936,
          1189888,
          1190912,
          1203200,
          1190912,
          1186816,
          1203200,
          1196032,
          1199104,
          1192960,
          1196032,
          1189888,
          1190912,
          1188864,
          1205248,
          1192960,
          1191936,
          1198080,
          1193984,
          1188864,
          1188864,
          1191936,
          1189888,
          1189888,
          1188864,
          1199104,
          1189888,
          1191936,
          1213440
        ],
        "applicable": true
      },
      {
        "kernel": "onpair_shmem_4tpt_ablate_nodrain",
        "decode_ms": 2.550784,
        "decode_gib_s": 365.11227653735455,
        "decode_ns_iters": [
          2555904,
          2560000,
          2560000,
          2555904,
          2553856,
          2562048,
          2554880,
          2554880,
          2552832,
          2571264,
          2551808,
          2552832,
          2570240,
          2557952,
          2569216,
          2555904,
          2555904,
          2554880,
          2553856,
          2555904,
          2572288,
          2554880,
          2553856,
          2550784,
          2561024,
          2553856,
          2556928,
          2556928,
          2551808,
          2552832
        ],
        "applicable": true
      },
      {
        "kernel": "onpair_shmem_4tpt_ablate_noscan",
        "decode_ms": 3.633152,
        "decode_gib_s": 256.3401017064685,
        "decode_ns_iters": [
          3637248,
          3639296,
          3661824,
          3637248,
          3641344,
          3642368,
          3636224,
          3634176,
          3633152,
          3638272,
          3639296,
          3645440,
          3635200,
          3649536,
          3634176,
          3633152,
          3634176,
          3641344,
          3662848,
          3638272,
          3648512,
          3643392,
          3636224,
          3641344,
          3634176,
          3638272,
          3636224,
          3645440,
          3640320,
          3657728
        ],
        "applicable": true
      },
      {
        "kernel": "onpair_shmem_4tpt_ablate_cfree",
        "decode_ms": 2.828288,
        "decode_gib_s": 329.2884434665279,
        "decode_ns_iters": [
          2836480,
          2835456,
          2837504,
          2834432,
          2833408,
          2835456,
          2832384,
          2840576,
          2835456,
          2835456,
          2831360,
          2833408,
          2833408,
          2833408,
          2833408,
          2832384,
          2832384,
          2831360,
          2843648,
          2833408,
          2836480,
          2832384,
          2832384,
          2830336,
          2832384,
          2832384,
          2831360,
          2828288,
          2831360,
          2832384
        ],
        "applicable": true
      },
      {
        "kernel": "onpair_shmem_s8",
        "decode_ms": 0.0,
        "decode_gib_s": 0.0,
        "applicable": false,
        "reason": "dictionary entry longer than 8 bytes"
      },
      {
        "kernel": "onpair_shmem_s8_2tpt",
        "decode_ms": 0.0,
        "decode_gib_s": 0.0,
        "applicable": false,
        "reason": "dictionary entry longer than 8 bytes"
      },
      {
        "kernel": "onpair_shmem_s8_4tpt",
        "decode_ms": 0.0,
        "decode_gib_s": 0.0,
        "applicable": false,
        "reason": "dictionary entry longer than 8 bytes"
      },
      {
        "kernel": "onpair_shmem_s8_8tpt",
        "decode_ms": 0.0,
        "decode_gib_s": 0.0,
        "applicable": false,
        "reason": "dictionary entry longer than 8 bytes"
      },
      {
        "kernel": "onpair_shmem_s4l1",
        "decode_ms": 0.0,
        "decode_gib_s": 0.0,
        "applicable": false,
        "reason": "dictionary entry longer than 4 bytes"
      },
      {
        "kernel": "onpair_shmem_s4l1_2tpt",
        "decode_ms": 0.0,
        "decode_gib_s": 0.0,
        "applicable": false,
        "reason": "dictionary entry longer than 4 bytes"
      },
      {
        "kernel": "onpair_shmem_s4l1_4tpt",
        "decode_ms": 0.0,
        "decode_gib_s": 0.0,
        "applicable": false,
        "reason": "dictionary entry longer than 4 bytes"
      },
      {
        "kernel": "onpair_shmem_s4l1_8tpt",
        "decode_ms": 0.0,
        "decode_gib_s": 0.0,
        "applicable": false,
        "reason": "dictionary entry longer than 4 bytes"
      },
      {
        "kernel": "onpair_shmem_s4l1_16tpt",
        "decode_ms": 0.0,
        "decode_gib_s": 0.0,
        "applicable": false,
        "reason": "dictionary entry longer than 4 bytes"
      },
      {
        "kernel": "onpair_shmem_s4l1_32tpt",
        "decode_ms": 0.0,
        "decode_gib_s": 0.0,
        "applicable": false,
        "reason": "dictionary entry longer than 4 bytes"
      },
      {
        "kernel": "onpair_shmem_const1",
        "decode_ms": 0.0,
        "decode_gib_s": 0.0,
        "applicable": false,
        "reason": "not every dictionary entry is exactly 1 byte"
      },
      {
        "kernel": "onpair_shmem_const2",
        "decode_ms": 0.0,
        "decode_gib_s": 0.0,
        "applicable": false,
        "reason": "not every dictionary entry is exactly 2 bytes"
      }
    ]
  }
}
==PROF== Disconnected from process 16460
==PROF== Report: /home/ubuntu/work/ncu_costsurface_tpch-sf10_l_comment_b16.ncu-rep
