==PROF== Connected to process 38829 (/home/ubuntu/work/target/release/onpair-chunk-bench)
2026-07-06T04:11:01.720960Z  INFO vortex_cuda: vortex-cuda/src/lib.rs:111: Registering CUDA kernels
==PROF== Profiling "onpair_shmem_4tpt": 0%....50%....100% - 49 passes
==PROF== Profiling "onpair_shmem_4tpt": 0%....50%....100% - 49 passes
==PROF== Profiling "onpair_shmem_4tpt": 0%....50%....100% - 49 passes
==PROF== Profiling "onpair_shmem_4tpt": 0%....50%....100% - 49 passes
==PROF== Profiling "onpair_shmem_4tpt": 0%....50%....100% - 49 passes
==PROF== Profiling "onpair_shmem_4tpt": 0%....50%....100% - 49 passes
==PROF== Profiling "onpair_shmem_4tpt": 0%....50%....100% - 49 passes
==PROF== Profiling "onpair_shmem_4tpt": 0%....50%....100% - 50 passes
==PROF== Profiling "onpair_shmem_4tpt": 0%....50%....100% - 49 passes
==PROF== Profiling "onpair_shmem_4tpt": 0%....50%....100% - 50 passes
==PROF== Profiling "onpair_shmem_4tpt": 0%....50%....100% - 49 passes
==PROF== Profiling "onpair_shmem_4tpt": 0%....50%....100% - 49 passes
==PROF== Profiling "onpair_shmem_4tpt": 0%....50%....100% - 49 passes
==PROF== Profiling "onpair_shmem_4tpt": 0%....50%....100% - 49 passes
==PROF== Profiling "onpair_shmem_4tpt": 0%....50%....100% - 49 passes
==PROF== Profiling "onpair_shmem_4tpt": 0%....50%....100% - 49 passes
{
  "files": [
    "/home/ubuntu/work/vortex-bench/data/onpair-bench/wikipedia/text/bits16_chunk1000mb_thr0.20/part_0000.vortex"
  ],
  "column": "text",
  "rows": 156289,
  "in_memory_bytes": 251167015,
  "dict_bytes": 467931,
  "gpu": {
    "iterations": 30,
    "decoded_bytes": 703062420,
    "chunks": 1,
    "auto_kernel": "onpair_shmem_4tpt",
    "frac_le8": 0.8233317,
    "dict_mean_len": 5.6230392,
    "dict_max_len": 16,
    "dict_entries_max": 65536,
    "small_dict": false,
    "distinct_codes": 65388,
    "access_top4096_frac": 0.4692895,
    "compressed_bytes": 250598393,
    "h2d_gib_s": 4.433667243749839,
    "whole_decompress_gib_s": 11.862153279312663,
    "best_kernel": "onpair_shmem_4tpt_ldcs",
    "auto_decode_ms": 2.558976,
    "best_decode_ms": 2.536448,
    "validated": false,
    "auto_decode_gib_s": 255.87496838961712,
    "best_decode_gib_s": 258.1475761024034,
    "kernels": [
      {
        "kernel": "onpair_shmem",
        "decode_ms": 3.549184,
        "decode_gib_s": 184.48688574889013,
        "decode_ns_iters": [
          3575808,
          3558400,
          3554304,
          3553280,
          3553280,
          3559424,
          3552256,
          3552256,
          3551232,
          3562496,
          3557376,
          3573760,
          3553280,
          3552256,
          3550208,
          3550208,
          3558400,
          3555328,
          3554304,
          3554304,
          3556352,
          3553280,
          3576832,
          3556352,
          3557376,
          3552256,
          3571712,
          3551232,
          3549184,
          3553280
        ],
        "applicable": true
      },
      {
        "kernel": "onpair_shmem_2tpt",
        "decode_ms": 2.656256,
        "decode_gib_s": 246.5040655380313,
        "decode_ns_iters": [
          3191808,
          2681856,
          2683904,
          2669568,
          2664448,
          2656256,
          2671616,
          2660352,
          2676736,
          2669568,
          2661376,
          2658304,
          2657280,
          2657280,
          2679808,
          2657280,
          2658304,
          2672640,
          2660352,
          2684928,
          2669568,
          2680832,
          2671616,
          2661376,
          2657280,
          2658304,
          2658304,
          2676736,
          2659328,
          2660352
        ],
        "applicable": true
      },
      {
        "kernel": "onpair_shmem_4tpt",
        "decode_ms": 2.558976,
        "decode_gib_s": 255.87496838961712,
        "decode_ns_iters": [
          3831913471,
          3830335379,
          3831025600,
          3814722538,
          3834720135,
          3931206465,
          3813807011,
          3937450886,
          3811307669,
          3831603289,
          3828631639,
          3825904608,
          3813334942,
          3835205555,
          2770944,
          2576384,
          2564096,
          2561024,
          2568192,
          2558976,
          2604032,
          2575360,
          2582528,
          2578432,
          2562048,
          2564096,
          2561024,
          2561024,
          2596864,
          2570240
        ],
        "applicable": true
      },
      {
        "kernel": "onpair_shmem_4tpt_wpb8",
        "decode_ms": 4.051968,
        "decode_gib_s": 161.595033107317,
        "decode_ns_iters": [
          4077568,
          4093952,
          4077568,
          4070400,
          4068352,
          4080640,
          4054016,
          4068352,
          4071424,
          4069376,
          4074496,
          4085760,
          4074496,
          4069376,
          4068352,
          4065280,
          4069376,
          4057088,
          4062208,
          4055040,
          4052992,
          4063232,
          4070400,
          4067328,
          4068352,
          4055040,
          4062208,
          4057088,
          4051968,
          4062208
        ],
        "applicable": true
      },
      {
        "kernel": "onpair_shmem_4tpt_wpb8_occ",
        "decode_ms": 2.547712,
        "decode_gib_s": 257.00624839455514,
        "decode_ns_iters": [
          2574336,
          2558976,
          2557952,
          2560000,
          2578432,
          2588672,
          2583552,
          2570240,
          2566144,
          2552832,
          2555904,
          2551808,
          2551808,
          2548736,
          2551808,
          2558976,
          2570240,
          2553856,
          2561024,
          2550784,
          2582528,
          2568192,
          2561024,
          2547712,
          2575360,
          2552832,
          2550784,
          2567168,
          2584576,
          2554880
        ],
        "applicable": true
      },
      {
        "kernel": "onpair_shmem_4tpt_b128",
        "decode_ms": 2.581504,
        "decode_gib_s": 253.64202538899377,
        "decode_ns_iters": [
          2588672,
          2581504,
          2583552,
          2583552,
          2586624,
          2581504,
          2581504,
          2581504,
          2614272,
          2604032,
          2600960,
          2605056,
          2626560,
          2603008,
          2603008,
          2589696,
          2590720,
          2612224,
          2586624,
          2591744,
          2598912,
          2590720,
          2614272,
          2599936,
          2585600,
          2582528,
          2604032,
          2582528,
          2589696,
          2584576
        ],
        "applicable": true
      },
      {
        "kernel": "onpair_shmem_4tpt_o6",
        "decode_ms": 2.991104,
        "decode_gib_s": 218.90843752333214,
        "decode_ns_iters": [
          3015680,
          3023872,
          3017728,
          3010560,
          3031040,
          3026944,
          3033088,
          3022848,
          3020800,
          3026944,
          3030016,
          3027968,
          3034112,
          3031040,
          3019776,
          3014656,
          3014656,
          3012608,
          3020800,
          3010560,
          3011584,
          3010560,
          3021824,
          3018752,
          3025920,
          3010560,
          3002368,
          2999296,
          3004416,
          2991104
        ],
        "applicable": true
      },
      {
        "kernel": "onpair_shmem_4tpt_b512o3",
        "decode_ms": 2.94912,
        "decode_gib_s": 222.02484236307401,
        "decode_ns_iters": [
          2953216,
          2949120,
          2964480,
          2970624,
          2963456,
          2976768,
          2969600,
          2960384,
          2981888,
          2972672,
          2966528,
          2974720,
          2964480,
          2963456,
          2968576,
          2977792,
          2964480,
          2988032,
          2975744,
          2972672,
          2970624,
          2961408,
          2974720,
          2999296,
          2977792,
          2963456,
          2964480,
          2962432,
          2962432,
          3001344
        ],
        "applicable": true
      },
      {
        "kernel": "onpair_shmem_4tpt_b128o12",
        "decode_ms": 3.111936,
        "decode_gib_s": 210.4085376787276,
        "decode_ns_iters": [
          3135488,
          3130368,
          3139584,
          3115008,
          3111936,
          3124224,
          3117056,
          3119104,
          3231744,
          3136512,
          3135488,
          3162112,
          3128320,
          3125248,
          3136512,
          3118080,
          3113984,
          3120128,
          3117056,
          3118080,
          3132416,
          3121152,
          3134464,
          3124224,
          3124224,
          3113984,
          3115008,
          3150848,
          3124224,
          3113984
        ],
        "applicable": true
      },
      {
        "kernel": "onpair_shmem_4tpt_b64",
        "decode_ms": 2.596864,
        "decode_gib_s": 252.1417768161093,
        "decode_ns_iters": [
          2606080,
          2605056,
          2610176,
          2601984,
          2603008,
          2606080,
          2599936,
          2601984,
          2607104,
          2597888,
          2612224,
          2614272,
          2599936,
          2599936,
          2612224,
          2599936,
          2600960,
          2597888,
          2597888,
          2624512,
          2600960,
          2604032,
          2612224,
          2600960,
          2635776,
          2601984,
          2596864,
          2599936,
          2603008,
          2597888
        ],
        "applicable": true
      },
      {
        "kernel": "onpair_shmem_4tpt_b64o24",
        "decode_ms": 3.109888,
        "decode_gib_s": 210.54710108846004,
        "decode_ns_iters": [
          3113984,
          3131392,
          3125248,
          3116032,
          3113984,
          3112960,
          3119104,
          3136512,
          3113984,
          3115008,
          3121152,
          3116032,
          3124224,
          3111936,
          3126272,
          3117056,
          3110912,
          3132416,
          3113984,
          3109888,
          3111936,
          3125248,
          3115008,
          3125248,
          3115008,
          3111936,
          3112960,
          3140608,
          3112960,
          3116032
        ],
        "applicable": true
      },
      {
        "kernel": "onpair_shmem_4tpt_split8read_b128o12",
        "decode_ms": 3.166208,
        "decode_gib_s": 206.80192302899522,
        "decode_ns_iters": [
          3186688,
          3175424,
          3192832,
          3172352,
          3169280,
          3169280,
          3170304,
          3169280,
          3185664,
          3170304,
          3191808,
          3179520,
          3172352,
          3189760,
          3169280,
          3167232,
          3167232,
          3166208,
          3170304,
          3184640,
          3171328,
          3185664,
          3183616,
          3172352,
          3189760,
          3168256,
          3168256,
          3173376,
          3170304,
          3189760
        ],
        "applicable": true
      },
      {
        "kernel": "onpair_shmem_4tpt_split8read_occ",
        "decode_ms": 2.612224,
        "decode_gib_s": 250.65917130758655,
        "decode_ns_iters": [
          2620416,
          2615296,
          2635776,
          2616320,
          2646016,
          2632704,
          2628608,
          2632704,
          2628608,
          2618368,
          2617344,
          2617344,
          2622464,
          2619392,
          2636800,
          2617344,
          2614272,
          2613248,
          2616320,
          2615296,
          2613248,
          2614272,
          2633728,
          2617344,
          2612224,
          2634752,
          2621440,
          2619392,
          2613248,
          2614272
        ],
        "applicable": true
      },
      {
        "kernel": "onpair_shmem_4tpt_split8",
        "decode_ms": 2.588672,
        "decode_gib_s": 252.93969383135018,
        "decode_ns_iters": [
          2608128,
          2603008,
          2617344,
          2593792,
          2589696,
          2588672,
          2592768,
          2606080,
          2592768,
          2590720,
          2601984,
          2599936,
          2596864,
          2594816,
          2592768,
          2590720,
          2592768,
          2591744,
          2590720,
          2588672,
          2589696,
          2617344,
          2596864,
          2596864,
          2625536,
          2619392,
          2603008,
          2598912,
          2613248,
          2595840
        ],
        "applicable": true
      },
      {
        "kernel": "onpair_shmem_4tpt_split8_wpb8",
        "decode_ms": 3.848192,
        "decode_gib_s": 170.15208781417064,
        "decode_ns_iters": [
          3887104,
          3886080,
          3884032,
          3864576,
          3858432,
          3857408,
          3852288,
          3862528,
          3856384,
          3862528,
          3859456,
          3852288,
          3860480,
          3857408,
          3850240,
          3852288,
          3851264,
          3848192,
          3853312,
          3867648,
          3890176,
          3881984,
          3863552,
          3851264,
          3858432,
          3862528,
          3872768,
          3872768,
          3854336,
          3855360
        ],
        "applicable": true
      },
      {
        "kernel": "onpair_shmem_4tpt_split8_wpb8_occ",
        "decode_ms": 2.588672,
        "decode_gib_s": 252.93969383135018,
        "decode_ns_iters": [
          2594816,
          2592768,
          2590720,
          2627584,
          2593792,
          2588672,
          2591744,
          2593792,
          2590720,
          2594816,
          2589696,
          2589696,
          2589696,
          2593792,
          2588672,
          2589696,
          2608128,
          2589696,
          2610176,
          2593792,
          2591744,
          2598912,
          2593792,
          2591744,
          2588672,
          2619392,
          2593792,
          2591744,
          2607104,
          2598912
        ],
        "applicable": true
      },
      {
        "kernel": "onpair_shmem_4tpt_pdict",
        "decode_ms": 0.0,
        "decode_gib_s": 0.0,
        "applicable": false,
        "reason": "padded dict needs 1130752 B shared, over 102400 B cap"
      },
      {
        "kernel": "onpair_shmem_4tpt_vdict",
        "decode_ms": 0.0,
        "decode_gib_s": 0.0,
        "applicable": false,
        "reason": "packed dict needs 484592 B shared, over 102400 B cap"
      },
      {
        "kernel": "onpair_shmem_4tpt_split8read",
        "decode_ms": 2.614272,
        "decode_gib_s": 250.4628068960647,
        "decode_ns_iters": [
          2622464,
          2627584,
          2618368,
          2616320,
          2621440,
          2617344,
          2643968,
          2619392,
          2624512,
          2615296,
          2614272,
          2619392,
          2620416,
          2619392,
          2614272,
          2616320,
          2614272,
          2615296,
          2618368,
          2614272,
          2614272,
          2616320,
          2643968,
          2621440,
          2620416,
          2617344,
          2617344,
          2638848,
          2622464,
          2624512
        ],
        "applicable": true
      },
      {
        "kernel": "onpair_shmem_4tpt_ldcs",
        "decode_ms": 2.536448,
        "decode_gib_s": 258.1475761024034,
        "decode_ns_iters": [
          2556928,
          2553856,
          2556928,
          2543616,
          2541568,
          2539520,
          2539520,
          2538496,
          2540544,
          2560000,
          2553856,
          2549760,
          2540544,
          2536448,
          2544640,
          2546688,
          2556928,
          2542592,
          2541568,
          2541568,
          2573312,
          2539520,
          2537472,
          2542592,
          2536448,
          2539520,
          2558976,
          2542592,
          2549760,
          2548736
        ],
        "applicable": true
      },
      {
        "kernel": "onpair_shmem_4tpt_lenbucket",
        "decode_ms": 0.0,
        "decode_gib_s": 0.0,
        "applicable": false,
        "reason": "length-bucket dict not built (set ONPAIR_DICT_REORDER=lenbucket)"
      },
      {
        "kernel": "onpair_shmem_4tpt_lenbucket_b128",
        "decode_ms": 0.0,
        "decode_gib_s": 0.0,
        "applicable": false,
        "reason": "length-bucket dict not built (set ONPAIR_DICT_REORDER=lenbucket)"
      },
      {
        "kernel": "onpair_shmem_4tpt_regcache",
        "decode_ms": 2.634752,
        "decode_gib_s": 248.5159525867288,
        "decode_ns_iters": [
          2641920,
          2653184,
          2639872,
          2665472,
          2656256,
          2650112,
          2641920,
          2635776,
          2637824,
          2662400,
          2642944,
          2638848,
          2634752,
          2644992,
          2649088,
          2674688,
          2643968,
          2640896,
          2634752,
          2635776,
          2637824,
          2635776,
          2636800,
          2634752,
          2639872,
          2635776,
          2657280,
          2635776,
          2637824,
          2657280
        ],
        "applicable": true
      },
      {
        "kernel": "onpair_shmem_4tpt_split4read",
        "decode_ms": 3.23584,
        "decode_gib_s": 202.3517550650801,
        "decode_ns_iters": [
          3238912,
          3241984,
          3248128,
          3251200,
          3238912,
          3274752,
          3248128,
          3246080,
          3271680,
          3247104,
          3246080,
          3243008,
          3240960,
          3237888,
          3278848,
          3240960,
          3247104,
          3263488,
          3254272,
          3259392,
          3254272,
          3239936,
          3260416,
          3243008,
          3237888,
          3259392,
          3249152,
          3235840,
          3258368,
          3238912
        ],
        "applicable": true
      },
      {
        "kernel": "onpair_shmem_4tpt_split4read_b128o12",
        "decode_ms": 4.102144,
        "decode_gib_s": 159.6184588131935,
        "decode_ns_iters": [
          4107264,
          4104192,
          4142080,
          4112384,
          4108288,
          4103168,
          4112384,
          4114432,
          4115456,
          4107264,
          4104192,
          4112384,
          4105216,
          4120576,
          4105216,
          4123648,
          4103168,
          4102144,
          4113408,
          4123648,
          4110336,
          4102144,
          4121600,
          4105216,
          4114432,
          4123648,
          4114432,
          4105216,
          4133888,
          4105216
        ],
        "applicable": true
      },
      {
        "kernel": "onpair_shmem_4tpt_cluster_dsmem",
        "decode_ms": 0.0,
        "decode_gib_s": 0.0,
        "applicable": false,
        "reason": "thread-block clusters require sm_90+ (device cc 8.x)"
      },
      {
        "kernel": "onpair_shmem_8tpt",
        "decode_ms": 4.580352,
        "decode_gib_s": 142.95362083739172,
        "decode_ns_iters": [
          4600832,
          4590592,
          4601856,
          4599808,
          4601856,
          4584448,
          4587520,
          4597760,
          4596736,
          4595712,
          4586496,
          4600832,
          4624384,
          4631552,
          4606976,
          4596736,
          4585472,
          4589568,
          4592640,
          4613120,
          4601856,
          4590592,
          4584448,
          4591616,
          4586496,
          4582400,
          4585472,
          4580352,
          4598784,
          4606976
        ],
        "applicable": true
      },
      {
        "kernel": "onpair_shmem_8tpt_b128",
        "decode_ms": 4.762624,
        "decode_gib_s": 137.4825942820153,
        "decode_ns_iters": [
          4764672,
          4773888,
          4766720,
          4796416,
          4780032,
          4780032,
          4766720,
          4762624,
          4763648,
          4785152,
          4764672,
          4764672,
          4785152,
          4770816,
          4762624,
          4772864,
          4762624,
          4783104,
          4765696,
          4768768,
          4773888,
          4775936,
          4783104,
          4780032,
          4775936,
          4768768,
          4763648,
          4765696,
          4763648,
          4782080
        ],
        "applicable": true
      },
      {
        "kernel": "onpair_shmem_4tpt_vwidth",
        "decode_ms": 9.327616,
        "decode_gib_s": 70.19777648541587,
        "decode_ns_iters": [
          9334784,
          9340928,
          9348096,
          9343999,
          9343999,
          9341952,
          9341952,
          9333760,
          9365505,
          9330688,
          9330688,
          9328640,
          9338880,
          9345024,
          9331712,
          9340928,
          9342976,
          9327616,
          9333760,
          9335808,
          9331712,
          9328640,
          9329665,
          9341952,
          9327616,
          9413633,
          9353216,
          9338880,
          9329665,
          9342976
        ],
        "applicable": true
      },
      {
        "kernel": "onpair_shmem_4tpt_vwidth_b128",
        "decode_ms": 12.704768,
        "decode_gib_s": 51.537966148597825,
        "decode_ns_iters": [
          12717056,
          12712960,
          12713984,
          12745728,
          12732416,
          12720129,
          12719104,
          12705793,
          12721152,
          12713984,
          12713984,
          12718080,
          12704768,
          12716032,
          12706815,
          12720129,
          12744704,
          12708864,
          12717056,
          12713984,
          12707840,
          12720129,
          12715008,
          12709889,
          12716032,
          12713984,
          12717056,
          12716032,
          12729344,
          12725248
        ],
        "applicable": true
      },
      {
        "kernel": "onpair_shmem_4tpt_vwidth4",
        "decode_ms": 3.006464,
        "decode_gib_s": 217.79003610546772,
        "decode_ns_iters": [
          3020800,
          3018752,
          3026944,
          3037184,
          3024896,
          3044352,
          3017728,
          3014656,
          3010560,
          3011584,
          3031040,
          3015680,
          3030016,
          3022848,
          3019776,
          3013632,
          3009536,
          3009536,
          3007488,
          3009536,
          3036160,
          3017728,
          3012608,
          3021824,
          3016704,
          3025920,
          3013632,
          3011584,
          3006464,
          3008512
        ],
        "applicable": true
      },
      {
        "kernel": "onpair_shmem_4tpt_vwidth4_b128",
        "decode_ms": 3.549184,
        "decode_gib_s": 184.48688574889013,
        "decode_ns_iters": [
          3566592,
          3568640,
          3551232,
          3570688,
          3563520,
          3581952,
          3552256,
          3550208,
          3549184,
          3591168,
          3560448,
          3571712,
          3567616,
          3564544,
          3586048,
          3561472,
          3554304,
          3552256,
          3581952,
          3555328,
          3549184,
          3556352,
          3557376,
          3552256,
          3562496,
          3552256,
          3551232,
          3552256,
          3567616,
          3552256
        ],
        "applicable": true
      },
      {
        "kernel": "onpair_shmem_4tpt_shdict8",
        "decode_ms": 0.0,
        "decode_gib_s": 0.0,
        "applicable": false,
        "reason": "dict_s8 + staging needs 606464 B shared, over 229376 B cap"
      },
      {
        "kernel": "onpair_shmem_4tpt_ablate",
        "decode_ms": 3.108864,
        "decode_gib_s": 210.61645125350896,
        "decode_ns_iters": [
          3126272,
          3142656,
          3136512,
          3119104,
          3139584,
          3117056,
          3135488,
          3118080,
          3112960,
          3125248,
          3116032,
          3112960,
          3127296,
          3108864,
          3133440,
          3132416,
          3112960,
          3119104,
          3111936,
          3112960,
          3109888,
          3118080,
          3119104,
          3113984,
          3109888,
          3129344,
          3123200,
          3119104,
          3111936,
          3117056
        ],
        "applicable": true
      },
      {
        "kernel": "onpair_shmem_4tpt_ablate_nogather",
        "decode_ms": 1.506304,
        "decode_gib_s": 434.6917375973169,
        "decode_ns_iters": [
          1513472,
          1532928,
          1514496,
          1512448,
          1508352,
          1528832,
          1520640,
          1509376,
          1509376,
          1508352,
          1530880,
          1512448,
          1509376,
          1509376,
          1508352,
          1512448,
          1511424,
          1506304,
          1528832,
          1508352,
          1517568,
          1511424,
          1517568,
          1511424,
          1508352,
          1507328,
          1510400,
          1520640,
          1530880,
          1513472
        ],
        "applicable": true
      },
      {
        "kernel": "onpair_shmem_4tpt_ablate_noemit",
        "decode_ms": 1.197056,
        "decode_gib_s": 546.9902018867864,
        "decode_ns_iters": [
          1202176,
          1222656,
          1201152,
          1198080,
          1198080,
          1201152,
          1197056,
          1200128,
          1198080,
          1216512,
          1197056,
          1201152,
          1198080,
          1197056,
          1198080,
          1199104,
          1207296,
          1217536,
          1200128,
          1212416,
          1206272,
          1198080,
          1198080,
          1199104,
          1198080,
          1219584,
          1199104,
          1198080,
          1197056,
          1197056
        ],
        "applicable": true
      },
      {
        "kernel": "onpair_shmem_4tpt_ablate_nodrain",
        "decode_ms": 2.868224,
        "decode_gib_s": 228.28687825978338,
        "decode_ns_iters": [
          2892800,
          2876416,
          2872320,
          2881536,
          2869248,
          2891776,
          2896896,
          2892800,
          2890752,
          2881536,
          2879488,
          2871296,
          2871296,
          2871296,
          2869248,
          2895872,
          2886656,
          2874368,
          2872320,
          2868224,
          2869248,
          2884608,
          2887680,
          2870272,
          2888704,
          2870272,
          2880512,
          2875392,
          2868224,
          2869248
        ],
        "applicable": true
      },
      {
        "kernel": "onpair_shmem_4tpt_ablate_noscan",
        "decode_ms": 4.416512,
        "decode_gib_s": 148.25679248913823,
        "decode_ns_iters": [
          4440064,
          4423680,
          4426752,
          4439040,
          4424704,
          4428800,
          4417536,
          4416512,
          4418560,
          4416512,
          4419584,
          4419584,
          4419584,
          4422656,
          4419584,
          4422656,
          4417536,
          4431872,
          4419584,
          4423680,
          4418560,
          4425728,
          4439040,
          4422656,
          4421632,
          4439040,
          4444160,
          4423680,
          4419584,
          4427776
        ],
        "applicable": true
      },
      {
        "kernel": "onpair_shmem_4tpt_ablate_cfree",
        "decode_ms": 3.132416,
        "decode_gib_s": 209.032868913257,
        "decode_ns_iters": [
          3137536,
          3184640,
          3143680,
          3140608,
          3163136,
          3144704,
          3139584,
          3159040,
          3149824,
          3136512,
          3166208,
          3150848,
          3135488,
          3139584,
          3138560,
          3136512,
          3144704,
          3135488,
          3132416,
          3169280,
          3148800,
          3137536,
          3156992,
          3135488,
          3134464,
          3146752,
          3141632,
          3151872,
          3152896,
          3134464
        ],
        "applicable": true
      },
      {
        "kernel": "onpair_shmem_s8",
        "decode_ms": 0.0,
        "decode_gib_s": 0.0,
        "applicable": false,
        "reason": "dictionary entry longer than 8 bytes"
      },
      {
        "kernel": "onpair_shmem_s8_2tpt",
        "decode_ms": 0.0,
        "decode_gib_s": 0.0,
        "applicable": false,
        "reason": "dictionary entry longer than 8 bytes"
      },
      {
        "kernel": "onpair_shmem_s8_4tpt",
        "decode_ms": 0.0,
        "decode_gib_s": 0.0,
        "applicable": false,
        "reason": "dictionary entry longer than 8 bytes"
      },
      {
        "kernel": "onpair_shmem_s8_8tpt",
        "decode_ms": 0.0,
        "decode_gib_s": 0.0,
        "applicable": false,
        "reason": "dictionary entry longer than 8 bytes"
      },
      {
        "kernel": "onpair_shmem_s4l1",
        "decode_ms": 0.0,
        "decode_gib_s": 0.0,
        "applicable": false,
        "reason": "dictionary entry longer than 4 bytes"
      },
      {
        "kernel": "onpair_shmem_s4l1_2tpt",
        "decode_ms": 0.0,
        "decode_gib_s": 0.0,
        "applicable": false,
        "reason": "dictionary entry longer than 4 bytes"
      },
      {
        "kernel": "onpair_shmem_s4l1_4tpt",
        "decode_ms": 0.0,
        "decode_gib_s": 0.0,
        "applicable": false,
        "reason": "dictionary entry longer than 4 bytes"
      },
      {
        "kernel": "onpair_shmem_s4l1_8tpt",
        "decode_ms": 0.0,
        "decode_gib_s": 0.0,
        "applicable": false,
        "reason": "dictionary entry longer than 4 bytes"
      },
      {
        "kernel": "onpair_shmem_s4l1_16tpt",
        "decode_ms": 0.0,
        "decode_gib_s": 0.0,
        "applicable": false,
        "reason": "dictionary entry longer than 4 bytes"
      },
      {
        "kernel": "onpair_shmem_s4l1_32tpt",
        "decode_ms": 0.0,
        "decode_gib_s": 0.0,
        "applicable": false,
        "reason": "dictionary entry longer than 4 bytes"
      },
      {
        "kernel": "onpair_shmem_const1",
        "decode_ms": 0.0,
        "decode_gib_s": 0.0,
        "applicable": false,
        "reason": "not every dictionary entry is exactly 1 byte"
      },
      {
        "kernel": "onpair_shmem_const2",
        "decode_ms": 0.0,
        "decode_gib_s": 0.0,
        "applicable": false,
        "reason": "not every dictionary entry is exactly 2 bytes"
      }
    ]
  }
}
==PROF== Disconnected from process 38829
==PROF== Report: /home/ubuntu/work/ncu_costsurface_wikipedia_text_b16.ncu-rep
