==PROF== Connected to process 19628 (/home/ubuntu/work/target/release/onpair-chunk-bench)
2026-07-06T03:48:04.044071Z  INFO vortex_cuda: vortex-cuda/src/lib.rs:111: Registering CUDA kernels
==PROF== Profiling "onpair_shmem_4tpt": 0%....50%....100% - 49 passes
==PROF== Profiling "onpair_shmem_4tpt": 0%....50%....100% - 49 passes
==PROF== Profiling "onpair_shmem_4tpt": 0%....50%....100% - 49 passes
==PROF== Profiling "onpair_shmem_4tpt": 0%....50%....100% - 49 passes
==PROF== Profiling "onpair_shmem_4tpt": 0%....50%....100% - 49 passes
==PROF== Profiling "onpair_shmem_4tpt": 0%....50%....100% - 49 passes
==PROF== Profiling "onpair_shmem_4tpt": 0%....50%....100% - 49 passes
==PROF== Profiling "onpair_shmem_4tpt": 0%....50%....100% - 49 passes
==PROF== Profiling "onpair_shmem_4tpt": 0%....50%....100% - 49 passes
==PROF== Profiling "onpair_shmem_4tpt": 0%....50%....100% - 49 passes
==PROF== Profiling "onpair_shmem_4tpt": 0%....50%....100% - 49 passes
==PROF== Profiling "onpair_shmem_4tpt": 0%....50%....100% - 49 passes
==PROF== Profiling "onpair_shmem_4tpt": 0%....50%....100% - 49 passes
==PROF== Profiling "onpair_shmem_4tpt": 0%....50%....100% - 49 passes
==PROF== Profiling "onpair_shmem_4tpt": 0%....50%....100% - 49 passes
==PROF== Profiling "onpair_shmem_4tpt": 0%....50%....100% - 49 passes
{
  "files": [
    "/home/ubuntu/work/vortex-bench/data/onpair-bench/tpch-sf10/l_shipinstruct/bits12_chunk1000mb_thr0.20/part_0000.vortex"
  ],
  "column": "l_shipinstruct",
  "rows": 59986052,
  "in_memory_bytes": 64498914,
  "dict_bytes": 436,
  "gpu": {
    "iterations": 30,
    "decoded_bytes": 719788494,
    "chunks": 1,
    "auto_kernel": "onpair_shmem_4tpt",
    "frac_le8": 0.40003875,
    "dict_mean_len": 9.599654,
    "dict_max_len": 16,
    "dict_entries_max": 296,
    "small_dict": true,
    "distinct_codes": 5,
    "access_top4096_frac": 1.0,
    "compressed_bytes": 149962074,
    "h2d_gib_s": 4.34160664106045,
    "whole_decompress_gib_s": 20.130145127320272,
    "best_kernel": "onpair_shmem_4tpt_split8read_occ",
    "auto_decode_ms": 1.132544,
    "best_decode_ms": 0.94208,
    "validated": false,
    "auto_decode_gib_s": 591.9021895932325,
    "best_decode_gib_s": 711.5693714022991,
    "kernels": [
      {
        "kernel": "onpair_shmem",
        "decode_ms": 1.472512,
        "decode_gib_s": 455.2460512448645,
        "decode_ns_iters": [
          1480704,
          1477632,
          1474560,
          1502208,
          1481728,
          1496064,
          1489920,
          1474560,
          1473536,
          1473536,
          1478656,
          1475584,
          1472512,
          1472512,
          1472512,
          1488896,
          1491968,
          1479680,
          1488896,
          1477632,
          1472512,
          1473536,
          1475584,
          1483776,
          1477632,
          1474560,
          1472512,
          1489920,
          1481728,
          1480704
        ],
        "applicable": true
      },
      {
        "kernel": "onpair_shmem_2tpt",
        "decode_ms": 1.030144,
        "decode_gib_s": 650.7393853778481,
        "decode_ns_iters": [
          1295360,
          1295360,
          1291264,
          1311744,
          1295360,
          1306624,
          1292288,
          1289216,
          1291264,
          1289216,
          1302528,
          1290240,
          1296384,
          1287168,
          1332224,
          1297408,
          1316864,
          1295360,
          1289216,
          1289216,
          1294336,
          1292288,
          1293312,
          1294336,
          1306624,
          1297408,
          1297408,
          1044480,
          1030144,
          1041408
        ],
        "applicable": true
      },
      {
        "kernel": "onpair_shmem_4tpt",
        "decode_ms": 1.132544,
        "decode_gib_s": 591.9021895932325,
        "decode_ns_iters": [
          3566698551,
          3572068453,
          3556084633,
          3582658529,
          3576461315,
          3560668230,
          3554787397,
          3573891163,
          3590462446,
          3572351933,
          3552510977,
          3568263292,
          3576653719,
          3565304995,
          1214464,
          1149952,
          1147904,
          1137664,
          1135616,
          1132544,
          1134592,
          1135616,
          1136640,
          1134592,
          1155072,
          1136640,
          1139712,
          1158144,
          1137664,
          1133568
        ],
        "applicable": true
      },
      {
        "kernel": "onpair_shmem_4tpt_wpb8",
        "decode_ms": 1.063936,
        "decode_gib_s": 630.0710507123341,
        "decode_ns_iters": [
          1071104,
          1071104,
          1065984,
          1064960,
          1067008,
          1065984,
          1063936,
          1068032,
          1068032,
          1068032,
          1063936,
          1064960,
          1072128,
          1067008,
          1064960,
          1063936,
          1082368,
          1065984,
          1064960,
          1063936,
          1084416,
          1065984,
          1065984,
          1067008,
          1083392,
          1067008,
          1063936,
          1064960,
          1077248,
          1065984
        ],
        "applicable": true
      },
      {
        "kernel": "onpair_shmem_4tpt_wpb8_occ",
        "decode_ms": 1.040384,
        "decode_gib_s": 644.3344701674363,
        "decode_ns_iters": [
          1049600,
          1045504,
          1043456,
          1052672,
          1044480,
          1043456,
          1042432,
          1060864,
          1044480,
          1045504,
          1041408,
          1042432,
          1046528,
          1042432,
          1041408,
          1042432,
          1056768,
          1042432,
          1041408,
          1041408,
          1048576,
          1043456,
          1043456,
          1044480,
          1042432,
          1054720,
          1043456,
          1043456,
          1041408,
          1040384
        ],
        "applicable": true
      },
      {
        "kernel": "onpair_shmem_4tpt_b128",
        "decode_ms": 1.022976,
        "decode_gib_s": 655.299120810926,
        "decode_ns_iters": [
          1047552,
          1028096,
          1036288,
          1028096,
          1026048,
          1044480,
          1026048,
          1024000,
          1024000,
          1024000,
          1043456,
          1024000,
          1032192,
          1025024,
          1025024,
          1045504,
          1027072,
          1028096,
          1025024,
          1024000,
          1040384,
          1024000,
          1024000,
          1022976,
          1027072,
          1040384,
          1026048,
          1024000,
          1024000,
          1022976
        ],
        "applicable": true
      },
      {
        "kernel": "onpair_shmem_4tpt_o6",
        "decode_ms": 1.03936,
        "decode_gib_s": 644.9692824533154,
        "decode_ns_iters": [
          1062912,
          1044480,
          1057792,
          1044480,
          1147904,
          1060864,
          1044480,
          1045504,
          1063936,
          1042432,
          1043456,
          1043456,
          1041408,
          1041408,
          1046528,
          1041408,
          1040384,
          1041408,
          1047552,
          1042432,
          1040384,
          1040384,
          1052672,
          1040384,
          1040384,
          1039360,
          1039360,
          1043456,
          1058816,
          1042432
        ],
        "applicable": true
      },
      {
        "kernel": "onpair_shmem_4tpt_b512o3",
        "decode_ms": 0.963584,
        "decode_gib_s": 695.6895023274337,
        "decode_ns_iters": [
          1040384,
          1053696,
          1039360,
          1042432,
          1037312,
          1038336,
          1035264,
          1054720,
          1041408,
          997376,
          969728,
          982016,
          969728,
          975872,
          969728,
          968704,
          967680,
          968704,
          982016,
          974848,
          975872,
          969728,
          970752,
          968704,
          963584,
          976896,
          964608,
          969728,
          966656,
          965632
        ],
        "applicable": true
      },
      {
        "kernel": "onpair_shmem_4tpt_b128o12",
        "decode_ms": 0.96256,
        "decode_gib_s": 696.4295975426757,
        "decode_ns_iters": [
          967680,
          965632,
          966656,
          976896,
          967680,
          970752,
          966656,
          966656,
          964608,
          963584,
          973824,
          964608,
          964608,
          965632,
          966656,
          965632,
          963584,
          962560,
          964608,
          963584,
          969728,
          967680,
          964608,
          963584,
          964608,
          975872,
          965632,
          970752,
          964608,
          963584
        ],
        "applicable": true
      },
      {
        "kernel": "onpair_shmem_4tpt_b64",
        "decode_ms": 0.950272,
        "decode_gib_s": 705.4351526833137,
        "decode_ns_iters": [
          955392,
          958464,
          953344,
          956416,
          966656,
          952320,
          958464,
          952320,
          953344,
          952320,
          951296,
          951296,
          962560,
          951296,
          958464,
          950272,
          953344,
          1000448,
          962560,
          963584,
          958464,
          955392,
          965632,
          956416,
          954368,
          953344,
          972800,
          955392,
          955392,
          972800
        ],
        "applicable": true
      },
      {
        "kernel": "onpair_shmem_4tpt_b64o24",
        "decode_ms": 0.965632,
        "decode_gib_s": 694.2140208802917,
        "decode_ns_iters": [
          977920,
          967680,
          967680,
          989184,
          974848,
          980992,
          970752,
          983040,
          969728,
          965632,
          1003520,
          997376,
          974848,
          976896,
          974848,
          967680,
          989184,
          971776,
          969728,
          968704,
          966656,
          976896,
          968704,
          967680,
          968704,
          965632,
          994304,
          971776,
          967680,
          988160
        ],
        "applicable": true
      },
      {
        "kernel": "onpair_shmem_4tpt_split8read_b128o12",
        "decode_ms": 0.951296,
        "decode_gib_s": 704.6758037568516,
        "decode_ns_iters": [
          977920,
          957440,
          957440,
          956416,
          990208,
          962560,
          959488,
          964608,
          956416,
          955392,
          954368,
          953344,
          953344,
          952320,
          974848,
          953344,
          953344,
          953344,
          952320,
          952320,
          952320,
          965632,
          955392,
          953344,
          952320,
          951296,
          951296,
          952320,
          951296,
          963584
        ],
        "applicable": true
      },
      {
        "kernel": "onpair_shmem_4tpt_split8read_occ",
        "decode_ms": 0.94208,
        "decode_gib_s": 711.5693714022991,
        "decode_ns_iters": [
          960512,
          947200,
          947200,
          948224,
          946176,
          945152,
          945152,
          963584,
          956416,
          946176,
          947200,
          946176,
          943104,
          942080,
          945152,
          956416,
          946176,
          947200,
          944128,
          958464,
          946176,
          944128,
          944128,
          964608,
          951296,
          945152,
          944128,
          945152,
          949248,
          944128
        ],
        "applicable": true
      },
      {
        "kernel": "onpair_shmem_4tpt_split8",
        "decode_ms": 1.10592,
        "decode_gib_s": 606.1516867501066,
        "decode_ns_iters": [
          1135616,
          1108992,
          1108992,
          1118208,
          1111040,
          1112064,
          1106944,
          1126400,
          1110016,
          1106944,
          1105920,
          1110016,
          1108992,
          1105920,
          1126400,
          1107968,
          1107968,
          1105920,
          1107968,
          1107968,
          1106944,
          1123328,
          1111040,
          1108992,
          1106944,
          1110016,
          1106944,
          1108992,
          1125376,
          1106944
        ],
        "applicable": true
      },
      {
        "kernel": "onpair_shmem_4tpt_split8_wpb8",
        "decode_ms": 1.110016,
        "decode_gib_s": 603.9149646587779,
        "decode_ns_iters": [
          1112064,
          1130496,
          1114112,
          1112064,
          1111040,
          1112064,
          1117184,
          1114112,
          1123328,
          1113088,
          1111040,
          1111040,
          1112064,
          1114112,
          1111040,
          1115136,
          1111040,
          1110016,
          1126400,
          1112064,
          1110016,
          1111040,
          1112064,
          1127424,
          1117184,
          1132544,
          1112064,
          1110016,
          1111040,
          1114112
        ],
        "applicable": true
      },
      {
        "kernel": "onpair_shmem_4tpt_split8_wpb8_occ",
        "decode_ms": 1.084416,
        "decode_gib_s": 618.1716918697972,
        "decode_ns_iters": [
          1089536,
          1087488,
          1096704,
          1086464,
          1087488,
          1089536,
          1087488,
          1085440,
          1085440,
          1103872,
          1087488,
          1086464,
          1085440,
          1108992,
          1086464,
          1085440,
          1085440,
          1094656,
          1088512,
          1086464,
          1085440,
          1087488,
          1086464,
          1085440,
          1084416,
          1086464,
          1085440,
          1086464,
          1097728,
          1085440
        ],
        "applicable": true
      },
      {
        "kernel": "onpair_shmem_4tpt_pdict",
        "decode_ms": 1.227776,
        "decode_gib_s": 545.99151100093,
        "decode_ns_iters": [
          1250304,
          1231872,
          1229824,
          1238016,
          1235968,
          1259520,
          1231872,
          1233920,
          1235968,
          1230848,
          1239040,
          1240064,
          1247232,
          1233920,
          1234944,
          1239040,
          1232896,
          1238016,
          1240064,
          1233920,
          1239040,
          1231872,
          1227776,
          1236992,
          1250304,
          1255424,
          1236992,
          1236992,
          1231872,
          1235968
        ],
        "applicable": true
      },
      {
        "kernel": "onpair_shmem_4tpt_vdict",
        "decode_ms": 1.760256,
        "decode_gib_s": 380.8282848691769,
        "decode_ns_iters": [
          1794048,
          1771520,
          1799168,
          1782784,
          1783808,
          1786880,
          1763328,
          1774592,
          1777664,
          1764352,
          1771520,
          1765376,
          1780736,
          1764352,
          1774592,
          1772544,
          1771520,
          1760256,
          1766400,
          1767424,
          1778688,
          1789952,
          1766400,
          1764352,
          1769472,
          1765376,
          1762304,
          1776640,
          1763328,
          1774592
        ],
        "applicable": true
      },
      {
        "kernel": "onpair_shmem_4tpt_split8read",
        "decode_ms": 1.017856,
        "decode_gib_s": 658.5953940544417,
        "decode_ns_iters": [
          1024000,
          1020928,
          1020928,
          1019904,
          1034240,
          1021952,
          1021952,
          1019904,
          1018880,
          1018880,
          1026048,
          1021952,
          1018880,
          1018880,
          1021952,
          1031168,
          1020928,
          1019904,
          1017856,
          1019904,
          1017856,
          1028096,
          1020928,
          1019904,
          1019904,
          1018880,
          1031168,
          1027072,
          1022976,
          1018880
        ],
        "applicable": true
      },
      {
        "kernel": "onpair_shmem_4tpt_ldcs",
        "decode_ms": 1.060864,
        "decode_gib_s": 631.8955807819643,
        "decode_ns_iters": [
          1083392,
          1090560,
          1069056,
          1065984,
          1062912,
          1061888,
          1073152,
          1064960,
          1060864,
          1060864,
          1073152,
          1063936,
          1061888,
          1061888,
          1060864,
          1073152,
          1062912,
          1062912,
          1060864,
          1069056,
          1063936,
          1062912,
          1060864,
          1063936,
          1078272,
          1079296,
          1063936,
          1063936,
          1060864,
          1067008
        ],
        "applicable": true
      },
      {
        "kernel": "onpair_shmem_4tpt_lenbucket",
        "decode_ms": 0.0,
        "decode_gib_s": 0.0,
        "applicable": false,
        "reason": "length-bucket dict not built (set ONPAIR_DICT_REORDER=lenbucket)"
      },
      {
        "kernel": "onpair_shmem_4tpt_lenbucket_b128",
        "decode_ms": 0.0,
        "decode_gib_s": 0.0,
        "applicable": false,
        "reason": "length-bucket dict not built (set ONPAIR_DICT_REORDER=lenbucket)"
      },
      {
        "kernel": "onpair_shmem_4tpt_regcache",
        "decode_ms": 1.065984,
        "decode_gib_s": 628.8605395678339,
        "decode_ns_iters": [
          1074176,
          1071104,
          1069056,
          1077248,
          1069056,
          1068032,
          1068032,
          1080320,
          1069056,
          1068032,
          1070080,
          1069056,
          1077248,
          1067008,
          1071104,
          1069056,
          1080320,
          1070080,
          1068032,
          1067008,
          1067008,
          1073152,
          1080320,
          1073152,
          1069056,
          1086464,
          1070080,
          1068032,
          1065984,
          1075200
        ],
        "applicable": true
      },
      {
        "kernel": "onpair_shmem_4tpt_split4read",
        "decode_ms": 1.061888,
        "decode_gib_s": 631.2862311380088,
        "decode_ns_iters": [
          1069056,
          1068032,
          1063936,
          1063936,
          1083392,
          1063936,
          1065984,
          1064960,
          1076224,
          1062912,
          1062912,
          1062912,
          1062912,
          1071104,
          1063936,
          1067008,
          1062912,
          1087488,
          1065984,
          1065984,
          1064960,
          1061888,
          1064960,
          1067008,
          1063936,
          1061888,
          1075200,
          1074176,
          1064960,
          1061888
        ],
        "applicable": true
      },
      {
        "kernel": "onpair_shmem_4tpt_split4read_b128o12",
        "decode_ms": 0.969728,
        "decode_gib_s": 691.2817546886116,
        "decode_ns_iters": [
          976896,
          974848,
          980992,
          974848,
          974848,
          972800,
          975872,
          974848,
          973824,
          993280,
          973824,
          973824,
          970752,
          972800,
          969728,
          972800,
          984064,
          974848,
          972800,
          974848,
          972800,
          972800,
          971776,
          975872,
          987136,
          975872,
          978944,
          975872,
          972800,
          972800
        ],
        "applicable": true
      },
      {
        "kernel": "onpair_shmem_4tpt_cluster_dsmem",
        "decode_ms": 0.0,
        "decode_gib_s": 0.0,
        "applicable": false,
        "reason": "thread-block clusters require sm_90+ (device cc 8.x)"
      },
      {
        "kernel": "onpair_shmem_8tpt",
        "decode_ms": 0.958464,
        "decode_gib_s": 699.4057924039691,
        "decode_ns_iters": [
          964608,
          963584,
          972800,
          969728,
          963584,
          961536,
          961536,
          961536,
          959488,
          960512,
          971776,
          980992,
          963584,
          963584,
          961536,
          960512,
          960512,
          960512,
          958464,
          963584,
          972800,
          960512,
          960512,
          965632,
          961536,
          959488,
          959488,
          962560,
          972800,
          962560
        ],
        "applicable": true
      },
      {
        "kernel": "onpair_shmem_8tpt_b128",
        "decode_ms": 0.958464,
        "decode_gib_s": 699.4057924039691,
        "decode_ns_iters": [
          969728,
          963584,
          963584,
          960512,
          961536,
          960512,
          959488,
          959488,
          984064,
          961536,
          962560,
          959488,
          959488,
          962560,
          960512,
          959488,
          968704,
          963584,
          968704,
          975872,
          963584,
          964608,
          959488,
          961536,
          970752,
          962560,
          959488,
          960512,
          960512,
          958464
        ],
        "applicable": true
      },
      {
        "kernel": "onpair_shmem_4tpt_vwidth",
        "decode_ms": 1.754112,
        "decode_gib_s": 382.16218429078526,
        "decode_ns_iters": [
          1763328,
          1766400,
          1775616,
          1756160,
          1758208,
          1758208,
          1756160,
          1755136,
          1755136,
          1755136,
          1756160,
          1758208,
          1756160,
          1773568,
          1767424,
          1756160,
          1757184,
          1754112,
          1756160,
          1768448,
          1758208,
          1756160,
          1756160,
          1763328,
          1760256,
          1767424,
          1787904,
          1757184,
          1757184,
          1756160
        ],
        "applicable": true
      },
      {
        "kernel": "onpair_shmem_4tpt_vwidth_b128",
        "decode_ms": 4.237312,
        "decode_gib_s": 158.20295352588573,
        "decode_ns_iters": [
          4252672,
          4258816,
          4245504,
          4249600,
          4269056,
          4251648,
          4243456,
          4274176,
          4254720,
          4254720,
          4247552,
          4247552,
          4256768,
          4240384,
          4237312,
          4247552,
          4250624,
          4260864,
          4244480,
          4252672,
          4252672,
          4264960,
          4248576,
          4251648,
          4281344,
          4259840,
          4247552,
          4262912,
          4249600,
          4244480
        ],
        "applicable": true
      },
      {
        "kernel": "onpair_shmem_4tpt_vwidth4",
        "decode_ms": 1.205248,
        "decode_gib_s": 556.1969598046857,
        "decode_ns_iters": [
          1209344,
          1208320,
          1207296,
          1208320,
          1213440,
          1207296,
          1226752,
          1209344,
          1206272,
          1207296,
          1206272,
          1208320,
          1206272,
          1206272,
          1205248,
          1208320,
          1206272,
          1218560,
          1207296,
          1210368,
          1209344,
          1206272,
          1207296,
          1207296,
          1206272,
          1216512,
          1215488,
          1208320,
          1226752,
          1208320
        ],
        "applicable": true
      },
      {
        "kernel": "onpair_shmem_4tpt_vwidth4_b128",
        "decode_ms": 0.955392,
        "decode_gib_s": 701.6546856271331,
        "decode_ns_iters": [
          959488,
          958464,
          962560,
          962560,
          973824,
          964608,
          962560,
          957440,
          957440,
          961536,
          957440,
          957440,
          956416,
          967680,
          958464,
          956416,
          955392,
          956416,
          959488,
          957440,
          956416,
          971776,
          983040,
          959488,
          957440,
          957440,
          956416,
          959488,
          957440,
          956416
        ],
        "applicable": true
      },
      {
        "kernel": "onpair_shmem_4tpt_shdict8",
        "decode_ms": 1.639424,
        "decode_gib_s": 408.8968280387977,
        "decode_ns_iters": [
          1658880,
          1669120,
          1643520,
          1656832,
          1648640,
          1644544,
          1647616,
          1641472,
          1639424,
          1645568,
          1647616,
          1647616,
          1656832,
          1647616,
          1649664,
          1649664,
          1651712,
          1652736,
          1645568,
          1644544,
          1648640,
          1650688,
          1646592,
          1642496,
          1658880,
          1654784,
          1653760,
          1647616,
          1669120,
          1653760
        ],
        "applicable": true
      },
      {
        "kernel": "onpair_shmem_4tpt_ablate",
        "decode_ms": 0.96256,
        "decode_gib_s": 696.4295975426757,
        "decode_ns_iters": [
          966656,
          965632,
          964608,
          964608,
          963584,
          986112,
          965632,
          965632,
          963584,
          963584,
          963584,
          963584,
          962560,
          973824,
          967680,
          965632,
          963584,
          972800,
          964608,
          963584,
          962560,
          972800,
          971776,
          965632,
          966656,
          964608,
          965632,
          970752,
          963584,
          963584
        ],
        "applicable": true
      },
      {
        "kernel": "onpair_shmem_4tpt_ablate_nogather",
        "decode_ms": 0.85504,
        "decode_gib_s": 784.0045768743894,
        "decode_ns_iters": [
          862208,
          859136,
          857088,
          856064,
          873472,
          860160,
          856064,
          856064,
          855040,
          861184,
          857088,
          857088,
          855040,
          856064,
          868352,
          863232,
          858112,
          864256,
          860160,
          858112,
          859136,
          858112,
          858112,
          858112,
          857088,
          858112,
          857088,
          857088,
          856064,
          858112
        ],
        "applicable": true
      },
      {
        "kernel": "onpair_shmem_4tpt_ablate_noemit",
        "decode_ms": 0.821248,
        "decode_gib_s": 816.2641168205924,
        "decode_ns_iters": [
          828416,
          825344,
          825344,
          824320,
          822272,
          821248,
          827392,
          825344,
          825344,
          824320,
          825344,
          826368,
          822272,
          824320,
          827392,
          824320,
          827392,
          829440,
          836608,
          833536,
          833536,
          830464,
          844800,
          840704,
          842752,
          839680,
          840704,
          838656,
          833536,
          835584
        ],
        "applicable": true
      },
      {
        "kernel": "onpair_shmem_4tpt_ablate_nodrain",
        "decode_ms": 0.85504,
        "decode_gib_s": 784.0045768743894,
        "decode_ns_iters": [
          860160,
          859136,
          856064,
          857088,
          861184,
          858112,
          858112,
          857088,
          865280,
          859136,
          857088,
          857088,
          857088,
          855040,
          859136,
          858112,
          856064,
          856064,
          856064,
          857088,
          855040,
          856064,
          857088,
          856064,
          859136,
          861184,
          857088,
          857088,
          857088,
          855040
        ],
        "applicable": true
      },
      {
        "kernel": "onpair_shmem_4tpt_ablate_noscan",
        "decode_ms": 0.615424,
        "decode_gib_s": 1089.2576068055162,
        "decode_ns_iters": [
          623616,
          618496,
          616448,
          641024,
          617472,
          618496,
          618496,
          617472,
          615424,
          616448,
          618496,
          616448,
          625664,
          618496,
          616448,
          625664,
          623616,
          618496,
          619520,
          615424,
          618496,
          618496,
          617472,
          618496,
          617472,
          631808,
          618496,
          616448,
          616448,
          621568
        ],
        "applicable": true
      },
      {
        "kernel": "onpair_shmem_4tpt_ablate_cfree",
        "decode_ms": 0.826368,
        "decode_gib_s": 811.2067183272802,
        "decode_ns_iters": [
          830464,
          830464,
          826368,
          830464,
          827392,
          831488,
          831488,
          829440,
          829440,
          826368,
          833536,
          831488,
          827392,
          829440,
          829440,
          829440,
          834560,
          830464,
          830464,
          831488,
          831488,
          833536,
          828416,
          834560,
          828416,
          828416,
          827392,
          829440,
          831488,
          830464
        ],
        "applicable": true
      },
      {
        "kernel": "onpair_shmem_s8",
        "decode_ms": 0.0,
        "decode_gib_s": 0.0,
        "applicable": false,
        "reason": "dictionary entry longer than 8 bytes"
      },
      {
        "kernel": "onpair_shmem_s8_2tpt",
        "decode_ms": 0.0,
        "decode_gib_s": 0.0,
        "applicable": false,
        "reason": "dictionary entry longer than 8 bytes"
      },
      {
        "kernel": "onpair_shmem_s8_4tpt",
        "decode_ms": 0.0,
        "decode_gib_s": 0.0,
        "applicable": false,
        "reason": "dictionary entry longer than 8 bytes"
      },
      {
        "kernel": "onpair_shmem_s8_8tpt",
        "decode_ms": 0.0,
        "decode_gib_s": 0.0,
        "applicable": false,
        "reason": "dictionary entry longer than 8 bytes"
      },
      {
        "kernel": "onpair_shmem_s4l1",
        "decode_ms": 0.0,
        "decode_gib_s": 0.0,
        "applicable": false,
        "reason": "dictionary entry longer than 4 bytes"
      },
      {
        "kernel": "onpair_shmem_s4l1_2tpt",
        "decode_ms": 0.0,
        "decode_gib_s": 0.0,
        "applicable": false,
        "reason": "dictionary entry longer than 4 bytes"
      },
      {
        "kernel": "onpair_shmem_s4l1_4tpt",
        "decode_ms": 0.0,
        "decode_gib_s": 0.0,
        "applicable": false,
        "reason": "dictionary entry longer than 4 bytes"
      },
      {
        "kernel": "onpair_shmem_s4l1_8tpt",
        "decode_ms": 0.0,
        "decode_gib_s": 0.0,
        "applicable": false,
        "reason": "dictionary entry longer than 4 bytes"
      },
      {
        "kernel": "onpair_shmem_s4l1_16tpt",
        "decode_ms": 0.0,
        "decode_gib_s": 0.0,
        "applicable": false,
        "reason": "dictionary entry longer than 4 bytes"
      },
      {
        "kernel": "onpair_shmem_s4l1_32tpt",
        "decode_ms": 0.0,
        "decode_gib_s": 0.0,
        "applicable": false,
        "reason": "dictionary entry longer than 4 bytes"
      },
      {
        "kernel": "onpair_shmem_const1",
        "decode_ms": 0.0,
        "decode_gib_s": 0.0,
        "applicable": false,
        "reason": "not every dictionary entry is exactly 1 byte"
      },
      {
        "kernel": "onpair_shmem_const2",
        "decode_ms": 0.0,
        "decode_gib_s": 0.0,
        "applicable": false,
        "reason": "not every dictionary entry is exactly 2 bytes"
      }
    ]
  }
}
==PROF== Disconnected from process 19628
==PROF== Report: /home/ubuntu/work/ncu_costsurface_tpch-sf10_l_shipinstruct_b12.ncu-rep
