==PROF== Connected to process 20670 (/home/ubuntu/work/target/release/onpair-chunk-bench)
2026-07-06T03:49:58.031547Z  INFO vortex_cuda: vortex-cuda/src/lib.rs:111: Registering CUDA kernels
==PROF== Profiling "onpair_shmem_4tpt": 0%....50%....100% - 49 passes
==PROF== Profiling "onpair_shmem_4tpt": 0%....50%....100% - 49 passes
==PROF== Profiling "onpair_shmem_4tpt": 0%....50%....100% - 49 passes
==PROF== Profiling "onpair_shmem_4tpt": 0%....50%....100% - 49 passes
==PROF== Profiling "onpair_shmem_4tpt": 0%....50%....100% - 49 passes
==PROF== Profiling "onpair_shmem_4tpt": 0%....50%....100% - 49 passes
==PROF== Profiling "onpair_shmem_4tpt": 0%....50%....100% - 49 passes
==PROF== Profiling "onpair_shmem_4tpt": 0%....50%....100% - 49 passes
==PROF== Profiling "onpair_shmem_4tpt": 0%....50%....100% - 49 passes
==PROF== Profiling "onpair_shmem_4tpt": 0%....50%....100% - 50 passes
==PROF== Profiling "onpair_shmem_4tpt": 0%....50%....100% - 49 passes
==PROF== Profiling "onpair_shmem_4tpt": 0%....50%....100% - 49 passes
==PROF== Profiling "onpair_shmem_4tpt": 0%....50%....100% - 49 passes
==PROF== Profiling "onpair_shmem_4tpt": 0%....50%....100% - 49 passes
==PROF== Profiling "onpair_shmem_4tpt": 0%....50%....100% - 49 passes
==PROF== Profiling "onpair_shmem_4tpt": 0%....50%....100% - 49 passes
{
  "files": [
    "/home/ubuntu/work/vortex-bench/data/onpair-bench/tpch-sf10/l_shipinstruct/bits16_chunk1000mb_thr0.20/part_0000.vortex"
  ],
  "column": "l_shipinstruct",
  "rows": 59986052,
  "in_memory_bytes": 64498913,
  "dict_bytes": 435,
  "gpu": {
    "iterations": 30,
    "decoded_bytes": 719788494,
    "chunks": 1,
    "auto_kernel": "onpair_shmem_4tpt",
    "frac_le8": 0.40003875,
    "dict_mean_len": 9.599654,
    "dict_max_len": 16,
    "dict_entries_max": 296,
    "small_dict": true,
    "distinct_codes": 5,
    "access_top4096_frac": 1.0,
    "compressed_bytes": 149962073,
    "h2d_gib_s": 4.417187648182842,
    "whole_decompress_gib_s": 20.504364859606103,
    "best_kernel": "onpair_shmem_4tpt_split8read_occ",
    "auto_decode_ms": 1.0752,
    "best_decode_ms": 0.944128,
    "validated": false,
    "auto_decode_gib_s": 623.4703063715383,
    "best_decode_gib_s": 710.0258369740945,
    "kernels": [
      {
        "kernel": "onpair_shmem",
        "decode_ms": 1.476608,
        "decode_gib_s": 453.9832327948094,
        "decode_ns_iters": [
          1486848,
          1485824,
          1480704,
          1481728,
          1482752,
          1481728,
          1479680,
          1480704,
          1481728,
          1479680,
          1483776,
          1480704,
          1477632,
          1478656,
          1478656,
          1478656,
          1478656,
          1477632,
          1477632,
          1477632,
          1478656,
          1478656,
          1476608,
          1478656,
          1489920,
          1479680,
          1482752,
          1491968,
          1477632,
          1480704
        ],
        "applicable": true
      },
      {
        "kernel": "onpair_shmem_2tpt",
        "decode_ms": 1.297408,
        "decode_gib_s": 516.6880992029323,
        "decode_ns_iters": [
          1307648,
          1303552,
          1302528,
          1313792,
          1301504,
          1315840,
          1303552,
          1300480,
          1303552,
          1300480,
          1306624,
          1299456,
          1313792,
          1302528,
          1305600,
          1299456,
          1300480,
          1300480,
          1297408,
          1301504,
          1302528,
          1302528,
          1301504,
          1300480,
          1321984,
          1301504,
          1313792,
          1301504,
          1299456,
          1301504
        ],
        "applicable": true
      },
      {
        "kernel": "onpair_shmem_4tpt",
        "decode_ms": 1.0752,
        "decode_gib_s": 623.4703063715383,
        "decode_ns_iters": [
          3556916237,
          3553351641,
          3572182178,
          3557038069,
          3566413879,
          3554021597,
          3584906340,
          3673605204,
          3551408291,
          3574866056,
          3566119909,
          3557512283,
          3570801735,
          3579204559,
          1161216,
          1094656,
          1097728,
          1082368,
          1081344,
          1080320,
          1088512,
          1079296,
          1080320,
          1078272,
          1083392,
          1076224,
          1077248,
          1075200,
          1081344,
          1077248
        ],
        "applicable": true
      },
      {
        "kernel": "onpair_shmem_4tpt_wpb8",
        "decode_ms": 1.007616,
        "decode_gib_s": 665.2884366769463,
        "decode_ns_iters": [
          1027072,
          1012736,
          1017856,
          1012736,
          1010688,
          1009664,
          1018880,
          1008640,
          1012736,
          1008640,
          1008640,
          1008640,
          1026048,
          1009664,
          1008640,
          1010688,
          1008640,
          1008640,
          1010688,
          1013760,
          1009664,
          1011712,
          1009664,
          1024000,
          1008640,
          1017856,
          1009664,
          1009664,
          1007616,
          1019904
        ],
        "applicable": true
      },
      {
        "kernel": "onpair_shmem_4tpt_wpb8_occ",
        "decode_ms": 0.987136,
        "decode_gib_s": 679.0911013382937,
        "decode_ns_iters": [
          997376,
          998400,
          992256,
          992256,
          989184,
          989184,
          993280,
          989184,
          997376,
          989184,
          989184,
          987136,
          1001472,
          999424,
          993280,
          990208,
          994304,
          989184,
          1006592,
          990208,
          996352,
          989184,
          991232,
          989184,
          1011712,
          991232,
          994304,
          988160,
          988160,
          987136
        ],
        "applicable": true
      },
      {
        "kernel": "onpair_shmem_4tpt_b128",
        "decode_ms": 0.9728,
        "decode_gib_s": 689.0987596738054,
        "decode_ns_iters": [
          979968,
          1058816,
          991232,
          978944,
          977920,
          975872,
          975872,
          974848,
          985088,
          985088,
          976896,
          974848,
          977920,
          977920,
          974848,
          982016,
          974848,
          973824,
          973824,
          973824,
          973824,
          984064,
          980992,
          973824,
          972800,
          973824,
          972800,
          972800,
          972800,
          979968
        ],
        "applicable": true
      },
      {
        "kernel": "onpair_shmem_4tpt_o6",
        "decode_ms": 0.976896,
        "decode_gib_s": 686.209456698234,
        "decode_ns_iters": [
          999424,
          993280,
          991232,
          991232,
          988160,
          988160,
          999424,
          989184,
          988160,
          989184,
          990208,
          988160,
          999424,
          993280,
          988160,
          987136,
          987136,
          986112,
          990208,
          1002496,
          988160,
          986112,
          989184,
          977920,
          979968,
          976896,
          990208,
          982016,
          977920,
          977920
        ],
        "applicable": true
      },
      {
        "kernel": "onpair_shmem_4tpt_b512o3",
        "decode_ms": 0.976896,
        "decode_gib_s": 686.209456698234,
        "decode_ns_iters": [
          979968,
          976896,
          978944,
          976896,
          987136,
          978944,
          977920,
          978944,
          976896,
          980992,
          977920,
          1034240,
          991232,
          984064,
          983040,
          979968,
          978944,
          1001472,
          986112,
          984064,
          984064,
          980992,
          982016,
          984064,
          1003520,
          983040,
          982016,
          980992,
          980992,
          980992
        ],
        "applicable": true
      },
      {
        "kernel": "onpair_shmem_4tpt_b128o12",
        "decode_ms": 0.979968,
        "decode_gib_s": 684.0583298747285,
        "decode_ns_iters": [
          985088,
          984064,
          993280,
          985088,
          982016,
          982016,
          983040,
          988160,
          993280,
          984064,
          984064,
          985088,
          983040,
          979968,
          984064,
          1001472,
          984064,
          982016,
          983040,
          982016,
          980992,
          982016,
          992256,
          987136,
          983040,
          985088,
          986112,
          984064,
          993280,
          985088
        ],
        "applicable": true
      },
      {
        "kernel": "onpair_shmem_4tpt_b64",
        "decode_ms": 0.968704,
        "decode_gib_s": 692.0124965011788,
        "decode_ns_iters": [
          975872,
          972800,
          972800,
          970752,
          970752,
          968704,
          989184,
          973824,
          969728,
          969728,
          973824,
          969728,
          968704,
          987136,
          971776,
          968704,
          969728,
          970752,
          968704,
          968704,
          989184,
          971776,
          970752,
          969728,
          968704,
          969728,
          969728,
          989184,
          969728,
          972800
        ],
        "applicable": true
      },
      {
        "kernel": "onpair_shmem_4tpt_b64o24",
        "decode_ms": 0.97792,
        "decode_gib_s": 685.4909127645185,
        "decode_ns_iters": [
          986112,
          987136,
          986112,
          986112,
          993280,
          987136,
          984064,
          977920,
          978944,
          977920,
          978944,
          999424,
          980992,
          979968,
          977920,
          978944,
          979968,
          992256,
          988160,
          982016,
          978944,
          978944,
          982016,
          978944,
          985088,
          982016,
          977920,
          978944,
          977920,
          977920
        ],
        "applicable": true
      },
      {
        "kernel": "onpair_shmem_4tpt_split8read_b128o12",
        "decode_ms": 0.953344,
        "decode_gib_s": 703.1619996671484,
        "decode_ns_iters": [
          955392,
          956416,
          966656,
          957440,
          955392,
          953344,
          953344,
          953344,
          953344,
          953344,
          963584,
          955392,
          956416,
          954368,
          953344,
          956416,
          955392,
          964608,
          955392,
          954368,
          953344,
          954368,
          955392,
          953344,
          965632,
          956416,
          955392,
          953344,
          953344,
          953344
        ],
        "applicable": true
      },
      {
        "kernel": "onpair_shmem_4tpt_split8read_occ",
        "decode_ms": 0.944128,
        "decode_gib_s": 710.0258369740945,
        "decode_ns_iters": [
          953344,
          949248,
          947200,
          946176,
          960512,
          947200,
          947200,
          947200,
          945152,
          945152,
          945152,
          945152,
          955392,
          949248,
          945152,
          946176,
          947200,
          950272,
          944128,
          963584,
          948224,
          946176,
          944128,
          945152,
          945152,
          947200,
          945152,
          956416,
          947200,
          946176
        ],
        "applicable": true
      },
      {
        "kernel": "onpair_shmem_4tpt_split8",
        "decode_ms": 1.118208,
        "decode_gib_s": 599.4906792034021,
        "decode_ns_iters": [
          1135616,
          1131520,
          1126400,
          1123328,
          1123328,
          1140736,
          1131520,
          1121280,
          1120256,
          1121280,
          1120256,
          1119232,
          1130496,
          1118208,
          1119232,
          1130496,
          1120256,
          1120256,
          1122304,
          1123328,
          1120256,
          1118208,
          1132544,
          1125376,
          1122304,
          1150976,
          1121280,
          1121280,
          1119232,
          1119232
        ],
        "applicable": true
      },
      {
        "kernel": "onpair_shmem_4tpt_split8_wpb8",
        "decode_ms": 1.120256,
        "decode_gib_s": 598.3947181810926,
        "decode_ns_iters": [
          1128448,
          1127424,
          1128448,
          1125376,
          1128448,
          1125376,
          1125376,
          1125376,
          1146880,
          1124352,
          1123328,
          1123328,
          1125376,
          1122304,
          1124352,
          1130496,
          1122304,
          1122304,
          1139712,
          1125376,
          1123328,
          1120256,
          1125376,
          1124352,
          1124352,
          1131520,
          1123328,
          1123328,
          1122304,
          1131520
        ],
        "applicable": true
      },
      {
        "kernel": "onpair_shmem_4tpt_split8_wpb8_occ",
        "decode_ms": 1.096704,
        "decode_gib_s": 611.2453984034688,
        "decode_ns_iters": [
          1100800,
          1099776,
          1102848,
          1098752,
          1098752,
          1120256,
          1099776,
          1106944,
          1100800,
          1101824,
          1098752,
          1099776,
          1098752,
          1101824,
          1096704,
          1099776,
          1119232,
          1098752,
          1097728,
          1098752,
          1098752,
          1098752,
          1097728,
          1098752,
          1100800,
          1098752,
          1097728,
          1110016,
          1100800,
          1097728
        ],
        "applicable": true
      },
      {
        "kernel": "onpair_shmem_4tpt_pdict",
        "decode_ms": 1.241088,
        "decode_gib_s": 540.1351664109861,
        "decode_ns_iters": [
          1251328,
          1241088,
          1249280,
          1252352,
          1253376,
          1243136,
          1246208,
          1250304,
          1249280,
          1248256,
          1242112,
          1265664,
          1255424,
          1253376,
          1243136,
          1245184,
          1248256,
          1244160,
          1257472,
          1249280,
          1247232,
          1244160,
          1247232,
          1243136,
          1249280,
          1261568,
          1245184,
          1242112,
          1251328,
          1241088
        ],
        "applicable": true
      },
      {
        "kernel": "onpair_shmem_4tpt_vdict",
        "decode_ms": 1.7408,
        "decode_gib_s": 385.0846009941854,
        "decode_ns_iters": [
          1752064,
          1752064,
          1743872,
          1744896,
          1753088,
          1747968,
          1745920,
          1757184,
          1759232,
          1746944,
          1744896,
          1755136,
          1747968,
          1745920,
          1747968,
          1750016,
          1742848,
          1756160,
          1745920,
          1746944,
          1757184,
          1761280,
          1761280,
          1744896,
          1742848,
          1746944,
          1751040,
          1740800,
          1746944,
          1741824
        ],
        "applicable": true
      },
      {
        "kernel": "onpair_shmem_4tpt_split8read",
        "decode_ms": 1.01888,
        "decode_gib_s": 657.9334891357942,
        "decode_ns_iters": [
          1026048,
          1022976,
          1021952,
          1020928,
          1029120,
          1022976,
          1021952,
          1021952,
          1018880,
          1028096,
          1021952,
          1026048,
          1020928,
          1024000,
          1026048,
          1021952,
          1020928,
          1024000,
          1036288,
          1028096,
          1020928,
          1020928,
          1019904,
          1040384,
          1022976,
          1021952,
          1019904,
          1019904,
          1043456,
          1020928
        ],
        "applicable": true
      },
      {
        "kernel": "onpair_shmem_4tpt_ldcs",
        "decode_ms": 1.068032,
        "decode_gib_s": 627.6546708438304,
        "decode_ns_iters": [
          1073152,
          1073152,
          1071104,
          1078272,
          1071104,
          1070080,
          1068032,
          1073152,
          1073152,
          1070080,
          1069056,
          1074176,
          1071104,
          1072128,
          1072128,
          1075200,
          1071104,
          1070080,
          1069056,
          1078272,
          1070080,
          1069056,
          1075200,
          1084416,
          1071104,
          1074176,
          1069056,
          1078272,
          1069056,
          1070080
        ],
        "applicable": true
      },
      {
        "kernel": "onpair_shmem_4tpt_lenbucket",
        "decode_ms": 0.0,
        "decode_gib_s": 0.0,
        "applicable": false,
        "reason": "length-bucket dict not built (set ONPAIR_DICT_REORDER=lenbucket)"
      },
      {
        "kernel": "onpair_shmem_4tpt_lenbucket_b128",
        "decode_ms": 0.0,
        "decode_gib_s": 0.0,
        "applicable": false,
        "reason": "length-bucket dict not built (set ONPAIR_DICT_REORDER=lenbucket)"
      },
      {
        "kernel": "onpair_shmem_4tpt_regcache",
        "decode_ms": 1.079296,
        "decode_gib_s": 621.1041951519119,
        "decode_ns_iters": [
          1083392,
          1085440,
          1082368,
          1080320,
          1080320,
          1082368,
          1081344,
          1085440,
          1082368,
          1081344,
          1080320,
          1079296,
          1080320,
          1083392,
          1083392,
          1080320,
          1088512,
          1082368,
          1080320,
          1079296,
          1092608,
          1084416,
          1080320,
          1082368,
          1097728,
          1082368,
          1080320,
          1101824,
          1087488,
          1084416
        ],
        "applicable": true
      },
      {
        "kernel": "onpair_shmem_4tpt_split4read",
        "decode_ms": 1.068032,
        "decode_gib_s": 627.6546708438304,
        "decode_ns_iters": [
          1074176,
          1092608,
          1074176,
          1072128,
          1070080,
          1093632,
          1074176,
          1074176,
          1075200,
          1079296,
          1074176,
          1073152,
          1072128,
          1079296,
          1075200,
          1071104,
          1084416,
          1072128,
          1071104,
          1072128,
          1083392,
          1075200,
          1075200,
          1071104,
          1090560,
          1071104,
          1069056,
          1068032,
          1073152,
          1073152
        ],
        "applicable": true
      },
      {
        "kernel": "onpair_shmem_4tpt_split4read_b128o12",
        "decode_ms": 0.985088,
        "decode_gib_s": 680.5029331498077,
        "decode_ns_iters": [
          989184,
          988160,
          987136,
          992256,
          989184,
          989184,
          986112,
          989184,
          1005568,
          988160,
          986112,
          986112,
          985088,
          986112,
          989184,
          987136,
          986112,
          987136,
          986112,
          1004544,
          992256,
          987136,
          987136,
          986112,
          987136,
          988160,
          986112,
          987136,
          986112,
          986112
        ],
        "applicable": true
      },
      {
        "kernel": "onpair_shmem_4tpt_cluster_dsmem",
        "decode_ms": 0.0,
        "decode_gib_s": 0.0,
        "applicable": false,
        "reason": "thread-block clusters require sm_90+ (device cc 8.x)"
      },
      {
        "kernel": "onpair_shmem_8tpt",
        "decode_ms": 0.9728,
        "decode_gib_s": 689.0987596738054,
        "decode_ns_iters": [
          992256,
          977920,
          974848,
          974848,
          973824,
          974848,
          974848,
          979968,
          978944,
          974848,
          973824,
          975872,
          972800,
          993280,
          978944,
          976896,
          975872,
          974848,
          973824,
          975872,
          984064,
          973824,
          972800,
          982016,
          976896,
          973824,
          991232,
          976896,
          976896,
          973824
        ],
        "applicable": true
      },
      {
        "kernel": "onpair_shmem_8tpt_b128",
        "decode_ms": 0.9728,
        "decode_gib_s": 689.0987596738054,
        "decode_ns_iters": [
          978944,
          974848,
          972800,
          987136,
          975872,
          1017856,
          987136,
          982016,
          977920,
          996352,
          977920,
          975872,
          975872,
          978944,
          975872,
          973824,
          977920,
          978944,
          989184,
          986112,
          982016,
          978944,
          979968,
          974848,
          973824,
          974848,
          973824,
          973824,
          1018880,
          978944
        ],
        "applicable": true
      },
      {
        "kernel": "onpair_shmem_4tpt_vwidth",
        "decode_ms": 1.734656,
        "decode_gib_s": 386.4485370071518,
        "decode_ns_iters": [
          1742848,
          1756160,
          1756160,
          1746944,
          1742848,
          1743872,
          1738752,
          1769472,
          1741824,
          1738752,
          1738752,
          1742848,
          1758208,
          1746944,
          1737728,
          1737728,
          1735680,
          1735680,
          1735680,
          1735680,
          1734656,
          1737728,
          1742848,
          1742848,
          1760256,
          1751040,
          1736704,
          1737728,
          1734656,
          1734656
        ],
        "applicable": true
      },
      {
        "kernel": "onpair_shmem_4tpt_vwidth_b128",
        "decode_ms": 4.237312,
        "decode_gib_s": 158.20295352588573,
        "decode_ns_iters": [
          4269056,
          4242432,
          4243456,
          4247552,
          4252672,
          4253696,
          4244480,
          4247552,
          4241408,
          4256768,
          4242432,
          4242432,
          4237312,
          4241408,
          4249600,
          4252672,
          4240384,
          4251648,
          4252672,
          4249600,
          4241408,
          4259840,
          4241408,
          4251648,
          4259840,
          4242432,
          4247552,
          4239360,
          4260864,
          4246528
        ],
        "applicable": true
      },
      {
        "kernel": "onpair_shmem_4tpt_vwidth4",
        "decode_ms": 1.211392,
        "decode_gib_s": 553.3760115723712,
        "decode_ns_iters": [
          1219584,
          1215488,
          1223680,
          1214464,
          1214464,
          1220608,
          1215488,
          1234944,
          1213440,
          1216512,
          1213440,
          1214464,
          1227776,
          1218560,
          1213440,
          1215488,
          1212416,
          1211392,
          1215488,
          1214464,
          1221632,
          1213440,
          1215488,
          1214464,
          1217536,
          1232896,
          1214464,
          1215488,
          1213440,
          1213440
        ],
        "applicable": true
      },
      {
        "kernel": "onpair_shmem_4tpt_vwidth4_b128",
        "decode_ms": 0.964608,
        "decode_gib_s": 694.9509784396126,
        "decode_ns_iters": [
          970752,
          983040,
          978944,
          970752,
          971776,
          967680,
          967680,
          966656,
          986112,
          969728,
          969728,
          969728,
          972800,
          969728,
          967680,
          987136,
          968704,
          968704,
          965632,
          968704,
          970752,
          971776,
          974848,
          968704,
          966656,
          966656,
          964608,
          966656,
          966656,
          986112
        ],
        "applicable": true
      },
      {
        "kernel": "onpair_shmem_4tpt_shdict8",
        "decode_ms": 1.639424,
        "decode_gib_s": 408.8968280387977,
        "decode_ns_iters": [
          1650688,
          1642496,
          1664000,
          1647616,
          1647616,
          1644544,
          1642496,
          1645568,
          1657856,
          1664000,
          1642496,
          1643520,
          1668096,
          1645568,
          1642496,
          1659904,
          1653760,
          1645568,
          1646592,
          1643520,
          1639424,
          1668096,
          1646592,
          1647616,
          1646592,
          1649664,
          1640448,
          1660928,
          1653760,
          1643520
        ],
        "applicable": true
      },
      {
        "kernel": "onpair_shmem_4tpt_ablate",
        "decode_ms": 0.974848,
        "decode_gib_s": 687.6510732039025,
        "decode_ns_iters": [
          982016,
          978944,
          978944,
          978944,
          987136,
          983040,
          980992,
          977920,
          977920,
          976896,
          988160,
          979968,
          976896,
          977920,
          980992,
          977920,
          976896,
          982016,
          977920,
          977920,
          976896,
          974848,
          976896,
          986112,
          976896,
          982016,
          979968,
          975872,
          976896,
          984064
        ],
        "applicable": true
      },
      {
        "kernel": "onpair_shmem_4tpt_ablate_nogather",
        "decode_ms": 0.85504,
        "decode_gib_s": 784.0045768743894,
        "decode_ns_iters": [
          861184,
          860160,
          859136,
          857088,
          858112,
          860160,
          868352,
          873472,
          866304,
          866304,
          858112,
          856064,
          856064,
          860160,
          856064,
          855040,
          855040,
          858112,
          857088,
          857088,
          857088,
          860160,
          856064,
          856064,
          855040,
          856064,
          856064,
          859136,
          856064,
          856064
        ],
        "applicable": true
      },
      {
        "kernel": "onpair_shmem_4tpt_ablate_noemit",
        "decode_ms": 0.821248,
        "decode_gib_s": 816.2641168205924,
        "decode_ns_iters": [
          830464,
          831488,
          826368,
          828416,
          828416,
          824320,
          825344,
          825344,
          826368,
          827392,
          826368,
          826368,
          826368,
          821248,
          826368,
          824320,
          824320,
          823296,
          823296,
          823296,
          822272,
          825344,
          824320,
          826368,
          827392,
          825344,
          828416,
          824320,
          824320,
          825344
        ],
        "applicable": true
      },
      {
        "kernel": "onpair_shmem_4tpt_ablate_nodrain",
        "decode_ms": 0.869376,
        "decode_gib_s": 771.076350636178,
        "decode_ns_iters": [
          875520,
          872448,
          874496,
          874496,
          882688,
          888832,
          878592,
          872448,
          870400,
          873472,
          872448,
          874496,
          872448,
          871424,
          870400,
          870400,
          869376,
          869376,
          874496,
          875520,
          870400,
          869376,
          872448,
          870400,
          870400,
          871424,
          884736,
          887808,
          878592,
          871424
        ],
        "applicable": true
      },
      {
        "kernel": "onpair_shmem_4tpt_ablate_noscan",
        "decode_ms": 0.6144,
        "decode_gib_s": 1091.073036150192,
        "decode_ns_iters": [
          622592,
          643072,
          622592,
          618496,
          616448,
          616448,
          631808,
          619520,
          620544,
          618496,
          619520,
          618496,
          616448,
          614400,
          615424,
          623616,
          616448,
          619520,
          614400,
          617472,
          636928,
          620544,
          621568,
          617472,
          617472,
          627712,
          620544,
          616448,
          615424,
          617472
        ],
        "applicable": true
      },
      {
        "kernel": "onpair_shmem_4tpt_ablate_cfree",
        "decode_ms": 0.823296,
        "decode_gib_s": 814.2336090673074,
        "decode_ns_iters": [
          832512,
          834560,
          835584,
          832512,
          830464,
          828416,
          828416,
          826368,
          825344,
          827392,
          832512,
          830464,
          834560,
          828416,
          826368,
          826368,
          827392,
          828416,
          832512,
          828416,
          829440,
          837632,
          828416,
          830464,
          827392,
          828416,
          828416,
          828416,
          823296,
          827392
        ],
        "applicable": true
      },
      {
        "kernel": "onpair_shmem_s8",
        "decode_ms": 0.0,
        "decode_gib_s": 0.0,
        "applicable": false,
        "reason": "dictionary entry longer than 8 bytes"
      },
      {
        "kernel": "onpair_shmem_s8_2tpt",
        "decode_ms": 0.0,
        "decode_gib_s": 0.0,
        "applicable": false,
        "reason": "dictionary entry longer than 8 bytes"
      },
      {
        "kernel": "onpair_shmem_s8_4tpt",
        "decode_ms": 0.0,
        "decode_gib_s": 0.0,
        "applicable": false,
        "reason": "dictionary entry longer than 8 bytes"
      },
      {
        "kernel": "onpair_shmem_s8_8tpt",
        "decode_ms": 0.0,
        "decode_gib_s": 0.0,
        "applicable": false,
        "reason": "dictionary entry longer than 8 bytes"
      },
      {
        "kernel": "onpair_shmem_s4l1",
        "decode_ms": 0.0,
        "decode_gib_s": 0.0,
        "applicable": false,
        "reason": "dictionary entry longer than 4 bytes"
      },
      {
        "kernel": "onpair_shmem_s4l1_2tpt",
        "decode_ms": 0.0,
        "decode_gib_s": 0.0,
        "applicable": false,
        "reason": "dictionary entry longer than 4 bytes"
      },
      {
        "kernel": "onpair_shmem_s4l1_4tpt",
        "decode_ms": 0.0,
        "decode_gib_s": 0.0,
        "applicable": false,
        "reason": "dictionary entry longer than 4 bytes"
      },
      {
        "kernel": "onpair_shmem_s4l1_8tpt",
        "decode_ms": 0.0,
        "decode_gib_s": 0.0,
        "applicable": false,
        "reason": "dictionary entry longer than 4 bytes"
      },
      {
        "kernel": "onpair_shmem_s4l1_16tpt",
        "decode_ms": 0.0,
        "decode_gib_s": 0.0,
        "applicable": false,
        "reason": "dictionary entry longer than 4 bytes"
      },
      {
        "kernel": "onpair_shmem_s4l1_32tpt",
        "decode_ms": 0.0,
        "decode_gib_s": 0.0,
        "applicable": false,
        "reason": "dictionary entry longer than 4 bytes"
      },
      {
        "kernel": "onpair_shmem_const1",
        "decode_ms": 0.0,
        "decode_gib_s": 0.0,
        "applicable": false,
        "reason": "not every dictionary entry is exactly 1 byte"
      },
      {
        "kernel": "onpair_shmem_const2",
        "decode_ms": 0.0,
        "decode_gib_s": 0.0,
        "applicable": false,
        "reason": "not every dictionary entry is exactly 2 bytes"
      }
    ]
  }
}
==PROF== Disconnected from process 20670
==PROF== Report: /home/ubuntu/work/ncu_costsurface_tpch-sf10_l_shipinstruct_b16.ncu-rep
