==PROF== Connected to process 18575 (/home/ubuntu/work/target/release/onpair-chunk-bench)
2026-07-06T03:46:08.676148Z  INFO vortex_cuda: vortex-cuda/src/lib.rs:111: Registering CUDA kernels
==PROF== Profiling "onpair_shmem_4tpt": 0%....50%....100% - 49 passes
==PROF== Profiling "onpair_shmem_4tpt": 0%....50%....100% - 49 passes
==PROF== Profiling "onpair_shmem_4tpt": 0%....50%....100% - 49 passes
==PROF== Profiling "onpair_shmem_4tpt": 0%....50%....100% - 50 passes
==PROF== Profiling "onpair_shmem_4tpt": 0%....50%....100% - 49 passes
==PROF== Profiling "onpair_shmem_4tpt": 0%....50%....100% - 50 passes
==PROF== Profiling "onpair_shmem_4tpt": 0%....50%....100% - 49 passes
==PROF== Profiling "onpair_shmem_4tpt": 0%....50%....100% - 49 passes
==PROF== Profiling "onpair_shmem_4tpt": 0%....50%....100% - 49 passes
==PROF== Profiling "onpair_shmem_4tpt": 0%....50%....100% - 50 passes
==PROF== Profiling "onpair_shmem_4tpt": 0%....50%....100% - 49 passes
==PROF== Profiling "onpair_shmem_4tpt": 0%....50%....100% - 49 passes
==PROF== Profiling "onpair_shmem_4tpt": 0%....50%....100% - 49 passes
==PROF== Profiling "onpair_shmem_4tpt": 0%....50%....100% - 49 passes
==PROF== Profiling "onpair_shmem_4tpt": 0%....50%....100% - 49 passes
==PROF== Profiling "onpair_shmem_4tpt": 0%....50%....100% - 49 passes
{
  "files": [
    "/home/ubuntu/work/vortex-bench/data/onpair-bench/tpch-sf10/ps_comment/bits16_chunk1000mb_thr0.20/part_0000.vortex"
  ],
  "column": "ps_comment",
  "rows": 8000000,
  "in_memory_bytes": 170047202,
  "dict_bytes": 776057,
  "gpu": {
    "iterations": 30,
    "decoded_bytes": 987934065,
    "chunks": 1,
    "auto_kernel": "onpair_shmem_4tpt",
    "frac_le8": 0.15840565,
    "dict_mean_len": 12.717211,
    "dict_max_len": 16,
    "dict_entries_max": 65258,
    "small_dict": false,
    "distinct_codes": 65033,
    "access_top4096_frac": 0.51380765,
    "compressed_bytes": 156210949,
    "h2d_gib_s": 4.398865240569805,
    "whole_decompress_gib_s": 25.86515817568536,
    "best_kernel": "onpair_shmem_4tpt_b128",
    "auto_decode_ms": 2.499584,
    "best_decode_ms": 2.179072,
    "validated": false,
    "auto_decode_gib_s": 368.09536985599823,
    "best_decode_gib_s": 422.2372170199679,
    "kernels": [
      {
        "kernel": "onpair_shmem",
        "decode_ms": 2.550784,
        "decode_gib_s": 360.7068638372106,
        "decode_ns_iters": [
          2752512,
          2753536,
          2755584,
          2765824,
          2762752,
          2745344,
          2745344,
          2748416,
          2576384,
          2551808,
          2550784,
          2551808,
          2550784,
          2551808,
          2558976,
          2552832,
          2554880,
          2554880,
          2553856,
          2550784,
          2550784,
          2555904,
          2553856,
          2550784,
          2550784,
          2551808,
          2578432,
          2553856,
          2563072,
          2554880
        ],
        "applicable": true
      },
      {
        "kernel": "onpair_shmem_2tpt",
        "decode_ms": 2.4832,
        "decode_gib_s": 370.52404033752237,
        "decode_ns_iters": [
          2508800,
          2489344,
          2491392,
          2512896,
          2489344,
          2484224,
          2508800,
          2484224,
          2484224,
          2504704,
          2483200,
          2491392,
          2491392,
          2505728,
          2506752,
          2525184,
          2498560,
          2494464,
          2505728,
          2493440,
          2490368,
          2496512,
          2494464,
          2492416,
          2491392,
          2499584,
          2494464,
          2496512,
          2500608,
          2495488
        ],
        "applicable": true
      },
      {
        "kernel": "onpair_shmem_4tpt",
        "decode_ms": 2.499584,
        "decode_gib_s": 368.09536985599823,
        "decode_ns_iters": [
          3669283867,
          3793091536,
          3692247152,
          3782501459,
          3658641338,
          3677036524,
          3668230295,
          3791650772,
          3668000698,
          3674439669,
          3666162491,
          3682562113,
          3668346882,
          3671915531,
          2588672,
          2527232,
          2513920,
          2506752,
          2506752,
          2504704,
          2504704,
          2503680,
          2504704,
          2503680,
          2505728,
          2499584,
          2515968,
          2505728,
          2501632,
          2518016
        ],
        "applicable": true
      },
      {
        "kernel": "onpair_shmem_4tpt_wpb8",
        "decode_ms": 3.437568,
        "decode_gib_s": 267.6558825792349,
        "decode_ns_iters": [
          3442688,
          3442688,
          3441664,
          3442688,
          3443712,
          3451904,
          3439616,
          3460096,
          3442688,
          3439616,
          3437568,
          3446784,
          3444736,
          3437568,
          3441664,
          3440640,
          3438592,
          3465216,
          3448832,
          3447808,
          3447808,
          3442688,
          3438592,
          3440640,
          3442688,
          3440640,
          3438592,
          3440640,
          3461120,
          3440640
        ],
        "applicable": true
      },
      {
        "kernel": "onpair_shmem_4tpt_wpb8_occ",
        "decode_ms": 2.23232,
        "decode_gib_s": 412.1655035864641,
        "decode_ns_iters": [
          2518016,
          2520064,
          2527232,
          2518016,
          2516992,
          2515968,
          2518016,
          2536448,
          2535424,
          2516992,
          2516992,
          2515968,
          2513920,
          2532352,
          2518016,
          2519040,
          2515968,
          2525184,
          2518016,
          2515968,
          2536448,
          2518016,
          2272256,
          2246656,
          2239488,
          2233344,
          2255872,
          2233344,
          2232320,
          2235392
        ],
        "applicable": true
      },
      {
        "kernel": "onpair_shmem_4tpt_b128",
        "decode_ms": 2.179072,
        "decode_gib_s": 422.2372170199679,
        "decode_ns_iters": [
          2183168,
          2183168,
          2185216,
          2180096,
          2182144,
          2179072,
          2202624,
          2183168,
          2180096,
          2210816,
          2182144,
          2181120,
          2181120,
          2179072,
          2183168,
          2182144,
          2194432,
          2181120,
          2182144,
          2182144,
          2179072,
          2192384,
          2187264,
          2199552,
          2182144,
          2180096,
          2190336,
          2184192,
          2181120,
          2189312
        ],
        "applicable": true
      },
      {
        "kernel": "onpair_shmem_4tpt_o6",
        "decode_ms": 2.501632,
        "decode_gib_s": 367.79402284833884,
        "decode_ns_iters": [
          2507776,
          2511872,
          2531328,
          2513920,
          2511872,
          2508800,
          2505728,
          2505728,
          2526208,
          2506752,
          2501632,
          2522112,
          2506752,
          2505728,
          2522112,
          2504704,
          2503680,
          2535424,
          2505728,
          2507776,
          2502656,
          2503680,
          2502656,
          2518016,
          2504704,
          2506752,
          2505728,
          2504704,
          2506752,
          2514944
        ],
        "applicable": true
      },
      {
        "kernel": "onpair_shmem_4tpt_b512o3",
        "decode_ms": 2.512896,
        "decode_gib_s": 366.1453943840634,
        "decode_ns_iters": [
          2534400,
          2519040,
          2522112,
          2552832,
          2519040,
          2519040,
          2522112,
          2513920,
          2514944,
          2514944,
          2513920,
          2519040,
          2512896,
          2526208,
          2522112,
          2513920,
          2545664,
          2518016,
          2516992,
          2534400,
          2565120,
          2531328,
          2523136,
          2551808,
          2525184,
          2516992,
          2524160,
          2515968,
          2529280,
          2520064
        ],
        "applicable": true
      },
      {
        "kernel": "onpair_shmem_4tpt_b128o12",
        "decode_ms": 2.538496,
        "decode_gib_s": 362.4529236863621,
        "decode_ns_iters": [
          2557952,
          2554880,
          2544640,
          2550784,
          2557952,
          2546688,
          2552832,
          2551808,
          2548736,
          2574336,
          2562048,
          2551808,
          2545664,
          2540544,
          2567168,
          2566144,
          2557952,
          2543616,
          2546688,
          2541568,
          2542592,
          2538496,
          2542592,
          2558976,
          2544640,
          2542592,
          2568192,
          2554880,
          2543616,
          2542592
        ],
        "applicable": true
      },
      {
        "kernel": "onpair_shmem_4tpt_b64",
        "decode_ms": 2.182144,
        "decode_gib_s": 421.6427957853082,
        "decode_ns_iters": [
          2210816,
          2189312,
          2207744,
          2188288,
          2191360,
          2196480,
          2187264,
          2185216,
          2183168,
          2187264,
          2198528,
          2183168,
          2187264,
          2207744,
          2188288,
          2198528,
          2194432,
          2187264,
          2198528,
          2189312,
          2183168,
          2205696,
          2187264,
          2186240,
          2203648,
          2187264,
          2184192,
          2182144,
          2182144,
          2183168
        ],
        "applicable": true
      },
      {
        "kernel": "onpair_shmem_4tpt_b64o24",
        "decode_ms": 2.540544,
        "decode_gib_s": 362.160740757151,
        "decode_ns_iters": [
          2548736,
          2566144,
          2546688,
          2546688,
          2548736,
          2544640,
          2543616,
          2549760,
          2561024,
          2553856,
          2553856,
          2540544,
          2548736,
          2552832,
          2545664,
          2548736,
          2540544,
          2563072,
          2551808,
          2564096,
          2544640,
          2544640,
          2554880,
          2543616,
          2551808,
          2542592,
          2562048,
          2540544,
          2545664,
          2558976
        ],
        "applicable": true
      },
      {
        "kernel": "onpair_shmem_4tpt_split8read_b128o12",
        "decode_ms": 3.310592,
        "decode_gib_s": 277.9216819729328,
        "decode_ns_iters": [
          3315712,
          3336192,
          3316736,
          3344384,
          3313664,
          3347456,
          3324928,
          3323904,
          3315712,
          3312640,
          3328000,
          3317760,
          3325952,
          3322880,
          3315712,
          3315712,
          3311616,
          3310592,
          3311616,
          3332096,
          3324928,
          3348480,
          3324928,
          3317760,
          3330048,
          3318784,
          3316736,
          3326976,
          3317760,
          3339264
        ],
        "applicable": true
      },
      {
        "kernel": "onpair_shmem_4tpt_split8read_occ",
        "decode_ms": 2.934784,
        "decode_gib_s": 313.5103970057542,
        "decode_ns_iters": [
          2941952,
          2959360,
          2960384,
          2942976,
          2956288,
          2954240,
          2949120,
          2963456,
          2944000,
          2959360,
          2959360,
          2951168,
          2944000,
          2964480,
          2945024,
          2938880,
          2961408,
          2940928,
          2936832,
          2936832,
          2942976,
          2936832,
          2934784,
          2934784,
          2948096,
          2951168,
          2941952,
          2953216,
          2937856,
          2935808
        ],
        "applicable": true
      },
      {
        "kernel": "onpair_shmem_4tpt_split8",
        "decode_ms": 2.256896,
        "decode_gib_s": 407.6773129847966,
        "decode_ns_iters": [
          2264064,
          2260992,
          2281472,
          2259968,
          2280448,
          2267136,
          2263040,
          2259968,
          2257920,
          2277376,
          2274304,
          2272256,
          2260992,
          2268160,
          2269184,
          2262016,
          2256896,
          2256896,
          2260992,
          2258944,
          2269184,
          2259968,
          2256896,
          2266112,
          2258944,
          2257920,
          2266112,
          2282496,
          2257920,
          2258944
        ],
        "applicable": true
      },
      {
        "kernel": "onpair_shmem_4tpt_split8_wpb8",
        "decode_ms": 3.15904,
        "decode_gib_s": 291.254715662396,
        "decode_ns_iters": [
          3163136,
          3165184,
          3166208,
          3162112,
          3159040,
          3159040,
          3168256,
          3162112,
          3160064,
          3169280,
          3162112,
          3165184,
          3161088,
          3176448,
          3166208,
          3168256,
          3181568,
          3162112,
          3160064,
          3185664,
          3163136,
          3161088,
          3187712,
          3162112,
          3160064,
          3183616,
          3163136,
          3162112,
          3170304,
          3192832
        ],
        "applicable": true
      },
      {
        "kernel": "onpair_shmem_4tpt_split8_wpb8_occ",
        "decode_ms": 2.251776,
        "decode_gib_s": 408.60427367825906,
        "decode_ns_iters": [
          2258944,
          2255872,
          2258944,
          2260992,
          2286592,
          2264064,
          2255872,
          2266112,
          2256896,
          2253824,
          2256896,
          2274304,
          2257920,
          2275328,
          2256896,
          2282496,
          2262016,
          2255872,
          2258944,
          2283520,
          2266112,
          2256896,
          2276352,
          2254848,
          2253824,
          2258944,
          2263040,
          2253824,
          2251776,
          2276352
        ],
        "applicable": true
      },
      {
        "kernel": "onpair_shmem_4tpt_pdict",
        "decode_ms": 0.0,
        "decode_gib_s": 0.0,
        "applicable": false,
        "reason": "padded dict needs 1126032 B shared, over 102400 B cap"
      },
      {
        "kernel": "onpair_shmem_4tpt_vdict",
        "decode_ms": 0.0,
        "decode_gib_s": 0.0,
        "applicable": false,
        "reason": "packed dict needs 792720 B shared, over 102400 B cap"
      },
      {
        "kernel": "onpair_shmem_4tpt_split8read",
        "decode_ms": 2.832384,
        "decode_gib_s": 324.8448292908502,
        "decode_ns_iters": [
          2841600,
          2838528,
          2837504,
          2846720,
          2845696,
          2838528,
          2837504,
          2837504,
          2832384,
          2832384,
          2835456,
          2845696,
          2838528,
          2834432,
          2837504,
          2843648,
          2837504,
          2841600,
          2835456,
          2854912,
          2841600,
          2834432,
          2849792,
          2852864,
          2841600,
          2847744,
          2842624,
          2839552,
          2835456,
          2838528
        ],
        "applicable": true
      },
      {
        "kernel": "onpair_shmem_4tpt_ldcs",
        "decode_ms": 2.212864,
        "decode_gib_s": 415.78935576977864,
        "decode_ns_iters": [
          2228224,
          2219008,
          2217984,
          2217984,
          2217984,
          2219008,
          2222080,
          2227200,
          2220032,
          2216960,
          2223104,
          2216960,
          2238464,
          2216960,
          2213888,
          2228224,
          2219008,
          2241536,
          2215936,
          2214912,
          2223104,
          2212864,
          2235392,
          2217984,
          2215936,
          2229248,
          2223104,
          2231296,
          2249728,
          2225152
        ],
        "applicable": true
      },
      {
        "kernel": "onpair_shmem_4tpt_lenbucket",
        "decode_ms": 0.0,
        "decode_gib_s": 0.0,
        "applicable": false,
        "reason": "length-bucket dict not built (set ONPAIR_DICT_REORDER=lenbucket)"
      },
      {
        "kernel": "onpair_shmem_4tpt_lenbucket_b128",
        "decode_ms": 0.0,
        "decode_gib_s": 0.0,
        "applicable": false,
        "reason": "length-bucket dict not built (set ONPAIR_DICT_REORDER=lenbucket)"
      },
      {
        "kernel": "onpair_shmem_4tpt_regcache",
        "decode_ms": 2.248704,
        "decode_gib_s": 409.1624762379288,
        "decode_ns_iters": [
          2254848,
          2253824,
          2264064,
          2274304,
          2253824,
          2251776,
          2253824,
          2253824,
          2253824,
          2250752,
          2272256,
          2251776,
          2248704,
          2259968,
          2257920,
          2282496,
          2256896,
          2267136,
          2255872,
          2272256,
          2252800,
          2250752,
          2252800,
          2249728,
          2254848,
          2250752,
          2270208,
          2250752,
          2250752,
          2249728
        ],
        "applicable": true
      },
      {
        "kernel": "onpair_shmem_4tpt_split4read",
        "decode_ms": 3.040256,
        "decode_gib_s": 302.6341521786769,
        "decode_ns_iters": [
          3044352,
          3082240,
          3049472,
          3043328,
          3051520,
          3063808,
          3047424,
          3044352,
          3045376,
          3044352,
          3043328,
          3050496,
          3045376,
          3042304,
          3061760,
          3055616,
          3051520,
          3050496,
          3078144,
          3068928,
          3049472,
          3046400,
          3048448,
          3053568,
          3044352,
          3040256,
          3062784,
          3060736,
          3042304,
          3046400
        ],
        "applicable": true
      },
      {
        "kernel": "onpair_shmem_4tpt_split4read_b128o12",
        "decode_ms": 3.622912,
        "decode_gib_s": 253.96291628561102,
        "decode_ns_iters": [
          3638272,
          3642368,
          3630080,
          3635200,
          3625984,
          3622912,
          3644416,
          3645440,
          3631104,
          3624960,
          3636224,
          3629056,
          3636224,
          3623936,
          3637248,
          3631104,
          3627008,
          3637248,
          3631104,
          3624960,
          3623936,
          3629056,
          3623936,
          3627008,
          3641344,
          3624960,
          3637248,
          3630080,
          3629056,
          3634176
        ],
        "applicable": true
      },
      {
        "kernel": "onpair_shmem_4tpt_cluster_dsmem",
        "decode_ms": 0.0,
        "decode_gib_s": 0.0,
        "applicable": false,
        "reason": "thread-block clusters require sm_90+ (device cc 8.x)"
      },
      {
        "kernel": "onpair_shmem_8tpt",
        "decode_ms": 3.422208,
        "decode_gib_s": 268.8572105979927,
        "decode_ns_iters": [
          3432448,
          3425280,
          3422208,
          3440640,
          3427328,
          3423232,
          3448832,
          3453952,
          3431424,
          3439616,
          3433472,
          3428352,
          3430400,
          3428352,
          3435520,
          3423232,
          3436544,
          3431424,
          3428352,
          3431424,
          3432448,
          3439616,
          3435520,
          3425280,
          3442688,
          3468288,
          3436544,
          3478528,
          3461120,
          3434496
        ],
        "applicable": true
      },
      {
        "kernel": "onpair_shmem_8tpt_b128",
        "decode_ms": 3.489792,
        "decode_gib_s": 263.6504688434542,
        "decode_ns_iters": [
          3550208,
          3521536,
          3491840,
          3491840,
          3494912,
          3503104,
          3503104,
          3512320,
          3491840,
          3495936,
          3501056,
          3511296,
          3493888,
          3515392,
          3532800,
          3501056,
          3504128,
          3495936,
          3505152,
          3493888,
          3507200,
          3491840,
          3506176,
          3519488,
          3528704,
          3490816,
          3494912,
          3500032,
          3496960,
          3489792
        ],
        "applicable": true
      },
      {
        "kernel": "onpair_shmem_4tpt_vwidth",
        "decode_ms": 6.648832,
        "decode_gib_s": 138.3829967377933,
        "decode_ns_iters": [
          6670336,
          6671360,
          6664192,
          6672384,
          6648832,
          6663168,
          6654976,
          6670336,
          6657024,
          6674432,
          6684672,
          6672384,
          6660096,
          6659072,
          6654976,
          6678528,
          6673408,
          6688768,
          6674432,
          6672384,
          6671360,
          6671360,
          6672384,
          6674432,
          6675456,
          6680576,
          6671360,
          6674432,
          6672384,
          6672384
        ],
        "applicable": true
      },
      {
        "kernel": "onpair_shmem_4tpt_vwidth_b128",
        "decode_ms": 8.991744,
        "decode_gib_s": 102.32556631573757,
        "decode_ns_iters": [
          9008128,
          9005057,
          9006079,
          9018368,
          9015296,
          9008128,
          8997887,
          9009153,
          9014272,
          9013249,
          8996865,
          8991744,
          9004032,
          9010175,
          9005057,
          9013249,
          8998912,
          8995840,
          9050112,
          9031680,
          9017345,
          9026560,
          9039872,
          9006079,
          9015296,
          9017345,
          9027584,
          9014272,
          9003008,
          9020416
        ],
        "applicable": true
      },
      {
        "kernel": "onpair_shmem_4tpt_vwidth4",
        "decode_ms": 2.635776,
        "decode_gib_s": 349.07567902816305,
        "decode_ns_iters": [
          2686976,
          2649088,
          2642944,
          2644992,
          2666496,
          2641920,
          2674688,
          2639872,
          2638848,
          2655232,
          2640896,
          2638848,
          2656256,
          2639872,
          2647040,
          2641920,
          2635776,
          2653184,
          2655232,
          2639872,
          2638848,
          2663424,
          2659328,
          2647040,
          2652160,
          2640896,
          2654208,
          2642944,
          2637824,
          2654208
        ],
        "applicable": true
      },
      {
        "kernel": "onpair_shmem_4tpt_vwidth4_b128",
        "decode_ms": 2.895872,
        "decode_gib_s": 317.723054391263,
        "decode_ns_iters": [
          2906112,
          2909184,
          2921472,
          2953216,
          2909184,
          2903040,
          2906112,
          2910208,
          2902016,
          2899968,
          2930688,
          2917376,
          2905088,
          2923520,
          2900992,
          2911232,
          2897920,
          2895872,
          2899968,
          2908160,
          2896896,
          2895872,
          2900992,
          2898944,
          2908160,
          2919424,
          2920448,
          2903040,
          2896896,
          2899968
        ],
        "applicable": true
      },
      {
        "kernel": "onpair_shmem_4tpt_shdict8",
        "decode_ms": 0.0,
        "decode_gib_s": 0.0,
        "applicable": false,
        "reason": "dict_s8 + staging needs 603968 B shared, over 229376 B cap"
      },
      {
        "kernel": "onpair_shmem_4tpt_ablate",
        "decode_ms": 2.537472,
        "decode_gib_s": 362.5991920171475,
        "decode_ns_iters": [
          2544640,
          2544640,
          2545664,
          2540544,
          2542592,
          2555904,
          2541568,
          2537472,
          2538496,
          2538496,
          2542592,
          2641920,
          2564096,
          2557952,
          2550784,
          2546688,
          2562048,
          2542592,
          2543616,
          2557952,
          2543616,
          2542592,
          2556928,
          2543616,
          2546688,
          2541568,
          2548736,
          2558976,
          2539520,
          2541568
        ],
        "applicable": true
      },
      {
        "kernel": "onpair_shmem_4tpt_ablate_nogather",
        "decode_ms": 1.399808,
        "decode_gib_s": 657.2939267143319,
        "decode_ns_iters": [
          1410048,
          1408000,
          1422336,
          1430528,
          1418240,
          1422336,
          1409024,
          1422336,
          1405952,
          1402880,
          1404928,
          1402880,
          1400832,
          1403904,
          1422336,
          1402880,
          1402880,
          1402880,
          1404928,
          1410048,
          1404928,
          1420288,
          1403904,
          1401856,
          1401856,
          1399808,
          1427456,
          1410048,
          1410048,
          1403904
        ],
        "applicable": true
      },
      {
        "kernel": "onpair_shmem_4tpt_ablate_noemit",
        "decode_ms": 1.21344,
        "decode_gib_s": 758.2453990029466,
        "decode_ns_iters": [
          1224704,
          1224704,
          1217536,
          1217536,
          1215488,
          1223680,
          1219584,
          1216512,
          1215488,
          1232896,
          1216512,
          1213440,
          1245184,
          1221632,
          1251328,
          1218560,
          1217536,
          1219584,
          1222656,
          1233920,
          1217536,
          1215488,
          1217536,
          1214464,
          1214464,
          1217536,
          1215488,
          1218560,
          1214464,
          1219584
        ],
        "applicable": true
      },
      {
        "kernel": "onpair_shmem_4tpt_ablate_nodrain",
        "decode_ms": 2.29888,
        "decode_gib_s": 400.23198121090945,
        "decode_ns_iters": [
          2301952,
          2304000,
          2302976,
          2318336,
          2305024,
          2299904,
          2300928,
          2305024,
          2299904,
          2316288,
          2301952,
          2333696,
          2326528,
          2327552,
          2306048,
          2316288,
          2328576,
          2309120,
          2311168,
          2305024,
          2300928,
          2334720,
          2306048,
          2319360,
          2298880,
          2320384,
          2301952,
          2304000,
          2301952,
          2320384
        ],
        "applicable": true
      },
      {
        "kernel": "onpair_shmem_4tpt_ablate_noscan",
        "decode_ms": 3.012608,
        "decode_gib_s": 305.4115560226008,
        "decode_ns_iters": [
          3024896,
          3046400,
          3032064,
          3075072,
          3050496,
          3028992,
          3023872,
          3018752,
          3019776,
          3042304,
          3040256,
          3022848,
          3033088,
          3020800,
          3018752,
          3012608,
          3016704,
          3031040,
          3019776,
          3025920,
          3026944,
          3024896,
          3060736,
          3030016,
          3024896,
          3018752,
          3033088,
          3037184,
          3021824,
          3017728
        ],
        "applicable": true
      },
      {
        "kernel": "onpair_shmem_4tpt_ablate_cfree",
        "decode_ms": 2.511872,
        "decode_gib_s": 366.2946587111666,
        "decode_ns_iters": [
          2519040,
          2521088,
          2527232,
          2520064,
          2514944,
          2513920,
          2516992,
          2515968,
          2537472,
          2522112,
          2532352,
          2520064,
          2513920,
          2511872,
          2514944,
          2512896,
          2518016,
          2511872,
          2513920,
          2515968,
          2513920,
          2535424,
          2516992,
          2512896,
          2533376,
          2527232,
          2518016,
          2515968,
          2512896,
          2511872
        ],
        "applicable": true
      },
      {
        "kernel": "onpair_shmem_s8",
        "decode_ms": 0.0,
        "decode_gib_s": 0.0,
        "applicable": false,
        "reason": "dictionary entry longer than 8 bytes"
      },
      {
        "kernel": "onpair_shmem_s8_2tpt",
        "decode_ms": 0.0,
        "decode_gib_s": 0.0,
        "applicable": false,
        "reason": "dictionary entry longer than 8 bytes"
      },
      {
        "kernel": "onpair_shmem_s8_4tpt",
        "decode_ms": 0.0,
        "decode_gib_s": 0.0,
        "applicable": false,
        "reason": "dictionary entry longer than 8 bytes"
      },
      {
        "kernel": "onpair_shmem_s8_8tpt",
        "decode_ms": 0.0,
        "decode_gib_s": 0.0,
        "applicable": false,
        "reason": "dictionary entry longer than 8 bytes"
      },
      {
        "kernel": "onpair_shmem_s4l1",
        "decode_ms": 0.0,
        "decode_gib_s": 0.0,
        "applicable": false,
        "reason": "dictionary entry longer than 4 bytes"
      },
      {
        "kernel": "onpair_shmem_s4l1_2tpt",
        "decode_ms": 0.0,
        "decode_gib_s": 0.0,
        "applicable": false,
        "reason": "dictionary entry longer than 4 bytes"
      },
      {
        "kernel": "onpair_shmem_s4l1_4tpt",
        "decode_ms": 0.0,
        "decode_gib_s": 0.0,
        "applicable": false,
        "reason": "dictionary entry longer than 4 bytes"
      },
      {
        "kernel": "onpair_shmem_s4l1_8tpt",
        "decode_ms": 0.0,
        "decode_gib_s": 0.0,
        "applicable": false,
        "reason": "dictionary entry longer than 4 bytes"
      },
      {
        "kernel": "onpair_shmem_s4l1_16tpt",
        "decode_ms": 0.0,
        "decode_gib_s": 0.0,
        "applicable": false,
        "reason": "dictionary entry longer than 4 bytes"
      },
      {
        "kernel": "onpair_shmem_s4l1_32tpt",
        "decode_ms": 0.0,
        "decode_gib_s": 0.0,
        "applicable": false,
        "reason": "dictionary entry longer than 4 bytes"
      },
      {
        "kernel": "onpair_shmem_const1",
        "decode_ms": 0.0,
        "decode_gib_s": 0.0,
        "applicable": false,
        "reason": "not every dictionary entry is exactly 1 byte"
      },
      {
        "kernel": "onpair_shmem_const2",
        "decode_ms": 0.0,
        "decode_gib_s": 0.0,
        "applicable": false,
        "reason": "not every dictionary entry is exactly 2 bytes"
      }
    ]
  }
}
==PROF== Disconnected from process 18575
==PROF== Report: /home/ubuntu/work/ncu_costsurface_tpch-sf10_ps_comment_b16.ncu-rep
