==PROF== Connected to process 21729 (/home/ubuntu/work/target/release/onpair-chunk-bench)
2026-07-06T03:51:37.057139Z  INFO vortex_cuda: vortex-cuda/src/lib.rs:111: Registering CUDA kernels
==PROF== Profiling "onpair_shmem_4tpt": 0%....50%....100% - 49 passes
==PROF== Profiling "onpair_shmem_4tpt": 0%....50%....100% - 49 passes
==PROF== Profiling "onpair_shmem_4tpt": 0%....50%....100% - 50 passes
==PROF== Profiling "onpair_shmem_4tpt": 0%....50%....100% - 49 passes
==PROF== Profiling "onpair_shmem_4tpt": 0%....50%....100% - 49 passes
==PROF== Profiling "onpair_shmem_4tpt": 0%....50%....100% - 49 passes
==PROF== Profiling "onpair_shmem_4tpt": 0%....50%....100% - 50 passes
==PROF== Profiling "onpair_shmem_4tpt": 0%....50%....100% - 49 passes
==PROF== Profiling "onpair_shmem_4tpt": 0%....50%....100% - 49 passes
==PROF== Profiling "onpair_shmem_4tpt": 0%....50%....100% - 49 passes
==PROF== Profiling "onpair_shmem_4tpt": 0%....50%....100% - 49 passes
==PROF== Profiling "onpair_shmem_4tpt": 0%....50%....100% - 49 passes
==PROF== Profiling "onpair_shmem_4tpt": 0%....50%....100% - 49 passes
==PROF== Profiling "onpair_shmem_4tpt": 0%....50%....100% - 49 passes
==PROF== Profiling "onpair_shmem_4tpt": 0%....50%....100% - 49 passes
==PROF== Profiling "onpair_shmem_4tpt": 0%....50%....100% - 49 passes
{
  "files": [
    "/home/ubuntu/work/vortex-bench/data/onpair-bench/synthetic/url/bits12_chunk1000mb_thr0.20/part_0000.vortex"
  ],
  "column": "url",
  "rows": 10000000,
  "in_memory_bytes": 93801959,
  "dict_bytes": 4074,
  "gpu": {
    "iterations": 30,
    "decoded_bytes": 923569389,
    "chunks": 1,
    "auto_kernel": "onpair_shmem_4tpt",
    "frac_le8": 0.19142157,
    "dict_mean_len": 11.911175,
    "dict_max_len": 16,
    "dict_entries_max": 869,
    "small_dict": true,
    "distinct_codes": 158,
    "access_top4096_frac": 1.0,
    "compressed_bytes": 155081095,
    "h2d_gib_s": 4.44987249780332,
    "whole_decompress_gib_s": 25.46748052152719,
    "best_kernel": "onpair_shmem_4tpt_b64",
    "auto_decode_ms": 1.316864,
    "best_decode_ms": 1.20832,
    "validated": false,
    "auto_decode_gib_s": 653.1737682855058,
    "best_decode_gib_s": 711.8487000128479,
    "kernels": [
      {
        "kernel": "onpair_shmem",
        "decode_ms": 1.687552,
        "decode_gib_s": 509.69749151405375,
        "decode_ns_iters": [
          1705984,
          1698816,
          1694720,
          1692672,
          1694720,
          1713152,
          1692672,
          1691648,
          1690624,
          1689600,
          1692672,
          1692672,
          1691648,
          1710080,
          1690624,
          1687552,
          1689600,
          1688576,
          1688576,
          1687552,
          1692672,
          1694720,
          1695744,
          1689600,
          1688576,
          1688576,
          1687552,
          1689600,
          1709056,
          1688576
        ],
        "applicable": true
      },
      {
        "kernel": "onpair_shmem_2tpt",
        "decode_ms": 1.574912,
        "decode_gib_s": 546.1517984493892,
        "decode_ns_iters": [
          1580032,
          1577984,
          1574912,
          1575936,
          1574912,
          1575936,
          1574912,
          1574912,
          1691648,
          1594368,
          1608704,
          1593344,
          1649664,
          1594368,
          1665024,
          1591296,
          1584128,
          1622016,
          1599488,
          1602560,
          1603584,
          1619968,
          1587200,
          1601536,
          1637376,
          1606656,
          1607680,
          1588224,
          1666048,
          1629184
        ],
        "applicable": true
      },
      {
        "kernel": "onpair_shmem_4tpt",
        "decode_ms": 1.316864,
        "decode_gib_s": 653.1737682855058,
        "decode_ns_iters": [
          3722836018,
          3626013756,
          3624848366,
          3648545980,
          3740821600,
          3642125130,
          3630424976,
          3638972521,
          3638977528,
          3644398689,
          3641902208,
          3652068377,
          3623412848,
          3642354727,
          1470464,
          1340416,
          1331200,
          1332224,
          1348608,
          1321984,
          1347584,
          1317888,
          1362944,
          1318912,
          1335296,
          1317888,
          1340416,
          1316864,
          1334272,
          1318912
        ],
        "applicable": true
      },
      {
        "kernel": "onpair_shmem_4tpt_wpb8",
        "decode_ms": 1.309696,
        "decode_gib_s": 656.748605172135,
        "decode_ns_iters": [
          1333248,
          1324032,
          1334272,
          1317888,
          1330176,
          1316864,
          1331200,
          1317888,
          1330176,
          1317888,
          1329152,
          1316864,
          1332224,
          1314816,
          1334272,
          1315840,
          1333248,
          1309696,
          1334272,
          1311744,
          1335296,
          1310720,
          1344512,
          1310720,
          1334272,
          1313792,
          1355776,
          1320960,
          1328128,
          1310720
        ],
        "applicable": true
      },
      {
        "kernel": "onpair_shmem_4tpt_wpb8_occ",
        "decode_ms": 1.23904,
        "decode_gib_s": 694.1995586902154,
        "decode_ns_iters": [
          1247232,
          1292288,
          1243136,
          1240064,
          1250304,
          1239040,
          1246208,
          1240064,
          1284096,
          1262592,
          1298432,
          1251328,
          1243136,
          1251328,
          1243136,
          1247232,
          1244160,
          1257472,
          1250304,
          1242112,
          1250304,
          1241088,
          1248256,
          1241088,
          1255424,
          1241088,
          1249280,
          1250304,
          1242112,
          1246208
        ],
        "applicable": true
      },
      {
        "kernel": "onpair_shmem_4tpt_b128",
        "decode_ms": 1.221632,
        "decode_gib_s": 704.0917569280474,
        "decode_ns_iters": [
          1233920,
          1225728,
          1223680,
          1233920,
          1225728,
          1229824,
          1224704,
          1243136,
          1246208,
          1224704,
          1234944,
          1231872,
          1232896,
          1226752,
          1254400,
          1228800,
          1221632,
          1223680,
          1222656,
          1261568,
          1236992,
          1221632,
          1238016,
          1224704,
          1231872,
          1225728,
          1227776,
          1235968,
          1228800,
          1229824
        ],
        "applicable": true
      },
      {
        "kernel": "onpair_shmem_4tpt_o6",
        "decode_ms": 1.247232,
        "decode_gib_s": 689.6399556774718,
        "decode_ns_iters": [
          1311744,
          1254400,
          1250304,
          1258496,
          1249280,
          1249280,
          1248256,
          1264640,
          1249280,
          1247232,
          1256448,
          1250304,
          1252352,
          1249280,
          1261568,
          1253376,
          1248256,
          1258496,
          1249280,
          1252352,
          1248256,
          1258496,
          1250304,
          1248256,
          1258496,
          1248256,
          1249280,
          1247232,
          1256448,
          1247232
        ],
        "applicable": true
      },
      {
        "kernel": "onpair_shmem_4tpt_b512o3",
        "decode_ms": 1.236992,
        "decode_gib_s": 695.3488957079143,
        "decode_ns_iters": [
          1251328,
          1242112,
          1247232,
          1241088,
          1277952,
          1241088,
          1239040,
          1249280,
          1240064,
          1244160,
          1240064,
          1269760,
          1246208,
          1238016,
          1249280,
          1241088,
          1253376,
          1240064,
          1286144,
          1242112,
          1236992,
          1249280,
          1240064,
          1245184,
          1239040,
          1273856,
          1246208,
          1244160,
          1245184,
          1236992
        ],
        "applicable": true
      },
      {
        "kernel": "onpair_shmem_4tpt_b128o12",
        "decode_ms": 1.245184,
        "decode_gib_s": 690.7742319203622,
        "decode_ns_iters": [
          1251328,
          1253376,
          1256448,
          1256448,
          1250304,
          1247232,
          1258496,
          1249280,
          1271808,
          1249280,
          1249280,
          1255424,
          1246208,
          1260544,
          1248256,
          1258496,
          1248256,
          1248256,
          1257472,
          1246208,
          1253376,
          1250304,
          1254400,
          1250304,
          1247232,
          1260544,
          1249280,
          1249280,
          1245184,
          1258496
        ],
        "applicable": true
      },
      {
        "kernel": "onpair_shmem_4tpt_b64",
        "decode_ms": 1.20832,
        "decode_gib_s": 711.8487000128479,
        "decode_ns_iters": [
          1224704,
          1224704,
          1221632,
          1247232,
          1224704,
          1222656,
          1232896,
          1222656,
          1235968,
          1221632,
          1220608,
          1221632,
          1221632,
          1249280,
          1223680,
          1220608,
          1224704,
          1208320,
          1249280,
          1219584,
          1211392,
          1213440,
          1215488,
          1251328,
          1219584,
          1211392,
          1214464,
          1216512,
          1244160,
          1219584
        ],
        "applicable": true
      },
      {
        "kernel": "onpair_shmem_4tpt_b64o24",
        "decode_ms": 1.246208,
        "decode_gib_s": 690.2066277856702,
        "decode_ns_iters": [
          1251328,
          1248256,
          1265664,
          1248256,
          1248256,
          1255424,
          1253376,
          1254400,
          1249280,
          1266688,
          1250304,
          1246208,
          1255424,
          1247232,
          1250304,
          1248256,
          1260544,
          1249280,
          1249280,
          1254400,
          1247232,
          1254400,
          1248256,
          1266688,
          1248256,
          1247232,
          1255424,
          1247232,
          1256448,
          1249280
        ],
        "applicable": true
      },
      {
        "kernel": "onpair_shmem_4tpt_split8read_b128o12",
        "decode_ms": 1.307648,
        "decode_gib_s": 657.7771856031014,
        "decode_ns_iters": [
          1315840,
          1315840,
          1311744,
          1317888,
          1310720,
          1315840,
          1309696,
          1312768,
          1310720,
          1308672,
          1309696,
          1317888,
          1308672,
          1308672,
          1311744,
          1323008,
          1311744,
          1311744,
          1309696,
          1316864,
          1307648,
          1309696,
          1307648,
          1311744,
          1308672,
          1310720,
          1314816,
          1320960,
          1309696,
          1309696
        ],
        "applicable": true
      },
      {
        "kernel": "onpair_shmem_4tpt_split8read_occ",
        "decode_ms": 1.284096,
        "decode_gib_s": 669.841679437927,
        "decode_ns_iters": [
          1290240,
          1286144,
          1290240,
          1287168,
          1292288,
          1289216,
          1290240,
          1286144,
          1294336,
          1287168,
          1316864,
          1295360,
          1301504,
          1288192,
          1296384,
          1287168,
          1305600,
          1290240,
          1293312,
          1287168,
          1292288,
          1285120,
          1289216,
          1286144,
          1286144,
          1285120,
          1300480,
          1286144,
          1319936,
          1284096
        ],
        "applicable": true
      },
      {
        "kernel": "onpair_shmem_4tpt_split8",
        "decode_ms": 1.362944,
        "decode_gib_s": 631.0905079001958,
        "decode_ns_iters": [
          1366016,
          1371136,
          1366016,
          1368064,
          1362944,
          1363968,
          1369088,
          1371136,
          1403904,
          1367040,
          1375232,
          1366016,
          1366016,
          1364992,
          1372160,
          1364992,
          1370112,
          1364992,
          1375232,
          1385472,
          1364992,
          1366016,
          1364992,
          1368064,
          1362944,
          1370112,
          1364992,
          1371136,
          1383424,
          1367040
        ],
        "applicable": true
      },
      {
        "kernel": "onpair_shmem_4tpt_split8_wpb8",
        "decode_ms": 1.411072,
        "decode_gib_s": 609.5656502287086,
        "decode_ns_iters": [
          1418240,
          1414144,
          1428480,
          1412096,
          1412096,
          1411072,
          1411072,
          1451008,
          1411072,
          1411072,
          1421312,
          1420288,
          1445888,
          1413120,
          1415168,
          1411072,
          1412096,
          1433600,
          1412096,
          1412096,
          1411072,
          1411072,
          1440768,
          1411072,
          1417216,
          1411072,
          1412096,
          1432576,
          1411072,
          1418240
        ],
        "applicable": true
      },
      {
        "kernel": "onpair_shmem_4tpt_split8_wpb8_occ",
        "decode_ms": 1.338368,
        "decode_gib_s": 642.6790099580418,
        "decode_ns_iters": [
          1342464,
          1339392,
          1346560,
          1340416,
          1344512,
          1370112,
          1354752,
          1351680,
          1343488,
          1346560,
          1341440,
          1344512,
          1353728,
          1342464,
          1339392,
          1344512,
          1338368,
          1344512,
          1340416,
          1346560,
          1359872,
          1338368,
          1382400,
          1339392,
          1344512,
          1338368,
          1347584,
          1345536,
          1345536,
          1338368
        ],
        "applicable": true
      },
      {
        "kernel": "onpair_shmem_4tpt_pdict",
        "decode_ms": 1.475584,
        "decode_gib_s": 582.9156599688831,
        "decode_ns_iters": [
          1495040,
          1476608,
          1483776,
          1494016,
          1477632,
          1484800,
          1480704,
          1475584,
          1479680,
          1485824,
          1482752,
          1500160,
          1487872,
          1475584,
          1481728,
          1479680,
          1481728,
          1478656,
          1476608,
          1480704,
          1485824,
          1480704,
          1477632,
          1482752,
          1486848,
          1481728,
          1488896,
          1486848,
          1492992,
          1486848
        ],
        "applicable": true
      },
      {
        "kernel": "onpair_shmem_4tpt_vdict",
        "decode_ms": 2.21184,
        "decode_gib_s": 388.8803083403521,
        "decode_ns_iters": [
          2213888,
          2275328,
          2223104,
          2223104,
          2222080,
          2213888,
          2260992,
          2216960,
          2232320,
          2212864,
          2213888,
          2214912,
          2227200,
          2221056,
          2238464,
          2220032,
          2216960,
          2225152,
          2254848,
          2211840,
          2212864,
          2219008,
          2245632,
          2233344,
          2221056,
          2246656,
          2230272,
          2215936,
          2224128,
          2223104
        ],
        "applicable": true
      },
      {
        "kernel": "onpair_shmem_4tpt_split8read",
        "decode_ms": 1.328128,
        "decode_gib_s": 647.6341295413728,
        "decode_ns_iters": [
          1332224,
          1345536,
          1332224,
          1339392,
          1330176,
          1336320,
          1330176,
          1331200,
          1329152,
          1337344,
          1330176,
          1338368,
          1330176,
          1341440,
          1330176,
          1339392,
          1331200,
          1340416,
          1362944,
          1332224,
          1354752,
          1332224,
          1343488,
          1332224,
          1340416,
          1332224,
          1338368,
          1330176,
          1332224,
          1328128
        ],
        "applicable": true
      },
      {
        "kernel": "onpair_shmem_4tpt_ldcs",
        "decode_ms": 1.313792,
        "decode_gib_s": 654.7010647039443,
        "decode_ns_iters": [
          1316864,
          1316864,
          1316864,
          1319936,
          1315840,
          1316864,
          1315840,
          1324032,
          1315840,
          1318912,
          1313792,
          1315840,
          1314816,
          1320960,
          1314816,
          1315840,
          1316864,
          1324032,
          1314816,
          1316864,
          1314816,
          1326080,
          1315840,
          1330176,
          1316864,
          1320960,
          1315840,
          1317888,
          1315840,
          1318912
        ],
        "applicable": true
      },
      {
        "kernel": "onpair_shmem_4tpt_lenbucket",
        "decode_ms": 0.0,
        "decode_gib_s": 0.0,
        "applicable": false,
        "reason": "length-bucket dict not built (set ONPAIR_DICT_REORDER=lenbucket)"
      },
      {
        "kernel": "onpair_shmem_4tpt_lenbucket_b128",
        "decode_ms": 0.0,
        "decode_gib_s": 0.0,
        "applicable": false,
        "reason": "length-bucket dict not built (set ONPAIR_DICT_REORDER=lenbucket)"
      },
      {
        "kernel": "onpair_shmem_4tpt_regcache",
        "decode_ms": 1.354752,
        "decode_gib_s": 634.9066258617994,
        "decode_ns_iters": [
          1358848,
          1355776,
          1366016,
          1354752,
          1376256,
          1378304,
          1372160,
          1370112,
          1393664,
          1370112,
          1372160,
          1360896,
          1363968,
          1359872,
          1358848,
          1362944,
          1370112,
          1400832,
          1356800,
          1369088,
          1360896,
          1359872,
          1363968,
          1360896,
          1358848,
          1357824,
          1356800,
          1368064,
          1377280,
          1359872
        ],
        "applicable": true
      },
      {
        "kernel": "onpair_shmem_4tpt_split4read",
        "decode_ms": 1.502208,
        "decode_gib_s": 572.5845030778191,
        "decode_ns_iters": [
          1533952,
          1513472,
          1507328,
          1518592,
          1504256,
          1504256,
          1506304,
          1547264,
          1504256,
          1507328,
          1512448,
          1504256,
          1507328,
          1506304,
          1529856,
          1526784,
          1510400,
          1518592,
          1505280,
          1511424,
          1510400,
          1528832,
          1505280,
          1510400,
          1510400,
          1506304,
          1506304,
          1506304,
          1502208,
          1503232
        ],
        "applicable": true
      },
      {
        "kernel": "onpair_shmem_4tpt_split4read_b128o12",
        "decode_ms": 1.470464,
        "decode_gib_s": 584.9453105955157,
        "decode_ns_iters": [
          1479680,
          1472512,
          1479680,
          1477632,
          1472512,
          1474560,
          1478656,
          1473536,
          1472512,
          1477632,
          1471488,
          1473536,
          1477632,
          1471488,
          1475584,
          1480704,
          1470464,
          1472512,
          1478656,
          1473536,
          1474560,
          1480704,
          1474560,
          1473536,
          1473536,
          1470464,
          1474560,
          1471488,
          1470464,
          1471488
        ],
        "applicable": true
      },
      {
        "kernel": "onpair_shmem_4tpt_cluster_dsmem",
        "decode_ms": 0.0,
        "decode_gib_s": 0.0,
        "applicable": false,
        "reason": "thread-block clusters require sm_90+ (device cc 8.x)"
      },
      {
        "kernel": "onpair_shmem_8tpt",
        "decode_ms": 1.267712,
        "decode_gib_s": 678.4987609169309,
        "decode_ns_iters": [
          1270784,
          1278976,
          1275904,
          1288192,
          1271808,
          1307648,
          1272832,
          1268736,
          1274880,
          1270784,
          1267712,
          1269760,
          1276928,
          1275904,
          1274880,
          1271808,
          1287168,
          1273856,
          1293312,
          1285120,
          1270784,
          1283072,
          1269760,
          1274880,
          1267712,
          1275904,
          1270784,
          1276928,
          1269760,
          1295360
        ],
        "applicable": true
      },
      {
        "kernel": "onpair_shmem_8tpt_b128",
        "decode_ms": 1.272832,
        "decode_gib_s": 675.7694819108291,
        "decode_ns_iters": [
          1298432,
          1283072,
          1280000,
          1283072,
          1274880,
          1277952,
          1282048,
          1281024,
          1277952,
          1283072,
          1273856,
          1285120,
          1273856,
          1295360,
          1278976,
          1272832,
          1281024,
          1273856,
          1274880,
          1274880,
          1280000,
          1276928,
          1286144,
          1273856,
          1305600,
          1275904,
          1274880,
          1281024,
          1273856,
          1274880
        ],
        "applicable": true
      },
      {
        "kernel": "onpair_shmem_4tpt_vwidth",
        "decode_ms": 2.700288,
        "decode_gib_s": 318.5367713368072,
        "decode_ns_iters": [
          2714624,
          2741248,
          2706432,
          2702336,
          2702336,
          2701312,
          2701312,
          2712576,
          2707456,
          2715648,
          2713600,
          2723840,
          2725888,
          2702336,
          2703360,
          2700288,
          2702336,
          2700288,
          2703360,
          2709504,
          2722816,
          2702336,
          2702336,
          2700288,
          2718720,
          2709504,
          2708480,
          2710528,
          2712576,
          2713600
        ],
        "applicable": true
      },
      {
        "kernel": "onpair_shmem_4tpt_vwidth_b128",
        "decode_ms": 4.583424,
        "decode_gib_s": 187.66341957443265,
        "decode_ns_iters": [
          4602880,
          4603904,
          4588544,
          4597760,
          4597760,
          4612096,
          4602880,
          4592640,
          4594688,
          4590592,
          4595712,
          4615168,
          4594688,
          4588544,
          4598784,
          4601856,
          4596736,
          4594688,
          4590592,
          4592640,
          4636672,
          4585472,
          4590592,
          4587520,
          4598784,
          4622336,
          4590592,
          4583424,
          4594688,
          4609024
        ],
        "applicable": true
      },
      {
        "kernel": "onpair_shmem_4tpt_vwidth4",
        "decode_ms": 1.494016,
        "decode_gib_s": 575.724102820535,
        "decode_ns_iters": [
          1495040,
          1495040,
          1495040,
          1522688,
          1499136,
          1501184,
          1534976,
          1501184,
          1495040,
          1501184,
          1496064,
          1504256,
          1501184,
          1501184,
          1498112,
          1503232,
          1494016,
          1495040,
          1499136,
          1513472,
          1505280,
          1502208,
          1513472,
          1497088,
          1496064,
          1504256,
          1496064,
          1494016,
          1504256,
          1497088
        ],
        "applicable": true
      },
      {
        "kernel": "onpair_shmem_4tpt_vwidth4_b128",
        "decode_ms": 1.317888,
        "decode_gib_s": 652.6662517600315,
        "decode_ns_iters": [
          1334272,
          1320960,
          1331200,
          1324032,
          1329152,
          1318912,
          1331200,
          1321984,
          1326080,
          1318912,
          1331200,
          1317888,
          1331200,
          1320960,
          1331200,
          1323008,
          1327104,
          1318912,
          1325056,
          1319936,
          1324032,
          1336320,
          1333248,
          1323008,
          1391616,
          1341440,
          1327104,
          1321984,
          1328128,
          1324032
        ],
        "applicable": true
      },
      {
        "kernel": "onpair_shmem_4tpt_shdict8",
        "decode_ms": 1.847296,
        "decode_gib_s": 465.6216552190469,
        "decode_ns_iters": [
          1870848,
          1862656,
          1859584,
          1860608,
          1855488,
          1860608,
          1850368,
          1848320,
          1847296,
          1855488,
          1856512,
          1850368,
          1854464,
          1857536,
          1851392,
          1879040,
          1886208,
          1860608,
          1866752,
          1852416,
          1848320,
          1849344,
          1862656,
          1851392,
          1851392,
          1860608,
          1848320,
          1850368,
          1848320,
          1857536
        ],
        "applicable": true
      },
      {
        "kernel": "onpair_shmem_4tpt_ablate",
        "decode_ms": 1.247232,
        "decode_gib_s": 689.6399556774718,
        "decode_ns_iters": [
          1258496,
          1249280,
          1262592,
          1254400,
          1247232,
          1256448,
          1255424,
          1253376,
          1251328,
          1259520,
          1252352,
          1292288,
          1248256,
          1248256,
          1256448,
          1248256,
          1258496,
          1249280,
          1259520,
          1251328,
          1270784,
          1254400,
          1248256,
          1259520,
          1247232,
          1254400,
          1249280,
          1289216,
          1249280,
          1254400
        ],
        "applicable": true
      },
      {
        "kernel": "onpair_shmem_4tpt_ablate_nogather",
        "decode_ms": 1.068032,
        "decode_gib_s": 805.3513576367791,
        "decode_ns_iters": [
          1077248,
          1071104,
          1071104,
          1078272,
          1075200,
          1069056,
          1069056,
          1086464,
          1074176,
          1068032,
          1068032,
          1082368,
          1074176,
          1068032,
          1068032,
          1086464,
          1074176,
          1069056,
          1070080,
          1090560,
          1073152,
          1076224,
          1069056,
          1074176,
          1088512,
          1074176,
          1071104,
          1083392,
          1071104,
          1068032
        ],
        "applicable": true
      },
      {
        "kernel": "onpair_shmem_4tpt_ablate_noemit",
        "decode_ms": 1.036288,
        "decode_gib_s": 830.0212114774314,
        "decode_ns_iters": [
          1047552,
          1054720,
          1050624,
          1042432,
          1048576,
          1061888,
          1048576,
          1042432,
          1038336,
          1065984,
          1053696,
          1044480,
          1039360,
          1055744,
          1044480,
          1047552,
          1036288,
          1040384,
          1053696,
          1053696,
          1044480,
          1042432,
          1079296,
          1057792,
          1048576,
          1044480,
          1074176,
          1062912,
          1038336,
          1041408
        ],
        "applicable": true
      },
      {
        "kernel": "onpair_shmem_4tpt_ablate_nodrain",
        "decode_ms": 1.099776,
        "decode_gib_s": 782.1056480588087,
        "decode_ns_iters": [
          1119232,
          1112064,
          1102848,
          1102848,
          1107968,
          1102848,
          1101824,
          1114112,
          1122304,
          1103872,
          1101824,
          1107968,
          1099776,
          1100800,
          1119232,
          1117184,
          1102848,
          1101824,
          1104896,
          1102848,
          1102848,
          1119232,
          1113088,
          1101824,
          1100800,
          1111040,
          1104896,
          1102848,
          1120256,
          1112064
        ],
        "applicable": true
      },
      {
        "kernel": "onpair_shmem_4tpt_ablate_noscan",
        "decode_ms": 0.697344,
        "decode_gib_s": 1233.4529603746853,
        "decode_ns_iters": [
          707584,
          718848,
          702464,
          699392,
          699392,
          718848,
          710656,
          714752,
          704512,
          706560,
          700416,
          699392,
          697344,
          712704,
          698368,
          714752,
          718848,
          703488,
          710656,
          701440,
          705536,
          709632,
          714752,
          707584,
          718848,
          711680,
          703488,
          706560,
          705536,
          705536
        ],
        "applicable": true
      },
      {
        "kernel": "onpair_shmem_4tpt_ablate_cfree",
        "decode_ms": 1.037312,
        "decode_gib_s": 829.201842068273,
        "decode_ns_iters": [
          1054720,
          1043456,
          1037312,
          1062912,
          1050624,
          1048576,
          1043456,
          1051648,
          1051648,
          1049600,
          1041408,
          1044480,
          1082368,
          1051648,
          1052672,
          1053696,
          1062912,
          1050624,
          1046528,
          1046528,
          1041408,
          1050624,
          1047552,
          1042432,
          1044480,
          1082368,
          1049600,
          1044480,
          1044480,
          1037312
        ],
        "applicable": true
      },
      {
        "kernel": "onpair_shmem_s8",
        "decode_ms": 0.0,
        "decode_gib_s": 0.0,
        "applicable": false,
        "reason": "dictionary entry longer than 8 bytes"
      },
      {
        "kernel": "onpair_shmem_s8_2tpt",
        "decode_ms": 0.0,
        "decode_gib_s": 0.0,
        "applicable": false,
        "reason": "dictionary entry longer than 8 bytes"
      },
      {
        "kernel": "onpair_shmem_s8_4tpt",
        "decode_ms": 0.0,
        "decode_gib_s": 0.0,
        "applicable": false,
        "reason": "dictionary entry longer than 8 bytes"
      },
      {
        "kernel": "onpair_shmem_s8_8tpt",
        "decode_ms": 0.0,
        "decode_gib_s": 0.0,
        "applicable": false,
        "reason": "dictionary entry longer than 8 bytes"
      },
      {
        "kernel": "onpair_shmem_s4l1",
        "decode_ms": 0.0,
        "decode_gib_s": 0.0,
        "applicable": false,
        "reason": "dictionary entry longer than 4 bytes"
      },
      {
        "kernel": "onpair_shmem_s4l1_2tpt",
        "decode_ms": 0.0,
        "decode_gib_s": 0.0,
        "applicable": false,
        "reason": "dictionary entry longer than 4 bytes"
      },
      {
        "kernel": "onpair_shmem_s4l1_4tpt",
        "decode_ms": 0.0,
        "decode_gib_s": 0.0,
        "applicable": false,
        "reason": "dictionary entry longer than 4 bytes"
      },
      {
        "kernel": "onpair_shmem_s4l1_8tpt",
        "decode_ms": 0.0,
        "decode_gib_s": 0.0,
        "applicable": false,
        "reason": "dictionary entry longer than 4 bytes"
      },
      {
        "kernel": "onpair_shmem_s4l1_16tpt",
        "decode_ms": 0.0,
        "decode_gib_s": 0.0,
        "applicable": false,
        "reason": "dictionary entry longer than 4 bytes"
      },
      {
        "kernel": "onpair_shmem_s4l1_32tpt",
        "decode_ms": 0.0,
        "decode_gib_s": 0.0,
        "applicable": false,
        "reason": "dictionary entry longer than 4 bytes"
      },
      {
        "kernel": "onpair_shmem_const1",
        "decode_ms": 0.0,
        "decode_gib_s": 0.0,
        "applicable": false,
        "reason": "not every dictionary entry is exactly 1 byte"
      },
      {
        "kernel": "onpair_shmem_const2",
        "decode_ms": 0.0,
        "decode_gib_s": 0.0,
        "applicable": false,
        "reason": "not every dictionary entry is exactly 2 bytes"
      }
    ]
  }
}
==PROF== Disconnected from process 21729
==PROF== Report: /home/ubuntu/work/ncu_costsurface_synthetic_url_b12.ncu-rep
