==PROF== Connected to process 15404 (/home/ubuntu/work/target/release/onpair-chunk-bench)
2026-07-06T03:40:35.069283Z  INFO vortex_cuda: vortex-cuda/src/lib.rs:111: Registering CUDA kernels
==PROF== Profiling "onpair_shmem_4tpt": 0%....50%....100% - 49 passes
==PROF== Profiling "onpair_shmem_4tpt": 0%....50%....100% - 49 passes
==PROF== Profiling "onpair_shmem_4tpt": 0%....50%....100% - 49 passes
==PROF== Profiling "onpair_shmem_4tpt": 0%....50%....100% - 49 passes
==PROF== Profiling "onpair_shmem_4tpt": 0%....50%....100% - 49 passes
==PROF== Profiling "onpair_shmem_4tpt": 0%....50%....100% - 49 passes
==PROF== Profiling "onpair_shmem_4tpt": 0%....50%....100% - 49 passes
==PROF== Profiling "onpair_shmem_4tpt": 0%....50%....100% - 49 passes
==PROF== Profiling "onpair_shmem_4tpt": 0%....50%....100% - 49 passes
==PROF== Profiling "onpair_shmem_4tpt": 0%....50%....100% - 50 passes
==PROF== Profiling "onpair_shmem_4tpt": 0%....50%....100% - 49 passes
==PROF== Profiling "onpair_shmem_4tpt": 0%....50%....100% - 49 passes
==PROF== Profiling "onpair_shmem_4tpt": 0%....50%....100% - 49 passes
==PROF== Profiling "onpair_shmem_4tpt": 0%....50%....100% - 49 passes
==PROF== Profiling "onpair_shmem_4tpt": 0%....50%....100% - 49 passes
==PROF== Profiling "onpair_shmem_4tpt": 0%....50%....100% - 49 passes
{
  "files": [
    "/home/ubuntu/work/vortex-bench/data/onpair-bench/tpch-sf10/l_comment/bits12_chunk10mb_thr0.20/part_0000.vortex"
  ],
  "column": "l_comment",
  "rows": 1886817,
  "in_memory_bytes": 12308434,
  "dict_bytes": 160404,
  "gpu": {
    "iterations": 30,
    "decoded_bytes": 49999995,
    "chunks": 5,
    "auto_kernel": "onpair_shmem_4tpt",
    "frac_le8": 0.58459795,
    "dict_mean_len": 7.634871,
    "dict_max_len": 16,
    "dict_entries_max": 4018,
    "small_dict": true,
    "distinct_codes": 3791,
    "access_top4096_frac": 1.0,
    "compressed_bytes": 13278570,
    "h2d_gib_s": 4.341440394411177,
    "whole_decompress_gib_s": 13.657112595658434,
    "best_kernel": "onpair_shmem_4tpt",
    "auto_decode_ms": 0.561152,
    "best_decode_ms": 0.561152,
    "validated": false,
    "auto_decode_gib_s": 82.98308492914764,
    "best_decode_gib_s": 82.98308492914764,
    "kernels": [
      {
        "kernel": "onpair_shmem",
        "decode_ms": 0.57344,
        "decode_gib_s": 81.2048759663802,
        "decode_ns_iters": [
          607232,
          607232,
          582656,
          585728,
          617472,
          578560,
          585728,
          585728,
          581632,
          573440,
          600064,
          585728,
          580608,
          594944,
          604160,
          587776,
          588800,
          601088,
          578560,
          578560,
          578560,
          584704,
          583680,
          646144,
          579584,
          583680,
          585728,
          590848,
          587776,
          579584
        ],
        "applicable": true
      },
      {
        "kernel": "onpair_shmem_2tpt",
        "decode_ms": 0.581632,
        "decode_gib_s": 80.06114531896638,
        "decode_ns_iters": [
          589824,
          593920,
          610304,
          594944,
          587776,
          608256,
          594944,
          591872,
          633856,
          598016,
          594944,
          587776,
          582656,
          616448,
          593920,
          589824,
          583680,
          584704,
          608256,
          588800,
          586752,
          601088,
          592896,
          584704,
          581632,
          587776,
          595968,
          584704,
          587776,
          581632
        ],
        "applicable": true
      },
      {
        "kernel": "onpair_shmem_4tpt",
        "decode_ms": 0.561152,
        "decode_gib_s": 82.98308492914764,
        "decode_ns_iters": [
          16470955849,
          3290691534,
          621568,
          580608,
          570368,
          601088,
          599040,
          582656,
          579584,
          566272,
          563200,
          571392,
          598016,
          596992,
          589824,
          568320,
          565248,
          561152,
          572416,
          588800,
          590848,
          574464,
          566272,
          569344,
          569344,
          576512,
          598016,
          589824,
          567296,
          565248
        ],
        "applicable": true
      },
      {
        "kernel": "onpair_shmem_4tpt_wpb8",
        "decode_ms": 0.633856,
        "decode_gib_s": 73.46483124583668,
        "decode_ns_iters": [
          656384,
          663552,
          642048,
          637952,
          635904,
          635904,
          637952,
          650240,
          656384,
          638976,
          635904,
          634880,
          633856,
          637952,
          651264,
          678912,
          635904,
          644096,
          633856,
          638976,
          648192,
          646144,
          650240,
          641024,
          637952,
          635904,
          658432,
          649216,
          651264,
          636928
        ],
        "applicable": true
      },
      {
        "kernel": "onpair_shmem_4tpt_wpb8_occ",
        "decode_ms": 0.561152,
        "decode_gib_s": 82.98308492914764,
        "decode_ns_iters": [
          593920,
          588800,
          585728,
          576512,
          573440,
          570368,
          568320,
          566272,
          583680,
          581632,
          578560,
          573440,
          596992,
          572416,
          567296,
          566272,
          563200,
          576512,
          576512,
          590848,
          587776,
          570368,
          576512,
          565248,
          561152,
          572416,
          584704,
          578560,
          588800,
          576512
        ],
        "applicable": true
      },
      {
        "kernel": "onpair_shmem_4tpt_b128",
        "decode_ms": 0.561152,
        "decode_gib_s": 82.98308492914764,
        "decode_ns_iters": [
          572416,
          568320,
          567296,
          573440,
          578560,
          591872,
          580608,
          569344,
          561152,
          573440,
          572416,
          579584,
          583680,
          605184,
          589824,
          570368,
          565248,
          571392,
          583680,
          582656,
          607232,
          582656,
          567296,
          563200,
          587776,
          579584,
          586752,
          587776,
          605184,
          577536
        ],
        "applicable": true
      },
      {
        "kernel": "onpair_shmem_4tpt_o6",
        "decode_ms": 0.564224,
        "decode_gib_s": 82.53127139958785,
        "decode_ns_iters": [
          577536,
          577536,
          581632,
          591872,
          589824,
          569344,
          572416,
          582656,
          582656,
          578560,
          593920,
          595968,
          570368,
          569344,
          575488,
          565248,
          578560,
          593920,
          592896,
          590848,
          572416,
          570368,
          576512,
          582656,
          602112,
          589824,
          574464,
          578560,
          567296,
          564224
        ],
        "applicable": true
      },
      {
        "kernel": "onpair_shmem_4tpt_b512o3",
        "decode_ms": 0.5632,
        "decode_gib_s": 82.681328256678,
        "decode_ns_iters": [
          596992,
          584704,
          590848,
          566272,
          563200,
          567296,
          568320,
          585728,
          588800,
          581632,
          591872,
          576512,
          567296,
          574464,
          564224,
          586752,
          585728,
          606208,
          584704,
          586752,
          588800,
          614400,
          576512,
          570368,
          563200,
          568320,
          589824,
          580608,
          599040,
          574464
        ],
        "applicable": true
      },
      {
        "kernel": "onpair_shmem_4tpt_b128o12",
        "decode_ms": 0.561152,
        "decode_gib_s": 82.98308492914764,
        "decode_ns_iters": [
          568320,
          563200,
          589824,
          591872,
          589824,
          573440,
          565248,
          570368,
          571392,
          584704,
          589824,
          612352,
          573440,
          567296,
          570368,
          564224,
          579584,
          588800,
          589824,
          576512,
          574464,
          565248,
          563200,
          617472,
          606208,
          583680,
          568320,
          561152,
          564224,
          562176
        ],
        "applicable": true
      },
      {
        "kernel": "onpair_shmem_4tpt_b64",
        "decode_ms": 0.561152,
        "decode_gib_s": 82.98308492914764,
        "decode_ns_iters": [
          583680,
          589824,
          589824,
          589824,
          561152,
          569344,
          576512,
          567296,
          582656,
          583680,
          574464,
          575488,
          579584,
          586752,
          571392,
          570368,
          582656,
          579584,
          591872,
          580608,
          565248,
          574464,
          563200,
          561152,
          567296,
          574464,
          588800,
          580608,
          592896,
          564224
        ],
        "applicable": true
      },
      {
        "kernel": "onpair_shmem_4tpt_b64o24",
        "decode_ms": 0.561152,
        "decode_gib_s": 82.98308492914764,
        "decode_ns_iters": [
          574464,
          570368,
          577536,
          593920,
          594944,
          578560,
          571392,
          566272,
          561152,
          564224,
          573440,
          580608,
          579584,
          593920,
          577536,
          566272,
          571392,
          567296,
          604160,
          578560,
          584704,
          595968,
          563200,
          566272,
          565248,
          563200,
          570368,
          582656,
          581632,
          581632
        ],
        "applicable": true
      },
      {
        "kernel": "onpair_shmem_4tpt_split8read_b128o12",
        "decode_ms": 0.569344,
        "decode_gib_s": 81.78908370714552,
        "decode_ns_iters": [
          590848,
          578560,
          583680,
          591872,
          582656,
          591872,
          582656,
          586752,
          578560,
          591872,
          572416,
          600064,
          586752,
          603136,
          584704,
          584704,
          593920,
          571392,
          587776,
          582656,
          592896,
          576512,
          590848,
          569344,
          579584,
          590848,
          572416,
          592896,
          583680,
          572416
        ],
        "applicable": true
      },
      {
        "kernel": "onpair_shmem_4tpt_split8read_occ",
        "decode_ms": 0.57344,
        "decode_gib_s": 81.2048759663802,
        "decode_ns_iters": [
          598016,
          586752,
          622592,
          586752,
          599040,
          585728,
          595968,
          590848,
          588800,
          582656,
          598016,
          578560,
          587776,
          583680,
          573440,
          589824,
          582656,
          591872,
          579584,
          590848,
          579584,
          586752,
          580608,
          583680,
          579584,
          577536,
          593920,
          582656,
          595968,
          577536
        ],
        "applicable": true
      },
      {
        "kernel": "onpair_shmem_4tpt_split8",
        "decode_ms": 0.570368,
        "decode_gib_s": 81.64224513675566,
        "decode_ns_iters": [
          592896,
          595968,
          581632,
          575488,
          591872,
          605184,
          589824,
          582656,
          570368,
          573440,
          587776,
          593920,
          599040,
          576512,
          576512,
          572416,
          595968,
          589824,
          645120,
          1269760,
          1403904,
          1397760,
          1390592,
          1373184,
          1400832,
          1358848,
          1380352,
          1707008,
          1429504,
          1388544
        ],
        "applicable": true
      },
      {
        "kernel": "onpair_shmem_4tpt_split8_wpb8",
        "decode_ms": 0.637952,
        "decode_gib_s": 72.99314693607208,
        "decode_ns_iters": [
          1389568,
          1373184,
          1371136,
          1367040,
          1383424,
          1079296,
          976896,
          980992,
          972800,
          976896,
          967680,
          770048,
          650240,
          662528,
          670720,
          643072,
          647168,
          655360,
          652288,
          641024,
          643072,
          648192,
          637952,
          646144,
          668672,
          642048,
          647168,
          642048,
          645120,
          644096
        ],
        "applicable": true
      },
      {
        "kernel": "onpair_shmem_4tpt_split8_wpb8_occ",
        "decode_ms": 0.574464,
        "decode_gib_s": 81.06012574184118,
        "decode_ns_iters": [
          604160,
          598016,
          583680,
          608256,
          602112,
          585728,
          591872,
          584704,
          581632,
          582656,
          603136,
          598016,
          580608,
          592896,
          601088,
          591872,
          580608,
          581632,
          578560,
          574464,
          586752,
          593920,
          593920,
          593920,
          582656,
          577536,
          587776,
          607232,
          581632,
          579584
        ],
        "applicable": true
      },
      {
        "kernel": "onpair_shmem_4tpt_pdict",
        "decode_ms": 0.700416,
        "decode_gib_s": 66.48352418300132,
        "decode_ns_iters": [
          707584,
          711680,
          713728,
          735232,
          716800,
          716800,
          720896,
          720896,
          708608,
          710656,
          711680,
          717824,
          724992,
          706560,
          720896,
          714752,
          738304,
          713728,
          727040,
          719872,
          710656,
          700416,
          707584,
          706560,
          718848,
          720896,
          707584,
          714752,
          712704,
          715776
        ],
        "applicable": true
      },
      {
        "kernel": "onpair_shmem_4tpt_vdict",
        "decode_ms": 0.684032,
        "decode_gib_s": 68.07594392391154,
        "decode_ns_iters": [
          699392,
          692224,
          685056,
          687104,
          716800,
          689152,
          692224,
          703488,
          687104,
          688128,
          692224,
          706560,
          686080,
          692224,
          696320,
          693248,
          686080,
          690176,
          695296,
          691200,
          685056,
          684032,
          693248,
          689152,
          684032,
          685056,
          711680,
          687104,
          686080,
          711680
        ],
        "applicable": true
      },
      {
        "kernel": "onpair_shmem_4tpt_split8read",
        "decode_ms": 0.569344,
        "decode_gib_s": 81.78908370714552,
        "decode_ns_iters": [
          582656,
          583680,
          602112,
          589824,
          595968,
          582656,
          598016,
          575488,
          569344,
          613376,
          577536,
          590848,
          583680,
          591872,
          578560,
          585728,
          579584,
          574464,
          590848,
          591872,
          598016,
          569344,
          585728,
          581632,
          581632,
          573440,
          588800,
          586752,
          583680,
          586752
        ],
        "applicable": true
      },
      {
        "kernel": "onpair_shmem_4tpt_ldcs",
        "decode_ms": 0.569344,
        "decode_gib_s": 81.78908370714552,
        "decode_ns_iters": [
          598016,
          602112,
          593920,
          585728,
          582656,
          578560,
          584704,
          599040,
          592896,
          579584,
          576512,
          580608,
          584704,
          577536,
          600064,
          586752,
          580608,
          578560,
          571392,
          569344,
          578560,
          615424,
          595968,
          576512,
          577536,
          586752,
          581632,
          588800,
          606208,
          583680
        ],
        "applicable": true
      },
      {
        "kernel": "onpair_shmem_4tpt_lenbucket",
        "decode_ms": 0.0,
        "decode_gib_s": 0.0,
        "applicable": false,
        "reason": "length-bucket dict not built (set ONPAIR_DICT_REORDER=lenbucket)"
      },
      {
        "kernel": "onpair_shmem_4tpt_lenbucket_b128",
        "decode_ms": 0.0,
        "decode_gib_s": 0.0,
        "applicable": false,
        "reason": "length-bucket dict not built (set ONPAIR_DICT_REORDER=lenbucket)"
      },
      {
        "kernel": "onpair_shmem_4tpt_regcache",
        "decode_ms": 0.56832,
        "decode_gib_s": 81.93645142553675,
        "decode_ns_iters": [
          572416,
          577536,
          582656,
          589824,
          593920,
          572416,
          573440,
          573440,
          580608,
          611328,
          589824,
          582656,
          575488,
          575488,
          568320,
          588800,
          582656,
          584704,
          591872,
          570368,
          575488,
          586752,
          580608,
          579584,
          590848,
          604160,
          593920,
          578560,
          586752,
          583680
        ],
        "applicable": true
      },
      {
        "kernel": "onpair_shmem_4tpt_split4read",
        "decode_ms": 0.576512,
        "decode_gib_s": 80.77216792393055,
        "decode_ns_iters": [
          614400,
          584704,
          580608,
          606208,
          582656,
          596992,
          601088,
          587776,
          581632,
          581632,
          581632,
          592896,
          576512,
          591872,
          582656,
          586752,
          592896,
          600064,
          591872,
          584704,
          582656,
          578560,
          587776,
          579584,
          587776,
          594944,
          579584,
          581632,
          594944,
          582656
        ],
        "applicable": true
      },
      {
        "kernel": "onpair_shmem_4tpt_split4read_b128o12",
        "decode_ms": 0.587776,
        "decode_gib_s": 79.22426923549287,
        "decode_ns_iters": [
          596992,
          593920,
          611328,
          619520,
          601088,
          602112,
          599040,
          604160,
          599040,
          587776,
          611328,
          590848,
          602112,
          594944,
          609280,
          593920,
          606208,
          593920,
          605184,
          591872,
          592896,
          613376,
          592896,
          602112,
          601088,
          601088,
          598016,
          606208,
          589824,
          618496
        ],
        "applicable": true
      },
      {
        "kernel": "onpair_shmem_4tpt_cluster_dsmem",
        "decode_ms": 0.0,
        "decode_gib_s": 0.0,
        "applicable": false,
        "reason": "thread-block clusters require sm_90+ (device cc 8.x)"
      },
      {
        "kernel": "onpair_shmem_8tpt",
        "decode_ms": 0.635904,
        "decode_gib_s": 73.2282295349,
        "decode_ns_iters": [
          643072,
          664576,
          642048,
          640000,
          636928,
          642048,
          635904,
          669696,
          659456,
          645120,
          643072,
          641024,
          648192,
          645120,
          652288,
          652288,
          637952,
          641024,
          636928,
          657408,
          662528,
          651264,
          653312,
          643072,
          637952,
          657408,
          649216,
          646144,
          638976,
          643072
        ],
        "applicable": true
      },
      {
        "kernel": "onpair_shmem_8tpt_b128",
        "decode_ms": 0.63488,
        "decode_gib_s": 73.34633958253694,
        "decode_ns_iters": [
          655360,
          644096,
          640000,
          643072,
          650240,
          670720,
          648192,
          644096,
          641024,
          642048,
          663552,
          651264,
          637952,
          636928,
          640000,
          647168,
          654336,
          643072,
          649216,
          643072,
          642048,
          659456,
          652288,
          643072,
          634880,
          640000,
          637952,
          644096,
          664576,
          645120
        ],
        "applicable": true
      },
      {
        "kernel": "onpair_shmem_4tpt_vwidth",
        "decode_ms": 0.821248,
        "decode_gib_s": 56.70165902889389,
        "decode_ns_iters": [
          838656,
          842752,
          828416,
          830464,
          829440,
          825344,
          834560,
          840704,
          824320,
          825344,
          824320,
          833536,
          839680,
          825344,
          848896,
          834560,
          846848,
          833536,
          823296,
          824320,
          847872,
          830464,
          829440,
          821248,
          828416,
          829440,
          838656,
          837632,
          824320,
          825344
        ],
        "applicable": true
      },
      {
        "kernel": "onpair_shmem_4tpt_vwidth_b128",
        "decode_ms": 1.05472,
        "decode_gib_s": 44.150223826381456,
        "decode_ns_iters": [
          1069056,
          1072128,
          1062912,
          1064960,
          1093632,
          1077248,
          1068032,
          1061888,
          1061888,
          1058816,
          1065984,
          1070080,
          1062912,
          1075200,
          1097728,
          1076224,
          1063936,
          1058816,
          1054720,
          1061888,
          1060864,
          1058816,
          1054720,
          1064960,
          1083392,
          1086464,
          1070080,
          1069056,
          1061888,
          1055744
        ],
        "applicable": true
      },
      {
        "kernel": "onpair_shmem_4tpt_vwidth4",
        "decode_ms": 0.571392,
        "decode_gib_s": 81.49593286948549,
        "decode_ns_iters": [
          596992,
          606208,
          591872,
          577536,
          579584,
          599040,
          609280,
          593920,
          576512,
          571392,
          578560,
          599040,
          600064,
          591872,
          574464,
          583680,
          575488,
          576512,
          581632,
          610304,
          590848,
          590848,
          575488,
          584704,
          576512,
          585728,
          610304,
          585728,
          590848,
          586752
        ],
        "applicable": true
      },
      {
        "kernel": "onpair_shmem_4tpt_vwidth4_b128",
        "decode_ms": 0.585728,
        "decode_gib_s": 79.5012771698827,
        "decode_ns_iters": [
          591872,
          588800,
          612352,
          604160,
          602112,
          596992,
          588800,
          588800,
          595968,
          627712,
          590848,
          598016,
          592896,
          596992,
          596992,
          601088,
          617472,
          592896,
          592896,
          588800,
          587776,
          585728,
          596992,
          615424,
          613376,
          610304,
          599040,
          595968,
          607232,
          590848
        ],
        "applicable": true
      },
      {
        "kernel": "onpair_shmem_4tpt_shdict8",
        "decode_ms": 0.667648,
        "decode_gib_s": 69.74651923492776,
        "decode_ns_iters": [
          691200,
          671744,
          689152,
          669696,
          693248,
          670720,
          677888,
          680960,
          672768,
          686080,
          670720,
          685056,
          670720,
          681984,
          667648,
          681984,
          675840,
          671744,
          678912,
          667648,
          684032,
          673792,
          678912,
          690176,
          674816,
          692224,
          673792,
          684032,
          681984,
          669696
        ],
        "applicable": true
      },
      {
        "kernel": "onpair_shmem_4tpt_ablate",
        "decode_ms": 0.569344,
        "decode_gib_s": 81.78908370714552,
        "decode_ns_iters": [
          614400,
          592896,
          586752,
          579584,
          576512,
          587776,
          586752,
          601088,
          578560,
          574464,
          571392,
          570368,
          572416,
          582656,
          601088,
          596992,
          569344,
          587776,
          576512,
          588800,
          577536,
          606208,
          576512,
          577536,
          575488,
          573440,
          577536,
          576512,
          594944,
          588800
        ],
        "applicable": true
      },
      {
        "kernel": "onpair_shmem_4tpt_ablate_nogather",
        "decode_ms": 0.56832,
        "decode_gib_s": 81.93645142553675,
        "decode_ns_iters": [
          576512,
          571392,
          571392,
          568320,
          585728,
          592896,
          592896,
          582656,
          580608,
          569344,
          571392,
          588800,
          592896,
          579584,
          588800,
          595968,
          576512,
          572416,
          585728,
          576512,
          585728,
          582656,
          583680,
          573440,
          582656,
          583680,
          578560,
          580608,
          589824,
          601088
        ],
        "applicable": true
      },
      {
        "kernel": "onpair_shmem_4tpt_ablate_noemit",
        "decode_ms": 0.56832,
        "decode_gib_s": 81.93645142553675,
        "decode_ns_iters": [
          594944,
          575488,
          577536,
          570368,
          571392,
          591872,
          586752,
          583680,
          593920,
          594944,
          599040,
          592896,
          614400,
          577536,
          569344,
          579584,
          585728,
          583680,
          589824,
          592896,
          575488,
          588800,
          584704,
          577536,
          588800,
          587776,
          577536,
          568320,
          578560,
          570368
        ],
        "applicable": true
      },
      {
        "kernel": "onpair_shmem_4tpt_ablate_nodrain",
        "decode_ms": 0.567296,
        "decode_gib_s": 82.0843511573518,
        "decode_ns_iters": [
          567296,
          578560,
          603136,
          589824,
          571392,
          570368,
          581632,
          573440,
          571392,
          596992,
          583680,
          595968,
          583680,
          579584,
          573440,
          573440,
          581632,
          583680,
          578560,
          590848,
          583680,
          590848,
          584704,
          606208,
          576512,
          578560,
          580608,
          585728,
          579584,
          590848
        ],
        "applicable": true
      },
      {
        "kernel": "onpair_shmem_4tpt_ablate_noscan",
        "decode_ms": 0.62464,
        "decode_gib_s": 74.54873859208674,
        "decode_ns_iters": [
          640000,
          649216,
          634880,
          630784,
          624640,
          628736,
          652288,
          638976,
          634880,
          627712,
          633856,
          627712,
          635904,
          652288,
          632832,
          629760,
          627712,
          633856,
          640000,
          652288,
          646144,
          628736,
          630784,
          688128,
          634880,
          635904,
          630784,
          633856,
          636928,
          638976
        ],
        "applicable": true
      },
      {
        "kernel": "onpair_shmem_4tpt_ablate_cfree",
        "decode_ms": 0.57856,
        "decode_gib_s": 80.48624874543877,
        "decode_ns_iters": [
          1233920,
          1343488,
          1364992,
          1375232,
          1404928,
          1419264,
          1414144,
          1406976,
          1401856,
          1368064,
          1345536,
          1349632,
          1363968,
          1129472,
          614400,
          583680,
          612352,
          594944,
          586752,
          585728,
          600064,
          600064,
          578560,
          589824,
          596992,
          585728,
          588800,
          587776,
          595968,
          591872
        ],
        "applicable": true
      },
      {
        "kernel": "onpair_shmem_s8",
        "decode_ms": 0.0,
        "decode_gib_s": 0.0,
        "applicable": false,
        "reason": "dictionary entry longer than 8 bytes"
      },
      {
        "kernel": "onpair_shmem_s8_2tpt",
        "decode_ms": 0.0,
        "decode_gib_s": 0.0,
        "applicable": false,
        "reason": "dictionary entry longer than 8 bytes"
      },
      {
        "kernel": "onpair_shmem_s8_4tpt",
        "decode_ms": 0.0,
        "decode_gib_s": 0.0,
        "applicable": false,
        "reason": "dictionary entry longer than 8 bytes"
      },
      {
        "kernel": "onpair_shmem_s8_8tpt",
        "decode_ms": 0.0,
        "decode_gib_s": 0.0,
        "applicable": false,
        "reason": "dictionary entry longer than 8 bytes"
      },
      {
        "kernel": "onpair_shmem_s4l1",
        "decode_ms": 0.0,
        "decode_gib_s": 0.0,
        "applicable": false,
        "reason": "dictionary entry longer than 4 bytes"
      },
      {
        "kernel": "onpair_shmem_s4l1_2tpt",
        "decode_ms": 0.0,
        "decode_gib_s": 0.0,
        "applicable": false,
        "reason": "dictionary entry longer than 4 bytes"
      },
      {
        "kernel": "onpair_shmem_s4l1_4tpt",
        "decode_ms": 0.0,
        "decode_gib_s": 0.0,
        "applicable": false,
        "reason": "dictionary entry longer than 4 bytes"
      },
      {
        "kernel": "onpair_shmem_s4l1_8tpt",
        "decode_ms": 0.0,
        "decode_gib_s": 0.0,
        "applicable": false,
        "reason": "dictionary entry longer than 4 bytes"
      },
      {
        "kernel": "onpair_shmem_s4l1_16tpt",
        "decode_ms": 0.0,
        "decode_gib_s": 0.0,
        "applicable": false,
        "reason": "dictionary entry longer than 4 bytes"
      },
      {
        "kernel": "onpair_shmem_s4l1_32tpt",
        "decode_ms": 0.0,
        "decode_gib_s": 0.0,
        "applicable": false,
        "reason": "dictionary entry longer than 4 bytes"
      },
      {
        "kernel": "onpair_shmem_const1",
        "decode_ms": 0.0,
        "decode_gib_s": 0.0,
        "applicable": false,
        "reason": "not every dictionary entry is exactly 1 byte"
      },
      {
        "kernel": "onpair_shmem_const2",
        "decode_ms": 0.0,
        "decode_gib_s": 0.0,
        "applicable": false,
        "reason": "not every dictionary entry is exactly 2 bytes"
      }
    ]
  }
}
==PROF== Disconnected from process 15404
==PROF== Report: /home/ubuntu/work/ncu_costsurface_tpch-sf10_l_comment_b12.ncu-rep
