==PROF== Connected to process 19981 (/home/ubuntu/work/target/release/onpair-chunk-bench)
2026-07-07T01:23:50.628881Z  INFO vortex_cuda: vortex-cuda/src/lib.rs:111: Registering CUDA kernels
==WARNING== Unable to access the following 6 metrics: ctc__rx_bytes_data_user.sum, ctc__rx_bytes_data_user.sum.pct_of_peak_sustained_elapsed, ctc__rx_bytes_data_user.sum.per_second, ctc__tx_bytes_data_user.sum, ctc__tx_bytes_data_user.sum.pct_of_peak_sustained_elapsed, ctc__tx_bytes_data_user.sum.per_second.


==PROF== Profiling "onpair_shmem_4tpt": 0%....50%....100% - 40 passes
==PROF== Profiling "onpair_shmem_4tpt": 0%....50%....100% - 40 passes
==PROF== Profiling "onpair_shmem_4tpt": 0%....50%....100% - 40 passes
==PROF== Profiling "onpair_shmem_4tpt": 0%....50%....100% - 40 passes
==PROF== Profiling "onpair_shmem_4tpt": 0%....50%....100% - 40 passes
==PROF== Profiling "onpair_shmem_4tpt": 0%....50%....100% - 40 passes
==PROF== Profiling "onpair_shmem_4tpt": 0%....50%....100% - 40 passes
==PROF== Profiling "onpair_shmem_4tpt": 0%....50%....100% - 40 passes
==PROF== Profiling "onpair_shmem_4tpt": 0%....50%....100% - 40 passes
==PROF== Profiling "onpair_shmem_4tpt": 0%....50%....100% - 40 passes
==PROF== Profiling "onpair_shmem_4tpt": 0%....50%....100% - 40 passes
==PROF== Profiling "onpair_shmem_4tpt": 0%....50%....100% - 40 passes
==PROF== Profiling "onpair_shmem_4tpt": 0%....50%....100% - 40 passes
==PROF== Profiling "onpair_shmem_4tpt": 0%....50%....100% - 40 passes
==PROF== Profiling "onpair_shmem_4tpt": 0%....50%....100% - 40 passes
==PROF== Profiling "onpair_shmem_4tpt": 0%....50%....100% - 40 passes
{
  "files": [
    "/home/ubuntu/work/vortex-bench/data/onpair-bench/clickbench/URL/bits12_chunk1000mb_thr0.20/part_0000.vortex"
  ],
  "column": "URL",
  "rows": 12254692,
  "in_memory_bytes": 345745017,
  "dict_bytes": 21556,
  "gpu": {
    "iterations": 30,
    "decoded_bytes": 999999995,
    "chunks": 1,
    "auto_kernel": "onpair_shmem_4tpt_split8read_b128o12",
    "frac_le8": 0.8119982,
    "dict_mean_len": 4.693313,
    "dict_max_len": 16,
    "dict_entries_max": 4096,
    "small_dict": true,
    "distinct_codes": 4022,
    "access_top4096_frac": 1.0,
    "compressed_bytes": 426163882,
    "h2d_gib_s": 10.254243087865964,
    "whole_decompress_gib_s": 23.354581401538276,
    "best_kernel": "onpair_shmem_4tpt_vwidth4_b128",
    "auto_decode_ms": 1.171968,
    "best_decode_ms": 1.161664,
    "validated": false,
    "auto_decode_gib_s": 794.6655283752336,
    "best_decode_gib_s": 801.7142391938337,
    "kernels": [
      {
        "kernel": "onpair_shmem",
        "decode_ms": 1.708896,
        "decode_gib_s": 544.9849317681508,
        "decode_ns_iters": [
          1708896,
          1713600,
          1710592,
          1711520,
          1714336,
          1711616,
          1712928,
          1720640,
          1717920,
          1712224,
          1712576,
          1727104,
          1711904,
          1710080,
          1711392,
          1711296,
          1711936,
          1712160,
          1709792,
          1711264,
          1719552,
          1711008,
          1711584,
          1731168,
          1712992,
          1711936,
          1726048,
          1711424,
          1716512,
          1713568
        ],
        "applicable": true
      },
      {
        "kernel": "onpair_shmem_2tpt",
        "decode_ms": 1.281664,
        "decode_gib_s": 726.6511113356275,
        "decode_ns_iters": [
          1284544,
          1285536,
          1283616,
          1283072,
          1284288,
          1283488,
          1284576,
          1283744,
          1296384,
          1282752,
          1298368,
          1283488,
          1284576,
          1284256,
          1284512,
          1284416,
          1283104,
          1284480,
          1281664,
          1284160,
          1284960,
          1290784,
          1284032,
          1284832,
          1283008,
          1294560,
          1283936,
          1283840,
          1283808,
          1284576
        ],
        "applicable": true
      },
      {
        "kernel": "onpair_shmem_4tpt",
        "decode_ms": 1.346816,
        "decode_gib_s": 691.4994846800644,
        "decode_ns_iters": [
          3238176823,
          3216023445,
          3242552042,
          3226083755,
          3238252878,
          3235465288,
          3240285635,
          3225861073,
          3239437103,
          3232848883,
          3229153395,
          3241050959,
          3223992348,
          3242620945,
          1358944,
          1353536,
          1360064,
          1359712,
          1347552,
          1348576,
          1347456,
          1348224,
          1346816,
          1347328,
          1355104,
          1347456,
          1359552,
          1348128,
          1347712,
          1355360
        ],
        "applicable": true
      },
      {
        "kernel": "onpair_shmem_4tpt_wpb8",
        "decode_ms": 1.294624,
        "decode_gib_s": 719.3768769610833,
        "decode_ns_iters": [
          1327808,
          1320768,
          1321152,
          1321248,
          1321248,
          1321408,
          1314944,
          1315488,
          1329696,
          1294624,
          1312800,
          1312992,
          1312864,
          1314944,
          1312864,
          1320544,
          1313824,
          1311840,
          1313248,
          1321728,
          1313024,
          1312480,
          1312832,
          1327424,
          1312608,
          1311680,
          1314656,
          1313312,
          1314304,
          1313792
        ],
        "applicable": true
      },
      {
        "kernel": "onpair_shmem_4tpt_wpb8_occ",
        "decode_ms": 1.251648,
        "decode_gib_s": 744.0770647649064,
        "decode_ns_iters": [
          1255840,
          1264576,
          1253152,
          1252320,
          1254208,
          1252960,
          1266752,
          1259456,
          1252992,
          1253952,
          1254336,
          1267616,
          1252256,
          1253728,
          1253536,
          1253952,
          1253056,
          1254048,
          1273568,
          1253568,
          1253952,
          1252288,
          1253728,
          1253024,
          1268640,
          1251648,
          1253760,
          1253952,
          1258112,
          1253056
        ],
        "applicable": true
      },
      {
        "kernel": "onpair_shmem_4tpt_b128",
        "decode_ms": 1.237184,
        "decode_gib_s": 752.776118959561,
        "decode_ns_iters": [
          1252352,
          1238432,
          1237248,
          1239328,
          1240704,
          1238208,
          1240352,
          1238880,
          1239072,
          1238592,
          1238944,
          1239136,
          1239040,
          1240672,
          1257696,
          1240128,
          1237184,
          1242080,
          1244576,
          1238720,
          1238848,
          1239040,
          1249600,
          1238240,
          1259712,
          1239584,
          1239584,
          1240256,
          1239200,
          1239488
        ],
        "applicable": true
      },
      {
        "kernel": "onpair_shmem_4tpt_o6",
        "decode_ms": 1.2296,
        "decode_gib_s": 757.4191362710359,
        "decode_ns_iters": [
          1231520,
          1243008,
          1230176,
          1231168,
          1231584,
          1231360,
          1231040,
          1229600,
          1231552,
          1230592,
          1231744,
          1231744,
          1235808,
          1243200,
          1234080,
          1230144,
          1232448,
          1229856,
          1230752,
          1232960,
          1230496,
          1230944,
          1231104,
          1231360,
          1244224,
          1231328,
          1231520,
          1234784,
          1232448,
          1237312
        ],
        "applicable": true
      },
      {
        "kernel": "onpair_shmem_4tpt_b512o3",
        "decode_ms": 1.226976,
        "decode_gib_s": 759.038946123531,
        "decode_ns_iters": [
          1230176,
          1235232,
          1230720,
          1229984,
          1249632,
          1233760,
          1228544,
          1230848,
          1228448,
          1229600,
          1226976,
          1230560,
          1230752,
          1230336,
          1228864,
          1236800,
          1228512,
          1228800,
          1228736,
          1229056,
          1228960,
          1242752,
          1228480,
          1229696,
          1229120,
          1228192,
          1229600,
          1231680,
          1228800,
          1229664
        ],
        "applicable": true
      },
      {
        "kernel": "onpair_shmem_4tpt_b128o12",
        "decode_ms": 1.233184,
        "decode_gib_s": 755.2178506685666,
        "decode_ns_iters": [
          1233376,
          1233408,
          1234688,
          1234944,
          1247008,
          1235552,
          1234112,
          1235264,
          1234176,
          1234432,
          1235104,
          1235968,
          1234432,
          1234496,
          1235008,
          1235360,
          1234048,
          1234560,
          1235072,
          1234304,
          1235296,
          1233696,
          1234656,
          1233184,
          1235456,
          1234240,
          1233632,
          1235392,
          1234752,
          1235072
        ],
        "applicable": true
      },
      {
        "kernel": "onpair_shmem_4tpt_b64",
        "decode_ms": 1.241984,
        "decode_gib_s": 749.8668017936347,
        "decode_ns_iters": [
          1250624,
          1250368,
          1265568,
          1251072,
          1251616,
          1251456,
          1246016,
          1248608,
          1243328,
          1264704,
          1242880,
          1242688,
          1242400,
          1245184,
          1242336,
          1257696,
          1242432,
          1244672,
          1242048,
          1243168,
          1257344,
          1243488,
          1243584,
          1244960,
          1242656,
          1244480,
          1241984,
          1256608,
          1252192,
          1244576
        ],
        "applicable": true
      },
      {
        "kernel": "onpair_shmem_4tpt_b64o24",
        "decode_ms": 1.2384,
        "decode_gib_s": 752.0369589461125,
        "decode_ns_iters": [
          1239936,
          1239424,
          1240032,
          1240544,
          1239904,
          1240608,
          1240640,
          1238400,
          1240064,
          1239680,
          1245440,
          1249216,
          1243424,
          1259200,
          1238848,
          1242784,
          1239712,
          1238944,
          1241504,
          1247520,
          1239808,
          1239040,
          1240160,
          1240800,
          1239200,
          1254752,
          1239360,
          1238432,
          1241440,
          1239168
        ],
        "applicable": true
      },
      {
        "kernel": "onpair_shmem_4tpt_split8read_b128o12",
        "decode_ms": 1.171968,
        "decode_gib_s": 794.6655283752336,
        "decode_ns_iters": [
          1172512,
          1172640,
          1173984,
          1173568,
          1173280,
          1173504,
          1174976,
          1173984,
          1172192,
          1173696,
          1172640,
          1175296,
          1174624,
          1172832,
          1175552,
          1174528,
          1172736,
          1173824,
          1172512,
          1172992,
          1174336,
          1173280,
          1173600,
          1174912,
          1171968,
          1173632,
          1174208,
          1175296,
          1173280,
          1173568
        ],
        "applicable": true
      },
      {
        "kernel": "onpair_shmem_4tpt_split8read_occ",
        "decode_ms": 1.274688,
        "decode_gib_s": 730.62786341353,
        "decode_ns_iters": [
          1274688,
          1277984,
          1288704,
          1290880,
          1278496,
          1276192,
          1277376,
          1277568,
          1276352,
          1288416,
          1284608,
          1276448,
          1278432,
          1278432,
          1277440,
          1278784,
          1274816,
          1276160,
          1277600,
          1277088,
          1278560,
          1276672,
          1276896,
          1291360,
          1276352,
          1276224,
          1278464,
          1292032,
          1278016,
          1278624
        ],
        "applicable": true
      },
      {
        "kernel": "onpair_shmem_4tpt_split8",
        "decode_ms": 1.459296,
        "decode_gib_s": 638.1999059538748,
        "decode_ns_iters": [
          1472160,
          1460448,
          1459552,
          1460864,
          1478720,
          1480352,
          1459552,
          1460096,
          1459808,
          1460288,
          1459296,
          1460800,
          1461056,
          1461280,
          1460896,
          1460192,
          1459680,
          1460192,
          1460704,
          1460000,
          1469120,
          1467264,
          1468928,
          1466752,
          1466752,
          1465952,
          1467136,
          1466976,
          1481920,
          1468000
        ],
        "applicable": true
      },
      {
        "kernel": "onpair_shmem_4tpt_split8_wpb8",
        "decode_ms": 1.473664,
        "decode_gib_s": 631.9775538785406,
        "decode_ns_iters": [
          1476192,
          1482944,
          1476128,
          1483200,
          1488512,
          1489536,
          1474144,
          1483808,
          1497536,
          1482048,
          1482912,
          1482880,
          1484320,
          1476608,
          1475328,
          1474272,
          1477376,
          1488448,
          1475936,
          1475552,
          1490432,
          1498784,
          1481952,
          1482656,
          1474752,
          1481536,
          1475808,
          1473664,
          1477152,
          1474944
        ],
        "applicable": true
      },
      {
        "kernel": "onpair_shmem_4tpt_split8_wpb8_occ",
        "decode_ms": 1.412704,
        "decode_gib_s": 659.2482005847409,
        "decode_ns_iters": [
          1414336,
          1416512,
          1427968,
          1415008,
          1416896,
          1416768,
          1429344,
          1440128,
          1421760,
          1429792,
          1415712,
          1416480,
          1417344,
          1416800,
          1414912,
          1414784,
          1414496,
          1414272,
          1412704,
          1413984,
          1427936,
          1415872,
          1428864,
          1429344,
          1414816,
          1414816,
          1427968,
          1415520,
          1415616,
          1425536
        ],
        "applicable": true
      },
      {
        "kernel": "onpair_shmem_4tpt_pdict",
        "decode_ms": 1.62896,
        "decode_gib_s": 571.7283235677154,
        "decode_ns_iters": [
          1643328,
          1640576,
          1628960,
          1640096,
          1633472,
          1646080,
          1646816,
          1630336,
          1633248,
          1632480,
          1635008,
          1636320,
          1634944,
          1638656,
          1658944,
          1639552,
          1634560,
          1631456,
          1633344,
          1632832,
          1634176,
          1632256,
          1654176,
          1629120,
          1635872,
          1636576,
          1649856,
          1660800,
          1636800,
          1637952
        ],
        "applicable": true
      },
      {
        "kernel": "onpair_shmem_4tpt_vdict",
        "decode_ms": 2.405472,
        "decode_gib_s": 387.16832703056434,
        "decode_ns_iters": [
          2422784,
          2430432,
          2424128,
          2428256,
          2410432,
          2408032,
          2410560,
          2410400,
          2409696,
          2407392,
          2408960,
          2405952,
          2409120,
          2410208,
          2409088,
          2409184,
          2423136,
          2409408,
          2406240,
          2408160,
          2410368,
          2422784,
          2410848,
          2411648,
          2410240,
          2405472,
          2409920,
          2408288,
          2408096,
          2412544
        ],
        "applicable": true
      },
      {
        "kernel": "onpair_shmem_4tpt_split8read",
        "decode_ms": 1.363456,
        "decode_gib_s": 683.0602307363534,
        "decode_ns_iters": [
          1378304,
          1364448,
          1378176,
          1365344,
          1364768,
          1365056,
          1364800,
          1367040,
          1366880,
          1373184,
          1364800,
          1364640,
          1365856,
          1365056,
          1365184,
          1363456,
          1365664,
          1364352,
          1372544,
          1377280,
          1379200,
          1365152,
          1364320,
          1364992,
          1364928,
          1364864,
          1365504,
          1365152,
          1364736,
          1364576
        ],
        "applicable": true
      },
      {
        "kernel": "onpair_shmem_4tpt_ldcs",
        "decode_ms": 1.342368,
        "decode_gib_s": 693.7908010015626,
        "decode_ns_iters": [
          1343680,
          1343904,
          1353856,
          1343872,
          1342752,
          1357760,
          1342848,
          1345408,
          1343552,
          1342368,
          1345312,
          1343584,
          1344352,
          1344928,
          1356064,
          1344192,
          1355872,
          1344064,
          1343776,
          1343680,
          1343488,
          1344544,
          1356256,
          1345376,
          1355136,
          1344160,
          1343584,
          1344416,
          1342880,
          1344672
        ],
        "applicable": true
      },
      {
        "kernel": "onpair_shmem_4tpt_lenbucket",
        "decode_ms": 0.0,
        "decode_gib_s": 0.0,
        "applicable": false,
        "reason": "length-bucket dict not built (set ONPAIR_DICT_REORDER=lenbucket)"
      },
      {
        "kernel": "onpair_shmem_4tpt_lenbucket_b128",
        "decode_ms": 0.0,
        "decode_gib_s": 0.0,
        "applicable": false,
        "reason": "length-bucket dict not built (set ONPAIR_DICT_REORDER=lenbucket)"
      },
      {
        "kernel": "onpair_shmem_4tpt_regcache",
        "decode_ms": 1.429408,
        "decode_gib_s": 651.5442546556795,
        "decode_ns_iters": [
          1430944,
          1431424,
          1432832,
          1443104,
          1432768,
          1430368,
          1431040,
          1430176,
          1430592,
          1430208,
          1452320,
          1429408,
          1430528,
          1430496,
          1430688,
          1431712,
          1430368,
          1431008,
          1430144,
          1429632,
          1431840,
          1429504,
          1443936,
          1442880,
          1431424,
          1442624,
          1445664,
          1430240,
          1444128,
          1443392
        ],
        "applicable": true
      },
      {
        "kernel": "onpair_shmem_4tpt_split4read",
        "decode_ms": 1.402176,
        "decode_gib_s": 664.1980535673594,
        "decode_ns_iters": [
          1402176,
          1415200,
          1415488,
          1403136,
          1404896,
          1405696,
          1416000,
          1416992,
          1403840,
          1404160,
          1416512,
          1416384,
          1416768,
          1417600,
          1417632,
          1418336,
          1421408,
          1416800,
          1403136,
          1425472,
          1416832,
          1404672,
          1404224,
          1410112,
          1404192,
          1410432,
          1404928,
          1414944,
          1425472,
          1420064
        ],
        "applicable": true
      },
      {
        "kernel": "onpair_shmem_4tpt_split4read_b128o12",
        "decode_ms": 1.264224,
        "decode_gib_s": 736.6752806139305,
        "decode_ns_iters": [
          1269728,
          1281184,
          1267040,
          1267040,
          1266816,
          1264224,
          1264992,
          1284032,
          1266240,
          1265376,
          1265344,
          1266592,
          1267488,
          1280960,
          1264800,
          1267392,
          1264992,
          1265824,
          1266144,
          1277120,
          1264640,
          1280000,
          1265600,
          1266624,
          1264960,
          1264576,
          1266592,
          1266368,
          1266432,
          1265632
        ],
        "applicable": true
      },
      {
        "kernel": "onpair_shmem_4tpt_cluster_dsmem",
        "decode_ms": 4.91152,
        "decode_gib_s": 189.6200300434215,
        "decode_ns_iters": [
          4930304,
          4937632,
          4949088,
          4943328,
          4940736,
          4931136,
          4930368,
          4959264,
          4911520,
          4930624,
          4944608,
          4940608,
          4928864,
          4927456,
          4926624,
          4932864,
          4944864,
          4939616,
          4964224,
          4930368,
          4929312,
          4952960,
          4952800,
          4931936,
          4922784,
          4947904,
          4924960,
          4949024,
          4918304,
          4925120
        ],
        "applicable": true
      },
      {
        "kernel": "onpair_shmem_8tpt",
        "decode_ms": 1.246304,
        "decode_gib_s": 747.2675767379914,
        "decode_ns_iters": [
          1246624,
          1247520,
          1248544,
          1269920,
          1248960,
          1254784,
          1246720,
          1248032,
          1247968,
          1260000,
          1248160,
          1247264,
          1247360,
          1247520,
          1248256,
          1247104,
          1246304,
          1247456,
          1249408,
          1260288,
          1246720,
          1247104,
          1247136,
          1248672,
          1261696,
          1248448,
          1246912,
          1248096,
          1249056,
          1248768
        ],
        "applicable": true
      },
      {
        "kernel": "onpair_shmem_8tpt_b128",
        "decode_ms": 1.247328,
        "decode_gib_s": 746.6541037793312,
        "decode_ns_iters": [
          1247328,
          1250176,
          1249344,
          1249824,
          1250912,
          1249280,
          1263936,
          1248896,
          1249760,
          1248928,
          1250016,
          1249536,
          1250784,
          1250048,
          1249152,
          1250528,
          1262112,
          1264544,
          1249408,
          1249120,
          1250528,
          1249408,
          1249472,
          1248896,
          1250080,
          1249984,
          1249568,
          1250592,
          1249248,
          1264128
        ],
        "applicable": true
      },
      {
        "kernel": "onpair_shmem_4tpt_vwidth",
        "decode_ms": 3.90592,
        "decode_gib_s": 238.43872121263763,
        "decode_ns_iters": [
          3906272,
          3907776,
          3908288,
          3907424,
          3907392,
          3908896,
          3908096,
          3909216,
          3922528,
          3908960,
          3923424,
          3908448,
          3907520,
          3907168,
          3905920,
          3908832,
          3906848,
          3907904,
          3908512,
          3907168,
          3907136,
          3923936,
          3907200,
          3906528,
          3908576,
          3906944,
          3906720,
          3905984,
          3906336,
          3907040
        ],
        "applicable": true
      },
      {
        "kernel": "onpair_shmem_4tpt_vwidth_b128",
        "decode_ms": 4.804864,
        "decode_gib_s": 193.82912189790713,
        "decode_ns_iters": [
          4807264,
          4819552,
          4805888,
          4806784,
          4807104,
          4808384,
          4808160,
          4821216,
          4805440,
          4805024,
          4806112,
          4806848,
          4806496,
          4807232,
          4807456,
          4806752,
          4806816,
          4804864,
          4818688,
          4806208,
          4805056,
          4807040,
          4806976,
          4807200,
          4805248,
          4806272,
          4816640,
          4806016,
          4805152,
          4807232
        ],
        "applicable": true
      },
      {
        "kernel": "onpair_shmem_4tpt_vwidth4",
        "decode_ms": 1.57296,
        "decode_gib_s": 592.0828056396002,
        "decode_ns_iters": [
          1587392,
          1574528,
          1573408,
          1574304,
          1587168,
          1572960,
          1575616,
          1588608,
          1574720,
          1573760,
          1575168,
          1575680,
          1574048,
          1587872,
          1574240,
          1586976,
          1574336,
          1574112,
          1587072,
          1577504,
          1584608,
          1581312,
          1581472,
          1580320,
          1583808,
          1581536,
          1582176,
          1584160,
          1583072,
          1582624
        ],
        "applicable": true
      },
      {
        "kernel": "onpair_shmem_4tpt_vwidth4_b128",
        "decode_ms": 1.161664,
        "decode_gib_s": 801.7142391938337,
        "decode_ns_iters": [
          1202528,
          1203904,
          1204608,
          1203840,
          1205792,
          1204064,
          1207232,
          1169280,
          1163616,
          1162624,
          1177440,
          1167520,
          1163904,
          1164544,
          1161792,
          1175104,
          1192000,
          1165376,
          1166496,
          1164416,
          1164224,
          1164448,
          1166304,
          1161664,
          1163648,
          1166208,
          1167552,
          1164096,
          1205312,
          1209440
        ],
        "applicable": true
      },
      {
        "kernel": "onpair_shmem_4tpt_shdict8",
        "decode_ms": 2.095584,
        "decode_gib_s": 444.4214929866164,
        "decode_ns_iters": [
          2105568,
          2104224,
          2106272,
          2112160,
          2096960,
          2102752,
          2102720,
          2101120,
          2101920,
          2102304,
          2098048,
          2116544,
          2100320,
          2107232,
          2098912,
          2098912,
          2108512,
          2099392,
          2097440,
          2113568,
          2101440,
          2101984,
          2116576,
          2128256,
          2100480,
          2095584,
          2099968,
          2100320,
          2098976,
          2102112
        ],
        "applicable": true
      },
      {
        "kernel": "onpair_shmem_4tpt_ablate",
        "decode_ms": 1.233024,
        "decode_gib_s": 755.3158494553761,
        "decode_ns_iters": [
          1236608,
          1235296,
          1243968,
          1233024,
          1250624,
          1236064,
          1234208,
          1236992,
          1237536,
          1243424,
          1235040,
          1245152,
          1234976,
          1248416,
          1245120,
          1257728,
          1236000,
          1235520,
          1235136,
          1234912,
          1235712,
          1234784,
          1235200,
          1242624,
          1235616,
          1236896,
          1235328,
          1236000,
          1235200,
          1235584
        ],
        "applicable": true
      },
      {
        "kernel": "onpair_shmem_4tpt_ablate_nogather",
        "decode_ms": 0.928992,
        "decode_gib_s": 1002.5087083191951,
        "decode_ns_iters": [
          931104,
          950432,
          930528,
          930112,
          932096,
          939648,
          930304,
          930368,
          929888,
          941056,
          937536,
          929952,
          938208,
          932768,
          930304,
          929728,
          957824,
          930784,
          954976,
          929856,
          930496,
          931520,
          953824,
          929824,
          934976,
          929792,
          928992,
          929632,
          930560,
          929728
        ],
        "applicable": true
      },
      {
        "kernel": "onpair_shmem_4tpt_ablate_noemit",
        "decode_ms": 0.425632,
        "decode_gib_s": 2188.0933998356927,
        "decode_ns_iters": [
          454464,
          455072,
          470720,
          454304,
          456416,
          462208,
          477888,
          458272,
          479680,
          472640,
          483904,
          490304,
          425632,
          480640,
          453760,
          456224,
          453152,
          466080,
          454784,
          481216,
          477056,
          432128,
          455200,
          452992,
          454592,
          482688,
          469952,
          562240,
          464160,
          466112
        ],
        "applicable": true
      },
      {
        "kernel": "onpair_shmem_4tpt_ablate_nodrain",
        "decode_ms": 1.114592,
        "decode_gib_s": 835.5726310245055,
        "decode_ns_iters": [
          1139008,
          1118848,
          1129152,
          1140800,
          1116960,
          1116704,
          1114592,
          1116768,
          1130592,
          1117600,
          1117216,
          1117696,
          1116608,
          1116928,
          1118080,
          1131712,
          1117504,
          1117472,
          1116928,
          1115808,
          1116096,
          1117184,
          1116352,
          1118784,
          1124064,
          1115680,
          1118176,
          1120096,
          1133344,
          1139072
        ],
        "applicable": true
      },
      {
        "kernel": "onpair_shmem_4tpt_ablate_noscan",
        "decode_ms": 0.78512,
        "decode_gib_s": 1186.2168457800917,
        "decode_ns_iters": [
          785120,
          786272,
          787232,
          786944,
          786336,
          787584,
          787392,
          806432,
          786432,
          805632,
          801984,
          786816,
          785568,
          786816,
          786784,
          786752,
          786464,
          786304,
          786912,
          803296,
          787552,
          786848,
          787424,
          787104,
          785568,
          786336,
          786176,
          786336,
          800480,
          786624
        ],
        "applicable": true
      },
      {
        "kernel": "onpair_shmem_4tpt_ablate_cfree",
        "decode_ms": 1.14528,
        "decode_gib_s": 813.1833001177578,
        "decode_ns_iters": [
          1145472,
          1147456,
          1146880,
          1161792,
          1147392,
          1146560,
          1161536,
          1175392,
          1146688,
          1153696,
          1145376,
          1147360,
          1158112,
          1147168,
          1146208,
          1147584,
          1146624,
          1147232,
          1146368,
          1156064,
          1148032,
          1148192,
          1154304,
          1162912,
          1146048,
          1147072,
          1145280,
          1147296,
          1146464,
          1146336
        ],
        "applicable": true
      },
      {
        "kernel": "onpair_shmem_s8",
        "decode_ms": 0.0,
        "decode_gib_s": 0.0,
        "applicable": false,
        "reason": "dictionary entry longer than 8 bytes"
      },
      {
        "kernel": "onpair_shmem_s8_2tpt",
        "decode_ms": 0.0,
        "decode_gib_s": 0.0,
        "applicable": false,
        "reason": "dictionary entry longer than 8 bytes"
      },
      {
        "kernel": "onpair_shmem_s8_4tpt",
        "decode_ms": 0.0,
        "decode_gib_s": 0.0,
        "applicable": false,
        "reason": "dictionary entry longer than 8 bytes"
      },
      {
        "kernel": "onpair_shmem_s8_8tpt",
        "decode_ms": 0.0,
        "decode_gib_s": 0.0,
        "applicable": false,
        "reason": "dictionary entry longer than 8 bytes"
      },
      {
        "kernel": "onpair_shmem_s4l1",
        "decode_ms": 0.0,
        "decode_gib_s": 0.0,
        "applicable": false,
        "reason": "dictionary entry longer than 4 bytes"
      },
      {
        "kernel": "onpair_shmem_s4l1_2tpt",
        "decode_ms": 0.0,
        "decode_gib_s": 0.0,
        "applicable": false,
        "reason": "dictionary entry longer than 4 bytes"
      },
      {
        "kernel": "onpair_shmem_s4l1_4tpt",
        "decode_ms": 0.0,
        "decode_gib_s": 0.0,
        "applicable": false,
        "reason": "dictionary entry longer than 4 bytes"
      },
      {
        "kernel": "onpair_shmem_s4l1_8tpt",
        "decode_ms": 0.0,
        "decode_gib_s": 0.0,
        "applicable": false,
        "reason": "dictionary entry longer than 4 bytes"
      },
      {
        "kernel": "onpair_shmem_s4l1_16tpt",
        "decode_ms": 0.0,
        "decode_gib_s": 0.0,
        "applicable": false,
        "reason": "dictionary entry longer than 4 bytes"
      },
      {
        "kernel": "onpair_shmem_s4l1_32tpt",
        "decode_ms": 0.0,
        "decode_gib_s": 0.0,
        "applicable": false,
        "reason": "dictionary entry longer than 4 bytes"
      },
      {
        "kernel": "onpair_shmem_const1",
        "decode_ms": 0.0,
        "decode_gib_s": 0.0,
        "applicable": false,
        "reason": "not every dictionary entry is exactly 1 byte"
      },
      {
        "kernel": "onpair_shmem_const2",
        "decode_ms": 0.0,
        "decode_gib_s": 0.0,
        "applicable": false,
        "reason": "not every dictionary entry is exactly 2 bytes"
      }
    ]
  }
}
==PROF== Disconnected from process 19981
==PROF== Report: /home/ubuntu/work/ncu_clickbench_URL_b12_onpair_shmem_4tpt.ncu-rep
