==PROF== Connected to process 21062 (/home/ubuntu/work/target/release/onpair-chunk-bench)
2026-07-07T01:24:54.384875Z  INFO vortex_cuda: vortex-cuda/src/lib.rs:111: Registering CUDA kernels
==WARNING== Unable to access the following 6 metrics: ctc__rx_bytes_data_user.sum, ctc__rx_bytes_data_user.sum.pct_of_peak_sustained_elapsed, ctc__rx_bytes_data_user.sum.per_second, ctc__tx_bytes_data_user.sum, ctc__tx_bytes_data_user.sum.pct_of_peak_sustained_elapsed, ctc__tx_bytes_data_user.sum.per_second.


==PROF== Profiling "onpair_shmem_4tpt_b128o12": 0%....50%....100% - 40 passes
==PROF== Profiling "onpair_shmem_4tpt_b128o12": 0%....50%....100% - 40 passes
==PROF== Profiling "onpair_shmem_4tpt_b128o12": 0%....50%....100% - 40 passes
==PROF== Profiling "onpair_shmem_4tpt_b128o12": 0%....50%....100% - 40 passes
==PROF== Profiling "onpair_shmem_4tpt_b128o12": 0%....50%....100% - 40 passes
==PROF== Profiling "onpair_shmem_4tpt_b128o12": 0%....50%....100% - 40 passes
==PROF== Profiling "onpair_shmem_4tpt_b128o12": 0%....50%....100% - 40 passes
==PROF== Profiling "onpair_shmem_4tpt_b128o12": 0%....50%....100% - 40 passes
==PROF== Profiling "onpair_shmem_4tpt_b128o12": 0%....50%....100% - 40 passes
==PROF== Profiling "onpair_shmem_4tpt_b128o12": 0%....50%....100% - 40 passes
==PROF== Profiling "onpair_shmem_4tpt_b128o12": 0%....50%....100% - 40 passes
==PROF== Profiling "onpair_shmem_4tpt_b128o12": 0%....50%....100% - 40 passes
==PROF== Profiling "onpair_shmem_4tpt_b128o12": 0%....50%....100% - 40 passes
==PROF== Profiling "onpair_shmem_4tpt_b128o12": 0%....50%....100% - 40 passes
==PROF== Profiling "onpair_shmem_4tpt_b128o12": 0%....50%....100% - 40 passes
==PROF== Profiling "onpair_shmem_4tpt_b128o12": 0%....50%....100% - 40 passes
{
  "files": [
    "/home/ubuntu/work/vortex-bench/data/onpair-bench/dbtext/ps_comment/bits12_chunk1000mb_thr0.20/part_0000.vortex"
  ],
  "column": "ps_comment",
  "rows": 20000,
  "in_memory_bytes": 448029,
  "dict_bytes": 31477,
  "gpu": {
    "iterations": 30,
    "decoded_bytes": 2471298,
    "chunks": 1,
    "auto_kernel": "onpair_shmem_4tpt_b128o12",
    "frac_le8": 0.37103626,
    "dict_mean_len": 9.829987,
    "dict_max_len": 16,
    "dict_entries_max": 3508,
    "small_dict": true,
    "distinct_codes": 3261,
    "access_top4096_frac": 1.0,
    "compressed_bytes": 537809,
    "h2d_gib_s": 10.455354965156065,
    "whole_decompress_gib_s": 24.83519623331251,
    "best_kernel": "onpair_shmem_4tpt_wpb8",
    "auto_decode_ms": 0.044768,
    "best_decode_ms": 0.039392,
    "validated": false,
    "auto_decode_gib_s": 51.41117798432101,
    "best_decode_gib_s": 58.42748822101144,
    "kernels": [
      {
        "kernel": "onpair_shmem",
        "decode_ms": 0.045312,
        "decode_gib_s": 50.79395338987648,
        "decode_ns_iters": [
          47264,
          51168,
          45312,
          58592,
          57728,
          50080,
          51488,
          50272,
          47520,
          49632,
          61984,
          53504,
          51584,
          52640,
          65248,
          52768,
          51200,
          51360,
          53280,
          51296,
          62240,
          50400,
          50112,
          52448,
          50368,
          50784,
          50112,
          61312,
          50880,
          54624
        ],
        "applicable": true
      },
      {
        "kernel": "onpair_shmem_2tpt",
        "decode_ms": 0.051232,
        "decode_gib_s": 44.924570893232406,
        "decode_ns_iters": [
          51904,
          52896,
          67040,
          53696,
          67808,
          54432,
          51616,
          53184,
          56768,
          64640,
          55520,
          55488,
          52480,
          53216,
          52960,
          51552,
          53088,
          52640,
          51680,
          62240,
          54368,
          56000,
          53408,
          52192,
          52736,
          52160,
          51232,
          51584,
          54624,
          64576
        ],
        "applicable": true
      },
      {
        "kernel": "onpair_shmem_4tpt",
        "decode_ms": 0.050976,
        "decode_gib_s": 45.15018079100131,
        "decode_ns_iters": [
          53184,
          61760,
          53408,
          52992,
          56096,
          52608,
          53952,
          53632,
          50976,
          51200,
          55392,
          53632,
          60928,
          60192,
          51584,
          52608,
          53920,
          52864,
          61664,
          53120,
          53856,
          59904,
          54080,
          51936,
          53824,
          51936,
          53856,
          54112,
          53920,
          55072
        ],
        "applicable": true
      },
      {
        "kernel": "onpair_shmem_4tpt_wpb8",
        "decode_ms": 0.039392,
        "decode_gib_s": 58.42748822101144,
        "decode_ns_iters": [
          41504,
          44704,
          59904,
          46816,
          45664,
          45600,
          86112,
          47296,
          48416,
          46240,
          57824,
          51808,
          44640,
          39392,
          44256,
          59232,
          43968,
          47296,
          56384,
          55200,
          46368,
          61152,
          47808,
          45600,
          67648,
          50272,
          46816,
          45984,
          68832,
          47904
        ],
        "applicable": true
      },
      {
        "kernel": "onpair_shmem_4tpt_wpb8_occ",
        "decode_ms": 0.048928,
        "decode_gib_s": 47.04005101377704,
        "decode_ns_iters": [
          51488,
          64640,
          51168,
          62528,
          55200,
          59936,
          54784,
          53760,
          55296,
          48928,
          54048,
          59808,
          52640,
          53952,
          52096,
          53440,
          60480,
          54368,
          60256,
          66656,
          64768,
          51424,
          51616,
          50112,
          53600,
          52640,
          51008,
          52480,
          51936,
          53280
        ],
        "applicable": true
      },
      {
        "kernel": "onpair_shmem_4tpt_b128",
        "decode_ms": 0.049632,
        "decode_gib_s": 46.37281624762417,
        "decode_ns_iters": [
          52672,
          53056,
          54432,
          49632,
          52000,
          53568,
          54144,
          63328,
          54912,
          61792,
          52512,
          54464,
          52544,
          51968,
          50528,
          52928,
          53088,
          51904,
          54080,
          53824,
          52736,
          54048,
          64832,
          59968,
          54240,
          54208,
          53888,
          51232,
          52448,
          52832
        ],
        "applicable": true
      },
      {
        "kernel": "onpair_shmem_4tpt_o6",
        "decode_ms": 0.051104,
        "decode_gib_s": 45.03709329997814,
        "decode_ns_iters": [
          61600,
          52384,
          54560,
          51104,
          52160,
          55264,
          63488,
          54304,
          63680,
          54208,
          52000,
          55584,
          53728,
          54080,
          53344,
          56480,
          51648,
          54720,
          53152,
          52448,
          53696,
          52320,
          52512,
          75616,
          59136,
          68768,
          59040,
          52896,
          52704,
          52800
        ],
        "applicable": true
      },
      {
        "kernel": "onpair_shmem_4tpt_b512o3",
        "decode_ms": 0.049472,
        "decode_gib_s": 46.52279301427237,
        "decode_ns_iters": [
          53184,
          53280,
          52320,
          50144,
          52384,
          60832,
          57312,
          57216,
          52288,
          52352,
          50048,
          50432,
          49472,
          53280,
          50816,
          53056,
          58560,
          51168,
          51328,
          50336,
          51296,
          50240,
          50784,
          52768,
          54016,
          52640,
          51296,
          51040,
          50720,
          52608
        ],
        "applicable": true
      },
      {
        "kernel": "onpair_shmem_4tpt_b128o12",
        "decode_ms": 0.044768,
        "decode_gib_s": 51.41117798432101,
        "decode_ns_iters": [
          2526444912,
          2538369656,
          2527260065,
          2545284748,
          2537774801,
          2535554171,
          2534901857,
          2532413483,
          2541335821,
          2528669596,
          2532258034,
          2540165901,
          2548908234,
          2549166918,
          128096,
          54112,
          112000,
          52288,
          55232,
          52800,
          56544,
          67360,
          54240,
          44768,
          54720,
          52032,
          55360,
          51680,
          54528,
          51360
        ],
        "applicable": true
      },
      {
        "kernel": "onpair_shmem_4tpt_b64",
        "decode_ms": 0.05168,
        "decode_gib_s": 44.53513188858519,
        "decode_ns_iters": [
          53632,
          54080,
          54720,
          52992,
          53760,
          55744,
          52320,
          51808,
          54528,
          54144,
          51776,
          73024,
          54432,
          53792,
          54272,
          51680,
          52704,
          53248,
          53600,
          51712,
          54304,
          52224,
          59552,
          51968,
          53248,
          51968,
          52608,
          53216,
          53248,
          55680
        ],
        "applicable": true
      },
      {
        "kernel": "onpair_shmem_4tpt_b64o24",
        "decode_ms": 0.050176,
        "decode_gib_s": 45.87004974493947,
        "decode_ns_iters": [
          51648,
          55200,
          52416,
          52768,
          52064,
          54592,
          53216,
          50176,
          53312,
          52416,
          53056,
          61312,
          53600,
          52480,
          54784,
          51808,
          51744,
          53280,
          53216,
          51616,
          61824,
          53440,
          58496,
          51936,
          52672,
          52320,
          52480,
          52128,
          52896,
          54016
        ],
        "applicable": true
      },
      {
        "kernel": "onpair_shmem_4tpt_split8read_b128o12",
        "decode_ms": 0.051072,
        "decode_gib_s": 45.06531203011597,
        "decode_ns_iters": [
          53472,
          53280,
          53824,
          54528,
          54944,
          56832,
          52640,
          52800,
          53408,
          51872,
          52352,
          55936,
          51232,
          54688,
          51872,
          54304,
          52224,
          51328,
          51328,
          53984,
          55584,
          52480,
          51584,
          51872,
          54240,
          52896,
          51712,
          57216,
          51072,
          55968
        ],
        "applicable": true
      },
      {
        "kernel": "onpair_shmem_4tpt_split8read_occ",
        "decode_ms": 0.050528,
        "decode_gib_s": 45.55049905007289,
        "decode_ns_iters": [
          52960,
          53760,
          52096,
          57216,
          51456,
          53280,
          50528,
          52800,
          53600,
          61696,
          54208,
          60544,
          51840,
          51744,
          54816,
          52160,
          51072,
          58592,
          56320,
          60320,
          52544,
          56000,
          51520,
          53216,
          51840,
          60128,
          53920,
          59104,
          55296,
          53888
        ],
        "applicable": true
      },
      {
        "kernel": "onpair_shmem_4tpt_split8",
        "decode_ms": 0.050816,
        "decode_gib_s": 45.29234130986466,
        "decode_ns_iters": [
          53632,
          61088,
          54624,
          50816,
          53696,
          52064,
          54848,
          52896,
          53760,
          52096,
          55392,
          53888,
          53536,
          55200,
          53056,
          52832,
          61792,
          62784,
          60736,
          54240,
          53856,
          51936,
          54272,
          53216,
          53664,
          56544,
          53312,
          53664,
          50976,
          54112
        ],
        "applicable": true
      },
      {
        "kernel": "onpair_shmem_4tpt_split8_wpb8",
        "decode_ms": 0.050752,
        "decode_gib_s": 45.349456494366386,
        "decode_ns_iters": [
          53408,
          55872,
          53216,
          51968,
          53024,
          51904,
          52768,
          62816,
          53664,
          55872,
          54496,
          54944,
          50752,
          55040,
          52064,
          53568,
          52480,
          53184,
          61248,
          54496,
          52544,
          54272,
          51712,
          55168,
          60960,
          53536,
          51840,
          56160,
          53248,
          53344
        ],
        "applicable": true
      },
      {
        "kernel": "onpair_shmem_4tpt_split8_wpb8_occ",
        "decode_ms": 0.040864,
        "decode_gib_s": 56.32281754116295,
        "decode_ns_iters": [
          62496,
          49472,
          40864,
          45408,
          60256,
          46816,
          46112,
          53440,
          60832,
          47680,
          46720,
          46752,
          54432,
          47136,
          45056,
          54688,
          55840,
          45888,
          53696,
          49664,
          45984,
          44544,
          46304,
          67584,
          50560,
          60704,
          50752,
          51552,
          53984,
          51200
        ],
        "applicable": true
      },
      {
        "kernel": "onpair_shmem_4tpt_pdict",
        "decode_ms": 0.051296,
        "decode_gib_s": 44.86852027452595,
        "decode_ns_iters": [
          59104,
          76480,
          51296,
          57792,
          55872,
          55584,
          68768,
          57472,
          63872,
          62528,
          59232,
          57632,
          56352,
          58240,
          59520,
          55808,
          59296,
          56672,
          59776,
          57376,
          56384,
          68160,
          56928,
          67072,
          56256,
          58560,
          56960,
          57536,
          56672,
          58848
        ],
        "applicable": true
      },
      {
        "kernel": "onpair_shmem_4tpt_vdict",
        "decode_ms": 0.050752,
        "decode_gib_s": 45.349456494366386,
        "decode_ns_iters": [
          62496,
          52032,
          50848,
          53344,
          52736,
          51200,
          53152,
          51424,
          51936,
          53312,
          52512,
          61408,
          50752,
          61952,
          52416,
          52384,
          54048,
          53120,
          53952,
          53088,
          55552,
          52800,
          57696,
          52672,
          51456,
          52384,
          53728,
          54048,
          60672,
          51616
        ],
        "applicable": true
      },
      {
        "kernel": "onpair_shmem_4tpt_split8read",
        "decode_ms": 0.050464,
        "decode_gib_s": 45.60826759674387,
        "decode_ns_iters": [
          63744,
          56192,
          62848,
          54176,
          51136,
          56960,
          53984,
          52864,
          55296,
          51104,
          52736,
          56448,
          53280,
          58240,
          51360,
          52416,
          55072,
          54112,
          52704,
          53728,
          52000,
          52608,
          52960,
          52448,
          53152,
          61600,
          54720,
          53472,
          50464,
          55488
        ],
        "applicable": true
      },
      {
        "kernel": "onpair_shmem_4tpt_ldcs",
        "decode_ms": 0.050848,
        "decode_gib_s": 45.26383763377287,
        "decode_ns_iters": [
          52192,
          54848,
          54240,
          55616,
          53632,
          52032,
          52544,
          52000,
          52928,
          61824,
          52960,
          52576,
          54592,
          52832,
          50848,
          53600,
          55488,
          53440,
          56320,
          52576,
          62304,
          52256,
          52928,
          52736,
          54304,
          52128,
          52832,
          55616,
          51008,
          54272
        ],
        "applicable": true
      },
      {
        "kernel": "onpair_shmem_4tpt_lenbucket",
        "decode_ms": 0.0,
        "decode_gib_s": 0.0,
        "applicable": false,
        "reason": "length-bucket dict not built (set ONPAIR_DICT_REORDER=lenbucket)"
      },
      {
        "kernel": "onpair_shmem_4tpt_lenbucket_b128",
        "decode_ms": 0.0,
        "decode_gib_s": 0.0,
        "applicable": false,
        "reason": "length-bucket dict not built (set ONPAIR_DICT_REORDER=lenbucket)"
      },
      {
        "kernel": "onpair_shmem_4tpt_regcache",
        "decode_ms": 0.05088,
        "decode_gib_s": 45.23536981136169,
        "decode_ns_iters": [
          51456,
          51712,
          52128,
          55712,
          51040,
          51648,
          52096,
          52256,
          52192,
          59392,
          52416,
          55392,
          53664,
          53472,
          50880,
          52192,
          51552,
          51008,
          53664,
          63200,
          60256,
          52512,
          52160,
          52832,
          52064,
          52064,
          53952,
          54336,
          53056,
          52384
        ],
        "applicable": true
      },
      {
        "kernel": "onpair_shmem_4tpt_split4read",
        "decode_ms": 0.05168,
        "decode_gib_s": 44.53513188858519,
        "decode_ns_iters": [
          51936,
          56928,
          52608,
          55200,
          53824,
          51776,
          52288,
          52736,
          52448,
          53920,
          53440,
          54112,
          51680,
          52064,
          52832,
          53344,
          51776,
          59808,
          52864,
          60352,
          52192,
          69248,
          53760,
          53088,
          53888,
          63008,
          51936,
          60448,
          53824,
          53440
        ],
        "applicable": true
      },
      {
        "kernel": "onpair_shmem_4tpt_split4read_b128o12",
        "decode_ms": 0.051456,
        "decode_gib_s": 44.729003731383756,
        "decode_ns_iters": [
          52096,
          55808,
          54592,
          53408,
          53056,
          52768,
          53728,
          53760,
          53632,
          54944,
          52960,
          55328,
          51872,
          53344,
          51456,
          56096,
          52640,
          54752,
          53024,
          52384,
          52704,
          52448,
          53440,
          59968,
          54560,
          59776,
          53280,
          53440,
          52352,
          53920
        ],
        "applicable": true
      },
      {
        "kernel": "onpair_shmem_4tpt_cluster_dsmem",
        "decode_ms": 0.050656,
        "decode_gib_s": 45.43539987369873,
        "decode_ns_iters": [
          52416,
          50848,
          55424,
          52224,
          70240,
          52608,
          53248,
          59648,
          53568,
          54720,
          53984,
          56576,
          51776,
          58720,
          54048,
          53984,
          56512,
          53824,
          55744,
          52512,
          53536,
          50656,
          55040,
          54176,
          69632,
          54336,
          53312,
          55840,
          53696,
          53440
        ],
        "applicable": true
      },
      {
        "kernel": "onpair_shmem_8tpt",
        "decode_ms": 0.05136,
        "decode_gib_s": 44.81260934583494,
        "decode_ns_iters": [
          52640,
          53376,
          52608,
          53952,
          54208,
          52288,
          55680,
          52800,
          51680,
          53088,
          52352,
          53568,
          61248,
          52960,
          58272,
          53472,
          52960,
          52288,
          52832,
          55008,
          52736,
          54912,
          51360,
          55360,
          51616,
          51680,
          52576,
          51840,
          52288,
          52160
        ],
        "applicable": true
      },
      {
        "kernel": "onpair_shmem_8tpt_b128",
        "decode_ms": 0.051168,
        "decode_gib_s": 44.98076172611951,
        "decode_ns_iters": [
          70336,
          55232,
          51168,
          61248,
          55392,
          52960,
          55584,
          61056,
          54208,
          52096,
          52352,
          52192,
          55360,
          52960,
          58624,
          52160,
          52256,
          53728,
          52000,
          51968,
          71296,
          52896,
          53824,
          54720,
          52992,
          51520,
          54720,
          52928,
          51168,
          62496
        ],
        "applicable": true
      },
      {
        "kernel": "onpair_shmem_4tpt_vwidth",
        "decode_ms": 0.052096,
        "decode_gib_s": 44.17950737104735,
        "decode_ns_iters": [
          52576,
          65376,
          67968,
          53088,
          59456,
          65216,
          65920,
          56192,
          52608,
          53664,
          62240,
          54048,
          54624,
          53920,
          52896,
          52736,
          52768,
          54048,
          63712,
          52096,
          59040,
          53696,
          53728,
          53120,
          52992,
          52608,
          52992,
          54816,
          53216,
          57440
        ],
        "applicable": true
      },
      {
        "kernel": "onpair_shmem_4tpt_vwidth_b128",
        "decode_ms": 0.052,
        "decode_gib_s": 44.261069538501594,
        "decode_ns_iters": [
          52096,
          52000,
          60064,
          58688,
          56192,
          53472,
          54496,
          53248,
          56128,
          63456,
          54528,
          59328,
          52992,
          53952,
          52768,
          54272,
          53472,
          71584,
          55328,
          53632,
          54944,
          53728,
          54400,
          54848,
          55744,
          54080,
          64480,
          55328,
          59072,
          55616
        ],
        "applicable": true
      },
      {
        "kernel": "onpair_shmem_4tpt_vwidth4",
        "decode_ms": 0.050144,
        "decode_gib_s": 45.89932227189859,
        "decode_ns_iters": [
          60480,
          51776,
          52256,
          53248,
          51104,
          52448,
          53280,
          53568,
          52000,
          60416,
          51744,
          57760,
          50144,
          50240,
          53184,
          53440,
          53024,
          52608,
          55104,
          52224,
          53472,
          52960,
          52576,
          53184,
          52640,
          51584,
          58080,
          52448,
          51712,
          54336
        ],
        "applicable": true
      },
      {
        "kernel": "onpair_shmem_4tpt_vwidth4_b128",
        "decode_ms": 0.050048,
        "decode_gib_s": 45.987364450169494,
        "decode_ns_iters": [
          52160,
          56448,
          59872,
          53120,
          53504,
          51520,
          53888,
          50048,
          52448,
          61920,
          53952,
          58912,
          53056,
          53920,
          52960,
          53248,
          51424,
          53088,
          55584,
          50048,
          55968,
          52512,
          54176,
          51904,
          51712,
          50816,
          57888,
          53376,
          58464,
          56096
        ],
        "applicable": true
      },
      {
        "kernel": "onpair_shmem_4tpt_shdict8",
        "decode_ms": 0.052064,
        "decode_gib_s": 44.20666133992937,
        "decode_ns_iters": [
          65344,
          55488,
          59712,
          60096,
          52416,
          52960,
          54976,
          52064,
          63008,
          55104,
          61504,
          54176,
          53568,
          54304,
          52704,
          52416,
          60576,
          54368,
          58560,
          54560,
          54784,
          53696,
          53792,
          54144,
          61120,
          54304,
          62208,
          53760,
          52928,
          53760
        ],
        "applicable": true
      },
      {
        "kernel": "onpair_shmem_4tpt_ablate",
        "decode_ms": 0.050944,
        "decode_gib_s": 45.17854145732731,
        "decode_ns_iters": [
          60544,
          52416,
          53216,
          52256,
          54304,
          52192,
          53760,
          52576,
          54496,
          55008,
          51968,
          53920,
          51488,
          53408,
          52960,
          62944,
          52864,
          57312,
          54048,
          51808,
          54816,
          50944,
          54112,
          52768,
          54880,
          52384,
          60480,
          54208,
          52224,
          54464
        ],
        "applicable": true
      },
      {
        "kernel": "onpair_shmem_4tpt_ablate_nogather",
        "decode_ms": 0.0504,
        "decode_gib_s": 45.66618285718418,
        "decode_ns_iters": [
          61280,
          54656,
          52384,
          52384,
          52512,
          51904,
          51808,
          57056,
          51328,
          53248,
          55360,
          52384,
          59584,
          50400,
          51296,
          63168,
          55168,
          59136,
          54624,
          55360,
          52544,
          52032,
          53472,
          53248,
          55104,
          55360,
          55328,
          53024,
          52992,
          52192
        ],
        "applicable": true
      },
      {
        "kernel": "onpair_shmem_4tpt_ablate_noemit",
        "decode_ms": 0.052032,
        "decode_gib_s": 44.23384870852711,
        "decode_ns_iters": [
          52864,
          56736,
          54304,
          53536,
          54560,
          52864,
          54304,
          61472,
          54464,
          61440,
          53056,
          52512,
          53920,
          52608,
          53344,
          52032,
          55232,
          52384,
          55072,
          54400,
          53728,
          54400,
          53792,
          52736,
          60768,
          52416,
          58656,
          55072,
          52640,
          52256
        ],
        "applicable": true
      },
      {
        "kernel": "onpair_shmem_4tpt_ablate_nodrain",
        "decode_ms": 0.051616,
        "decode_gib_s": 44.59035213891202,
        "decode_ns_iters": [
          54400,
          56800,
          52992,
          52608,
          54144,
          52064,
          52896,
          60096,
          53888,
          55968,
          54848,
          54368,
          54912,
          54208,
          55456,
          51616,
          54368,
          53792,
          62976,
          52160,
          54368,
          55616,
          53184,
          51808,
          60736,
          55104,
          53312,
          53664,
          52160,
          53568
        ],
        "applicable": true
      },
      {
        "kernel": "onpair_shmem_4tpt_ablate_noscan",
        "decode_ms": 0.050912,
        "decode_gib_s": 45.2069377750252,
        "decode_ns_iters": [
          52064,
          58880,
          56928,
          52480,
          52000,
          50912,
          55104,
          51392,
          54464,
          53184,
          53728,
          55296,
          52000,
          52192,
          51360,
          52672,
          68864,
          52576,
          54080,
          52736,
          54976,
          52576,
          53216,
          51968,
          52736,
          54944,
          51424,
          61504,
          55168,
          53504
        ],
        "applicable": true
      },
      {
        "kernel": "onpair_shmem_4tpt_ablate_cfree",
        "decode_ms": 0.051424,
        "decode_gib_s": 44.75683758560367,
        "decode_ns_iters": [
          52864,
          61440,
          52640,
          51872,
          55264,
          52512,
          54176,
          51424,
          54592,
          52544,
          56544,
          54144,
          54272,
          53184,
          54368,
          54144,
          60928,
          51776,
          59360,
          54016,
          51456,
          53664,
          53952,
          51584,
          51744,
          55008,
          52416,
          60448,
          51744,
          53344
        ],
        "applicable": true
      },
      {
        "kernel": "onpair_shmem_s8",
        "decode_ms": 0.0,
        "decode_gib_s": 0.0,
        "applicable": false,
        "reason": "dictionary entry longer than 8 bytes"
      },
      {
        "kernel": "onpair_shmem_s8_2tpt",
        "decode_ms": 0.0,
        "decode_gib_s": 0.0,
        "applicable": false,
        "reason": "dictionary entry longer than 8 bytes"
      },
      {
        "kernel": "onpair_shmem_s8_4tpt",
        "decode_ms": 0.0,
        "decode_gib_s": 0.0,
        "applicable": false,
        "reason": "dictionary entry longer than 8 bytes"
      },
      {
        "kernel": "onpair_shmem_s8_8tpt",
        "decode_ms": 0.0,
        "decode_gib_s": 0.0,
        "applicable": false,
        "reason": "dictionary entry longer than 8 bytes"
      },
      {
        "kernel": "onpair_shmem_s4l1",
        "decode_ms": 0.0,
        "decode_gib_s": 0.0,
        "applicable": false,
        "reason": "dictionary entry longer than 4 bytes"
      },
      {
        "kernel": "onpair_shmem_s4l1_2tpt",
        "decode_ms": 0.0,
        "decode_gib_s": 0.0,
        "applicable": false,
        "reason": "dictionary entry longer than 4 bytes"
      },
      {
        "kernel": "onpair_shmem_s4l1_4tpt",
        "decode_ms": 0.0,
        "decode_gib_s": 0.0,
        "applicable": false,
        "reason": "dictionary entry longer than 4 bytes"
      },
      {
        "kernel": "onpair_shmem_s4l1_8tpt",
        "decode_ms": 0.0,
        "decode_gib_s": 0.0,
        "applicable": false,
        "reason": "dictionary entry longer than 4 bytes"
      },
      {
        "kernel": "onpair_shmem_s4l1_16tpt",
        "decode_ms": 0.0,
        "decode_gib_s": 0.0,
        "applicable": false,
        "reason": "dictionary entry longer than 4 bytes"
      },
      {
        "kernel": "onpair_shmem_s4l1_32tpt",
        "decode_ms": 0.0,
        "decode_gib_s": 0.0,
        "applicable": false,
        "reason": "dictionary entry longer than 4 bytes"
      },
      {
        "kernel": "onpair_shmem_const1",
        "decode_ms": 0.0,
        "decode_gib_s": 0.0,
        "applicable": false,
        "reason": "not every dictionary entry is exactly 1 byte"
      },
      {
        "kernel": "onpair_shmem_const2",
        "decode_ms": 0.0,
        "decode_gib_s": 0.0,
        "applicable": false,
        "reason": "not every dictionary entry is exactly 2 bytes"
      }
    ]
  }
}
==PROF== Disconnected from process 21062
==PROF== Report: /home/ubuntu/work/ncu_dbtext_ps_comment_b12_onpair_shmem_4tpt_b128o12.ncu-rep
