==PROF== Connected to process 22036 (/home/ubuntu/work/target/release/onpair-chunk-bench)
2026-07-07T01:25:39.800782Z  INFO vortex_cuda: vortex-cuda/src/lib.rs:111: Registering CUDA kernels
==WARNING== Unable to access the following 6 metrics: ctc__rx_bytes_data_user.sum, ctc__rx_bytes_data_user.sum.pct_of_peak_sustained_elapsed, ctc__rx_bytes_data_user.sum.per_second, ctc__tx_bytes_data_user.sum, ctc__tx_bytes_data_user.sum.pct_of_peak_sustained_elapsed, ctc__tx_bytes_data_user.sum.per_second.


==PROF== Profiling "onpair_shmem_4tpt": 0%....50%....100% - 40 passes
==PROF== Profiling "onpair_shmem_4tpt": 0%....50%....100% - 40 passes
==PROF== Profiling "onpair_shmem_4tpt": 0%....50%....100% - 40 passes
==PROF== Profiling "onpair_shmem_4tpt": 0%....50%....100% - 40 passes
==PROF== Profiling "onpair_shmem_4tpt": 0%....50%....100% - 40 passes
==PROF== Profiling "onpair_shmem_4tpt": 0%....50%....100% - 40 passes
==PROF== Profiling "onpair_shmem_4tpt": 0%....50%....100% - 40 passes
==PROF== Profiling "onpair_shmem_4tpt": 0%....50%....100% - 40 passes
==PROF== Profiling "onpair_shmem_4tpt": 0%....50%....100% - 40 passes
==PROF== Profiling "onpair_shmem_4tpt": 0%....50%....100% - 40 passes
==PROF== Profiling "onpair_shmem_4tpt": 0%....50%....100% - 40 passes
==PROF== Profiling "onpair_shmem_4tpt": 0%....50%....100% - 40 passes
==PROF== Profiling "onpair_shmem_4tpt": 0%....50%....100% - 40 passes
==PROF== Profiling "onpair_shmem_4tpt": 0%....50%....100% - 40 passes
==PROF== Profiling "onpair_shmem_4tpt": 0%....50%....100% - 40 passes
==PROF== Profiling "onpair_shmem_4tpt": 0%....50%....100% - 40 passes
{
  "files": [
    "/home/ubuntu/work/vortex-bench/data/onpair-bench/dbtext/ps_comment/bits12_chunk1000mb_thr0.20/part_0000.vortex"
  ],
  "column": "ps_comment",
  "rows": 20000,
  "in_memory_bytes": 448029,
  "dict_bytes": 31477,
  "gpu": {
    "iterations": 30,
    "decoded_bytes": 2471298,
    "chunks": 1,
    "auto_kernel": "onpair_shmem_4tpt_b128o12",
    "frac_le8": 0.37103626,
    "dict_mean_len": 9.829987,
    "dict_max_len": 16,
    "dict_entries_max": 3508,
    "small_dict": true,
    "distinct_codes": 3261,
    "access_top4096_frac": 1.0,
    "compressed_bytes": 537809,
    "h2d_gib_s": 10.719312612501865,
    "whole_decompress_gib_s": 26.57761178694179,
    "best_kernel": "onpair_shmem_8tpt_b128",
    "auto_decode_ms": 0.039872,
    "best_decode_ms": 0.038528,
    "validated": false,
    "auto_decode_gib_s": 57.72410754419349,
    "best_decode_gib_s": 59.737739202711865,
    "kernels": [
      {
        "kernel": "onpair_shmem",
        "decode_ms": 0.044288,
        "decode_gib_s": 51.968380057850496,
        "decode_ns_iters": [
          46912,
          48480,
          61984,
          50080,
          44640,
          54496,
          50528,
          45088,
          45824,
          44288,
          49504,
          46336,
          46592,
          55424,
          54880,
          45152,
          45312,
          49536,
          46080,
          44448,
          53152,
          49472,
          45088,
          51808,
          49600,
          45344,
          45568,
          50176,
          46048,
          45152
        ],
        "applicable": true
      },
      {
        "kernel": "onpair_shmem_2tpt",
        "decode_ms": 0.044416,
        "decode_gib_s": 51.81861527382211,
        "decode_ns_iters": [
          50432,
          52288,
          47264,
          44416,
          63264,
          49184,
          47232,
          53792,
          47776,
          45440,
          46016,
          55072,
          46176,
          54656,
          61376,
          46880,
          47648,
          62752,
          47392,
          44704,
          45728,
          58624,
          57472,
          46240,
          60864,
          48288,
          46528,
          52992,
          49408,
          50944
        ],
        "applicable": true
      },
      {
        "kernel": "onpair_shmem_4tpt",
        "decode_ms": 0.042688,
        "decode_gib_s": 53.9162203898539,
        "decode_ns_iters": [
          2541372776,
          2524015665,
          2531662941,
          2535343170,
          2537007570,
          2536616325,
          2535494328,
          2538859844,
          2523366451,
          2545949221,
          2529277086,
          2531949043,
          2540387630,
          2542411327,
          122528,
          50752,
          116320,
          56160,
          42688,
          45952,
          57376,
          48320,
          46880,
          45696,
          48672,
          49984,
          45312,
          44064,
          61280,
          47968
        ],
        "applicable": true
      },
      {
        "kernel": "onpair_shmem_4tpt_wpb8",
        "decode_ms": 0.044672,
        "decode_gib_s": 51.52166045849935,
        "decode_ns_iters": [
          53824,
          45440,
          48224,
          55328,
          56160,
          47904,
          45504,
          45600,
          59680,
          49312,
          44864,
          57024,
          47616,
          47072,
          44768,
          59040,
          47072,
          44672,
          45728,
          57568,
          52416,
          52640,
          53728,
          51424,
          50880,
          51712,
          52192,
          52000,
          57984,
          53248
        ],
        "applicable": true
      },
      {
        "kernel": "onpair_shmem_4tpt_wpb8_occ",
        "decode_ms": 0.05056,
        "decode_gib_s": 45.521669620294354,
        "decode_ns_iters": [
          52608,
          54432,
          51648,
          55168,
          52480,
          52832,
          56032,
          50560,
          53792,
          52384,
          53184,
          61120,
          52480,
          63072,
          51264,
          52416,
          52448,
          56224,
          51904,
          54048,
          57536,
          52032,
          54720,
          51712,
          52480,
          52544,
          55200,
          51328,
          58944,
          54048
        ],
        "applicable": true
      },
      {
        "kernel": "onpair_shmem_4tpt_b128",
        "decode_ms": 0.050112,
        "decode_gib_s": 45.92863218394961,
        "decode_ns_iters": [
          53024,
          52768,
          61152,
          54720,
          53088,
          53088,
          52480,
          51520,
          52768,
          52576,
          51840,
          65440,
          53792,
          60608,
          53056,
          51872,
          52768,
          53568,
          51520,
          50112,
          58848,
          53408,
          55008,
          51488,
          52416,
          50752,
          51488,
          54752,
          60064,
          52608
        ],
        "applicable": true
      },
      {
        "kernel": "onpair_shmem_4tpt_o6",
        "decode_ms": 0.050144,
        "decode_gib_s": 45.89932227189859,
        "decode_ns_iters": [
          53856,
          52704,
          53376,
          53696,
          52288,
          55520,
          52128,
          52896,
          50144,
          52192,
          52800,
          59488,
          53376,
          50720,
          56160,
          51328,
          52256,
          50848,
          52832,
          51392,
          60928,
          55552,
          58816,
          68448,
          53664,
          52512,
          50880,
          51904,
          52320,
          54176
        ],
        "applicable": true
      },
      {
        "kernel": "onpair_shmem_4tpt_b512o3",
        "decode_ms": 0.042592,
        "decode_gib_s": 54.0377445530166,
        "decode_ns_iters": [
          62944,
          48224,
          44160,
          62912,
          58400,
          47072,
          48000,
          49024,
          48192,
          46112,
          56960,
          46752,
          44288,
          58304,
          47104,
          48512,
          45056,
          58656,
          47936,
          44448,
          52960,
          58336,
          50656,
          45568,
          46912,
          51872,
          47424,
          46656,
          42592,
          56576
        ],
        "applicable": true
      },
      {
        "kernel": "onpair_shmem_4tpt_b128o12",
        "decode_ms": 0.039872,
        "decode_gib_s": 57.72410754419349,
        "decode_ns_iters": [
          48640,
          44032,
          39872,
          69184,
          70848,
          59104,
          53696,
          58560,
          49344,
          51616,
          51648,
          47648,
          52224,
          52992,
          56064,
          49856,
          60032,
          52160,
          49344,
          50656,
          52448,
          47840,
          51968,
          53440,
          54080,
          53152,
          58912,
          53344,
          50752,
          50816
        ],
        "applicable": true
      },
      {
        "kernel": "onpair_shmem_4tpt_b64",
        "decode_ms": 0.046528,
        "decode_gib_s": 49.46646354887558,
        "decode_ns_iters": [
          52576,
          54304,
          54336,
          52896,
          54496,
          46528,
          56192,
          51872,
          56736,
          55552,
          51840,
          51392,
          52736,
          51552,
          49376,
          53760,
          51552,
          69568,
          52768,
          51744,
          54624,
          51808,
          53824,
          54912,
          52576,
          62144,
          51904,
          53760,
          51776,
          53536
        ],
        "applicable": true
      },
      {
        "kernel": "onpair_shmem_4tpt_b64o24",
        "decode_ms": 0.050976,
        "decode_gib_s": 45.15018079100131,
        "decode_ns_iters": [
          54784,
          51008,
          51936,
          54688,
          52192,
          52736,
          54272,
          52352,
          61216,
          53216,
          51424,
          50976,
          52480,
          51040,
          51840,
          54016,
          54208,
          52192,
          53152,
          54304,
          54816,
          52000,
          51136,
          62080,
          52256,
          60064,
          53184,
          51680,
          53024,
          51552
        ],
        "applicable": true
      },
      {
        "kernel": "onpair_shmem_4tpt_split8read_b128o12",
        "decode_ms": 0.051104,
        "decode_gib_s": 45.03709329997814,
        "decode_ns_iters": [
          54592,
          52288,
          53344,
          54816,
          52992,
          53920,
          53728,
          52448,
          55744,
          51840,
          51872,
          53024,
          71040,
          53248,
          58016,
          65600,
          58080,
          51104,
          53248,
          52768,
          53408,
          52160,
          57024,
          51520,
          54240,
          53120,
          52608,
          55104,
          51456,
          51968
        ],
        "applicable": true
      },
      {
        "kernel": "onpair_shmem_4tpt_split8read_occ",
        "decode_ms": 0.050912,
        "decode_gib_s": 45.2069377750252,
        "decode_ns_iters": [
          61728,
          53376,
          53376,
          52096,
          55296,
          53760,
          54080,
          50912,
          54368,
          52320,
          55168,
          52608,
          54112,
          53472,
          55712,
          54592,
          51936,
          53856,
          53088,
          52928,
          57568,
          53024,
          55200,
          51456,
          54560,
          52256,
          54752,
          51904,
          60416,
          66816
        ],
        "applicable": true
      },
      {
        "kernel": "onpair_shmem_4tpt_split8",
        "decode_ms": 0.041088,
        "decode_gib_s": 56.015761682293686,
        "decode_ns_iters": [
          64608,
          48608,
          41088,
          47520,
          60608,
          52480,
          49120,
          46752,
          53664,
          53856,
          51936,
          51456,
          54144,
          53728,
          53920,
          58176,
          51136,
          54176,
          52224,
          51872,
          60672,
          50976,
          59200,
          52544,
          52896,
          53888,
          54432,
          52448,
          52288,
          57920
        ],
        "applicable": true
      },
      {
        "kernel": "onpair_shmem_4tpt_split8_wpb8",
        "decode_ms": 0.040288,
        "decode_gib_s": 57.1280683082328,
        "decode_ns_iters": [
          72736,
          49472,
          47040,
          55296,
          48064,
          67936,
          48960,
          44288,
          51424,
          56160,
          47360,
          40288,
          61824,
          55072,
          74144,
          42720,
          47360,
          43680,
          49280,
          46688,
          51584,
          57408,
          45600,
          51616,
          55424,
          48256,
          46176,
          46752,
          51040,
          48576
        ],
        "applicable": true
      },
      {
        "kernel": "onpair_shmem_4tpt_split8_wpb8_occ",
        "decode_ms": 0.040288,
        "decode_gib_s": 57.1280683082328,
        "decode_ns_iters": [
          45568,
          70080,
          48384,
          45952,
          60192,
          49408,
          45760,
          55104,
          56608,
          55040,
          47392,
          40288,
          45408,
          60576,
          50912,
          46240,
          48096,
          52640,
          48384,
          42528,
          43872,
          54016,
          47680,
          47584,
          61088,
          50016,
          45120,
          48064,
          47040,
          45824
        ],
        "applicable": true
      },
      {
        "kernel": "onpair_shmem_4tpt_pdict",
        "decode_ms": 0.048352,
        "decode_gib_s": 47.600422236972264,
        "decode_ns_iters": [
          73248,
          58464,
          51712,
          48352,
          48704,
          74592,
          53504,
          66688,
          57952,
          58208,
          58400,
          60864,
          56544,
          63488,
          64960,
          62560,
          58304,
          58784,
          58688,
          58656,
          60224,
          67744,
          62944,
          56064,
          58848,
          56704,
          58176,
          67584,
          57120,
          60288
        ],
        "applicable": true
      },
      {
        "kernel": "onpair_shmem_4tpt_vdict",
        "decode_ms": 0.050496,
        "decode_gib_s": 45.57936501905265,
        "decode_ns_iters": [
          57472,
          53280,
          53536,
          56128,
          55136,
          51808,
          54272,
          51424,
          53760,
          61792,
          54080,
          57216,
          53312,
          52224,
          51296,
          52032,
          53312,
          53184,
          52800,
          51232,
          56192,
          51392,
          53440,
          50496,
          52064,
          51936,
          59616,
          53536,
          51360,
          57312
        ],
        "applicable": true
      },
      {
        "kernel": "onpair_shmem_4tpt_split8read",
        "decode_ms": 0.040896,
        "decode_gib_s": 56.27874647892416,
        "decode_ns_iters": [
          53856,
          54624,
          58208,
          63232,
          46624,
          45376,
          45248,
          48032,
          56320,
          56032,
          48896,
          47552,
          45184,
          59904,
          46240,
          45216,
          44800,
          60768,
          47456,
          47552,
          44800,
          51360,
          46240,
          43392,
          45984,
          48896,
          40896,
          45728,
          54848,
          45088
        ],
        "applicable": true
      },
      {
        "kernel": "onpair_shmem_4tpt_ldcs",
        "decode_ms": 0.038752,
        "decode_gib_s": 59.39243435182913,
        "decode_ns_iters": [
          68800,
          47488,
          54336,
          51328,
          51712,
          47552,
          39040,
          38752,
          54720,
          56448,
          43968,
          57408,
          50304,
          40000,
          45152,
          57216,
          62368,
          52608,
          61376,
          51136,
          81056,
          49760,
          50976,
          51840,
          53696,
          51808,
          51648,
          52928,
          51744,
          56448
        ],
        "applicable": true
      },
      {
        "kernel": "onpair_shmem_4tpt_lenbucket",
        "decode_ms": 0.0,
        "decode_gib_s": 0.0,
        "applicable": false,
        "reason": "length-bucket dict not built (set ONPAIR_DICT_REORDER=lenbucket)"
      },
      {
        "kernel": "onpair_shmem_4tpt_lenbucket_b128",
        "decode_ms": 0.0,
        "decode_gib_s": 0.0,
        "applicable": false,
        "reason": "length-bucket dict not built (set ONPAIR_DICT_REORDER=lenbucket)"
      },
      {
        "kernel": "onpair_shmem_4tpt_regcache",
        "decode_ms": 0.048864,
        "decode_gib_s": 47.10166208255736,
        "decode_ns_iters": [
          51232,
          54528,
          53216,
          54880,
          53696,
          50592,
          52672,
          50464,
          51200,
          58112,
          52800,
          67520,
          57376,
          51712,
          49792,
          51808,
          51168,
          51232,
          52928,
          48864,
          60032,
          50368,
          52160,
          51552,
          56512,
          51392,
          51744,
          53152,
          50240,
          53664
        ],
        "applicable": true
      },
      {
        "kernel": "onpair_shmem_4tpt_split4read",
        "decode_ms": 0.048896,
        "decode_gib_s": 47.07083638747715,
        "decode_ns_iters": [
          51776,
          55168,
          52384,
          54240,
          54016,
          57920,
          50464,
          48896,
          54592,
          56192,
          52000,
          54816,
          51296,
          52736,
          51744,
          54688,
          50816,
          61248,
          53280,
          61280,
          53376,
          53056,
          54688,
          51136,
          52608,
          59456,
          53984,
          59072,
          52128,
          52032
        ],
        "applicable": true
      },
      {
        "kernel": "onpair_shmem_4tpt_split4read_b128o12",
        "decode_ms": 0.049792,
        "decode_gib_s": 46.22380334194414,
        "decode_ns_iters": [
          62688,
          57312,
          53344,
          51424,
          51040,
          51840,
          52384,
          52736,
          53248,
          50848,
          53696,
          51872,
          51648,
          51104,
          53856,
          52352,
          52800,
          52032,
          53760,
          50656,
          51968,
          51104,
          52224,
          52160,
          50880,
          59008,
          58336,
          51520,
          51776,
          49792
        ],
        "applicable": true
      },
      {
        "kernel": "onpair_shmem_4tpt_cluster_dsmem",
        "decode_ms": 0.050496,
        "decode_gib_s": 45.57936501905265,
        "decode_ns_iters": [
          63072,
          54400,
          52800,
          52384,
          53056,
          53056,
          59008,
          54080,
          53984,
          54048,
          52576,
          53216,
          51104,
          52224,
          52640,
          54176,
          51808,
          59328,
          52096,
          50880,
          54272,
          50496,
          53120,
          53440,
          61344,
          53152,
          53952,
          52224,
          50880,
          51136
        ],
        "applicable": true
      },
      {
        "kernel": "onpair_shmem_8tpt",
        "decode_ms": 0.039488,
        "decode_gib_s": 58.28544408433151,
        "decode_ns_iters": [
          50624,
          41088,
          45792,
          61216,
          47904,
          39488,
          47712,
          58432,
          47232,
          46400,
          59040,
          47040,
          39840,
          45600,
          49856,
          47776,
          46240,
          57088,
          49408,
          44640,
          49888,
          57376,
          47168,
          44544,
          44864,
          66400,
          47456,
          49728,
          55264,
          51616
        ],
        "applicable": true
      },
      {
        "kernel": "onpair_shmem_8tpt_b128",
        "decode_ms": 0.038528,
        "decode_gib_s": 59.737739202711865,
        "decode_ns_iters": [
          71712,
          52256,
          46880,
          61120,
          49216,
          45760,
          46336,
          54688,
          62560,
          49632,
          46624,
          46784,
          49472,
          50368,
          44896,
          38720,
          48448,
          61440,
          72128,
          39488,
          41760,
          59200,
          46208,
          38528,
          45088,
          58144,
          49696,
          45664,
          45920,
          51840
        ],
        "applicable": true
      },
      {
        "kernel": "onpair_shmem_4tpt_vwidth",
        "decode_ms": 0.04864,
        "decode_gib_s": 47.318577631621764,
        "decode_ns_iters": [
          59680,
          48640,
          48800,
          60352,
          51424,
          51424,
          54528,
          53248,
          57152,
          54688,
          53024,
          52512,
          52992,
          51136,
          51264,
          61696,
          53536,
          51200,
          54784,
          51040,
          62784,
          51392,
          53184,
          51552,
          53568,
          51840,
          57984,
          51872,
          53472,
          50976
        ],
        "applicable": true
      },
      {
        "kernel": "onpair_shmem_4tpt_vwidth_b128",
        "decode_ms": 0.051904,
        "decode_gib_s": 44.3429334155765,
        "decode_ns_iters": [
          56160,
          53504,
          55200,
          53984,
          53664,
          54752,
          55232,
          53792,
          63552,
          52640,
          51904,
          54720,
          52192,
          53984,
          52576,
          56096,
          52864,
          55520,
          54464,
          52448,
          54944,
          52832,
          64160,
          62144,
          54944,
          60096,
          53632,
          54368,
          53632,
          55488
        ],
        "applicable": true
      },
      {
        "kernel": "onpair_shmem_4tpt_vwidth4",
        "decode_ms": 0.04976,
        "decode_gib_s": 46.25352926049202,
        "decode_ns_iters": [
          52096,
          55104,
          52576,
          51200,
          55328,
          51488,
          55616,
          51584,
          54144,
          51776,
          53056,
          53824,
          50528,
          55904,
          60480,
          56224,
          55904,
          54432,
          53056,
          53280,
          52928,
          68416,
          53088,
          54208,
          51296,
          59232,
          56160,
          50592,
          49760,
          54656
        ],
        "applicable": true
      },
      {
        "kernel": "onpair_shmem_4tpt_vwidth4_b128",
        "decode_ms": 0.050656,
        "decode_gib_s": 45.43539987369873,
        "decode_ns_iters": [
          51648,
          65088,
          53056,
          53248,
          53280,
          59232,
          53536,
          56160,
          52896,
          52384,
          54432,
          51936,
          50688,
          53632,
          54496,
          52576,
          76544,
          52832,
          52320,
          51552,
          51680,
          50656,
          53088,
          53472,
          51648,
          53472,
          53152,
          51712,
          52032,
          52288
        ],
        "applicable": true
      },
      {
        "kernel": "onpair_shmem_4tpt_shdict8",
        "decode_ms": 0.050272,
        "decode_gib_s": 45.782455760703435,
        "decode_ns_iters": [
          52512,
          52128,
          51360,
          51648,
          52224,
          52288,
          51328,
          52800,
          51872,
          53184,
          50784,
          50272,
          52256,
          51904,
          52096,
          55456,
          52032,
          52160,
          53504,
          51040,
          52064,
          59104,
          51936,
          58016,
          52544,
          52480,
          51872,
          52192,
          52032,
          62240
        ],
        "applicable": true
      },
      {
        "kernel": "onpair_shmem_4tpt_ablate",
        "decode_ms": 0.050432,
        "decode_gib_s": 45.637206852833174,
        "decode_ns_iters": [
          52224,
          51808,
          54048,
          52480,
          54080,
          51616,
          53632,
          53984,
          51552,
          61344,
          52288,
          52992,
          61728,
          52800,
          57824,
          63904,
          52128,
          52576,
          53472,
          52384,
          52544,
          50432,
          55040,
          53376,
          52800,
          53568,
          57248,
          52288,
          51872,
          58400
        ],
        "applicable": true
      },
      {
        "kernel": "onpair_shmem_4tpt_ablate_nogather",
        "decode_ms": 0.049408,
        "decode_gib_s": 46.583055699524024,
        "decode_ns_iters": [
          62432,
          49408,
          52480,
          51648,
          61376,
          52256,
          58432,
          53856,
          53280,
          51648,
          52704,
          52256,
          58336,
          55616,
          51200,
          60672,
          53984,
          51808,
          52064,
          51872,
          52320,
          51552,
          53984,
          51392,
          56800,
          51200,
          54496,
          52960,
          51712,
          51968
        ],
        "applicable": true
      },
      {
        "kernel": "onpair_shmem_4tpt_ablate_noemit",
        "decode_ms": 0.051264,
        "decode_gib_s": 44.896528089928275,
        "decode_ns_iters": [
          51488,
          52544,
          51488,
          51264,
          52736,
          61184,
          54656,
          56576,
          54976,
          52448,
          51680,
          53216,
          52896,
          52384,
          53920,
          53344,
          59680,
          54912,
          52096,
          51968,
          54144,
          53472,
          53312,
          54016,
          52672,
          62592,
          52512,
          53248,
          52640,
          57408
        ],
        "applicable": true
      },
      {
        "kernel": "onpair_shmem_4tpt_ablate_nodrain",
        "decode_ms": 0.050816,
        "decode_gib_s": 45.29234130986466,
        "decode_ns_iters": [
          52352,
          52128,
          52736,
          51584,
          52576,
          60736,
          52288,
          52544,
          54624,
          53568,
          51520,
          51072,
          51040,
          51648,
          59232,
          63168,
          56544,
          53632,
          51616,
          51552,
          52448,
          52224,
          51232,
          54240,
          50816,
          54528,
          52896,
          51744,
          50816,
          51008
        ],
        "applicable": true
      },
      {
        "kernel": "onpair_shmem_4tpt_ablate_noscan",
        "decode_ms": 0.051744,
        "decode_gib_s": 44.48004823751706,
        "decode_ns_iters": [
          54912,
          51872,
          52480,
          52576,
          52480,
          66624,
          55744,
          53280,
          54848,
          51872,
          53088,
          52000,
          51744,
          54144,
          57408,
          54304,
          53792,
          54176,
          52768,
          51808,
          52288,
          52096,
          53056,
          60768,
          52704,
          58944,
          54144,
          53664,
          51968,
          52128
        ],
        "applicable": true
      },
      {
        "kernel": "onpair_shmem_4tpt_ablate_cfree",
        "decode_ms": 0.049312,
        "decode_gib_s": 46.67374302405262,
        "decode_ns_iters": [
          53888,
          52960,
          52960,
          52416,
          54304,
          51168,
          63968,
          53120,
          58528,
          52320,
          53952,
          52928,
          50496,
          53472,
          50944,
          54208,
          49312,
          59936,
          52864,
          52480,
          53600,
          51904,
          53152,
          51744,
          59328,
          53472,
          53568,
          52064,
          53376,
          66304
        ],
        "applicable": true
      },
      {
        "kernel": "onpair_shmem_s8",
        "decode_ms": 0.0,
        "decode_gib_s": 0.0,
        "applicable": false,
        "reason": "dictionary entry longer than 8 bytes"
      },
      {
        "kernel": "onpair_shmem_s8_2tpt",
        "decode_ms": 0.0,
        "decode_gib_s": 0.0,
        "applicable": false,
        "reason": "dictionary entry longer than 8 bytes"
      },
      {
        "kernel": "onpair_shmem_s8_4tpt",
        "decode_ms": 0.0,
        "decode_gib_s": 0.0,
        "applicable": false,
        "reason": "dictionary entry longer than 8 bytes"
      },
      {
        "kernel": "onpair_shmem_s8_8tpt",
        "decode_ms": 0.0,
        "decode_gib_s": 0.0,
        "applicable": false,
        "reason": "dictionary entry longer than 8 bytes"
      },
      {
        "kernel": "onpair_shmem_s4l1",
        "decode_ms": 0.0,
        "decode_gib_s": 0.0,
        "applicable": false,
        "reason": "dictionary entry longer than 4 bytes"
      },
      {
        "kernel": "onpair_shmem_s4l1_2tpt",
        "decode_ms": 0.0,
        "decode_gib_s": 0.0,
        "applicable": false,
        "reason": "dictionary entry longer than 4 bytes"
      },
      {
        "kernel": "onpair_shmem_s4l1_4tpt",
        "decode_ms": 0.0,
        "decode_gib_s": 0.0,
        "applicable": false,
        "reason": "dictionary entry longer than 4 bytes"
      },
      {
        "kernel": "onpair_shmem_s4l1_8tpt",
        "decode_ms": 0.0,
        "decode_gib_s": 0.0,
        "applicable": false,
        "reason": "dictionary entry longer than 4 bytes"
      },
      {
        "kernel": "onpair_shmem_s4l1_16tpt",
        "decode_ms": 0.0,
        "decode_gib_s": 0.0,
        "applicable": false,
        "reason": "dictionary entry longer than 4 bytes"
      },
      {
        "kernel": "onpair_shmem_s4l1_32tpt",
        "decode_ms": 0.0,
        "decode_gib_s": 0.0,
        "applicable": false,
        "reason": "dictionary entry longer than 4 bytes"
      },
      {
        "kernel": "onpair_shmem_const1",
        "decode_ms": 0.0,
        "decode_gib_s": 0.0,
        "applicable": false,
        "reason": "not every dictionary entry is exactly 1 byte"
      },
      {
        "kernel": "onpair_shmem_const2",
        "decode_ms": 0.0,
        "decode_gib_s": 0.0,
        "applicable": false,
        "reason": "not every dictionary entry is exactly 2 bytes"
      }
    ]
  }
}
==PROF== Disconnected from process 22036
==PROF== Report: /home/ubuntu/work/ncu_dbtext_ps_comment_b12_onpair_shmem_4tpt.ncu-rep
