==PROF== Connected to process 18966 (/home/ubuntu/work/target/release/onpair-chunk-bench)
2026-07-07T01:22:45.182725Z  INFO vortex_cuda: vortex-cuda/src/lib.rs:111: Registering CUDA kernels
==WARNING== Unable to access the following 6 metrics: ctc__rx_bytes_data_user.sum, ctc__rx_bytes_data_user.sum.pct_of_peak_sustained_elapsed, ctc__rx_bytes_data_user.sum.per_second, ctc__tx_bytes_data_user.sum, ctc__tx_bytes_data_user.sum.pct_of_peak_sustained_elapsed, ctc__tx_bytes_data_user.sum.per_second.


==PROF== Profiling "onpair_shmem": 0%....50%....100% - 40 passes
==PROF== Profiling "onpair_shmem": 0%....50%....100% - 40 passes
==PROF== Profiling "onpair_shmem": 0%....50%....100% - 40 passes
==PROF== Profiling "onpair_shmem": 0%....50%....100% - 40 passes
==PROF== Profiling "onpair_shmem": 0%....50%....100% - 40 passes
==PROF== Profiling "onpair_shmem": 0%....50%....100% - 40 passes
==PROF== Profiling "onpair_shmem": 0%....50%....100% - 40 passes
==PROF== Profiling "onpair_shmem": 0%....50%....100% - 40 passes
==PROF== Profiling "onpair_shmem": 0%....50%....100% - 40 passes
==PROF== Profiling "onpair_shmem": 0%....50%....100% - 40 passes
==PROF== Profiling "onpair_shmem": 0%....50%....100% - 40 passes
==PROF== Profiling "onpair_shmem": 0%....50%....100% - 40 passes
==PROF== Profiling "onpair_shmem": 0%....50%....100% - 40 passes
==PROF== Profiling "onpair_shmem": 0%....50%....100% - 40 passes
==PROF== Profiling "onpair_shmem": 0%....50%....100% - 40 passes
==PROF== Profiling "onpair_shmem": 0%....50%....100% - 40 passes
{
  "files": [
    "/home/ubuntu/work/vortex-bench/data/onpair-bench/clickbench/URL/bits12_chunk1000mb_thr0.20/part_0000.vortex"
  ],
  "column": "URL",
  "rows": 12254692,
  "in_memory_bytes": 345745017,
  "dict_bytes": 21556,
  "gpu": {
    "iterations": 30,
    "decoded_bytes": 999999995,
    "chunks": 1,
    "auto_kernel": "onpair_shmem_4tpt_split8read_b128o12",
    "frac_le8": 0.8119982,
    "dict_mean_len": 4.693313,
    "dict_max_len": 16,
    "dict_entries_max": 4096,
    "small_dict": true,
    "distinct_codes": 4022,
    "access_top4096_frac": 1.0,
    "compressed_bytes": 426163882,
    "h2d_gib_s": 10.286877137818808,
    "whole_decompress_gib_s": 23.426546344201707,
    "best_kernel": "onpair_shmem_4tpt_split8read_b128o12",
    "auto_decode_ms": 1.172256,
    "best_decode_ms": 1.172256,
    "validated": false,
    "auto_decode_gib_s": 794.470294849304,
    "best_decode_gib_s": 794.470294849304,
    "kernels": [
      {
        "kernel": "onpair_shmem",
        "decode_ms": 1.711168,
        "decode_gib_s": 544.2613290798248,
        "decode_ns_iters": [
          3418220997,
          3421713591,
          3402234793,
          3399022818,
          3439479351,
          3397276878,
          3425354004,
          3422966719,
          3419045925,
          3414714336,
          3416831732,
          3433045149,
          3427900076,
          3419040442,
          1727744,
          1711168,
          1776768,
          1712128,
          1712928,
          1711712,
          1721472,
          1712352,
          1712672,
          1719648,
          1711872,
          1714432,
          1713024,
          1714240,
          1726752,
          1712000
        ],
        "applicable": true
      },
      {
        "kernel": "onpair_shmem_2tpt",
        "decode_ms": 1.283488,
        "decode_gib_s": 725.6184475108967,
        "decode_ns_iters": [
          1284288,
          1286272,
          1284448,
          1286176,
          1285152,
          1285824,
          1286816,
          1298848,
          1286912,
          1283904,
          1283968,
          1285184,
          1285824,
          1286720,
          1297824,
          1285120,
          1285056,
          1283488,
          1285152,
          1299168,
          1285056,
          1284960,
          1285088,
          1296704,
          1295328,
          1291328,
          1285568,
          1286016,
          1285952,
          1284000
        ],
        "applicable": true
      },
      {
        "kernel": "onpair_shmem_4tpt",
        "decode_ms": 1.34592,
        "decode_gib_s": 691.9598267050535,
        "decode_ns_iters": [
          1345920,
          1346016,
          1347744,
          1346304,
          1346080,
          1370688,
          1348160,
          1346720,
          1347936,
          1348192,
          1346176,
          1347552,
          1348096,
          1349152,
          1348128,
          1347680,
          1346560,
          1347904,
          1346848,
          1347264,
          1349248,
          1347744,
          1348640,
          1347584,
          1346496,
          1346976,
          1348832,
          1346272,
          1346592,
          1346560
        ],
        "applicable": true
      },
      {
        "kernel": "onpair_shmem_4tpt_wpb8",
        "decode_ms": 1.283456,
        "decode_gib_s": 725.636539124727,
        "decode_ns_iters": [
          1312928,
          1314752,
          1311648,
          1313920,
          1312480,
          1311616,
          1312960,
          1312704,
          1312448,
          1313216,
          1312800,
          1313472,
          1325376,
          1313088,
          1313088,
          1325792,
          1312896,
          1313760,
          1313024,
          1313376,
          1313120,
          1329248,
          1283456,
          1314496,
          1313344,
          1313568,
          1312768,
          1313440,
          1312704,
          1314400
        ],
        "applicable": true
      },
      {
        "kernel": "onpair_shmem_4tpt_wpb8_occ",
        "decode_ms": 1.252064,
        "decode_gib_s": 743.8298441284676,
        "decode_ns_iters": [
          1254432,
          1268224,
          1252896,
          1254976,
          1253760,
          1257152,
          1253248,
          1254464,
          1254464,
          1258752,
          1253696,
          1253760,
          1255360,
          1255584,
          1253696,
          1254912,
          1263456,
          1266176,
          1254176,
          1254304,
          1254848,
          1265120,
          1252064,
          1268608,
          1252864,
          1252288,
          1254176,
          1252320,
          1256096,
          1252224
        ],
        "applicable": true
      },
      {
        "kernel": "onpair_shmem_4tpt_b128",
        "decode_ms": 1.237056,
        "decode_gib_s": 752.8540098094717,
        "decode_ns_iters": [
          1238336,
          1240224,
          1238688,
          1249632,
          1240576,
          1239456,
          1239104,
          1253824,
          1237600,
          1237056,
          1237440,
          1239200,
          1239104,
          1239872,
          1237856,
          1238880,
          1237248,
          1238272,
          1237568,
          1238048,
          1252160,
          1239424,
          1240928,
          1239104,
          1237408,
          1250336,
          1237728,
          1240544,
          1239680,
          1240224
        ],
        "applicable": true
      },
      {
        "kernel": "onpair_shmem_4tpt_o6",
        "decode_ms": 1.228032,
        "decode_gib_s": 758.3862390873085,
        "decode_ns_iters": [
          1228768,
          1243488,
          1228032,
          1230560,
          1230816,
          1231200,
          1242656,
          1243200,
          1231808,
          1230592,
          1231872,
          1244064,
          1229856,
          1230176,
          1231264,
          1230656,
          1235008,
          1231488,
          1234976,
          1229024,
          1230912,
          1229632,
          1233120,
          1230592,
          1231776,
          1230432,
          1231104,
          1231328,
          1230592,
          1229664
        ],
        "applicable": true
      },
      {
        "kernel": "onpair_shmem_4tpt_b512o3",
        "decode_ms": 1.22784,
        "decode_gib_s": 758.504829585993,
        "decode_ns_iters": [
          1230688,
          1227840,
          1229632,
          1228192,
          1228480,
          1229632,
          1228672,
          1232640,
          1230496,
          1229568,
          1243648,
          1230816,
          1228992,
          1237248,
          1229216,
          1229696,
          1229536,
          1230432,
          1228544,
          1229568,
          1229632,
          1229408,
          1229472,
          1230752,
          1228928,
          1242176,
          1229472,
          1230816,
          1229280,
          1245056
        ],
        "applicable": true
      },
      {
        "kernel": "onpair_shmem_4tpt_b128o12",
        "decode_ms": 1.233312,
        "decode_gib_s": 755.1394699466686,
        "decode_ns_iters": [
          1236000,
          1234720,
          1234464,
          1235072,
          1236032,
          1246240,
          1233952,
          1235776,
          1235840,
          1251168,
          1233312,
          1233952,
          1236416,
          1234368,
          1239360,
          1234688,
          1235872,
          1235136,
          1235680,
          1233920,
          1241536,
          1235616,
          1233952,
          1242368,
          1235456,
          1246976,
          1237824,
          1233568,
          1235264,
          1234304
        ],
        "applicable": true
      },
      {
        "kernel": "onpair_shmem_4tpt_b64",
        "decode_ms": 1.242208,
        "decode_gib_s": 749.731582761394,
        "decode_ns_iters": [
          1243104,
          1242656,
          1259136,
          1243520,
          1249472,
          1243904,
          1243072,
          1242304,
          1245664,
          1242208,
          1243200,
          1243936,
          1243104,
          1243584,
          1245568,
          1244576,
          1244352,
          1253792,
          1256192,
          1242784,
          1243200,
          1242720,
          1243712,
          1244288,
          1243712,
          1242752,
          1243936,
          1254688,
          1243968,
          1243552
        ],
        "applicable": true
      },
      {
        "kernel": "onpair_shmem_4tpt_b64o24",
        "decode_ms": 1.238112,
        "decode_gib_s": 752.2118919442389,
        "decode_ns_iters": [
          1239008,
          1240960,
          1250624,
          1238112,
          1239136,
          1238528,
          1239328,
          1239424,
          1238720,
          1238144,
          1241920,
          1241472,
          1238784,
          1241088,
          1239232,
          1238176,
          1241152,
          1239744,
          1239360,
          1254176,
          1239296,
          1241024,
          1239552,
          1239136,
          1240384,
          1239296,
          1240576,
          1242592,
          1238720,
          1239936
        ],
        "applicable": true
      },
      {
        "kernel": "onpair_shmem_4tpt_split8read_b128o12",
        "decode_ms": 1.172256,
        "decode_gib_s": 794.470294849304,
        "decode_ns_iters": [
          1173600,
          1174496,
          1174272,
          1195936,
          1188576,
          1173824,
          1173376,
          1185632,
          1173120,
          1173824,
          1173344,
          1174688,
          1172832,
          1174208,
          1172512,
          1182240,
          1173664,
          1174240,
          1175296,
          1173312,
          1172640,
          1173248,
          1173056,
          1174272,
          1176096,
          1174336,
          1172256,
          1174720,
          1172672,
          1176544
        ],
        "applicable": true
      },
      {
        "kernel": "onpair_shmem_4tpt_split8read_occ",
        "decode_ms": 1.274944,
        "decode_gib_s": 730.4811583558694,
        "decode_ns_iters": [
          1278112,
          1288672,
          1274944,
          1285664,
          1277024,
          1277888,
          1276928,
          1277664,
          1291072,
          1285088,
          1276384,
          1275392,
          1278240,
          1278304,
          1276864,
          1276320,
          1290848,
          1277472,
          1276544,
          1280576,
          1277216,
          1293920,
          1275904,
          1278912,
          1276864,
          1275776,
          1276736,
          1289696,
          1276736,
          1278976
        ],
        "applicable": true
      },
      {
        "kernel": "onpair_shmem_4tpt_split8",
        "decode_ms": 1.459008,
        "decode_gib_s": 638.3258830375609,
        "decode_ns_iters": [
          1460096,
          1459616,
          1459104,
          1461280,
          1462144,
          1460736,
          1460768,
          1461792,
          1460576,
          1460128,
          1460960,
          1460832,
          1459232,
          1460960,
          1459744,
          1461088,
          1459712,
          1460128,
          1459904,
          1460256,
          1459488,
          1459008,
          1459712,
          1460448,
          1459712,
          1472064,
          1462112,
          1473504,
          1461184,
          1460896
        ],
        "applicable": true
      },
      {
        "kernel": "onpair_shmem_4tpt_split8_wpb8",
        "decode_ms": 1.435968,
        "decode_gib_s": 648.5677744621507,
        "decode_ns_iters": [
          1476032,
          1477888,
          1489728,
          1489952,
          1475232,
          1494880,
          1474208,
          1476160,
          1475456,
          1476864,
          1475104,
          1476352,
          1475584,
          1476576,
          1475488,
          1474880,
          1476192,
          1476032,
          1476416,
          1471520,
          1452288,
          1440992,
          1440384,
          1435968,
          1476416,
          1476288,
          1477216,
          1475840,
          1475424,
          1475904
        ],
        "applicable": true
      },
      {
        "kernel": "onpair_shmem_4tpt_split8_wpb8_occ",
        "decode_ms": 1.41328,
        "decode_gib_s": 658.9795157073372,
        "decode_ns_iters": [
          1429600,
          1415456,
          1417056,
          1413280,
          1415712,
          1415200,
          1415360,
          1414656,
          1415168,
          1416096,
          1413664,
          1417152,
          1415456,
          1416736,
          1430016,
          1416128,
          1426880,
          1430176,
          1425632,
          1414304,
          1414848,
          1417888,
          1416352,
          1416288,
          1414400,
          1416160,
          1414112,
          1415552,
          1414496,
          1415456
        ],
        "applicable": true
      },
      {
        "kernel": "onpair_shmem_4tpt_pdict",
        "decode_ms": 1.627808,
        "decode_gib_s": 572.1329358000855,
        "decode_ns_iters": [
          1634336,
          1629024,
          1634592,
          1634624,
          1632416,
          1634304,
          1633856,
          1637792,
          1633920,
          1636608,
          1627808,
          1636288,
          1655680,
          1632352,
          1633760,
          1634272,
          1639328,
          1635840,
          1632480,
          1636640,
          1635104,
          1644704,
          1639680,
          1635744,
          1636352,
          1636160,
          1639616,
          1643072,
          1641824,
          1645344
        ],
        "applicable": true
      },
      {
        "kernel": "onpair_shmem_4tpt_vdict",
        "decode_ms": 2.406848,
        "decode_gib_s": 386.9469820939526,
        "decode_ns_iters": [
          2422528,
          2408576,
          2426976,
          2412800,
          2422912,
          2407040,
          2415040,
          2409408,
          2409760,
          2411232,
          2408160,
          2410304,
          2408480,
          2409952,
          2411424,
          2413600,
          2409824,
          2410176,
          2408992,
          2409504,
          2409408,
          2406912,
          2409920,
          2414976,
          2414016,
          2406848,
          2410624,
          2421088,
          2407744,
          2410752
        ],
        "applicable": true
      },
      {
        "kernel": "onpair_shmem_4tpt_split8read",
        "decode_ms": 1.364224,
        "decode_gib_s": 682.6756969228409,
        "decode_ns_iters": [
          1373088,
          1366112,
          1364576,
          1368704,
          1369216,
          1378176,
          1365376,
          1366272,
          1366432,
          1378048,
          1380160,
          1364928,
          1364224,
          1365408,
          1365568,
          1367040,
          1365440,
          1365280,
          1365312,
          1364768,
          1366688,
          1364608,
          1365920,
          1395552,
          1364640,
          1364288,
          1365696,
          1366176,
          1364608,
          1380192
        ],
        "applicable": true
      },
      {
        "kernel": "onpair_shmem_4tpt_ldcs",
        "decode_ms": 1.34272,
        "decode_gib_s": 693.608920667649,
        "decode_ns_iters": [
          1343360,
          1343648,
          1358080,
          1342720,
          1343456,
          1343776,
          1343616,
          1344192,
          1342976,
          1342976,
          1343232,
          1355008,
          1342944,
          1357568,
          1344960,
          1344160,
          1345056,
          1343520,
          1343712,
          1344448,
          1343904,
          1344384,
          1343168,
          1344352,
          1343200,
          1353344,
          1343392,
          1358976,
          1343680,
          1343872
        ],
        "applicable": true
      },
      {
        "kernel": "onpair_shmem_4tpt_lenbucket",
        "decode_ms": 0.0,
        "decode_gib_s": 0.0,
        "applicable": false,
        "reason": "length-bucket dict not built (set ONPAIR_DICT_REORDER=lenbucket)"
      },
      {
        "kernel": "onpair_shmem_4tpt_lenbucket_b128",
        "decode_ms": 0.0,
        "decode_gib_s": 0.0,
        "applicable": false,
        "reason": "length-bucket dict not built (set ONPAIR_DICT_REORDER=lenbucket)"
      },
      {
        "kernel": "onpair_shmem_4tpt_regcache",
        "decode_ms": 1.427168,
        "decode_gib_s": 652.5668806747809,
        "decode_ns_iters": [
          1448896,
          1431136,
          1446464,
          1438144,
          1430240,
          1444800,
          1430208,
          1430912,
          1430560,
          1430528,
          1432224,
          1433632,
          1431712,
          1430592,
          1430944,
          1430080,
          1431296,
          1431264,
          1430880,
          1451552,
          1427168,
          1437696,
          1432000,
          1431840,
          1440352,
          1442144,
          1431040,
          1430944,
          1439072,
          1430976
        ],
        "applicable": true
      },
      {
        "kernel": "onpair_shmem_4tpt_split4read",
        "decode_ms": 1.402048,
        "decode_gib_s": 664.2586915418485,
        "decode_ns_iters": [
          1403232,
          1402848,
          1403232,
          1403904,
          1403520,
          1404224,
          1402560,
          1402624,
          1415552,
          1403616,
          1403104,
          1403360,
          1411488,
          1403904,
          1404096,
          1404512,
          1404736,
          1403712,
          1405984,
          1402048,
          1406752,
          1404800,
          1404064,
          1405184,
          1403168,
          1405408,
          1403840,
          1405088,
          1405376,
          1403520
        ],
        "applicable": true
      },
      {
        "kernel": "onpair_shmem_4tpt_split4read_b128o12",
        "decode_ms": 1.265088,
        "decode_gib_s": 736.1721634849637,
        "decode_ns_iters": [
          1265088,
          1268384,
          1286112,
          1267104,
          1267552,
          1267680,
          1267392,
          1273952,
          1269120,
          1266496,
          1282464,
          1268256,
          1266560,
          1267808,
          1267424,
          1268576,
          1266752,
          1267552,
          1265856,
          1273920,
          1276032,
          1267040,
          1266528,
          1266112,
          1268288,
          1267360,
          1266080,
          1268096,
          1265248,
          1267072
        ],
        "applicable": true
      },
      {
        "kernel": "onpair_shmem_4tpt_cluster_dsmem",
        "decode_ms": 4.913568,
        "decode_gib_s": 189.5409954556171,
        "decode_ns_iters": [
          4937376,
          4917696,
          4940064,
          4935296,
          4929984,
          4958944,
          4942976,
          4931648,
          4927584,
          4926080,
          4922848,
          4916512,
          4937568,
          4924448,
          4949568,
          4913568,
          4933024,
          4933472,
          4942336,
          4935776,
          4936960,
          4929440,
          4950464,
          4929984,
          4933952,
          4948128,
          4955520,
          4924032,
          4938400,
          4969152
        ],
        "applicable": true
      },
      {
        "kernel": "onpair_shmem_8tpt",
        "decode_ms": 1.246048,
        "decode_gib_s": 747.421102524835,
        "decode_ns_iters": [
          1246048,
          1262368,
          1247840,
          1254976,
          1248224,
          1247264,
          1248992,
          1262432,
          1247648,
          1247552,
          1247552,
          1248704,
          1249248,
          1261472,
          1274144,
          1247424,
          1246624,
          1247936,
          1247200,
          1248128,
          1260000,
          1247680,
          1249344,
          1248416,
          1247488,
          1249056,
          1261376,
          1248192,
          1246752,
          1247360
        ],
        "applicable": true
      },
      {
        "kernel": "onpair_shmem_8tpt_b128",
        "decode_ms": 1.248544,
        "decode_gib_s": 745.9269116337634,
        "decode_ns_iters": [
          1248544,
          1249056,
          1250400,
          1249440,
          1250688,
          1248640,
          1248640,
          1249312,
          1250016,
          1249280,
          1250208,
          1252640,
          1249504,
          1262112,
          1249280,
          1250080,
          1262880,
          1249184,
          1264704,
          1248704,
          1250112,
          1250176,
          1261088,
          1249440,
          1249600,
          1249728,
          1248736,
          1261760,
          1264096,
          1250176
        ],
        "applicable": true
      },
      {
        "kernel": "onpair_shmem_4tpt_vwidth",
        "decode_ms": 3.90624,
        "decode_gib_s": 238.41918826259155,
        "decode_ns_iters": [
          3907744,
          3921120,
          3906912,
          3908288,
          3908480,
          3906912,
          3907584,
          3906688,
          3907104,
          3920064,
          3916160,
          3906240,
          3906304,
          3908832,
          3906272,
          3907712,
          3908192,
          3908000,
          3921344,
          3907136,
          3918400,
          3906944,
          3907392,
          3906752,
          3908832,
          3911136,
          3919392,
          3908512,
          3907776,
          3907104
        ],
        "applicable": true
      },
      {
        "kernel": "onpair_shmem_4tpt_vwidth_b128",
        "decode_ms": 4.8072,
        "decode_gib_s": 193.73493300858414,
        "decode_ns_iters": [
          4808000,
          4807392,
          4816992,
          4815104,
          4816736,
          4808544,
          4808512,
          4814912,
          4810624,
          4811264,
          4811424,
          4808960,
          4807328,
          4807904,
          4816704,
          4815328,
          4816032,
          4817344,
          4816864,
          4816000,
          4815872,
          4815904,
          4813888,
          4825632,
          4807744,
          4809632,
          4808384,
          4807936,
          4807200,
          4823488
        ],
        "applicable": true
      },
      {
        "kernel": "onpair_shmem_4tpt_vwidth4",
        "decode_ms": 1.573024,
        "decode_gib_s": 592.0587161790702,
        "decode_ns_iters": [
          1573792,
          1577824,
          1581696,
          1574016,
          1578880,
          1576640,
          1575264,
          1574592,
          1574848,
          1573184,
          1573728,
          1585408,
          1574272,
          1573664,
          1573920,
          1573152,
          1574464,
          1573504,
          1573024,
          1575328,
          1588192,
          1589728,
          1574560,
          1573408,
          1573376,
          1573376,
          1575040,
          1582304,
          1595712,
          1592736
        ],
        "applicable": true
      },
      {
        "kernel": "onpair_shmem_4tpt_vwidth4_b128",
        "decode_ms": 1.193984,
        "decode_gib_s": 780.0126048245753,
        "decode_ns_iters": [
          1198752,
          1219136,
          1201152,
          1199360,
          1204608,
          1202112,
          1209088,
          1195104,
          1194016,
          1194208,
          1219360,
          1203616,
          1194432,
          1196672,
          1195936,
          1195712,
          1199488,
          1194336,
          1194048,
          1196640,
          1196352,
          1209408,
          1194592,
          1196224,
          1194848,
          1194080,
          1193984,
          1196480,
          1195520,
          1203904
        ],
        "applicable": true
      },
      {
        "kernel": "onpair_shmem_4tpt_shdict8",
        "decode_ms": 2.09616,
        "decode_gib_s": 444.29937121158014,
        "decode_ns_iters": [
          2113216,
          2101728,
          2100992,
          2119072,
          2103200,
          2096864,
          2099456,
          2102080,
          2105056,
          2099744,
          2097984,
          2099776,
          2099392,
          2101056,
          2100992,
          2101664,
          2102560,
          2117824,
          2099296,
          2105920,
          2100896,
          2098304,
          2101984,
          2097088,
          2114176,
          2097152,
          2096160,
          2114336,
          2107936,
          2100384
        ],
        "applicable": true
      },
      {
        "kernel": "onpair_shmem_4tpt_ablate",
        "decode_ms": 1.233728,
        "decode_gib_s": 754.8848449243802,
        "decode_ns_iters": [
          1235168,
          1234528,
          1234496,
          1234336,
          1234784,
          1235200,
          1234560,
          1236000,
          1248896,
          1233760,
          1234336,
          1235136,
          1235072,
          1250816,
          1241344,
          1236064,
          1234592,
          1234432,
          1233728,
          1234688,
          1236128,
          1233888,
          1233728,
          1235168,
          1233792,
          1235296,
          1238400,
          1236384,
          1234400,
          1234848
        ],
        "applicable": true
      },
      {
        "kernel": "onpair_shmem_4tpt_ablate_nogather",
        "decode_ms": 0.928544,
        "decode_gib_s": 1002.9923945002774,
        "decode_ns_iters": [
          929024,
          929920,
          930592,
          929856,
          937568,
          930048,
          932544,
          930240,
          930048,
          929440,
          942624,
          930624,
          936256,
          938944,
          928544,
          930976,
          932288,
          931264,
          928544,
          931712,
          931616,
          929856,
          930144,
          943264,
          933280,
          929536,
          929664,
          932480,
          930464,
          930528
        ],
        "applicable": true
      },
      {
        "kernel": "onpair_shmem_4tpt_ablate_noemit",
        "decode_ms": 0.423136,
        "decode_gib_s": 2201.000552916475,
        "decode_ns_iters": [
          451968,
          452320,
          453792,
          453632,
          454432,
          425888,
          456736,
          454432,
          455552,
          455232,
          454048,
          454944,
          453248,
          454848,
          430272,
          454016,
          454176,
          454016,
          460000,
          465568,
          455104,
          454336,
          455136,
          430528,
          423136,
          457088,
          458784,
          453152,
          453600,
          453664
        ],
        "applicable": true
      },
      {
        "kernel": "onpair_shmem_4tpt_ablate_nodrain",
        "decode_ms": 1.114912,
        "decode_gib_s": 835.3328064985092,
        "decode_ns_iters": [
          1123424,
          1116800,
          1116416,
          1123424,
          1125728,
          1118176,
          1116320,
          1124480,
          1125184,
          1117536,
          1117664,
          1117664,
          1116320,
          1116960,
          1115680,
          1116896,
          1129088,
          1116128,
          1116224,
          1130624,
          1116544,
          1116320,
          1118720,
          1115680,
          1117568,
          1129760,
          1115744,
          1116736,
          1123936,
          1114912
        ],
        "applicable": true
      },
      {
        "kernel": "onpair_shmem_4tpt_ablate_noscan",
        "decode_ms": 0.784,
        "decode_gib_s": 1187.9114412740632,
        "decode_ns_iters": [
          786784,
          799264,
          784640,
          800192,
          787328,
          791520,
          786592,
          785600,
          784480,
          798496,
          787456,
          786336,
          786624,
          787520,
          786272,
          792864,
          786432,
          784000,
          803296,
          787712,
          801088,
          784928,
          785792,
          799552,
          785600,
          787360,
          785216,
          789536,
          790688,
          807616
        ],
        "applicable": true
      },
      {
        "kernel": "onpair_shmem_4tpt_ablate_cfree",
        "decode_ms": 1.144288,
        "decode_gib_s": 813.8882606117215,
        "decode_ns_iters": [
          1161568,
          1145632,
          1145152,
          1166016,
          1158688,
          1146240,
          1145792,
          1144896,
          1145472,
          1145312,
          1145312,
          1152352,
          1145632,
          1145504,
          1148128,
          1144288,
          1145728,
          1145184,
          1145056,
          1144992,
          1144832,
          1146080,
          1159104,
          1165248,
          1146112,
          1146784,
          1147008,
          1146656,
          1147488,
          1146592
        ],
        "applicable": true
      },
      {
        "kernel": "onpair_shmem_s8",
        "decode_ms": 0.0,
        "decode_gib_s": 0.0,
        "applicable": false,
        "reason": "dictionary entry longer than 8 bytes"
      },
      {
        "kernel": "onpair_shmem_s8_2tpt",
        "decode_ms": 0.0,
        "decode_gib_s": 0.0,
        "applicable": false,
        "reason": "dictionary entry longer than 8 bytes"
      },
      {
        "kernel": "onpair_shmem_s8_4tpt",
        "decode_ms": 0.0,
        "decode_gib_s": 0.0,
        "applicable": false,
        "reason": "dictionary entry longer than 8 bytes"
      },
      {
        "kernel": "onpair_shmem_s8_8tpt",
        "decode_ms": 0.0,
        "decode_gib_s": 0.0,
        "applicable": false,
        "reason": "dictionary entry longer than 8 bytes"
      },
      {
        "kernel": "onpair_shmem_s4l1",
        "decode_ms": 0.0,
        "decode_gib_s": 0.0,
        "applicable": false,
        "reason": "dictionary entry longer than 4 bytes"
      },
      {
        "kernel": "onpair_shmem_s4l1_2tpt",
        "decode_ms": 0.0,
        "decode_gib_s": 0.0,
        "applicable": false,
        "reason": "dictionary entry longer than 4 bytes"
      },
      {
        "kernel": "onpair_shmem_s4l1_4tpt",
        "decode_ms": 0.0,
        "decode_gib_s": 0.0,
        "applicable": false,
        "reason": "dictionary entry longer than 4 bytes"
      },
      {
        "kernel": "onpair_shmem_s4l1_8tpt",
        "decode_ms": 0.0,
        "decode_gib_s": 0.0,
        "applicable": false,
        "reason": "dictionary entry longer than 4 bytes"
      },
      {
        "kernel": "onpair_shmem_s4l1_16tpt",
        "decode_ms": 0.0,
        "decode_gib_s": 0.0,
        "applicable": false,
        "reason": "dictionary entry longer than 4 bytes"
      },
      {
        "kernel": "onpair_shmem_s4l1_32tpt",
        "decode_ms": 0.0,
        "decode_gib_s": 0.0,
        "applicable": false,
        "reason": "dictionary entry longer than 4 bytes"
      },
      {
        "kernel": "onpair_shmem_const1",
        "decode_ms": 0.0,
        "decode_gib_s": 0.0,
        "applicable": false,
        "reason": "not every dictionary entry is exactly 1 byte"
      },
      {
        "kernel": "onpair_shmem_const2",
        "decode_ms": 0.0,
        "decode_gib_s": 0.0,
        "applicable": false,
        "reason": "not every dictionary entry is exactly 2 bytes"
      }
    ]
  }
}
==PROF== Disconnected from process 18966
==PROF== Report: /home/ubuntu/work/ncu_clickbench_URL_b12_onpair_shmem.ncu-rep
