==PROF== Connected to process 17965 (/home/ubuntu/work/target/release/onpair-chunk-bench)
2026-07-07T01:21:50.031911Z  INFO vortex_cuda: vortex-cuda/src/lib.rs:111: Registering CUDA kernels
==WARNING== Unable to access the following 6 metrics: ctc__rx_bytes_data_user.sum, ctc__rx_bytes_data_user.sum.pct_of_peak_sustained_elapsed, ctc__rx_bytes_data_user.sum.per_second, ctc__tx_bytes_data_user.sum, ctc__tx_bytes_data_user.sum.pct_of_peak_sustained_elapsed, ctc__tx_bytes_data_user.sum.per_second.


==PROF== Profiling "onpair_shmem_4tpt_ablate_nodrain": 0%....50%....100% - 40 passes
==PROF== Profiling "onpair_shmem_4tpt_ablate_nodrain": 0%....50%....100% - 40 passes
==PROF== Profiling "onpair_shmem_4tpt_ablate_nodrain": 0%....50%....100% - 40 passes
==PROF== Profiling "onpair_shmem_4tpt_ablate_nodrain": 0%....50%....100% - 40 passes
==PROF== Profiling "onpair_shmem_4tpt_ablate_nodrain": 0%....50%....100% - 40 passes
==PROF== Profiling "onpair_shmem_4tpt_ablate_nodrain": 0%....50%....100% - 40 passes
==PROF== Profiling "onpair_shmem_4tpt_ablate_nodrain": 0%....50%....100% - 40 passes
==PROF== Profiling "onpair_shmem_4tpt_ablate_nodrain": 0%....50%....100% - 40 passes
==PROF== Profiling "onpair_shmem_4tpt_ablate_nodrain": 0%....50%....100% - 40 passes
==PROF== Profiling "onpair_shmem_4tpt_ablate_nodrain": 0%....50%....100% - 40 passes
==PROF== Profiling "onpair_shmem_4tpt_ablate_nodrain": 0%....50%....100% - 40 passes
==PROF== Profiling "onpair_shmem_4tpt_ablate_nodrain": 0%....50%....100% - 40 passes
==PROF== Profiling "onpair_shmem_4tpt_ablate_nodrain": 0%....50%....100% - 40 passes
==PROF== Profiling "onpair_shmem_4tpt_ablate_nodrain": 0%....50%....100% - 40 passes
==PROF== Profiling "onpair_shmem_4tpt_ablate_nodrain": 0%....50%....100% - 40 passes
==PROF== Profiling "onpair_shmem_4tpt_ablate_nodrain": 0%....50%....100% - 40 passes
{
  "files": [
    "/home/ubuntu/work/vortex-bench/data/onpair-bench/tpch-sf10/ps_comment/bits16_chunk1000mb_thr0.20/part_0000.vortex"
  ],
  "column": "ps_comment",
  "rows": 8000000,
  "in_memory_bytes": 169721210,
  "dict_bytes": 778347,
  "gpu": {
    "iterations": 30,
    "decoded_bytes": 987934065,
    "chunks": 1,
    "auto_kernel": "onpair_shmem_4tpt_b128o12",
    "frac_le8": 0.15632534,
    "dict_mean_len": 12.744137,
    "dict_max_len": 16,
    "dict_entries_max": 65434,
    "small_dict": false,
    "distinct_codes": 65211,
    "access_top4096_frac": 0.51263547,
    "compressed_bytes": 155885133,
    "h2d_gib_s": 10.508489630127857,
    "whole_decompress_gib_s": 62.36773037330018,
    "best_kernel": "onpair_shmem_4tpt_b128o12",
    "auto_decode_ms": 0.937152,
    "best_decode_ms": 0.937152,
    "validated": false,
    "auto_decode_gib_s": 981.7887567503836,
    "best_decode_gib_s": 981.7887567503836,
    "kernels": [
      {
        "kernel": "onpair_shmem",
        "decode_ms": 1.03296,
        "decode_gib_s": 890.726937118703,
        "decode_ns_iters": [
          1035072,
          1035680,
          1033344,
          1034080,
          1036544,
          1034528,
          1036256,
          1045632,
          1035008,
          1035648,
          1035872,
          1034464,
          1041088,
          1034272,
          1035200,
          1045600,
          1032960,
          1036032,
          1034336,
          1046944,
          1034176,
          1035392,
          1036768,
          1034560,
          1036352,
          1036128,
          1035744,
          1047808,
          1033888,
          1034496
        ],
        "applicable": true
      },
      {
        "kernel": "onpair_shmem_2tpt",
        "decode_ms": 0.970272,
        "decode_gib_s": 948.2756350447457,
        "decode_ns_iters": [
          972320,
          973504,
          971648,
          972640,
          973568,
          971488,
          974304,
          980416,
          975968,
          983424,
          973952,
          972992,
          971648,
          973056,
          974528,
          974272,
          972896,
          987552,
          972256,
          970272,
          974496,
          972448,
          974016,
          975808,
          972736,
          973952,
          973024,
          982272,
          973600,
          973568
        ],
        "applicable": true
      },
      {
        "kernel": "onpair_shmem_4tpt",
        "decode_ms": 1.033728,
        "decode_gib_s": 890.0651786215866,
        "decode_ns_iters": [
          1047616,
          1038304,
          1036768,
          1034080,
          1035808,
          1043232,
          1037120,
          1034560,
          1037536,
          1037568,
          1035456,
          1045024,
          1035680,
          1036192,
          1049056,
          1036448,
          1038944,
          1041952,
          1036576,
          1035872,
          1039648,
          1036544,
          1036512,
          1035584,
          1036384,
          1033728,
          1036864,
          1036128,
          1036000,
          1036480
        ],
        "applicable": true
      },
      {
        "kernel": "onpair_shmem_4tpt_wpb8",
        "decode_ms": 1.00016,
        "decode_gib_s": 919.9381068690365,
        "decode_ns_iters": [
          1000160,
          1015872,
          1001696,
          1001184,
          1001568,
          1001088,
          1014528,
          1009024,
          1001856,
          1002016,
          1008768,
          1001728,
          1000864,
          1013312,
          1000928,
          1007296,
          1003200,
          1000192,
          1001120,
          1001344,
          1002560,
          1001504,
          1001472,
          1001056,
          1000768,
          1000832,
          1001408,
          1000896,
          1000544,
          1002208
        ],
        "applicable": true
      },
      {
        "kernel": "onpair_shmem_4tpt_wpb8_occ",
        "decode_ms": 0.954112,
        "decode_gib_s": 964.3367832771578,
        "decode_ns_iters": [
          968544,
          955744,
          956288,
          956800,
          964672,
          956288,
          957088,
          964064,
          956096,
          963168,
          955936,
          969472,
          957344,
          958848,
          956256,
          957856,
          955552,
          955648,
          954112,
          955904,
          955968,
          955808,
          965472,
          955712,
          956000,
          956192,
          966016,
          956096,
          955648,
          956320
        ],
        "applicable": true
      },
      {
        "kernel": "onpair_shmem_4tpt_b128",
        "decode_ms": 0.939648,
        "decode_gib_s": 979.1808176744222,
        "decode_ns_iters": [
          940928,
          939904,
          940640,
          940512,
          943744,
          941536,
          942336,
          941440,
          943744,
          941312,
          942656,
          949344,
          958624,
          944480,
          942240,
          955232,
          942496,
          942176,
          939648,
          941024,
          943296,
          942720,
          955232,
          941280,
          940960,
          941984,
          941152,
          946752,
          941216,
          942336
        ],
        "applicable": true
      },
      {
        "kernel": "onpair_shmem_4tpt_o6",
        "decode_ms": 0.960416,
        "decode_gib_s": 958.0070479522784,
        "decode_ns_iters": [
          962176,
          971872,
          962528,
          962112,
          965600,
          966560,
          978848,
          964512,
          972576,
          963904,
          981344,
          970144,
          963712,
          962464,
          961536,
          964672,
          962592,
          964160,
          962944,
          960416,
          965632,
          962080,
          963296,
          963776,
          962784,
          962368,
          964960,
          963136,
          963136,
          964576
        ],
        "applicable": true
      },
      {
        "kernel": "onpair_shmem_4tpt_b512o3",
        "decode_ms": 0.99008,
        "decode_gib_s": 929.3039925724543,
        "decode_ns_iters": [
          992576,
          990080,
          996672,
          991936,
          997184,
          1005152,
          997440,
          996128,
          995488,
          996960,
          993856,
          994080,
          997920,
          995296,
          996480,
          1007520,
          993184,
          995392,
          994688,
          1003200,
          1008288,
          993472,
          993408,
          995488,
          996832,
          996704,
          993184,
          995328,
          995200,
          996928
        ],
        "applicable": true
      },
      {
        "kernel": "onpair_shmem_4tpt_b128o12",
        "decode_ms": 0.937152,
        "decode_gib_s": 981.7887567503836,
        "decode_ns_iters": [
          955648,
          942240,
          939936,
          941248,
          942656,
          941600,
          944608,
          942080,
          949888,
          937152,
          937760,
          941472,
          940672,
          949440,
          940768,
          942400,
          940544,
          941888,
          941760,
          941824,
          940576,
          942784,
          940832,
          941632,
          943168,
          939904,
          941280,
          943968,
          943232,
          942048
        ],
        "applicable": true
      },
      {
        "kernel": "onpair_shmem_4tpt_b64",
        "decode_ms": 0.939808,
        "decode_gib_s": 979.0141145490734,
        "decode_ns_iters": [
          941952,
          940800,
          939808,
          942048,
          942880,
          942624,
          942016,
          940448,
          948800,
          941696,
          944704,
          940160,
          942880,
          963392,
          942144,
          942112,
          941152,
          941024,
          949216,
          941088,
          943104,
          941216,
          942784,
          941664,
          941600,
          942432,
          953728,
          941408,
          941664,
          942624
        ],
        "applicable": true
      },
      {
        "kernel": "onpair_shmem_4tpt_b64o24",
        "decode_ms": 0.94064,
        "decode_gib_s": 978.1481724848353,
        "decode_ns_iters": [
          941408,
          942752,
          940640,
          949344,
          948576,
          953088,
          941536,
          951520,
          942240,
          956064,
          942272,
          957664,
          943136,
          949056,
          941664,
          955872,
          942144,
          941920,
          943520,
          941184,
          949568,
          941376,
          942272,
          940800,
          942336,
          943296,
          941376,
          943168,
          940928,
          941792
        ],
        "applicable": true
      },
      {
        "kernel": "onpair_shmem_4tpt_split8read_b128o12",
        "decode_ms": 1.06928,
        "decode_gib_s": 860.4718099713224,
        "decode_ns_iters": [
          1096320,
          1094656,
          1096608,
          1096032,
          1107008,
          1094624,
          1094720,
          1095040,
          1069280,
          1096064,
          1111616,
          1098976,
          1094080,
          1093280,
          1096512,
          1096192,
          1108608,
          1097824,
          1094560,
          1094016,
          1095840,
          1094944,
          1096064,
          1095168,
          1107456,
          1095552,
          1094400,
          1110432,
          1095040,
          1097056
        ],
        "applicable": true
      },
      {
        "kernel": "onpair_shmem_4tpt_split8read_occ",
        "decode_ms": 1.124704,
        "decode_gib_s": 818.0688403047695,
        "decode_ns_iters": [
          1125696,
          1125152,
          1125728,
          1125504,
          1129024,
          1124832,
          1126880,
          1133312,
          1133536,
          1130976,
          1125632,
          1138688,
          1126304,
          1126848,
          1133600,
          1127648,
          1133984,
          1135264,
          1126400,
          1125568,
          1140608,
          1139328,
          1127232,
          1125568,
          1125120,
          1124704,
          1127200,
          1128288,
          1125280,
          1126720
        ],
        "applicable": true
      },
      {
        "kernel": "onpair_shmem_4tpt_split8",
        "decode_ms": 1.105728,
        "decode_gib_s": 832.1081649068627,
        "decode_ns_iters": [
          1108640,
          1107648,
          1107232,
          1115776,
          1108704,
          1108512,
          1109600,
          1112320,
          1108992,
          1106272,
          1106784,
          1105728,
          1107712,
          1115264,
          1120160,
          1107584,
          1107968,
          1109056,
          1108288,
          1107168,
          1108640,
          1107648,
          1109376,
          1108416,
          1109536,
          1108832,
          1108832,
          1108608,
          1107968,
          1121184
        ],
        "applicable": true
      },
      {
        "kernel": "onpair_shmem_4tpt_split8_wpb8",
        "decode_ms": 1.068544,
        "decode_gib_s": 861.0644923991297,
        "decode_ns_iters": [
          1070208,
          1070208,
          1069696,
          1082080,
          1070208,
          1088384,
          1083840,
          1069696,
          1069120,
          1069152,
          1071936,
          1069376,
          1069632,
          1069568,
          1068544,
          1070496,
          1070944,
          1071136,
          1069024,
          1068928,
          1069504,
          1068992,
          1071072,
          1083904,
          1068640,
          1069664,
          1070944,
          1071968,
          1069664,
          1069984
        ],
        "applicable": true
      },
      {
        "kernel": "onpair_shmem_4tpt_split8_wpb8_occ",
        "decode_ms": 1.023168,
        "decode_gib_s": 899.2514396131774,
        "decode_ns_iters": [
          1023968,
          1028096,
          1040160,
          1028064,
          1025568,
          1025280,
          1025728,
          1026176,
          1023168,
          1024896,
          1023936,
          1025056,
          1040544,
          1026432,
          1025152,
          1023840,
          1023616,
          1026592,
          1026048,
          1024416,
          1037280,
          1025664,
          1025568,
          1025024,
          1028960,
          1025216,
          1025856,
          1024160,
          1025984,
          1031328
        ],
        "applicable": true
      },
      {
        "kernel": "onpair_shmem_4tpt_pdict",
        "decode_ms": 0.0,
        "decode_gib_s": 0.0,
        "applicable": false,
        "reason": "padded dict needs 1129024 B shared, over 102400 B cap"
      },
      {
        "kernel": "onpair_shmem_4tpt_vdict",
        "decode_ms": 0.0,
        "decode_gib_s": 0.0,
        "applicable": false,
        "reason": "packed dict needs 795008 B shared, over 102400 B cap"
      },
      {
        "kernel": "onpair_shmem_4tpt_split8read",
        "decode_ms": 1.108864,
        "decode_gib_s": 829.7548635054754,
        "decode_ns_iters": [
          1110144,
          1112128,
          1118400,
          1110496,
          1112672,
          1111040,
          1111968,
          1109408,
          1111104,
          1111808,
          1111072,
          1112576,
          1112096,
          1110560,
          1111136,
          1111776,
          1111936,
          1124224,
          1112512,
          1112192,
          1110496,
          1112608,
          1111168,
          1109440,
          1111904,
          1110816,
          1110720,
          1112160,
          1109920,
          1108864
        ],
        "applicable": true
      },
      {
        "kernel": "onpair_shmem_4tpt_ldcs",
        "decode_ms": 1.023136,
        "decode_gib_s": 899.2795649514195,
        "decode_ns_iters": [
          1031104,
          1024160,
          1023744,
          1023136,
          1024640,
          1023488,
          1030944,
          1030880,
          1032032,
          1031584,
          1032448,
          1045792,
          1031104,
          1031424,
          1031488,
          1032736,
          1031008,
          1075808,
          1031392,
          1031264,
          1032384,
          1031424,
          1048128,
          1031264,
          1031488,
          1030112,
          1043776,
          1031936,
          1031328,
          1031584
        ],
        "applicable": true
      },
      {
        "kernel": "onpair_shmem_4tpt_lenbucket",
        "decode_ms": 0.0,
        "decode_gib_s": 0.0,
        "applicable": false,
        "reason": "length-bucket dict not built (set ONPAIR_DICT_REORDER=lenbucket)"
      },
      {
        "kernel": "onpair_shmem_4tpt_lenbucket_b128",
        "decode_ms": 0.0,
        "decode_gib_s": 0.0,
        "applicable": false,
        "reason": "length-bucket dict not built (set ONPAIR_DICT_REORDER=lenbucket)"
      },
      {
        "kernel": "onpair_shmem_4tpt_regcache",
        "decode_ms": 1.0248,
        "decode_gib_s": 897.8193764306553,
        "decode_ns_iters": [
          1034080,
          1035264,
          1034272,
          1046912,
          1033888,
          1048128,
          1034848,
          1034944,
          1033664,
          1033536,
          1034912,
          1049920,
          1033696,
          1033600,
          1032480,
          1033696,
          1040800,
          1028032,
          1027040,
          1027744,
          1027200,
          1026208,
          1040704,
          1025600,
          1025728,
          1025696,
          1025152,
          1027008,
          1026176,
          1024800
        ],
        "applicable": true
      },
      {
        "kernel": "onpair_shmem_4tpt_split4read",
        "decode_ms": 1.303584,
        "decode_gib_s": 705.8120512112265,
        "decode_ns_iters": [
          1303648,
          1305664,
          1305024,
          1305024,
          1306848,
          1317088,
          1304064,
          1305216,
          1304640,
          1303904,
          1305568,
          1304544,
          1304576,
          1319264,
          1304224,
          1304512,
          1303872,
          1304672,
          1303936,
          1303872,
          1309184,
          1318208,
          1304544,
          1303584,
          1303776,
          1309696,
          1324416,
          1312800,
          1324160,
          1304832
        ],
        "applicable": true
      },
      {
        "kernel": "onpair_shmem_4tpt_split4read_b128o12",
        "decode_ms": 1.32288,
        "decode_gib_s": 695.5168246296985,
        "decode_ns_iters": [
          1322880,
          1325248,
          1324960,
          1324128,
          1326976,
          1325280,
          1325792,
          1323808,
          1326976,
          1335936,
          1324672,
          1325600,
          1325728,
          1324928,
          1323936,
          1324384,
          1324192,
          1324768,
          1336704,
          1342400,
          1340000,
          1327456,
          1326112,
          1324224,
          1324608,
          1325120,
          1325088,
          1325184,
          1323488,
          1339104
        ],
        "applicable": true
      },
      {
        "kernel": "onpair_shmem_4tpt_cluster_dsmem",
        "decode_ms": 3.50128,
        "decode_gib_s": 262.7854090407324,
        "decode_ns_iters": [
          3508768,
          3514432,
          3511328,
          3537536,
          3501280,
          3513792,
          3516544,
          3509280,
          3517056,
          3521792,
          3501632,
          3525856,
          3504416,
          3524864,
          3522176,
          3511136,
          3514112,
          3511616,
          3511776,
          3509408,
          3523456,
          3523296,
          3511648,
          3519072,
          3516000,
          3517728,
          3507552,
          3518656,
          3515616,
          3530304
        ],
        "applicable": true
      },
      {
        "kernel": "onpair_shmem_8tpt",
        "decode_ms": 0.985568,
        "decode_gib_s": 933.5584119676527,
        "decode_ns_iters": [
          988288,
          987808,
          988320,
          988672,
          988544,
          988256,
          988416,
          987936,
          996928,
          985568,
          987136,
          988192,
          987072,
          987424,
          993056,
          987712,
          988096,
          989312,
          986176,
          986848,
          988096,
          987296,
          987136,
          1000800,
          986848,
          1002080,
          987520,
          994112,
          988448,
          1010144
        ],
        "applicable": true
      },
      {
        "kernel": "onpair_shmem_8tpt_b128",
        "decode_ms": 0.961952,
        "decode_gib_s": 956.4773470673541,
        "decode_ns_iters": [
          963520,
          961952,
          963072,
          964544,
          964416,
          964320,
          964480,
          962688,
          965376,
          964320,
          965696,
          965376,
          970496,
          964768,
          964544,
          964256,
          963808,
          964416,
          962240,
          962656,
          965088,
          964544,
          965216,
          963328,
          962976,
          963648,
          965440,
          965440,
          967904,
          965472
        ],
        "applicable": true
      },
      {
        "kernel": "onpair_shmem_4tpt_vwidth",
        "decode_ms": 2.553216,
        "decode_gib_s": 360.36328182423085,
        "decode_ns_iters": [
          2556800,
          2556640,
          2555328,
          2563040,
          2557728,
          2556320,
          2555104,
          2579424,
          2557280,
          2568256,
          2556480,
          2555424,
          2564032,
          2556448,
          2554560,
          2557664,
          2555328,
          2559072,
          2556192,
          2557152,
          2557568,
          2554496,
          2556288,
          2570464,
          2553216,
          2555456,
          2554144,
          2556864,
          2557376,
          2557440
        ],
        "applicable": true
      },
      {
        "kernel": "onpair_shmem_4tpt_vwidth_b128",
        "decode_ms": 2.938176,
        "decode_gib_s": 313.14846250399415,
        "decode_ns_iters": [
          2939424,
          2939168,
          2940416,
          2938176,
          2943680,
          2940896,
          2942176,
          2942464,
          2939840,
          2940960,
          2939968,
          2939328,
          2940544,
          2948768,
          2946720,
          2940608,
          2942560,
          2940736,
          2952352,
          2940256,
          2939392,
          2941504,
          2951264,
          2940288,
          2939744,
          2940704,
          2940672,
          2940352,
          2940864,
          2955424
        ],
        "applicable": true
      },
      {
        "kernel": "onpair_shmem_4tpt_vwidth4",
        "decode_ms": 1.273728,
        "decode_gib_s": 722.356183554209,
        "decode_ns_iters": [
          1276544,
          1276480,
          1289024,
          1275616,
          1277184,
          1276832,
          1275520,
          1277696,
          1274816,
          1277216,
          1276352,
          1276864,
          1276320,
          1276096,
          1276320,
          1290336,
          1277376,
          1277696,
          1276736,
          1282848,
          1276032,
          1278080,
          1295488,
          1279520,
          1276576,
          1277088,
          1275808,
          1276864,
          1273728,
          1276832
        ],
        "applicable": true
      },
      {
        "kernel": "onpair_shmem_4tpt_vwidth4_b128",
        "decode_ms": 1.15424,
        "decode_gib_s": 797.1351685664467,
        "decode_ns_iters": [
          1155488,
          1156576,
          1155904,
          1155008,
          1157088,
          1154336,
          1156704,
          1162560,
          1180192,
          1156192,
          1156448,
          1157056,
          1169088,
          1178368,
          1156224,
          1163264,
          1157920,
          1163584,
          1154240,
          1157024,
          1157664,
          1154688,
          1157088,
          1163456,
          1166912,
          1154464,
          1156256,
          1157056,
          1157088,
          1157248
        ],
        "applicable": true
      },
      {
        "kernel": "onpair_shmem_4tpt_shdict8",
        "decode_ms": 0.0,
        "decode_gib_s": 0.0,
        "applicable": false,
        "reason": "dict_s8 + staging needs 605552 B shared, over 229376 B cap"
      },
      {
        "kernel": "onpair_shmem_4tpt_ablate",
        "decode_ms": 0.940384,
        "decode_gib_s": 978.4144529959416,
        "decode_ns_iters": [
          941760,
          943200,
          940384,
          941856,
          957024,
          941376,
          943616,
          941792,
          953408,
          941632,
          941216,
          942528,
          941920,
          942496,
          942464,
          956352,
          942944,
          941312,
          941728,
          941120,
          945248,
          941824,
          941920,
          941312,
          941504,
          942208,
          941408,
          942496,
          942112,
          942400
        ],
        "applicable": true
      },
      {
        "kernel": "onpair_shmem_4tpt_ablate_nogather",
        "decode_ms": 0.650688,
        "decode_gib_s": 1414.019156594459,
        "decode_ns_iters": [
          652224,
          656032,
          665632,
          656160,
          651872,
          650944,
          651968,
          651872,
          652224,
          652128,
          650688,
          651488,
          651424,
          655136,
          657888,
          651712,
          650816,
          651328,
          651712,
          651584,
          652960,
          651968,
          651968,
          659168,
          651040,
          651680,
          651008,
          652128,
          651424,
          653440
        ],
        "applicable": true
      },
      {
        "kernel": "onpair_shmem_4tpt_ablate_noemit",
        "decode_ms": 0.262752,
        "decode_gib_s": 3501.7251894034507,
        "decode_ns_iters": [
          297120,
          288960,
          291520,
          294720,
          311808,
          290784,
          290848,
          297632,
          262752,
          262752,
          295040,
          267296,
          311360,
          293280,
          297472,
          299456,
          296960,
          289984,
          292000,
          291168,
          290368,
          289792,
          312864,
          288512,
          291296,
          290688,
          292736,
          291264,
          290656,
          289408
        ],
        "applicable": true
      },
      {
        "kernel": "onpair_shmem_4tpt_ablate_nodrain",
        "decode_ms": 0.848608,
        "decode_gib_s": 1084.2288747762636,
        "decode_ns_iters": [
          2918015480,
          2926772594,
          2934766531,
          2901216745,
          2929487705,
          2928569794,
          2929903507,
          2906238794,
          2934145212,
          2925457716,
          2916090012,
          2934315920,
          2922231913,
          2929608345,
          891424,
          848608,
          871584,
          850432,
          872224,
          849824,
          850048,
          851072,
          850656,
          849472,
          853568,
          850560,
          849632,
          850784,
          851776,
          852320
        ],
        "applicable": true
      },
      {
        "kernel": "onpair_shmem_4tpt_ablate_noscan",
        "decode_ms": 0.644064,
        "decode_gib_s": 1428.561908391302,
        "decode_ns_iters": [
          644064,
          645824,
          644064,
          647488,
          661856,
          650208,
          650336,
          649696,
          649376,
          651200,
          649472,
          653184,
          650080,
          651488,
          649792,
          649792,
          649024,
          647520,
          647968,
          648928,
          651392,
          651904,
          660896,
          661472,
          648832,
          649216,
          650016,
          651424,
          650912,
          649952
        ],
        "applicable": true
      },
      {
        "kernel": "onpair_shmem_4tpt_ablate_cfree",
        "decode_ms": 0.77472,
        "decode_gib_s": 1187.6359161582707,
        "decode_ns_iters": [
          787008,
          777824,
          778528,
          774880,
          777664,
          776000,
          779424,
          799296,
          777280,
          779840,
          778656,
          778304,
          776384,
          792128,
          785472,
          777792,
          776896,
          774720,
          777600,
          777248,
          777632,
          775776,
          776224,
          775552,
          777856,
          783552,
          777280,
          776576,
          777600,
          778112
        ],
        "applicable": true
      },
      {
        "kernel": "onpair_shmem_s8",
        "decode_ms": 0.0,
        "decode_gib_s": 0.0,
        "applicable": false,
        "reason": "dictionary entry longer than 8 bytes"
      },
      {
        "kernel": "onpair_shmem_s8_2tpt",
        "decode_ms": 0.0,
        "decode_gib_s": 0.0,
        "applicable": false,
        "reason": "dictionary entry longer than 8 bytes"
      },
      {
        "kernel": "onpair_shmem_s8_4tpt",
        "decode_ms": 0.0,
        "decode_gib_s": 0.0,
        "applicable": false,
        "reason": "dictionary entry longer than 8 bytes"
      },
      {
        "kernel": "onpair_shmem_s8_8tpt",
        "decode_ms": 0.0,
        "decode_gib_s": 0.0,
        "applicable": false,
        "reason": "dictionary entry longer than 8 bytes"
      },
      {
        "kernel": "onpair_shmem_s4l1",
        "decode_ms": 0.0,
        "decode_gib_s": 0.0,
        "applicable": false,
        "reason": "dictionary entry longer than 4 bytes"
      },
      {
        "kernel": "onpair_shmem_s4l1_2tpt",
        "decode_ms": 0.0,
        "decode_gib_s": 0.0,
        "applicable": false,
        "reason": "dictionary entry longer than 4 bytes"
      },
      {
        "kernel": "onpair_shmem_s4l1_4tpt",
        "decode_ms": 0.0,
        "decode_gib_s": 0.0,
        "applicable": false,
        "reason": "dictionary entry longer than 4 bytes"
      },
      {
        "kernel": "onpair_shmem_s4l1_8tpt",
        "decode_ms": 0.0,
        "decode_gib_s": 0.0,
        "applicable": false,
        "reason": "dictionary entry longer than 4 bytes"
      },
      {
        "kernel": "onpair_shmem_s4l1_16tpt",
        "decode_ms": 0.0,
        "decode_gib_s": 0.0,
        "applicable": false,
        "reason": "dictionary entry longer than 4 bytes"
      },
      {
        "kernel": "onpair_shmem_s4l1_32tpt",
        "decode_ms": 0.0,
        "decode_gib_s": 0.0,
        "applicable": false,
        "reason": "dictionary entry longer than 4 bytes"
      },
      {
        "kernel": "onpair_shmem_const1",
        "decode_ms": 0.0,
        "decode_gib_s": 0.0,
        "applicable": false,
        "reason": "not every dictionary entry is exactly 1 byte"
      },
      {
        "kernel": "onpair_shmem_const2",
        "decode_ms": 0.0,
        "decode_gib_s": 0.0,
        "applicable": false,
        "reason": "not every dictionary entry is exactly 2 bytes"
      }
    ]
  }
}
==PROF== Disconnected from process 17965
==PROF== Report: /home/ubuntu/work/ncu_tpch-sf10_ps_comment_b16_onpair_shmem_4tpt_ablate_nodrain.ncu-rep
