==PROF== Connected to process 16943 (/home/ubuntu/work/target/release/onpair-chunk-bench)
2026-07-07T01:20:47.659402Z  INFO vortex_cuda: vortex-cuda/src/lib.rs:111: Registering CUDA kernels
==WARNING== Unable to access the following 6 metrics: ctc__rx_bytes_data_user.sum, ctc__rx_bytes_data_user.sum.pct_of_peak_sustained_elapsed, ctc__rx_bytes_data_user.sum.per_second, ctc__tx_bytes_data_user.sum, ctc__tx_bytes_data_user.sum.pct_of_peak_sustained_elapsed, ctc__tx_bytes_data_user.sum.per_second.


==PROF== Profiling "onpair_shmem_4tpt_ablate_nodrain": 0%....50%....100% - 40 passes
==PROF== Profiling "onpair_shmem_4tpt_ablate_nodrain": 0%....50%....100% - 40 passes
==PROF== Profiling "onpair_shmem_4tpt_ablate_nodrain": 0%....50%....100% - 40 passes
==PROF== Profiling "onpair_shmem_4tpt_ablate_nodrain": 0%....50%....100% - 40 passes
==PROF== Profiling "onpair_shmem_4tpt_ablate_nodrain": 0%....50%....100% - 40 passes
==PROF== Profiling "onpair_shmem_4tpt_ablate_nodrain": 0%....50%....100% - 40 passes
==PROF== Profiling "onpair_shmem_4tpt_ablate_nodrain": 0%....50%....100% - 40 passes
==PROF== Profiling "onpair_shmem_4tpt_ablate_nodrain": 0%....50%....100% - 40 passes
==PROF== Profiling "onpair_shmem_4tpt_ablate_nodrain": 0%....50%....100% - 40 passes
==PROF== Profiling "onpair_shmem_4tpt_ablate_nodrain": 0%....50%....100% - 40 passes
==PROF== Profiling "onpair_shmem_4tpt_ablate_nodrain": 0%....50%....100% - 40 passes
==PROF== Profiling "onpair_shmem_4tpt_ablate_nodrain": 0%....50%....100% - 40 passes
==PROF== Profiling "onpair_shmem_4tpt_ablate_nodrain": 0%....50%....100% - 40 passes
==PROF== Profiling "onpair_shmem_4tpt_ablate_nodrain": 0%....50%....100% - 40 passes
==PROF== Profiling "onpair_shmem_4tpt_ablate_nodrain": 0%....50%....100% - 40 passes
==PROF== Profiling "onpair_shmem_4tpt_ablate_nodrain": 0%....50%....100% - 40 passes
{
  "files": [
    "/home/ubuntu/work/vortex-bench/data/onpair-bench/clickbench/URL/bits12_chunk1000mb_thr0.20/part_0000.vortex"
  ],
  "column": "URL",
  "rows": 12254692,
  "in_memory_bytes": 345745017,
  "dict_bytes": 21556,
  "gpu": {
    "iterations": 30,
    "decoded_bytes": 999999995,
    "chunks": 1,
    "auto_kernel": "onpair_shmem_4tpt_split8read_b128o12",
    "frac_le8": 0.8119982,
    "dict_mean_len": 4.693313,
    "dict_max_len": 16,
    "dict_entries_max": 4096,
    "small_dict": true,
    "distinct_codes": 4022,
    "access_top4096_frac": 1.0,
    "compressed_bytes": 426163882,
    "h2d_gib_s": 10.596300899172425,
    "whole_decompress_gib_s": 24.11181748395012,
    "best_kernel": "onpair_shmem_4tpt_split8read_b128o12",
    "auto_decode_ms": 1.169056,
    "best_decode_ms": 1.169056,
    "validated": false,
    "auto_decode_gib_s": 796.6449596587893,
    "best_decode_gib_s": 796.6449596587893,
    "kernels": [
      {
        "kernel": "onpair_shmem",
        "decode_ms": 1.708768,
        "decode_gib_s": 545.0257553739687,
        "decode_ns_iters": [
          1746624,
          1710688,
          1710752,
          1721536,
          1721312,
          1710112,
          1709760,
          1709312,
          1709760,
          1709984,
          1722464,
          1727104,
          1711136,
          1710048,
          1711168,
          1709600,
          1709760,
          1709632,
          1709568,
          1708768,
          1711872,
          1709952,
          1725568,
          1709472,
          1714688,
          1724512,
          1712736,
          1724064,
          1722720,
          1710496
        ],
        "applicable": true
      },
      {
        "kernel": "onpair_shmem_2tpt",
        "decode_ms": 1.280384,
        "decode_gib_s": 727.3775445170088,
        "decode_ns_iters": [
          1281792,
          1281536,
          1280704,
          1280896,
          1282208,
          1283040,
          1282080,
          1284992,
          1283008,
          1282656,
          1280384,
          1281440,
          1283328,
          1284288,
          1281312,
          1281792,
          1281984,
          1282752,
          1281056,
          1298720,
          1283136,
          1281984,
          1281664,
          1281792,
          1281984,
          1295584,
          1281888,
          1298080,
          1282304,
          1282976
        ],
        "applicable": true
      },
      {
        "kernel": "onpair_shmem_4tpt",
        "decode_ms": 1.307584,
        "decode_gib_s": 712.2468384125727,
        "decode_ns_iters": [
          1314368,
          1309504,
          1308896,
          1308288,
          1309408,
          1307584,
          1308032,
          1339424,
          1340800,
          1345248,
          1358880,
          1344224,
          1343008,
          1344032,
          1344352,
          1345024,
          1343488,
          1345408,
          1350432,
          1344704,
          1357536,
          1343776,
          1345120,
          1343808,
          1344224,
          1343104,
          1345536,
          1346496,
          1343616,
          1344160
        ],
        "applicable": true
      },
      {
        "kernel": "onpair_shmem_4tpt_wpb8",
        "decode_ms": 1.276352,
        "decode_gib_s": 729.675332477926,
        "decode_ns_iters": [
          1276352,
          1279488,
          1309824,
          1309888,
          1312256,
          1310208,
          1309984,
          1324160,
          1309696,
          1309696,
          1323456,
          1310368,
          1310528,
          1309888,
          1309632,
          1309760,
          1325856,
          1311360,
          1308544,
          1309632,
          1308480,
          1310560,
          1309120,
          1322240,
          1309760,
          1310656,
          1309152,
          1310880,
          1309760,
          1310784
        ],
        "applicable": true
      },
      {
        "kernel": "onpair_shmem_4tpt_wpb8_occ",
        "decode_ms": 1.213888,
        "decode_gib_s": 767.2228162391141,
        "decode_ns_iters": [
          1215232,
          1213888,
          1214144,
          1250400,
          1263904,
          1262848,
          1250880,
          1250880,
          1251072,
          1249472,
          1249952,
          1250944,
          1253728,
          1259008,
          1259488,
          1266752,
          1249632,
          1259296,
          1249568,
          1251360,
          1252544,
          1251104,
          1249696,
          1250080,
          1251136,
          1263328,
          1264832,
          1250208,
          1250624,
          1249696
        ],
        "applicable": true
      },
      {
        "kernel": "onpair_shmem_4tpt_b128",
        "decode_ms": 1.198944,
        "decode_gib_s": 776.7857130598808,
        "decode_ns_iters": [
          1200768,
          1200192,
          1200320,
          1198944,
          1201696,
          1200576,
          1201408,
          1236448,
          1236448,
          1234976,
          1234432,
          1235712,
          1236256,
          1236384,
          1247776,
          1250112,
          1242528,
          1235584,
          1236800,
          1235936,
          1237472,
          1237344,
          1238144,
          1237920,
          1236992,
          1241984,
          1249728,
          1236384,
          1236928,
          1235680
        ],
        "applicable": true
      },
      {
        "kernel": "onpair_shmem_4tpt_o6",
        "decode_ms": 1.191392,
        "decode_gib_s": 781.7096052003585,
        "decode_ns_iters": [
          1192672,
          1192064,
          1191392,
          1226144,
          1228256,
          1226944,
          1226880,
          1226592,
          1240832,
          1228832,
          1229568,
          1241120,
          1225056,
          1228288,
          1228000,
          1227744,
          1244256,
          1227200,
          1231648,
          1229088,
          1228544,
          1227392,
          1240768,
          1226272,
          1227232,
          1228992,
          1230944,
          1229504,
          1228672,
          1227328
        ],
        "applicable": true
      },
      {
        "kernel": "onpair_shmem_4tpt_b512o3",
        "decode_ms": 1.190784,
        "decode_gib_s": 782.1087367304781,
        "decode_ns_iters": [
          1197856,
          1191232,
          1190912,
          1190784,
          1200288,
          1227424,
          1234208,
          1227680,
          1225728,
          1232864,
          1226816,
          1227360,
          1227712,
          1227264,
          1226432,
          1237056,
          1238816,
          1226048,
          1227232,
          1226752,
          1227808,
          1226944,
          1229408,
          1226912,
          1226720,
          1227552,
          1233376,
          1225728,
          1226016,
          1235360
        ],
        "applicable": true
      },
      {
        "kernel": "onpair_shmem_4tpt_b128o12",
        "decode_ms": 1.195872,
        "decode_gib_s": 778.7811487842057,
        "decode_ns_iters": [
          1204032,
          1197152,
          1195872,
          1230624,
          1232416,
          1244512,
          1233024,
          1230816,
          1232288,
          1231872,
          1239712,
          1247456,
          1232064,
          1232320,
          1231040,
          1243040,
          1230976,
          1232320,
          1231072,
          1230592,
          1232384,
          1232000,
          1232384,
          1231264,
          1230784,
          1244672,
          1232928,
          1231744,
          1231072,
          1244672
        ],
        "applicable": true
      },
      {
        "kernel": "onpair_shmem_4tpt_b64",
        "decode_ms": 1.239168,
        "decode_gib_s": 751.5708684850364,
        "decode_ns_iters": [
          1239168,
          1240928,
          1240512,
          1240608,
          1241984,
          1240416,
          1239552,
          1251648,
          1252768,
          1239328,
          1240960,
          1242112,
          1241024,
          1239840,
          1241024,
          1241824,
          1241504,
          1240160,
          1240224,
          1249088,
          1248096,
          1240800,
          1245696,
          1248704,
          1242080,
          1239552,
          1254080,
          1240288,
          1241440,
          1241408
        ],
        "applicable": true
      },
      {
        "kernel": "onpair_shmem_4tpt_b64o24",
        "decode_ms": 1.23568,
        "decode_gib_s": 753.6923555927633,
        "decode_ns_iters": [
          1243872,
          1237664,
          1238176,
          1250496,
          1239520,
          1237088,
          1237376,
          1249568,
          1243968,
          1238560,
          1237696,
          1237888,
          1242944,
          1249984,
          1251008,
          1237536,
          1236800,
          1237120,
          1237184,
          1236928,
          1238112,
          1237728,
          1248320,
          1235680,
          1237984,
          1237952,
          1238464,
          1251840,
          1236960,
          1238368
        ],
        "applicable": true
      },
      {
        "kernel": "onpair_shmem_4tpt_split8read_b128o12",
        "decode_ms": 1.169056,
        "decode_gib_s": 796.6449596587893,
        "decode_ns_iters": [
          1170080,
          1171168,
          1171520,
          1172032,
          1171072,
          1170944,
          1170816,
          1171328,
          1170880,
          1172352,
          1183168,
          1171680,
          1171712,
          1171776,
          1172960,
          1170208,
          1173696,
          1181824,
          1188096,
          1173248,
          1171584,
          1187904,
          1187200,
          1171360,
          1169056,
          1178848,
          1185344,
          1185440,
          1169312,
          1171232
        ],
        "applicable": true
      },
      {
        "kernel": "onpair_shmem_4tpt_split8read_occ",
        "decode_ms": 1.238656,
        "decode_gib_s": 751.8815312393964,
        "decode_ns_iters": [
          1238656,
          1243936,
          1242144,
          1273760,
          1276128,
          1274624,
          1276000,
          1285792,
          1275392,
          1273408,
          1273888,
          1274336,
          1273856,
          1274560,
          1274080,
          1274048,
          1273184,
          1275232,
          1285408,
          1272448,
          1273760,
          1273472,
          1274304,
          1274240,
          1272768,
          1273632,
          1274496,
          1272672,
          1275136,
          1273856
        ],
        "applicable": true
      },
      {
        "kernel": "onpair_shmem_4tpt_split8",
        "decode_ms": 1.420672,
        "decode_gib_s": 655.550732300535,
        "decode_ns_iters": [
          1421152,
          1420672,
          1456288,
          1457536,
          1459104,
          1458784,
          1457952,
          1457312,
          1465536,
          1456608,
          1460672,
          1478208,
          1474816,
          1466464,
          1459296,
          1457952,
          1472128,
          1457056,
          1457504,
          1455936,
          1461536,
          1458304,
          1457632,
          1455840,
          1457792,
          1457152,
          1458400,
          1457280,
          1459040,
          1459072
        ],
        "applicable": true
      },
      {
        "kernel": "onpair_shmem_4tpt_split8_wpb8",
        "decode_ms": 1.437472,
        "decode_gib_s": 647.8891901608279,
        "decode_ns_iters": [
          1437472,
          1445344,
          1484256,
          1485888,
          1484800,
          1472000,
          1472192,
          1472000,
          1472608,
          1472544,
          1486560,
          1473792,
          1472352,
          1481184,
          1473760,
          1472288,
          1473088,
          1473120,
          1479840,
          1473792,
          1473568,
          1472768,
          1473728,
          1472064,
          1473632,
          1472608,
          1473600,
          1474112,
          1472896,
          1473472
        ],
        "applicable": true
      },
      {
        "kernel": "onpair_shmem_4tpt_split8_wpb8_occ",
        "decode_ms": 1.375584,
        "decode_gib_s": 677.0379489430421,
        "decode_ns_iters": [
          1383264,
          1375584,
          1431040,
          1411040,
          1411328,
          1413568,
          1426144,
          1424992,
          1411968,
          1411840,
          1411200,
          1412352,
          1414656,
          1424224,
          1412160,
          1412992,
          1412544,
          1412320,
          1413984,
          1411456,
          1411648,
          1411424,
          1411296,
          1424800,
          1414688,
          1412864,
          1415936,
          1412096,
          1413216,
          1413728
        ],
        "applicable": true
      },
      {
        "kernel": "onpair_shmem_4tpt_pdict",
        "decode_ms": 1.606304,
        "decode_gib_s": 579.7922248583491,
        "decode_ns_iters": [
          1609376,
          1606304,
          1610080,
          1609408,
          1630016,
          1642976,
          1642048,
          1641376,
          1649952,
          1640928,
          1648640,
          1646080,
          1641472,
          1653312,
          1644608,
          1651776,
          1642592,
          1645024,
          1638240,
          1641952,
          1638816,
          1652032,
          1639040,
          1634368,
          1634464,
          1644448,
          1637248,
          1651040,
          1642240,
          1639456
        ],
        "applicable": true
      },
      {
        "kernel": "onpair_shmem_4tpt_vdict",
        "decode_ms": 2.368768,
        "decode_gib_s": 393.16749042492364,
        "decode_ns_iters": [
          2368768,
          2406336,
          2407168,
          2405984,
          2409472,
          2414816,
          2406208,
          2410272,
          2407360,
          2407648,
          2404608,
          2407968,
          2409696,
          2413312,
          2408576,
          2407776,
          2410592,
          2405504,
          2414272,
          2407904,
          2418272,
          2410848,
          2419392,
          2407232,
          2409120,
          2405824,
          2418496,
          2420096,
          2418944,
          2419200
        ],
        "applicable": true
      },
      {
        "kernel": "onpair_shmem_4tpt_split8read",
        "decode_ms": 1.326496,
        "decode_gib_s": 702.092256560793,
        "decode_ns_iters": [
          1326496,
          1332000,
          1362496,
          1361984,
          1362624,
          1361856,
          1367328,
          1361856,
          1362336,
          1361856,
          1378816,
          1373664,
          1379968,
          1363168,
          1377056,
          1363488,
          1363904,
          1363712,
          1362400,
          1361760,
          1364032,
          1363360,
          1364000,
          1361408,
          1363904,
          1361888,
          1363904,
          1361504,
          1366112,
          1364416
        ],
        "applicable": true
      },
      {
        "kernel": "onpair_shmem_4tpt_ldcs",
        "decode_ms": 1.303904,
        "decode_gib_s": 714.2570081531045,
        "decode_ns_iters": [
          1309600,
          1303904,
          1306048,
          1336256,
          1337792,
          1340448,
          1340032,
          1341152,
          1339232,
          1341760,
          1339840,
          1339488,
          1354208,
          1340832,
          1342048,
          1339968,
          1341216,
          1341440,
          1340192,
          1353536,
          1341632,
          1341792,
          1356768,
          1341696,
          1341056,
          1339968,
          1339776,
          1340544,
          1341024,
          1340512
        ],
        "applicable": true
      },
      {
        "kernel": "onpair_shmem_4tpt_lenbucket",
        "decode_ms": 0.0,
        "decode_gib_s": 0.0,
        "applicable": false,
        "reason": "length-bucket dict not built (set ONPAIR_DICT_REORDER=lenbucket)"
      },
      {
        "kernel": "onpair_shmem_4tpt_lenbucket_b128",
        "decode_ms": 0.0,
        "decode_gib_s": 0.0,
        "applicable": false,
        "reason": "length-bucket dict not built (set ONPAIR_DICT_REORDER=lenbucket)"
      },
      {
        "kernel": "onpair_shmem_4tpt_regcache",
        "decode_ms": 1.39248,
        "decode_gib_s": 668.8229417721373,
        "decode_ns_iters": [
          1392480,
          1392960,
          1429056,
          1428320,
          1431776,
          1428672,
          1428800,
          1430496,
          1429664,
          1428064,
          1430368,
          1428544,
          1430176,
          1429376,
          1428352,
          1431072,
          1430944,
          1431744,
          1429504,
          1430176,
          1428928,
          1427712,
          1430784,
          1428800,
          1428064,
          1428640,
          1429696,
          1429088,
          1428608,
          1428736
        ],
        "applicable": true
      },
      {
        "kernel": "onpair_shmem_4tpt_split4read",
        "decode_ms": 1.365504,
        "decode_gib_s": 682.035768448035,
        "decode_ns_iters": [
          1365504,
          1370816,
          1399520,
          1401440,
          1405024,
          1402080,
          1402240,
          1401920,
          1401632,
          1400736,
          1401952,
          1401920,
          1402368,
          1400896,
          1400768,
          1401408,
          1401056,
          1401664,
          1401568,
          1402112,
          1414496,
          1415616,
          1401376,
          1401056,
          1414368,
          1401024,
          1401728,
          1422752,
          1416480,
          1400736
        ],
        "applicable": true
      },
      {
        "kernel": "onpair_shmem_4tpt_split4read_b128o12",
        "decode_ms": 1.227168,
        "decode_gib_s": 758.9201885633146,
        "decode_ns_iters": [
          1229056,
          1227168,
          1235072,
          1232608,
          1277024,
          1263136,
          1263072,
          1263072,
          1277664,
          1271488,
          1263616,
          1264128,
          1263200,
          1263712,
          1264928,
          1264928,
          1277088,
          1263552,
          1264320,
          1262976,
          1273632,
          1263488,
          1263264,
          1262976,
          1263872,
          1263264,
          1276032,
          1263232,
          1262912,
          1265248
        ],
        "applicable": true
      },
      {
        "kernel": "onpair_shmem_4tpt_cluster_dsmem",
        "decode_ms": 4.894944,
        "decode_gib_s": 190.26215007952402,
        "decode_ns_iters": [
          4894944,
          4900480,
          4914496,
          4922496,
          4937760,
          4932064,
          4929888,
          4932416,
          4936288,
          4937408,
          4958976,
          4944192,
          4923968,
          4927072,
          4933856,
          4936704,
          4928128,
          4941632,
          4932352,
          4918080,
          4934240,
          4940128,
          4950496,
          4928576,
          4931840,
          4928096,
          4934464,
          4938752,
          4950432,
          4928960
        ],
        "applicable": true
      },
      {
        "kernel": "onpair_shmem_8tpt",
        "decode_ms": 1.208736,
        "decode_gib_s": 770.4929529350211,
        "decode_ns_iters": [
          1208736,
          1210400,
          1208864,
          1219072,
          1246560,
          1245952,
          1246304,
          1244352,
          1244000,
          1258912,
          1245728,
          1244416,
          1246272,
          1253312,
          1244864,
          1248352,
          1256608,
          1246464,
          1244032,
          1245728,
          1246784,
          1252832,
          1266816,
          1257952,
          1244928,
          1245248,
          1244352,
          1244992,
          1245504,
          1258304
        ],
        "applicable": true
      },
      {
        "kernel": "onpair_shmem_8tpt_b128",
        "decode_ms": 1.209184,
        "decode_gib_s": 770.207486998559,
        "decode_ns_iters": [
          1214304,
          1214176,
          1210240,
          1209184,
          1248480,
          1247200,
          1248224,
          1247232,
          1247104,
          1254080,
          1246496,
          1259200,
          1247008,
          1246336,
          1250976,
          1247168,
          1245600,
          1246080,
          1258112,
          1249600,
          1248320,
          1246656,
          1249216,
          1247232,
          1248448,
          1246176,
          1246208,
          1248448,
          1260800,
          1247520
        ],
        "applicable": true
      },
      {
        "kernel": "onpair_shmem_4tpt_vwidth",
        "decode_ms": 3.902816,
        "decode_gib_s": 238.62835705266804,
        "decode_ns_iters": [
          3904064,
          3904224,
          3904384,
          3904192,
          3904128,
          3904064,
          3915008,
          3903232,
          3904320,
          3903872,
          3903360,
          3904096,
          3919200,
          3904928,
          3903904,
          3904064,
          3905344,
          3905856,
          3904128,
          3912160,
          3910784,
          3904160,
          3902816,
          3904032,
          3904960,
          3902944,
          3905184,
          3905632,
          3916480,
          3904224
        ],
        "applicable": true
      },
      {
        "kernel": "onpair_shmem_4tpt_vwidth_b128",
        "decode_ms": 4.799072,
        "decode_gib_s": 194.06305426525498,
        "decode_ns_iters": [
          4812192,
          4799232,
          4805728,
          4815488,
          4801696,
          4800832,
          4809376,
          4799936,
          4823168,
          4809184,
          4801376,
          4801472,
          4800768,
          4816608,
          4802656,
          4800576,
          4799072,
          4800384,
          4799904,
          4800320,
          4809152,
          4801856,
          4800832,
          4803392,
          4800384,
          4801856,
          4800800,
          4801312,
          4799808,
          4802080
        ],
        "applicable": true
      },
      {
        "kernel": "onpair_shmem_4tpt_vwidth4",
        "decode_ms": 1.535296,
        "decode_gib_s": 606.6078267375578,
        "decode_ns_iters": [
          1536448,
          1536352,
          1535296,
          1535520,
          1543168,
          1537408,
          1535808,
          1571424,
          1572832,
          1571328,
          1571584,
          1573088,
          1570944,
          1572064,
          1572928,
          1571968,
          1573760,
          1571488,
          1571904,
          1572864,
          1572672,
          1570912,
          1584064,
          1578336,
          1572576,
          1571104,
          1569760,
          1572608,
          1570368,
          1573152
        ],
        "applicable": true
      },
      {
        "kernel": "onpair_shmem_4tpt_vwidth4_b128",
        "decode_ms": 1.190752,
        "decode_gib_s": 782.1297549438218,
        "decode_ns_iters": [
          1192384,
          1190752,
          1205376,
          1199936,
          1193280,
          1203808,
          1192512,
          1192352,
          1192704,
          1192160,
          1192608,
          1193280,
          1191552,
          1201664,
          1190816,
          1193312,
          1199328,
          1197472,
          1200544,
          1199840,
          1200288,
          1215456,
          1200768,
          1200800,
          1198752,
          1192416,
          1199264,
          1201120,
          1201152,
          1206432
        ],
        "applicable": true
      },
      {
        "kernel": "onpair_shmem_4tpt_shdict8",
        "decode_ms": 2.065312,
        "decode_gib_s": 450.9355341754009,
        "decode_ns_iters": [
          2074464,
          2065312,
          2107424,
          2101824,
          2094656,
          2101248,
          2124736,
          2100992,
          2097664,
          2091200,
          2100928,
          2095104,
          2096576,
          2097120,
          2101696,
          2101856,
          2096992,
          2097312,
          2104704,
          2127744,
          2101472,
          2096288,
          2099456,
          2098048,
          2098432,
          2096736,
          2104640,
          2106336,
          2097408,
          2110272
        ],
        "applicable": true
      },
      {
        "kernel": "onpair_shmem_4tpt_ablate",
        "decode_ms": 1.230592,
        "decode_gib_s": 756.808568525446,
        "decode_ns_iters": [
          1232608,
          1230592,
          1233824,
          1232128,
          1231840,
          1231584,
          1233856,
          1259616,
          1231808,
          1232064,
          1231616,
          1243424,
          1245792,
          1233760,
          1231296,
          1231104,
          1231488,
          1230592,
          1231520,
          1231616,
          1233056,
          1231264,
          1230720,
          1233824,
          1231040,
          1231328,
          1231936,
          1232032,
          1231072,
          1232800
        ],
        "applicable": true
      },
      {
        "kernel": "onpair_shmem_4tpt_ablate_nogather",
        "decode_ms": 0.898272,
        "decode_gib_s": 1036.7934990279844,
        "decode_ns_iters": [
          928416,
          929440,
          951264,
          933376,
          951520,
          934880,
          935808,
          935232,
          936128,
          934496,
          950592,
          932512,
          909184,
          899264,
          906240,
          906848,
          898272,
          938176,
          938912,
          956544,
          950784,
          936416,
          938976,
          937184,
          949920,
          937440,
          937056,
          951520,
          933472,
          907584
        ],
        "applicable": true
      },
      {
        "kernel": "onpair_shmem_4tpt_ablate_noemit",
        "decode_ms": 0.421056,
        "decode_gib_s": 2211.8734086650365,
        "decode_ns_iters": [
          421056,
          428960,
          422240,
          421088,
          424032,
          421568,
          430624,
          422144,
          423776,
          421856,
          459904,
          450624,
          452192,
          451488,
          453920,
          460064,
          458656,
          451872,
          458880,
          430880,
          427392,
          458336,
          472992,
          458624,
          451968,
          464800,
          465248,
          460448,
          459296,
          433056
        ],
        "applicable": true
      },
      {
        "kernel": "onpair_shmem_4tpt_ablate_nodrain",
        "decode_ms": 1.115072,
        "decode_gib_s": 835.2129458536001,
        "decode_ns_iters": [
          3129323244,
          3124960423,
          3146872520,
          3142288685,
          3130096674,
          3150833607,
          3131572247,
          3132342100,
          3133316755,
          3127735853,
          3134637833,
          3127749443,
          3129092216,
          3135144472,
          1135360,
          1115072,
          1116640,
          1126336,
          1115488,
          1128256,
          1115680,
          1117024,
          1121728,
          1116288,
          1137568,
          1125248,
          1123424,
          1123872,
          1136672,
          1123680
        ],
        "applicable": true
      },
      {
        "kernel": "onpair_shmem_4tpt_ablate_noscan",
        "decode_ms": 0.757216,
        "decode_gib_s": 1229.9298614383024,
        "decode_ns_iters": [
          796064,
          794944,
          795840,
          794016,
          811616,
          793600,
          776032,
          757216,
          795072,
          795936,
          794368,
          794432,
          763072,
          786048,
          787136,
          791648,
          804160,
          806976,
          785632,
          786208,
          794432,
          798048,
          799104,
          785568,
          784256,
          797568,
          786080,
          785024,
          786592,
          784896
        ],
        "applicable": true
      },
      {
        "kernel": "onpair_shmem_4tpt_ablate_cfree",
        "decode_ms": 1.14336,
        "decode_gib_s": 814.5488472212302,
        "decode_ns_iters": [
          1153952,
          1152384,
          1157888,
          1146304,
          1153504,
          1153760,
          1152544,
          1146304,
          1146720,
          1145184,
          1145088,
          1166400,
          1143360,
          1145888,
          1158528,
          1145248,
          1147040,
          1144288,
          1145920,
          1143456,
          1145504,
          1146368,
          1144864,
          1144736,
          1146496,
          1145472,
          1145152,
          1146464,
          1143744,
          1145920
        ],
        "applicable": true
      },
      {
        "kernel": "onpair_shmem_s8",
        "decode_ms": 0.0,
        "decode_gib_s": 0.0,
        "applicable": false,
        "reason": "dictionary entry longer than 8 bytes"
      },
      {
        "kernel": "onpair_shmem_s8_2tpt",
        "decode_ms": 0.0,
        "decode_gib_s": 0.0,
        "applicable": false,
        "reason": "dictionary entry longer than 8 bytes"
      },
      {
        "kernel": "onpair_shmem_s8_4tpt",
        "decode_ms": 0.0,
        "decode_gib_s": 0.0,
        "applicable": false,
        "reason": "dictionary entry longer than 8 bytes"
      },
      {
        "kernel": "onpair_shmem_s8_8tpt",
        "decode_ms": 0.0,
        "decode_gib_s": 0.0,
        "applicable": false,
        "reason": "dictionary entry longer than 8 bytes"
      },
      {
        "kernel": "onpair_shmem_s4l1",
        "decode_ms": 0.0,
        "decode_gib_s": 0.0,
        "applicable": false,
        "reason": "dictionary entry longer than 4 bytes"
      },
      {
        "kernel": "onpair_shmem_s4l1_2tpt",
        "decode_ms": 0.0,
        "decode_gib_s": 0.0,
        "applicable": false,
        "reason": "dictionary entry longer than 4 bytes"
      },
      {
        "kernel": "onpair_shmem_s4l1_4tpt",
        "decode_ms": 0.0,
        "decode_gib_s": 0.0,
        "applicable": false,
        "reason": "dictionary entry longer than 4 bytes"
      },
      {
        "kernel": "onpair_shmem_s4l1_8tpt",
        "decode_ms": 0.0,
        "decode_gib_s": 0.0,
        "applicable": false,
        "reason": "dictionary entry longer than 4 bytes"
      },
      {
        "kernel": "onpair_shmem_s4l1_16tpt",
        "decode_ms": 0.0,
        "decode_gib_s": 0.0,
        "applicable": false,
        "reason": "dictionary entry longer than 4 bytes"
      },
      {
        "kernel": "onpair_shmem_s4l1_32tpt",
        "decode_ms": 0.0,
        "decode_gib_s": 0.0,
        "applicable": false,
        "reason": "dictionary entry longer than 4 bytes"
      },
      {
        "kernel": "onpair_shmem_const1",
        "decode_ms": 0.0,
        "decode_gib_s": 0.0,
        "applicable": false,
        "reason": "not every dictionary entry is exactly 1 byte"
      },
      {
        "kernel": "onpair_shmem_const2",
        "decode_ms": 0.0,
        "decode_gib_s": 0.0,
        "applicable": false,
        "reason": "not every dictionary entry is exactly 2 bytes"
      }
    ]
  }
}
==PROF== Disconnected from process 16943
==PROF== Report: /home/ubuntu/work/ncu_clickbench_URL_b12_onpair_shmem_4tpt_ablate_nodrain.ncu-rep
