==PROF== Connected to process 30539 (/home/ubuntu/work/target/release/onpair-chunk-bench)
2026-08-13T03:10:38.300537Z  INFO vortex_cuda: vortex-cuda/src/lib.rs:111: Registering CUDA kernels
==PROF== Profiling "onpair_shmem_4tpt": 0%....50%....100% - 43 passes
==PROF== Profiling "onpair_shmem_4tpt": 0%....50%....100% - 43 passes
==PROF== Profiling "onpair_shmem_4tpt": 0%....50%....100% - 43 passes
==PROF== Profiling "onpair_shmem_4tpt": 0%....50%....100% - 43 passes
==PROF== Profiling "onpair_shmem_4tpt": 0%....50%....100% - 43 passes
==PROF== Profiling "onpair_shmem_4tpt": 0%....50%....100% - 43 passes
==PROF== Profiling "onpair_shmem_4tpt": 0%....50%....100% - 43 passes
==PROF== Profiling "onpair_shmem_4tpt": 0%....50%....100% - 43 passes
==PROF== Profiling "onpair_shmem_4tpt": 0%....50%....100% - 43 passes
==PROF== Profiling "onpair_shmem_4tpt": 0%....50%....100% - 43 passes
==PROF== Profiling "onpair_shmem_4tpt": 0%....50%....100% - 43 passes
==PROF== Profiling "onpair_shmem_4tpt": 0%....50%....100% - 43 passes
==PROF== Profiling "onpair_shmem_4tpt": 0%....50%....100% - 43 passes
==PROF== Profiling "onpair_shmem_4tpt": 0%....50%....100% - 43 passes
==PROF== Profiling "onpair_shmem_4tpt": 0%....50%....100% - 43 passes
==PROF== Profiling "onpair_shmem_4tpt": 0%....50%....100% - 43 passes
{
  "files": [
    "/home/ubuntu/work/vortex-bench/data/onpair-bench/clickbench/MobilePhoneModel/bits12_chunk1000mb_thr0.20/part_0000.vortex"
  ],
  "column": "MobilePhoneModel",
  "rows": 99997497,
  "in_memory_bytes": 32271717,
  "dict_bytes": 2243,
  "gpu": {
    "iterations": 30,
    "decoded_bytes": 23280516,
    "chunks": 1,
    "auto_kernel": "onpair_shmem_4tpt_split8read",
    "frac_le8": 0.99069935,
    "dict_mean_len": 4.183077,
    "dict_max_len": 16,
    "dict_entries_max": 688,
    "small_dict": true,
    "distinct_codes": 212,
    "access_top4096_frac": 1.0,
    "compressed_bytes": 11133757,
    "h2d_gib_s": 19.932292394610595,
    "whole_decompress_gib_s": 36.25448201183817,
    "best_kernel": "onpair_shmem_4tpt_split8read_b128o12",
    "auto_decode_ms": 0.077824,
    "best_decode_ms": 0.0768,
    "validated": false,
    "auto_decode_gib_s": 278.59876258605107,
    "best_decode_gib_s": 282.3134127538651,
    "kernels": [
      {
        "kernel": "onpair_shmem",
        "decode_ms": 0.08928,
        "decode_gib_s": 242.85024753020656,
        "decode_ns_iters": [
          90240,
          94112,
          91008,
          90112,
          90112,
          90208,
          93376,
          90112,
          91136,
          90112,
          90112,
          93184,
          90240,
          90112,
          93216,
          90112,
          94208,
          90144,
          90112,
          90112,
          90144,
          105472,
          91136,
          90112,
          91072,
          89280,
          105472,
          91136,
          90112,
          90208
        ],
        "applicable": true
      },
      {
        "kernel": "onpair_shmem_2tpt",
        "decode_ms": 0.084992,
        "decode_gib_s": 255.102481404095,
        "decode_ns_iters": [
          86016,
          89088,
          85952,
          88960,
          87232,
          86016,
          86016,
          86016,
          89088,
          86944,
          86016,
          86016,
          84992,
          88992,
          86112,
          87040,
          86080,
          86016,
          101440,
          86016,
          86016,
          86016,
          88064,
          92160,
          89088,
          86016,
          86016,
          85088,
          86016,
          89088
        ],
        "applicable": true
      },
      {
        "kernel": "onpair_shmem_4tpt",
        "decode_ms": 0.084992,
        "decode_gib_s": 255.102481404095,
        "decode_ns_iters": [
          1361894369,
          1364012957,
          1368550420,
          1365785599,
          1364104271,
          1375717402,
          1366907954,
          1362340808,
          1365965843,
          1364038467,
          1374820232,
          1366589427,
          1364021182,
          1364444256,
          152576,
          115712,
          104448,
          86016,
          88992,
          85184,
          86016,
          84992,
          84992,
          101376,
          86016,
          85856,
          92160,
          86016,
          102400,
          87040
        ],
        "applicable": true
      },
      {
        "kernel": "onpair_shmem_4tpt_wpb8",
        "decode_ms": 0.084992,
        "decode_gib_s": 255.102481404095,
        "decode_ns_iters": [
          86016,
          85152,
          85952,
          86080,
          92160,
          87040,
          86016,
          84992,
          85984,
          85856,
          88064,
          84992,
          85088,
          89984,
          84992,
          90016,
          86016,
          85856,
          86016,
          86016,
          90080,
          86016,
          84992,
          84992,
          86016,
          99392,
          86016,
          84992,
          86016,
          84992
        ],
        "applicable": true
      },
      {
        "kernel": "onpair_shmem_4tpt_wpb8_occ",
        "decode_ms": 0.083904,
        "decode_gib_s": 258.4104464566271,
        "decode_ns_iters": [
          87040,
          84992,
          87936,
          83968,
          83968,
          83968,
          83968,
          88064,
          83968,
          83936,
          83968,
          84992,
          88064,
          83968,
          83936,
          83968,
          83968,
          98208,
          84992,
          83968,
          84992,
          86144,
          91136,
          87040,
          83968,
          84864,
          83904,
          84992,
          87040,
          84992
        ],
        "applicable": true
      },
      {
        "kernel": "onpair_shmem_4tpt_b128",
        "decode_ms": 0.083072,
        "decode_gib_s": 260.99853259217116,
        "decode_ns_iters": [
          83968,
          83968,
          83072,
          83936,
          98304,
          84992,
          83968,
          84992,
          86016,
          92352,
          84992,
          83968,
          84000,
          86016,
          83968,
          86016,
          83968,
          83072,
          83968,
          83968,
          87040,
          83968,
          83968,
          83968,
          83968,
          87040,
          84960,
          83968,
          92160,
          84928
        ],
        "applicable": true
      },
      {
        "kernel": "onpair_shmem_4tpt_o6",
        "decode_ms": 0.083968,
        "decode_gib_s": 258.2134872748766,
        "decode_ns_iters": [
          84992,
          95232,
          87040,
          84800,
          83968,
          83968,
          83968,
          87040,
          83968,
          84800,
          84896,
          84032,
          87040,
          84032,
          84992,
          88064,
          84000,
          88064,
          84992,
          84160,
          83968,
          84992,
          98304,
          84992,
          84864,
          85120,
          84992,
          96288,
          84992,
          84992
        ],
        "applicable": true
      },
      {
        "kernel": "onpair_shmem_4tpt_b512o3",
        "decode_ms": 0.08496,
        "decode_gib_s": 255.198565201234,
        "decode_ns_iters": [
          85984,
          84992,
          88064,
          85824,
          89088,
          85856,
          84992,
          84992,
          84992,
          102400,
          85920,
          85184,
          85088,
          84992,
          99328,
          85024,
          85088,
          85920,
          84992,
          84960,
          88096,
          84992,
          84992,
          88064,
          85024,
          88064,
          84992,
          85856,
          85056,
          86016
        ],
        "applicable": true
      },
      {
        "kernel": "onpair_shmem_4tpt_b128o12",
        "decode_ms": 0.083872,
        "decode_gib_s": 258.5090387673698,
        "decode_ns_iters": [
          84992,
          99328,
          85984,
          84960,
          86016,
          83968,
          93184,
          87040,
          84992,
          84992,
          87040,
          84992,
          88064,
          84064,
          83968,
          83872,
          84992,
          88064,
          84128,
          84992,
          84992,
          83968,
          87040,
          84064,
          84992,
          83968,
          84992,
          87040,
          83968,
          83968
        ],
        "applicable": true
      },
      {
        "kernel": "onpair_shmem_4tpt_b64",
        "decode_ms": 0.083104,
        "decode_gib_s": 260.8980325796212,
        "decode_ns_iters": [
          84992,
          84992,
          83968,
          83840,
          87040,
          83104,
          84864,
          83968,
          84928,
          88064,
          84896,
          83968,
          83968,
          84896,
          88064,
          83968,
          83968,
          92160,
          83968,
          101376,
          84992,
          83968,
          84960,
          83968,
          97280,
          83968,
          83968,
          83968,
          83968,
          84992
        ],
        "applicable": true
      },
      {
        "kernel": "onpair_shmem_4tpt_b64o24",
        "decode_ms": 0.083968,
        "decode_gib_s": 258.2134872748766,
        "decode_ns_iters": [
          83968,
          88064,
          84832,
          83968,
          93152,
          83968,
          100352,
          83968,
          83968,
          84992,
          83968,
          97280,
          84992,
          84992,
          83968,
          84928,
          83968,
          87040,
          83968,
          85120,
          84992,
          84992,
          87040,
          83968,
          83968,
          87040,
          84992,
          87040,
          83968,
          83968
        ],
        "applicable": true
      },
      {
        "kernel": "onpair_shmem_4tpt_split8read_b128o12",
        "decode_ms": 0.0768,
        "decode_gib_s": 282.3134127538651,
        "decode_ns_iters": [
          77632,
          78976,
          78848,
          94208,
          77824,
          78848,
          76800,
          77824,
          80896,
          77824,
          78848,
          84992,
          77824,
          80864,
          77792,
          76800,
          77824,
          77824,
          80896,
          79712,
          77824,
          76800,
          76800,
          79872,
          77728,
          77856,
          77760,
          77728,
          80896,
          77824
        ],
        "applicable": true
      },
      {
        "kernel": "onpair_shmem_4tpt_split8read_occ",
        "decode_ms": 0.0768,
        "decode_gib_s": 282.3134127538651,
        "decode_ns_iters": [
          77824,
          78848,
          78816,
          77824,
          81920,
          78848,
          77824,
          76960,
          76800,
          80896,
          77792,
          76800,
          76992,
          77824,
          79872,
          77824,
          77824,
          80896,
          77824,
          79872,
          78848,
          77824,
          76864,
          76800,
          80896,
          77824,
          76800,
          76800,
          90112,
          79872
        ],
        "applicable": true
      },
      {
        "kernel": "onpair_shmem_4tpt_split8",
        "decode_ms": 0.077824,
        "decode_gib_s": 278.59876258605107,
        "decode_ns_iters": [
          82944,
          78848,
          78944,
          80896,
          78848,
          81920,
          79872,
          78784,
          78752,
          78848,
          95232,
          78848,
          79712,
          79872,
          78848,
          92064,
          79008,
          78848,
          79712,
          77824,
          78688,
          81792,
          78848,
          78848,
          81920,
          78944,
          92032,
          78848,
          78016,
          77824
        ],
        "applicable": true
      },
      {
        "kernel": "onpair_shmem_4tpt_split8_wpb8",
        "decode_ms": 0.079872,
        "decode_gib_s": 271.4552045710242,
        "decode_ns_iters": [
          80896,
          80032,
          95232,
          80768,
          80896,
          80896,
          81920,
          93184,
          82944,
          80896,
          80896,
          83968,
          79872,
          82944,
          80896,
          80896,
          80896,
          80704,
          83968,
          80736,
          80896,
          80992,
          80896,
          82944,
          80896,
          80768,
          80896,
          80896,
          98240,
          79872
        ],
        "applicable": true
      },
      {
        "kernel": "onpair_shmem_4tpt_split8_wpb8_occ",
        "decode_ms": 0.0768,
        "decode_gib_s": 282.3134127538651,
        "decode_ns_iters": [
          78848,
          78656,
          77824,
          78688,
          77824,
          79936,
          78688,
          76800,
          77824,
          77824,
          80896,
          77824,
          78688,
          78656,
          77856,
          80032,
          77824,
          78848,
          86976,
          77824,
          92160,
          77824,
          77824,
          77824,
          77824,
          91136,
          80896,
          78848,
          78848,
          77824
        ],
        "applicable": true
      },
      {
        "kernel": "onpair_shmem_4tpt_pdict",
        "decode_ms": 0.088256,
        "decode_gib_s": 245.6679443833489,
        "decode_ns_iters": [
          89088,
          88256,
          93056,
          89088,
          89152,
          91136,
          89088,
          92064,
          90112,
          88992,
          89088,
          88256,
          92160,
          90112,
          89088,
          89088,
          89088,
          106464,
          89088,
          89088,
          90048,
          89088,
          103424,
          89952,
          88992,
          89088,
          91136,
          104448,
          90112,
          89088
        ],
        "applicable": true
      },
      {
        "kernel": "onpair_shmem_4tpt_vdict",
        "decode_ms": 0.08192,
        "decode_gib_s": 264.66882445674855,
        "decode_ns_iters": [
          83072,
          82784,
          82944,
          82944,
          86016,
          82944,
          82976,
          81920,
          82976,
          86912,
          82944,
          81920,
          94208,
          82944,
          86016,
          82944,
          82944,
          82944,
          84992,
          86016,
          82944,
          82944,
          82944,
          82880,
          100352,
          82944,
          82016,
          81920,
          82944,
          97280
        ],
        "applicable": true
      },
      {
        "kernel": "onpair_shmem_4tpt_split8read",
        "decode_ms": 0.077824,
        "decode_gib_s": 278.59876258605107,
        "decode_ns_iters": [
          91168,
          80896,
          78816,
          77824,
          79872,
          95232,
          78848,
          77824,
          78848,
          77824,
          94208,
          78848,
          78688,
          78848,
          77824,
          93184,
          79872,
          78688,
          88064,
          79872,
          94208,
          78848,
          78848,
          77824,
          77888,
          81920,
          77824,
          77824,
          77824,
          78848
        ],
        "applicable": true
      },
      {
        "kernel": "onpair_shmem_4tpt_ldcs",
        "decode_ms": 0.084992,
        "decode_gib_s": 255.102481404095,
        "decode_ns_iters": [
          86016,
          93184,
          88064,
          86016,
          86016,
          88064,
          87040,
          88992,
          86016,
          85184,
          84992,
          86016,
          89056,
          86016,
          86016,
          84992,
          85184,
          88224,
          84992,
          84992,
          87040,
          86016,
          103424,
          85920,
          86016,
          93184,
          86016,
          101376,
          87040,
          85856
        ],
        "applicable": true
      },
      {
        "kernel": "onpair_shmem_4tpt_lenbucket",
        "decode_ms": 0.0,
        "decode_gib_s": 0.0,
        "applicable": false,
        "reason": "length-bucket dict not built (set ONPAIR_DICT_REORDER=lenbucket)"
      },
      {
        "kernel": "onpair_shmem_4tpt_lenbucket_b128",
        "decode_ms": 0.0,
        "decode_gib_s": 0.0,
        "applicable": false,
        "reason": "length-bucket dict not built (set ONPAIR_DICT_REORDER=lenbucket)"
      },
      {
        "kernel": "onpair_shmem_4tpt_regcache",
        "decode_ms": 0.090112,
        "decode_gib_s": 240.60802223340778,
        "decode_ns_iters": [
          91136,
          91136,
          92160,
          91136,
          94144,
          90112,
          90240,
          90112,
          91136,
          94208,
          91136,
          90112,
          98432,
          90112,
          108416,
          90112,
          91136,
          91136,
          90112,
          103424,
          91136,
          90144,
          91136,
          91136,
          91136,
          94208,
          90176,
          91136,
          91136,
          90144
        ],
        "applicable": true
      },
      {
        "kernel": "onpair_shmem_4tpt_split4read",
        "decode_ms": 0.077824,
        "decode_gib_s": 278.59876258605107,
        "decode_ns_iters": [
          79872,
          81920,
          79712,
          78848,
          79008,
          78944,
          81920,
          77824,
          78880,
          79872,
          78848,
          88064,
          79872,
          78944,
          78816,
          78848,
          81888,
          78848,
          77824,
          80896,
          93184,
          81920,
          78848,
          78848,
          78848,
          92160,
          79872,
          77824,
          78848,
          77824
        ],
        "applicable": true
      },
      {
        "kernel": "onpair_shmem_4tpt_split4read_b128o12",
        "decode_ms": 0.077824,
        "decode_gib_s": 278.59876258605107,
        "decode_ns_iters": [
          77824,
          78848,
          81920,
          78848,
          78848,
          81888,
          93376,
          77984,
          78848,
          78848,
          78848,
          94048,
          77824,
          77824,
          77824,
          77824,
          94176,
          78848,
          77824,
          77984,
          77824,
          95104,
          78848,
          78784,
          84832,
          77824,
          93184,
          79840,
          78752,
          78848
        ],
        "applicable": true
      },
      {
        "kernel": "onpair_shmem_4tpt_cluster_dsmem",
        "decode_ms": 0.0,
        "decode_gib_s": 0.0,
        "applicable": false,
        "reason": "thread-block clusters require sm_90+ (device cc 8.x)"
      },
      {
        "kernel": "onpair_shmem_8tpt",
        "decode_ms": 0.083104,
        "decode_gib_s": 260.8980325796212,
        "decode_ns_iters": [
          83968,
          84096,
          100352,
          84096,
          83968,
          86016,
          83968,
          97280,
          84064,
          83968,
          83968,
          86944,
          84992,
          87040,
          83968,
          83968,
          83968,
          83968,
          87040,
          83968,
          83968,
          84064,
          84960,
          87040,
          83968,
          83968,
          83968,
          83104,
          88064,
          84992
        ],
        "applicable": true
      },
      {
        "kernel": "onpair_shmem_8tpt_b128",
        "decode_ms": 0.082944,
        "decode_gib_s": 261.4013081054307,
        "decode_ns_iters": [
          84992,
          83968,
          82944,
          82944,
          101184,
          84800,
          83968,
          83968,
          83968,
          96256,
          83968,
          83104,
          83968,
          83968,
          83968,
          87040,
          83968,
          83968,
          87040,
          83968,
          87040,
          83968,
          82944,
          83968,
          83968,
          87040,
          83968,
          83968,
          82944,
          82944
        ],
        "applicable": true
      },
      {
        "kernel": "onpair_shmem_4tpt_vwidth",
        "decode_ms": 0.134144,
        "decode_gib_s": 161.6298164621365,
        "decode_ns_iters": [
          137216,
          134144,
          135168,
          140288,
          136192,
          135168,
          134144,
          135168,
          136000,
          136192,
          135168,
          136192,
          134144,
          147456,
          134240,
          135168,
          136096,
          134144,
          134144,
          135168,
          142336,
          136192,
          136128,
          135168,
          135104,
          135168,
          135168,
          134144,
          136192,
          135168
        ],
        "applicable": true
      },
      {
        "kernel": "onpair_shmem_4tpt_vwidth_b128",
        "decode_ms": 0.236544,
        "decode_gib_s": 91.66019894606009,
        "decode_ns_iters": [
          238592,
          239616,
          239616,
          240640,
          239616,
          253792,
          238592,
          237568,
          236544,
          238592,
          238592,
          239488,
          239616,
          238592,
          237568,
          238592,
          238592,
          238592,
          238592,
          238592,
          239584,
          239616,
          238592,
          237760,
          238656,
          238592,
          238592,
          237568,
          238592,
          238592
        ],
        "applicable": true
      },
      {
        "kernel": "onpair_shmem_4tpt_vwidth4",
        "decode_ms": 0.088192,
        "decode_gib_s": 245.84622300771997,
        "decode_ns_iters": [
          89088,
          92320,
          92160,
          89088,
          90112,
          92160,
          89088,
          92096,
          90112,
          89088,
          89088,
          89088,
          92160,
          90016,
          89088,
          89056,
          90112,
          92160,
          90112,
          89088,
          88192,
          89088,
          103424,
          89984,
          90080,
          89088,
          89088,
          101376,
          89952,
          89056
        ],
        "applicable": true
      },
      {
        "kernel": "onpair_shmem_4tpt_vwidth4_b128",
        "decode_ms": 0.086016,
        "decode_gib_s": 252.0655471016653,
        "decode_ns_iters": [
          87040,
          86880,
          87040,
          86976,
          90112,
          87040,
          86016,
          86880,
          87008,
          91136,
          86880,
          87040,
          94208,
          87040,
          105312,
          87040,
          87040,
          86912,
          86912,
          94208,
          90112,
          86016,
          87040,
          86848,
          88096,
          90112,
          86016,
          86976,
          87040,
          87040
        ],
        "applicable": true
      },
      {
        "kernel": "onpair_shmem_4tpt_shdict8",
        "decode_ms": 0.091136,
        "decode_gib_s": 237.90456130943693,
        "decode_ns_iters": [
          92160,
          95232,
          92032,
          91136,
          93056,
          92160,
          94400,
          91136,
          92096,
          92032,
          105472,
          92160,
          91136,
          92160,
          92160,
          105568,
          93184,
          92160,
          102208,
          91136,
          102400,
          92160,
          92160,
          93184,
          92160,
          95232,
          91136,
          92128,
          91136,
          92160
        ],
        "applicable": true
      },
      {
        "kernel": "onpair_shmem_4tpt_ablate",
        "decode_ms": 0.07984,
        "decode_gib_s": 271.56400425221494,
        "decode_ns_iters": [
          82944,
          86976,
          83968,
          83968,
          93184,
          84992,
          101536,
          84928,
          84032,
          83968,
          84992,
          98144,
          83936,
          83968,
          83968,
          83968,
          83968,
          87040,
          84832,
          83968,
          83968,
          83936,
          87904,
          104320,
          84928,
          88000,
          83968,
          82944,
          79840,
          88096
        ],
        "applicable": true
      },
      {
        "kernel": "onpair_shmem_4tpt_ablate_nogather",
        "decode_ms": 0.08192,
        "decode_gib_s": 264.66882445674855,
        "decode_ns_iters": [
          82912,
          82848,
          82944,
          97152,
          82944,
          81920,
          82944,
          83872,
          96256,
          82944,
          82944,
          82112,
          83968,
          93280,
          84992,
          81920,
          83072,
          82848,
          82848,
          84992,
          82944,
          82944,
          82944,
          82944,
          84992,
          81952,
          81920,
          81920,
          82848,
          84992
        ],
        "applicable": true
      },
      {
        "kernel": "onpair_shmem_4tpt_ablate_noemit",
        "decode_ms": 0.075808,
        "decode_gib_s": 286.0076786024805,
        "decode_ns_iters": [
          76800,
          82080,
          77824,
          78720,
          76800,
          77824,
          86016,
          76800,
          77824,
          77824,
          76800,
          80896,
          81088,
          76800,
          76864,
          78688,
          91008,
          79872,
          77824,
          87040,
          77824,
          95232,
          78944,
          76800,
          77824,
          76928,
          76800,
          80896,
          75808,
          77824
        ],
        "applicable": true
      },
      {
        "kernel": "onpair_shmem_4tpt_ablate_nodrain",
        "decode_ms": 0.08192,
        "decode_gib_s": 264.66882445674855,
        "decode_ns_iters": [
          82016,
          81984,
          82944,
          96256,
          81920,
          81920,
          81920,
          84992,
          93184,
          82944,
          81920,
          81920,
          85824,
          82944,
          84992,
          81920,
          81920,
          81952,
          81920,
          84992,
          82944,
          81920,
          81920,
          81920,
          85984,
          82912,
          82080,
          90112,
          82944,
          84992
        ],
        "applicable": true
      },
      {
        "kernel": "onpair_shmem_4tpt_ablate_noscan",
        "decode_ms": 0.075936,
        "decode_gib_s": 285.52557547799256,
        "decode_ns_iters": [
          77824,
          80992,
          77824,
          78752,
          77824,
          76800,
          81920,
          78848,
          77664,
          77696,
          79872,
          93184,
          75936,
          76800,
          86016,
          76800,
          91136,
          76800,
          77824,
          76800,
          78848,
          77824,
          79872,
          77696,
          76800,
          76832,
          77824,
          81920,
          76800,
          76960
        ],
        "applicable": true
      },
      {
        "kernel": "onpair_shmem_4tpt_ablate_cfree",
        "decode_ms": 0.082944,
        "decode_gib_s": 261.4013081054307,
        "decode_ns_iters": [
          83968,
          86016,
          87040,
          96256,
          84992,
          84992,
          83968,
          83968,
          83968,
          87040,
          83008,
          83968,
          84832,
          83968,
          87040,
          83968,
          83968,
          83968,
          82944,
          87040,
          83968,
          83968,
          92160,
          83968,
          102432,
          83968,
          83968,
          83968,
          83968,
          98272
        ],
        "applicable": true
      },
      {
        "kernel": "onpair_shmem_s8",
        "decode_ms": 0.0,
        "decode_gib_s": 0.0,
        "applicable": false,
        "reason": "dictionary entry longer than 8 bytes"
      },
      {
        "kernel": "onpair_shmem_s8_2tpt",
        "decode_ms": 0.0,
        "decode_gib_s": 0.0,
        "applicable": false,
        "reason": "dictionary entry longer than 8 bytes"
      },
      {
        "kernel": "onpair_shmem_s8_4tpt",
        "decode_ms": 0.0,
        "decode_gib_s": 0.0,
        "applicable": false,
        "reason": "dictionary entry longer than 8 bytes"
      },
      {
        "kernel": "onpair_shmem_s8_8tpt",
        "decode_ms": 0.0,
        "decode_gib_s": 0.0,
        "applicable": false,
        "reason": "dictionary entry longer than 8 bytes"
      },
      {
        "kernel": "onpair_shmem_s4l1",
        "decode_ms": 0.0,
        "decode_gib_s": 0.0,
        "applicable": false,
        "reason": "dictionary entry longer than 4 bytes"
      },
      {
        "kernel": "onpair_shmem_s4l1_2tpt",
        "decode_ms": 0.0,
        "decode_gib_s": 0.0,
        "applicable": false,
        "reason": "dictionary entry longer than 4 bytes"
      },
      {
        "kernel": "onpair_shmem_s4l1_4tpt",
        "decode_ms": 0.0,
        "decode_gib_s": 0.0,
        "applicable": false,
        "reason": "dictionary entry longer than 4 bytes"
      },
      {
        "kernel": "onpair_shmem_s4l1_8tpt",
        "decode_ms": 0.0,
        "decode_gib_s": 0.0,
        "applicable": false,
        "reason": "dictionary entry longer than 4 bytes"
      },
      {
        "kernel": "onpair_shmem_s4l1_16tpt",
        "decode_ms": 0.0,
        "decode_gib_s": 0.0,
        "applicable": false,
        "reason": "dictionary entry longer than 4 bytes"
      },
      {
        "kernel": "onpair_shmem_s4l1_32tpt",
        "decode_ms": 0.0,
        "decode_gib_s": 0.0,
        "applicable": false,
        "reason": "dictionary entry longer than 4 bytes"
      },
      {
        "kernel": "onpair_shmem_const1",
        "decode_ms": 0.0,
        "decode_gib_s": 0.0,
        "applicable": false,
        "reason": "not every dictionary entry is exactly 1 byte"
      },
      {
        "kernel": "onpair_shmem_const2",
        "decode_ms": 0.0,
        "decode_gib_s": 0.0,
        "applicable": false,
        "reason": "not every dictionary entry is exactly 2 bytes"
      }
    ]
  }
}
==PROF== Disconnected from process 30539
==PROF== Report: /home/ubuntu/work/shdict_ncu_clickbench_MobilePhoneModel_b12_onpair_shmem_4tpt.ncu-rep
