==PROF== Connected to process 33107 (/home/ubuntu/work/target/release/onpair-chunk-bench)
2026-08-13T03:12:26.802435Z  INFO vortex_cuda: vortex-cuda/src/lib.rs:111: Registering CUDA kernels
==PROF== Profiling "onpair_shmem_4tpt": 0%....50%....100% - 43 passes
==PROF== Profiling "onpair_shmem_4tpt": 0%....50%....100% - 43 passes
==PROF== Profiling "onpair_shmem_4tpt": 0%....50%....100% - 43 passes
==PROF== Profiling "onpair_shmem_4tpt": 0%....50%....100% - 43 passes
==PROF== Profiling "onpair_shmem_4tpt": 0%....50%....100% - 43 passes
==PROF== Profiling "onpair_shmem_4tpt": 0%....50%....100% - 43 passes
==PROF== Profiling "onpair_shmem_4tpt": 0%....50%....100% - 43 passes
==PROF== Profiling "onpair_shmem_4tpt": 0%....50%....100% - 43 passes
==PROF== Profiling "onpair_shmem_4tpt": 0%....50%....100% - 43 passes
==PROF== Profiling "onpair_shmem_4tpt": 0%....50%....100% - 43 passes
==PROF== Profiling "onpair_shmem_4tpt": 0%....50%....100% - 43 passes
==PROF== Profiling "onpair_shmem_4tpt": 0%....50%....100% - 43 passes
==PROF== Profiling "onpair_shmem_4tpt": 0%....50%....100% - 43 passes
==PROF== Profiling "onpair_shmem_4tpt": 0%....50%....100% - 43 passes
==PROF== Profiling "onpair_shmem_4tpt": 0%....50%....100% - 43 passes
==PROF== Profiling "onpair_shmem_4tpt": 0%....50%....100% - 43 passes
{
  "files": [
    "/home/ubuntu/work/vortex-bench/data/onpair-bench/clickbench/Referer/bits12_chunk1000mb_thr0.20/part_0000.vortex"
  ],
  "column": "Referer",
  "rows": 12527778,
  "in_memory_bytes": 408041210,
  "dict_bytes": 19231,
  "gpu": {
    "iterations": 30,
    "decoded_bytes": 999999983,
    "chunks": 1,
    "auto_kernel": "onpair_shmem_4tpt",
    "frac_le8": 0.87643665,
    "dict_mean_len": 3.9483945,
    "dict_max_len": 16,
    "dict_entries_max": 4096,
    "small_dict": true,
    "distinct_codes": 4020,
    "access_top4096_frac": 1.0,
    "compressed_bytes": 506558337,
    "h2d_gib_s": 20.059667078531753,
    "whole_decompress_gib_s": 34.15161680720829,
    "best_kernel": "onpair_shmem_4tpt_split4read",
    "auto_decode_ms": 3.751936,
    "best_decode_ms": 2.347008,
    "validated": false,
    "auto_decode_gib_s": 248.22453229026155,
    "best_decode_gib_s": 396.81269036279156,
    "kernels": [
      {
        "kernel": "onpair_shmem",
        "decode_ms": 2.812928,
        "decode_gib_s": 331.0865257777643,
        "decode_ns_iters": [
          2816000,
          2816000,
          2814976,
          2814976,
          2813952,
          2813952,
          2814976,
          2815968,
          2817024,
          2816000,
          2817024,
          2817120,
          2825216,
          2812928,
          2822144,
          2821120,
          2832384,
          2854912,
          2851712,
          2852864,
          2852864,
          2852832,
          2859008,
          2862080,
          2878464,
          2861056,
          2863104,
          2866176,
          2862080,
          2871296
        ],
        "applicable": true
      },
      {
        "kernel": "onpair_shmem_2tpt",
        "decode_ms": 2.424832,
        "decode_gib_s": 384.0771479356074,
        "decode_ns_iters": [
          2446304,
          2433024,
          2431840,
          2430976,
          2436096,
          2428896,
          2434976,
          2430976,
          2430976,
          2434048,
          2432000,
          2429792,
          2431840,
          2446336,
          2424832,
          2432000,
          2437184,
          2435040,
          2449408,
          2427904,
          2429984,
          2434048,
          2426880,
          2443200,
          2427904,
          2436096,
          2427904,
          2432000,
          2432000,
          2435072
        ],
        "applicable": true
      },
      {
        "kernel": "onpair_shmem_4tpt",
        "decode_ms": 3.751936,
        "decode_gib_s": 248.22453229026155,
        "decode_ns_iters": [
          2711684942,
          2697341681,
          2715773821,
          2701099157,
          2714857340,
          2709049225,
          2716538906,
          2714945555,
          2700346470,
          2719110012,
          2702220201,
          2718027830,
          2716489792,
          2719055891,
          3775488,
          3752896,
          3785728,
          3753824,
          3757952,
          3756896,
          3771392,
          3770368,
          3756000,
          3753856,
          3751936,
          3753984,
          3751936,
          3753984,
          3751936,
          3753984
        ],
        "applicable": true
      },
      {
        "kernel": "onpair_shmem_4tpt_wpb8",
        "decode_ms": 3.852224,
        "decode_gib_s": 241.76230634121868,
        "decode_ns_iters": [
          3852416,
          3857312,
          3855360,
          3856384,
          3852224,
          3857408,
          3855552,
          3859456,
          3853312,
          3854336,
          3855360,
          3856288,
          3853408,
          3855360,
          3864576,
          3856256,
          3854336,
          3856384,
          3852288,
          3856384,
          3873792,
          3856384,
          3856384,
          3854336,
          3855360,
          3854336,
          3858432,
          3855520,
          3855360,
          3858464
        ],
        "applicable": true
      },
      {
        "kernel": "onpair_shmem_4tpt_wpb8_occ",
        "decode_ms": 4.023264,
        "decode_gib_s": 231.4843268507845,
        "decode_ns_iters": [
          4026368,
          4023296,
          4025504,
          4036608,
          4025376,
          4026368,
          4024320,
          4026368,
          4025344,
          4027392,
          4028416,
          4034560,
          4027392,
          4027392,
          4030304,
          4026368,
          4027392,
          4137984,
          4026368,
          4026368,
          4025440,
          4041760,
          4023264,
          4024320,
          4026368,
          4026368,
          4024288,
          4024320,
          4026368,
          4034432
        ],
        "applicable": true
      },
      {
        "kernel": "onpair_shmem_4tpt_b128",
        "decode_ms": 4.207616,
        "decode_gib_s": 221.34209937004584,
        "decode_ns_iters": [
          4209664,
          4212736,
          4209664,
          4211712,
          4210688,
          4212576,
          4217856,
          4215808,
          4208640,
          4208640,
          4208640,
          4210688,
          4209632,
          4209664,
          4208640,
          4210656,
          4212544,
          4210688,
          4210688,
          4210656,
          4210688,
          4210560,
          4210688,
          4212736,
          4210784,
          4210688,
          4210624,
          4208640,
          4209536,
          4207616
        ],
        "applicable": true
      },
      {
        "kernel": "onpair_shmem_4tpt_o6",
        "decode_ms": 4.184064,
        "decode_gib_s": 222.58802895533975,
        "decode_ns_iters": [
          4185088,
          4185088,
          4185056,
          4190144,
          4190208,
          4185120,
          4187232,
          4185088,
          4187136,
          4187136,
          4187168,
          4184064,
          4204544,
          4188160,
          4195328,
          4186112,
          4186112,
          4187136,
          4185088,
          4185088,
          4203520,
          4185088,
          4184064,
          4187232,
          4185088,
          4187136,
          4186112,
          4186112,
          4206592,
          4188160
        ],
        "applicable": true
      },
      {
        "kernel": "onpair_shmem_4tpt_b512o3",
        "decode_ms": 3.823616,
        "decode_gib_s": 243.57115327035842,
        "decode_ns_iters": [
          3829696,
          3828736,
          3825664,
          3826688,
          3823616,
          3828736,
          3824640,
          3827712,
          3827712,
          3827520,
          3826688,
          3829664,
          3826688,
          3829696,
          3826688,
          3827648,
          3826848,
          3827712,
          3826688,
          3825664,
          3829696,
          3826688,
          3828736,
          3828640,
          3826688,
          3825568,
          3827712,
          3827712,
          3826688,
          3826688
        ],
        "applicable": true
      },
      {
        "kernel": "onpair_shmem_4tpt_b128o12",
        "decode_ms": 4.362112,
        "decode_gib_s": 213.50266998715182,
        "decode_ns_iters": [
          4366336,
          4363264,
          4364288,
          4381696,
          4366336,
          4364288,
          4366176,
          4366336,
          4367360,
          4365312,
          4362112,
          4364288,
          4378816,
          4364288,
          4363264,
          4362112,
          4372480,
          4365280,
          4364288,
          4365312,
          4366336,
          4382848,
          4362240,
          4363200,
          4367200,
          4365312,
          4363264,
          4365312,
          4362240,
          4363264
        ],
        "applicable": true
      },
      {
        "kernel": "onpair_shmem_4tpt_b64",
        "decode_ms": 4.26,
        "decode_gib_s": 218.6203189631443,
        "decode_ns_iters": [
          4263936,
          4263936,
          4261888,
          4262912,
          4263936,
          4264960,
          4263936,
          4265920,
          4264960,
          4265088,
          4281344,
          4263936,
          4263936,
          4265984,
          4263936,
          4262912,
          4263936,
          4260864,
          4260864,
          4265152,
          4260000,
          4281344,
          4265984,
          4264960,
          4265984,
          4265984,
          4264960,
          4264928,
          4263936,
          4263936
        ],
        "applicable": true
      },
      {
        "kernel": "onpair_shmem_4tpt_b64o24",
        "decode_ms": 4.49024,
        "decode_gib_s": 207.4104187711558,
        "decode_ns_iters": [
          4496384,
          4495360,
          4493312,
          4515840,
          4493504,
          4491264,
          4493312,
          4494336,
          4494400,
          4495360,
          4495296,
          4493408,
          4497312,
          4496416,
          4497408,
          4496384,
          4496384,
          4497408,
          4495360,
          4511680,
          4494336,
          4495360,
          4495360,
          4494336,
          4490240,
          4494336,
          4493312,
          4498432,
          4495360,
          4496384
        ],
        "applicable": true
      },
      {
        "kernel": "onpair_shmem_4tpt_split8read_b128o12",
        "decode_ms": 3.339264,
        "decode_gib_s": 278.9005477802877,
        "decode_ns_iters": [
          3339456,
          3341120,
          3342336,
          3339264,
          3358720,
          3363840,
          3362816,
          3360768,
          3362816,
          3368960,
          3425280,
          3428352,
          3427328,
          3426304,
          3444736,
          3427328,
          3428352,
          3426432,
          3430272,
          3426432,
          3427328,
          3427328,
          3426304,
          3428416,
          3426304,
          3428352,
          3428352,
          3428352,
          3426304,
          3428352
        ],
        "applicable": true
      },
      {
        "kernel": "onpair_shmem_4tpt_split8read_occ",
        "decode_ms": 3.248128,
        "decode_gib_s": 286.72594146012557,
        "decode_ns_iters": [
          3251200,
          3249152,
          3248128,
          3252224,
          3270656,
          3249152,
          3249152,
          3252224,
          3250176,
          3254272,
          3251040,
          3251200,
          3251200,
          3268608,
          3252096,
          3254272,
          3252160,
          3255296,
          3251200,
          3251200,
          3252224,
          3254272,
          3252224,
          3250176,
          3248128,
          3249280,
          3249152,
          3253248,
          3251200,
          3251200
        ],
        "applicable": true
      },
      {
        "kernel": "onpair_shmem_4tpt_split8",
        "decode_ms": 3.869696,
        "decode_gib_s": 240.67072937589796,
        "decode_ns_iters": [
          3979264,
          3972096,
          3919872,
          3921920,
          3920992,
          3938304,
          3905504,
          3869696,
          3875840,
          3872768,
          3872768,
          3876864,
          3872768,
          3871744,
          3872768,
          3871744,
          3870720,
          3871744,
          3870624,
          3872768,
          3872768,
          3888128,
          3873792,
          3871744,
          3873792,
          3869696,
          3886240,
          3873792,
          3872768,
          3871744
        ],
        "applicable": true
      },
      {
        "kernel": "onpair_shmem_4tpt_split8_wpb8",
        "decode_ms": 3.899232,
        "decode_gib_s": 238.84769072037642,
        "decode_ns_iters": [
          3904512,
          3901440,
          3904512,
          3900416,
          3902464,
          3902464,
          3899232,
          3900416,
          3902304,
          3916800,
          3904640,
          3904512,
          3903488,
          3902464,
          3901440,
          3903488,
          3903488,
          3901440,
          3901440,
          3901344,
          3919872,
          3901440,
          3902464,
          3901440,
          3901440,
          3900448,
          3899392,
          3901440,
          3901440,
          3901440
        ],
        "applicable": true
      },
      {
        "kernel": "onpair_shmem_4tpt_split8_wpb8_occ",
        "decode_ms": 4.031488,
        "decode_gib_s": 231.0121123473503,
        "decode_ns_iters": [
          4033536,
          4033536,
          4035584,
          4035584,
          4032512,
          4034592,
          4033536,
          4034560,
          4035520,
          4032512,
          4050784,
          4034464,
          4031488,
          4033536,
          4033536,
          4032480,
          4032352,
          4033536,
          4032512,
          4051968,
          4032512,
          4033536,
          4033504,
          4034560,
          4031488,
          4035584,
          4032512,
          4034464,
          4048992,
          4032480
        ],
        "applicable": true
      },
      {
        "kernel": "onpair_shmem_4tpt_pdict",
        "decode_ms": 3.33312,
        "decode_gib_s": 279.4146501725094,
        "decode_ns_iters": [
          3343360,
          3357600,
          3368832,
          3353600,
          3347456,
          3357792,
          3343360,
          3379200,
          3351424,
          3344384,
          3347264,
          3350528,
          3339232,
          3364864,
          3363872,
          3342336,
          3348480,
          3333120,
          3342336,
          3351424,
          3347264,
          3348480,
          3355648,
          3347328,
          3340288,
          3354560,
          3358720,
          3386368,
          3341312,
          3343360
        ],
        "applicable": true
      },
      {
        "kernel": "onpair_shmem_4tpt_vdict",
        "decode_ms": 2.977792,
        "decode_gib_s": 312.7560819503158,
        "decode_ns_iters": [
          2992128,
          3001344,
          2984960,
          2979840,
          2988032,
          2977792,
          2993152,
          2997248,
          2979840,
          2980864,
          2985984,
          2989056,
          3028992,
          3007488,
          3013632,
          3014496,
          3023872,
          3004416,
          3040256,
          3031040,
          3032032,
          3025920,
          3043328,
          3049664,
          3062784,
          3049472,
          3059712,
          3063872,
          3049600,
          3061760
        ],
        "applicable": true
      },
      {
        "kernel": "onpair_shmem_4tpt_split8read",
        "decode_ms": 2.963456,
        "decode_gib_s": 314.2690692161432,
        "decode_ns_iters": [
          2983904,
          2983936,
          2983936,
          2983840,
          2983936,
          2982880,
          2983936,
          2984864,
          2981760,
          2982912,
          2978752,
          2964480,
          2964480,
          2964480,
          2963456,
          2964480,
          2967488,
          2997248,
          3007488,
          2997248,
          3002368,
          3001344,
          2998272,
          3007488,
          2999296,
          3001344,
          2999296,
          3001184,
          3002368,
          2993152
        ],
        "applicable": true
      },
      {
        "kernel": "onpair_shmem_4tpt_ldcs",
        "decode_ms": 3.720192,
        "decode_gib_s": 250.34260564589,
        "decode_ns_iters": [
          3860480,
          3857408,
          3837952,
          3803136,
          3804160,
          3805184,
          3804160,
          3802112,
          3760128,
          3749888,
          3749856,
          3751904,
          3741696,
          3726336,
          3725440,
          3725216,
          3740672,
          3726336,
          3723392,
          3722240,
          3723264,
          3724288,
          3722240,
          3729408,
          3720192,
          3720192,
          3722240,
          3736576,
          3723264,
          3720192
        ],
        "applicable": true
      },
      {
        "kernel": "onpair_shmem_4tpt_lenbucket",
        "decode_ms": 0.0,
        "decode_gib_s": 0.0,
        "applicable": false,
        "reason": "length-bucket dict not built (set ONPAIR_DICT_REORDER=lenbucket)"
      },
      {
        "kernel": "onpair_shmem_4tpt_lenbucket_b128",
        "decode_ms": 0.0,
        "decode_gib_s": 0.0,
        "applicable": false,
        "reason": "length-bucket dict not built (set ONPAIR_DICT_REORDER=lenbucket)"
      },
      {
        "kernel": "onpair_shmem_4tpt_regcache",
        "decode_ms": 4.123648,
        "decode_gib_s": 225.84918954842766,
        "decode_ns_iters": [
          4125696,
          4126624,
          4127744,
          4125696,
          4126720,
          4126720,
          4127712,
          4124864,
          4126720,
          4128768,
          4142080,
          4123648,
          4124736,
          4125696,
          4124672,
          4124672,
          4126528,
          4123648,
          4125696,
          4125632,
          4126656,
          4123648,
          4126720,
          4124672,
          4125696,
          4134912,
          4154368,
          4153344,
          4141056,
          4145088
        ],
        "applicable": true
      },
      {
        "kernel": "onpair_shmem_4tpt_split4read",
        "decode_ms": 2.347008,
        "decode_gib_s": 396.81269036279156,
        "decode_ns_iters": [
          2350080,
          2347008,
          2367488,
          2353152,
          2352128,
          2350240,
          2351264,
          2352128,
          2352128,
          2359296,
          2356224,
          2400256,
          2384896,
          2389088,
          2387968,
          2380896,
          2381824,
          2383872,
          2394112,
          2416640,
          2413568,
          2411520,
          2427904,
          2409472,
          2410496,
          2415616,
          2413568,
          2424832,
          2404352,
          2402304
        ],
        "applicable": true
      },
      {
        "kernel": "onpair_shmem_4tpt_split4read_b128o12",
        "decode_ms": 2.873344,
        "decode_gib_s": 324.12497730275066,
        "decode_ns_iters": [
          2918400,
          2919424,
          2917440,
          2918560,
          2918464,
          2937856,
          2915296,
          2910208,
          2877440,
          2877440,
          2878336,
          2877440,
          2880512,
          2875392,
          2898944,
          2896704,
          2896896,
          2910208,
          2897920,
          2897920,
          2894848,
          2876416,
          2877440,
          2875392,
          2876416,
          2877632,
          2873344,
          2892800,
          2895872,
          2895744
        ],
        "applicable": true
      },
      {
        "kernel": "onpair_shmem_4tpt_cluster_dsmem",
        "decode_ms": 0.0,
        "decode_gib_s": 0.0,
        "applicable": false,
        "reason": "thread-block clusters require sm_90+ (device cc 8.x)"
      },
      {
        "kernel": "onpair_shmem_8tpt",
        "decode_ms": 3.881984,
        "decode_gib_s": 239.90891224255296,
        "decode_ns_iters": [
          4144128,
          4115456,
          4117504,
          4117504,
          4118528,
          4012032,
          3997696,
          3994624,
          3996672,
          3992544,
          3940256,
          3937280,
          3939328,
          3940352,
          3930112,
          3906560,
          3908608,
          3907584,
          3909632,
          3917696,
          3891200,
          3881984,
          3898368,
          3884032,
          3886080,
          3883008,
          3887104,
          3881984,
          3885056,
          3883008
        ],
        "applicable": true
      },
      {
        "kernel": "onpair_shmem_8tpt_b128",
        "decode_ms": 4.062208,
        "decode_gib_s": 229.26510872485966,
        "decode_ns_iters": [
          4066304,
          4066112,
          4066240,
          4063232,
          4066272,
          4065280,
          4065280,
          4066304,
          4065280,
          4064064,
          4065280,
          4064256,
          4065216,
          4066304,
          4065280,
          4064256,
          4073408,
          4063232,
          4065280,
          4065280,
          4063168,
          4065280,
          4063200,
          4066272,
          4064256,
          4062208,
          4064256,
          4063232,
          4063232,
          4063232
        ],
        "applicable": true
      },
      {
        "kernel": "onpair_shmem_4tpt_vwidth",
        "decode_ms": 8.920224,
        "decode_gib_s": 104.40573675986106,
        "decode_ns_iters": [
          8922112,
          8920224,
          8921089,
          8929281,
          8966143,
          9053377,
          9059200,
          9055232,
          9058304,
          8988544,
          8992768,
          8957951,
          8924096,
          8925185,
          8922112,
          8922112,
          8923136,
          8985600,
          9066496,
          9048064,
          8997887,
          9012352,
          8988609,
          8990720,
          8990688,
          8985600,
          8986624,
          8994816,
          9020416,
          9059359
        ],
        "applicable": true
      },
      {
        "kernel": "onpair_shmem_4tpt_vwidth_b128",
        "decode_ms": 15.266816,
        "decode_gib_s": 61.00306434445759,
        "decode_ns_iters": [
          15380416,
          15381504,
          15475712,
          15438847,
          15412224,
          15493120,
          15383648,
          15385440,
          15384576,
          15368384,
          15268672,
          15266816,
          15271937,
          15275008,
          15270912,
          15272896,
          15348608,
          15378432,
          15381504,
          15400960,
          15473665,
          15490049,
          15474687,
          15382464,
          15495168,
          15514623,
          15437825,
          15400960,
          15489888,
          15499264
        ],
        "applicable": true
      },
      {
        "kernel": "onpair_shmem_4tpt_vwidth4",
        "decode_ms": 4.329408,
        "decode_gib_s": 215.11545199320432,
        "decode_ns_iters": [
          4330336,
          4329408,
          4329472,
          4339712,
          4359168,
          4359168,
          4358144,
          4358144,
          4361216,
          4380672,
          4361216,
          4360192,
          4382720,
          4391904,
          4392960,
          4392960,
          4401152,
          4361216,
          4362240,
          4361216,
          4361216,
          4360192,
          4358144,
          4375552,
          4361216,
          4361216,
          4361216,
          4360256,
          4364128,
          4360192
        ],
        "applicable": true
      },
      {
        "kernel": "onpair_shmem_4tpt_vwidth4_b128",
        "decode_ms": 4.77184,
        "decode_gib_s": 195.17053354324426,
        "decode_ns_iters": [
          4840448,
          4831232,
          4804608,
          4805632,
          4805632,
          4802560,
          4804608,
          4802560,
          4804608,
          4803584,
          4803584,
          4804608,
          4803584,
          4808704,
          4779008,
          4772864,
          4771840,
          4789248,
          4842496,
          4838304,
          4840448,
          4830208,
          4803584,
          4804608,
          4803584,
          4803584,
          4804608,
          4805632,
          4810752,
          4804608
        ],
        "applicable": true
      },
      {
        "kernel": "onpair_shmem_4tpt_shdict8",
        "decode_ms": 4.521984,
        "decode_gib_s": 205.95441266112283,
        "decode_ns_iters": [
          4568992,
          4564032,
          4556800,
          4562944,
          4558848,
          4549632,
          4544512,
          4539392,
          4527104,
          4534272,
          4533088,
          4539200,
          4541440,
          4533248,
          4533248,
          4544512,
          4521984,
          4528128,
          4531232,
          4536320,
          4535296,
          4536320,
          4551520,
          4529152,
          4541440,
          4536160,
          4536480,
          4531200,
          4521984,
          4528128
        ],
        "applicable": true
      },
      {
        "kernel": "onpair_shmem_4tpt_ablate",
        "decode_ms": 4.338688,
        "decode_gib_s": 214.65534253281055,
        "decode_ns_iters": [
          4341760,
          4340736,
          4339776,
          4340672,
          4338688,
          4341824,
          4342784,
          4341760,
          4359168,
          4343808,
          4341760,
          4340544,
          4341760,
          4347904,
          4338688,
          4338688,
          4339712,
          4341920,
          4339712,
          4357120,
          4340736,
          4343808,
          4339712,
          4343808,
          4342784,
          4342784,
          4340736,
          4342976,
          4341760,
          4340672
        ],
        "applicable": true
      },
      {
        "kernel": "onpair_shmem_4tpt_ablate_nogather",
        "decode_ms": 2.395136,
        "decode_gib_s": 388.8391134294649,
        "decode_ns_iters": [
          2405376,
          2407424,
          2404352,
          2403328,
          2410496,
          2404352,
          2400448,
          2402304,
          2399232,
          2403328,
          2398208,
          2423936,
          2412384,
          2406560,
          2399232,
          2401280,
          2402304,
          2397184,
          2408448,
          2398208,
          2409472,
          2406400,
          2407360,
          2395136,
          2406400,
          2404352,
          2400416,
          2409408,
          2404352,
          2406400
        ],
        "applicable": true
      },
      {
        "kernel": "onpair_shmem_4tpt_ablate_noemit",
        "decode_ms": 2.403328,
        "decode_gib_s": 387.5137138097649,
        "decode_ns_iters": [
          2419872,
          2412544,
          2417664,
          2416640,
          2417664,
          2415616,
          2421760,
          2416704,
          2414592,
          2414592,
          2403328,
          2434912,
          2411520,
          2408448,
          2413568,
          2421760,
          2416640,
          2416640,
          2410496,
          2409472,
          2420896,
          2412544,
          2407424,
          2416640,
          2409472,
          2412416,
          2410496,
          2409472,
          2421760,
          2411520
        ],
        "applicable": true
      },
      {
        "kernel": "onpair_shmem_4tpt_ablate_nodrain",
        "decode_ms": 4.261888,
        "decode_gib_s": 218.52347100228695,
        "decode_ns_iters": [
          4261888,
          4263072,
          4264960,
          4264960,
          4264960,
          4265984,
          4264960,
          4267008,
          4267008,
          4262912,
          4284416,
          4264096,
          4267008,
          4262912,
          4263936,
          4265952,
          4263936,
          4279296,
          4262912,
          4263936,
          4264960,
          4286464,
          4262912,
          4265984,
          4263968,
          4267040,
          4262912,
          4264960,
          4267008,
          4267008
        ],
        "applicable": true
      },
      {
        "kernel": "onpair_shmem_4tpt_ablate_noscan",
        "decode_ms": 4.190208,
        "decode_gib_s": 222.26165354631436,
        "decode_ns_iters": [
          4191232,
          4194176,
          4195328,
          4191232,
          4192256,
          4192096,
          4192256,
          4204544,
          4191232,
          4194304,
          4193280,
          4192064,
          4197376,
          4191232,
          4195328,
          4190208,
          4194304,
          4192192,
          4207616,
          4192448,
          4192160,
          4200448,
          4193280,
          4190208,
          4190368,
          4193280,
          4193280,
          4191232,
          4193280,
          4209664
        ],
        "applicable": true
      },
      {
        "kernel": "onpair_shmem_4tpt_ablate_cfree",
        "decode_ms": 4.48512,
        "decode_gib_s": 207.64718865559777,
        "decode_ns_iters": [
          4488192,
          4488192,
          4485120,
          4489216,
          4488128,
          4491264,
          4486144,
          4490240,
          4490240,
          4487168,
          4487136,
          4486144,
          4487296,
          4488320,
          4487296,
          4487008,
          4487168,
          4488192,
          4486144,
          4488192,
          4487168,
          4487264,
          4487168,
          4490240,
          4487168,
          4491264,
          4488096,
          4487168,
          4488256,
          4486144
        ],
        "applicable": true
      },
      {
        "kernel": "onpair_shmem_s8",
        "decode_ms": 0.0,
        "decode_gib_s": 0.0,
        "applicable": false,
        "reason": "dictionary entry longer than 8 bytes"
      },
      {
        "kernel": "onpair_shmem_s8_2tpt",
        "decode_ms": 0.0,
        "decode_gib_s": 0.0,
        "applicable": false,
        "reason": "dictionary entry longer than 8 bytes"
      },
      {
        "kernel": "onpair_shmem_s8_4tpt",
        "decode_ms": 0.0,
        "decode_gib_s": 0.0,
        "applicable": false,
        "reason": "dictionary entry longer than 8 bytes"
      },
      {
        "kernel": "onpair_shmem_s8_8tpt",
        "decode_ms": 0.0,
        "decode_gib_s": 0.0,
        "applicable": false,
        "reason": "dictionary entry longer than 8 bytes"
      },
      {
        "kernel": "onpair_shmem_s4l1",
        "decode_ms": 0.0,
        "decode_gib_s": 0.0,
        "applicable": false,
        "reason": "dictionary entry longer than 4 bytes"
      },
      {
        "kernel": "onpair_shmem_s4l1_2tpt",
        "decode_ms": 0.0,
        "decode_gib_s": 0.0,
        "applicable": false,
        "reason": "dictionary entry longer than 4 bytes"
      },
      {
        "kernel": "onpair_shmem_s4l1_4tpt",
        "decode_ms": 0.0,
        "decode_gib_s": 0.0,
        "applicable": false,
        "reason": "dictionary entry longer than 4 bytes"
      },
      {
        "kernel": "onpair_shmem_s4l1_8tpt",
        "decode_ms": 0.0,
        "decode_gib_s": 0.0,
        "applicable": false,
        "reason": "dictionary entry longer than 4 bytes"
      },
      {
        "kernel": "onpair_shmem_s4l1_16tpt",
        "decode_ms": 0.0,
        "decode_gib_s": 0.0,
        "applicable": false,
        "reason": "dictionary entry longer than 4 bytes"
      },
      {
        "kernel": "onpair_shmem_s4l1_32tpt",
        "decode_ms": 0.0,
        "decode_gib_s": 0.0,
        "applicable": false,
        "reason": "dictionary entry longer than 4 bytes"
      },
      {
        "kernel": "onpair_shmem_const1",
        "decode_ms": 0.0,
        "decode_gib_s": 0.0,
        "applicable": false,
        "reason": "not every dictionary entry is exactly 1 byte"
      },
      {
        "kernel": "onpair_shmem_const2",
        "decode_ms": 0.0,
        "decode_gib_s": 0.0,
        "applicable": false,
        "reason": "not every dictionary entry is exactly 2 bytes"
      }
    ]
  }
}
==PROF== Disconnected from process 33107
==PROF== Report: /home/ubuntu/work/shdict_ncu_clickbench_Referer_b12_onpair_shmem_4tpt.ncu-rep
