==PROF== Connected to process 29615 (/home/ubuntu/work/target/release/onpair-chunk-bench)
2026-08-13T03:10:06.210401Z  INFO vortex_cuda: vortex-cuda/src/lib.rs:111: Registering CUDA kernels
==PROF== Profiling "onpair_shmem_4tpt_split8read": 0%....50%....100% - 43 passes
==PROF== Profiling "onpair_shmem_4tpt_split8read": 0%....50%....100% - 43 passes
==PROF== Profiling "onpair_shmem_4tpt_split8read": 0%....50%....100% - 43 passes
==PROF== Profiling "onpair_shmem_4tpt_split8read": 0%....50%....100% - 43 passes
==PROF== Profiling "onpair_shmem_4tpt_split8read": 0%....50%....100% - 43 passes
==PROF== Profiling "onpair_shmem_4tpt_split8read": 0%....50%....100% - 43 passes
==PROF== Profiling "onpair_shmem_4tpt_split8read": 0%....50%....100% - 43 passes
==PROF== Profiling "onpair_shmem_4tpt_split8read": 0%....50%....100% - 43 passes
==PROF== Profiling "onpair_shmem_4tpt_split8read": 0%....50%....100% - 43 passes
==PROF== Profiling "onpair_shmem_4tpt_split8read": 0%....50%....100% - 43 passes
==PROF== Profiling "onpair_shmem_4tpt_split8read": 0%....50%....100% - 43 passes
==PROF== Profiling "onpair_shmem_4tpt_split8read": 0%....50%....100% - 43 passes
==PROF== Profiling "onpair_shmem_4tpt_split8read": 0%....50%....100% - 43 passes
==PROF== Profiling "onpair_shmem_4tpt_split8read": 0%....50%....100% - 43 passes
==PROF== Profiling "onpair_shmem_4tpt_split8read": 0%....50%....100% - 43 passes
==PROF== Profiling "onpair_shmem_4tpt_split8read": 0%....50%....100% - 43 passes
{
  "files": [
    "/home/ubuntu/work/vortex-bench/data/onpair-bench/clickbench/MobilePhoneModel/bits12_chunk1000mb_thr0.20/part_0000.vortex"
  ],
  "column": "MobilePhoneModel",
  "rows": 99997497,
  "in_memory_bytes": 32271717,
  "dict_bytes": 2243,
  "gpu": {
    "iterations": 30,
    "decoded_bytes": 23280516,
    "chunks": 1,
    "auto_kernel": "onpair_shmem_4tpt_split8read",
    "frac_le8": 0.99069935,
    "dict_mean_len": 4.183077,
    "dict_max_len": 16,
    "dict_entries_max": 688,
    "small_dict": true,
    "distinct_codes": 212,
    "access_top4096_frac": 1.0,
    "compressed_bytes": 11133757,
    "h2d_gib_s": 20.03666549492247,
    "whole_decompress_gib_s": 36.04748634996956,
    "best_kernel": "onpair_shmem_4tpt_split8read_b128o12",
    "auto_decode_ms": 0.083968,
    "best_decode_ms": 0.075776,
    "validated": false,
    "auto_decode_gib_s": 258.2134872748766,
    "best_decode_gib_s": 286.1284588721606,
    "kernels": [
      {
        "kernel": "onpair_shmem",
        "decode_ms": 0.110592,
        "decode_gib_s": 196.050981079073,
        "decode_ns_iters": [
          110592,
          111616,
          131936,
          118784,
          119808,
          118784,
          135168,
          118976,
          120832,
          119808,
          119808,
          119712,
          119808,
          119744,
          119808,
          119776,
          126976,
          119808,
          118784,
          119680,
          119808,
          118784,
          120832,
          118784,
          119808,
          119808,
          123904,
          120704,
          118784,
          118784
        ],
        "applicable": true
      },
      {
        "kernel": "onpair_shmem_2tpt",
        "decode_ms": 0.106496,
        "decode_gib_s": 203.59140342826814,
        "decode_ns_iters": [
          106496,
          115712,
          115712,
          116736,
          114688,
          122880,
          114688,
          115712,
          113664,
          114688,
          114688,
          114688,
          113760,
          115712,
          113696,
          115680,
          115712,
          121856,
          114688,
          115648,
          114688,
          114688,
          114688,
          114688,
          114656,
          115520,
          114688,
          115712,
          116736,
          114848
        ],
        "applicable": true
      },
      {
        "kernel": "onpair_shmem_4tpt",
        "decode_ms": 0.106464,
        "decode_gib_s": 203.65259711730576,
        "decode_ns_iters": [
          106464,
          118624,
          132032,
          113664,
          120832,
          115712,
          131072,
          120832,
          113664,
          114688,
          114688,
          113664,
          113664,
          113664,
          114688,
          113664,
          113664,
          113664,
          114688,
          113664,
          122784,
          113760,
          113664,
          113664,
          113696,
          113664,
          114688,
          113664,
          113664,
          113664
        ],
        "applicable": true
      },
      {
        "kernel": "onpair_shmem_4tpt_wpb8",
        "decode_ms": 0.107424,
        "decode_gib_s": 201.83264540043976,
        "decode_ns_iters": [
          107520,
          116640,
          107424,
          115712,
          114688,
          113664,
          114688,
          116704,
          114688,
          114592,
          114688,
          115712,
          114688,
          114688,
          113664,
          114688,
          113664,
          114848,
          114560,
          114688,
          114688,
          114592,
          114688,
          114688,
          113664,
          114688,
          132096,
          114688,
          113664,
          114688
        ],
        "applicable": true
      },
      {
        "kernel": "onpair_shmem_4tpt_wpb8_occ",
        "decode_ms": 0.104448,
        "decode_gib_s": 207.58339173078318,
        "decode_ns_iters": [
          111616,
          104448,
          113664,
          112640,
          113760,
          112800,
          120832,
          112640,
          113664,
          112640,
          112640,
          112640,
          113664,
          112640,
          113536,
          112640,
          119808,
          108544,
          109664,
          109472,
          110720,
          108544,
          117760,
          109568,
          115712,
          114528,
          112576,
          118784,
          113664,
          112640
        ],
        "applicable": true
      },
      {
        "kernel": "onpair_shmem_4tpt_b128",
        "decode_ms": 0.103424,
        "decode_gib_s": 209.63867283702854,
        "decode_ns_iters": [
          103424,
          108544,
          113696,
          113664,
          111616,
          112640,
          111616,
          113664,
          112640,
          110592,
          109568,
          119904,
          112640,
          112640,
          112640,
          111616,
          112512,
          112544,
          112832,
          112640,
          112608,
          114688,
          112640,
          112608,
          111808,
          113664,
          112640,
          119808,
          112640,
          112640
        ],
        "applicable": true
      },
      {
        "kernel": "onpair_shmem_4tpt_o6",
        "decode_ms": 0.111616,
        "decode_gib_s": 194.25234822513653,
        "decode_ns_iters": [
          127936,
          113664,
          112640,
          112640,
          128064,
          112640,
          112640,
          111616,
          113664,
          111840,
          112640,
          112640,
          114688,
          112640,
          121856,
          112640,
          113664,
          112672,
          112640,
          112640,
          113664,
          112640,
          112640,
          112640,
          113536,
          112640,
          112640,
          112640,
          113600,
          112640
        ],
        "applicable": true
      },
      {
        "kernel": "onpair_shmem_4tpt_b512o3",
        "decode_ms": 0.106464,
        "decode_gib_s": 203.65259711730576,
        "decode_ns_iters": [
          107520,
          106464,
          114688,
          126976,
          113664,
          113664,
          113568,
          129024,
          113664,
          117760,
          113664,
          126976,
          113664,
          112640,
          111616,
          132096,
          113632,
          113664,
          113856,
          125952,
          112640,
          113664,
          113664,
          129024,
          114688,
          113664,
          113664,
          124928,
          118912,
          114688
        ],
        "applicable": true
      },
      {
        "kernel": "onpair_shmem_4tpt_b128o12",
        "decode_ms": 0.106496,
        "decode_gib_s": 203.59140342826814,
        "decode_ns_iters": [
          106496,
          113664,
          125856,
          112640,
          118784,
          112640,
          124928,
          111744,
          112640,
          111616,
          124960,
          111616,
          112640,
          113664,
          134144,
          112640,
          112640,
          111808,
          113664,
          111616,
          118784,
          112448,
          114688,
          112640,
          111680,
          111616,
          113632,
          112640,
          112640,
          111616
        ],
        "applicable": true
      },
      {
        "kernel": "onpair_shmem_4tpt_b64",
        "decode_ms": 0.082944,
        "decode_gib_s": 261.4013081054307,
        "decode_ns_iters": [
          84896,
          83808,
          83968,
          87040,
          83968,
          84832,
          83968,
          82944,
          87040,
          83968,
          83968,
          86880,
          83968,
          89088,
          83968,
          82944,
          82944,
          83968,
          97280,
          83968,
          83136,
          82944,
          82944,
          95232,
          84992,
          83968,
          83968,
          83968,
          83968,
          86016
        ],
        "applicable": true
      },
      {
        "kernel": "onpair_shmem_4tpt_b64o24",
        "decode_ms": 0.082944,
        "decode_gib_s": 261.4013081054307,
        "decode_ns_iters": [
          83968,
          91136,
          87040,
          84992,
          88992,
          87040,
          83904,
          88064,
          86016,
          83968,
          83968,
          83968,
          87040,
          82944,
          83968,
          83968,
          84992,
          90112,
          83776,
          82944,
          83968,
          83968,
          103424,
          83968,
          83968,
          92992,
          83968,
          97280,
          83968,
          83968
        ],
        "applicable": true
      },
      {
        "kernel": "onpair_shmem_4tpt_split8read_b128o12",
        "decode_ms": 0.075776,
        "decode_gib_s": 286.1284588721606,
        "decode_ns_iters": [
          76800,
          78848,
          81920,
          77824,
          77824,
          77824,
          76736,
          80896,
          77824,
          76800,
          76800,
          75776,
          79872,
          76864,
          76800,
          78848,
          76768,
          79968,
          76832,
          76800,
          76800,
          88064,
          79712,
          76800,
          76672,
          76864,
          89280,
          79872,
          76768,
          76672
        ],
        "applicable": true
      },
      {
        "kernel": "onpair_shmem_4tpt_split8read_occ",
        "decode_ms": 0.075776,
        "decode_gib_s": 286.1284588721606,
        "decode_ns_iters": [
          82944,
          76800,
          84992,
          77920,
          93184,
          79936,
          76800,
          77824,
          76800,
          88896,
          77824,
          76992,
          78656,
          75776,
          91296,
          77824,
          76800,
          77824,
          76800,
          91136,
          77824,
          77824,
          86016,
          76800,
          92160,
          77824,
          77696,
          76800,
          76928,
          91008
        ],
        "applicable": true
      },
      {
        "kernel": "onpair_shmem_4tpt_split8",
        "decode_ms": 0.077696,
        "decode_gib_s": 279.05773913067395,
        "decode_ns_iters": [
          94208,
          81920,
          78848,
          77824,
          78848,
          77696,
          80896,
          77824,
          77824,
          80896,
          77824,
          80896,
          77824,
          78752,
          77824,
          77824,
          83968,
          77728,
          77824,
          77824,
          77824,
          93088,
          78848,
          77824,
          77824,
          77824,
          97280,
          78848,
          77824,
          84992
        ],
        "applicable": true
      },
      {
        "kernel": "onpair_shmem_4tpt_split8_wpb8",
        "decode_ms": 0.078848,
        "decode_gib_s": 274.9805968381803,
        "decode_ns_iters": [
          80896,
          80832,
          79872,
          82944,
          79872,
          79872,
          80032,
          79872,
          82944,
          79872,
          78848,
          79872,
          80000,
          82944,
          80896,
          79872,
          82944,
          79872,
          98304,
          79872,
          79872,
          79872,
          79872,
          94208,
          80896,
          79872,
          78848,
          78848,
          79872,
          83968
        ],
        "applicable": true
      },
      {
        "kernel": "onpair_shmem_4tpt_split8_wpb8_occ",
        "decode_ms": 0.0768,
        "decode_gib_s": 282.3134127538651,
        "decode_ns_iters": [
          78720,
          96256,
          77824,
          76800,
          86016,
          76864,
          93184,
          77824,
          77984,
          76960,
          77824,
          76800,
          80896,
          77824,
          76800,
          76960,
          76800,
          79872,
          76800,
          76800,
          77824,
          76928,
          80896,
          77824,
          77792,
          79904,
          76800,
          94304,
          76800,
          76800
        ],
        "applicable": true
      },
      {
        "kernel": "onpair_shmem_4tpt_pdict",
        "decode_ms": 0.088064,
        "decode_gib_s": 246.2035576341847,
        "decode_ns_iters": [
          89088,
          104448,
          89088,
          88064,
          89088,
          89088,
          103424,
          89216,
          89024,
          88064,
          89056,
          92160,
          91136,
          90144,
          89056,
          91136,
          89088,
          93120,
          89088,
          89088,
          89088,
          88064,
          91136,
          89088,
          89088,
          89088,
          88064,
          91136,
          89088,
          88064
        ],
        "applicable": true
      },
      {
        "kernel": "onpair_shmem_4tpt_vdict",
        "decode_ms": 0.080896,
        "decode_gib_s": 268.0190627410112,
        "decode_ns_iters": [
          83968,
          86016,
          82944,
          82112,
          82944,
          82816,
          86912,
          81920,
          81920,
          81920,
          81920,
          97120,
          82944,
          82944,
          92160,
          80896,
          95232,
          82944,
          82944,
          81920,
          82944,
          92160,
          84992,
          81920,
          82944,
          81920,
          81920,
          84992,
          81920,
          81920
        ],
        "applicable": true
      },
      {
        "kernel": "onpair_shmem_4tpt_split8read",
        "decode_ms": 0.083968,
        "decode_gib_s": 258.2134872748766,
        "decode_ns_iters": [
          1348848581,
          1349429250,
          1351803899,
          1358558178,
          1353723884,
          1356665850,
          1349401593,
          1357430816,
          1358100414,
          1358697534,
          1358636022,
          1348068357,
          1362249732,
          1356534839,
          163840,
          115712,
          106560,
          83968,
          83968,
          85024,
          83968,
          89120,
          96256,
          86016,
          86016,
          86016,
          86016,
          86016,
          103424,
          105536
        ],
        "applicable": true
      },
      {
        "kernel": "onpair_shmem_4tpt_ldcs",
        "decode_ms": 0.08896,
        "decode_gib_s": 243.72380957168212,
        "decode_ns_iters": [
          91136,
          105472,
          109568,
          108544,
          107520,
          120832,
          89088,
          89280,
          89088,
          88960,
          90112,
          108544,
          116736,
          106496,
          107520,
          89024,
          90112,
          90112,
          103424,
          89088,
          107520,
          107648,
          119808,
          107520,
          106496,
          107520,
          116736,
          108544,
          107520,
          107520
        ],
        "applicable": true
      },
      {
        "kernel": "onpair_shmem_4tpt_lenbucket",
        "decode_ms": 0.0,
        "decode_gib_s": 0.0,
        "applicable": false,
        "reason": "length-bucket dict not built (set ONPAIR_DICT_REORDER=lenbucket)"
      },
      {
        "kernel": "onpair_shmem_4tpt_lenbucket_b128",
        "decode_ms": 0.0,
        "decode_gib_s": 0.0,
        "applicable": false,
        "reason": "length-bucket dict not built (set ONPAIR_DICT_REORDER=lenbucket)"
      },
      {
        "kernel": "onpair_shmem_4tpt_regcache",
        "decode_ms": 0.095232,
        "decode_gib_s": 227.67210705956865,
        "decode_ns_iters": [
          95232,
          99328,
          114688,
          113600,
          112640,
          119808,
          113664,
          112640,
          113664,
          119808,
          112640,
          111616,
          111616,
          121664,
          112640,
          111616,
          111616,
          111616,
          113536,
          111616,
          112640,
          111744,
          113664,
          112640,
          114624,
          112544,
          113664,
          112640,
          112512,
          111616
        ],
        "applicable": true
      },
      {
        "kernel": "onpair_shmem_4tpt_split4read",
        "decode_ms": 0.082944,
        "decode_gib_s": 261.4013081054307,
        "decode_ns_iters": [
          87040,
          101376,
          104448,
          87040,
          87040,
          100256,
          86112,
          83968,
          120832,
          122880,
          83904,
          93184,
          84864,
          82944,
          86016,
          105472,
          109568,
          84992,
          87040,
          87040,
          87008,
          84864,
          100160,
          83968,
          86016,
          84928,
          83968,
          84992,
          105280,
          106496
        ],
        "applicable": true
      },
      {
        "kernel": "onpair_shmem_4tpt_split4read_b128o12",
        "decode_ms": 0.08192,
        "decode_gib_s": 264.66882445674855,
        "decode_ns_iters": [
          82944,
          86016,
          103584,
          86016,
          84992,
          102368,
          86112,
          86016,
          105504,
          120832,
          87200,
          87040,
          85024,
          83968,
          89088,
          101440,
          84992,
          83968,
          85920,
          83968,
          83968,
          103424,
          104448,
          81920,
          82944,
          83968,
          86016,
          84064,
          102400,
          105472
        ],
        "applicable": true
      },
      {
        "kernel": "onpair_shmem_4tpt_cluster_dsmem",
        "decode_ms": 0.0,
        "decode_gib_s": 0.0,
        "applicable": false,
        "reason": "thread-block clusters require sm_90+ (device cc 8.x)"
      },
      {
        "kernel": "onpair_shmem_8tpt",
        "decode_ms": 0.08704,
        "decode_gib_s": 249.1000700769398,
        "decode_ns_iters": [
          88960,
          89088,
          108352,
          109568,
          121856,
          120832,
          105472,
          105472,
          105472,
          117696,
          106496,
          106496,
          105472,
          106432,
          106496,
          105472,
          105664,
          105472,
          107520,
          106496,
          107456,
          106496,
          106496,
          106496,
          105472,
          106496,
          106368,
          87200,
          88064,
          87040
        ],
        "applicable": true
      },
      {
        "kernel": "onpair_shmem_8tpt_b128",
        "decode_ms": 0.089088,
        "decode_gib_s": 243.3736316843665,
        "decode_ns_iters": [
          89088,
          102400,
          108544,
          106496,
          106496,
          119808,
          105472,
          106400,
          107520,
          118752,
          107520,
          105472,
          107328,
          121824,
          106496,
          105472,
          106496,
          121920,
          106656,
          105472,
          105472,
          122880,
          107520,
          104448,
          106496,
          121856,
          109568,
          105472,
          105472,
          120672
        ],
        "applicable": true
      },
      {
        "kernel": "onpair_shmem_4tpt_vwidth",
        "decode_ms": 0.134144,
        "decode_gib_s": 161.6298164621365,
        "decode_ns_iters": [
          142336,
          136192,
          154624,
          135008,
          135168,
          135168,
          134144,
          135168,
          154624,
          154624,
          154624,
          154624,
          152576,
          151552,
          153664,
          154624,
          136192,
          136192,
          136288,
          136128,
          135168,
          155456,
          154624,
          153632,
          137184,
          135168,
          134272,
          136128,
          136192,
          154624
        ],
        "applicable": true
      },
      {
        "kernel": "onpair_shmem_4tpt_vwidth_b128",
        "decode_ms": 0.239616,
        "decode_gib_s": 90.48506819034138,
        "decode_ns_iters": [
          241696,
          242688,
          240640,
          241664,
          240640,
          240640,
          240640,
          241664,
          240640,
          241664,
          241536,
          240640,
          240640,
          240640,
          240640,
          240640,
          239616,
          257024,
          242688,
          240640,
          240640,
          240640,
          240640,
          239776,
          241504,
          240640,
          240640,
          240576,
          240512,
          241664
        ],
        "applicable": true
      },
      {
        "kernel": "onpair_shmem_4tpt_vwidth4",
        "decode_ms": 0.093184,
        "decode_gib_s": 232.6758896323064,
        "decode_ns_iters": [
          94208,
          112640,
          113664,
          113664,
          111616,
          128992,
          95232,
          94048,
          93184,
          94112,
          94304,
          112640,
          123904,
          113664,
          113664,
          93184,
          94080,
          97280,
          111520,
          94208,
          113664,
          113664,
          130112,
          94208,
          94208,
          94208,
          94304,
          94208,
          113664,
          119808
        ],
        "applicable": true
      },
      {
        "kernel": "onpair_shmem_4tpt_vwidth4_b128",
        "decode_ms": 0.091136,
        "decode_gib_s": 237.90456130943693,
        "decode_ns_iters": [
          92160,
          92160,
          110592,
          109568,
          123904,
          92160,
          92160,
          91968,
          91136,
          92160,
          110592,
          111616,
          115712,
          109568,
          109568,
          109568,
          108544,
          109568,
          92160,
          91136,
          91136,
          105472,
          91136,
          109568,
          110592,
          123904,
          113600,
          108544,
          109568,
          125856
        ],
        "applicable": true
      },
      {
        "kernel": "onpair_shmem_4tpt_shdict8",
        "decode_ms": 0.096192,
        "decode_gib_s": 225.3999303424073,
        "decode_ns_iters": [
          96256,
          96256,
          126976,
          96256,
          96256,
          97280,
          98304,
          97280,
          121856,
          96256,
          96256,
          97280,
          96256,
          96256,
          114688,
          97280,
          97280,
          96256,
          96256,
          98304,
          105472,
          97280,
          98304,
          113664,
          96256,
          114688,
          96256,
          109728,
          96320,
          96192
        ],
        "applicable": true
      },
      {
        "kernel": "onpair_shmem_4tpt_ablate",
        "decode_ms": 0.088064,
        "decode_gib_s": 246.2035576341847,
        "decode_ns_iters": [
          88064,
          90016,
          108544,
          116608,
          106496,
          108544,
          88960,
          89088,
          90112,
          100352,
          88928,
          108544,
          106496,
          106496,
          107488,
          106496,
          106496,
          106496,
          106496,
          107456,
          106496,
          106496,
          108544,
          107520,
          105568,
          106496,
          107520,
          105504,
          105472,
          106496
        ],
        "applicable": true
      },
      {
        "kernel": "onpair_shmem_4tpt_ablate_nogather",
        "decode_ms": 0.086016,
        "decode_gib_s": 252.0655471016653,
        "decode_ns_iters": [
          88064,
          89088,
          107616,
          107584,
          105472,
          105536,
          87968,
          95104,
          87040,
          100352,
          87040,
          107488,
          106560,
          126848,
          106496,
          104384,
          106464,
          120768,
          105568,
          104544,
          105472,
          120832,
          87040,
          86016,
          94208,
          87040,
          87168,
          107616,
          105472,
          105472
        ],
        "applicable": true
      },
      {
        "kernel": "onpair_shmem_4tpt_ablate_noemit",
        "decode_ms": 0.084992,
        "decode_gib_s": 255.102481404095,
        "decode_ns_iters": [
          84992,
          87008,
          103424,
          118848,
          106496,
          105472,
          105472,
          119648,
          105472,
          105472,
          105472,
          86016,
          87008,
          86976,
          90112,
          86016,
          103264,
          86976,
          87040,
          87040,
          100352,
          87040,
          106496,
          106496,
          105472,
          107520,
          104480,
          106496,
          117760,
          105472
        ],
        "applicable": true
      },
      {
        "kernel": "onpair_shmem_4tpt_ablate_nodrain",
        "decode_ms": 0.086016,
        "decode_gib_s": 252.0655471016653,
        "decode_ns_iters": [
          87040,
          88960,
          108544,
          106496,
          105344,
          107360,
          87040,
          86016,
          87040,
          101312,
          86912,
          106496,
          115712,
          118880,
          105504,
          104448,
          106464,
          118784,
          105568,
          104448,
          105472,
          117760,
          106496,
          104448,
          105472,
          104448,
          106496,
          105472,
          104448,
          104448
        ],
        "applicable": true
      },
      {
        "kernel": "onpair_shmem_4tpt_ablate_noscan",
        "decode_ms": 0.08192,
        "decode_gib_s": 264.66882445674855,
        "decode_ns_iters": [
          81920,
          94208,
          106496,
          105472,
          84160,
          83968,
          86016,
          101376,
          85056,
          104448,
          106496,
          118784,
          105472,
          104448,
          105472,
          121856,
          105472,
          106496,
          107520,
          83968,
          84832,
          83968,
          84128,
          83968,
          104448,
          105472,
          104448,
          104448,
          107520,
          84992
        ],
        "applicable": true
      },
      {
        "kernel": "onpair_shmem_4tpt_ablate_cfree",
        "decode_ms": 0.08704,
        "decode_gib_s": 249.1000700769398,
        "decode_ns_iters": [
          96256,
          89088,
          107520,
          87040,
          88064,
          88064,
          101376,
          88064,
          107424,
          105600,
          120832,
          107520,
          106400,
          105632,
          106496,
          106496,
          106496,
          107520,
          88064,
          89088,
          88128,
          88064,
          88064,
          121856,
          88992,
          88128,
          88064,
          87040,
          89088,
          107520
        ],
        "applicable": true
      },
      {
        "kernel": "onpair_shmem_s8",
        "decode_ms": 0.0,
        "decode_gib_s": 0.0,
        "applicable": false,
        "reason": "dictionary entry longer than 8 bytes"
      },
      {
        "kernel": "onpair_shmem_s8_2tpt",
        "decode_ms": 0.0,
        "decode_gib_s": 0.0,
        "applicable": false,
        "reason": "dictionary entry longer than 8 bytes"
      },
      {
        "kernel": "onpair_shmem_s8_4tpt",
        "decode_ms": 0.0,
        "decode_gib_s": 0.0,
        "applicable": false,
        "reason": "dictionary entry longer than 8 bytes"
      },
      {
        "kernel": "onpair_shmem_s8_8tpt",
        "decode_ms": 0.0,
        "decode_gib_s": 0.0,
        "applicable": false,
        "reason": "dictionary entry longer than 8 bytes"
      },
      {
        "kernel": "onpair_shmem_s4l1",
        "decode_ms": 0.0,
        "decode_gib_s": 0.0,
        "applicable": false,
        "reason": "dictionary entry longer than 4 bytes"
      },
      {
        "kernel": "onpair_shmem_s4l1_2tpt",
        "decode_ms": 0.0,
        "decode_gib_s": 0.0,
        "applicable": false,
        "reason": "dictionary entry longer than 4 bytes"
      },
      {
        "kernel": "onpair_shmem_s4l1_4tpt",
        "decode_ms": 0.0,
        "decode_gib_s": 0.0,
        "applicable": false,
        "reason": "dictionary entry longer than 4 bytes"
      },
      {
        "kernel": "onpair_shmem_s4l1_8tpt",
        "decode_ms": 0.0,
        "decode_gib_s": 0.0,
        "applicable": false,
        "reason": "dictionary entry longer than 4 bytes"
      },
      {
        "kernel": "onpair_shmem_s4l1_16tpt",
        "decode_ms": 0.0,
        "decode_gib_s": 0.0,
        "applicable": false,
        "reason": "dictionary entry longer than 4 bytes"
      },
      {
        "kernel": "onpair_shmem_s4l1_32tpt",
        "decode_ms": 0.0,
        "decode_gib_s": 0.0,
        "applicable": false,
        "reason": "dictionary entry longer than 4 bytes"
      },
      {
        "kernel": "onpair_shmem_const1",
        "decode_ms": 0.0,
        "decode_gib_s": 0.0,
        "applicable": false,
        "reason": "not every dictionary entry is exactly 1 byte"
      },
      {
        "kernel": "onpair_shmem_const2",
        "decode_ms": 0.0,
        "decode_gib_s": 0.0,
        "applicable": false,
        "reason": "not every dictionary entry is exactly 2 bytes"
      }
    ]
  }
}
==PROF== Disconnected from process 29615
==PROF== Report: /home/ubuntu/work/shdict_ncu_clickbench_MobilePhoneModel_b12_split8read.ncu-rep
