==PROF== Connected to process 37201 (/home/ubuntu/work/target/release/onpair-chunk-bench)
2026-08-13T03:16:13.429511Z  INFO vortex_cuda: vortex-cuda/src/lib.rs:111: Registering CUDA kernels
==PROF== Profiling "onpair_shmem_4tpt": 0%....50%....100% - 43 passes
==PROF== Profiling "onpair_shmem_4tpt": 0%....50%....100% - 43 passes
==PROF== Profiling "onpair_shmem_4tpt": 0%....50%....100% - 43 passes
==PROF== Profiling "onpair_shmem_4tpt": 0%....50%....100% - 43 passes
==PROF== Profiling "onpair_shmem_4tpt": 0%....50%....100% - 43 passes
==PROF== Profiling "onpair_shmem_4tpt": 0%....50%....100% - 43 passes
==PROF== Profiling "onpair_shmem_4tpt": 0%....50%....100% - 43 passes
==PROF== Profiling "onpair_shmem_4tpt": 0%....50%....100% - 43 passes
==PROF== Profiling "onpair_shmem_4tpt": 0%....50%....100% - 43 passes
==PROF== Profiling "onpair_shmem_4tpt": 0%....50%....100% - 43 passes
==PROF== Profiling "onpair_shmem_4tpt": 0%....50%....100% - 43 passes
==PROF== Profiling "onpair_shmem_4tpt": 0%....50%....100% - 43 passes
==PROF== Profiling "onpair_shmem_4tpt": 0%....50%....100% - 43 passes
==PROF== Profiling "onpair_shmem_4tpt": 0%....50%....100% - 43 passes
==PROF== Profiling "onpair_shmem_4tpt": 0%....50%....100% - 43 passes
==PROF== Profiling "onpair_shmem_4tpt": 0%....50%....100% - 43 passes
{
  "files": [
    "/home/ubuntu/work/vortex-bench/data/onpair-bench/synthetic/url/bits12_chunk1000mb_thr0.20/part_0000.vortex"
  ],
  "column": "url",
  "rows": 10000000,
  "in_memory_bytes": 95434222,
  "dict_bytes": 5376,
  "gpu": {
    "iterations": 30,
    "decoded_bytes": 923569389,
    "chunks": 1,
    "auto_kernel": "onpair_shmem_4tpt",
    "frac_le8": 0.18264306,
    "dict_mean_len": 11.739413,
    "dict_max_len": 16,
    "dict_entries_max": 976,
    "small_dict": true,
    "distinct_codes": 256,
    "access_top4096_frac": 1.0,
    "compressed_bytes": 157351436,
    "h2d_gib_s": 19.941374751196452,
    "whole_decompress_gib_s": 93.47094843996663,
    "best_kernel": "onpair_shmem_8tpt_b128",
    "auto_decode_ms": 1.85344,
    "best_decode_ms": 1.781792,
    "validated": false,
    "auto_decode_gib_s": 464.0781580194257,
    "best_decode_gib_s": 482.7392990873931,
    "kernels": [
      {
        "kernel": "onpair_shmem",
        "decode_ms": 2.446368,
        "decode_gib_s": 351.5991957054394,
        "decode_ns_iters": [
          2464768,
          2476032,
          2499584,
          2458432,
          2456416,
          2466816,
          2468864,
          2481152,
          2467840,
          2495488,
          2473984,
          2461696,
          2470912,
          2448384,
          2459648,
          2473984,
          2466816,
          2447360,
          2453504,
          2458624,
          2473984,
          2446368,
          2449536,
          2479104,
          2456576,
          2457600,
          2455552,
          2478080,
          2454528,
          2456576
        ],
        "applicable": true
      },
      {
        "kernel": "onpair_shmem_2tpt",
        "decode_ms": 2.139136,
        "decode_gib_s": 402.0973987626426,
        "decode_ns_iters": [
          2148352,
          2179072,
          2174976,
          2160640,
          2155520,
          2163712,
          2141184,
          2163712,
          2139136,
          2146304,
          2156544,
          2170880,
          2163712,
          2146304,
          2141280,
          2150560,
          2147328,
          2157568,
          2146304,
          2157664,
          2155520,
          2162688,
          2161664,
          2165760,
          2158560,
          2169696,
          2153472,
          2153472,
          2172928,
          2166784
        ],
        "applicable": true
      },
      {
        "kernel": "onpair_shmem_4tpt",
        "decode_ms": 1.85344,
        "decode_gib_s": 464.0781580194257,
        "decode_ns_iters": [
          1841781735,
          1824443340,
          1827235818,
          1837680697,
          1840408564,
          1836202025,
          1835226059,
          1832398772,
          1843541980,
          1825912833,
          1825606704,
          1834326029,
          1824718833,
          1836599231,
          1865728,
          1931264,
          1874944,
          1853440,
          1882048,
          1877856,
          1865920,
          1872864,
          1855488,
          1874944,
          1858560,
          1876000,
          1875776,
          1875968,
          1870752,
          1866752
        ],
        "applicable": true
      },
      {
        "kernel": "onpair_shmem_4tpt_wpb8",
        "decode_ms": 1.788928,
        "decode_gib_s": 480.8136611420495,
        "decode_ns_iters": [
          1801216,
          1805184,
          1799200,
          1794048,
          1808384,
          1804352,
          1800096,
          1822784,
          1835008,
          1826816,
          1818624,
          1804288,
          1823744,
          1826816,
          1835008,
          1810432,
          1847296,
          1806336,
          1794048,
          1788928,
          1822656,
          1810432,
          1800192,
          1807360,
          1816576,
          1799168,
          1808384,
          1799136,
          1823712,
          1820672
        ],
        "applicable": true
      },
      {
        "kernel": "onpair_shmem_4tpt_wpb8_occ",
        "decode_ms": 1.846272,
        "decode_gib_s": 465.8799035025849,
        "decode_ns_iters": [
          1887232,
          1869824,
          1869824,
          1864704,
          1864704,
          1861632,
          1895424,
          1878016,
          1865728,
          1883136,
          1871872,
          1860608,
          1846272,
          1873920,
          1870784,
          1865728,
          1875968,
          1861632,
          1854464,
          1871872,
          1882112,
          1862656,
          1868800,
          1863680,
          1858560,
          1867616,
          1868800,
          1858464,
          1867680,
          1878016
        ],
        "applicable": true
      },
      {
        "kernel": "onpair_shmem_4tpt_b128",
        "decode_ms": 1.851392,
        "decode_gib_s": 464.591518813695,
        "decode_ns_iters": [
          1876896,
          1861632,
          1878976,
          1865728,
          1862560,
          1861568,
          1870848,
          1881088,
          1869824,
          1875968,
          1867776,
          1881088,
          1872896,
          1878016,
          1873920,
          1877984,
          1885376,
          1868800,
          1873920,
          1882112,
          1873792,
          1859584,
          1851392,
          1888256,
          1875872,
          1871872,
          1910784,
          1879040,
          1878016,
          1875968
        ],
        "applicable": true
      },
      {
        "kernel": "onpair_shmem_4tpt_o6",
        "decode_ms": 1.87904,
        "decode_gib_s": 457.7555673107142,
        "decode_ns_iters": [
          1892544,
          1897344,
          1892352,
          1884160,
          1891392,
          1909760,
          1893376,
          1896448,
          1880032,
          1879040,
          1889280,
          1883296,
          1892352,
          1899360,
          1895424,
          1901568,
          1914880,
          1890304,
          1900544,
          1892352,
          1912000,
          1887232,
          1903616,
          1890304,
          1884160,
          1882112,
          1881088,
          1893216,
          1886208,
          1897472
        ],
        "applicable": true
      },
      {
        "kernel": "onpair_shmem_4tpt_b512o3",
        "decode_ms": 1.85856,
        "decode_gib_s": 462.7997057934769,
        "decode_ns_iters": [
          1868800,
          1864704,
          1861632,
          1863680,
          1865856,
          1869824,
          1874944,
          1868800,
          1892352,
          1880064,
          1881088,
          1859584,
          1858560,
          1878016,
          1866752,
          1859584,
          1859584,
          1860608,
          1872768,
          1867776,
          1873824,
          1873920,
          1878016,
          1879040,
          1863680,
          1869824,
          1867776,
          1867776,
          1867776,
          1881056
        ],
        "applicable": true
      },
      {
        "kernel": "onpair_shmem_4tpt_b128o12",
        "decode_ms": 1.873888,
        "decode_gib_s": 459.01410393765497,
        "decode_ns_iters": [
          1883136,
          1889280,
          1914880,
          1904640,
          1896640,
          1883136,
          1888256,
          1904640,
          1891328,
          1873888,
          1891328,
          1888256,
          1900544,
          1898496,
          1899520,
          1917952,
          1907712,
          1890304,
          1885184,
          1898496,
          1899520,
          1902592,
          1899520,
          1902592,
          1891200,
          1888256,
          1905664,
          1902592,
          1909760,
          1883136
        ],
        "applicable": true
      },
      {
        "kernel": "onpair_shmem_4tpt_b64",
        "decode_ms": 1.857632,
        "decode_gib_s": 463.0309023528473,
        "decode_ns_iters": [
          1871872,
          1862656,
          1862656,
          1874944,
          1876992,
          1881088,
          1857632,
          1872832,
          1878016,
          1876992,
          1859584,
          1873920,
          1871872,
          1869824,
          1871872,
          1872960,
          1859584,
          1874944,
          1876992,
          1879040,
          1890240,
          1866944,
          1866752,
          1864704,
          1882112,
          1874944,
          1873920,
          1882112,
          1871872,
          1870784
        ],
        "applicable": true
      },
      {
        "kernel": "onpair_shmem_4tpt_b64o24",
        "decode_ms": 1.881088,
        "decode_gib_s": 457.2571943468484,
        "decode_ns_iters": [
          1895520,
          1911808,
          1894400,
          1896448,
          1899520,
          1900384,
          1897472,
          1890304,
          1889280,
          1886208,
          1894400,
          1896416,
          1903616,
          1881088,
          1903680,
          1906624,
          1901568,
          1904640,
          1899360,
          1922048,
          1889280,
          1897472,
          1908736,
          1883200,
          1887424,
          1888256,
          1901568,
          1897472,
          1890304,
          1894400
        ],
        "applicable": true
      },
      {
        "kernel": "onpair_shmem_4tpt_split8read_b128o12",
        "decode_ms": 1.835936,
        "decode_gib_s": 468.5027262385641,
        "decode_ns_iters": [
          1866752,
          1852320,
          1847296,
          1841152,
          1845088,
          1835936,
          1842176,
          1850368,
          1840128,
          1845248,
          1853440,
          1850368,
          1860608,
          1851392,
          1851488,
          1848320,
          1857536,
          1836992,
          1854464,
          1841152,
          1841024,
          1845248,
          1848384,
          1860608,
          1852416,
          1844224,
          1839104,
          1849344,
          1856512,
          1842176
        ],
        "applicable": true
      },
      {
        "kernel": "onpair_shmem_4tpt_split8read_occ",
        "decode_ms": 1.81024,
        "decode_gib_s": 475.1530300951942,
        "decode_ns_iters": [
          1821696,
          1838080,
          1842176,
          1837056,
          1845248,
          1821888,
          1824768,
          1835008,
          1830912,
          1825952,
          1829888,
          1830752,
          1836032,
          1839104,
          1830912,
          1825792,
          1821696,
          1822688,
          1821696,
          1815552,
          1828864,
          1810240,
          1832096,
          1813504,
          1830912,
          1831808,
          1820672,
          1826816,
          1829888,
          1823744
        ],
        "applicable": true
      },
      {
        "kernel": "onpair_shmem_4tpt_split8",
        "decode_ms": 1.85344,
        "decode_gib_s": 464.0781580194257,
        "decode_ns_iters": [
          1878016,
          1867776,
          1868800,
          1853440,
          1856512,
          1865728,
          1865728,
          1861760,
          1858592,
          1855488,
          1855488,
          1863680,
          1867776,
          1886208,
          1871872,
          1867776,
          1867776,
          1882112,
          1869824,
          1868800,
          1858560,
          1877952,
          1860608,
          1857536,
          1854400,
          1865728,
          1889280,
          1869824,
          1862784,
          1859488
        ],
        "applicable": true
      },
      {
        "kernel": "onpair_shmem_4tpt_split8_wpb8",
        "decode_ms": 1.787904,
        "decode_gib_s": 481.08904124579647,
        "decode_ns_iters": [
          1809280,
          1815552,
          1793856,
          1829856,
          1801216,
          1810432,
          1802240,
          1802240,
          1816448,
          1839072,
          1814720,
          1824768,
          1816512,
          1822624,
          1815552,
          1793024,
          1806336,
          1803264,
          1820832,
          1787904,
          1824768,
          1804288,
          1834016,
          1800192,
          1819648,
          1825792,
          1820576,
          1790976,
          1814528,
          1813504
        ],
        "applicable": true
      },
      {
        "kernel": "onpair_shmem_4tpt_split8_wpb8_occ",
        "decode_ms": 1.844224,
        "decode_gib_s": 466.3972604193007,
        "decode_ns_iters": [
          1867776,
          1853440,
          1857536,
          1845248,
          1863680,
          1867712,
          1867776,
          1846272,
          1846272,
          1864704,
          1870944,
          1865728,
          1876992,
          1871872,
          1865728,
          1862848,
          1857536,
          1845312,
          1855488,
          1849344,
          1861632,
          1854464,
          1855488,
          1863680,
          1867776,
          1844224,
          1846336,
          1859584,
          1857536,
          1866752
        ],
        "applicable": true
      },
      {
        "kernel": "onpair_shmem_4tpt_pdict",
        "decode_ms": 2.174976,
        "decode_gib_s": 395.47150000713776,
        "decode_ns_iters": [
          2203616,
          2189312,
          2187264,
          2182144,
          2177952,
          2184192,
          2193408,
          2187264,
          2192576,
          2180096,
          2196672,
          2188288,
          2193408,
          2185152,
          2174976,
          2186112,
          2201600,
          2195456,
          2180096,
          2187264,
          2192384,
          2185216,
          2192384,
          2191360,
          2177024,
          2195456,
          2197504,
          2175072,
          2211840,
          2189312
        ],
        "applicable": true
      },
      {
        "kernel": "onpair_shmem_4tpt_vdict",
        "decode_ms": 2.125824,
        "decode_gib_s": 404.6153497182854,
        "decode_ns_iters": [
          2151424,
          2136096,
          2154496,
          2146304,
          2141184,
          2145344,
          2145280,
          2142208,
          2154496,
          2141184,
          2169856,
          2139136,
          2155520,
          2169024,
          2160640,
          2125824,
          2159616,
          2158592,
          2142208,
          2145280,
          2153472,
          2161664,
          2159616,
          2146304,
          2171904,
          2168832,
          2155520,
          2183168,
          2160640,
          2168832
        ],
        "applicable": true
      },
      {
        "kernel": "onpair_shmem_4tpt_split8read",
        "decode_ms": 1.809408,
        "decode_gib_s": 475.37151443981924,
        "decode_ns_iters": [
          1831936,
          1825632,
          1825664,
          1817600,
          1835008,
          1819648,
          1809408,
          1826816,
          1831936,
          1819648,
          1815552,
          1813504,
          1816576,
          1809408,
          1820672,
          1822720,
          1817632,
          1815552,
          1826816,
          1820576,
          1816576,
          1822912,
          1816576,
          1817600,
          1815552,
          1820672,
          1822720,
          1818624,
          1829920,
          1811392
        ],
        "applicable": true
      },
      {
        "kernel": "onpair_shmem_4tpt_ldcs",
        "decode_ms": 2.282464,
        "decode_gib_s": 376.84757402505556,
        "decode_ns_iters": [
          2314240,
          2306048,
          2305024,
          2290688,
          2288640,
          2300928,
          2283520,
          2298880,
          2293760,
          2291712,
          2305024,
          2294656,
          2295808,
          2299904,
          2300960,
          2297696,
          2296832,
          2282464,
          2299904,
          2289536,
          2302976,
          2300928,
          2285568,
          2324480,
          2300928,
          2309120,
          2290880,
          2290688,
          2310144,
          2293760
        ],
        "applicable": true
      },
      {
        "kernel": "onpair_shmem_4tpt_lenbucket",
        "decode_ms": 0.0,
        "decode_gib_s": 0.0,
        "applicable": false,
        "reason": "length-bucket dict not built (set ONPAIR_DICT_REORDER=lenbucket)"
      },
      {
        "kernel": "onpair_shmem_4tpt_lenbucket_b128",
        "decode_ms": 0.0,
        "decode_gib_s": 0.0,
        "applicable": false,
        "reason": "length-bucket dict not built (set ONPAIR_DICT_REORDER=lenbucket)"
      },
      {
        "kernel": "onpair_shmem_4tpt_regcache",
        "decode_ms": 1.821696,
        "decode_gib_s": 472.1649612226872,
        "decode_ns_iters": [
          1852416,
          1843200,
          1849344,
          1847456,
          1845248,
          1848320,
          1850368,
          1826816,
          1821696,
          1823744,
          1835904,
          1837056,
          1832960,
          1832960,
          1841152,
          1831936,
          1836128,
          1829856,
          1830912,
          1844224,
          1849344,
          1846272,
          1842176,
          1836896,
          1844096,
          1847296,
          1846272,
          1841152,
          1842176,
          1839104
        ],
        "applicable": true
      },
      {
        "kernel": "onpair_shmem_4tpt_split4read",
        "decode_ms": 1.825792,
        "decode_gib_s": 471.10570163497505,
        "decode_ns_iters": [
          1849344,
          1852288,
          1832064,
          1831936,
          1845312,
          1827840,
          1843072,
          1833984,
          1830912,
          1843200,
          1855456,
          1842176,
          1848256,
          1836000,
          1839040,
          1835104,
          1853408,
          1843200,
          1829888,
          1830976,
          1833984,
          1831936,
          1830912,
          1825792,
          1835008,
          1833984,
          1841152,
          1832960,
          1836032,
          1838080
        ],
        "applicable": true
      },
      {
        "kernel": "onpair_shmem_4tpt_split4read_b128o12",
        "decode_ms": 1.840128,
        "decode_gib_s": 467.43542905685064,
        "decode_ns_iters": [
          1844224,
          1847264,
          1859584,
          1858560,
          1860608,
          1856512,
          1843200,
          1855488,
          1862656,
          1840128,
          1851392,
          1865728,
          1860608,
          1860608,
          1855488,
          1855488,
          1855488,
          1873088,
          1845248,
          1847296,
          1850368,
          1853440,
          1853440,
          1848320,
          1850368,
          1845248,
          1845248,
          1855488,
          1858560,
          1840128
        ],
        "applicable": true
      },
      {
        "kernel": "onpair_shmem_4tpt_cluster_dsmem",
        "decode_ms": 0.0,
        "decode_gib_s": 0.0,
        "applicable": false,
        "reason": "thread-block clusters require sm_90+ (device cc 8.x)"
      },
      {
        "kernel": "onpair_shmem_8tpt",
        "decode_ms": 1.795072,
        "decode_gib_s": 479.16797833152344,
        "decode_ns_iters": [
          1799072,
          1811456,
          1809408,
          1809408,
          1802240,
          1797120,
          1798144,
          1809408,
          1813536,
          1805312,
          1802240,
          1798144,
          1806208,
          1812480,
          1800320,
          1805152,
          1816512,
          1811456,
          1810432,
          1795072,
          1799168,
          1814528,
          1803264,
          1803264,
          1819648,
          1822720,
          1828864,
          1830912,
          1819648,
          1810432
        ],
        "applicable": true
      },
      {
        "kernel": "onpair_shmem_8tpt_b128",
        "decode_ms": 1.781792,
        "decode_gib_s": 482.7392990873931,
        "decode_ns_iters": [
          1796096,
          1789856,
          1797120,
          1787904,
          1788928,
          1789088,
          1795072,
          1798144,
          1806336,
          1810368,
          1787744,
          1782784,
          1785856,
          1789920,
          1792000,
          1781792,
          1792000,
          1787904,
          1786880,
          1788928,
          1797120,
          1788832,
          1783808,
          1794208,
          1785760,
          1790976,
          1794048,
          1807360,
          1800192,
          1796992
        ],
        "applicable": true
      },
      {
        "kernel": "onpair_shmem_4tpt_vwidth",
        "decode_ms": 2.132992,
        "decode_gib_s": 403.255624587211,
        "decode_ns_iters": [
          2154496,
          2138112,
          2137088,
          2138144,
          2137984,
          2141184,
          2141184,
          2132992,
          2145280,
          2141184,
          2156544,
          2145248,
          2150400,
          2153472,
          2158560,
          2150400,
          2151424,
          2155456,
          2148352,
          2147264,
          2148352,
          2156544,
          2153472,
          2159456,
          2156544,
          2155392,
          2155520,
          2157568,
          2160640,
          2150400
        ],
        "applicable": true
      },
      {
        "kernel": "onpair_shmem_4tpt_vwidth_b128",
        "decode_ms": 3.598336,
        "decode_gib_s": 239.03855037426308,
        "decode_ns_iters": [
          3647488,
          3648384,
          3645440,
          3686400,
          3628032,
          3625984,
          3628032,
          3624960,
          3625952,
          3625856,
          3624960,
          3624960,
          3623936,
          3612672,
          3614720,
          3600384,
          3599392,
          3599360,
          3598336,
          3611456,
          3619744,
          3623936,
          3622912,
          3623936,
          3622912,
          3622912,
          3623840,
          3623936,
          3623936,
          3617792
        ],
        "applicable": true
      },
      {
        "kernel": "onpair_shmem_4tpt_vwidth4",
        "decode_ms": 1.883136,
        "decode_gib_s": 456.75990539160443,
        "decode_ns_iters": [
          1895296,
          1904512,
          1909760,
          1897472,
          1897472,
          1909760,
          1905472,
          1914880,
          1883136,
          1902592,
          1915904,
          1912768,
          1926144,
          1921024,
          1907712,
          1924096,
          1918976,
          1934336,
          1939456,
          1917888,
          1913856,
          1916928,
          1909760,
          1911808,
          1911808,
          1910784,
          1889184,
          1917952,
          1918912,
          1909760
        ],
        "applicable": true
      },
      {
        "kernel": "onpair_shmem_4tpt_vwidth4_b128",
        "decode_ms": 1.927168,
        "decode_gib_s": 446.3238395404679,
        "decode_ns_iters": [
          1940480,
          1949888,
          1960960,
          1964032,
          1947648,
          1961856,
          1953792,
          1944576,
          1944576,
          1957888,
          1940480,
          1977344,
          1964032,
          1961984,
          1942528,
          1963008,
          1958912,
          1949696,
          1941504,
          1927168,
          1967104,
          1978368,
          1967104,
          1974272,
          1945600,
          1937408,
          1933312,
          1957888,
          1964032,
          1948672
        ],
        "applicable": true
      },
      {
        "kernel": "onpair_shmem_4tpt_shdict8",
        "decode_ms": 2.311168,
        "decode_gib_s": 372.1672423638284,
        "decode_ns_iters": [
          2329600,
          2311168,
          2311168,
          2314240,
          2353312,
          2322432,
          2332672,
          2315264,
          2326688,
          2356224,
          2357248,
          2321408,
          2322432,
          2339840,
          2348032,
          2341888,
          2337792,
          2344960,
          2344800,
          2331648,
          2347104,
          2332672,
          2318336,
          2334720,
          2329600,
          2321568,
          2335936,
          2357248,
          2319360,
          2360320
        ],
        "applicable": true
      },
      {
        "kernel": "onpair_shmem_4tpt_ablate",
        "decode_ms": 1.872896,
        "decode_gib_s": 459.2572258147406,
        "decode_ns_iters": [
          1893376,
          1886208,
          1894400,
          1904640,
          1883136,
          1894400,
          1901568,
          1896448,
          1911808,
          1889280,
          1887424,
          1904640,
          1920000,
          1886304,
          1899520,
          1889280,
          1882112,
          1891328,
          1872896,
          1903616,
          1895424,
          1902592,
          1897472,
          1895424,
          1887232,
          1897472,
          1890304,
          1892352,
          1907808,
          1882112
        ],
        "applicable": true
      },
      {
        "kernel": "onpair_shmem_4tpt_ablate_nogather",
        "decode_ms": 1.898432,
        "decode_gib_s": 453.0797106240964,
        "decode_ns_iters": [
          1903616,
          1900608,
          1904640,
          1898432,
          1907616,
          1902624,
          1915904,
          1910784,
          1915904,
          1907712,
          1904640,
          1906688,
          1904640,
          1906688,
          1907712,
          1904640,
          1905504,
          1907712,
          1902560,
          1903584,
          1899520,
          1908736,
          1925120,
          1901568,
          1915904,
          1914720,
          1901568,
          1905664,
          1900544,
          1903616
        ],
        "applicable": true
      },
      {
        "kernel": "onpair_shmem_4tpt_ablate_noemit",
        "decode_ms": 1.951872,
        "decode_gib_s": 440.67491167429233,
        "decode_ns_iters": [
          1966208,
          1965024,
          1966080,
          1967104,
          1957888,
          1961984,
          1962944,
          1951872,
          1960064,
          1958912,
          1966080,
          1972224,
          1958912,
          1960960,
          1963008,
          1958912,
          1965056,
          1966080,
          1960928,
          1968128,
          1960960,
          1967104,
          1965056,
          1959936,
          1966080,
          1959936,
          1968032,
          1964032,
          1961952,
          1958912
        ],
        "applicable": true
      },
      {
        "kernel": "onpair_shmem_4tpt_ablate_nodrain",
        "decode_ms": 0.555008,
        "decode_gib_s": 1549.7813026109975,
        "decode_ns_iters": [
          564352,
          560000,
          563200,
          575488,
          559104,
          557248,
          556032,
          561152,
          559104,
          557056,
          559104,
          558080,
          564224,
          577536,
          555008,
          556032,
          559104,
          560128,
          560128,
          556032,
          556032,
          558080,
          556032,
          572416,
          559104,
          560288,
          557056,
          559104,
          559104,
          559968
        ],
        "applicable": true
      },
      {
        "kernel": "onpair_shmem_4tpt_ablate_noscan",
        "decode_ms": 1.640448,
        "decode_gib_s": 524.3330000094636,
        "decode_ns_iters": [
          1646592,
          1669120,
          1656000,
          1658880,
          1666048,
          1652736,
          1660928,
          1642496,
          1665024,
          1649664,
          1655808,
          1659904,
          1646592,
          1640448,
          1653728,
          1647616,
          1642400,
          1647712,
          1640448,
          1667072,
          1643520,
          1664000,
          1667072,
          1655808,
          1651712,
          1667072,
          1652576,
          1651744,
          1647616,
          1646592
        ],
        "applicable": true
      },
      {
        "kernel": "onpair_shmem_4tpt_ablate_cfree",
        "decode_ms": 1.875968,
        "decode_gib_s": 458.50516703884307,
        "decode_ns_iters": [
          1889280,
          1898496,
          1898496,
          1897472,
          1875968,
          1891328,
          1891328,
          1890304,
          1880000,
          1888256,
          1885120,
          1894400,
          1886368,
          1898496,
          1883136,
          1882208,
          1892352,
          1885184,
          1884160,
          1902592,
          1884160,
          1879040,
          1890464,
          1910784,
          1887232,
          1899520,
          1884064,
          1880064,
          1884160,
          1878016
        ],
        "applicable": true
      },
      {
        "kernel": "onpair_shmem_s8",
        "decode_ms": 0.0,
        "decode_gib_s": 0.0,
        "applicable": false,
        "reason": "dictionary entry longer than 8 bytes"
      },
      {
        "kernel": "onpair_shmem_s8_2tpt",
        "decode_ms": 0.0,
        "decode_gib_s": 0.0,
        "applicable": false,
        "reason": "dictionary entry longer than 8 bytes"
      },
      {
        "kernel": "onpair_shmem_s8_4tpt",
        "decode_ms": 0.0,
        "decode_gib_s": 0.0,
        "applicable": false,
        "reason": "dictionary entry longer than 8 bytes"
      },
      {
        "kernel": "onpair_shmem_s8_8tpt",
        "decode_ms": 0.0,
        "decode_gib_s": 0.0,
        "applicable": false,
        "reason": "dictionary entry longer than 8 bytes"
      },
      {
        "kernel": "onpair_shmem_s4l1",
        "decode_ms": 0.0,
        "decode_gib_s": 0.0,
        "applicable": false,
        "reason": "dictionary entry longer than 4 bytes"
      },
      {
        "kernel": "onpair_shmem_s4l1_2tpt",
        "decode_ms": 0.0,
        "decode_gib_s": 0.0,
        "applicable": false,
        "reason": "dictionary entry longer than 4 bytes"
      },
      {
        "kernel": "onpair_shmem_s4l1_4tpt",
        "decode_ms": 0.0,
        "decode_gib_s": 0.0,
        "applicable": false,
        "reason": "dictionary entry longer than 4 bytes"
      },
      {
        "kernel": "onpair_shmem_s4l1_8tpt",
        "decode_ms": 0.0,
        "decode_gib_s": 0.0,
        "applicable": false,
        "reason": "dictionary entry longer than 4 bytes"
      },
      {
        "kernel": "onpair_shmem_s4l1_16tpt",
        "decode_ms": 0.0,
        "decode_gib_s": 0.0,
        "applicable": false,
        "reason": "dictionary entry longer than 4 bytes"
      },
      {
        "kernel": "onpair_shmem_s4l1_32tpt",
        "decode_ms": 0.0,
        "decode_gib_s": 0.0,
        "applicable": false,
        "reason": "dictionary entry longer than 4 bytes"
      },
      {
        "kernel": "onpair_shmem_const1",
        "decode_ms": 0.0,
        "decode_gib_s": 0.0,
        "applicable": false,
        "reason": "not every dictionary entry is exactly 1 byte"
      },
      {
        "kernel": "onpair_shmem_const2",
        "decode_ms": 0.0,
        "decode_gib_s": 0.0,
        "applicable": false,
        "reason": "not every dictionary entry is exactly 2 bytes"
      }
    ]
  }
}
==PROF== Disconnected from process 37201
==PROF== Report: /home/ubuntu/work/shdict_ncu_synthetic_url_b12_onpair_shmem_4tpt.ncu-rep
