==PROF== Connected to process 34200 (/home/ubuntu/work/target/release/onpair-chunk-bench)
2026-08-13T03:13:45.329520Z  INFO vortex_cuda: vortex-cuda/src/lib.rs:111: Registering CUDA kernels
==PROF== Profiling "onpair_shmem_4tpt_split8read": 0%....50%....100% - 43 passes
==PROF== Profiling "onpair_shmem_4tpt_split8read": 0%....50%....100% - 43 passes
==PROF== Profiling "onpair_shmem_4tpt_split8read": 0%....50%....100% - 43 passes
==PROF== Profiling "onpair_shmem_4tpt_split8read": 0%....50%....100% - 43 passes
==PROF== Profiling "onpair_shmem_4tpt_split8read": 0%....50%....100% - 43 passes
==PROF== Profiling "onpair_shmem_4tpt_split8read": 0%....50%....100% - 43 passes
==PROF== Profiling "onpair_shmem_4tpt_split8read": 0%....50%....100% - 43 passes
==PROF== Profiling "onpair_shmem_4tpt_split8read": 0%....50%....100% - 43 passes
==PROF== Profiling "onpair_shmem_4tpt_split8read": 0%....50%....100% - 43 passes
==PROF== Profiling "onpair_shmem_4tpt_split8read": 0%....50%....100% - 43 passes
==PROF== Profiling "onpair_shmem_4tpt_split8read": 0%....50%....100% - 43 passes
==PROF== Profiling "onpair_shmem_4tpt_split8read": 0%....50%....100% - 43 passes
==PROF== Profiling "onpair_shmem_4tpt_split8read": 0%....50%....100% - 43 passes
==PROF== Profiling "onpair_shmem_4tpt_split8read": 0%....50%....100% - 43 passes
==PROF== Profiling "onpair_shmem_4tpt_split8read": 0%....50%....100% - 43 passes
==PROF== Profiling "onpair_shmem_4tpt_split8read": 0%....50%....100% - 43 passes
{
  "files": [
    "/home/ubuntu/work/vortex-bench/data/onpair-bench/clickbench/URL/bits12_chunk1000mb_thr0.20/part_0000.vortex"
  ],
  "column": "URL",
  "rows": 12254692,
  "in_memory_bytes": 345721947,
  "dict_bytes": 21154,
  "gpu": {
    "iterations": 30,
    "decoded_bytes": 999999995,
    "chunks": 1,
    "auto_kernel": "onpair_shmem_4tpt",
    "frac_le8": 0.8109308,
    "dict_mean_len": 4.6936812,
    "dict_max_len": 16,
    "dict_entries_max": 4096,
    "small_dict": true,
    "distinct_codes": 4015,
    "access_top4096_frac": 1.0,
    "compressed_bytes": 426130024,
    "h2d_gib_s": 20.033737615493997,
    "whole_decompress_gib_s": 41.358790490595005,
    "best_kernel": "onpair_shmem_4tpt_split4read",
    "auto_decode_ms": 2.70832,
    "best_decode_ms": 2.23456,
    "validated": false,
    "auto_decode_gib_s": 343.87464182920246,
    "best_decode_gib_s": 416.7811873294365,
    "kernels": [
      {
        "kernel": "onpair_shmem",
        "decode_ms": 2.548736,
        "decode_gib_s": 365.4056638109501,
        "decode_ns_iters": [
          2548736,
          2551648,
          2567104,
          2548928,
          2549728,
          2552832,
          2554880,
          2548864,
          2550784,
          2549760,
          2548736,
          2553856,
          2565120,
          2553856,
          2555904,
          2552832,
          2552832,
          2554816,
          2555904,
          2583520,
          2569216,
          2570240,
          2565184,
          2570240,
          2569216,
          2569216,
          2586816,
          2577408,
          2575360,
          2579456
        ],
        "applicable": true
      },
      {
        "kernel": "onpair_shmem_2tpt",
        "decode_ms": 2.36032,
        "decode_gib_s": 394.57470595464406,
        "decode_ns_iters": [
          2381824,
          2392064,
          2374688,
          2390016,
          2372672,
          2382848,
          2378752,
          2382848,
          2387968,
          2388992,
          2383872,
          2383872,
          2376704,
          2390880,
          2392064,
          2366464,
          2384896,
          2372608,
          2374592,
          2362368,
          2360320,
          2397184,
          2384896,
          2368640,
          2377728,
          2376704,
          2378752,
          2393088,
          2370560,
          2375680
        ],
        "applicable": true
      },
      {
        "kernel": "onpair_shmem_4tpt",
        "decode_ms": 2.70832,
        "decode_gib_s": 343.87464182920246,
        "decode_ns_iters": [
          2735104,
          2723808,
          2725728,
          2722816,
          2725888,
          2735104,
          2723840,
          2719744,
          2708480,
          2708480,
          2709504,
          2708416,
          2709504,
          2708416,
          2711552,
          2721792,
          2723776,
          2720768,
          2720768,
          2721792,
          2731008,
          2718720,
          2731008,
          2722816,
          2721824,
          2720768,
          2717696,
          2724864,
          2724864,
          2708320
        ],
        "applicable": true
      },
      {
        "kernel": "onpair_shmem_4tpt_wpb8",
        "decode_ms": 2.850816,
        "decode_gib_s": 326.6863136585685,
        "decode_ns_iters": [
          2868224,
          2865280,
          2866176,
          2866080,
          2866176,
          2866176,
          2864128,
          2865984,
          2866176,
          2867200,
          2869184,
          2865152,
          2870272,
          2869088,
          2866176,
          2867200,
          2869248,
          2866176,
          2874368,
          2867200,
          2864128,
          2867200,
          2866176,
          2853888,
          2857024,
          2853888,
          2854912,
          2850816,
          2854912,
          2850816
        ],
        "applicable": true
      },
      {
        "kernel": "onpair_shmem_4tpt_wpb8_occ",
        "decode_ms": 2.774016,
        "decode_gib_s": 335.73078524380014,
        "decode_ns_iters": [
          2776064,
          2774016,
          2774016,
          2786176,
          2787328,
          2791424,
          2791424,
          2787328,
          2790400,
          2790400,
          2786304,
          2808768,
          2806784,
          2804736,
          2806784,
          2804864,
          2804704,
          2805760,
          2804736,
          2806944,
          2806784,
          2806656,
          2815840,
          2822176,
          2832384,
          2842528,
          2823168,
          2823168,
          2824192,
          2824192
        ],
        "applicable": true
      },
      {
        "kernel": "onpair_shmem_4tpt_b128",
        "decode_ms": 2.89808,
        "decode_gib_s": 321.3584752521896,
        "decode_ns_iters": [
          2917376,
          2918400,
          2916192,
          2914304,
          2917376,
          2909184,
          2898080,
          2900992,
          2899968,
          2914304,
          2909184,
          2898752,
          2904064,
          2898944,
          2902016,
          2902016,
          2900992,
          2902016,
          2903040,
          2900992,
          2899776,
          2902016,
          2900992,
          2919424,
          2904032,
          2901184,
          2903040,
          2902176,
          2902016,
          2900992
        ],
        "applicable": true
      },
      {
        "kernel": "onpair_shmem_4tpt_o6",
        "decode_ms": 2.90304,
        "decode_gib_s": 320.80941701074244,
        "decode_ns_iters": [
          2903040,
          2906112,
          2904064,
          2907008,
          2905056,
          2905088,
          2906112,
          2904064,
          2903040,
          2912256,
          2906112,
          2906112,
          2921472,
          2905088,
          2904064,
          2907136,
          2906112,
          2904064,
          2906112,
          2906112,
          2909376,
          2909088,
          2905088,
          2909088,
          2906112,
          2909184,
          2921472,
          2905088,
          2905088,
          2903040
        ],
        "applicable": true
      },
      {
        "kernel": "onpair_shmem_4tpt_b512o3",
        "decode_ms": 2.753536,
        "decode_gib_s": 338.22785318908694,
        "decode_ns_iters": [
          2754560,
          2755456,
          2755552,
          2753536,
          2760576,
          2758752,
          2770944,
          2777088,
          2759680,
          2756768,
          2769760,
          2757632,
          2761728,
          2756608,
          2757632,
          2757632,
          2757504,
          2759616,
          2759680,
          2759680,
          2762752,
          2779136,
          2790336,
          2774976,
          2772928,
          2771872,
          2772992,
          2760704,
          2758656,
          2754560
        ],
        "applicable": true
      },
      {
        "kernel": "onpair_shmem_4tpt_b128o12",
        "decode_ms": 2.983776,
        "decode_gib_s": 312.1288494708938,
        "decode_ns_iters": [
          3004480,
          2997248,
          2985120,
          2984864,
          2983808,
          2996224,
          2987008,
          2983776,
          2987008,
          2985984,
          2987936,
          2985984,
          2994176,
          2988032,
          2988960,
          2987872,
          2987968,
          2987040,
          3004416,
          2987008,
          2992128,
          3005440,
          3001344,
          3004416,
          3021792,
          3015488,
          3010560,
          3006464,
          2987904,
          2988032
        ],
        "applicable": true
      },
      {
        "kernel": "onpair_shmem_4tpt_b64",
        "decode_ms": 2.920448,
        "decode_gib_s": 318.8971589149561,
        "decode_ns_iters": [
          2920448,
          2937856,
          2939904,
          2951168,
          2941952,
          2944000,
          2940928,
          2965504,
          2998272,
          2998272,
          2996224,
          3001216,
          2998208,
          2998272,
          2998272,
          2997248,
          3013632,
          2998272,
          2997248,
          2996224,
          3009536,
          3016704,
          3026944,
          3016704,
          3012736,
          3013632,
          3013632,
          3015520,
          3015552,
          3013728
        ],
        "applicable": true
      },
      {
        "kernel": "onpair_shmem_4tpt_b64o24",
        "decode_ms": 3.11184,
        "decode_gib_s": 299.283565337185,
        "decode_ns_iters": [
          3163136,
          3154944,
          3152896,
          3162304,
          3152064,
          3149760,
          3133440,
          3117056,
          3128320,
          3113984,
          3115008,
          3111840,
          3122176,
          3149824,
          3150848,
          3165184,
          3150848,
          3151712,
          3157920,
          3170368,
          3172352,
          3171328,
          3172352,
          3171328,
          3172480,
          3166208,
          3150848,
          3154944,
          3155968,
          3155968
        ],
        "applicable": true
      },
      {
        "kernel": "onpair_shmem_4tpt_split8read_b128o12",
        "decode_ms": 3.288064,
        "decode_gib_s": 283.24344354576607,
        "decode_ns_iters": [
          3430240,
          3430400,
          3430400,
          3430400,
          3394560,
          3383296,
          3384320,
          3380224,
          3380160,
          3378176,
          3357888,
          3368960,
          3358720,
          3358720,
          3358720,
          3343360,
          3337248,
          3336192,
          3335168,
          3337216,
          3336192,
          3311616,
          3309568,
          3313664,
          3311616,
          3313664,
          3303552,
          3291136,
          3290272,
          3288064
        ],
        "applicable": true
      },
      {
        "kernel": "onpair_shmem_4tpt_split8read_occ",
        "decode_ms": 3.034112,
        "decode_gib_s": 306.9506234307981,
        "decode_ns_iters": [
          3034144,
          3036160,
          3034112,
          3034112,
          3034112,
          3034112,
          3040128,
          3066880,
          3052544,
          3054592,
          3054592,
          3056640,
          3056640,
          3076096,
          3074944,
          3073024,
          3083264,
          3072896,
          3070976,
          3088384,
          3114912,
          3094528,
          3095552,
          3096576,
          3095552,
          3095552,
          3094528,
          3097600,
          3095552,
          3095552
        ],
        "applicable": true
      },
      {
        "kernel": "onpair_shmem_4tpt_split8",
        "decode_ms": 2.820096,
        "decode_gib_s": 330.24498809929366,
        "decode_ns_iters": [
          2823168,
          2827264,
          2824192,
          2823168,
          2822144,
          2822144,
          2824192,
          2824032,
          2824192,
          2822336,
          2820096,
          2830368,
          2823168,
          2850624,
          2847744,
          2848768,
          2854912,
          2849792,
          2847744,
          2851840,
          2854912,
          2859968,
          2859008,
          2860032,
          2860032,
          2859936,
          2860032,
          2844544,
          2844672,
          2838528
        ],
        "applicable": true
      },
      {
        "kernel": "onpair_shmem_4tpt_split8_wpb8",
        "decode_ms": 2.945024,
        "decode_gib_s": 316.2359865178911,
        "decode_ns_iters": [
          2981888,
          2968640,
          2969472,
          2970624,
          2972672,
          2969600,
          2970624,
          2965504,
          2958336,
          2961408,
          2959360,
          2961408,
          2961408,
          2958240,
          2959360,
          2959360,
          2958176,
          2962432,
          2959360,
          2959232,
          2967552,
          2960384,
          2971648,
          2964384,
          2958336,
          2958336,
          2948096,
          2947072,
          2945024,
          2947072
        ],
        "applicable": true
      },
      {
        "kernel": "onpair_shmem_4tpt_split8_wpb8_occ",
        "decode_ms": 2.82736,
        "decode_gib_s": 329.39652890288664,
        "decode_ns_iters": [
          2831360,
          2831360,
          2833408,
          2829312,
          2829312,
          2830336,
          2827360,
          2845824,
          2844672,
          2847584,
          2843648,
          2845568,
          2845696,
          2846720,
          2846528,
          2846560,
          2846720,
          2845568,
          2847744,
          2851840,
          2847744,
          2848768,
          2849792,
          2863104,
          2866176,
          2865152,
          2866176,
          2861056,
          2864128,
          2862080
        ],
        "applicable": true
      },
      {
        "kernel": "onpair_shmem_4tpt_pdict",
        "decode_ms": 3.076096,
        "decode_gib_s": 302.76121745188243,
        "decode_ns_iters": [
          3103680,
          3107840,
          3081216,
          3085312,
          3097600,
          3098464,
          3096512,
          3086336,
          3087360,
          3076096,
          3089600,
          3081216,
          3093504,
          3082240,
          3105792,
          3098624,
          3086176,
          3092480,
          3081216,
          3079168,
          3088384,
          3085216,
          3088384,
          3090560,
          3103744,
          3082240,
          3101696,
          3091456,
          3082240,
          3098624
        ],
        "applicable": true
      },
      {
        "kernel": "onpair_shmem_4tpt_vdict",
        "decode_ms": 2.721856,
        "decode_gib_s": 342.16452669019435,
        "decode_ns_iters": [
          2750464,
          2758656,
          2747392,
          2747392,
          2753536,
          2726912,
          2744288,
          2727936,
          2754560,
          2723840,
          2736128,
          2740224,
          2735104,
          2739200,
          2721856,
          2737344,
          2721888,
          2736128,
          2737152,
          2734080,
          2735104,
          2751488,
          2756608,
          2727936,
          2733056,
          2746368,
          2734048,
          2743296,
          2725888,
          2725888
        ],
        "applicable": true
      },
      {
        "kernel": "onpair_shmem_4tpt_split8read",
        "decode_ms": 2.874368,
        "decode_gib_s": 324.0095109460117,
        "decode_ns_iters": [
          2503252983,
          2494950533,
          2489190340,
          2500876188,
          2510272503,
          2497009754,
          2501131058,
          2510953426,
          2509162664,
          2494976759,
          2508095503,
          2494092226,
          2496455669,
          2495858669,
          2897920,
          2876416,
          2876416,
          2874368,
          2876416,
          2876416,
          2874368,
          2875392,
          2876416,
          2877440,
          2875392,
          2893824,
          2876416,
          2875392,
          2875392,
          2876256
        ],
        "applicable": true
      },
      {
        "kernel": "onpair_shmem_4tpt_ldcs",
        "decode_ms": 2.624512,
        "decode_gib_s": 354.85551979143764,
        "decode_ns_iters": [
          2626464,
          2628448,
          2626688,
          2627584,
          2626560,
          2627584,
          2626624,
          2624512,
          2625536,
          2627488,
          2627584,
          2628608,
          2628608,
          2627584,
          2627584,
          2625536,
          2628608,
          2627584,
          2626560,
          2629632,
          2630656,
          2674752,
          2690048,
          2669568,
          2676576,
          2672608,
          2688000,
          2685952,
          2686976,
          2685952
        ],
        "applicable": true
      },
      {
        "kernel": "onpair_shmem_4tpt_lenbucket",
        "decode_ms": 0.0,
        "decode_gib_s": 0.0,
        "applicable": false,
        "reason": "length-bucket dict not built (set ONPAIR_DICT_REORDER=lenbucket)"
      },
      {
        "kernel": "onpair_shmem_4tpt_lenbucket_b128",
        "decode_ms": 0.0,
        "decode_gib_s": 0.0,
        "applicable": false,
        "reason": "length-bucket dict not built (set ONPAIR_DICT_REORDER=lenbucket)"
      },
      {
        "kernel": "onpair_shmem_4tpt_regcache",
        "decode_ms": 2.845696,
        "decode_gib_s": 327.27409040138707,
        "decode_ns_iters": [
          2857984,
          2846720,
          2846720,
          2845696,
          2845696,
          2847904,
          2848768,
          2863104,
          2866176,
          2866176,
          2866176,
          2865152,
          2869248,
          2868224,
          2885632,
          2887680,
          2885632,
          2905024,
          2887680,
          2887680,
          2889600,
          2886752,
          2887520,
          2888704,
          2887680,
          2887680,
          2888704,
          2884608,
          2887680,
          2895872
        ],
        "applicable": true
      },
      {
        "kernel": "onpair_shmem_4tpt_split4read",
        "decode_ms": 2.23456,
        "decode_gib_s": 416.7811873294365,
        "decode_ns_iters": [
          2240512,
          2242400,
          2240512,
          2242560,
          2239488,
          2239488,
          2239488,
          2255872,
          2234560,
          2237440,
          2245792,
          2264064,
          2258944,
          2253824,
          2270208,
          2256896,
          2254784,
          2255872,
          2256896,
          2268224,
          2264000,
          2282560,
          2264064,
          2267136,
          2269184,
          2269312,
          2267136,
          2266112,
          2280448,
          2277376
        ],
        "applicable": true
      },
      {
        "kernel": "onpair_shmem_4tpt_split4read_b128o12",
        "decode_ms": 2.747392,
        "decode_gib_s": 338.9842330322232,
        "decode_ns_iters": [
          2830336,
          2828288,
          2789376,
          2790400,
          2793472,
          2791424,
          2790400,
          2789344,
          2780000,
          2752480,
          2752512,
          2755584,
          2753536,
          2770944,
          2752480,
          2755584,
          2750336,
          2754560,
          2752512,
          2753536,
          2749440,
          2750400,
          2749440,
          2747392,
          2750464,
          2749248,
          2749440,
          2765792,
          2748416,
          2750464
        ],
        "applicable": true
      },
      {
        "kernel": "onpair_shmem_4tpt_cluster_dsmem",
        "decode_ms": 0.0,
        "decode_gib_s": 0.0,
        "applicable": false,
        "reason": "thread-block clusters require sm_90+ (device cc 8.x)"
      },
      {
        "kernel": "onpair_shmem_8tpt",
        "decode_ms": 2.7392,
        "decode_gib_s": 339.99801765437564,
        "decode_ns_iters": [
          2818208,
          2823168,
          2823168,
          2805760,
          2782208,
          2781184,
          2783168,
          2778112,
          2779136,
          2783072,
          2795520,
          2796544,
          2783136,
          2780288,
          2782208,
          2781184,
          2781024,
          2746368,
          2741248,
          2740320,
          2741248,
          2740224,
          2741088,
          2740224,
          2741248,
          2757632,
          2741248,
          2741248,
          2739200,
          2743296
        ],
        "applicable": true
      },
      {
        "kernel": "onpair_shmem_8tpt_b128",
        "decode_ms": 2.799616,
        "decode_gib_s": 332.6608256128218,
        "decode_ns_iters": [
          2822144,
          2822144,
          2822144,
          2822144,
          2820096,
          2808768,
          2805760,
          2799680,
          2801664,
          2802688,
          2805760,
          2803712,
          2802592,
          2803712,
          2821152,
          2820960,
          2817024,
          2820096,
          2799680,
          2799616,
          2801664,
          2801664,
          2799616,
          2800640,
          2801728,
          2813952,
          2801664,
          2802592,
          2803712,
          2800640
        ],
        "applicable": true
      },
      {
        "kernel": "onpair_shmem_4tpt_vwidth",
        "decode_ms": 6.583296,
        "decode_gib_s": 141.46752173362182,
        "decode_ns_iters": [
          6648832,
          6636480,
          6647808,
          6635520,
          6641696,
          6654976,
          6641600,
          6635520,
          6637568,
          6639616,
          6633600,
          6666240,
          6640640,
          6644736,
          6648896,
          6637568,
          6644576,
          6632448,
          6661120,
          6641664,
          6637568,
          6645856,
          6597696,
          6593536,
          6612992,
          6594560,
          6583296,
          6589280,
          6595712,
          6596768
        ],
        "applicable": true
      },
      {
        "kernel": "onpair_shmem_4tpt_vwidth_b128",
        "decode_ms": 13.010944,
        "decode_gib_s": 71.57993839331455,
        "decode_ns_iters": [
          13209729,
          13106177,
          13020160,
          13016991,
          13088608,
          13299712,
          13305696,
          13308832,
          13301664,
          13216768,
          13267968,
          13300736,
          13304832,
          13255680,
          13190144,
          13020160,
          13132800,
          13172736,
          13010944,
          13014016,
          13017088,
          13015040,
          13015040,
          13010944,
          13025216,
          13013120,
          13016064,
          13013120,
          13015040,
          13017088
        ],
        "applicable": true
      },
      {
        "kernel": "onpair_shmem_4tpt_vwidth4",
        "decode_ms": 3.488768,
        "decode_gib_s": 266.9488398078822,
        "decode_ns_iters": [
          3490880,
          3490816,
          3492832,
          3489792,
          3488768,
          3492832,
          3496960,
          3491840,
          3514368,
          3553280,
          3560448,
          3556352,
          3555328,
          3554176,
          3575808,
          3576768,
          3575776,
          3576832,
          3592032,
          3574784,
          3575808,
          3574784,
          3595264,
          3578880,
          3577856,
          3576832,
          3580928,
          3576832,
          3578880,
          3577856
        ],
        "applicable": true
      },
      {
        "kernel": "onpair_shmem_4tpt_vwidth4_b128",
        "decode_ms": 3.808256,
        "decode_gib_s": 244.55356203964902,
        "decode_ns_iters": [
          3836928,
          3836928,
          3836832,
          3823616,
          3810304,
          3809280,
          3808256,
          3811488,
          3835904,
          3832672,
          3832832,
          3833856,
          3834784,
          3836864,
          3834880,
          3836928,
          3834880,
          3836864,
          3834880,
          3837056,
          3835776,
          3854336,
          3862464,
          3862528,
          3862368,
          3863392,
          3862528,
          3871744,
          3889152,
          3888128
        ],
        "applicable": true
      },
      {
        "kernel": "onpair_shmem_4tpt_shdict8",
        "decode_ms": 4.067328,
        "decode_gib_s": 228.9765098754921,
        "decode_ns_iters": [
          4121600,
          4122624,
          4116480,
          4108448,
          4111360,
          4097024,
          4087808,
          4091904,
          4098048,
          4090880,
          4081664,
          4086912,
          4107264,
          4094880,
          4067328,
          4083584,
          4088832,
          4074496,
          4081664,
          4082688,
          4099072,
          4076544,
          4082688,
          4068352,
          4096000,
          4086784,
          4089760,
          4073472,
          4081664,
          4079616
        ],
        "applicable": true
      },
      {
        "kernel": "onpair_shmem_4tpt_ablate",
        "decode_ms": 2.92976,
        "decode_gib_s": 317.88357065386435,
        "decode_ns_iters": [
          2932736,
          2933760,
          2932736,
          2931712,
          2932608,
          2929760,
          2931616,
          2931552,
          2967680,
          2966528,
          2965504,
          2966528,
          2968576,
          2964480,
          2994176,
          3006464,
          3004416,
          3006464,
          3004416,
          3006464,
          3000320,
          3000288,
          2988032,
          2987008,
          2989056,
          2989056,
          2984960,
          3006528,
          3008480,
          3005312
        ],
        "applicable": true
      },
      {
        "kernel": "onpair_shmem_4tpt_ablate_nogather",
        "decode_ms": 2.305984,
        "decode_gib_s": 403.8720866922171,
        "decode_ns_iters": [
          2310144,
          2321408,
          2319264,
          2312192,
          2305984,
          2324480,
          2316288,
          2319360,
          2319232,
          2325504,
          2314240,
          2314240,
          2320384,
          2314240,
          2312192,
          2311168,
          2312192,
          2319360,
          2329632,
          2311104,
          2327552,
          2319360,
          2312192,
          2319360,
          2322240,
          2310144,
          2319360,
          2308096,
          2308096,
          2334720
        ],
        "applicable": true
      },
      {
        "kernel": "onpair_shmem_4tpt_ablate_noemit",
        "decode_ms": 2.330624,
        "decode_gib_s": 399.602239554242,
        "decode_ns_iters": [
          2336608,
          2337856,
          2337792,
          2344960,
          2343936,
          2340832,
          2342912,
          2343936,
          2342912,
          2335744,
          2342912,
          2336768,
          2336768,
          2334880,
          2330624,
          2341888,
          2335744,
          2341728,
          2331648,
          2336704,
          2344960,
          2350080,
          2337792,
          2334720,
          2338816,
          2341824,
          2340864,
          2331648,
          2345984,
          2354176
        ],
        "applicable": true
      },
      {
        "kernel": "onpair_shmem_4tpt_ablate_nodrain",
        "decode_ms": 2.746368,
        "decode_gib_s": 339.11062536370423,
        "decode_ns_iters": [
          2749440,
          2766752,
          2748416,
          2747392,
          2746368,
          2748224,
          2748416,
          2748416,
          2747392,
          2752512,
          2748416,
          2765824,
          2749440,
          2748416,
          2755584,
          2754688,
          2751488,
          2753536,
          2755584,
          2752512,
          2753536,
          2754400,
          2757632,
          2756576,
          2772992,
          2753536,
          2753728,
          2761728,
          2751488,
          2752448
        ],
        "applicable": true
      },
      {
        "kernel": "onpair_shmem_4tpt_ablate_noscan",
        "decode_ms": 3.342272,
        "decode_gib_s": 278.6495443694785,
        "decode_ns_iters": [
          3345408,
          3343360,
          3345408,
          3347552,
          3348288,
          3346304,
          3363840,
          3344384,
          3361792,
          3352576,
          3351552,
          3346432,
          3343360,
          3345408,
          3348480,
          3348480,
          3349504,
          3352576,
          3344384,
          3345408,
          3343488,
          3346432,
          3346432,
          3345408,
          3345408,
          3345408,
          3342272,
          3359744,
          3343360,
          3367936
        ],
        "applicable": true
      },
      {
        "kernel": "onpair_shmem_4tpt_ablate_cfree",
        "decode_ms": 2.97472,
        "decode_gib_s": 313.0790696128932,
        "decode_ns_iters": [
          2974720,
          2978752,
          2978816,
          2976768,
          2976960,
          2977888,
          2977792,
          2977792,
          2977952,
          2978816,
          2979840,
          3021824,
          3037184,
          3040256,
          3037184,
          3046400,
          3054592,
          3031104,
          3015872,
          3016704,
          3024896,
          3035136,
          3015616,
          3018752,
          3052544,
          3065856,
          3076096,
          3057664,
          3059712,
          3057664
        ],
        "applicable": true
      },
      {
        "kernel": "onpair_shmem_s8",
        "decode_ms": 0.0,
        "decode_gib_s": 0.0,
        "applicable": false,
        "reason": "dictionary entry longer than 8 bytes"
      },
      {
        "kernel": "onpair_shmem_s8_2tpt",
        "decode_ms": 0.0,
        "decode_gib_s": 0.0,
        "applicable": false,
        "reason": "dictionary entry longer than 8 bytes"
      },
      {
        "kernel": "onpair_shmem_s8_4tpt",
        "decode_ms": 0.0,
        "decode_gib_s": 0.0,
        "applicable": false,
        "reason": "dictionary entry longer than 8 bytes"
      },
      {
        "kernel": "onpair_shmem_s8_8tpt",
        "decode_ms": 0.0,
        "decode_gib_s": 0.0,
        "applicable": false,
        "reason": "dictionary entry longer than 8 bytes"
      },
      {
        "kernel": "onpair_shmem_s4l1",
        "decode_ms": 0.0,
        "decode_gib_s": 0.0,
        "applicable": false,
        "reason": "dictionary entry longer than 4 bytes"
      },
      {
        "kernel": "onpair_shmem_s4l1_2tpt",
        "decode_ms": 0.0,
        "decode_gib_s": 0.0,
        "applicable": false,
        "reason": "dictionary entry longer than 4 bytes"
      },
      {
        "kernel": "onpair_shmem_s4l1_4tpt",
        "decode_ms": 0.0,
        "decode_gib_s": 0.0,
        "applicable": false,
        "reason": "dictionary entry longer than 4 bytes"
      },
      {
        "kernel": "onpair_shmem_s4l1_8tpt",
        "decode_ms": 0.0,
        "decode_gib_s": 0.0,
        "applicable": false,
        "reason": "dictionary entry longer than 4 bytes"
      },
      {
        "kernel": "onpair_shmem_s4l1_16tpt",
        "decode_ms": 0.0,
        "decode_gib_s": 0.0,
        "applicable": false,
        "reason": "dictionary entry longer than 4 bytes"
      },
      {
        "kernel": "onpair_shmem_s4l1_32tpt",
        "decode_ms": 0.0,
        "decode_gib_s": 0.0,
        "applicable": false,
        "reason": "dictionary entry longer than 4 bytes"
      },
      {
        "kernel": "onpair_shmem_const1",
        "decode_ms": 0.0,
        "decode_gib_s": 0.0,
        "applicable": false,
        "reason": "not every dictionary entry is exactly 1 byte"
      },
      {
        "kernel": "onpair_shmem_const2",
        "decode_ms": 0.0,
        "decode_gib_s": 0.0,
        "applicable": false,
        "reason": "not every dictionary entry is exactly 2 bytes"
      }
    ]
  }
}
==PROF== Disconnected from process 34200
==PROF== Report: /home/ubuntu/work/shdict_ncu_clickbench_URL_b12_split8read.ncu-rep
