==PROF== Connected to process 36245 (/home/ubuntu/work/target/release/onpair-chunk-bench)
2026-08-13T03:15:36.519566Z  INFO vortex_cuda: vortex-cuda/src/lib.rs:111: Registering CUDA kernels
==PROF== Profiling "onpair_shmem_4tpt_split8read": 0%....50%....100% - 43 passes
==PROF== Profiling "onpair_shmem_4tpt_split8read": 0%....50%....100% - 43 passes
==PROF== Profiling "onpair_shmem_4tpt_split8read": 0%....50%....100% - 43 passes
==PROF== Profiling "onpair_shmem_4tpt_split8read": 0%....50%....100% - 43 passes
==PROF== Profiling "onpair_shmem_4tpt_split8read": 0%....50%....100% - 43 passes
==PROF== Profiling "onpair_shmem_4tpt_split8read": 0%....50%....100% - 43 passes
==PROF== Profiling "onpair_shmem_4tpt_split8read": 0%....50%....100% - 43 passes
==PROF== Profiling "onpair_shmem_4tpt_split8read": 0%....50%....100% - 43 passes
==PROF== Profiling "onpair_shmem_4tpt_split8read": 0%....50%....100% - 43 passes
==PROF== Profiling "onpair_shmem_4tpt_split8read": 0%....50%....100% - 43 passes
==PROF== Profiling "onpair_shmem_4tpt_split8read": 0%....50%....100% - 43 passes
==PROF== Profiling "onpair_shmem_4tpt_split8read": 0%....50%....100% - 43 passes
==PROF== Profiling "onpair_shmem_4tpt_split8read": 0%....50%....100% - 43 passes
==PROF== Profiling "onpair_shmem_4tpt_split8read": 0%....50%....100% - 43 passes
==PROF== Profiling "onpair_shmem_4tpt_split8read": 0%....50%....100% - 43 passes
==PROF== Profiling "onpair_shmem_4tpt_split8read": 0%....50%....100% - 43 passes
{
  "files": [
    "/home/ubuntu/work/vortex-bench/data/onpair-bench/synthetic/url/bits12_chunk1000mb_thr0.20/part_0000.vortex"
  ],
  "column": "url",
  "rows": 10000000,
  "in_memory_bytes": 95434222,
  "dict_bytes": 5376,
  "gpu": {
    "iterations": 30,
    "decoded_bytes": 923569389,
    "chunks": 1,
    "auto_kernel": "onpair_shmem_4tpt",
    "frac_le8": 0.18264306,
    "dict_mean_len": 11.739413,
    "dict_max_len": 16,
    "dict_entries_max": 976,
    "small_dict": true,
    "distinct_codes": 256,
    "access_top4096_frac": 1.0,
    "compressed_bytes": 157351436,
    "h2d_gib_s": 20.16374493330458,
    "whole_decompress_gib_s": 94.14292567682608,
    "best_kernel": "onpair_shmem_8tpt_b128",
    "auto_decode_ms": 1.8688,
    "best_decode_ms": 1.7664,
    "validated": false,
    "auto_decode_gib_s": 460.2638169946085,
    "best_decode_gib_s": 486.94577740009305,
    "kernels": [
      {
        "kernel": "onpair_shmem",
        "decode_ms": 2.4576,
        "decode_gib_s": 349.9922775063169,
        "decode_ns_iters": [
          2457600,
          2522112,
          2483296,
          2478176,
          2527232,
          2476032,
          2471936,
          2467840,
          2477056,
          2469056,
          2466816,
          2462720,
          2479104,
          2468800,
          2477056,
          2471936,
          2468864,
          2463744,
          2477056,
          2485216,
          2482176,
          2486272,
          2471936,
          2473984,
          2459648,
          2475008,
          2463744,
          2467840,
          2471936,
          2508800
        ],
        "applicable": true
      },
      {
        "kernel": "onpair_shmem_2tpt",
        "decode_ms": 2.169856,
        "decode_gib_s": 396.4046559769517,
        "decode_ns_iters": [
          2175808,
          2184192,
          2195456,
          2178048,
          2177856,
          2182048,
          2169856,
          2175968,
          2179072,
          2188288,
          2177024,
          2180096,
          2191360,
          2200544,
          2194368,
          2171904,
          2174976,
          2175936,
          2190336,
          2212864,
          2180992,
          2185088,
          2190336,
          2181120,
          2171904,
          2179136,
          2191360,
          2192384,
          2184256,
          2185216
        ],
        "applicable": true
      },
      {
        "kernel": "onpair_shmem_4tpt",
        "decode_ms": 1.8688,
        "decode_gib_s": 460.2638169946085,
        "decode_ns_iters": [
          1876992,
          1883136,
          1879040,
          1868800,
          1901568,
          1889280,
          1900544,
          1906624,
          1886368,
          1880064,
          1872896,
          1881088,
          1893376,
          1893376,
          1904640,
          1893216,
          1883136,
          1890304,
          1888256,
          1897472,
          1899520,
          1902592,
          1894368,
          1897472,
          1887232,
          1894400,
          1901568,
          1892288,
          1898496,
          1885184
        ],
        "applicable": true
      },
      {
        "kernel": "onpair_shmem_4tpt_wpb8",
        "decode_ms": 1.85536,
        "decode_gib_s": 463.59791156407624,
        "decode_ns_iters": [
          1864704,
          1855360,
          1861632,
          1862656,
          1874944,
          1870848,
          1862528,
          1862656,
          1855552,
          1861632,
          1859584,
          1881152,
          1886208,
          1859584,
          1879040,
          1859584,
          1869824,
          1861632,
          1856512,
          1862816,
          1857536,
          1881088,
          1888256,
          1898400,
          1863680,
          1881088,
          1860608,
          1860512,
          1860608,
          1860608
        ],
        "applicable": true
      },
      {
        "kernel": "onpair_shmem_4tpt_wpb8_occ",
        "decode_ms": 1.869824,
        "decode_gib_s": 460.01175575857644,
        "decode_ns_iters": [
          1893376,
          1908544,
          1904640,
          1897472,
          1879040,
          1869824,
          1898464,
          1915904,
          1916800,
          1882112,
          1891328,
          1888256,
          1896448,
          1896448,
          1882016,
          1894528,
          1894400,
          1896448,
          1890304,
          1891328,
          1893376,
          1896448,
          1903616,
          1899520,
          1903456,
          1899520,
          1890304,
          1902592,
          1896448,
          1888256
        ],
        "applicable": true
      },
      {
        "kernel": "onpair_shmem_4tpt_b128",
        "decode_ms": 1.880064,
        "decode_gib_s": 457.5062451062966,
        "decode_ns_iters": [
          1903616,
          1901568,
          1893376,
          1897472,
          1895552,
          1901568,
          1900544,
          1901568,
          1907712,
          1912832,
          1901568,
          1922048,
          1905664,
          1896448,
          1899520,
          1904576,
          1910784,
          1893376,
          1901504,
          1888256,
          1898688,
          1896448,
          1904640,
          1900544,
          1896640,
          1880064,
          1896448,
          1902592,
          1891168,
          1896288
        ],
        "applicable": true
      },
      {
        "kernel": "onpair_shmem_4tpt_o6",
        "decode_ms": 1.90464,
        "decode_gib_s": 451.6029387178282,
        "decode_ns_iters": [
          1915904,
          1913856,
          1913984,
          1940480,
          1908736,
          1916928,
          1914912,
          1922048,
          1920960,
          1927168,
          1940480,
          1916928,
          1917952,
          1923072,
          1935360,
          1930240,
          1922048,
          1904640,
          1920000,
          1909760,
          1930400,
          1910784,
          1917952,
          1925024,
          1918976,
          1944448,
          1912672,
          1915776,
          1909760,
          1920064
        ],
        "applicable": true
      },
      {
        "kernel": "onpair_shmem_4tpt_b512o3",
        "decode_ms": 1.874944,
        "decode_gib_s": 458.7555794730533,
        "decode_ns_iters": [
          1887232,
          1885184,
          1895488,
          1918976,
          1922048,
          1887104,
          1893376,
          1881088,
          1874944,
          1878016,
          1890304,
          1893376,
          1892160,
          1890304,
          1883072,
          1903616,
          1879040,
          1883136,
          1881088,
          1891360,
          1882272,
          1889280,
          1889280,
          1896352,
          1895424,
          1877888,
          1895424,
          1895424,
          1879040,
          1888256
        ],
        "applicable": true
      },
      {
        "kernel": "onpair_shmem_4tpt_b128o12",
        "decode_ms": 1.907648,
        "decode_gib_s": 450.8908463194071,
        "decode_ns_iters": [
          1929312,
          1907648,
          1918976,
          1921024,
          1913856,
          1934336,
          1928192,
          1921024,
          1957888,
          1913856,
          1914880,
          1923072,
          1914720,
          1923264,
          1912832,
          1915904,
          1928192,
          1911808,
          1922048,
          1923072,
          1917952,
          1925120,
          1915904,
          1928192,
          1917952,
          1914880,
          1913856,
          1912992,
          1912832,
          1912800
        ],
        "applicable": true
      },
      {
        "kernel": "onpair_shmem_4tpt_b64",
        "decode_ms": 1.888256,
        "decode_gib_s": 455.52140239433874,
        "decode_ns_iters": [
          1925120,
          1888256,
          1888256,
          1893376,
          1901568,
          1915904,
          1906688,
          1904640,
          1906688,
          1900544,
          1901568,
          1909888,
          1909952,
          1901568,
          1900448,
          1917952,
          1915904,
          1901728,
          1904640,
          1899520,
          1915008,
          1918976,
          1905664,
          1900544,
          1897472,
          1901536,
          1892352,
          1896384,
          1890304,
          1902592
        ],
        "applicable": true
      },
      {
        "kernel": "onpair_shmem_4tpt_b64o24",
        "decode_ms": 1.91264,
        "decode_gib_s": 449.7140189473839,
        "decode_ns_iters": [
          1930304,
          1917952,
          1917952,
          1924096,
          1921024,
          1921024,
          1921952,
          1928192,
          1924096,
          1916928,
          1918976,
          1926144,
          1924032,
          1925120,
          1945600,
          1921024,
          1912640,
          1921920,
          1913984,
          1918976,
          1916928,
          1926144,
          1922880,
          1917952,
          1920960,
          1918976,
          1916928,
          1942528,
          1920000,
          1939456
        ],
        "applicable": true
      },
      {
        "kernel": "onpair_shmem_4tpt_split8read_b128o12",
        "decode_ms": 1.86064,
        "decode_gib_s": 462.2823443543751,
        "decode_ns_iters": [
          1875968,
          1880064,
          1880064,
          1883296,
          1884160,
          1883136,
          1867776,
          1868800,
          1879040,
          1877888,
          1867776,
          1876992,
          1860640,
          1869824,
          1877120,
          1885184,
          1907712,
          1898496,
          1881088,
          1869824,
          1879040,
          1874880,
          1872896,
          1874944,
          1876992,
          1862560,
          1879040,
          1868800,
          1873920,
          1874944
        ],
        "applicable": true
      },
      {
        "kernel": "onpair_shmem_4tpt_split8read_occ",
        "decode_ms": 1.840128,
        "decode_gib_s": 467.43542905685064,
        "decode_ns_iters": [
          1852416,
          1840128,
          1846112,
          1854304,
          1866752,
          1851392,
          1862528,
          1852416,
          1873920,
          1857504,
          1856512,
          1854336,
          1861632,
          1848320,
          1856512,
          1860608,
          1858528,
          1850368,
          1851424,
          1849344,
          1864704,
          1860480,
          1865728,
          1856416,
          1865728,
          1854464,
          1862656,
          1849344,
          1858560,
          1857536
        ],
        "applicable": true
      },
      {
        "kernel": "onpair_shmem_4tpt_split8",
        "decode_ms": 1.874944,
        "decode_gib_s": 458.7555794730533,
        "decode_ns_iters": [
          1888256,
          1885376,
          1897472,
          1899520,
          1903616,
          1897472,
          1902592,
          1897472,
          1902752,
          1891488,
          1900416,
          1874944,
          1885184,
          1900448,
          1914880,
          1878016,
          1886208,
          1891328,
          1892352,
          1892352,
          1907712,
          1893376,
          1893216,
          1883136,
          1903616,
          1900544,
          1917952,
          1912832,
          1890304,
          1900672
        ],
        "applicable": true
      },
      {
        "kernel": "onpair_shmem_4tpt_split8_wpb8",
        "decode_ms": 1.84,
        "decode_gib_s": 467.4679463040893,
        "decode_ns_iters": [
          1861632,
          1851392,
          1852416,
          1861632,
          1847296,
          1847264,
          1849280,
          1847296,
          1864704,
          1870848,
          1855392,
          1858560,
          1850368,
          1870848,
          1842176,
          1842176,
          1869824,
          1851392,
          1840000,
          1842176,
          1860512,
          1853376,
          1868800,
          1859584,
          1848320,
          1851392,
          1859584,
          1868608,
          1851264,
          1873920
        ],
        "applicable": true
      },
      {
        "kernel": "onpair_shmem_4tpt_split8_wpb8_occ",
        "decode_ms": 1.87888,
        "decode_gib_s": 457.79454845414523,
        "decode_ns_iters": [
          1884160,
          1887232,
          1905664,
          1898496,
          1894400,
          1882112,
          1890304,
          1907712,
          1913856,
          1886208,
          1881088,
          1890304,
          1884160,
          1878880,
          1899520,
          1891264,
          1888128,
          1891328,
          1893344,
          1888256,
          1884160,
          1891328,
          1891328,
          1894400,
          1888256,
          1895424,
          1893376,
          1889280,
          1898496,
          1886208
        ],
        "applicable": true
      },
      {
        "kernel": "onpair_shmem_4tpt_pdict",
        "decode_ms": 2.19136,
        "decode_gib_s": 392.51470374540213,
        "decode_ns_iters": [
          2225152,
          2203648,
          2193408,
          2226176,
          2204640,
          2225152,
          2224128,
          2216960,
          2222176,
          2215808,
          2220032,
          2230240,
          2229248,
          2233344,
          2221056,
          2224128,
          2228352,
          2225152,
          2205696,
          2212864,
          2224128,
          2231200,
          2191360,
          2206720,
          2208768,
          2228224,
          2228224,
          2233344,
          2210816,
          2221056
        ],
        "applicable": true
      },
      {
        "kernel": "onpair_shmem_4tpt_vdict",
        "decode_ms": 2.158592,
        "decode_gib_s": 398.4731812216132,
        "decode_ns_iters": [
          2181120,
          2187264,
          2192384,
          2197504,
          2195456,
          2197504,
          2167808,
          2183072,
          2192384,
          2163712,
          2170880,
          2181120,
          2175072,
          2187264,
          2186240,
          2158592,
          2180096,
          2173952,
          2169856,
          2173952,
          2193408,
          2178048,
          2180256,
          2183168,
          2173120,
          2182144,
          2182144,
          2187264,
          2182176,
          2192448
        ],
        "applicable": true
      },
      {
        "kernel": "onpair_shmem_4tpt_split8read",
        "decode_ms": 1.806336,
        "decode_gib_s": 476.1799693963495,
        "decode_ns_iters": [
          1886364579,
          1897333741,
          1874223948,
          1875712037,
          1877863407,
          1881559134,
          1874415636,
          1863220215,
          1870396376,
          1871161342,
          1875885010,
          1864150047,
          1875000119,
          1881857872,
          1831936,
          1830912,
          1869824,
          1831936,
          1826816,
          1825792,
          1828864,
          1815552,
          1806336,
          1809408,
          1818624,
          1824768,
          1824768,
          1813504,
          1818560,
          1820672
        ],
        "applicable": true
      },
      {
        "kernel": "onpair_shmem_4tpt_ldcs",
        "decode_ms": 2.25792,
        "decode_gib_s": 380.9439755170796,
        "decode_ns_iters": [
          2257920,
          2262016,
          2289664,
          2279424,
          2297824,
          2278400,
          2281472,
          2263936,
          2263040,
          2278400,
          2285568,
          2286592,
          2288640,
          2266112,
          2284544,
          2293760,
          2271232,
          2269184,
          2299904,
          2278400,
          2295808,
          2286592,
          2276352,
          2257920,
          2265088,
          2280288,
          2280608,
          2287616,
          2300928,
          2280448
        ],
        "applicable": true
      },
      {
        "kernel": "onpair_shmem_4tpt_lenbucket",
        "decode_ms": 0.0,
        "decode_gib_s": 0.0,
        "applicable": false,
        "reason": "length-bucket dict not built (set ONPAIR_DICT_REORDER=lenbucket)"
      },
      {
        "kernel": "onpair_shmem_4tpt_lenbucket_b128",
        "decode_ms": 0.0,
        "decode_gib_s": 0.0,
        "applicable": false,
        "reason": "length-bucket dict not built (set ONPAIR_DICT_REORDER=lenbucket)"
      },
      {
        "kernel": "onpair_shmem_4tpt_regcache",
        "decode_ms": 1.816576,
        "decode_gib_s": 473.49575310888423,
        "decode_ns_iters": [
          1836992,
          1832960,
          1827840,
          1839104,
          1840096,
          1822592,
          1826816,
          1828864,
          1827840,
          1821888,
          1825792,
          1829024,
          1826816,
          1827840,
          1831104,
          1816576,
          1830912,
          1821696,
          1835008,
          1845248,
          1824768,
          1825792,
          1838080,
          1830912,
          1838080,
          1843200,
          1823744,
          1826944,
          1833984,
          1831936
        ],
        "applicable": true
      },
      {
        "kernel": "onpair_shmem_4tpt_split4read",
        "decode_ms": 1.792,
        "decode_gib_s": 479.9894091515203,
        "decode_ns_iters": [
          1800288,
          1804288,
          1792000,
          1811456,
          1799168,
          1807520,
          1807488,
          1802240,
          1809408,
          1798144,
          1829888,
          1832960,
          1816576,
          1826720,
          1838944,
          1846272,
          1836032,
          1828864,
          1822656,
          1813504,
          1814528,
          1824768,
          1826944,
          1838016,
          1806336,
          1828864,
          1820672,
          1812480,
          1821696,
          1827840
        ],
        "applicable": true
      },
      {
        "kernel": "onpair_shmem_4tpt_split4read_b128o12",
        "decode_ms": 1.821696,
        "decode_gib_s": 472.1649612226872,
        "decode_ns_iters": [
          1833984,
          1845248,
          1821696,
          1845248,
          1844064,
          1833984,
          1849344,
          1821696,
          1849344,
          1854464,
          1850368,
          1850368,
          1845248,
          1858560,
          1847296,
          1847296,
          1841152,
          1855488,
          1843200,
          1850368,
          1856512,
          1832960,
          1869824,
          1855488,
          1846272,
          1858400,
          1852416,
          1852416,
          1844224,
          1850368
        ],
        "applicable": true
      },
      {
        "kernel": "onpair_shmem_4tpt_cluster_dsmem",
        "decode_ms": 0.0,
        "decode_gib_s": 0.0,
        "applicable": false,
        "reason": "thread-block clusters require sm_90+ (device cc 8.x)"
      },
      {
        "kernel": "onpair_shmem_8tpt",
        "decode_ms": 1.790976,
        "decode_gib_s": 480.2638456347402,
        "decode_ns_iters": [
          1815552,
          1803264,
          1811392,
          1807360,
          1802176,
          1790976,
          1796096,
          1795072,
          1808384,
          1805312,
          1804288,
          1806336,
          1805312,
          1816384,
          1824704,
          1818688,
          1799168,
          1811456,
          1813504,
          1814528,
          1805472,
          1799168,
          1799072,
          1800192,
          1800192,
          1808384,
          1808384,
          1809408,
          1790976,
          1799168
        ],
        "applicable": true
      },
      {
        "kernel": "onpair_shmem_8tpt_b128",
        "decode_ms": 1.7664,
        "decode_gib_s": 486.94577740009305,
        "decode_ns_iters": [
          1781760,
          1786880,
          1787904,
          1781728,
          1795072,
          1778688,
          1784832,
          1771520,
          1779648,
          1797120,
          1786880,
          1777664,
          1788928,
          1783904,
          1774592,
          1776736,
          1781568,
          1789952,
          1796032,
          1786880,
          1790976,
          1784864,
          1780736,
          1766400,
          1792000,
          1769472,
          1781760,
          1773568,
          1793024,
          1789952
        ],
        "applicable": true
      },
      {
        "kernel": "onpair_shmem_4tpt_vwidth",
        "decode_ms": 2.131968,
        "decode_gib_s": 403.4493112464748,
        "decode_ns_iters": [
          2131968,
          2142208,
          2132992,
          2139136,
          2142208,
          2143040,
          2137088,
          2139136,
          2154496,
          2135040,
          2143168,
          2134016,
          2137952,
          2137088,
          2141184,
          2153472,
          2159616,
          2160640,
          2155520,
          2155520,
          2150400,
          2154496,
          2151424,
          2155520,
          2157568,
          2199552,
          2174976,
          2197504,
          2262016,
          2275328
        ],
        "applicable": true
      },
      {
        "kernel": "onpair_shmem_4tpt_vwidth_b128",
        "decode_ms": 3.58912,
        "decode_gib_s": 239.65234408421128,
        "decode_ns_iters": [
          3641344,
          3641344,
          3664896,
          3667968,
          3663872,
          3651584,
          3627008,
          3614720,
          3616704,
          3615744,
          3632128,
          3634176,
          3616768,
          3618816,
          3616768,
          3636128,
          3620832,
          3620896,
          3615744,
          3616736,
          3614688,
          3593184,
          3590144,
          3592192,
          3589120,
          3593248,
          3603456,
          3613696,
          3617792,
          3612512
        ],
        "applicable": true
      },
      {
        "kernel": "onpair_shmem_4tpt_vwidth4",
        "decode_ms": 1.85856,
        "decode_gib_s": 462.7997057934769,
        "decode_ns_iters": [
          1929216,
          1916928,
          1907712,
          1921024,
          1915904,
          1917920,
          1918976,
          1914880,
          1915904,
          1906688,
          1858560,
          1889248,
          1859584,
          1912832,
          1918976,
          1907712,
          1912832,
          1904512,
          1906688,
          1894400,
          1888256,
          1892352,
          1911808,
          1902400,
          1858560,
          1864704,
          1875968,
          1898496,
          1929216,
          1925120
        ],
        "applicable": true
      },
      {
        "kernel": "onpair_shmem_4tpt_vwidth4_b128",
        "decode_ms": 1.922048,
        "decode_gib_s": 447.51276825528,
        "decode_ns_iters": [
          1928192,
          1933312,
          1955840,
          1936384,
          1963872,
          1941312,
          1941504,
          1944576,
          1922048,
          1929216,
          1953792,
          1935360,
          1940480,
          1935360,
          1930112,
          1932288,
          1938432,
          1933312,
          1940480,
          1963008,
          1955840,
          1971296,
          1961920,
          1958912,
          1972224,
          1960960,
          1952768,
          1948640,
          1952768,
          1946624
        ],
        "applicable": true
      },
      {
        "kernel": "onpair_shmem_4tpt_shdict8",
        "decode_ms": 2.299904,
        "decode_gib_s": 373.98996705928784,
        "decode_ns_iters": [
          2347008,
          2328576,
          2315296,
          2302976,
          2322432,
          2322400,
          2308096,
          2344960,
          2299904,
          2326528,
          2307072,
          2316288,
          2328544,
          2339936,
          2328576,
          2331648,
          2331648,
          2369536,
          2323456,
          2328384,
          2339840,
          2331648,
          2369536,
          2333792,
          2319360,
          2331680,
          2332672,
          2328576,
          2347008,
          2321248
        ],
        "applicable": true
      },
      {
        "kernel": "onpair_shmem_4tpt_ablate",
        "decode_ms": 1.878016,
        "decode_gib_s": 458.0051614041225,
        "decode_ns_iters": [
          1884160,
          1901568,
          1892352,
          1894400,
          1892192,
          1899520,
          1905664,
          1903616,
          1889280,
          1878016,
          1881088,
          1892352,
          1893248,
          1903616,
          1887232,
          1902592,
          1903616,
          1893280,
          1889280,
          1895424,
          1891328,
          1896448,
          1896448,
          1900416,
          1888256,
          1902592,
          1886208,
          1905664,
          1892352,
          1891328
        ],
        "applicable": true
      },
      {
        "kernel": "onpair_shmem_4tpt_ablate_nogather",
        "decode_ms": 1.8944,
        "decode_gib_s": 454.04403568387056,
        "decode_ns_iters": [
          1905664,
          1900544,
          1896448,
          1918048,
          1907712,
          1911808,
          1916928,
          1894400,
          1909792,
          1902592,
          1919168,
          1915904,
          1901568,
          1914880,
          1901568,
          1906688,
          1911808,
          1894464,
          1911808,
          1901600,
          1900544,
          1920000,
          1894400,
          1921024,
          1905664,
          1910784,
          1904640,
          1905664,
          1907712,
          1909760
        ],
        "applicable": true
      },
      {
        "kernel": "onpair_shmem_4tpt_ablate_noemit",
        "decode_ms": 1.951744,
        "decode_gib_s": 440.7038121800423,
        "decode_ns_iters": [
          1953792,
          1960960,
          1959936,
          1965056,
          1963008,
          1965056,
          1968128,
          1969152,
          1964032,
          1958912,
          1978368,
          1951744,
          1963008,
          1967104,
          1982464,
          1961984,
          1974272,
          1966080,
          1973280,
          1966080,
          1968128,
          1963008,
          1968128,
          1963008,
          1961984,
          1961984,
          1964032,
          1971200,
          1977344,
          1962976
        ],
        "applicable": true
      },
      {
        "kernel": "onpair_shmem_4tpt_ablate_nodrain",
        "decode_ms": 0.555008,
        "decode_gib_s": 1549.7813026109975,
        "decode_ns_iters": [
          566272,
          563040,
          559104,
          561280,
          576512,
          559104,
          559104,
          557056,
          560128,
          557024,
          559968,
          559104,
          558080,
          560128,
          576512,
          558016,
          560128,
          556032,
          559104,
          557056,
          559104,
          561024,
          557056,
          560128,
          557056,
          565248,
          555008,
          556032,
          557056,
          556928
        ],
        "applicable": true
      },
      {
        "kernel": "onpair_shmem_4tpt_ablate_noscan",
        "decode_ms": 1.640448,
        "decode_gib_s": 524.3330000094636,
        "decode_ns_iters": [
          1643520,
          1657856,
          1643392,
          1656768,
          1651776,
          1640448,
          1660928,
          1652736,
          1653760,
          1657856,
          1647712,
          1652768,
          1651712,
          1665088,
          1654784,
          1649664,
          1671168,
          1655808,
          1651712,
          1651712,
          1650688,
          1655808,
          1665024,
          1655744,
          1656832,
          1666144,
          1660928,
          1659904,
          1648512,
          1656832
        ],
        "applicable": true
      },
      {
        "kernel": "onpair_shmem_4tpt_ablate_cfree",
        "decode_ms": 1.87904,
        "decode_gib_s": 457.7555673107142,
        "decode_ns_iters": [
          1880032,
          1887264,
          1894400,
          1881088,
          1894400,
          1890304,
          1901536,
          1882112,
          1879040,
          1887232,
          1883136,
          1883136,
          1880064,
          1885184,
          1886208,
          1894400,
          1880064,
          1886208,
          1896448,
          1892192,
          1884160,
          1884160,
          1881088,
          1892352,
          1892160,
          1890272,
          1891328,
          1888256,
          1891328,
          1909760
        ],
        "applicable": true
      },
      {
        "kernel": "onpair_shmem_s8",
        "decode_ms": 0.0,
        "decode_gib_s": 0.0,
        "applicable": false,
        "reason": "dictionary entry longer than 8 bytes"
      },
      {
        "kernel": "onpair_shmem_s8_2tpt",
        "decode_ms": 0.0,
        "decode_gib_s": 0.0,
        "applicable": false,
        "reason": "dictionary entry longer than 8 bytes"
      },
      {
        "kernel": "onpair_shmem_s8_4tpt",
        "decode_ms": 0.0,
        "decode_gib_s": 0.0,
        "applicable": false,
        "reason": "dictionary entry longer than 8 bytes"
      },
      {
        "kernel": "onpair_shmem_s8_8tpt",
        "decode_ms": 0.0,
        "decode_gib_s": 0.0,
        "applicable": false,
        "reason": "dictionary entry longer than 8 bytes"
      },
      {
        "kernel": "onpair_shmem_s4l1",
        "decode_ms": 0.0,
        "decode_gib_s": 0.0,
        "applicable": false,
        "reason": "dictionary entry longer than 4 bytes"
      },
      {
        "kernel": "onpair_shmem_s4l1_2tpt",
        "decode_ms": 0.0,
        "decode_gib_s": 0.0,
        "applicable": false,
        "reason": "dictionary entry longer than 4 bytes"
      },
      {
        "kernel": "onpair_shmem_s4l1_4tpt",
        "decode_ms": 0.0,
        "decode_gib_s": 0.0,
        "applicable": false,
        "reason": "dictionary entry longer than 4 bytes"
      },
      {
        "kernel": "onpair_shmem_s4l1_8tpt",
        "decode_ms": 0.0,
        "decode_gib_s": 0.0,
        "applicable": false,
        "reason": "dictionary entry longer than 4 bytes"
      },
      {
        "kernel": "onpair_shmem_s4l1_16tpt",
        "decode_ms": 0.0,
        "decode_gib_s": 0.0,
        "applicable": false,
        "reason": "dictionary entry longer than 4 bytes"
      },
      {
        "kernel": "onpair_shmem_s4l1_32tpt",
        "decode_ms": 0.0,
        "decode_gib_s": 0.0,
        "applicable": false,
        "reason": "dictionary entry longer than 4 bytes"
      },
      {
        "kernel": "onpair_shmem_const1",
        "decode_ms": 0.0,
        "decode_gib_s": 0.0,
        "applicable": false,
        "reason": "not every dictionary entry is exactly 1 byte"
      },
      {
        "kernel": "onpair_shmem_const2",
        "decode_ms": 0.0,
        "decode_gib_s": 0.0,
        "applicable": false,
        "reason": "not every dictionary entry is exactly 2 bytes"
      }
    ]
  }
}
==PROF== Disconnected from process 36245
==PROF== Report: /home/ubuntu/work/shdict_ncu_synthetic_url_b12_split8read.ncu-rep
