==PROF== Connected to process 39091 (/home/ubuntu/work/target/release/onpair-chunk-bench)
2026-08-13T03:17:16.214532Z  INFO vortex_cuda: vortex-cuda/src/lib.rs:111: Registering CUDA kernels
==PROF== Profiling "onpair_shmem_4tpt_split4read": 0%....50%....100% - 43 passes
==PROF== Profiling "onpair_shmem_4tpt_split4read": 0%....50%....100% - 43 passes
==PROF== Profiling "onpair_shmem_4tpt_split4read": 0%....50%....100% - 43 passes
==PROF== Profiling "onpair_shmem_4tpt_split4read": 0%....50%....100% - 43 passes
==PROF== Profiling "onpair_shmem_4tpt_split4read": 0%....50%....100% - 43 passes
==PROF== Profiling "onpair_shmem_4tpt_split4read": 0%....50%....100% - 43 passes
==PROF== Profiling "onpair_shmem_4tpt_split4read": 0%....50%....100% - 43 passes
==PROF== Profiling "onpair_shmem_4tpt_split4read": 0%....50%....100% - 43 passes
==PROF== Profiling "onpair_shmem_4tpt_split4read": 0%....50%....100% - 43 passes
==PROF== Profiling "onpair_shmem_4tpt_split4read": 0%....50%....100% - 43 passes
==PROF== Profiling "onpair_shmem_4tpt_split4read": 0%....50%....100% - 43 passes
==PROF== Profiling "onpair_shmem_4tpt_split4read": 0%....50%....100% - 43 passes
==PROF== Profiling "onpair_shmem_4tpt_split4read": 0%....50%....100% - 43 passes
==PROF== Profiling "onpair_shmem_4tpt_split4read": 0%....50%....100% - 43 passes
==PROF== Profiling "onpair_shmem_4tpt_split4read": 0%....50%....100% - 43 passes
==PROF== Profiling "onpair_shmem_4tpt_split4read": 0%....50%....100% - 43 passes
{
  "files": [
    "/home/ubuntu/work/vortex-bench/data/onpair-bench/clickbench/URL/bits12_chunk1000mb_thr0.20/part_0000.vortex"
  ],
  "column": "URL",
  "rows": 12254692,
  "in_memory_bytes": 345721947,
  "dict_bytes": 21154,
  "gpu": {
    "iterations": 30,
    "decoded_bytes": 999999995,
    "chunks": 1,
    "auto_kernel": "onpair_shmem_4tpt",
    "frac_le8": 0.8109308,
    "dict_mean_len": 4.6936812,
    "dict_max_len": 16,
    "dict_entries_max": 4096,
    "small_dict": true,
    "distinct_codes": 4015,
    "access_top4096_frac": 1.0,
    "compressed_bytes": 426130024,
    "h2d_gib_s": 20.06984949860699,
    "whole_decompress_gib_s": 41.458055046324674,
    "best_kernel": "onpair_shmem_4tpt_split4read",
    "auto_decode_ms": 2.690048,
    "best_decode_ms": 2.229248,
    "validated": false,
    "auto_decode_gib_s": 346.2103910260581,
    "best_decode_gib_s": 417.7743211876227,
    "kernels": [
      {
        "kernel": "onpair_shmem",
        "decode_ms": 2.533376,
        "decode_gib_s": 367.6211387330051,
        "decode_ns_iters": [
          2538496,
          2533376,
          2534400,
          2539520,
          2535424,
          2555712,
          2537472,
          2535424,
          2535424,
          2536320,
          2537472,
          2537472,
          2550784,
          2534496,
          2535424,
          2545664,
          2554880,
          2554880,
          2554880,
          2577408,
          2557952,
          2558976,
          2557952,
          2576384,
          2560000,
          2558976,
          2560000,
          2578432,
          2561024,
          2561088
        ],
        "applicable": true
      },
      {
        "kernel": "onpair_shmem_2tpt",
        "decode_ms": 2.33472,
        "decode_gib_s": 398.9011829936205,
        "decode_ns_iters": [
          2334720,
          2371456,
          2375680,
          2360320,
          2373792,
          2371584,
          2391040,
          2362368,
          2348032,
          2355200,
          2349056,
          2348032,
          2349056,
          2356224,
          2348032,
          2356224,
          2358400,
          2345984,
          2352128,
          2343808,
          2366464,
          2371552,
          2363264,
          2358272,
          2358272,
          2363392,
          2354176,
          2352992,
          2350080,
          2354176
        ],
        "applicable": true
      },
      {
        "kernel": "onpair_shmem_4tpt",
        "decode_ms": 2.690048,
        "decode_gib_s": 346.2103910260581,
        "decode_ns_iters": [
          2705408,
          2706432,
          2703360,
          2708480,
          2697216,
          2693120,
          2692064,
          2692096,
          2694144,
          2693120,
          2693120,
          2701312,
          2704384,
          2704384,
          2705344,
          2700288,
          2702336,
          2705408,
          2722816,
          2706432,
          2705408,
          2703488,
          2706432,
          2704384,
          2704480,
          2695168,
          2692096,
          2702528,
          2691072,
          2690048
        ],
        "applicable": true
      },
      {
        "kernel": "onpair_shmem_4tpt_wpb8",
        "decode_ms": 2.81088,
        "decode_gib_s": 331.32775855207825,
        "decode_ns_iters": [
          2852864,
          2851840,
          2852864,
          2852864,
          2852864,
          2853984,
          2855936,
          2844672,
          2834432,
          2840576,
          2837504,
          2837504,
          2837376,
          2811904,
          2812928,
          2810880,
          2811904,
          2814976,
          2815840,
          2810880,
          2814976,
          2814816,
          2814784,
          2813888,
          2814976,
          2814976,
          2821120,
          2838528,
          2833408,
          2836480
        ],
        "applicable": true
      },
      {
        "kernel": "onpair_shmem_4tpt_wpb8_occ",
        "decode_ms": 2.740224,
        "decode_gib_s": 339.870963088735,
        "decode_ns_iters": [
          2789376,
          2760704,
          2744320,
          2741248,
          2741248,
          2743296,
          2741248,
          2740224,
          2750464,
          2789536,
          2787328,
          2790400,
          2789376,
          2787392,
          2796544,
          2803712,
          2805760,
          2805856,
          2806624,
          2804736,
          2803712,
          2805888,
          2804832,
          2806784,
          2807904,
          2804736,
          2807808,
          2801664,
          2790400,
          2791328
        ],
        "applicable": true
      },
      {
        "kernel": "onpair_shmem_4tpt_b128",
        "decode_ms": 2.878464,
        "decode_gib_s": 323.54845152097283,
        "decode_ns_iters": [
          2881536,
          2881536,
          2882560,
          2881536,
          2880480,
          2898944,
          2879488,
          2879488,
          2878464,
          2882432,
          2879488,
          2881536,
          2882560,
          2883584,
          2883424,
          2891904,
          2899968,
          2895872,
          2899968,
          2902016,
          2916352,
          2897920,
          2880512,
          2881536,
          2882560,
          2883584,
          2882560,
          2881536,
          2881536,
          2880512
        ],
        "applicable": true
      },
      {
        "kernel": "onpair_shmem_4tpt_o6",
        "decode_ms": 2.885536,
        "decode_gib_s": 322.75548458202064,
        "decode_ns_iters": [
          2888704,
          2886560,
          2889728,
          2887680,
          2887680,
          2888704,
          2885632,
          2885536,
          2887680,
          2899968,
          2905088,
          2926592,
          2904064,
          2905088,
          2909344,
          2898080,
          2889728,
          2888704,
          2885632,
          2887680,
          2890752,
          2889728,
          2909184,
          2904064,
          2910304,
          2906112,
          2906208,
          2905984,
          2898944,
          2886656
        ],
        "applicable": true
      },
      {
        "kernel": "onpair_shmem_4tpt_b512o3",
        "decode_ms": 2.733056,
        "decode_gib_s": 340.76234440818837,
        "decode_ns_iters": [
          2738176,
          2737152,
          2739200,
          2738176,
          2741248,
          2739200,
          2739200,
          2737152,
          2736128,
          2739104,
          2739200,
          2739200,
          2755584,
          2740224,
          2744320,
          2739200,
          2737152,
          2734080,
          2736128,
          2735104,
          2734944,
          2735104,
          2750656,
          2738176,
          2735104,
          2736128,
          2735104,
          2736128,
          2733056,
          2733056
        ],
        "applicable": true
      },
      {
        "kernel": "onpair_shmem_4tpt_b128o12",
        "decode_ms": 2.980864,
        "decode_gib_s": 312.43376751132075,
        "decode_ns_iters": [
          3002368,
          3002368,
          2999296,
          3002368,
          3000320,
          2984960,
          2982912,
          2980960,
          2981888,
          2998272,
          2980864,
          2981888,
          2982912,
          2984064,
          2981888,
          2982880,
          2980864,
          2985984,
          2998144,
          3001344,
          2997152,
          3000320,
          2996160,
          2996256,
          2997248,
          2997248,
          3001344,
          3001344,
          2999296,
          3000192
        ],
        "applicable": true
      },
      {
        "kernel": "onpair_shmem_4tpt_b64",
        "decode_ms": 2.933856,
        "decode_gib_s": 317.4397686726498,
        "decode_ns_iters": [
          2936832,
          2933856,
          2938880,
          2935968,
          2937856,
          2953216,
          2956288,
          2955232,
          2953216,
          2952320,
          2955264,
          2954144,
          2971648,
          2973696,
          2977792,
          2972672,
          2973696,
          2972672,
          2992128,
          2974720,
          2973696,
          2974784,
          2974720,
          2978816,
          3012608,
          3012608,
          3013632,
          3013632,
          3013632,
          3013632
        ],
        "applicable": true
      },
      {
        "kernel": "onpair_shmem_4tpt_b64o24",
        "decode_ms": 3.132416,
        "decode_gib_s": 297.3176519207109,
        "decode_ns_iters": [
          3154944,
          3158016,
          3156992,
          3155840,
          3136512,
          3136448,
          3132416,
          3134464,
          3136512,
          3135488,
          3134464,
          3134400,
          3133440,
          3132544,
          3134304,
          3136512,
          3155104,
          3154944,
          3155968,
          3152960,
          3156832,
          3161088,
          3135488,
          3136512,
          3133440,
          3134464,
          3136512,
          3136704,
          3132416,
          3134464
        ],
        "applicable": true
      },
      {
        "kernel": "onpair_shmem_4tpt_split8read_b128o12",
        "decode_ms": 3.313664,
        "decode_gib_s": 281.05522163951014,
        "decode_ns_iters": [
          3408832,
          3388416,
          3361792,
          3363840,
          3379200,
          3361792,
          3362816,
          3362816,
          3363840,
          3362816,
          3363712,
          3359744,
          3356672,
          3339264,
          3339264,
          3341216,
          3338304,
          3354624,
          3324928,
          3316736,
          3314656,
          3315712,
          3315712,
          3313664,
          3334144,
          3337216,
          3338240,
          3335168,
          3337216,
          3336032
        ],
        "applicable": true
      },
      {
        "kernel": "onpair_shmem_4tpt_split8read_occ",
        "decode_ms": 3.034112,
        "decode_gib_s": 306.9506234307981,
        "decode_ns_iters": [
          3056640,
          3076064,
          3056640,
          3056640,
          3060704,
          3098624,
          3077120,
          3080192,
          3077120,
          3078144,
          3079168,
          3079232,
          3077120,
          3076960,
          3079168,
          3077120,
          3104768,
          3096736,
          3095552,
          3096576,
          3120128,
          3099488,
          3080192,
          3079168,
          3079008,
          3080192,
          3077152,
          3076288,
          3048480,
          3034112
        ],
        "applicable": true
      },
      {
        "kernel": "onpair_shmem_4tpt_split8",
        "decode_ms": 2.763648,
        "decode_gib_s": 336.9903004864822,
        "decode_ns_iters": [
          2778112,
          2780160,
          2776064,
          2771968,
          2784096,
          2782016,
          2763776,
          2763648,
          2765824,
          2785280,
          2822144,
          2821152,
          2820032,
          2817024,
          2821120,
          2824192,
          2836384,
          2837568,
          2839552,
          2838528,
          2840576,
          2844640,
          2840576,
          2840576,
          2845696,
          2836480,
          2850816,
          2838528,
          2840480,
          2862080
        ],
        "applicable": true
      },
      {
        "kernel": "onpair_shmem_4tpt_split8_wpb8",
        "decode_ms": 2.926464,
        "decode_gib_s": 318.2415946202877,
        "decode_ns_iters": [
          2985984,
          2988032,
          2981792,
          2970624,
          2957312,
          2958336,
          2955264,
          2950176,
          2957280,
          2953248,
          2942976,
          2936832,
          2937856,
          2943968,
          2944000,
          2950144,
          2962432,
          2938752,
          2942976,
          2939904,
          2940928,
          2943968,
          2937856,
          2927616,
          2953024,
          2932736,
          2926464,
          2928640,
          2927616,
          2928608
        ],
        "applicable": true
      },
      {
        "kernel": "onpair_shmem_4tpt_split8_wpb8_occ",
        "decode_ms": 2.808832,
        "decode_gib_s": 331.56933912703414,
        "decode_ns_iters": [
          2812928,
          2810880,
          2808832,
          2811904,
          2813952,
          2828288,
          2826240,
          2828288,
          2829312,
          2827264,
          2839552,
          2848768,
          2844672,
          2845696,
          2848640,
          2846720,
          2846720,
          2845696,
          2845696,
          2846720,
          2845696,
          2845696,
          2847744,
          2847744,
          2847648,
          2846720,
          2847744,
          2847680,
          2847744,
          2841600
        ],
        "applicable": true
      },
      {
        "kernel": "onpair_shmem_4tpt_pdict",
        "decode_ms": 3.059712,
        "decode_gib_s": 304.3824287903128,
        "decode_ns_iters": [
          3092480,
          3089408,
          3116032,
          3085312,
          3105792,
          3074048,
          3088480,
          3091456,
          3084288,
          3074208,
          3064832,
          3091456,
          3068928,
          3077120,
          3087328,
          3080192,
          3064800,
          3089408,
          3074048,
          3072960,
          3071904,
          3060608,
          3086336,
          3059712,
          3061760,
          3071104,
          3063808,
          3061760,
          3094528,
          3073984
        ],
        "applicable": true
      },
      {
        "kernel": "onpair_shmem_4tpt_vdict",
        "decode_ms": 2.702336,
        "decode_gib_s": 344.636111112336,
        "decode_ns_iters": [
          2718720,
          2724864,
          2728768,
          2731008,
          2728992,
          2764800,
          2733056,
          2734208,
          2715648,
          2709504,
          2727936,
          2725888,
          2732928,
          2725888,
          2728960,
          2725888,
          2721792,
          2712576,
          2711712,
          2711552,
          2718720,
          2713600,
          2725792,
          2715648,
          2704384,
          2728864,
          2702336,
          2713600,
          2720768,
          2728960
        ],
        "applicable": true
      },
      {
        "kernel": "onpair_shmem_4tpt_split8read",
        "decode_ms": 2.846624,
        "decode_gib_s": 327.167398981694,
        "decode_ns_iters": [
          2883488,
          2884544,
          2884608,
          2882560,
          2882560,
          2881504,
          2864128,
          2863936,
          2865152,
          2866176,
          2864192,
          2863104,
          2866176,
          2865056,
          2872320,
          2865088,
          2877376,
          2867200,
          2864128,
          2864128,
          2864128,
          2861056,
          2864064,
          2865152,
          2855936,
          2846624,
          2846720,
          2848640,
          2846720,
          2847744
        ],
        "applicable": true
      },
      {
        "kernel": "onpair_shmem_4tpt_ldcs",
        "decode_ms": 2.668544,
        "decode_gib_s": 349.0002675462221,
        "decode_ns_iters": [
          2672640,
          2670592,
          2671616,
          2668544,
          2674688,
          2669568,
          2688000,
          2670592,
          2670592,
          2672640,
          2669440,
          2669568,
          2670592,
          2684960,
          2682880,
          2684928,
          2685856,
          2686976,
          2684992,
          2686144,
          2685856,
          2674656,
          2671616,
          2674688,
          2674688,
          2672640,
          2672640,
          2685952,
          2672640,
          2673664
        ],
        "applicable": true
      },
      {
        "kernel": "onpair_shmem_4tpt_lenbucket",
        "decode_ms": 0.0,
        "decode_gib_s": 0.0,
        "applicable": false,
        "reason": "length-bucket dict not built (set ONPAIR_DICT_REORDER=lenbucket)"
      },
      {
        "kernel": "onpair_shmem_4tpt_lenbucket_b128",
        "decode_ms": 0.0,
        "decode_gib_s": 0.0,
        "applicable": false,
        "reason": "length-bucket dict not built (set ONPAIR_DICT_REORDER=lenbucket)"
      },
      {
        "kernel": "onpair_shmem_4tpt_regcache",
        "decode_ms": 2.84672,
        "decode_gib_s": 327.15636590843695,
        "decode_ns_iters": [
          2846720,
          2848768,
          2847744,
          2847744,
          2847744,
          2861056,
          2863104,
          2862080,
          2864192,
          2852864,
          2854912,
          2884736,
          2883584,
          2883584,
          2890752,
          2904064,
          2905088,
          2906112,
          2918400,
          2909184,
          2905184,
          2905088,
          2907136,
          2906112,
          2908160,
          2908160,
          2907136,
          2899136,
          2888704,
          2901088
        ],
        "applicable": true
      },
      {
        "kernel": "onpair_shmem_4tpt_split4read",
        "decode_ms": 2.229248,
        "decode_gib_s": 417.7743211876227,
        "decode_ns_iters": [
          2539885521,
          2539250851,
          2534887552,
          2526896238,
          2539459467,
          2524109840,
          2533379078,
          2539041758,
          2539817810,
          2541563034,
          2526338100,
          2531661749,
          2540437460,
          2546883583,
          2245632,
          2233344,
          2233280,
          2236512,
          2233376,
          2235392,
          2234368,
          2235392,
          2234368,
          2231296,
          2233344,
          2233344,
          2233344,
          2238464,
          2229248,
          2231296
        ],
        "applicable": true
      },
      {
        "kernel": "onpair_shmem_4tpt_split4read_b128o12",
        "decode_ms": 2.6624,
        "decode_gib_s": 349.8056527790211,
        "decode_ns_iters": [
          2662400,
          2662400,
          2666496,
          2663328,
          2664448,
          2712576,
          2720768,
          2717696,
          2718720,
          2717600,
          2744320,
          2721984,
          2748416,
          2738176,
          2739040,
          2737152,
          2738176,
          2741248,
          2740224,
          2735104,
          2739200,
          2738176,
          2741248,
          2743296,
          2757632,
          2748416,
          2756736,
          2757632,
          2757568,
          2756608
        ],
        "applicable": true
      },
      {
        "kernel": "onpair_shmem_4tpt_cluster_dsmem",
        "decode_ms": 0.0,
        "decode_gib_s": 0.0,
        "applicable": false,
        "reason": "thread-block clusters require sm_90+ (device cc 8.x)"
      },
      {
        "kernel": "onpair_shmem_8tpt",
        "decode_ms": 2.736128,
        "decode_gib_s": 340.3797519556343,
        "decode_ns_iters": [
          2800640,
          2800640,
          2799584,
          2800640,
          2798592,
          2799616,
          2792448,
          2795520,
          2796544,
          2776064,
          2778112,
          2778112,
          2779136,
          2777088,
          2777984,
          2776064,
          2778112,
          2778112,
          2777216,
          2777088,
          2767712,
          2757632,
          2757568,
          2762848,
          2783232,
          2774016,
          2759680,
          2739360,
          2736128,
          2739200
        ],
        "applicable": true
      },
      {
        "kernel": "onpair_shmem_8tpt_b128",
        "decode_ms": 2.797568,
        "decode_gib_s": 332.90435476773604,
        "decode_ns_iters": [
          2803712,
          2801664,
          2803712,
          2803712,
          2818048,
          2817024,
          2816000,
          2816000,
          2799616,
          2803712,
          2807808,
          2800640,
          2801664,
          2800640,
          2801760,
          2820192,
          2819072,
          2820096,
          2818048,
          2821120,
          2818048,
          2817024,
          2797568,
          2799616,
          2798592,
          2799584,
          2799616,
          2797568,
          2799456,
          2807808
        ],
        "applicable": true
      },
      {
        "kernel": "onpair_shmem_4tpt_vwidth",
        "decode_ms": 6.582464,
        "decode_gib_s": 141.4854027244001,
        "decode_ns_iters": [
          6597632,
          6590464,
          6612800,
          6590400,
          6592512,
          6588256,
          6593344,
          6588416,
          6584320,
          6623232,
          6632448,
          6639616,
          6615040,
          6582464,
          6597536,
          6587392,
          6595584,
          6612992,
          6589376,
          6627328,
          6638592,
          6616064,
          6643712,
          6639616,
          6638688,
          6635520,
          6637568,
          6642816,
          6630400,
          6635520
        ],
        "applicable": true
      },
      {
        "kernel": "onpair_shmem_4tpt_vwidth_b128",
        "decode_ms": 13.0048,
        "decode_gib_s": 71.61375568704369,
        "decode_ns_iters": [
          13170560,
          13107072,
          13034496,
          13014016,
          13009920,
          13007872,
          13025120,
          13009920,
          13008896,
          13014144,
          13012832,
          13078528,
          13076480,
          13004800,
          13078528,
          13086720,
          13010784,
          13073408,
          13103103,
          13007872,
          13073375,
          13088768,
          13015040,
          13280257,
          13390848,
          13304832,
          13389888,
          13381632,
          13312000,
          13310976
        ],
        "applicable": true
      },
      {
        "kernel": "onpair_shmem_4tpt_vwidth4",
        "decode_ms": 3.530752,
        "decode_gib_s": 263.7745641605147,
        "decode_ns_iters": [
          3542016,
          3530752,
          3530752,
          3531776,
          3531776,
          3534848,
          3603456,
          3603456,
          3604480,
          3602432,
          3602432,
          3624960,
          3627008,
          3627136,
          3625984,
          3627008,
          3627008,
          3627008,
          3624960,
          3644416,
          3625984,
          3623936,
          3628032,
          3624960,
          3623936,
          3633152,
          3625984,
          3627008,
          3625920,
          3629056
        ],
        "applicable": true
      },
      {
        "kernel": "onpair_shmem_4tpt_vwidth4_b128",
        "decode_ms": 3.837952,
        "decode_gib_s": 242.66133864072967,
        "decode_ns_iters": [
          3890176,
          3893248,
          3889152,
          3897344,
          3892224,
          3896224,
          3892224,
          3890048,
          3890176,
          3877888,
          3863488,
          3862528,
          3862528,
          3862528,
          3850240,
          3838048,
          3838976,
          3838976,
          3840960,
          3837952,
          3838848,
          3840000,
          3841024,
          3840000,
          3840000,
          3885056,
          3893248,
          3907744,
          3888128,
          3891200
        ],
        "applicable": true
      },
      {
        "kernel": "onpair_shmem_4tpt_shdict8",
        "decode_ms": 4.073472,
        "decode_gib_s": 228.6311456072033,
        "decode_ns_iters": [
          4142080,
          4126720,
          4107264,
          4107296,
          4120544,
          4097024,
          4103168,
          4077504,
          4097024,
          4097024,
          4091904,
          4085760,
          4078592,
          4073472,
          4101120,
          4088640,
          4077568,
          4089824,
          4089856,
          4075456,
          4082688,
          4074496,
          4085760,
          4087616,
          4082688,
          4096000,
          4081664,
          4091904,
          4079616,
          4090880
        ],
        "applicable": true
      },
      {
        "kernel": "onpair_shmem_4tpt_ablate",
        "decode_ms": 2.92864,
        "decode_gib_s": 318.0051388900191,
        "decode_ns_iters": [
          2931712,
          2932736,
          2934784,
          2934784,
          2929792,
          2928640,
          2933760,
          2931712,
          2929664,
          2933664,
          2965696,
          2982912,
          2990080,
          2983936,
          2983776,
          2983936,
          2989056,
          2988032,
          3006464,
          2986816,
          2987008,
          2985888,
          2987008,
          3007488,
          3007488,
          3009536,
          3007488,
          3006464,
          3008384,
          3021760
        ],
        "applicable": true
      },
      {
        "kernel": "onpair_shmem_4tpt_ablate_nogather",
        "decode_ms": 2.30912,
        "decode_gib_s": 403.32359078734135,
        "decode_ns_iters": [
          2309120,
          2317312,
          2317312,
          2311168,
          2330624,
          2321408,
          2318528,
          2314240,
          2325504,
          2313216,
          2315264,
          2312192,
          2322368,
          2317312,
          2325408,
          2323456,
          2320384,
          2323456,
          2323296,
          2319360,
          2320384,
          2320384,
          2314240,
          2324480,
          2330624,
          2317312,
          2326496,
          2325504,
          2315264,
          2312064
        ],
        "applicable": true
      },
      {
        "kernel": "onpair_shmem_4tpt_ablate_noemit",
        "decode_ms": 2.327552,
        "decode_gib_s": 400.1296512210536,
        "decode_ns_iters": [
          2340864,
          2356224,
          2356224,
          2347008,
          2338816,
          2331520,
          2331648,
          2333696,
          2343936,
          2327552,
          2336768,
          2334720,
          2330528,
          2351104,
          2334560,
          2339840,
          2342912,
          2329600,
          2331648,
          2339840,
          2335936,
          2340864,
          2330624,
          2344960,
          2337792,
          2344960,
          2332736,
          2342912,
          2333696,
          2347008
        ],
        "applicable": true
      },
      {
        "kernel": "onpair_shmem_4tpt_ablate_nodrain",
        "decode_ms": 2.748416,
        "decode_gib_s": 338.8579348828073,
        "decode_ns_iters": [
          2776064,
          2751456,
          2751488,
          2751488,
          2752512,
          2749440,
          2751488,
          2749440,
          2755552,
          2750464,
          2751424,
          2748416,
          2752512,
          2771968,
          2753376,
          2754560,
          2755584,
          2751488,
          2750464,
          2751584,
          2753536,
          2752512,
          2753536,
          2751648,
          2757632,
          2755584,
          2766976,
          2751488,
          2752512,
          2753536
        ],
        "applicable": true
      },
      {
        "kernel": "onpair_shmem_4tpt_ablate_noscan",
        "decode_ms": 3.339264,
        "decode_gib_s": 278.90055112709433,
        "decode_ns_iters": [
          3343360,
          3343360,
          3345280,
          3345248,
          3343200,
          3342336,
          3346528,
          3340288,
          3349312,
          3343360,
          3346432,
          3341280,
          3348320,
          3345568,
          3344384,
          3346432,
          3344256,
          3347456,
          3340448,
          3344384,
          3347456,
          3354784,
          3349504,
          3353600,
          3352576,
          3340288,
          3350368,
          3366816,
          3339264,
          3364864
        ],
        "applicable": true
      },
      {
        "kernel": "onpair_shmem_4tpt_ablate_cfree",
        "decode_ms": 2.974752,
        "decode_gib_s": 313.0757017589586,
        "decode_ns_iters": [
          2974752,
          2976736,
          2977792,
          2976768,
          2983936,
          2983936,
          2978784,
          3006464,
          3016704,
          3014752,
          3018752,
          3015552,
          3016704,
          3033088,
          3058688,
          3059648,
          3055616,
          3056640,
          3060736,
          3051520,
          3053504,
          3038144,
          3035136,
          3035136,
          3035136,
          3055616,
          3058688,
          3060736,
          3059712,
          3072000
        ],
        "applicable": true
      },
      {
        "kernel": "onpair_shmem_s8",
        "decode_ms": 0.0,
        "decode_gib_s": 0.0,
        "applicable": false,
        "reason": "dictionary entry longer than 8 bytes"
      },
      {
        "kernel": "onpair_shmem_s8_2tpt",
        "decode_ms": 0.0,
        "decode_gib_s": 0.0,
        "applicable": false,
        "reason": "dictionary entry longer than 8 bytes"
      },
      {
        "kernel": "onpair_shmem_s8_4tpt",
        "decode_ms": 0.0,
        "decode_gib_s": 0.0,
        "applicable": false,
        "reason": "dictionary entry longer than 8 bytes"
      },
      {
        "kernel": "onpair_shmem_s8_8tpt",
        "decode_ms": 0.0,
        "decode_gib_s": 0.0,
        "applicable": false,
        "reason": "dictionary entry longer than 8 bytes"
      },
      {
        "kernel": "onpair_shmem_s4l1",
        "decode_ms": 0.0,
        "decode_gib_s": 0.0,
        "applicable": false,
        "reason": "dictionary entry longer than 4 bytes"
      },
      {
        "kernel": "onpair_shmem_s4l1_2tpt",
        "decode_ms": 0.0,
        "decode_gib_s": 0.0,
        "applicable": false,
        "reason": "dictionary entry longer than 4 bytes"
      },
      {
        "kernel": "onpair_shmem_s4l1_4tpt",
        "decode_ms": 0.0,
        "decode_gib_s": 0.0,
        "applicable": false,
        "reason": "dictionary entry longer than 4 bytes"
      },
      {
        "kernel": "onpair_shmem_s4l1_8tpt",
        "decode_ms": 0.0,
        "decode_gib_s": 0.0,
        "applicable": false,
        "reason": "dictionary entry longer than 4 bytes"
      },
      {
        "kernel": "onpair_shmem_s4l1_16tpt",
        "decode_ms": 0.0,
        "decode_gib_s": 0.0,
        "applicable": false,
        "reason": "dictionary entry longer than 4 bytes"
      },
      {
        "kernel": "onpair_shmem_s4l1_32tpt",
        "decode_ms": 0.0,
        "decode_gib_s": 0.0,
        "applicable": false,
        "reason": "dictionary entry longer than 4 bytes"
      },
      {
        "kernel": "onpair_shmem_const1",
        "decode_ms": 0.0,
        "decode_gib_s": 0.0,
        "applicable": false,
        "reason": "not every dictionary entry is exactly 1 byte"
      },
      {
        "kernel": "onpair_shmem_const2",
        "decode_ms": 0.0,
        "decode_gib_s": 0.0,
        "applicable": false,
        "reason": "not every dictionary entry is exactly 2 bytes"
      }
    ]
  }
}
==PROF== Disconnected from process 39091
==PROF== Report: /home/ubuntu/work/shdict_ncu_clickbench_URL_b12_split4read.ncu-rep
