==PROF== Connected to process 32109 (/home/ubuntu/work/target/release/onpair-chunk-bench)
2026-08-13T03:11:35.077488Z  INFO vortex_cuda: vortex-cuda/src/lib.rs:111: Registering CUDA kernels
==PROF== Profiling "onpair_shmem_4tpt_split8read": 0%....50%....100% - 43 passes
==PROF== Profiling "onpair_shmem_4tpt_split8read": 0%....50%....100% - 43 passes
==PROF== Profiling "onpair_shmem_4tpt_split8read": 0%....50%....100% - 43 passes
==PROF== Profiling "onpair_shmem_4tpt_split8read": 0%....50%....100% - 43 passes
==PROF== Profiling "onpair_shmem_4tpt_split8read": 0%....50%....100% - 43 passes
==PROF== Profiling "onpair_shmem_4tpt_split8read": 0%....50%....100% - 43 passes
==PROF== Profiling "onpair_shmem_4tpt_split8read": 0%....50%....100% - 43 passes
==PROF== Profiling "onpair_shmem_4tpt_split8read": 0%....50%....100% - 43 passes
==PROF== Profiling "onpair_shmem_4tpt_split8read": 0%....50%....100% - 43 passes
==PROF== Profiling "onpair_shmem_4tpt_split8read": 0%....50%....100% - 43 passes
==PROF== Profiling "onpair_shmem_4tpt_split8read": 0%....50%....100% - 43 passes
==PROF== Profiling "onpair_shmem_4tpt_split8read": 0%....50%....100% - 43 passes
==PROF== Profiling "onpair_shmem_4tpt_split8read": 0%....50%....100% - 43 passes
==PROF== Profiling "onpair_shmem_4tpt_split8read": 0%....50%....100% - 43 passes
==PROF== Profiling "onpair_shmem_4tpt_split8read": 0%....50%....100% - 43 passes
==PROF== Profiling "onpair_shmem_4tpt_split8read": 0%....50%....100% - 43 passes
{
  "files": [
    "/home/ubuntu/work/vortex-bench/data/onpair-bench/clickbench/Referer/bits12_chunk1000mb_thr0.20/part_0000.vortex"
  ],
  "column": "Referer",
  "rows": 12527778,
  "in_memory_bytes": 408041210,
  "dict_bytes": 19231,
  "gpu": {
    "iterations": 30,
    "decoded_bytes": 999999983,
    "chunks": 1,
    "auto_kernel": "onpair_shmem_4tpt",
    "frac_le8": 0.87643665,
    "dict_mean_len": 3.9483945,
    "dict_max_len": 16,
    "dict_entries_max": 4096,
    "small_dict": true,
    "distinct_codes": 4020,
    "access_top4096_frac": 1.0,
    "compressed_bytes": 506558337,
    "h2d_gib_s": 20.08429055396852,
    "whole_decompress_gib_s": 34.240535453468254,
    "best_kernel": "onpair_shmem_4tpt_split4read",
    "auto_decode_ms": 3.709952,
    "best_decode_ms": 2.341888,
    "validated": false,
    "auto_decode_gib_s": 251.03358716851181,
    "best_decode_gib_s": 397.6802301318401,
    "kernels": [
      {
        "kernel": "onpair_shmem",
        "decode_ms": 2.813952,
        "decode_gib_s": 330.96604305368203,
        "decode_ns_iters": [
          2823168,
          2818048,
          2813952,
          2816000,
          2817984,
          2814976,
          2819072,
          2816000,
          2828288,
          2814976,
          2817024,
          2814976,
          2827104,
          2815968,
          2813952,
          2817024,
          2839552,
          2840576,
          2839520,
          2840576,
          2849792,
          2844672,
          2849792,
          2860032,
          2859008,
          2859872,
          2859136,
          2862080,
          2859008,
          2876416
        ],
        "applicable": true
      },
      {
        "kernel": "onpair_shmem_2tpt",
        "decode_ms": 2.421728,
        "decode_gib_s": 384.569430911727,
        "decode_ns_iters": [
          2429952,
          2430976,
          2432000,
          2423808,
          2426880,
          2428928,
          2428864,
          2427808,
          2428928,
          2444288,
          2424832,
          2424832,
          2423808,
          2430976,
          2428928,
          2423808,
          2426880,
          2421728,
          2429952,
          2427904,
          2428928,
          2429856,
          2427904,
          2428832,
          2434048,
          2430976,
          2433024,
          2428800,
          2428032,
          2435072
        ],
        "applicable": true
      },
      {
        "kernel": "onpair_shmem_4tpt",
        "decode_ms": 3.709952,
        "decode_gib_s": 251.03358716851181,
        "decode_ns_iters": [
          3908608,
          3870720,
          3842048,
          3846144,
          3844096,
          3842048,
          3843008,
          3786752,
          3786752,
          3785760,
          3785728,
          3757056,
          3758976,
          3751936,
          3738624,
          3739456,
          3728384,
          3718144,
          3723264,
          3714048,
          3714048,
          3713888,
          3709952,
          3715072,
          3732480,
          3714048,
          3713024,
          3713024,
          3710976,
          3712000
        ],
        "applicable": true
      },
      {
        "kernel": "onpair_shmem_4tpt_wpb8",
        "decode_ms": 3.82464,
        "decode_gib_s": 243.50594011017893,
        "decode_ns_iters": [
          3826688,
          3827616,
          3825664,
          3829760,
          3825664,
          3827712,
          3824736,
          3825664,
          3827712,
          3827712,
          3827712,
          3827712,
          3825568,
          3826688,
          3826688,
          3824640,
          3862528,
          3826848,
          3827712,
          3825664,
          3824640,
          3828736,
          3828736,
          3828736,
          3824640,
          3827712,
          3826688,
          3827648,
          3825664,
          3828736
        ],
        "applicable": true
      },
      {
        "kernel": "onpair_shmem_4tpt_wpb8_occ",
        "decode_ms": 3.993728,
        "decode_gib_s": 233.19629148079056,
        "decode_ns_iters": [
          3996512,
          3997728,
          3996672,
          3995648,
          3994624,
          3996672,
          3996672,
          3995648,
          3996512,
          3996672,
          4016128,
          3995648,
          3993728,
          3995648,
          3996672,
          4000768,
          3996672,
          4004832,
          3999744,
          4002816,
          3999744,
          3997696,
          3996672,
          3998720,
          3996672,
          3998720,
          3995648,
          3997696,
          3998720,
          3997696
        ],
        "applicable": true
      },
      {
        "kernel": "onpair_shmem_4tpt_b128",
        "decode_ms": 4.17504,
        "decode_gib_s": 223.0691343754778,
        "decode_ns_iters": [
          4180992,
          4180992,
          4179968,
          4178944,
          4182144,
          4181120,
          4177824,
          4180992,
          4180928,
          4186112,
          4197376,
          4175040,
          4176896,
          4178784,
          4176896,
          4179968,
          4178944,
          4180992,
          4183936,
          4178944,
          4180992,
          4179968,
          4180992,
          4179968,
          4183040,
          4178944,
          4180992,
          4179968,
          4179968,
          4177824
        ],
        "applicable": true
      },
      {
        "kernel": "onpair_shmem_4tpt_o6",
        "decode_ms": 4.15744,
        "decode_gib_s": 224.0134695348567,
        "decode_ns_iters": [
          4157440,
          4160512,
          4160512,
          4160704,
          4161536,
          4165632,
          4162560,
          4163424,
          4161536,
          4168704,
          4163584,
          4161536,
          4161536,
          4163488,
          4163552,
          4160544,
          4161504,
          4176832,
          4161536,
          4160608,
          4158464,
          4160512,
          4159488,
          4160512,
          4161600,
          4161536,
          4163584,
          4159680,
          4178944,
          4161536
        ],
        "applicable": true
      },
      {
        "kernel": "onpair_shmem_4tpt_b512o3",
        "decode_ms": 3.790848,
        "decode_gib_s": 245.67657652931342,
        "decode_ns_iters": [
          3796064,
          3793920,
          3791872,
          3793920,
          3793952,
          3791872,
          3795968,
          3791872,
          3791872,
          3790848,
          3793920,
          3791872,
          3794944,
          3792928,
          3793920,
          3795968,
          3793920,
          3796992,
          3792896,
          3792896,
          3793920,
          3793920,
          3794944,
          3791872,
          3791872,
          3790848,
          3792896,
          3792896,
          3792896,
          3791744
        ],
        "applicable": true
      },
      {
        "kernel": "onpair_shmem_4tpt_b128o12",
        "decode_ms": 4.335616,
        "decode_gib_s": 214.80743654027359,
        "decode_ns_iters": [
          4336480,
          4339712,
          4339712,
          4339712,
          4339712,
          4341760,
          4338688,
          4340736,
          4356096,
          4339712,
          4340608,
          4348768,
          4337632,
          4338688,
          4339712,
          4337760,
          4335616,
          4335616,
          4337664,
          4354048,
          4336640,
          4343648,
          4338816,
          4339712,
          4337664,
          4339712,
          4339712,
          4340736,
          4339712,
          4338688
        ],
        "applicable": true
      },
      {
        "kernel": "onpair_shmem_4tpt_b64",
        "decode_ms": 4.231104,
        "decode_gib_s": 220.11336965080383,
        "decode_ns_iters": [
          4234240,
          4232192,
          4231168,
          4232096,
          4238336,
          4231104,
          4234240,
          4234240,
          4233216,
          4233216,
          4242400,
          4233216,
          4234240,
          4252672,
          4234240,
          4235264,
          4232192,
          4234240,
          4233216,
          4239360,
          4232096,
          4231168,
          4232192,
          4232192,
          4234176,
          4237184,
          4233216,
          4236288,
          4232192,
          4253696
        ],
        "applicable": true
      },
      {
        "kernel": "onpair_shmem_4tpt_b64o24",
        "decode_ms": 4.465664,
        "decode_gib_s": 208.5518656985825,
        "decode_ns_iters": [
          4471680,
          4469760,
          4471808,
          4471808,
          4466688,
          4465664,
          4471680,
          4468736,
          4466752,
          4467712,
          4468736,
          4468736,
          4469760,
          4469760,
          4469760,
          4471808,
          4469760,
          4471872,
          4469632,
          4469760,
          4469760,
          4467712,
          4470784,
          4468704,
          4467680,
          4466688,
          4467616,
          4469760,
          4468736,
          4470784
        ],
        "applicable": true
      },
      {
        "kernel": "onpair_shmem_4tpt_split8read_b128o12",
        "decode_ms": 3.336192,
        "decode_gib_s": 279.1573622810062,
        "decode_ns_iters": [
          3336192,
          3339264,
          3338080,
          3338240,
          3340288,
          3337248,
          3338240,
          3339200,
          3338240,
          3336192,
          3338240,
          3338240,
          3336192,
          3357696,
          3337216,
          3336192,
          3341312,
          3338240,
          3338240,
          3338240,
          3386368,
          3404832,
          3403776,
          3405632,
          3402752,
          3404800,
          3402592,
          3404800,
          3403776,
          3421184
        ],
        "applicable": true
      },
      {
        "kernel": "onpair_shmem_4tpt_split8read_occ",
        "decode_ms": 3.204064,
        "decode_gib_s": 290.66914979944056,
        "decode_ns_iters": [
          3224576,
          3226624,
          3227648,
          3225600,
          3225600,
          3228672,
          3225600,
          3222528,
          3223552,
          3224576,
          3211360,
          3205120,
          3205120,
          3206080,
          3206144,
          3223488,
          3204096,
          3206144,
          3204096,
          3204096,
          3206144,
          3205120,
          3206112,
          3208128,
          3206144,
          3205984,
          3205120,
          3204064,
          3225600,
          3223552
        ],
        "applicable": true
      },
      {
        "kernel": "onpair_shmem_4tpt_split8",
        "decode_ms": 3.865568,
        "decode_gib_s": 240.92773915320976,
        "decode_ns_iters": [
          3944448,
          3913728,
          3914624,
          3913632,
          3937280,
          3913728,
          3890176,
          3891200,
          3893248,
          3893248,
          3884128,
          3866528,
          3867648,
          3867648,
          3866592,
          3885024,
          3867616,
          3865600,
          3866624,
          3866624,
          3865600,
          3865600,
          3865600,
          3865568,
          3866528,
          3868672,
          3866624,
          3867648,
          3866624,
          3867648
        ],
        "applicable": true
      },
      {
        "kernel": "onpair_shmem_4tpt_split8_wpb8",
        "decode_ms": 3.894272,
        "decode_gib_s": 239.15190279030196,
        "decode_ns_iters": [
          3897408,
          3897248,
          3898368,
          3896320,
          3896320,
          3915712,
          3894272,
          3898368,
          3895296,
          3898368,
          3900416,
          3900416,
          3899392,
          3901248,
          3897344,
          3899392,
          3914752,
          3901440,
          3900416,
          3902464,
          3898368,
          3900416,
          3900416,
          3908768,
          3900416,
          3900416,
          3899392,
          3904512,
          3898368,
          3898272
        ],
        "applicable": true
      },
      {
        "kernel": "onpair_shmem_4tpt_split8_wpb8_occ",
        "decode_ms": 4.024416,
        "decode_gib_s": 231.41806383410528,
        "decode_ns_iters": [
          4029440,
          4032512,
          4029440,
          4031680,
          4028416,
          4034560,
          4030464,
          4033536,
          4030528,
          4029440,
          4030464,
          4028416,
          4035584,
          4026368,
          4042752,
          4029376,
          4026368,
          4026368,
          4026368,
          4027424,
          4024416,
          4028416,
          4031488,
          4032512,
          4030368,
          4032416,
          4030464,
          4031488,
          4030432,
          4031488
        ],
        "applicable": true
      },
      {
        "kernel": "onpair_shmem_4tpt_pdict",
        "decode_ms": 3.351744,
        "decode_gib_s": 277.8620797957704,
        "decode_ns_iters": [
          3366912,
          3378176,
          3389440,
          3370848,
          3360768,
          3372032,
          3361792,
          3385376,
          3361792,
          3391488,
          3373056,
          3351744,
          3379200,
          3375104,
          3378176,
          3367840,
          3353600,
          3385344,
          3380224,
          3354624,
          3371008,
          3386368,
          3357696,
          3359744,
          3362816,
          3372032,
          3367936,
          3367936,
          3379200,
          3357696
        ],
        "applicable": true
      },
      {
        "kernel": "onpair_shmem_4tpt_vdict",
        "decode_ms": 2.973696,
        "decode_gib_s": 313.18687545162476,
        "decode_ns_iters": [
          2979840,
          2990080,
          2976768,
          2973696,
          2974720,
          2980864,
          2974720,
          2980864,
          2999296,
          2975840,
          2979840,
          3016704,
          3005440,
          3014656,
          3024736,
          3013568,
          3012608,
          3008512,
          3013632,
          3009536,
          3011584,
          3004416,
          3010560,
          3010752,
          3002368,
          3007488,
          3010528,
          3005440,
          3013632,
          3016576
        ],
        "applicable": true
      },
      {
        "kernel": "onpair_shmem_4tpt_split8read",
        "decode_ms": 2.89792,
        "decode_gib_s": 321.37621424435275,
        "decode_ns_iters": [
          2590197802,
          2590915442,
          2573350906,
          2596666336,
          2588426352,
          2576768160,
          2575462341,
          2584707975,
          2579266548,
          2578781366,
          2595329046,
          2599563122,
          2580529928,
          2602925062,
          2921376,
          2956288,
          2898784,
          2898944,
          2902016,
          2903936,
          2898944,
          2900992,
          2897920,
          2915328,
          2901184,
          2911232,
          2909184,
          2916544,
          2916352,
          2917376
        ],
        "applicable": true
      },
      {
        "kernel": "onpair_shmem_4tpt_ldcs",
        "decode_ms": 3.718144,
        "decode_gib_s": 250.48049746943494,
        "decode_ns_iters": [
          3787616,
          3808256,
          3793920,
          3796832,
          3798016,
          3755008,
          3745792,
          3749792,
          3756128,
          3749888,
          3732480,
          3722240,
          3725312,
          3726368,
          3723264,
          3720128,
          3729408,
          3723264,
          3724288,
          3723264,
          3720192,
          3723264,
          3720192,
          3740672,
          3725312,
          3723424,
          3722240,
          3722240,
          3721216,
          3718144
        ],
        "applicable": true
      },
      {
        "kernel": "onpair_shmem_4tpt_lenbucket",
        "decode_ms": 0.0,
        "decode_gib_s": 0.0,
        "applicable": false,
        "reason": "length-bucket dict not built (set ONPAIR_DICT_REORDER=lenbucket)"
      },
      {
        "kernel": "onpair_shmem_4tpt_lenbucket_b128",
        "decode_ms": 0.0,
        "decode_gib_s": 0.0,
        "applicable": false,
        "reason": "length-bucket dict not built (set ONPAIR_DICT_REORDER=lenbucket)"
      },
      {
        "kernel": "onpair_shmem_4tpt_regcache",
        "decode_ms": 4.122624,
        "decode_gib_s": 225.90528721100802,
        "decode_ns_iters": [
          4123776,
          4125696,
          4124672,
          4124672,
          4123648,
          4124672,
          4128768,
          4127680,
          4125696,
          4125824,
          4125696,
          4128768,
          4125696,
          4126720,
          4126720,
          4127744,
          4126720,
          4123648,
          4126720,
          4124672,
          4123680,
          4128768,
          4123648,
          4124672,
          4126720,
          4147104,
          4128768,
          4122624,
          4125696,
          4125696
        ],
        "applicable": true
      },
      {
        "kernel": "onpair_shmem_4tpt_split4read",
        "decode_ms": 2.341888,
        "decode_gib_s": 397.6802301318401,
        "decode_ns_iters": [
          2351008,
          2343936,
          2347008,
          2345984,
          2346816,
          2341888,
          2342912,
          2345984,
          2378752,
          2372736,
          2375552,
          2374656,
          2375712,
          2371584,
          2374656,
          2395136,
          2395136,
          2393056,
          2404256,
          2389984,
          2393088,
          2392064,
          2387968,
          2398208,
          2435072,
          2410592,
          2410496,
          2408448,
          2411520,
          2413568
        ],
        "applicable": true
      },
      {
        "kernel": "onpair_shmem_4tpt_split4read_b128o12",
        "decode_ms": 2.875232,
        "decode_gib_s": 323.91214301419666,
        "decode_ns_iters": [
          2913312,
          2917376,
          2922496,
          2917376,
          2918400,
          2905088,
          2911232,
          2896896,
          2897920,
          2898944,
          2915328,
          2895872,
          2895872,
          2898848,
          2897920,
          2896896,
          2895872,
          2896000,
          2895840,
          2894848,
          2895872,
          2895872,
          2894848,
          2896896,
          2910368,
          2875232,
          2878464,
          2875392,
          2877440,
          2877440
        ],
        "applicable": true
      },
      {
        "kernel": "onpair_shmem_4tpt_cluster_dsmem",
        "decode_ms": 0.0,
        "decode_gib_s": 0.0,
        "applicable": false,
        "reason": "thread-block clusters require sm_90+ (device cc 8.x)"
      },
      {
        "kernel": "onpair_shmem_8tpt",
        "decode_ms": 3.878912,
        "decode_gib_s": 240.09891402099217,
        "decode_ns_iters": [
          4178944,
          4178944,
          4177920,
          4178816,
          4054880,
          4052992,
          4049920,
          4050944,
          3977216,
          3964928,
          3967104,
          3964928,
          3966080,
          3912704,
          3913728,
          3912704,
          3911680,
          3909632,
          3887232,
          3902464,
          3887072,
          3887264,
          3885024,
          3885056,
          3884224,
          3881984,
          3885056,
          3884896,
          3878912,
          3882016
        ],
        "applicable": true
      },
      {
        "kernel": "onpair_shmem_8tpt_b128",
        "decode_ms": 4.063232,
        "decode_gib_s": 229.20733021963667,
        "decode_ns_iters": [
          4065280,
          4064256,
          4065120,
          4076544,
          4067328,
          4066304,
          4066304,
          4063232,
          4065280,
          4067168,
          4063232,
          4064192,
          4064256,
          4065216,
          4064256,
          4063232,
          4072544,
          4064416,
          4064256,
          4067328,
          4065440,
          4066304,
          4064256,
          4066336,
          4066304,
          4067136,
          4063232,
          4064256,
          4066304,
          4084736
        ],
        "applicable": true
      },
      {
        "kernel": "onpair_shmem_4tpt_vwidth",
        "decode_ms": 8.919104,
        "decode_gib_s": 104.41884731728598,
        "decode_ns_iters": [
          8939520,
          8921089,
          8925185,
          8925185,
          8924160,
          8926176,
          8922944,
          8928256,
          8942592,
          8924352,
          8927232,
          8923136,
          8925185,
          8924160,
          8926112,
          8927232,
          8944640,
          8922112,
          8923104,
          8924160,
          8925185,
          8932352,
          8928129,
          8928256,
          8939520,
          8923071,
          8922112,
          8919104,
          8920064,
          8920064
        ],
        "applicable": true
      },
      {
        "kernel": "onpair_shmem_4tpt_vwidth_b128",
        "decode_ms": 15.260671,
        "decode_gib_s": 61.027628390848264,
        "decode_ns_iters": [
          15267841,
          15267841,
          15263904,
          15260671,
          15270912,
          15265792,
          15281152,
          15265792,
          15262720,
          15264767,
          15265792,
          15270912,
          15267841,
          15263745,
          15265792,
          15265792,
          15267841,
          15267841,
          15264767,
          15263745,
          15266816,
          15270912,
          15270912,
          15264767,
          15261696,
          15288319,
          15266816,
          15286272,
          15268864,
          15285248
        ],
        "applicable": true
      },
      {
        "kernel": "onpair_shmem_4tpt_vwidth4",
        "decode_ms": 4.24448,
        "decode_gib_s": 219.41970719216363,
        "decode_ns_iters": [
          4245504,
          4245504,
          4245504,
          4247552,
          4246528,
          4250624,
          4244480,
          4262912,
          4268032,
          4273152,
          4274176,
          4274176,
          4271040,
          4275200,
          4273152,
          4279296,
          4275040,
          4244480,
          4251648,
          4247552,
          4246528,
          4256768,
          4276224,
          4274176,
          4276224,
          4272128,
          4276224,
          4275200,
          4273152,
          4274176
        ],
        "applicable": true
      },
      {
        "kernel": "onpair_shmem_4tpt_vwidth4_b128",
        "decode_ms": 4.737024,
        "decode_gib_s": 196.60499055588375,
        "decode_ns_iters": [
          4786176,
          4770752,
          4752384,
          4737024,
          4740096,
          4739072,
          4774912,
          4805632,
          4807680,
          4807680,
          4770656,
          4739072,
          4740096,
          4755456,
          4774912,
          4805632,
          4806656,
          4805632,
          4792320,
          4771680,
          4771840,
          4774912,
          4770816,
          4771840,
          4771968,
          4776960,
          4773888,
          4775936,
          4789248,
          4790272
        ],
        "applicable": true
      },
      {
        "kernel": "onpair_shmem_4tpt_shdict8",
        "decode_ms": 4.519936,
        "decode_gib_s": 206.0477313800449,
        "decode_ns_iters": [
          4567040,
          4552704,
          4552704,
          4536320,
          4549632,
          4554752,
          4536320,
          4535296,
          4550496,
          4537344,
          4526048,
          4528128,
          4533248,
          4535200,
          4535296,
          4535296,
          4536320,
          4530176,
          4540256,
          4532320,
          4538208,
          4527104,
          4519936,
          4554752,
          4539552,
          4525952,
          4557696,
          4532224,
          4540256,
          4544512
        ],
        "applicable": true
      },
      {
        "kernel": "onpair_shmem_4tpt_ablate",
        "decode_ms": 4.337664,
        "decode_gib_s": 214.7060165985643,
        "decode_ns_iters": [
          4342784,
          4340640,
          4342784,
          4341760,
          4340736,
          4343808,
          4340832,
          4341760,
          4338688,
          4339840,
          4362240,
          4340736,
          4342784,
          4348928,
          4341760,
          4340736,
          4343808,
          4340544,
          4341856,
          4359168,
          4342784,
          4346880,
          4337664,
          4339744,
          4337664,
          4340640,
          4340736,
          4341632,
          4342816,
          4339712
        ],
        "applicable": true
      },
      {
        "kernel": "onpair_shmem_4tpt_ablate_nogather",
        "decode_ms": 2.369536,
        "decode_gib_s": 393.0400545857901,
        "decode_ns_iters": [
          2374656,
          2372800,
          2375680,
          2375680,
          2369536,
          2376544,
          2372576,
          2369536,
          2376704,
          2374656,
          2379776,
          2373632,
          2374752,
          2388992,
          2379904,
          2378752,
          2374656,
          2374656,
          2375680,
          2394016,
          2373728,
          2378752,
          2372608,
          2385920,
          2372608,
          2372608,
          2372608,
          2373632,
          2390016,
          2372608
        ],
        "applicable": true
      },
      {
        "kernel": "onpair_shmem_4tpt_ablate_noemit",
        "decode_ms": 2.37056,
        "decode_gib_s": 392.87027486458675,
        "decode_ns_iters": [
          2372608,
          2377728,
          2374624,
          2379776,
          2376704,
          2377664,
          2392064,
          2375680,
          2377792,
          2376704,
          2377664,
          2376704,
          2378752,
          2373632,
          2376832,
          2370688,
          2371584,
          2399072,
          2378752,
          2376704,
          2391040,
          2377728,
          2371424,
          2370560,
          2379712,
          2405376,
          2388064,
          2370560,
          2379616,
          2384896
        ],
        "applicable": true
      },
      {
        "kernel": "onpair_shmem_4tpt_ablate_nodrain",
        "decode_ms": 4.259904,
        "decode_gib_s": 218.62524572924525,
        "decode_ns_iters": [
          4265984,
          4282368,
          4262912,
          4265920,
          4267008,
          4265984,
          4263936,
          4261888,
          4265984,
          4262912,
          4269056,
          4263936,
          4285440,
          4260032,
          4265824,
          4263936,
          4264960,
          4265920,
          4265984,
          4262912,
          4272128,
          4263936,
          4262912,
          4263936,
          4265984,
          4264960,
          4259904,
          4268032,
          4264832,
          4275200
        ],
        "applicable": true
      },
      {
        "kernel": "onpair_shmem_4tpt_ablate_noscan",
        "decode_ms": 4.187136,
        "decode_gib_s": 222.42472152397121,
        "decode_ns_iters": [
          4190208,
          4189184,
          4194400,
          4195328,
          4193280,
          4195328,
          4192256,
          4212736,
          4192384,
          4194304,
          4192256,
          4191072,
          4194336,
          4192256,
          4191136,
          4194304,
          4192256,
          4194304,
          4193280,
          4191232,
          4192256,
          4193280,
          4194304,
          4201408,
          4190208,
          4190208,
          4192256,
          4187136,
          4193280,
          4190144
        ],
        "applicable": true
      },
      {
        "kernel": "onpair_shmem_4tpt_ablate_cfree",
        "decode_ms": 4.48512,
        "decode_gib_s": 207.64718865559777,
        "decode_ns_iters": [
          4487168,
          4488192,
          4487168,
          4488192,
          4487200,
          4486080,
          4486144,
          4486144,
          4491264,
          4487168,
          4505600,
          4488192,
          4489216,
          4504768,
          4498432,
          4487360,
          4492288,
          4488192,
          4487168,
          4486048,
          4488192,
          4485120,
          4486144,
          4485312,
          4485152,
          4489216,
          4491264,
          4487136,
          4488192,
          4486144
        ],
        "applicable": true
      },
      {
        "kernel": "onpair_shmem_s8",
        "decode_ms": 0.0,
        "decode_gib_s": 0.0,
        "applicable": false,
        "reason": "dictionary entry longer than 8 bytes"
      },
      {
        "kernel": "onpair_shmem_s8_2tpt",
        "decode_ms": 0.0,
        "decode_gib_s": 0.0,
        "applicable": false,
        "reason": "dictionary entry longer than 8 bytes"
      },
      {
        "kernel": "onpair_shmem_s8_4tpt",
        "decode_ms": 0.0,
        "decode_gib_s": 0.0,
        "applicable": false,
        "reason": "dictionary entry longer than 8 bytes"
      },
      {
        "kernel": "onpair_shmem_s8_8tpt",
        "decode_ms": 0.0,
        "decode_gib_s": 0.0,
        "applicable": false,
        "reason": "dictionary entry longer than 8 bytes"
      },
      {
        "kernel": "onpair_shmem_s4l1",
        "decode_ms": 0.0,
        "decode_gib_s": 0.0,
        "applicable": false,
        "reason": "dictionary entry longer than 4 bytes"
      },
      {
        "kernel": "onpair_shmem_s4l1_2tpt",
        "decode_ms": 0.0,
        "decode_gib_s": 0.0,
        "applicable": false,
        "reason": "dictionary entry longer than 4 bytes"
      },
      {
        "kernel": "onpair_shmem_s4l1_4tpt",
        "decode_ms": 0.0,
        "decode_gib_s": 0.0,
        "applicable": false,
        "reason": "dictionary entry longer than 4 bytes"
      },
      {
        "kernel": "onpair_shmem_s4l1_8tpt",
        "decode_ms": 0.0,
        "decode_gib_s": 0.0,
        "applicable": false,
        "reason": "dictionary entry longer than 4 bytes"
      },
      {
        "kernel": "onpair_shmem_s4l1_16tpt",
        "decode_ms": 0.0,
        "decode_gib_s": 0.0,
        "applicable": false,
        "reason": "dictionary entry longer than 4 bytes"
      },
      {
        "kernel": "onpair_shmem_s4l1_32tpt",
        "decode_ms": 0.0,
        "decode_gib_s": 0.0,
        "applicable": false,
        "reason": "dictionary entry longer than 4 bytes"
      },
      {
        "kernel": "onpair_shmem_const1",
        "decode_ms": 0.0,
        "decode_gib_s": 0.0,
        "applicable": false,
        "reason": "not every dictionary entry is exactly 1 byte"
      },
      {
        "kernel": "onpair_shmem_const2",
        "decode_ms": 0.0,
        "decode_gib_s": 0.0,
        "applicable": false,
        "reason": "not every dictionary entry is exactly 2 bytes"
      }
    ]
  }
}
==PROF== Disconnected from process 32109
==PROF== Report: /home/ubuntu/work/shdict_ncu_clickbench_Referer_b12_split8read.ncu-rep
