==PROF== Connected to process 35182 (/home/ubuntu/work/target/release/onpair-chunk-bench)
2026-08-13T03:14:34.435579Z  INFO vortex_cuda: vortex-cuda/src/lib.rs:111: Registering CUDA kernels
==PROF== Profiling "onpair_shmem_4tpt": 0%....50%....100% - 43 passes
==PROF== Profiling "onpair_shmem_4tpt": 0%....50%....100% - 43 passes
==PROF== Profiling "onpair_shmem_4tpt": 0%....50%....100% - 43 passes
==PROF== Profiling "onpair_shmem_4tpt": 0%....50%....100% - 43 passes
==PROF== Profiling "onpair_shmem_4tpt": 0%....50%....100% - 43 passes
==PROF== Profiling "onpair_shmem_4tpt": 0%....50%....100% - 43 passes
==PROF== Profiling "onpair_shmem_4tpt": 0%....50%....100% - 43 passes
==PROF== Profiling "onpair_shmem_4tpt": 0%....50%....100% - 43 passes
==PROF== Profiling "onpair_shmem_4tpt": 0%....50%....100% - 43 passes
==PROF== Profiling "onpair_shmem_4tpt": 0%....50%....100% - 43 passes
==PROF== Profiling "onpair_shmem_4tpt": 0%....50%....100% - 43 passes
==PROF== Profiling "onpair_shmem_4tpt": 0%....50%....100% - 43 passes
==PROF== Profiling "onpair_shmem_4tpt": 0%....50%....100% - 43 passes
==PROF== Profiling "onpair_shmem_4tpt": 0%....50%....100% - 43 passes
==PROF== Profiling "onpair_shmem_4tpt": 0%....50%....100% - 43 passes
==PROF== Profiling "onpair_shmem_4tpt": 0%....50%....100% - 43 passes
{
  "files": [
    "/home/ubuntu/work/vortex-bench/data/onpair-bench/clickbench/URL/bits12_chunk1000mb_thr0.20/part_0000.vortex"
  ],
  "column": "URL",
  "rows": 12254692,
  "in_memory_bytes": 345721947,
  "dict_bytes": 21154,
  "gpu": {
    "iterations": 30,
    "decoded_bytes": 999999995,
    "chunks": 1,
    "auto_kernel": "onpair_shmem_4tpt",
    "frac_le8": 0.8109308,
    "dict_mean_len": 4.6936812,
    "dict_max_len": 16,
    "dict_entries_max": 4096,
    "small_dict": true,
    "distinct_codes": 4015,
    "access_top4096_frac": 1.0,
    "compressed_bytes": 426130024,
    "h2d_gib_s": 20.04530479427163,
    "whole_decompress_gib_s": 41.496557398701896,
    "best_kernel": "onpair_shmem_4tpt_split4read",
    "auto_decode_ms": 2.644992,
    "best_decode_ms": 2.238464,
    "validated": false,
    "auto_decode_gib_s": 352.10789671910754,
    "best_decode_gib_s": 416.05429882225746,
    "kernels": [
      {
        "kernel": "onpair_shmem",
        "decode_ms": 2.555904,
        "decode_gib_s": 364.38088831148025,
        "decode_ns_iters": [
          2561024,
          2568160,
          2558112,
          2557952,
          2577408,
          2562048,
          2557952,
          2557952,
          2555904,
          2557888,
          2558976,
          2576256,
          2563232,
          2564096,
          2564096,
          2563072,
          2568192,
          2565984,
          2562976,
          2565120,
          2562048,
          2565120,
          2566016,
          2564096,
          2565120,
          2566112,
          2575360,
          2567360,
          2567168,
          2585600
        ],
        "applicable": true
      },
      {
        "kernel": "onpair_shmem_2tpt",
        "decode_ms": 2.373824,
        "decode_gib_s": 392.33008426861704,
        "decode_ns_iters": [
          2399232,
          2378720,
          2379776,
          2392096,
          2387104,
          2403328,
          2395136,
          2405440,
          2388928,
          2373824,
          2392064,
          2392064,
          2386944,
          2394112,
          2397184,
          2405376,
          2409472,
          2390016,
          2392064,
          2378752,
          2378752,
          2375808,
          2374656,
          2390144,
          2396160,
          2417568,
          2384800,
          2393952,
          2391104,
          2405280
        ],
        "applicable": true
      },
      {
        "kernel": "onpair_shmem_4tpt",
        "decode_ms": 2.644992,
        "decode_gib_s": 352.10789671910754,
        "decode_ns_iters": [
          2444096327,
          2457895756,
          2457967520,
          2459055185,
          2464369535,
          2460224628,
          2444280863,
          2461788177,
          2459933519,
          2456933260,
          2464203835,
          2466401339,
          2462219238,
          2465169430,
          2667520,
          2648064,
          2650112,
          2644992,
          2648064,
          2666496,
          2646016,
          2648064,
          2647040,
          2645856,
          2644992,
          2648064,
          2647040,
          2646016,
          2647040,
          2647040
        ],
        "applicable": true
      },
      {
        "kernel": "onpair_shmem_4tpt_wpb8",
        "decode_ms": 2.809856,
        "decode_gib_s": 331.44850481977215,
        "decode_ns_iters": [
          2809856,
          2809856,
          2811904,
          2820992,
          2822144,
          2820096,
          2820000,
          2822144,
          2818048,
          2820096,
          2821120,
          2822144,
          2833408,
          2831360,
          2832384,
          2834432,
          2824064,
          2825216,
          2832384,
          2834432,
          2836448,
          2835296,
          2832224,
          2832384,
          2834432,
          2833408,
          2833408,
          2830336,
          2836480,
          2833536
        ],
        "applicable": true
      },
      {
        "kernel": "onpair_shmem_4tpt_wpb8_occ",
        "decode_ms": 2.771968,
        "decode_gib_s": 335.97883163112476,
        "decode_ns_iters": [
          2776064,
          2772032,
          2771968,
          2773184,
          2774016,
          2772992,
          2773824,
          2773920,
          2773024,
          2774016,
          2786304,
          2804736,
          2807808,
          2808832,
          2806784,
          2803712,
          2806784,
          2804736,
          2804736,
          2802752,
          2805760,
          2803712,
          2807744,
          2803712,
          2806784,
          2804736,
          2805760,
          2803712,
          2808832,
          2807808
        ],
        "applicable": true
      },
      {
        "kernel": "onpair_shmem_4tpt_b128",
        "decode_ms": 2.89792,
        "decode_gib_s": 321.3762181008674,
        "decode_ns_iters": [
          2904064,
          2904064,
          2918464,
          2902016,
          2902016,
          2902016,
          2900160,
          2902880,
          2900992,
          2904064,
          2900992,
          2901888,
          2902016,
          2916352,
          2897920,
          2902016,
          2900864,
          2900992,
          2897920,
          2898944,
          2902016,
          2899008,
          2899968,
          2908160,
          2903040,
          2919424,
          2900992,
          2900992,
          2902016,
          2903040
        ],
        "applicable": true
      },
      {
        "kernel": "onpair_shmem_4tpt_o6",
        "decode_ms": 2.905088,
        "decode_gib_s": 320.58325598359346,
        "decode_ns_iters": [
          2907264,
          2908160,
          2907136,
          2905088,
          2909184,
          2909184,
          2907072,
          2909184,
          2921472,
          2907168,
          2922592,
          2905088,
          2907136,
          2905088,
          2906112,
          2906112,
          2905120,
          2908160,
          2908032,
          2909184,
          2907136,
          2909184,
          2905088,
          2908160,
          2909184,
          2909184,
          2908160,
          2907008,
          2908160,
          2908160
        ],
        "applicable": true
      },
      {
        "kernel": "onpair_shmem_4tpt_b512o3",
        "decode_ms": 2.751488,
        "decode_gib_s": 338.4796044754204,
        "decode_ns_iters": [
          2753536,
          2752512,
          2757632,
          2755456,
          2755584,
          2772992,
          2771968,
          2753504,
          2751488,
          2754560,
          2753536,
          2755584,
          2753536,
          2755488,
          2756512,
          2753536,
          2755584,
          2756608,
          2756608,
          2756608,
          2756608,
          2756608,
          2775040,
          2771968,
          2754560,
          2757728,
          2756608,
          2756608,
          2754560,
          2755584
        ],
        "applicable": true
      },
      {
        "kernel": "onpair_shmem_4tpt_b128o12",
        "decode_ms": 2.968448,
        "decode_gib_s": 313.74057081642184,
        "decode_ns_iters": [
          3003392,
          3004288,
          3007488,
          3006464,
          3005440,
          3005408,
          2996224,
          2968448,
          2968480,
          2968576,
          2969600,
          2969600,
          2968576,
          3004416,
          3004416,
          3006464,
          3006528,
          3003392,
          3007488,
          2990976,
          3003392,
          2987008,
          2987008,
          2990080,
          2987008,
          2995200,
          3022848,
          3002560,
          3006464,
          3006464
        ],
        "applicable": true
      },
      {
        "kernel": "onpair_shmem_4tpt_b64",
        "decode_ms": 2.915328,
        "decode_gib_s": 319.4572171497909,
        "decode_ns_iters": [
          2919424,
          2919424,
          2915328,
          2918400,
          2919424,
          2934784,
          2932736,
          2935808,
          2932736,
          2936800,
          2936832,
          2937856,
          2937856,
          2954240,
          2933760,
          2937856,
          2934784,
          2934784,
          2935808,
          2933760,
          2937856,
          2949120,
          2933664,
          2937888,
          2938048,
          2948096,
          2954240,
          2957312,
          2955264,
          2953216
        ],
        "applicable": true
      },
      {
        "kernel": "onpair_shmem_4tpt_b64o24",
        "decode_ms": 3.01568,
        "decode_gib_s": 308.82672231764167,
        "decode_ns_iters": [
          3094528,
          3095552,
          3093664,
          3091456,
          3097536,
          3094528,
          3093568,
          3093504,
          3094528,
          3091456,
          3092480,
          3092640,
          3076096,
          3052384,
          3052544,
          3054592,
          3053376,
          3059712,
          3054592,
          3052544,
          3053568,
          3053568,
          3072000,
          3051520,
          3019744,
          3018752,
          3016640,
          3018784,
          3015680,
          3017856
        ],
        "applicable": true
      },
      {
        "kernel": "onpair_shmem_4tpt_split8read_b128o12",
        "decode_ms": 3.269632,
        "decode_gib_s": 284.84018077840733,
        "decode_ns_iters": [
          3316640,
          3314688,
          3316736,
          3325792,
          3316736,
          3314688,
          3313664,
          3314688,
          3314688,
          3292160,
          3272704,
          3270656,
          3269632,
          3269632,
          3273696,
          3341312,
          3360768,
          3361792,
          3362816,
          3362816,
          3361792,
          3360768,
          3364864,
          3379200,
          3363840,
          3362816,
          3361792,
          3362816,
          3361792,
          3362656
        ],
        "applicable": true
      },
      {
        "kernel": "onpair_shmem_4tpt_split8read_occ",
        "decode_ms": 3.100672,
        "decode_gib_s": 300.36152484328096,
        "decode_ns_iters": [
          3113984,
          3120128,
          3121088,
          3127296,
          3121120,
          3120128,
          3122176,
          3121152,
          3121024,
          3122176,
          3141632,
          3123200,
          3103744,
          3100672,
          3105632,
          3100672,
          3100864,
          3101536,
          3135488,
          3142656,
          3146752,
          3144704,
          3142656,
          3143680,
          3142656,
          3141440,
          3138560,
          3142656,
          3141632,
          3141632
        ],
        "applicable": true
      },
      {
        "kernel": "onpair_shmem_4tpt_split8",
        "decode_ms": 2.857984,
        "decode_gib_s": 325.8669642513274,
        "decode_ns_iters": [
          2878464,
          2857984,
          2862080,
          2862080,
          2860064,
          2861056,
          2861056,
          2861056,
          2861056,
          2859936,
          2860032,
          2874368,
          2875456,
          2875424,
          2881536,
          2877440,
          2876416,
          2882400,
          2862080,
          2863104,
          2880512,
          2861056,
          2863072,
          2862016,
          2862080,
          2861056,
          2872320,
          2866176,
          2861056,
          2863104
        ],
        "applicable": true
      },
      {
        "kernel": "onpair_shmem_4tpt_split8_wpb8",
        "decode_ms": 2.937856,
        "decode_gib_s": 317.0075626439368,
        "decode_ns_iters": [
          2990080,
          2989056,
          2990976,
          2996224,
          2988032,
          2992128,
          2974720,
          2976768,
          2974912,
          2970624,
          2984960,
          2960384,
          2955264,
          2953216,
          2955264,
          2950144,
          2954240,
          2965504,
          2938880,
          2937856,
          2937856,
          2942976,
          2941856,
          2937856,
          2947072,
          2968576,
          2953088,
          2955200,
          2951168,
          2950144
        ],
        "applicable": true
      },
      {
        "kernel": "onpair_shmem_4tpt_split8_wpb8_occ",
        "decode_ms": 2.828288,
        "decode_gib_s": 329.28844939372004,
        "decode_ns_iters": [
          2831360,
          2830336,
          2829344,
          2828288,
          2830336,
          2846720,
          2844672,
          2845696,
          2844672,
          2846720,
          2843648,
          2852864,
          2881536,
          2880512,
          2880512,
          2879488,
          2882560,
          2880512,
          2884480,
          2883584,
          2884608,
          2908192,
          2882560,
          2884480,
          2882560,
          2883584,
          2884608,
          2882560,
          2883584,
          2885632
        ],
        "applicable": true
      },
      {
        "kernel": "onpair_shmem_4tpt_pdict",
        "decode_ms": 3.048448,
        "decode_gib_s": 305.50712033102275,
        "decode_ns_iters": [
          3114944,
          3096576,
          3095552,
          3100864,
          3117056,
          3105792,
          3062848,
          3093504,
          3088384,
          3082240,
          3089408,
          3058688,
          3059712,
          3052544,
          3068928,
          3075072,
          3077120,
          3080192,
          3053568,
          3077120,
          3068928,
          3081024,
          3074048,
          3065824,
          3066880,
          3067904,
          3053568,
          3076096,
          3048448,
          3069952
        ],
        "applicable": true
      },
      {
        "kernel": "onpair_shmem_4tpt_vdict",
        "decode_ms": 2.707456,
        "decode_gib_s": 343.98437867831115,
        "decode_ns_iters": [
          2728960,
          2724768,
          2738336,
          2719744,
          2711552,
          2733056,
          2725888,
          2725888,
          2732160,
          2726720,
          2738144,
          2721792,
          2729984,
          2729056,
          2707456,
          2714464,
          2720768,
          2716672,
          2717632,
          2718720,
          2722816,
          2720768,
          2716672,
          2718720,
          2721824,
          2724864,
          2725888,
          2724864,
          2715648,
          2717696
        ],
        "applicable": true
      },
      {
        "kernel": "onpair_shmem_4tpt_split8read",
        "decode_ms": 2.863968,
        "decode_gib_s": 325.1860949420055,
        "decode_ns_iters": [
          2917376,
          2934784,
          2922496,
          2920448,
          2924544,
          2918400,
          2901984,
          2904000,
          2900992,
          2902016,
          2904064,
          2904224,
          2883584,
          2885632,
          2900000,
          2885632,
          2884608,
          2884480,
          2879488,
          2866176,
          2864128,
          2864128,
          2864128,
          2865184,
          2867200,
          2866176,
          2863968,
          2871296,
          2864128,
          2868224
        ],
        "applicable": true
      },
      {
        "kernel": "onpair_shmem_4tpt_ldcs",
        "decode_ms": 2.657216,
        "decode_gib_s": 350.48809353807354,
        "decode_ns_iters": [
          2661376,
          2678656,
          2658304,
          2658304,
          2658176,
          2657216,
          2661376,
          2663424,
          2689024,
          2690048,
          2688000,
          2686976,
          2688000,
          2701216,
          2721792,
          2720640,
          2733056,
          2721792,
          2723840,
          2719744,
          2713568,
          2707456,
          2704384,
          2708448,
          2705408,
          2705408,
          2709504,
          2702432,
          2694144,
          2692096
        ],
        "applicable": true
      },
      {
        "kernel": "onpair_shmem_4tpt_lenbucket",
        "decode_ms": 0.0,
        "decode_gib_s": 0.0,
        "applicable": false,
        "reason": "length-bucket dict not built (set ONPAIR_DICT_REORDER=lenbucket)"
      },
      {
        "kernel": "onpair_shmem_4tpt_lenbucket_b128",
        "decode_ms": 0.0,
        "decode_gib_s": 0.0,
        "applicable": false,
        "reason": "length-bucket dict not built (set ONPAIR_DICT_REORDER=lenbucket)"
      },
      {
        "kernel": "onpair_shmem_4tpt_regcache",
        "decode_ms": 2.868224,
        "decode_gib_s": 324.70356916296134,
        "decode_ns_iters": [
          2869248,
          2868224,
          2885632,
          2889696,
          2888704,
          2887680,
          2889728,
          2886656,
          2886656,
          2888544,
          2887520,
          2886464,
          2885632,
          2886656,
          2903040,
          2905088,
          2906112,
          2906112,
          2905088,
          2904064,
          2904064,
          2897920,
          2887680,
          2886496,
          2886656,
          2888704,
          2904064,
          2887616,
          2906112,
          2905088
        ],
        "applicable": true
      },
      {
        "kernel": "onpair_shmem_4tpt_split4read",
        "decode_ms": 2.238464,
        "decode_gib_s": 416.05429882225746,
        "decode_ns_iters": [
          2244608,
          2245600,
          2246592,
          2247680,
          2242560,
          2242560,
          2241536,
          2243584,
          2241536,
          2242560,
          2240512,
          2246656,
          2242560,
          2243584,
          2241408,
          2243584,
          2249728,
          2244608,
          2243584,
          2243584,
          2238464,
          2241536,
          2268160,
          2245632,
          2244608,
          2244704,
          2248704,
          2246656,
          2246656,
          2268160
        ],
        "applicable": true
      },
      {
        "kernel": "onpair_shmem_4tpt_split4read_b128o12",
        "decode_ms": 2.748416,
        "decode_gib_s": 338.8579348828073,
        "decode_ns_iters": [
          2770816,
          2766848,
          2768896,
          2755584,
          2751488,
          2751488,
          2751488,
          2750464,
          2752512,
          2750464,
          2750368,
          2749440,
          2750464,
          2768896,
          2750496,
          2751648,
          2761728,
          2750464,
          2748416,
          2748416,
          2750464,
          2748416,
          2751488,
          2759680,
          2767872,
          2769920,
          2770784,
          2769920,
          2769920,
          2769920
        ],
        "applicable": true
      },
      {
        "kernel": "onpair_shmem_4tpt_cluster_dsmem",
        "decode_ms": 0.0,
        "decode_gib_s": 0.0,
        "applicable": false,
        "reason": "thread-block clusters require sm_90+ (device cc 8.x)"
      },
      {
        "kernel": "onpair_shmem_8tpt",
        "decode_ms": 2.779136,
        "decode_gib_s": 335.11226869029286,
        "decode_ns_iters": [
          2839584,
          2840576,
          2841440,
          2843520,
          2838528,
          2819072,
          2818976,
          2818976,
          2821120,
          2819072,
          2818944,
          2806688,
          2797568,
          2798592,
          2797568,
          2800640,
          2800640,
          2798592,
          2800480,
          2800640,
          2797568,
          2800640,
          2800640,
          2797568,
          2797568,
          2781184,
          2780160,
          2780128,
          2779136,
          2780160
        ],
        "applicable": true
      },
      {
        "kernel": "onpair_shmem_8tpt_b128",
        "decode_ms": 2.819072,
        "decode_gib_s": 330.3649463223592,
        "decode_ns_iters": [
          2844672,
          2843520,
          2840576,
          2844512,
          2844672,
          2842528,
          2821120,
          2824192,
          2823008,
          2821120,
          2820992,
          2819072,
          2819072,
          2835456,
          2838528,
          2838528,
          2842624,
          2841600,
          2843648,
          2844480,
          2842560,
          2825184,
          2823168,
          2823168,
          2822144,
          2821120,
          2824192,
          2825056,
          2824064,
          2826112
        ],
        "applicable": true
      },
      {
        "kernel": "onpair_shmem_4tpt_vwidth",
        "decode_ms": 6.639616,
        "decode_gib_s": 140.26753504402447,
        "decode_ns_iters": [
          6691840,
          6680576,
          6647808,
          6639616,
          6669312,
          6797312,
          6797312,
          6796288,
          6804480,
          6794240,
          6788928,
          6797312,
          6801312,
          6793184,
          6795264,
          6789120,
          6796288,
          6793216,
          6790144,
          6799360,
          6797152,
          6797312,
          6797312,
          6788160,
          6791168,
          6792192,
          6798336,
          6801440,
          6795264,
          6792192
        ],
        "applicable": true
      },
      {
        "kernel": "onpair_shmem_4tpt_vwidth_b128",
        "decode_ms": 13.00992,
        "decode_gib_s": 71.58557239082683,
        "decode_ns_iters": [
          13419520,
          13324289,
          13268992,
          13207552,
          13206528,
          13166592,
          13112320,
          13104128,
          13106177,
          13110464,
          13108224,
          13075456,
          13015040,
          13093888,
          13064192,
          13010944,
          13077504,
          13074367,
          13015904,
          13096000,
          13071360,
          13010881,
          13091840,
          13090815,
          13017984,
          13101056,
          13072320,
          13009920,
          13090815,
          13089792
        ],
        "applicable": true
      },
      {
        "kernel": "onpair_shmem_4tpt_vwidth4",
        "decode_ms": 3.487744,
        "decode_gib_s": 267.0272158618481,
        "decode_ns_iters": [
          3489792,
          3493888,
          3489792,
          3489632,
          3488768,
          3491840,
          3487744,
          3509248,
          3531776,
          3531616,
          3549184,
          3533824,
          3530752,
          3576640,
          3576832,
          3574784,
          3576704,
          3576832,
          3560448,
          3553280,
          3557344,
          3554304,
          3573760,
          3561440,
          3577856,
          3577856,
          3576000,
          3577856,
          3576832,
          3576832
        ],
        "applicable": true
      },
      {
        "kernel": "onpair_shmem_4tpt_vwidth4_b128",
        "decode_ms": 3.806208,
        "decode_gib_s": 244.68514856751543,
        "decode_ns_iters": [
          3832832,
          3836928,
          3833856,
          3834880,
          3835904,
          3834880,
          3835904,
          3836928,
          3854336,
          3836928,
          3836928,
          3835904,
          3834880,
          3835904,
          3834880,
          3831808,
          3823616,
          3806208,
          3808256,
          3807392,
          3808160,
          3816448,
          3835904,
          3833856,
          3836928,
          3836928,
          3860384,
          3889152,
          3891200,
          3891104
        ],
        "applicable": true
      },
      {
        "kernel": "onpair_shmem_4tpt_shdict8",
        "decode_ms": 4.071424,
        "decode_gib_s": 228.74615121364553,
        "decode_ns_iters": [
          4142080,
          4147200,
          4159488,
          4139008,
          4105216,
          4114432,
          4111360,
          4114432,
          4090720,
          4092928,
          4081792,
          4097024,
          4079616,
          4092928,
          4071424,
          4081632,
          4096000,
          4100096,
          4083648,
          4082688,
          4099072,
          4080640,
          4101024,
          4092928,
          4084736,
          4087808,
          4080640,
          4080640,
          4071424,
          4087872
        ],
        "applicable": true
      },
      {
        "kernel": "onpair_shmem_4tpt_ablate",
        "decode_ms": 2.92864,
        "decode_gib_s": 318.0051388900191,
        "decode_ns_iters": [
          2931680,
          2933888,
          2931712,
          2928640,
          2932736,
          2934624,
          2942016,
          2948096,
          2951168,
          2949120,
          2947072,
          2948096,
          2959360,
          2988032,
          2983936,
          2984960,
          2985888,
          2984960,
          2985984,
          2984800,
          2985984,
          2983936,
          2984896,
          2987008,
          2985984,
          3000320,
          3006464,
          3008512,
          3006464,
          3007392
        ],
        "applicable": true
      },
      {
        "kernel": "onpair_shmem_4tpt_ablate_nogather",
        "decode_ms": 2.299904,
        "decode_gib_s": 404.9397583372461,
        "decode_ns_iters": [
          2322432,
          2318336,
          2309120,
          2320384,
          2307072,
          2324480,
          2327488,
          2331648,
          2322432,
          2308096,
          2322432,
          2311168,
          2317312,
          2310240,
          2318336,
          2333696,
          2327552,
          2324608,
          2324480,
          2316448,
          2322240,
          2325504,
          2308096,
          2306048,
          2319360,
          2299904,
          2312192,
          2317312,
          2311136,
          2301952
        ],
        "applicable": true
      },
      {
        "kernel": "onpair_shmem_4tpt_ablate_noemit",
        "decode_ms": 2.321408,
        "decode_gib_s": 401.1886622079641,
        "decode_ns_iters": [
          2340864,
          2357120,
          2328416,
          2343936,
          2331648,
          2337792,
          2340864,
          2342912,
          2340864,
          2336768,
          2342912,
          2324576,
          2333696,
          2343936,
          2349056,
          2329472,
          2330656,
          2342752,
          2342912,
          2332672,
          2330624,
          2338816,
          2338624,
          2346912,
          2321408,
          2329696,
          2328576,
          2348032,
          2322432,
          2339840
        ],
        "applicable": true
      },
      {
        "kernel": "onpair_shmem_4tpt_ablate_nodrain",
        "decode_ms": 2.748352,
        "decode_gib_s": 338.86582575989746,
        "decode_ns_iters": [
          2751456,
          2751456,
          2751488,
          2752512,
          2768064,
          2769024,
          2750464,
          2751488,
          2754560,
          2751488,
          2752448,
          2749600,
          2750464,
          2751488,
          2752448,
          2748416,
          2753472,
          2751488,
          2748576,
          2768896,
          2748352,
          2752512,
          2749440,
          2750464,
          2748416,
          2750464,
          2749472,
          2750624,
          2750464,
          2750464
        ],
        "applicable": true
      },
      {
        "kernel": "onpair_shmem_4tpt_ablate_noscan",
        "decode_ms": 3.340288,
        "decode_gib_s": 278.81505126470097,
        "decode_ns_iters": [
          3346432,
          3347456,
          3344384,
          3345408,
          3343232,
          3350528,
          3344384,
          3346432,
          3350528,
          3343360,
          3357696,
          3345408,
          3345408,
          3342336,
          3343360,
          3348480,
          3340288,
          3344384,
          3342336,
          3346432,
          3347456,
          3345408,
          3352544,
          3342336,
          3348480,
          3349504,
          3342336,
          3360704,
          3344384,
          3342336
        ],
        "applicable": true
      },
      {
        "kernel": "onpair_shmem_4tpt_ablate_cfree",
        "decode_ms": 2.972608,
        "decode_gib_s": 313.3015082913272,
        "decode_ns_iters": [
          2975744,
          2972608,
          2977600,
          2976576,
          2974720,
          2977760,
          2974720,
          2975744,
          2975744,
          3006464,
          3017728,
          3016704,
          3018752,
          3018752,
          3016704,
          3039232,
          3060736,
          3059712,
          3059712,
          3079168,
          3056832,
          3046400,
          3018560,
          3016768,
          3017760,
          3018720,
          3018752,
          3016704,
          3016704,
          3018560
        ],
        "applicable": true
      },
      {
        "kernel": "onpair_shmem_s8",
        "decode_ms": 0.0,
        "decode_gib_s": 0.0,
        "applicable": false,
        "reason": "dictionary entry longer than 8 bytes"
      },
      {
        "kernel": "onpair_shmem_s8_2tpt",
        "decode_ms": 0.0,
        "decode_gib_s": 0.0,
        "applicable": false,
        "reason": "dictionary entry longer than 8 bytes"
      },
      {
        "kernel": "onpair_shmem_s8_4tpt",
        "decode_ms": 0.0,
        "decode_gib_s": 0.0,
        "applicable": false,
        "reason": "dictionary entry longer than 8 bytes"
      },
      {
        "kernel": "onpair_shmem_s8_8tpt",
        "decode_ms": 0.0,
        "decode_gib_s": 0.0,
        "applicable": false,
        "reason": "dictionary entry longer than 8 bytes"
      },
      {
        "kernel": "onpair_shmem_s4l1",
        "decode_ms": 0.0,
        "decode_gib_s": 0.0,
        "applicable": false,
        "reason": "dictionary entry longer than 4 bytes"
      },
      {
        "kernel": "onpair_shmem_s4l1_2tpt",
        "decode_ms": 0.0,
        "decode_gib_s": 0.0,
        "applicable": false,
        "reason": "dictionary entry longer than 4 bytes"
      },
      {
        "kernel": "onpair_shmem_s4l1_4tpt",
        "decode_ms": 0.0,
        "decode_gib_s": 0.0,
        "applicable": false,
        "reason": "dictionary entry longer than 4 bytes"
      },
      {
        "kernel": "onpair_shmem_s4l1_8tpt",
        "decode_ms": 0.0,
        "decode_gib_s": 0.0,
        "applicable": false,
        "reason": "dictionary entry longer than 4 bytes"
      },
      {
        "kernel": "onpair_shmem_s4l1_16tpt",
        "decode_ms": 0.0,
        "decode_gib_s": 0.0,
        "applicable": false,
        "reason": "dictionary entry longer than 4 bytes"
      },
      {
        "kernel": "onpair_shmem_s4l1_32tpt",
        "decode_ms": 0.0,
        "decode_gib_s": 0.0,
        "applicable": false,
        "reason": "dictionary entry longer than 4 bytes"
      },
      {
        "kernel": "onpair_shmem_const1",
        "decode_ms": 0.0,
        "decode_gib_s": 0.0,
        "applicable": false,
        "reason": "not every dictionary entry is exactly 1 byte"
      },
      {
        "kernel": "onpair_shmem_const2",
        "decode_ms": 0.0,
        "decode_gib_s": 0.0,
        "applicable": false,
        "reason": "not every dictionary entry is exactly 2 bytes"
      }
    ]
  }
}
==PROF== Disconnected from process 35182
==PROF== Report: /home/ubuntu/work/shdict_ncu_clickbench_URL_b12_onpair_shmem_4tpt.ncu-rep
