==PROF== Connected to process 38184 (/home/ubuntu/work/target/release/onpair-chunk-bench)
2026-08-13T03:16:49.534391Z  INFO vortex_cuda: vortex-cuda/src/lib.rs:111: Registering CUDA kernels
==PROF== Profiling "onpair_shmem_4tpt_split4read": 0%....50%....100% - 43 passes
==PROF== Profiling "onpair_shmem_4tpt_split4read": 0%....50%....100% - 43 passes
==PROF== Profiling "onpair_shmem_4tpt_split4read": 0%....50%....100% - 43 passes
==PROF== Profiling "onpair_shmem_4tpt_split4read": 0%....50%....100% - 43 passes
==PROF== Profiling "onpair_shmem_4tpt_split4read": 0%....50%....100% - 43 passes
==PROF== Profiling "onpair_shmem_4tpt_split4read": 0%....50%....100% - 43 passes
==PROF== Profiling "onpair_shmem_4tpt_split4read": 0%....50%....100% - 43 passes
==PROF== Profiling "onpair_shmem_4tpt_split4read": 0%....50%....100% - 43 passes
==PROF== Profiling "onpair_shmem_4tpt_split4read": 0%....50%....100% - 43 passes
==PROF== Profiling "onpair_shmem_4tpt_split4read": 0%....50%....100% - 43 passes
==PROF== Profiling "onpair_shmem_4tpt_split4read": 0%....50%....100% - 43 passes
==PROF== Profiling "onpair_shmem_4tpt_split4read": 0%....50%....100% - 43 passes
==PROF== Profiling "onpair_shmem_4tpt_split4read": 0%....50%....100% - 43 passes
==PROF== Profiling "onpair_shmem_4tpt_split4read": 0%....50%....100% - 43 passes
==PROF== Profiling "onpair_shmem_4tpt_split4read": 0%....50%....100% - 43 passes
==PROF== Profiling "onpair_shmem_4tpt_split4read": 0%....50%....100% - 43 passes
{
  "files": [
    "/home/ubuntu/work/vortex-bench/data/onpair-bench/clickbench/MobilePhoneModel/bits12_chunk1000mb_thr0.20/part_0000.vortex"
  ],
  "column": "MobilePhoneModel",
  "rows": 99997497,
  "in_memory_bytes": 32271717,
  "dict_bytes": 2243,
  "gpu": {
    "iterations": 30,
    "decoded_bytes": 23280516,
    "chunks": 1,
    "auto_kernel": "onpair_shmem_4tpt_split8read",
    "frac_le8": 0.99069935,
    "dict_mean_len": 4.183077,
    "dict_max_len": 16,
    "dict_entries_max": 688,
    "small_dict": true,
    "distinct_codes": 212,
    "access_top4096_frac": 1.0,
    "compressed_bytes": 11133757,
    "h2d_gib_s": 20.000941644332617,
    "whole_decompress_gib_s": 36.4256061310101,
    "best_kernel": "onpair_shmem_4tpt_split8read_b128o12",
    "auto_decode_ms": 0.0768,
    "best_decode_ms": 0.075776,
    "validated": false,
    "auto_decode_gib_s": 282.3134127538651,
    "best_decode_gib_s": 286.1284588721606,
    "kernels": [
      {
        "kernel": "onpair_shmem",
        "decode_ms": 0.089088,
        "decode_gib_s": 243.3736316843665,
        "decode_ns_iters": [
          90112,
          94208,
          90048,
          90112,
          90080,
          90112,
          94176,
          90112,
          90112,
          90112,
          90112,
          93024,
          90112,
          91136,
          90112,
          98176,
          94112,
          90112,
          90048,
          90112,
          90112,
          104448,
          90112,
          89088,
          90112,
          90112,
          102400,
          90112,
          90112,
          91136
        ],
        "applicable": true
      },
      {
        "kernel": "onpair_shmem_2tpt",
        "decode_ms": 0.084992,
        "decode_gib_s": 255.102481404095,
        "decode_ns_iters": [
          85984,
          86016,
          89088,
          89088,
          86016,
          86016,
          85824,
          86016,
          89088,
          87040,
          86144,
          86016,
          88064,
          102272,
          84992,
          86016,
          84992,
          86016,
          93120,
          87040,
          87040,
          86144,
          86016,
          89088,
          89088,
          86016,
          86016,
          86976,
          86016,
          89088
        ],
        "applicable": true
      },
      {
        "kernel": "onpair_shmem_4tpt",
        "decode_ms": 0.083968,
        "decode_gib_s": 258.2134872748766,
        "decode_ns_iters": [
          88928,
          90112,
          84992,
          84992,
          85184,
          88096,
          84992,
          84992,
          84992,
          84064,
          103360,
          84992,
          84832,
          83968,
          84832,
          91136,
          88064,
          84096,
          84992,
          84992,
          84928,
          88064,
          84992,
          84032,
          83968,
          83968,
          88064,
          84992,
          84928,
          84992
        ],
        "applicable": true
      },
      {
        "kernel": "onpair_shmem_4tpt_wpb8",
        "decode_ms": 0.083968,
        "decode_gib_s": 258.2134872748766,
        "decode_ns_iters": [
          87040,
          101376,
          86944,
          86016,
          86016,
          86016,
          103424,
          86016,
          86016,
          84992,
          83968,
          90112,
          89088,
          84896,
          84992,
          83968,
          84992,
          89056,
          84992,
          84992,
          84992,
          84992,
          88192,
          84992,
          84864,
          84992,
          93152,
          89088,
          84992,
          84992
        ],
        "applicable": true
      },
      {
        "kernel": "onpair_shmem_4tpt_wpb8_occ",
        "decode_ms": 0.082944,
        "decode_gib_s": 261.4013081054307,
        "decode_ns_iters": [
          84992,
          83968,
          83968,
          83968,
          87040,
          83968,
          84992,
          82944,
          83904,
          87040,
          83968,
          82944,
          83968,
          93184,
          87040,
          83968,
          83968,
          83968,
          82944,
          86016,
          83808,
          83968,
          82944,
          82944,
          98304,
          83072,
          82944,
          83808,
          83904,
          82944
        ],
        "applicable": true
      },
      {
        "kernel": "onpair_shmem_4tpt_b128",
        "decode_ms": 0.082848,
        "decode_gib_s": 261.7042064925748,
        "decode_ns_iters": [
          92160,
          87168,
          82944,
          82944,
          83936,
          83968,
          87008,
          86016,
          82944,
          82944,
          82944,
          98304,
          82944,
          83904,
          82944,
          82944,
          82944,
          86016,
          82944,
          83968,
          83968,
          86016,
          86016,
          82848,
          82944,
          82944,
          82944,
          86016,
          82944,
          82944
        ],
        "applicable": true
      },
      {
        "kernel": "onpair_shmem_4tpt_o6",
        "decode_ms": 0.082944,
        "decode_gib_s": 261.4013081054307,
        "decode_ns_iters": [
          84064,
          83968,
          82944,
          92192,
          83968,
          83968,
          83872,
          83968,
          87040,
          86016,
          83808,
          82944,
          83968,
          83776,
          87040,
          83968,
          83968,
          83968,
          82944,
          87040,
          82944,
          83968,
          83968,
          84960,
          98304,
          83968,
          83968,
          82944,
          83968,
          98304
        ],
        "applicable": true
      },
      {
        "kernel": "onpair_shmem_4tpt_b512o3",
        "decode_ms": 0.083968,
        "decode_gib_s": 258.2134872748766,
        "decode_ns_iters": [
          83968,
          88064,
          84992,
          84992,
          86016,
          83968,
          87936,
          87040,
          84992,
          83968,
          83968,
          99328,
          84992,
          84864,
          83968,
          84832,
          100352,
          84992,
          83968,
          83968,
          84992,
          83968,
          87040,
          83968,
          84960,
          84992,
          84992,
          87040,
          84992,
          83968
        ],
        "applicable": true
      },
      {
        "kernel": "onpair_shmem_4tpt_b128o12",
        "decode_ms": 0.082944,
        "decode_gib_s": 261.4013081054307,
        "decode_ns_iters": [
          83968,
          82944,
          83104,
          100352,
          83968,
          84000,
          84992,
          84128,
          90112,
          86016,
          82944,
          82944,
          83968,
          83968,
          87040,
          82944,
          82944,
          83968,
          82944,
          86016,
          82944,
          82944,
          82944,
          90944,
          87040,
          83936,
          82944,
          82944,
          83808,
          98304
        ],
        "applicable": true
      },
      {
        "kernel": "onpair_shmem_4tpt_b64",
        "decode_ms": 0.082944,
        "decode_gib_s": 261.4013081054307,
        "decode_ns_iters": [
          82944,
          86912,
          83840,
          83968,
          83040,
          82944,
          87040,
          82944,
          84896,
          84992,
          95232,
          86144,
          82944,
          83040,
          83808,
          83936,
          97280,
          82944,
          82944,
          82944,
          82944,
          97280,
          84992,
          83968,
          83104,
          82944,
          82944,
          86016,
          82944,
          82944
        ],
        "applicable": true
      },
      {
        "kernel": "onpair_shmem_4tpt_b64o24",
        "decode_ms": 0.082944,
        "decode_gib_s": 261.4013081054307,
        "decode_ns_iters": [
          83968,
          83968,
          82944,
          86016,
          83968,
          82944,
          82944,
          84992,
          101376,
          83968,
          82944,
          83968,
          82944,
          92224,
          84992,
          83840,
          83968,
          83968,
          87040,
          86912,
          83968,
          83968,
          82944,
          83968,
          86112,
          82944,
          82944,
          82944,
          82944,
          86112
        ],
        "applicable": true
      },
      {
        "kernel": "onpair_shmem_4tpt_split8read_b128o12",
        "decode_ms": 0.075776,
        "decode_gib_s": 286.1284588721606,
        "decode_ns_iters": [
          80896,
          77696,
          78848,
          76736,
          87040,
          80000,
          76800,
          76672,
          77824,
          76864,
          81728,
          76800,
          78848,
          78848,
          76800,
          80896,
          76800,
          76800,
          75776,
          77824,
          80064,
          76992,
          75904,
          76800,
          79872,
          79872,
          77632,
          76800,
          76800,
          76800
        ],
        "applicable": true
      },
      {
        "kernel": "onpair_shmem_4tpt_split8read_occ",
        "decode_ms": 0.075776,
        "decode_gib_s": 286.1284588721606,
        "decode_ns_iters": [
          76800,
          80896,
          76800,
          76704,
          76800,
          75776,
          79872,
          76800,
          76800,
          78848,
          92352,
          78848,
          76800,
          75776,
          75776,
          90112,
          78848,
          76704,
          75776,
          76800,
          92160,
          78848,
          75776,
          76768,
          75776,
          92064,
          76800,
          76800,
          76800,
          75776
        ],
        "applicable": true
      },
      {
        "kernel": "onpair_shmem_4tpt_split8",
        "decode_ms": 0.0768,
        "decode_gib_s": 282.3134127538651,
        "decode_ns_iters": [
          77824,
          77824,
          80832,
          77824,
          78688,
          77824,
          77984,
          80864,
          77824,
          77952,
          78816,
          77824,
          81920,
          77760,
          77824,
          76800,
          77824,
          93184,
          81024,
          77824,
          77760,
          77824,
          92128,
          78784,
          77664,
          77824,
          82848,
          79744,
          81856,
          76800
        ],
        "applicable": true
      },
      {
        "kernel": "onpair_shmem_4tpt_split8_wpb8",
        "decode_ms": 0.078848,
        "decode_gib_s": 274.9805968381803,
        "decode_ns_iters": [
          79872,
          79936,
          79872,
          89088,
          82944,
          79872,
          79872,
          80896,
          80896,
          94208,
          79808,
          79872,
          79872,
          79872,
          93184,
          80896,
          79872,
          79808,
          78848,
          80768,
          82944,
          79808,
          79872,
          78848,
          90144,
          88000,
          79872,
          78848,
          79872,
          78848
        ],
        "applicable": true
      },
      {
        "kernel": "onpair_shmem_4tpt_split8_wpb8_occ",
        "decode_ms": 0.075776,
        "decode_gib_s": 286.1284588721606,
        "decode_ns_iters": [
          78720,
          94208,
          77824,
          76800,
          76800,
          76800,
          92160,
          78944,
          76800,
          76800,
          76800,
          79808,
          79872,
          76800,
          76800,
          77728,
          77760,
          80896,
          76800,
          75776,
          77792,
          76800,
          93152,
          76800,
          76864,
          76800,
          77792,
          91296,
          77824,
          76800
        ],
        "applicable": true
      },
      {
        "kernel": "onpair_shmem_4tpt_pdict",
        "decode_ms": 0.088992,
        "decode_gib_s": 243.63617066137226,
        "decode_ns_iters": [
          89088,
          90048,
          89088,
          94208,
          93184,
          89088,
          89088,
          89088,
          89088,
          92160,
          89088,
          89088,
          89088,
          89312,
          91136,
          89088,
          90112,
          89088,
          91136,
          92128,
          89088,
          89088,
          89088,
          89088,
          92160,
          90112,
          88992,
          89088,
          89088,
          92160
        ],
        "applicable": true
      },
      {
        "kernel": "onpair_shmem_4tpt_vdict",
        "decode_ms": 0.08192,
        "decode_gib_s": 264.66882445674855,
        "decode_ns_iters": [
          109568,
          83936,
          82944,
          82944,
          89088,
          100352,
          83808,
          82944,
          82944,
          82944,
          98304,
          82944,
          82848,
          82944,
          81920,
          96256,
          82944,
          82944,
          82944,
          81920,
          93184,
          82944,
          82944,
          81920,
          82944,
          95232,
          86016,
          82944,
          82944,
          82944
        ],
        "applicable": true
      },
      {
        "kernel": "onpair_shmem_4tpt_split8read",
        "decode_ms": 0.0768,
        "decode_gib_s": 282.3134127538651,
        "decode_ns_iters": [
          78848,
          77664,
          81920,
          76800,
          79680,
          78848,
          76800,
          80896,
          76800,
          77824,
          77824,
          95232,
          80896,
          77824,
          76800,
          76992,
          92160,
          77824,
          77824,
          76800,
          77696,
          93184,
          77824,
          76800,
          76864,
          76800,
          91136,
          77824,
          77824,
          76960
        ],
        "applicable": true
      },
      {
        "kernel": "onpair_shmem_4tpt_ldcs",
        "decode_ms": 0.083968,
        "decode_gib_s": 258.2134872748766,
        "decode_ns_iters": [
          84992,
          84992,
          84992,
          88064,
          85888,
          84992,
          86016,
          83968,
          88064,
          83968,
          83968,
          84992,
          86016,
          103424,
          84992,
          83968,
          84992,
          83968,
          100544,
          84896,
          84992,
          84864,
          83968,
          83968,
          88000,
          83968,
          84064,
          83968,
          83968,
          87104
        ],
        "applicable": true
      },
      {
        "kernel": "onpair_shmem_4tpt_lenbucket",
        "decode_ms": 0.0,
        "decode_gib_s": 0.0,
        "applicable": false,
        "reason": "length-bucket dict not built (set ONPAIR_DICT_REORDER=lenbucket)"
      },
      {
        "kernel": "onpair_shmem_4tpt_lenbucket_b128",
        "decode_ms": 0.0,
        "decode_gib_s": 0.0,
        "applicable": false,
        "reason": "length-bucket dict not built (set ONPAIR_DICT_REORDER=lenbucket)"
      },
      {
        "kernel": "onpair_shmem_4tpt_regcache",
        "decode_ms": 0.089088,
        "decode_gib_s": 243.3736316843665,
        "decode_ns_iters": [
          94208,
          90112,
          90112,
          89984,
          90112,
          104448,
          90112,
          89952,
          90112,
          89184,
          91296,
          91200,
          89088,
          90112,
          90112,
          90080,
          92160,
          90112,
          89088,
          90112,
          90112,
          93184,
          91168,
          89088,
          89184,
          98144,
          94208,
          90112,
          91136,
          90112
        ],
        "applicable": true
      },
      {
        "kernel": "onpair_shmem_4tpt_split4read",
        "decode_ms": 0.077824,
        "decode_gib_s": 278.59876258605107,
        "decode_ns_iters": [
          1366029263,
          1361878991,
          1359686613,
          1365111828,
          1361117244,
          1371696115,
          1358070850,
          1363261342,
          1365917444,
          1364413500,
          1366273046,
          1363141656,
          1355719686,
          1360317349,
          113664,
          148448,
          80896,
          93184,
          81920,
          78848,
          87040,
          80032,
          79872,
          81056,
          78816,
          78848,
          78816,
          77824,
          81888,
          77824
        ],
        "applicable": true
      },
      {
        "kernel": "onpair_shmem_4tpt_split4read_b128o12",
        "decode_ms": 0.0768,
        "decode_gib_s": 282.3134127538651,
        "decode_ns_iters": [
          79808,
          77824,
          77824,
          94208,
          78816,
          76800,
          78688,
          77824,
          92160,
          78848,
          77824,
          77696,
          77824,
          94208,
          77824,
          77824,
          79872,
          76928,
          93184,
          77792,
          77824,
          76800,
          83968,
          94176,
          78784,
          77824,
          77824,
          77824,
          80896,
          77824
        ],
        "applicable": true
      },
      {
        "kernel": "onpair_shmem_4tpt_cluster_dsmem",
        "decode_ms": 0.0,
        "decode_gib_s": 0.0,
        "applicable": false,
        "reason": "thread-block clusters require sm_90+ (device cc 8.x)"
      },
      {
        "kernel": "onpair_shmem_8tpt",
        "decode_ms": 0.082944,
        "decode_gib_s": 261.4013081054307,
        "decode_ns_iters": [
          83968,
          83968,
          83968,
          83968,
          99328,
          83968,
          83968,
          83968,
          83968,
          94208,
          84992,
          83968,
          83968,
          84128,
          83968,
          87040,
          83904,
          83968,
          82944,
          83968,
          87040,
          82944,
          83968,
          83968,
          83968,
          87040,
          83968,
          83968,
          83968,
          83840
        ],
        "applicable": true
      },
      {
        "kernel": "onpair_shmem_8tpt_b128",
        "decode_ms": 0.082944,
        "decode_gib_s": 261.4013081054307,
        "decode_ns_iters": [
          83040,
          98272,
          82944,
          83040,
          82944,
          82944,
          90112,
          86016,
          84992,
          83872,
          83936,
          82944,
          86976,
          83968,
          83968,
          83968,
          93184,
          87040,
          83968,
          82944,
          83968,
          82944,
          102400,
          83968,
          82944,
          82944,
          82944,
          99328,
          83968,
          82944
        ],
        "applicable": true
      },
      {
        "kernel": "onpair_shmem_4tpt_vwidth",
        "decode_ms": 0.13312,
        "decode_gib_s": 162.8731227426145,
        "decode_ns_iters": [
          136192,
          135168,
          137216,
          134144,
          134976,
          135168,
          135168,
          135168,
          135264,
          135168,
          135168,
          135168,
          134976,
          135072,
          136192,
          150368,
          135168,
          136032,
          135168,
          135168,
          133120,
          135200,
          135136,
          134144,
          135168,
          135168,
          135168,
          134144,
          134144,
          135040
        ],
        "applicable": true
      },
      {
        "kernel": "onpair_shmem_4tpt_vwidth_b128",
        "decode_ms": 0.237568,
        "decode_gib_s": 91.26511188163742,
        "decode_ns_iters": [
          240640,
          239616,
          239520,
          238784,
          239616,
          239488,
          238592,
          239616,
          238592,
          253760,
          238592,
          238592,
          239616,
          238592,
          238592,
          239616,
          239616,
          254784,
          238592,
          237568,
          239616,
          239616,
          239616,
          239456,
          238592,
          238592,
          238592,
          238592,
          256000,
          239616
        ],
        "applicable": true
      },
      {
        "kernel": "onpair_shmem_4tpt_vwidth4",
        "decode_ms": 0.088064,
        "decode_gib_s": 246.2035576341847,
        "decode_ns_iters": [
          89088,
          90112,
          103424,
          92160,
          90112,
          89088,
          89088,
          89088,
          92160,
          89088,
          89984,
          93120,
          89088,
          105472,
          89088,
          89088,
          89088,
          89088,
          101376,
          90112,
          89088,
          88064,
          89088,
          92160,
          92160,
          89088,
          89088,
          89088,
          88064,
          92160
        ],
        "applicable": true
      },
      {
        "kernel": "onpair_shmem_4tpt_vwidth4_b128",
        "decode_ms": 0.085888,
        "decode_gib_s": 252.4412036547229,
        "decode_ns_iters": [
          101376,
          89088,
          87040,
          86016,
          86016,
          92032,
          88064,
          85888,
          86880,
          86944,
          89088,
          89088,
          87040,
          86016,
          87008,
          86016,
          89088,
          87040,
          87040,
          87040,
          86016,
          90112,
          86016,
          85888,
          87040,
          86016,
          101568,
          88064,
          87040,
          86016
        ],
        "applicable": true
      },
      {
        "kernel": "onpair_shmem_4tpt_shdict8",
        "decode_ms": 0.092064,
        "decode_gib_s": 235.50649656213986,
        "decode_ns_iters": [
          93184,
          92160,
          107520,
          95232,
          93184,
          93184,
          92160,
          95232,
          92160,
          92160,
          94208,
          92256,
          96256,
          92160,
          92160,
          93152,
          95264,
          96256,
          93184,
          92160,
          93184,
          92160,
          95232,
          92160,
          93184,
          93184,
          106496,
          92160,
          93056,
          92064
        ],
        "applicable": true
      },
      {
        "kernel": "onpair_shmem_4tpt_ablate",
        "decode_ms": 0.082944,
        "decode_gib_s": 261.4013081054307,
        "decode_ns_iters": [
          84992,
          83968,
          86912,
          87040,
          83968,
          83936,
          83808,
          84832,
          87040,
          83968,
          83776,
          82944,
          83808,
          87040,
          82944,
          82944,
          83968,
          83968,
          98176,
          83968,
          82944,
          82944,
          83968,
          96256,
          86016,
          83104,
          83968,
          83968,
          83968,
          87040
        ],
        "applicable": true
      },
      {
        "kernel": "onpair_shmem_4tpt_ablate_nogather",
        "decode_ms": 0.08192,
        "decode_gib_s": 264.66882445674855,
        "decode_ns_iters": [
          98304,
          81920,
          82944,
          82944,
          81920,
          92160,
          82944,
          83840,
          82944,
          81920,
          86016,
          84992,
          83808,
          82848,
          82944,
          82944,
          85888,
          82944,
          82848,
          82816,
          81920,
          85088,
          82944,
          82944,
          83872,
          81920,
          95232,
          82944,
          81920,
          81920
        ],
        "applicable": true
      },
      {
        "kernel": "onpair_shmem_4tpt_ablate_noemit",
        "decode_ms": 0.075776,
        "decode_gib_s": 286.1284588721606,
        "decode_ns_iters": [
          76704,
          76800,
          75776,
          93184,
          76672,
          76800,
          75776,
          75776,
          93024,
          76800,
          75840,
          75776,
          76608,
          76800,
          79872,
          76960,
          76896,
          76800,
          84992,
          79872,
          75968,
          80896,
          76896,
          76768,
          79872,
          77824,
          76800,
          77824,
          77824,
          95232
        ],
        "applicable": true
      },
      {
        "kernel": "onpair_shmem_4tpt_ablate_nodrain",
        "decode_ms": 0.080896,
        "decode_gib_s": 268.0190627410112,
        "decode_ns_iters": [
          81920,
          85920,
          81920,
          80896,
          82944,
          92160,
          85920,
          81920,
          81920,
          81920,
          81920,
          95232,
          82816,
          82944,
          82944,
          81760,
          91136,
          82944,
          81920,
          81920,
          81920,
          81920,
          84992,
          82048,
          81920,
          81984,
          91136,
          85952,
          81920,
          81920
        ],
        "applicable": true
      },
      {
        "kernel": "onpair_shmem_4tpt_ablate_noscan",
        "decode_ms": 0.075776,
        "decode_gib_s": 286.1284588721606,
        "decode_ns_iters": [
          76800,
          76800,
          78848,
          77696,
          79904,
          76800,
          77824,
          76864,
          76800,
          80896,
          76864,
          77824,
          77824,
          89088,
          96256,
          76800,
          78848,
          76800,
          77664,
          90080,
          79840,
          76800,
          75776,
          77824,
          78848,
          80864,
          76800,
          77824,
          76800,
          75776
        ],
        "applicable": true
      },
      {
        "kernel": "onpair_shmem_4tpt_ablate_cfree",
        "decode_ms": 0.082944,
        "decode_gib_s": 261.4013081054307,
        "decode_ns_iters": [
          83872,
          102400,
          83936,
          82944,
          84992,
          83968,
          91136,
          86016,
          83968,
          83968,
          83104,
          83008,
          87040,
          83968,
          83776,
          82944,
          84992,
          87040,
          83968,
          82944,
          83968,
          91136,
          88064,
          83872,
          83968,
          82944,
          82944,
          98304,
          83968,
          83968
        ],
        "applicable": true
      },
      {
        "kernel": "onpair_shmem_s8",
        "decode_ms": 0.0,
        "decode_gib_s": 0.0,
        "applicable": false,
        "reason": "dictionary entry longer than 8 bytes"
      },
      {
        "kernel": "onpair_shmem_s8_2tpt",
        "decode_ms": 0.0,
        "decode_gib_s": 0.0,
        "applicable": false,
        "reason": "dictionary entry longer than 8 bytes"
      },
      {
        "kernel": "onpair_shmem_s8_4tpt",
        "decode_ms": 0.0,
        "decode_gib_s": 0.0,
        "applicable": false,
        "reason": "dictionary entry longer than 8 bytes"
      },
      {
        "kernel": "onpair_shmem_s8_8tpt",
        "decode_ms": 0.0,
        "decode_gib_s": 0.0,
        "applicable": false,
        "reason": "dictionary entry longer than 8 bytes"
      },
      {
        "kernel": "onpair_shmem_s4l1",
        "decode_ms": 0.0,
        "decode_gib_s": 0.0,
        "applicable": false,
        "reason": "dictionary entry longer than 4 bytes"
      },
      {
        "kernel": "onpair_shmem_s4l1_2tpt",
        "decode_ms": 0.0,
        "decode_gib_s": 0.0,
        "applicable": false,
        "reason": "dictionary entry longer than 4 bytes"
      },
      {
        "kernel": "onpair_shmem_s4l1_4tpt",
        "decode_ms": 0.0,
        "decode_gib_s": 0.0,
        "applicable": false,
        "reason": "dictionary entry longer than 4 bytes"
      },
      {
        "kernel": "onpair_shmem_s4l1_8tpt",
        "decode_ms": 0.0,
        "decode_gib_s": 0.0,
        "applicable": false,
        "reason": "dictionary entry longer than 4 bytes"
      },
      {
        "kernel": "onpair_shmem_s4l1_16tpt",
        "decode_ms": 0.0,
        "decode_gib_s": 0.0,
        "applicable": false,
        "reason": "dictionary entry longer than 4 bytes"
      },
      {
        "kernel": "onpair_shmem_s4l1_32tpt",
        "decode_ms": 0.0,
        "decode_gib_s": 0.0,
        "applicable": false,
        "reason": "dictionary entry longer than 4 bytes"
      },
      {
        "kernel": "onpair_shmem_const1",
        "decode_ms": 0.0,
        "decode_gib_s": 0.0,
        "applicable": false,
        "reason": "not every dictionary entry is exactly 1 byte"
      },
      {
        "kernel": "onpair_shmem_const2",
        "decode_ms": 0.0,
        "decode_gib_s": 0.0,
        "applicable": false,
        "reason": "not every dictionary entry is exactly 2 bytes"
      }
    ]
  }
}
==PROF== Disconnected from process 38184
==PROF== Report: /home/ubuntu/work/shdict_ncu_clickbench_MobilePhoneModel_b12_split4read.ncu-rep
